2025-12-12 01:56:58,145 - PaperAgentLogger - INFO - test started
2025-12-12 01:56:58,325 - PaperAgentLogger - DEBUG - Renderer obj created
2025-12-12 01:57:00,343 - PaperAgentLogger - INFO - ################## PaperArchitecture_map20x20_rho1_10Agent/K3_HS0/1765501010 - End of loop ##################  
 ####### Case0 	 Computation time:2.0166709423065186 	 Step60/60	- AllReachGoal-False

2025-12-12 01:57:00,344 - PaperAgentLogger - INFO - current rateReachGoal: 0
2025-12-12 01:57:00,414 - PaperAgentLogger - DEBUG - Renderer obj created
2025-12-12 01:57:01,698 - PaperAgentLogger - INFO - ################## PaperArchitecture_map20x20_rho1_10Agent/K3_HS0/1765501010 - End of loop ##################  
 ####### Case1 	 Computation time:1.2825682163238525 	 Step40/40	- AllReachGoal-False

2025-12-12 01:57:01,698 - PaperAgentLogger - INFO - current rateReachGoal: 0
2025-12-12 01:57:01,773 - PaperAgentLogger - DEBUG - Renderer obj created
2025-12-12 01:57:04,127 - PaperAgentLogger - INFO - ################## PaperArchitecture_map20x20_rho1_10Agent/K3_HS0/1765501010 - End of loop ##################  
 ####### Case2 	 Computation time:2.352924346923828 	 Step74/74	- AllReachGoal-False

2025-12-12 01:57:04,128 - PaperAgentLogger - INFO - current rateReachGoal: 0
2025-12-12 01:57:04,198 - PaperAgentLogger - DEBUG - Renderer obj created
2025-12-12 01:57:05,729 - PaperAgentLogger - INFO - ################## PaperArchitecture_map20x20_rho1_10Agent/K3_HS0/1765501010 - End of loop ##################  
 ####### Case3 	 Computation time:1.5300941467285156 	 Step48/48	- AllReachGoal-False

2025-12-12 01:57:05,729 - PaperAgentLogger - INFO - current rateReachGoal: 0
2025-12-12 01:57:05,803 - PaperAgentLogger - DEBUG - Renderer obj created
2025-12-12 01:57:07,720 - PaperAgentLogger - INFO - ################## PaperArchitecture_map20x20_rho1_10Agent/K3_HS0/1765501010 - End of loop ##################  
 ####### Case4 	 Computation time:1.9165432453155518 	 Step60/60	- AllReachGoal-False

2025-12-12 01:57:07,721 - PaperAgentLogger - INFO - current rateReachGoal: 0
2025-12-12 01:57:07,792 - PaperAgentLogger - DEBUG - Renderer obj created
2025-12-12 01:57:09,424 - PaperAgentLogger - INFO - ################## PaperArchitecture_map20x20_rho1_10Agent/K3_HS0/1765501010 - End of loop ##################  
 ####### Case5 	 Computation time:1.6315104961395264 	 Step50/50	- AllReachGoal-False

2025-12-12 01:57:09,425 - PaperAgentLogger - INFO - current rateReachGoal: 0
2025-12-12 01:57:09,498 - PaperAgentLogger - DEBUG - Renderer obj created
2025-12-12 01:57:51,299 - PaperAgentLogger - INFO - test started
2025-12-12 01:57:51,481 - PaperAgentLogger - DEBUG - Renderer obj created
2025-12-12 01:57:53,491 - PaperAgentLogger - INFO - ################## PaperArchitecture_map20x20_rho1_10Agent/K3_HS0/1765501064 - End of loop ##################  
 ####### Case0 	 Computation time:2.0100483894348145 	 Step60/60	- AllReachGoal-False

2025-12-12 01:57:53,492 - PaperAgentLogger - INFO - current rateReachGoal: 0
2025-12-12 01:57:53,563 - PaperAgentLogger - DEBUG - Renderer obj created
2025-12-12 01:57:54,845 - PaperAgentLogger - INFO - ################## PaperArchitecture_map20x20_rho1_10Agent/K3_HS0/1765501064 - End of loop ##################  
 ####### Case1 	 Computation time:1.2816851139068604 	 Step40/40	- AllReachGoal-False

2025-12-12 01:57:54,846 - PaperAgentLogger - INFO - current rateReachGoal: 0
2025-12-12 01:57:55,057 - PaperAgentLogger - DEBUG - Renderer obj created
2025-12-12 01:57:57,420 - PaperAgentLogger - INFO - ################## PaperArchitecture_map20x20_rho1_10Agent/K3_HS0/1765501064 - End of loop ##################  
 ####### Case2 	 Computation time:2.3616998195648193 	 Step74/74	- AllReachGoal-False

2025-12-12 01:57:57,420 - PaperAgentLogger - INFO - current rateReachGoal: 0
2025-12-12 01:57:57,497 - PaperAgentLogger - DEBUG - Renderer obj created
2025-12-12 01:57:59,039 - PaperAgentLogger - INFO - ################## PaperArchitecture_map20x20_rho1_10Agent/K3_HS0/1765501064 - End of loop ##################  
 ####### Case3 	 Computation time:1.5417709350585938 	 Step48/48	- AllReachGoal-False

2025-12-12 01:57:59,040 - PaperAgentLogger - INFO - current rateReachGoal: 0
2025-12-12 01:57:59,112 - PaperAgentLogger - DEBUG - Renderer obj created
2025-12-12 01:58:01,051 - PaperAgentLogger - INFO - ################## PaperArchitecture_map20x20_rho1_10Agent/K3_HS0/1765501064 - End of loop ##################  
 ####### Case4 	 Computation time:1.9381217956542969 	 Step60/60	- AllReachGoal-False

2025-12-12 01:58:01,052 - PaperAgentLogger - INFO - current rateReachGoal: 0
2025-12-12 01:58:01,123 - PaperAgentLogger - DEBUG - Renderer obj created
2025-12-12 01:58:02,732 - PaperAgentLogger - INFO - ################## PaperArchitecture_map20x20_rho1_10Agent/K3_HS0/1765501064 - End of loop ##################  
 ####### Case5 	 Computation time:1.6079063415527344 	 Step50/50	- AllReachGoal-False

2025-12-12 01:58:02,732 - PaperAgentLogger - INFO - current rateReachGoal: 0
2025-12-12 01:58:02,805 - PaperAgentLogger - DEBUG - Renderer obj created
2025-12-12 01:58:04,722 - PaperAgentLogger - INFO - ################## PaperArchitecture_map20x20_rho1_10Agent/K3_HS0/1765501064 - End of loop ##################  
 ####### Case6 	 Computation time:1.9157938957214355 	 Step60/60	- AllReachGoal-False

2025-12-12 01:58:04,722 - PaperAgentLogger - INFO - current rateReachGoal: 0
2025-12-12 01:58:04,796 - PaperAgentLogger - DEBUG - Renderer obj created
2025-12-12 01:58:06,529 - PaperAgentLogger - INFO - ################## PaperArchitecture_map20x20_rho1_10Agent/K3_HS0/1765501064 - End of loop ##################  
 ####### Case7 	 Computation time:1.732748031616211 	 Step54/54	- AllReachGoal-False

2025-12-12 01:58:06,530 - PaperAgentLogger - INFO - current rateReachGoal: 0
2025-12-12 02:01:30,597 - PaperAgentLogger - INFO - test started
2025-12-12 02:01:30,613 - PaperAgentLogger - DEBUG - New map
2025-12-12 02:01:32,455 - PaperAgentLogger - INFO - ################## PaperArchitecture_map20x20_rho1_10Agent/K3_HS0/1765501283 - End of loop ##################  
 ####### Case0 	 Computation time:1.8411226272583008 	 Step60/60	- AllReachGoal-False

2025-12-12 02:01:32,456 - PaperAgentLogger - INFO - current rateReachGoal: 0
2025-12-12 02:01:32,467 - PaperAgentLogger - DEBUG - New map
2025-12-12 02:01:33,657 - PaperAgentLogger - INFO - ################## PaperArchitecture_map20x20_rho1_10Agent/K3_HS0/1765501283 - End of loop ##################  
 ####### Case1 	 Computation time:1.188786506652832 	 Step40/40	- AllReachGoal-False

2025-12-12 02:01:33,658 - PaperAgentLogger - INFO - current rateReachGoal: 0
2025-12-12 02:01:33,674 - PaperAgentLogger - DEBUG - New map
2025-12-12 02:01:35,850 - PaperAgentLogger - INFO - ################## PaperArchitecture_map20x20_rho1_10Agent/K3_HS0/1765501283 - End of loop ##################  
 ####### Case2 	 Computation time:2.1756420135498047 	 Step74/74	- AllReachGoal-False

2025-12-12 02:01:35,851 - PaperAgentLogger - INFO - current rateReachGoal: 0
2025-12-12 02:01:35,863 - PaperAgentLogger - DEBUG - New map
2025-12-12 02:01:37,278 - PaperAgentLogger - INFO - ################## PaperArchitecture_map20x20_rho1_10Agent/K3_HS0/1765501283 - End of loop ##################  
 ####### Case3 	 Computation time:1.4141151905059814 	 Step48/48	- AllReachGoal-False

2025-12-12 02:01:37,279 - PaperAgentLogger - INFO - current rateReachGoal: 0
2025-12-12 02:01:37,293 - PaperAgentLogger - DEBUG - New map
2025-12-12 02:01:39,052 - PaperAgentLogger - INFO - ################## PaperArchitecture_map20x20_rho1_10Agent/K3_HS0/1765501283 - End of loop ##################  
 ####### Case4 	 Computation time:1.7587189674377441 	 Step60/60	- AllReachGoal-False

2025-12-12 02:01:39,053 - PaperAgentLogger - INFO - current rateReachGoal: 0
2025-12-12 02:01:39,066 - PaperAgentLogger - DEBUG - New map
2025-12-12 02:01:40,541 - PaperAgentLogger - INFO - ################## PaperArchitecture_map20x20_rho1_10Agent/K3_HS0/1765501283 - End of loop ##################  
 ####### Case5 	 Computation time:1.47523832321167 	 Step50/50	- AllReachGoal-False

2025-12-12 02:01:40,542 - PaperAgentLogger - INFO - current rateReachGoal: 0
2025-12-12 02:01:40,556 - PaperAgentLogger - DEBUG - New map
2025-12-12 02:01:42,326 - PaperAgentLogger - INFO - ################## PaperArchitecture_map20x20_rho1_10Agent/K3_HS0/1765501283 - End of loop ##################  
 ####### Case6 	 Computation time:1.7688448429107666 	 Step60/60	- AllReachGoal-False

2025-12-12 02:01:42,326 - PaperAgentLogger - INFO - current rateReachGoal: 0
2025-12-12 02:01:42,340 - PaperAgentLogger - DEBUG - New map
2025-12-12 02:03:49,776 - PaperAgentLogger - DEBUG - Renderer initializing...
2025-12-12 02:03:49,881 - PaperAgentLogger - DEBUG - Pygame initialized
2025-12-12 02:03:50,057 - PaperAgentLogger - DEBUG - Window set mode: <Surface(800x600x32 SW)>
2025-12-12 02:03:50,069 - PaperAgentLogger - DEBUG - Renderer initialized successfully
2025-12-12 02:03:57,166 - PaperAgentLogger - INFO - test started
2025-12-12 02:03:57,182 - PaperAgentLogger - DEBUG - New map
2025-12-12 02:04:58,693 - PaperAgentLogger - DEBUG - Renderer initializing...
2025-12-12 02:04:58,795 - PaperAgentLogger - DEBUG - Pygame initialized
2025-12-12 02:04:58,833 - PaperAgentLogger - DEBUG - Window set mode: <Surface(800x600x32 SW)>
2025-12-12 02:04:58,845 - PaperAgentLogger - DEBUG - Renderer initialized successfully
2025-12-12 02:05:05,985 - PaperAgentLogger - INFO - test started
2025-12-12 02:05:06,001 - PaperAgentLogger - DEBUG - New map
2025-12-12 02:05:06,100 - PaperAgentLogger - DEBUG - render() called
2025-12-12 02:05:06,135 - PaperAgentLogger - DEBUG - render() called
2025-12-12 02:05:06,166 - PaperAgentLogger - DEBUG - render() called
2025-12-12 02:05:06,197 - PaperAgentLogger - DEBUG - render() called
2025-12-12 02:05:06,228 - PaperAgentLogger - DEBUG - render() called
2025-12-12 02:05:06,260 - PaperAgentLogger - DEBUG - render() called
2025-12-12 02:05:06,290 - PaperAgentLogger - DEBUG - render() called
2025-12-12 02:05:06,322 - PaperAgentLogger - DEBUG - render() called
2025-12-12 02:05:06,353 - PaperAgentLogger - DEBUG - render() called
2025-12-12 02:05:53,068 - PaperAgentLogger - DEBUG - Renderer initializing...
2025-12-12 02:05:53,172 - PaperAgentLogger - DEBUG - Pygame initialized
2025-12-12 02:05:53,173 - PaperAgentLogger - DEBUG - DISPLAY env: None
2025-12-12 02:05:53,173 - PaperAgentLogger - DEBUG - SDL Driver: offscreen
2025-12-12 02:05:53,348 - PaperAgentLogger - DEBUG - Window set mode: <Surface(800x600x32 SW)>
2025-12-12 02:05:53,360 - PaperAgentLogger - DEBUG - Renderer initialized successfully
2025-12-12 02:06:00,465 - PaperAgentLogger - INFO - test started
2025-12-12 02:06:00,481 - PaperAgentLogger - DEBUG - New map
2025-12-12 02:09:10,114 - PaperAgentLogger - INFO - test started
2025-12-12 02:09:10,130 - PaperAgentLogger - DEBUG - New map
2025-12-12 02:09:11,985 - PaperAgentLogger - INFO - ################## PaperArchitecture_map20x20_rho1_10Agent/K3_HS0/1765501742 - End of loop ##################  
 ####### Case0 	 Computation time:1.8543307781219482 	 Step60/60	- AllReachGoal-False

2025-12-12 02:09:11,985 - PaperAgentLogger - INFO - current rateReachGoal: 0
2025-12-12 02:09:11,997 - PaperAgentLogger - DEBUG - New map
2025-12-12 02:09:13,180 - PaperAgentLogger - INFO - ################## PaperArchitecture_map20x20_rho1_10Agent/K3_HS0/1765501742 - End of loop ##################  
 ####### Case1 	 Computation time:1.1823630332946777 	 Step40/40	- AllReachGoal-False

2025-12-12 02:09:13,180 - PaperAgentLogger - INFO - current rateReachGoal: 0
2025-12-12 02:09:13,197 - PaperAgentLogger - DEBUG - New map
2025-12-12 02:09:15,412 - PaperAgentLogger - INFO - ################## PaperArchitecture_map20x20_rho1_10Agent/K3_HS0/1765501742 - End of loop ##################  
 ####### Case2 	 Computation time:2.214986562728882 	 Step74/74	- AllReachGoal-False

2025-12-12 02:09:15,435 - PaperAgentLogger - INFO - current rateReachGoal: 0
2025-12-12 02:09:15,448 - PaperAgentLogger - DEBUG - New map
2025-12-12 02:09:16,865 - PaperAgentLogger - INFO - ################## PaperArchitecture_map20x20_rho1_10Agent/K3_HS0/1765501742 - End of loop ##################  
 ####### Case3 	 Computation time:1.4173500537872314 	 Step48/48	- AllReachGoal-False

2025-12-12 02:09:16,866 - PaperAgentLogger - INFO - current rateReachGoal: 0
2025-12-12 02:09:16,880 - PaperAgentLogger - DEBUG - New map
2025-12-12 02:09:18,649 - PaperAgentLogger - INFO - ################## PaperArchitecture_map20x20_rho1_10Agent/K3_HS0/1765501742 - End of loop ##################  
 ####### Case4 	 Computation time:1.7677288055419922 	 Step60/60	- AllReachGoal-False

2025-12-12 02:09:18,649 - PaperAgentLogger - INFO - current rateReachGoal: 0
2025-12-12 02:09:18,663 - PaperAgentLogger - DEBUG - New map
2025-12-12 02:09:20,138 - PaperAgentLogger - INFO - ################## PaperArchitecture_map20x20_rho1_10Agent/K3_HS0/1765501742 - End of loop ##################  
 ####### Case5 	 Computation time:1.474562406539917 	 Step50/50	- AllReachGoal-False

2025-12-12 02:09:20,139 - PaperAgentLogger - INFO - current rateReachGoal: 0
2025-12-12 02:09:20,153 - PaperAgentLogger - DEBUG - New map
2025-12-12 02:09:21,916 - PaperAgentLogger - INFO - ################## PaperArchitecture_map20x20_rho1_10Agent/K3_HS0/1765501742 - End of loop ##################  
 ####### Case6 	 Computation time:1.7627792358398438 	 Step60/60	- AllReachGoal-False

2025-12-12 02:09:21,917 - PaperAgentLogger - INFO - current rateReachGoal: 0
2025-12-12 02:09:21,930 - PaperAgentLogger - DEBUG - New map
2025-12-12 02:09:23,516 - PaperAgentLogger - INFO - ################## PaperArchitecture_map20x20_rho1_10Agent/K3_HS0/1765501742 - End of loop ##################  
 ####### Case7 	 Computation time:1.585172176361084 	 Step54/54	- AllReachGoal-False

2025-12-12 02:09:23,517 - PaperAgentLogger - INFO - current rateReachGoal: 0
2025-12-12 02:09:23,530 - PaperAgentLogger - DEBUG - New map
2025-12-12 02:09:24,952 - PaperAgentLogger - INFO - ################## PaperArchitecture_map20x20_rho1_10Agent/K3_HS0/1765501742 - End of loop ##################  
 ####### Case8 	 Computation time:1.4215421676635742 	 Step48/48	- AllReachGoal-False

2025-12-12 02:09:24,953 - PaperAgentLogger - INFO - current rateReachGoal: 0
2025-12-12 02:09:24,966 - PaperAgentLogger - DEBUG - New map
2025-12-12 02:09:26,617 - PaperAgentLogger - INFO - ################## PaperArchitecture_map20x20_rho1_10Agent/K3_HS0/1765501742 - End of loop ##################  
 ####### Case9 	 Computation time:1.6504757404327393 	 Step56/56	- AllReachGoal-False

2025-12-12 02:09:26,618 - PaperAgentLogger - INFO - current rateReachGoal: 0
2025-12-12 02:09:26,631 - PaperAgentLogger - DEBUG - New map
2025-12-12 02:10:17,168 - PaperAgentLogger - INFO - test started
2025-12-12 02:10:17,185 - PaperAgentLogger - DEBUG - New map
2025-12-12 02:10:19,200 - PaperAgentLogger - INFO - ################## PaperArchitecture_map20x20_rho1_10Agent/K3_HS0/1765501809 - End of loop ##################  
 ####### Case0 	 Computation time:2.014277696609497 	 Step60/60	- AllReachGoal-False

2025-12-12 02:10:19,201 - PaperAgentLogger - INFO - current rateReachGoal: 0
2025-12-12 02:10:19,213 - PaperAgentLogger - DEBUG - New map
2025-12-12 02:10:20,504 - PaperAgentLogger - INFO - ################## PaperArchitecture_map20x20_rho1_10Agent/K3_HS0/1765501809 - End of loop ##################  
 ####### Case1 	 Computation time:1.29093337059021 	 Step40/40	- AllReachGoal-False

2025-12-12 02:10:20,505 - PaperAgentLogger - INFO - current rateReachGoal: 0
2025-12-12 02:10:20,524 - PaperAgentLogger - DEBUG - New map
2025-12-12 02:10:23,006 - PaperAgentLogger - INFO - ################## PaperArchitecture_map20x20_rho1_10Agent/K3_HS0/1765501809 - End of loop ##################  
 ####### Case2 	 Computation time:2.4809460639953613 	 Step74/74	- AllReachGoal-False

2025-12-12 02:10:23,007 - PaperAgentLogger - INFO - current rateReachGoal: 0
2025-12-12 02:10:23,020 - PaperAgentLogger - DEBUG - New map
2025-12-12 02:10:24,633 - PaperAgentLogger - INFO - ################## PaperArchitecture_map20x20_rho1_10Agent/K3_HS0/1765501809 - End of loop ##################  
 ####### Case3 	 Computation time:1.6122543811798096 	 Step48/48	- AllReachGoal-False

2025-12-12 02:10:24,633 - PaperAgentLogger - INFO - current rateReachGoal: 0
2025-12-12 02:10:24,648 - PaperAgentLogger - DEBUG - New map
2025-12-12 02:10:26,565 - PaperAgentLogger - INFO - ################## PaperArchitecture_map20x20_rho1_10Agent/K3_HS0/1765501809 - End of loop ##################  
 ####### Case4 	 Computation time:1.915858507156372 	 Step60/60	- AllReachGoal-False

2025-12-12 02:10:26,566 - PaperAgentLogger - INFO - current rateReachGoal: 0
2025-12-12 02:10:26,579 - PaperAgentLogger - DEBUG - New map
2025-12-12 02:10:28,182 - PaperAgentLogger - INFO - ################## PaperArchitecture_map20x20_rho1_10Agent/K3_HS0/1765501809 - End of loop ##################  
 ####### Case5 	 Computation time:1.6022939682006836 	 Step50/50	- AllReachGoal-False

2025-12-12 02:10:28,183 - PaperAgentLogger - INFO - current rateReachGoal: 0
2025-12-12 02:10:28,197 - PaperAgentLogger - DEBUG - New map
2025-12-12 02:10:30,115 - PaperAgentLogger - INFO - ################## PaperArchitecture_map20x20_rho1_10Agent/K3_HS0/1765501809 - End of loop ##################  
 ####### Case6 	 Computation time:1.9164981842041016 	 Step60/60	- AllReachGoal-False

2025-12-12 02:10:30,115 - PaperAgentLogger - INFO - current rateReachGoal: 0
2025-12-12 02:10:30,129 - PaperAgentLogger - DEBUG - New map
2025-12-12 02:35:27,472 - PaperAgentLogger - INFO - test started
2025-12-12 02:35:27,606 - PaperAgentLogger - DEBUG - New map
2025-12-12 02:35:30,118 - PaperAgentLogger - INFO - ################## PaperArchitecture_map20x20_rho1_10Agent/K3_HS0/0 - End of loop ##################  
 ####### Case0 	 Computation time:2.51143741607666 	 Step60/60	- AllReachGoal-False

2025-12-12 02:35:30,119 - PaperAgentLogger - INFO - current rateReachGoal: 0
2025-12-12 02:35:30,147 - PaperAgentLogger - DEBUG - New map
2025-12-12 02:35:31,343 - PaperAgentLogger - INFO - ################## PaperArchitecture_map20x20_rho1_10Agent/K3_HS0/0 - End of loop ##################  
 ####### Case1 	 Computation time:1.1948916912078857 	 Step40/40	- AllReachGoal-False

2025-12-12 02:35:31,343 - PaperAgentLogger - INFO - current rateReachGoal: 0
2025-12-12 02:35:31,358 - PaperAgentLogger - DEBUG - New map
2025-12-12 02:35:33,614 - PaperAgentLogger - INFO - ################## PaperArchitecture_map20x20_rho1_10Agent/K3_HS0/0 - End of loop ##################  
 ####### Case2 	 Computation time:2.2554588317871094 	 Step74/74	- AllReachGoal-False

2025-12-12 02:35:33,615 - PaperAgentLogger - INFO - current rateReachGoal: 0
2025-12-12 02:35:33,627 - PaperAgentLogger - DEBUG - New map
2025-12-12 02:46:09,890 - PaperAgentLogger - INFO - test started
2025-12-12 02:46:10,130 - PaperAgentLogger - DEBUG - New map
2025-12-12 02:46:12,269 - PaperAgentLogger - INFO - ################## PaperArchitecture_map20x20_rho1_10Agent/K3_HS0/1765503544 - End of loop ##################  
 ####### Case0 	 Computation time:2.138759136199951 	 Step60/60	- AllReachGoal-False

2025-12-12 02:46:12,270 - PaperAgentLogger - INFO - current rateReachGoal: 0
2025-12-12 02:46:12,298 - PaperAgentLogger - DEBUG - New map
2025-12-12 02:46:13,537 - PaperAgentLogger - INFO - ################## PaperArchitecture_map20x20_rho1_10Agent/K3_HS0/1765503544 - End of loop ##################  
 ####### Case1 	 Computation time:1.2391529083251953 	 Step40/40	- AllReachGoal-False

2025-12-12 02:46:13,538 - PaperAgentLogger - INFO - current rateReachGoal: 0
2025-12-12 02:46:13,553 - PaperAgentLogger - DEBUG - New map
2025-12-12 02:46:15,966 - PaperAgentLogger - INFO - ################## PaperArchitecture_map20x20_rho1_10Agent/K3_HS0/1765503544 - End of loop ##################  
 ####### Case2 	 Computation time:2.4122204780578613 	 Step74/74	- AllReachGoal-False

2025-12-12 02:46:15,967 - PaperAgentLogger - INFO - current rateReachGoal: 0
2025-12-12 02:46:15,979 - PaperAgentLogger - DEBUG - New map
2025-12-12 02:46:17,552 - PaperAgentLogger - INFO - ################## PaperArchitecture_map20x20_rho1_10Agent/K3_HS0/1765503544 - End of loop ##################  
 ####### Case3 	 Computation time:1.5722246170043945 	 Step48/48	- AllReachGoal-False

2025-12-12 02:46:17,552 - PaperAgentLogger - INFO - current rateReachGoal: 0
2025-12-12 02:46:17,566 - PaperAgentLogger - DEBUG - New map
2025-12-12 02:46:19,529 - PaperAgentLogger - INFO - ################## PaperArchitecture_map20x20_rho1_10Agent/K3_HS0/1765503544 - End of loop ##################  
 ####### Case4 	 Computation time:1.963315725326538 	 Step60/60	- AllReachGoal-False

2025-12-12 02:46:19,530 - PaperAgentLogger - INFO - current rateReachGoal: 0
2025-12-12 02:46:19,546 - PaperAgentLogger - DEBUG - New map
2025-12-12 02:46:21,179 - PaperAgentLogger - INFO - ################## PaperArchitecture_map20x20_rho1_10Agent/K3_HS0/1765503544 - End of loop ##################  
 ####### Case5 	 Computation time:1.6325252056121826 	 Step50/50	- AllReachGoal-False

2025-12-12 02:46:21,180 - PaperAgentLogger - INFO - current rateReachGoal: 0
2025-12-12 02:46:21,194 - PaperAgentLogger - DEBUG - New map
2025-12-12 02:46:23,131 - PaperAgentLogger - INFO - ################## PaperArchitecture_map20x20_rho1_10Agent/K3_HS0/1765503544 - End of loop ##################  
 ####### Case6 	 Computation time:1.9373724460601807 	 Step60/60	- AllReachGoal-False

2025-12-12 02:46:23,134 - PaperAgentLogger - INFO - current rateReachGoal: 0
2025-12-12 02:46:23,147 - PaperAgentLogger - DEBUG - New map
2025-12-12 02:46:24,139 - PaperAgentLogger - INFO - ################## PaperArchitecture_map20x20_rho1_10Agent/K3_HS0/1765503544 - End of loop ##################  
 ####### Case7 	 Computation time:0.9914312362670898 	 Step32/54	- AllReachGoal-True

2025-12-12 02:46:24,139 - PaperAgentLogger - INFO - current rateReachGoal: 0
2025-12-12 02:46:24,155 - PaperAgentLogger - DEBUG - New map
2025-12-12 02:46:25,635 - PaperAgentLogger - INFO - ################## PaperArchitecture_map20x20_rho1_10Agent/K3_HS0/1765503544 - End of loop ##################  
 ####### Case8 	 Computation time:1.4796183109283447 	 Step48/48	- AllReachGoal-False

2025-12-12 02:46:25,636 - PaperAgentLogger - INFO - current rateReachGoal: 0
2025-12-12 02:46:25,652 - PaperAgentLogger - DEBUG - New map
2025-12-12 02:46:27,396 - PaperAgentLogger - INFO - ################## PaperArchitecture_map20x20_rho1_10Agent/K3_HS0/1765503544 - End of loop ##################  
 ####### Case9 	 Computation time:1.7432703971862793 	 Step56/56	- AllReachGoal-False

2025-12-12 02:46:27,397 - PaperAgentLogger - INFO - current rateReachGoal: 0
2025-12-12 02:46:27,413 - PaperAgentLogger - DEBUG - New map
2025-12-12 02:46:28,995 - PaperAgentLogger - INFO - ################## PaperArchitecture_map20x20_rho1_10Agent/K3_HS0/1765503544 - End of loop ##################  
 ####### Case10 	 Computation time:1.5814294815063477 	 Step50/50	- AllReachGoal-False

2025-12-12 02:46:28,995 - PaperAgentLogger - INFO - current rateReachGoal: 0
2025-12-12 02:46:29,009 - PaperAgentLogger - DEBUG - New map
2025-12-12 02:46:29,816 - PaperAgentLogger - INFO - ################## PaperArchitecture_map20x20_rho1_10Agent/K3_HS0/1765503544 - End of loop ##################  
 ####### Case11 	 Computation time:0.8069686889648438 	 Step26/34	- AllReachGoal-True

2025-12-12 02:46:29,817 - PaperAgentLogger - INFO - current rateReachGoal: 0
2025-12-12 02:46:29,832 - PaperAgentLogger - DEBUG - New map
2025-12-12 02:46:30,956 - PaperAgentLogger - INFO - ################## PaperArchitecture_map20x20_rho1_10Agent/K3_HS0/1765503544 - End of loop ##################  
 ####### Case12 	 Computation time:1.123767614364624 	 Step36/46	- AllReachGoal-True

2025-12-12 02:46:30,957 - PaperAgentLogger - INFO - current rateReachGoal: 0
2025-12-12 02:46:30,971 - PaperAgentLogger - DEBUG - New map
2025-12-12 02:46:32,125 - PaperAgentLogger - INFO - ################## PaperArchitecture_map20x20_rho1_10Agent/K3_HS0/1765503544 - End of loop ##################  
 ####### Case13 	 Computation time:1.1535234451293945 	 Step36/36	- AllReachGoal-False

2025-12-12 02:46:32,126 - PaperAgentLogger - INFO - current rateReachGoal: 0
2025-12-12 02:46:32,144 - PaperAgentLogger - DEBUG - New map
2025-12-12 02:46:33,133 - PaperAgentLogger - INFO - ################## PaperArchitecture_map20x20_rho1_10Agent/K3_HS0/1765503544 - End of loop ##################  
 ####### Case14 	 Computation time:0.9892401695251465 	 Step31/62	- AllReachGoal-True

2025-12-12 02:46:33,134 - PaperAgentLogger - INFO - current rateReachGoal: 0
2025-12-12 02:46:33,150 - PaperAgentLogger - DEBUG - New map
2025-12-12 02:46:34,099 - PaperAgentLogger - INFO - ################## PaperArchitecture_map20x20_rho1_10Agent/K3_HS0/1765503544 - End of loop ##################  
 ####### Case15 	 Computation time:0.9486274719238281 	 Step29/52	- AllReachGoal-True

2025-12-12 02:46:34,101 - PaperAgentLogger - INFO - current rateReachGoal: 0
2025-12-12 02:46:34,120 - PaperAgentLogger - DEBUG - New map
2025-12-12 02:46:35,169 - PaperAgentLogger - INFO - ################## PaperArchitecture_map20x20_rho1_10Agent/K3_HS0/1765503544 - End of loop ##################  
 ####### Case16 	 Computation time:1.0487370491027832 	 Step32/64	- AllReachGoal-True

2025-12-12 02:46:35,170 - PaperAgentLogger - INFO - current rateReachGoal: 0
2025-12-12 02:46:35,188 - PaperAgentLogger - DEBUG - New map
2025-12-12 02:46:36,621 - PaperAgentLogger - INFO - ################## PaperArchitecture_map20x20_rho1_10Agent/K3_HS0/1765503544 - End of loop ##################  
 ####### Case17 	 Computation time:1.4327855110168457 	 Step44/62	- AllReachGoal-True

2025-12-12 02:46:36,622 - PaperAgentLogger - INFO - current rateReachGoal: 0
2025-12-12 02:46:36,639 - PaperAgentLogger - DEBUG - New map
2025-12-12 02:46:38,436 - PaperAgentLogger - INFO - ################## PaperArchitecture_map20x20_rho1_10Agent/K3_HS0/1765503544 - End of loop ##################  
 ####### Case18 	 Computation time:1.7963995933532715 	 Step56/56	- AllReachGoal-False

2025-12-12 02:46:38,437 - PaperAgentLogger - INFO - current rateReachGoal: 0
2025-12-12 02:46:38,452 - PaperAgentLogger - DEBUG - New map
2025-12-12 02:46:39,855 - PaperAgentLogger - INFO - ################## PaperArchitecture_map20x20_rho1_10Agent/K3_HS0/1765503544 - End of loop ##################  
 ####### Case19 	 Computation time:1.4021258354187012 	 Step44/44	- AllReachGoal-False

2025-12-12 02:46:39,856 - PaperAgentLogger - INFO - current rateReachGoal: 0
2025-12-12 02:46:39,870 - PaperAgentLogger - DEBUG - New map
2025-12-12 02:46:40,636 - PaperAgentLogger - INFO - ################## PaperArchitecture_map20x20_rho1_10Agent/K3_HS0/1765503544 - End of loop ##################  
 ####### Case20 	 Computation time:0.765373945236206 	 Step24/38	- AllReachGoal-True

2025-12-12 02:46:40,636 - PaperAgentLogger - INFO - current rateReachGoal: 0
2025-12-12 02:46:40,657 - PaperAgentLogger - DEBUG - New map
2025-12-12 02:46:42,947 - PaperAgentLogger - INFO - ################## PaperArchitecture_map20x20_rho1_10Agent/K3_HS0/1765503544 - End of loop ##################  
 ####### Case21 	 Computation time:2.288773775100708 	 Step72/72	- AllReachGoal-False

2025-12-12 02:46:42,947 - PaperAgentLogger - INFO - current rateReachGoal: 0
2025-12-12 02:46:42,964 - PaperAgentLogger - DEBUG - New map
2025-12-12 02:46:43,920 - PaperAgentLogger - INFO - ################## PaperArchitecture_map20x20_rho1_10Agent/K3_HS0/1765503544 - End of loop ##################  
 ####### Case22 	 Computation time:0.9562561511993408 	 Step30/48	- AllReachGoal-True

2025-12-12 02:46:43,921 - PaperAgentLogger - INFO - current rateReachGoal: 0
2025-12-12 02:46:43,937 - PaperAgentLogger - DEBUG - New map
2025-12-12 02:46:45,391 - PaperAgentLogger - INFO - ################## PaperArchitecture_map20x20_rho1_10Agent/K3_HS0/1765503544 - End of loop ##################  
 ####### Case23 	 Computation time:1.4535644054412842 	 Step46/46	- AllReachGoal-False

2025-12-12 02:46:45,393 - PaperAgentLogger - INFO - current rateReachGoal: 0
2025-12-12 02:46:45,409 - PaperAgentLogger - DEBUG - New map
2025-12-12 02:46:46,612 - PaperAgentLogger - INFO - ################## PaperArchitecture_map20x20_rho1_10Agent/K3_HS0/1765503544 - End of loop ##################  
 ####### Case24 	 Computation time:1.2024626731872559 	 Step38/50	- AllReachGoal-True

2025-12-12 02:46:46,612 - PaperAgentLogger - INFO - current rateReachGoal: 0
2025-12-12 02:46:46,630 - PaperAgentLogger - DEBUG - New map
2025-12-12 02:46:48,395 - PaperAgentLogger - INFO - ################## PaperArchitecture_map20x20_rho1_10Agent/K3_HS0/1765503544 - End of loop ##################  
 ####### Case25 	 Computation time:1.7642717361450195 	 Step56/56	- AllReachGoal-False

2025-12-12 02:46:48,395 - PaperAgentLogger - INFO - current rateReachGoal: 0
2025-12-12 02:46:48,411 - PaperAgentLogger - DEBUG - New map
2025-12-12 02:46:49,937 - PaperAgentLogger - INFO - ################## PaperArchitecture_map20x20_rho1_10Agent/K3_HS0/1765503544 - End of loop ##################  
 ####### Case26 	 Computation time:1.5254185199737549 	 Step48/48	- AllReachGoal-False

2025-12-12 02:46:49,938 - PaperAgentLogger - INFO - current rateReachGoal: 0
2025-12-12 02:46:49,954 - PaperAgentLogger - DEBUG - New map
2025-12-12 02:46:51,601 - PaperAgentLogger - INFO - ################## PaperArchitecture_map20x20_rho1_10Agent/K3_HS0/1765503544 - End of loop ##################  
 ####### Case27 	 Computation time:1.646047830581665 	 Step52/52	- AllReachGoal-False

2025-12-12 02:46:51,601 - PaperAgentLogger - INFO - current rateReachGoal: 0
2025-12-12 02:46:51,619 - PaperAgentLogger - DEBUG - New map
2025-12-12 02:46:53,303 - PaperAgentLogger - INFO - ################## PaperArchitecture_map20x20_rho1_10Agent/K3_HS0/1765503544 - End of loop ##################  
 ####### Case28 	 Computation time:1.682887315750122 	 Step52/52	- AllReachGoal-False

2025-12-12 02:46:53,303 - PaperAgentLogger - INFO - current rateReachGoal: 0
2025-12-12 02:46:53,320 - PaperAgentLogger - DEBUG - New map
2025-12-12 02:46:54,964 - PaperAgentLogger - INFO - ################## PaperArchitecture_map20x20_rho1_10Agent/K3_HS0/1765503544 - End of loop ##################  
 ####### Case29 	 Computation time:1.6437177658081055 	 Step52/52	- AllReachGoal-False

2025-12-12 02:46:54,965 - PaperAgentLogger - INFO - current rateReachGoal: 0
2025-12-12 02:46:54,982 - PaperAgentLogger - DEBUG - New map
2025-12-12 02:46:56,822 - PaperAgentLogger - INFO - ################## PaperArchitecture_map20x20_rho1_10Agent/K3_HS0/1765503544 - End of loop ##################  
 ####### Case30 	 Computation time:1.8389716148376465 	 Step58/58	- AllReachGoal-False

2025-12-12 02:46:56,823 - PaperAgentLogger - INFO - current rateReachGoal: 0
2025-12-12 02:46:56,838 - PaperAgentLogger - DEBUG - New map
2025-12-12 02:46:58,294 - PaperAgentLogger - INFO - ################## PaperArchitecture_map20x20_rho1_10Agent/K3_HS0/1765503544 - End of loop ##################  
 ####### Case31 	 Computation time:1.4552538394927979 	 Step46/46	- AllReachGoal-False

2025-12-12 02:46:58,295 - PaperAgentLogger - INFO - current rateReachGoal: 0
2025-12-12 02:46:58,312 - PaperAgentLogger - DEBUG - New map
2025-12-12 02:47:00,029 - PaperAgentLogger - INFO - ################## PaperArchitecture_map20x20_rho1_10Agent/K3_HS0/1765503544 - End of loop ##################  
 ####### Case32 	 Computation time:1.7164630889892578 	 Step54/54	- AllReachGoal-False

2025-12-12 02:47:00,029 - PaperAgentLogger - INFO - current rateReachGoal: 0
2025-12-12 02:47:00,046 - PaperAgentLogger - DEBUG - New map
2025-12-12 02:47:01,757 - PaperAgentLogger - INFO - ################## PaperArchitecture_map20x20_rho1_10Agent/K3_HS0/1765503544 - End of loop ##################  
 ####### Case33 	 Computation time:1.7105319499969482 	 Step54/54	- AllReachGoal-False

2025-12-12 02:47:01,757 - PaperAgentLogger - INFO - current rateReachGoal: 0
2025-12-12 02:47:01,773 - PaperAgentLogger - DEBUG - New map
2025-12-12 02:47:02,666 - PaperAgentLogger - INFO - ################## PaperArchitecture_map20x20_rho1_10Agent/K3_HS0/1765503544 - End of loop ##################  
 ####### Case34 	 Computation time:0.8921940326690674 	 Step28/52	- AllReachGoal-True

2025-12-12 02:47:02,667 - PaperAgentLogger - INFO - current rateReachGoal: 0
2025-12-12 02:47:02,683 - PaperAgentLogger - DEBUG - New map
2025-12-12 02:47:03,482 - PaperAgentLogger - INFO - ################## PaperArchitecture_map20x20_rho1_10Agent/K3_HS0/1765503544 - End of loop ##################  
 ####### Case35 	 Computation time:0.7990298271179199 	 Step25/50	- AllReachGoal-True

2025-12-12 02:47:03,483 - PaperAgentLogger - INFO - current rateReachGoal: 0
2025-12-12 02:47:03,500 - PaperAgentLogger - DEBUG - New map
2025-12-12 02:47:05,338 - PaperAgentLogger - INFO - ################## PaperArchitecture_map20x20_rho1_10Agent/K3_HS0/1765503544 - End of loop ##################  
 ####### Case36 	 Computation time:1.8379855155944824 	 Step58/58	- AllReachGoal-False

2025-12-12 02:47:05,339 - PaperAgentLogger - INFO - current rateReachGoal: 0
2025-12-12 02:47:05,356 - PaperAgentLogger - DEBUG - New map
2025-12-12 02:47:07,251 - PaperAgentLogger - INFO - ################## PaperArchitecture_map20x20_rho1_10Agent/K3_HS0/1765503544 - End of loop ##################  
 ####### Case37 	 Computation time:1.8945269584655762 	 Step60/60	- AllReachGoal-False

2025-12-12 02:47:07,253 - PaperAgentLogger - INFO - current rateReachGoal: 0
2025-12-12 02:47:07,269 - PaperAgentLogger - DEBUG - New map
2025-12-12 02:47:08,164 - PaperAgentLogger - INFO - ################## PaperArchitecture_map20x20_rho1_10Agent/K3_HS0/1765503544 - End of loop ##################  
 ####### Case38 	 Computation time:0.8943135738372803 	 Step28/50	- AllReachGoal-True

2025-12-12 02:47:08,165 - PaperAgentLogger - INFO - current rateReachGoal: 0
2025-12-12 02:47:08,182 - PaperAgentLogger - DEBUG - New map
2025-12-12 02:47:09,958 - PaperAgentLogger - INFO - ################## PaperArchitecture_map20x20_rho1_10Agent/K3_HS0/1765503544 - End of loop ##################  
 ####### Case39 	 Computation time:1.776230812072754 	 Step56/56	- AllReachGoal-False

2025-12-12 02:47:09,959 - PaperAgentLogger - INFO - current rateReachGoal: 0
2025-12-12 02:47:09,975 - PaperAgentLogger - DEBUG - New map
2025-12-12 02:47:11,527 - PaperAgentLogger - INFO - ################## PaperArchitecture_map20x20_rho1_10Agent/K3_HS0/1765503544 - End of loop ##################  
 ####### Case40 	 Computation time:1.551701307296753 	 Step50/50	- AllReachGoal-False

2025-12-12 02:47:11,528 - PaperAgentLogger - INFO - current rateReachGoal: 0
2025-12-12 02:47:11,544 - PaperAgentLogger - DEBUG - New map
2025-12-12 02:47:12,329 - PaperAgentLogger - INFO - ################## PaperArchitecture_map20x20_rho1_10Agent/K3_HS0/1765503544 - End of loop ##################  
 ####### Case41 	 Computation time:0.7847402095794678 	 Step25/50	- AllReachGoal-True

2025-12-12 02:47:12,331 - PaperAgentLogger - INFO - current rateReachGoal: 0
2025-12-12 02:47:12,347 - PaperAgentLogger - DEBUG - New map
2025-12-12 02:47:13,901 - PaperAgentLogger - INFO - ################## PaperArchitecture_map20x20_rho1_10Agent/K3_HS0/1765503544 - End of loop ##################  
 ####### Case42 	 Computation time:1.5530366897583008 	 Step50/50	- AllReachGoal-False

2025-12-12 02:47:13,901 - PaperAgentLogger - INFO - current rateReachGoal: 0
2025-12-12 02:47:13,918 - PaperAgentLogger - DEBUG - New map
2025-12-12 02:47:15,650 - PaperAgentLogger - INFO - ################## PaperArchitecture_map20x20_rho1_10Agent/K3_HS0/1765503544 - End of loop ##################  
 ####### Case43 	 Computation time:1.731733798980713 	 Step56/56	- AllReachGoal-False

2025-12-12 02:47:15,651 - PaperAgentLogger - INFO - current rateReachGoal: 0
2025-12-12 02:47:15,667 - PaperAgentLogger - DEBUG - New map
2025-12-12 02:47:17,094 - PaperAgentLogger - INFO - ################## PaperArchitecture_map20x20_rho1_10Agent/K3_HS0/1765503544 - End of loop ##################  
 ####### Case44 	 Computation time:1.426661491394043 	 Step46/46	- AllReachGoal-False

2025-12-12 02:47:17,095 - PaperAgentLogger - INFO - current rateReachGoal: 0
2025-12-12 02:47:17,113 - PaperAgentLogger - DEBUG - New map
2025-12-12 02:47:19,219 - PaperAgentLogger - INFO - ################## PaperArchitecture_map20x20_rho1_10Agent/K3_HS0/1765503544 - End of loop ##################  
 ####### Case45 	 Computation time:2.1053032875061035 	 Step68/68	- AllReachGoal-False

2025-12-12 02:47:19,220 - PaperAgentLogger - INFO - current rateReachGoal: 0
2025-12-12 02:47:19,235 - PaperAgentLogger - DEBUG - New map
2025-12-12 02:47:20,497 - PaperAgentLogger - INFO - ################## PaperArchitecture_map20x20_rho1_10Agent/K3_HS0/1765503544 - End of loop ##################  
 ####### Case46 	 Computation time:1.2613906860351562 	 Step40/46	- AllReachGoal-True

2025-12-12 02:47:20,498 - PaperAgentLogger - INFO - current rateReachGoal: 0
2025-12-12 02:47:20,515 - PaperAgentLogger - DEBUG - New map
2025-12-12 02:47:22,105 - PaperAgentLogger - INFO - ################## PaperArchitecture_map20x20_rho1_10Agent/K3_HS0/1765503544 - End of loop ##################  
 ####### Case47 	 Computation time:1.5900380611419678 	 Step50/50	- AllReachGoal-False

2025-12-12 02:47:22,106 - PaperAgentLogger - INFO - current rateReachGoal: 0
2025-12-12 02:47:22,121 - PaperAgentLogger - DEBUG - New map
2025-12-12 02:47:22,878 - PaperAgentLogger - INFO - ################## PaperArchitecture_map20x20_rho1_10Agent/K3_HS0/1765503544 - End of loop ##################  
 ####### Case48 	 Computation time:0.7568137645721436 	 Step24/48	- AllReachGoal-True

2025-12-12 02:47:22,880 - PaperAgentLogger - INFO - current rateReachGoal: 0
2025-12-12 02:47:22,897 - PaperAgentLogger - DEBUG - New map
2025-12-12 02:47:24,699 - PaperAgentLogger - INFO - ################## PaperArchitecture_map20x20_rho1_10Agent/K3_HS0/1765503544 - End of loop ##################  
 ####### Case49 	 Computation time:1.8010220527648926 	 Step58/58	- AllReachGoal-False

2025-12-12 02:47:24,700 - PaperAgentLogger - INFO - current rateReachGoal: 0
2025-12-12 02:47:24,717 - PaperAgentLogger - DEBUG - New map
2025-12-12 02:47:25,697 - PaperAgentLogger - INFO - ################## PaperArchitecture_map20x20_rho1_10Agent/K3_HS0/1765503544 - End of loop ##################  
 ####### Case50 	 Computation time:0.979912281036377 	 Step31/58	- AllReachGoal-True

2025-12-12 02:47:25,698 - PaperAgentLogger - INFO - current rateReachGoal: 0
2025-12-12 02:47:25,713 - PaperAgentLogger - DEBUG - New map
2025-12-12 02:47:27,032 - PaperAgentLogger - INFO - ################## PaperArchitecture_map20x20_rho1_10Agent/K3_HS0/1765503544 - End of loop ##################  
 ####### Case51 	 Computation time:1.31892728805542 	 Step42/42	- AllReachGoal-False

2025-12-12 02:47:27,033 - PaperAgentLogger - INFO - current rateReachGoal: 0
2025-12-12 02:47:27,049 - PaperAgentLogger - DEBUG - New map
2025-12-12 02:47:28,776 - PaperAgentLogger - INFO - ################## PaperArchitecture_map20x20_rho1_10Agent/K3_HS0/1765503544 - End of loop ##################  
 ####### Case52 	 Computation time:1.7268290519714355 	 Step56/56	- AllReachGoal-False

2025-12-12 02:47:28,777 - PaperAgentLogger - INFO - current rateReachGoal: 0
2025-12-12 02:47:28,794 - PaperAgentLogger - DEBUG - New map
2025-12-12 02:47:29,702 - PaperAgentLogger - INFO - ################## PaperArchitecture_map20x20_rho1_10Agent/K3_HS0/1765503544 - End of loop ##################  
 ####### Case53 	 Computation time:0.9083898067474365 	 Step29/58	- AllReachGoal-True

2025-12-12 02:47:29,703 - PaperAgentLogger - INFO - current rateReachGoal: 0
2025-12-12 02:47:29,719 - PaperAgentLogger - DEBUG - New map
2025-12-12 02:47:30,559 - PaperAgentLogger - INFO - ################## PaperArchitecture_map20x20_rho1_10Agent/K3_HS0/1765503544 - End of loop ##################  
 ####### Case54 	 Computation time:0.839296817779541 	 Step27/54	- AllReachGoal-True

2025-12-12 02:47:30,560 - PaperAgentLogger - INFO - current rateReachGoal: 0
2025-12-12 02:47:30,576 - PaperAgentLogger - DEBUG - New map
2025-12-12 02:47:32,259 - PaperAgentLogger - INFO - ################## PaperArchitecture_map20x20_rho1_10Agent/K3_HS0/1765503544 - End of loop ##################  
 ####### Case55 	 Computation time:1.6821012496948242 	 Step54/54	- AllReachGoal-False

2025-12-12 02:47:32,259 - PaperAgentLogger - INFO - current rateReachGoal: 0
2025-12-12 02:47:32,275 - PaperAgentLogger - DEBUG - New map
2025-12-12 02:47:33,783 - PaperAgentLogger - INFO - ################## PaperArchitecture_map20x20_rho1_10Agent/K3_HS0/1765503544 - End of loop ##################  
 ####### Case56 	 Computation time:1.5069572925567627 	 Step48/48	- AllReachGoal-False

2025-12-12 02:47:33,785 - PaperAgentLogger - INFO - current rateReachGoal: 0
2025-12-12 02:47:33,802 - PaperAgentLogger - DEBUG - New map
2025-12-12 02:47:35,691 - PaperAgentLogger - INFO - ################## PaperArchitecture_map20x20_rho1_10Agent/K3_HS0/1765503544 - End of loop ##################  
 ####### Case57 	 Computation time:1.8880267143249512 	 Step60/60	- AllReachGoal-False

2025-12-12 02:47:35,691 - PaperAgentLogger - INFO - current rateReachGoal: 0
2025-12-12 02:47:35,709 - PaperAgentLogger - DEBUG - New map
2025-12-12 02:47:37,624 - PaperAgentLogger - INFO - ################## PaperArchitecture_map20x20_rho1_10Agent/K3_HS0/1765503544 - End of loop ##################  
 ####### Case58 	 Computation time:1.9149067401885986 	 Step61/64	- AllReachGoal-True

2025-12-12 02:47:37,625 - PaperAgentLogger - INFO - current rateReachGoal: 0
2025-12-12 02:47:37,640 - PaperAgentLogger - DEBUG - New map
2025-12-12 02:47:38,528 - PaperAgentLogger - INFO - ################## PaperArchitecture_map20x20_rho1_10Agent/K3_HS0/1765503544 - End of loop ##################  
 ####### Case59 	 Computation time:0.8875586986541748 	 Step28/42	- AllReachGoal-True

2025-12-12 02:47:38,529 - PaperAgentLogger - INFO - current rateReachGoal: 0
2025-12-12 02:47:38,544 - PaperAgentLogger - DEBUG - New map
2025-12-12 02:47:39,337 - PaperAgentLogger - INFO - ################## PaperArchitecture_map20x20_rho1_10Agent/K3_HS0/1765503544 - End of loop ##################  
 ####### Case60 	 Computation time:0.7927758693695068 	 Step25/44	- AllReachGoal-True

2025-12-12 02:47:39,339 - PaperAgentLogger - INFO - current rateReachGoal: 0
2025-12-12 02:47:39,356 - PaperAgentLogger - DEBUG - New map
2025-12-12 02:47:40,337 - PaperAgentLogger - INFO - ################## PaperArchitecture_map20x20_rho1_10Agent/K3_HS0/1765503544 - End of loop ##################  
 ####### Case61 	 Computation time:0.9810938835144043 	 Step31/52	- AllReachGoal-True

2025-12-12 02:47:40,338 - PaperAgentLogger - INFO - current rateReachGoal: 0
2025-12-12 02:47:40,353 - PaperAgentLogger - DEBUG - New map
2025-12-12 02:47:41,709 - PaperAgentLogger - INFO - ################## PaperArchitecture_map20x20_rho1_10Agent/K3_HS0/1765503544 - End of loop ##################  
 ####### Case62 	 Computation time:1.3564515113830566 	 Step44/44	- AllReachGoal-False

2025-12-12 02:47:41,710 - PaperAgentLogger - INFO - current rateReachGoal: 0
2025-12-12 02:47:41,725 - PaperAgentLogger - DEBUG - New map
2025-12-12 02:47:42,531 - PaperAgentLogger - INFO - ################## PaperArchitecture_map20x20_rho1_10Agent/K3_HS0/1765503544 - End of loop ##################  
 ####### Case63 	 Computation time:0.8058292865753174 	 Step26/46	- AllReachGoal-True

2025-12-12 02:47:42,532 - PaperAgentLogger - INFO - current rateReachGoal: 0
2025-12-12 02:47:42,549 - PaperAgentLogger - DEBUG - New map
2025-12-12 02:47:43,623 - PaperAgentLogger - INFO - ################## PaperArchitecture_map20x20_rho1_10Agent/K3_HS0/1765503544 - End of loop ##################  
 ####### Case64 	 Computation time:1.0732026100158691 	 Step35/62	- AllReachGoal-True

2025-12-12 02:47:43,624 - PaperAgentLogger - INFO - current rateReachGoal: 0
2025-12-12 02:47:43,638 - PaperAgentLogger - DEBUG - New map
2025-12-12 02:47:44,442 - PaperAgentLogger - INFO - ################## PaperArchitecture_map20x20_rho1_10Agent/K3_HS0/1765503544 - End of loop ##################  
 ####### Case65 	 Computation time:0.803133487701416 	 Step26/42	- AllReachGoal-True

2025-12-12 02:47:44,444 - PaperAgentLogger - INFO - current rateReachGoal: 0
2025-12-12 02:47:44,460 - PaperAgentLogger - DEBUG - New map
2025-12-12 02:47:45,753 - PaperAgentLogger - INFO - ################## PaperArchitecture_map20x20_rho1_10Agent/K3_HS0/1765503544 - End of loop ##################  
 ####### Case66 	 Computation time:1.2927744388580322 	 Step42/50	- AllReachGoal-True

2025-12-12 02:47:45,754 - PaperAgentLogger - INFO - current rateReachGoal: 0
2025-12-12 02:47:45,770 - PaperAgentLogger - DEBUG - New map
2025-12-12 02:47:46,574 - PaperAgentLogger - INFO - ################## PaperArchitecture_map20x20_rho1_10Agent/K3_HS0/1765503544 - End of loop ##################  
 ####### Case67 	 Computation time:0.8030126094818115 	 Step26/52	- AllReachGoal-True

2025-12-12 02:47:46,574 - PaperAgentLogger - INFO - current rateReachGoal: 0
2025-12-12 02:47:46,588 - PaperAgentLogger - DEBUG - New map
2025-12-12 02:47:47,700 - PaperAgentLogger - INFO - ################## PaperArchitecture_map20x20_rho1_10Agent/K3_HS0/1765503544 - End of loop ##################  
 ####### Case68 	 Computation time:1.1116957664489746 	 Step36/36	- AllReachGoal-False

2025-12-12 02:47:47,701 - PaperAgentLogger - INFO - current rateReachGoal: 0
2025-12-12 02:47:47,718 - PaperAgentLogger - DEBUG - New map
2025-12-12 02:47:48,667 - PaperAgentLogger - INFO - ################## PaperArchitecture_map20x20_rho1_10Agent/K3_HS0/1765503544 - End of loop ##################  
 ####### Case69 	 Computation time:0.9493882656097412 	 Step31/60	- AllReachGoal-True

2025-12-12 02:47:48,668 - PaperAgentLogger - INFO - current rateReachGoal: 0
2025-12-12 02:47:48,684 - PaperAgentLogger - DEBUG - New map
2025-12-12 02:47:49,365 - PaperAgentLogger - INFO - ################## PaperArchitecture_map20x20_rho1_10Agent/K3_HS0/1765503544 - End of loop ##################  
 ####### Case70 	 Computation time:0.6809966564178467 	 Step22/42	- AllReachGoal-True

2025-12-12 02:47:49,366 - PaperAgentLogger - INFO - current rateReachGoal: 0
2025-12-12 02:47:49,381 - PaperAgentLogger - DEBUG - New map
2025-12-12 02:47:50,919 - PaperAgentLogger - INFO - ################## PaperArchitecture_map20x20_rho1_10Agent/K3_HS0/1765503544 - End of loop ##################  
 ####### Case71 	 Computation time:1.5380172729492188 	 Step50/50	- AllReachGoal-False

2025-12-12 02:47:50,920 - PaperAgentLogger - INFO - current rateReachGoal: 0
2025-12-12 02:47:50,938 - PaperAgentLogger - DEBUG - New map
2025-12-12 02:47:52,021 - PaperAgentLogger - INFO - ################## PaperArchitecture_map20x20_rho1_10Agent/K3_HS0/1765503544 - End of loop ##################  
 ####### Case72 	 Computation time:1.0821688175201416 	 Step35/66	- AllReachGoal-True

2025-12-12 02:47:52,021 - PaperAgentLogger - INFO - current rateReachGoal: 0
2025-12-12 02:47:52,036 - PaperAgentLogger - DEBUG - New map
2025-12-12 02:47:52,781 - PaperAgentLogger - INFO - ################## PaperArchitecture_map20x20_rho1_10Agent/K3_HS0/1765503544 - End of loop ##################  
 ####### Case73 	 Computation time:0.7440164089202881 	 Step24/46	- AllReachGoal-True

2025-12-12 02:47:52,781 - PaperAgentLogger - INFO - current rateReachGoal: 0
2025-12-12 02:47:52,797 - PaperAgentLogger - DEBUG - New map
2025-12-12 02:47:54,336 - PaperAgentLogger - INFO - ################## PaperArchitecture_map20x20_rho1_10Agent/K3_HS0/1765503544 - End of loop ##################  
 ####### Case74 	 Computation time:1.5384583473205566 	 Step50/50	- AllReachGoal-False

2025-12-12 02:47:54,336 - PaperAgentLogger - INFO - current rateReachGoal: 0
2025-12-12 02:47:54,353 - PaperAgentLogger - DEBUG - New map
2025-12-12 02:47:56,138 - PaperAgentLogger - INFO - ################## PaperArchitecture_map20x20_rho1_10Agent/K3_HS0/1765503544 - End of loop ##################  
 ####### Case75 	 Computation time:1.783961534500122 	 Step58/58	- AllReachGoal-False

2025-12-12 02:47:56,140 - PaperAgentLogger - INFO - current rateReachGoal: 0
2025-12-12 02:47:56,155 - PaperAgentLogger - DEBUG - New map
2025-12-12 02:47:57,532 - PaperAgentLogger - INFO - ################## PaperArchitecture_map20x20_rho1_10Agent/K3_HS0/1765503544 - End of loop ##################  
 ####### Case76 	 Computation time:1.3771791458129883 	 Step44/44	- AllReachGoal-False

2025-12-12 02:47:57,533 - PaperAgentLogger - INFO - current rateReachGoal: 0
2025-12-12 02:47:57,549 - PaperAgentLogger - DEBUG - New map
2025-12-12 02:47:58,312 - PaperAgentLogger - INFO - ################## PaperArchitecture_map20x20_rho1_10Agent/K3_HS0/1765503544 - End of loop ##################  
 ####### Case77 	 Computation time:0.762235164642334 	 Step24/48	- AllReachGoal-True

2025-12-12 02:47:58,312 - PaperAgentLogger - INFO - current rateReachGoal: 0
2025-12-12 02:47:58,329 - PaperAgentLogger - DEBUG - New map
2025-12-12 02:47:59,443 - PaperAgentLogger - INFO - ################## PaperArchitecture_map20x20_rho1_10Agent/K3_HS0/1765503544 - End of loop ##################  
 ####### Case78 	 Computation time:1.1133244037628174 	 Step36/60	- AllReachGoal-True

2025-12-12 02:47:59,443 - PaperAgentLogger - INFO - current rateReachGoal: 0
2025-12-12 02:47:59,460 - PaperAgentLogger - DEBUG - New map
2025-12-12 02:48:00,333 - PaperAgentLogger - INFO - ################## PaperArchitecture_map20x20_rho1_10Agent/K3_HS0/1765503544 - End of loop ##################  
 ####### Case79 	 Computation time:0.8725948333740234 	 Step28/54	- AllReachGoal-True

2025-12-12 02:48:00,334 - PaperAgentLogger - INFO - current rateReachGoal: 0
2025-12-12 02:48:00,350 - PaperAgentLogger - DEBUG - New map
2025-12-12 02:48:01,226 - PaperAgentLogger - INFO - ################## PaperArchitecture_map20x20_rho1_10Agent/K3_HS0/1765503544 - End of loop ##################  
 ####### Case80 	 Computation time:0.8748812675476074 	 Step28/54	- AllReachGoal-True

2025-12-12 02:48:01,228 - PaperAgentLogger - INFO - current rateReachGoal: 0
2025-12-12 02:48:01,244 - PaperAgentLogger - DEBUG - New map
2025-12-12 02:48:02,144 - PaperAgentLogger - INFO - ################## PaperArchitecture_map20x20_rho1_10Agent/K3_HS0/1765503544 - End of loop ##################  
 ####### Case81 	 Computation time:0.8987326622009277 	 Step29/54	- AllReachGoal-True

2025-12-12 02:48:02,144 - PaperAgentLogger - INFO - current rateReachGoal: 0
2025-12-12 02:48:02,160 - PaperAgentLogger - DEBUG - New map
2025-12-12 02:48:02,939 - PaperAgentLogger - INFO - ################## PaperArchitecture_map20x20_rho1_10Agent/K3_HS0/1765503544 - End of loop ##################  
 ####### Case82 	 Computation time:0.7783434391021729 	 Step25/48	- AllReachGoal-True

2025-12-12 02:48:02,939 - PaperAgentLogger - INFO - current rateReachGoal: 0
2025-12-12 02:48:02,956 - PaperAgentLogger - DEBUG - New map
2025-12-12 02:48:03,857 - PaperAgentLogger - INFO - ################## PaperArchitecture_map20x20_rho1_10Agent/K3_HS0/1765503544 - End of loop ##################  
 ####### Case83 	 Computation time:0.9001181125640869 	 Step29/58	- AllReachGoal-True

2025-12-12 02:48:03,858 - PaperAgentLogger - INFO - current rateReachGoal: 0
2025-12-12 02:48:03,874 - PaperAgentLogger - DEBUG - New map
2025-12-12 02:48:04,857 - PaperAgentLogger - INFO - ################## PaperArchitecture_map20x20_rho1_10Agent/K3_HS0/1765503544 - End of loop ##################  
 ####### Case84 	 Computation time:0.9827351570129395 	 Step31/58	- AllReachGoal-True

2025-12-12 02:48:04,858 - PaperAgentLogger - INFO - current rateReachGoal: 0
2025-12-12 02:48:04,874 - PaperAgentLogger - DEBUG - New map
2025-12-12 02:48:06,521 - PaperAgentLogger - INFO - ################## PaperArchitecture_map20x20_rho1_10Agent/K3_HS0/1765503544 - End of loop ##################  
 ####### Case85 	 Computation time:1.6467249393463135 	 Step52/52	- AllReachGoal-False

2025-12-12 02:48:06,524 - PaperAgentLogger - INFO - current rateReachGoal: 0
2025-12-12 02:48:06,541 - PaperAgentLogger - DEBUG - New map
2025-12-12 02:48:07,328 - PaperAgentLogger - INFO - ################## PaperArchitecture_map20x20_rho1_10Agent/K3_HS0/1765503544 - End of loop ##################  
 ####### Case86 	 Computation time:0.7863001823425293 	 Step24/48	- AllReachGoal-True

2025-12-12 02:48:07,328 - PaperAgentLogger - INFO - current rateReachGoal: 0
2025-12-12 02:48:07,345 - PaperAgentLogger - DEBUG - New map
2025-12-12 02:48:09,146 - PaperAgentLogger - INFO - ################## PaperArchitecture_map20x20_rho1_10Agent/K3_HS0/1765503544 - End of loop ##################  
 ####### Case87 	 Computation time:1.7996644973754883 	 Step58/58	- AllReachGoal-False

2025-12-12 02:48:09,146 - PaperAgentLogger - INFO - current rateReachGoal: 0
2025-12-12 02:48:09,162 - PaperAgentLogger - DEBUG - New map
2025-12-12 02:48:09,877 - PaperAgentLogger - INFO - ################## PaperArchitecture_map20x20_rho1_10Agent/K3_HS0/1765503544 - End of loop ##################  
 ####### Case88 	 Computation time:0.7151784896850586 	 Step23/46	- AllReachGoal-True

2025-12-12 02:48:09,878 - PaperAgentLogger - INFO - current rateReachGoal: 0
2025-12-12 02:48:09,893 - PaperAgentLogger - DEBUG - New map
2025-12-12 02:48:10,670 - PaperAgentLogger - INFO - ################## PaperArchitecture_map20x20_rho1_10Agent/K3_HS0/1765503544 - End of loop ##################  
 ####### Case89 	 Computation time:0.7757625579833984 	 Step25/50	- AllReachGoal-True

2025-12-12 02:48:10,670 - PaperAgentLogger - INFO - current rateReachGoal: 0
2025-12-12 02:48:10,690 - PaperAgentLogger - DEBUG - New map
2025-12-12 02:48:12,904 - PaperAgentLogger - INFO - ################## PaperArchitecture_map20x20_rho1_10Agent/K3_HS0/1765503544 - End of loop ##################  
 ####### Case90 	 Computation time:2.213674306869507 	 Step72/72	- AllReachGoal-False

2025-12-12 02:48:12,904 - PaperAgentLogger - INFO - current rateReachGoal: 0
2025-12-12 02:48:12,919 - PaperAgentLogger - DEBUG - New map
2025-12-12 02:48:14,217 - PaperAgentLogger - INFO - ################## PaperArchitecture_map20x20_rho1_10Agent/K3_HS0/1765503544 - End of loop ##################  
 ####### Case91 	 Computation time:1.2971651554107666 	 Step42/42	- AllReachGoal-False

2025-12-12 02:48:14,217 - PaperAgentLogger - INFO - current rateReachGoal: 0
2025-12-12 02:48:14,234 - PaperAgentLogger - DEBUG - New map
2025-12-12 02:48:15,192 - PaperAgentLogger - INFO - ################## PaperArchitecture_map20x20_rho1_10Agent/K3_HS0/1765503544 - End of loop ##################  
 ####### Case92 	 Computation time:0.9568862915039062 	 Step31/58	- AllReachGoal-True

2025-12-12 02:48:15,192 - PaperAgentLogger - INFO - current rateReachGoal: 0
2025-12-12 02:48:15,208 - PaperAgentLogger - DEBUG - New map
2025-12-12 02:48:16,197 - PaperAgentLogger - INFO - ################## PaperArchitecture_map20x20_rho1_10Agent/K3_HS0/1765503544 - End of loop ##################  
 ####### Case93 	 Computation time:0.9885199069976807 	 Step32/48	- AllReachGoal-True

2025-12-12 02:48:16,197 - PaperAgentLogger - INFO - current rateReachGoal: 0
2025-12-12 02:48:16,212 - PaperAgentLogger - DEBUG - New map
2025-12-12 02:48:17,747 - PaperAgentLogger - INFO - ################## PaperArchitecture_map20x20_rho1_10Agent/K3_HS0/1765503544 - End of loop ##################  
 ####### Case94 	 Computation time:1.534609317779541 	 Step50/50	- AllReachGoal-False

2025-12-12 02:48:17,748 - PaperAgentLogger - INFO - current rateReachGoal: 0
2025-12-12 02:48:17,763 - PaperAgentLogger - DEBUG - New map
2025-12-12 02:48:18,995 - PaperAgentLogger - INFO - ################## PaperArchitecture_map20x20_rho1_10Agent/K3_HS0/1765503544 - End of loop ##################  
 ####### Case95 	 Computation time:1.2318592071533203 	 Step40/40	- AllReachGoal-False

2025-12-12 02:48:18,996 - PaperAgentLogger - INFO - current rateReachGoal: 0
2025-12-12 02:48:19,013 - PaperAgentLogger - DEBUG - New map
2025-12-12 02:48:20,092 - PaperAgentLogger - INFO - ################## PaperArchitecture_map20x20_rho1_10Agent/K3_HS0/1765503544 - End of loop ##################  
 ####### Case96 	 Computation time:1.0789015293121338 	 Step35/60	- AllReachGoal-True

2025-12-12 02:48:20,093 - PaperAgentLogger - INFO - current rateReachGoal: 0
2025-12-12 02:48:20,110 - PaperAgentLogger - DEBUG - New map
2025-12-12 02:48:21,898 - PaperAgentLogger - INFO - ################## PaperArchitecture_map20x20_rho1_10Agent/K3_HS0/1765503544 - End of loop ##################  
 ####### Case97 	 Computation time:1.7875618934631348 	 Step58/58	- AllReachGoal-False

2025-12-12 02:48:21,898 - PaperAgentLogger - INFO - current rateReachGoal: 0
2025-12-12 02:48:21,916 - PaperAgentLogger - DEBUG - New map
2025-12-12 02:48:22,950 - PaperAgentLogger - INFO - ################## PaperArchitecture_map20x20_rho1_10Agent/K3_HS0/1765503544 - End of loop ##################  
 ####### Case98 	 Computation time:1.033707857131958 	 Step33/60	- AllReachGoal-True

2025-12-12 02:48:22,951 - PaperAgentLogger - INFO - current rateReachGoal: 0
2025-12-12 02:48:22,968 - PaperAgentLogger - DEBUG - New map
2025-12-12 02:48:24,754 - PaperAgentLogger - INFO - ################## PaperArchitecture_map20x20_rho1_10Agent/K3_HS0/1765503544 - End of loop ##################  
 ####### Case99 	 Computation time:1.7855463027954102 	 Step58/58	- AllReachGoal-False

2025-12-12 02:48:24,755 - PaperAgentLogger - INFO - current rateReachGoal: 0
2025-12-12 02:48:24,772 - PaperAgentLogger - DEBUG - New map
2025-12-12 02:48:26,586 - PaperAgentLogger - INFO - ################## PaperArchitecture_map20x20_rho1_10Agent/K3_HS0/1765503544 - End of loop ##################  
 ####### Case100 	 Computation time:1.813403606414795 	 Step58/58	- AllReachGoal-False

2025-12-12 02:48:26,587 - PaperAgentLogger - INFO - current rateReachGoal: 0
2025-12-12 02:48:26,604 - PaperAgentLogger - DEBUG - New map
2025-12-12 02:48:27,579 - PaperAgentLogger - INFO - ################## PaperArchitecture_map20x20_rho1_10Agent/K3_HS0/1765503544 - End of loop ##################  
 ####### Case101 	 Computation time:0.974506139755249 	 Step31/56	- AllReachGoal-True

2025-12-12 02:48:27,580 - PaperAgentLogger - INFO - current rateReachGoal: 0
2025-12-12 02:48:27,597 - PaperAgentLogger - DEBUG - New map
2025-12-12 02:48:29,346 - PaperAgentLogger - INFO - ################## PaperArchitecture_map20x20_rho1_10Agent/K3_HS0/1765503544 - End of loop ##################  
 ####### Case102 	 Computation time:1.748504638671875 	 Step56/56	- AllReachGoal-False

2025-12-12 02:48:29,346 - PaperAgentLogger - INFO - current rateReachGoal: 0
2025-12-12 02:48:29,364 - PaperAgentLogger - DEBUG - New map
2025-12-12 02:48:31,429 - PaperAgentLogger - INFO - ################## PaperArchitecture_map20x20_rho1_10Agent/K3_HS0/1765503544 - End of loop ##################  
 ####### Case103 	 Computation time:2.063955068588257 	 Step66/66	- AllReachGoal-False

2025-12-12 02:48:31,430 - PaperAgentLogger - INFO - current rateReachGoal: 0
2025-12-12 02:48:31,445 - PaperAgentLogger - DEBUG - New map
2025-12-12 02:48:32,202 - PaperAgentLogger - INFO - ################## PaperArchitecture_map20x20_rho1_10Agent/K3_HS0/1765503544 - End of loop ##################  
 ####### Case104 	 Computation time:0.7563161849975586 	 Step24/46	- AllReachGoal-True

2025-12-12 02:48:32,202 - PaperAgentLogger - INFO - current rateReachGoal: 0
2025-12-12 02:48:32,219 - PaperAgentLogger - DEBUG - New map
2025-12-12 02:48:33,380 - PaperAgentLogger - INFO - ################## PaperArchitecture_map20x20_rho1_10Agent/K3_HS0/1765503544 - End of loop ##################  
 ####### Case105 	 Computation time:1.1600160598754883 	 Step37/56	- AllReachGoal-True

2025-12-12 02:48:33,380 - PaperAgentLogger - INFO - current rateReachGoal: 0
2025-12-12 02:48:33,396 - PaperAgentLogger - DEBUG - New map
2025-12-12 02:48:34,276 - PaperAgentLogger - INFO - ################## PaperArchitecture_map20x20_rho1_10Agent/K3_HS0/1765503544 - End of loop ##################  
 ####### Case106 	 Computation time:0.8789732456207275 	 Step28/48	- AllReachGoal-True

2025-12-12 02:48:34,276 - PaperAgentLogger - INFO - current rateReachGoal: 0
2025-12-12 02:48:34,293 - PaperAgentLogger - DEBUG - New map
2025-12-12 02:48:36,102 - PaperAgentLogger - INFO - ################## PaperArchitecture_map20x20_rho1_10Agent/K3_HS0/1765503544 - End of loop ##################  
 ####### Case107 	 Computation time:1.8084993362426758 	 Step58/58	- AllReachGoal-False

2025-12-12 02:48:36,103 - PaperAgentLogger - INFO - current rateReachGoal: 0
2025-12-12 02:48:36,119 - PaperAgentLogger - DEBUG - New map
2025-12-12 02:48:37,809 - PaperAgentLogger - INFO - ################## PaperArchitecture_map20x20_rho1_10Agent/K3_HS0/1765503544 - End of loop ##################  
 ####### Case108 	 Computation time:1.6893486976623535 	 Step54/54	- AllReachGoal-False

2025-12-12 02:48:37,810 - PaperAgentLogger - INFO - current rateReachGoal: 0
2025-12-12 02:48:37,827 - PaperAgentLogger - DEBUG - New map
2025-12-12 02:48:39,323 - PaperAgentLogger - INFO - ################## PaperArchitecture_map20x20_rho1_10Agent/K3_HS0/1765503544 - End of loop ##################  
 ####### Case109 	 Computation time:1.4955525398254395 	 Step48/60	- AllReachGoal-True

2025-12-12 02:48:39,324 - PaperAgentLogger - INFO - current rateReachGoal: 0
2025-12-12 02:48:39,341 - PaperAgentLogger - DEBUG - New map
2025-12-12 02:48:41,154 - PaperAgentLogger - INFO - ################## PaperArchitecture_map20x20_rho1_10Agent/K3_HS0/1765503544 - End of loop ##################  
 ####### Case110 	 Computation time:1.8123774528503418 	 Step58/58	- AllReachGoal-False

2025-12-12 02:48:41,155 - PaperAgentLogger - INFO - current rateReachGoal: 0
2025-12-12 02:48:41,171 - PaperAgentLogger - DEBUG - New map
2025-12-12 02:48:42,799 - PaperAgentLogger - INFO - ################## PaperArchitecture_map20x20_rho1_10Agent/K3_HS0/1765503544 - End of loop ##################  
 ####### Case111 	 Computation time:1.6277203559875488 	 Step52/52	- AllReachGoal-False

2025-12-12 02:48:42,800 - PaperAgentLogger - INFO - current rateReachGoal: 0
2025-12-12 02:48:42,816 - PaperAgentLogger - DEBUG - New map
2025-12-12 02:48:44,326 - PaperAgentLogger - INFO - ################## PaperArchitecture_map20x20_rho1_10Agent/K3_HS0/1765503544 - End of loop ##################  
 ####### Case112 	 Computation time:1.5096018314361572 	 Step46/46	- AllReachGoal-False

2025-12-12 02:48:44,326 - PaperAgentLogger - INFO - current rateReachGoal: 0
2025-12-12 02:48:44,343 - PaperAgentLogger - DEBUG - New map
2025-12-12 02:48:45,940 - PaperAgentLogger - INFO - ################## PaperArchitecture_map20x20_rho1_10Agent/K3_HS0/1765503544 - End of loop ##################  
 ####### Case113 	 Computation time:1.5962142944335938 	 Step50/50	- AllReachGoal-False

2025-12-12 02:48:45,940 - PaperAgentLogger - INFO - current rateReachGoal: 0
2025-12-12 02:48:45,955 - PaperAgentLogger - DEBUG - New map
2025-12-12 02:48:46,682 - PaperAgentLogger - INFO - ################## PaperArchitecture_map20x20_rho1_10Agent/K3_HS0/1765503544 - End of loop ##################  
 ####### Case114 	 Computation time:0.725761890411377 	 Step23/44	- AllReachGoal-True

2025-12-12 02:48:46,682 - PaperAgentLogger - INFO - current rateReachGoal: 0
2025-12-12 02:48:46,699 - PaperAgentLogger - DEBUG - New map
2025-12-12 02:48:48,444 - PaperAgentLogger - INFO - ################## PaperArchitecture_map20x20_rho1_10Agent/K3_HS0/1765503544 - End of loop ##################  
 ####### Case115 	 Computation time:1.7443327903747559 	 Step56/56	- AllReachGoal-False

2025-12-12 02:48:48,445 - PaperAgentLogger - INFO - current rateReachGoal: 0
2025-12-12 02:48:48,461 - PaperAgentLogger - DEBUG - New map
2025-12-12 02:48:49,651 - PaperAgentLogger - INFO - ################## PaperArchitecture_map20x20_rho1_10Agent/K3_HS0/1765503544 - End of loop ##################  
 ####### Case116 	 Computation time:1.1891162395477295 	 Step38/50	- AllReachGoal-True

2025-12-12 02:48:49,651 - PaperAgentLogger - INFO - current rateReachGoal: 0
2025-12-12 02:48:49,668 - PaperAgentLogger - DEBUG - New map
2025-12-12 02:48:51,419 - PaperAgentLogger - INFO - ################## PaperArchitecture_map20x20_rho1_10Agent/K3_HS0/1765503544 - End of loop ##################  
 ####### Case117 	 Computation time:1.750269889831543 	 Step56/60	- AllReachGoal-True

2025-12-12 02:48:51,420 - PaperAgentLogger - INFO - current rateReachGoal: 0
2025-12-12 02:48:51,435 - PaperAgentLogger - DEBUG - New map
2025-12-12 02:48:52,199 - PaperAgentLogger - INFO - ################## PaperArchitecture_map20x20_rho1_10Agent/K3_HS0/1765503544 - End of loop ##################  
 ####### Case118 	 Computation time:0.762653112411499 	 Step24/48	- AllReachGoal-True

2025-12-12 02:48:52,201 - PaperAgentLogger - INFO - current rateReachGoal: 0
2025-12-12 02:48:52,219 - PaperAgentLogger - DEBUG - New map
2025-12-12 02:48:54,283 - PaperAgentLogger - INFO - ################## PaperArchitecture_map20x20_rho1_10Agent/K3_HS0/1765503544 - End of loop ##################  
 ####### Case119 	 Computation time:2.063239812850952 	 Step66/66	- AllReachGoal-False

2025-12-12 02:48:54,283 - PaperAgentLogger - INFO - current rateReachGoal: 0
2025-12-12 02:48:54,302 - PaperAgentLogger - DEBUG - New map
2025-12-12 02:48:56,294 - PaperAgentLogger - INFO - ################## PaperArchitecture_map20x20_rho1_10Agent/K3_HS0/1765503544 - End of loop ##################  
 ####### Case120 	 Computation time:1.992269515991211 	 Step64/64	- AllReachGoal-False

2025-12-12 02:48:56,295 - PaperAgentLogger - INFO - current rateReachGoal: 0
2025-12-12 02:48:56,311 - PaperAgentLogger - DEBUG - New map
2025-12-12 02:48:57,813 - PaperAgentLogger - INFO - ################## PaperArchitecture_map20x20_rho1_10Agent/K3_HS0/1765503544 - End of loop ##################  
 ####### Case121 	 Computation time:1.5021061897277832 	 Step48/48	- AllReachGoal-False

2025-12-12 02:48:57,814 - PaperAgentLogger - INFO - current rateReachGoal: 0
2025-12-12 02:48:57,831 - PaperAgentLogger - DEBUG - New map
2025-12-12 02:48:58,773 - PaperAgentLogger - INFO - ################## PaperArchitecture_map20x20_rho1_10Agent/K3_HS0/1765503544 - End of loop ##################  
 ####### Case122 	 Computation time:0.9419267177581787 	 Step30/52	- AllReachGoal-True

2025-12-12 02:48:58,774 - PaperAgentLogger - INFO - current rateReachGoal: 0
2025-12-12 02:48:58,789 - PaperAgentLogger - DEBUG - New map
2025-12-12 02:49:00,358 - PaperAgentLogger - INFO - ################## PaperArchitecture_map20x20_rho1_10Agent/K3_HS0/1765503544 - End of loop ##################  
 ####### Case123 	 Computation time:1.5679521560668945 	 Step50/50	- AllReachGoal-False

2025-12-12 02:49:00,358 - PaperAgentLogger - INFO - current rateReachGoal: 0
2025-12-12 02:49:00,373 - PaperAgentLogger - DEBUG - New map
2025-12-12 02:49:01,877 - PaperAgentLogger - INFO - ################## PaperArchitecture_map20x20_rho1_10Agent/K3_HS0/1765503544 - End of loop ##################  
 ####### Case124 	 Computation time:1.5027120113372803 	 Step46/46	- AllReachGoal-False

2025-12-12 02:49:01,877 - PaperAgentLogger - INFO - current rateReachGoal: 0
2025-12-12 02:49:01,895 - PaperAgentLogger - DEBUG - New map
2025-12-12 02:49:03,826 - PaperAgentLogger - INFO - ################## PaperArchitecture_map20x20_rho1_10Agent/K3_HS0/1765503544 - End of loop ##################  
 ####### Case125 	 Computation time:1.9310438632965088 	 Step60/60	- AllReachGoal-False

2025-12-12 02:49:03,827 - PaperAgentLogger - INFO - current rateReachGoal: 0
2025-12-12 02:49:03,845 - PaperAgentLogger - DEBUG - New map
2025-12-12 02:49:05,665 - PaperAgentLogger - INFO - ################## PaperArchitecture_map20x20_rho1_10Agent/K3_HS0/1765503544 - End of loop ##################  
 ####### Case126 	 Computation time:1.8198952674865723 	 Step58/58	- AllReachGoal-False

2025-12-12 02:49:05,666 - PaperAgentLogger - INFO - current rateReachGoal: 0
2025-12-12 02:49:05,682 - PaperAgentLogger - DEBUG - New map
2025-12-12 02:49:06,509 - PaperAgentLogger - INFO - ################## PaperArchitecture_map20x20_rho1_10Agent/K3_HS0/1765503544 - End of loop ##################  
 ####### Case127 	 Computation time:0.8270359039306641 	 Step26/52	- AllReachGoal-True

2025-12-12 02:49:06,510 - PaperAgentLogger - INFO - current rateReachGoal: 0
2025-12-12 02:49:06,526 - PaperAgentLogger - DEBUG - New map
2025-12-12 02:49:08,164 - PaperAgentLogger - INFO - ################## PaperArchitecture_map20x20_rho1_10Agent/K3_HS0/1765503544 - End of loop ##################  
 ####### Case128 	 Computation time:1.6370365619659424 	 Step52/54	- AllReachGoal-True

2025-12-12 02:49:08,166 - PaperAgentLogger - INFO - current rateReachGoal: 0
2025-12-12 02:49:08,184 - PaperAgentLogger - DEBUG - New map
2025-12-12 02:49:10,032 - PaperAgentLogger - INFO - ################## PaperArchitecture_map20x20_rho1_10Agent/K3_HS0/1765503544 - End of loop ##################  
 ####### Case129 	 Computation time:1.8472096920013428 	 Step58/58	- AllReachGoal-False

2025-12-12 02:49:10,032 - PaperAgentLogger - INFO - current rateReachGoal: 0
2025-12-12 02:49:10,050 - PaperAgentLogger - DEBUG - New map
2025-12-12 02:49:11,173 - PaperAgentLogger - INFO - ################## PaperArchitecture_map20x20_rho1_10Agent/K3_HS0/1765503544 - End of loop ##################  
 ####### Case130 	 Computation time:1.1224396228790283 	 Step35/58	- AllReachGoal-True

2025-12-12 02:49:11,173 - PaperAgentLogger - INFO - current rateReachGoal: 0
2025-12-12 02:49:11,190 - PaperAgentLogger - DEBUG - New map
2025-12-12 02:49:12,157 - PaperAgentLogger - INFO - ################## PaperArchitecture_map20x20_rho1_10Agent/K3_HS0/1765503544 - End of loop ##################  
 ####### Case131 	 Computation time:0.9657478332519531 	 Step30/56	- AllReachGoal-True

2025-12-12 02:49:12,157 - PaperAgentLogger - INFO - current rateReachGoal: 0
2025-12-12 02:49:12,176 - PaperAgentLogger - DEBUG - New map
2025-12-12 02:49:13,302 - PaperAgentLogger - INFO - ################## PaperArchitecture_map20x20_rho1_10Agent/K3_HS0/1765503544 - End of loop ##################  
 ####### Case132 	 Computation time:1.1254792213439941 	 Step35/66	- AllReachGoal-True

2025-12-12 02:49:13,304 - PaperAgentLogger - INFO - current rateReachGoal: 0
2025-12-12 02:49:13,320 - PaperAgentLogger - DEBUG - New map
2025-12-12 02:49:14,478 - PaperAgentLogger - INFO - ################## PaperArchitecture_map20x20_rho1_10Agent/K3_HS0/1765503544 - End of loop ##################  
 ####### Case133 	 Computation time:1.1573598384857178 	 Step36/36	- AllReachGoal-False

2025-12-12 02:49:14,479 - PaperAgentLogger - INFO - current rateReachGoal: 0
2025-12-12 02:49:14,496 - PaperAgentLogger - DEBUG - New map
2025-12-12 02:49:16,349 - PaperAgentLogger - INFO - ################## PaperArchitecture_map20x20_rho1_10Agent/K3_HS0/1765503544 - End of loop ##################  
 ####### Case134 	 Computation time:1.8529407978057861 	 Step58/58	- AllReachGoal-False

2025-12-12 02:49:16,350 - PaperAgentLogger - INFO - current rateReachGoal: 0
2025-12-12 02:49:16,368 - PaperAgentLogger - DEBUG - New map
2025-12-12 02:49:18,292 - PaperAgentLogger - INFO - ################## PaperArchitecture_map20x20_rho1_10Agent/K3_HS0/1765503544 - End of loop ##################  
 ####### Case135 	 Computation time:1.9234769344329834 	 Step60/60	- AllReachGoal-False

2025-12-12 02:49:18,292 - PaperAgentLogger - INFO - current rateReachGoal: 0
2025-12-12 02:49:18,310 - PaperAgentLogger - DEBUG - New map
2025-12-12 02:49:19,337 - PaperAgentLogger - INFO - ################## PaperArchitecture_map20x20_rho1_10Agent/K3_HS0/1765503544 - End of loop ##################  
 ####### Case136 	 Computation time:1.026080846786499 	 Step32/64	- AllReachGoal-True

2025-12-12 02:49:19,338 - PaperAgentLogger - INFO - current rateReachGoal: 0
2025-12-12 02:49:19,355 - PaperAgentLogger - DEBUG - New map
2025-12-12 02:49:20,355 - PaperAgentLogger - INFO - ################## PaperArchitecture_map20x20_rho1_10Agent/K3_HS0/1765503544 - End of loop ##################  
 ####### Case137 	 Computation time:0.9989156723022461 	 Step31/60	- AllReachGoal-True

2025-12-12 02:49:20,356 - PaperAgentLogger - INFO - current rateReachGoal: 0
2025-12-12 02:49:20,371 - PaperAgentLogger - DEBUG - New map
2025-12-12 02:49:21,660 - PaperAgentLogger - INFO - ################## PaperArchitecture_map20x20_rho1_10Agent/K3_HS0/1765503544 - End of loop ##################  
 ####### Case138 	 Computation time:1.2882943153381348 	 Step40/48	- AllReachGoal-True

2025-12-12 02:49:21,661 - PaperAgentLogger - INFO - current rateReachGoal: 0
2025-12-12 02:49:21,678 - PaperAgentLogger - DEBUG - New map
2025-12-12 02:49:22,547 - PaperAgentLogger - INFO - ################## PaperArchitecture_map20x20_rho1_10Agent/K3_HS0/1765503544 - End of loop ##################  
 ####### Case139 	 Computation time:0.8688712120056152 	 Step27/54	- AllReachGoal-True

2025-12-12 02:49:22,548 - PaperAgentLogger - INFO - current rateReachGoal: 0
2025-12-12 02:49:22,561 - PaperAgentLogger - DEBUG - New map
2025-12-12 02:49:23,134 - PaperAgentLogger - INFO - ################## PaperArchitecture_map20x20_rho1_10Agent/K3_HS0/1765503544 - End of loop ##################  
 ####### Case140 	 Computation time:0.5716743469238281 	 Step18/32	- AllReachGoal-True

2025-12-12 02:49:23,134 - PaperAgentLogger - INFO - current rateReachGoal: 0
2025-12-12 02:49:23,150 - PaperAgentLogger - DEBUG - New map
2025-12-12 02:49:24,251 - PaperAgentLogger - INFO - ################## PaperArchitecture_map20x20_rho1_10Agent/K3_HS0/1765503544 - End of loop ##################  
 ####### Case141 	 Computation time:1.1005632877349854 	 Step35/52	- AllReachGoal-True

2025-12-12 02:49:24,252 - PaperAgentLogger - INFO - current rateReachGoal: 0
2025-12-12 02:49:24,270 - PaperAgentLogger - DEBUG - New map
2025-12-12 02:49:25,398 - PaperAgentLogger - INFO - ################## PaperArchitecture_map20x20_rho1_10Agent/K3_HS0/1765503544 - End of loop ##################  
 ####### Case142 	 Computation time:1.1277399063110352 	 Step36/64	- AllReachGoal-True

2025-12-12 02:49:25,399 - PaperAgentLogger - INFO - current rateReachGoal: 0
2025-12-12 02:49:25,415 - PaperAgentLogger - DEBUG - New map
2025-12-12 02:49:27,102 - PaperAgentLogger - INFO - ################## PaperArchitecture_map20x20_rho1_10Agent/K3_HS0/1765503544 - End of loop ##################  
 ####### Case143 	 Computation time:1.6867718696594238 	 Step54/54	- AllReachGoal-False

2025-12-12 02:49:27,103 - PaperAgentLogger - INFO - current rateReachGoal: 0
2025-12-12 02:49:27,119 - PaperAgentLogger - DEBUG - New map
2025-12-12 02:49:28,736 - PaperAgentLogger - INFO - ################## PaperArchitecture_map20x20_rho1_10Agent/K3_HS0/1765503544 - End of loop ##################  
 ####### Case144 	 Computation time:1.6164472103118896 	 Step52/52	- AllReachGoal-False

2025-12-12 02:49:28,738 - PaperAgentLogger - INFO - current rateReachGoal: 0
2025-12-12 02:49:28,753 - PaperAgentLogger - DEBUG - New map
2025-12-12 02:49:30,253 - PaperAgentLogger - INFO - ################## PaperArchitecture_map20x20_rho1_10Agent/K3_HS0/1765503544 - End of loop ##################  
 ####### Case145 	 Computation time:1.4995827674865723 	 Step48/48	- AllReachGoal-False

2025-12-12 02:49:30,254 - PaperAgentLogger - INFO - current rateReachGoal: 0
2025-12-12 02:49:30,270 - PaperAgentLogger - DEBUG - New map
2025-12-12 02:49:31,966 - PaperAgentLogger - INFO - ################## PaperArchitecture_map20x20_rho1_10Agent/K3_HS0/1765503544 - End of loop ##################  
 ####### Case146 	 Computation time:1.6959335803985596 	 Step54/54	- AllReachGoal-False

2025-12-12 02:49:31,967 - PaperAgentLogger - INFO - current rateReachGoal: 0
2025-12-12 02:49:31,984 - PaperAgentLogger - DEBUG - New map
2025-12-12 02:49:33,734 - PaperAgentLogger - INFO - ################## PaperArchitecture_map20x20_rho1_10Agent/K3_HS0/1765503544 - End of loop ##################  
 ####### Case147 	 Computation time:1.7492320537567139 	 Step56/56	- AllReachGoal-False

2025-12-12 02:49:33,734 - PaperAgentLogger - INFO - current rateReachGoal: 0
2025-12-12 02:49:33,750 - PaperAgentLogger - DEBUG - New map
2025-12-12 02:49:35,368 - PaperAgentLogger - INFO - ################## PaperArchitecture_map20x20_rho1_10Agent/K3_HS0/1765503544 - End of loop ##################  
 ####### Case148 	 Computation time:1.6173765659332275 	 Step52/52	- AllReachGoal-False

2025-12-12 02:49:35,369 - PaperAgentLogger - INFO - current rateReachGoal: 0
2025-12-12 02:49:35,387 - PaperAgentLogger - DEBUG - New map
2025-12-12 02:49:37,251 - PaperAgentLogger - INFO - ################## PaperArchitecture_map20x20_rho1_10Agent/K3_HS0/1765503544 - End of loop ##################  
 ####### Case149 	 Computation time:1.8637840747833252 	 Step60/60	- AllReachGoal-False

2025-12-12 02:49:37,252 - PaperAgentLogger - INFO - current rateReachGoal: 0
2025-12-12 02:49:37,266 - PaperAgentLogger - DEBUG - New map
2025-12-12 02:49:38,501 - PaperAgentLogger - INFO - ################## PaperArchitecture_map20x20_rho1_10Agent/K3_HS0/1765503544 - End of loop ##################  
 ####### Case150 	 Computation time:1.2342464923858643 	 Step40/40	- AllReachGoal-False

2025-12-12 02:49:38,501 - PaperAgentLogger - INFO - current rateReachGoal: 0
2025-12-12 02:49:38,517 - PaperAgentLogger - DEBUG - New map
2025-12-12 02:49:39,540 - PaperAgentLogger - INFO - ################## PaperArchitecture_map20x20_rho1_10Agent/K3_HS0/1765503544 - End of loop ##################  
 ####### Case151 	 Computation time:1.022268295288086 	 Step33/54	- AllReachGoal-True

2025-12-12 02:49:39,541 - PaperAgentLogger - INFO - current rateReachGoal: 0
2025-12-12 02:49:39,558 - PaperAgentLogger - DEBUG - New map
2025-12-12 02:49:40,609 - PaperAgentLogger - INFO - ################## PaperArchitecture_map20x20_rho1_10Agent/K3_HS0/1765503544 - End of loop ##################  
 ####### Case152 	 Computation time:1.0503244400024414 	 Step34/66	- AllReachGoal-True

2025-12-12 02:49:40,609 - PaperAgentLogger - INFO - current rateReachGoal: 0
2025-12-12 02:49:40,625 - PaperAgentLogger - DEBUG - New map
2025-12-12 02:49:42,041 - PaperAgentLogger - INFO - ################## PaperArchitecture_map20x20_rho1_10Agent/K3_HS0/1765503544 - End of loop ##################  
 ####### Case153 	 Computation time:1.4157521724700928 	 Step46/56	- AllReachGoal-True

2025-12-12 02:49:42,042 - PaperAgentLogger - INFO - current rateReachGoal: 0
2025-12-12 02:49:42,057 - PaperAgentLogger - DEBUG - New map
2025-12-12 02:49:43,412 - PaperAgentLogger - INFO - ################## PaperArchitecture_map20x20_rho1_10Agent/K3_HS0/1765503544 - End of loop ##################  
 ####### Case154 	 Computation time:1.3543672561645508 	 Step44/44	- AllReachGoal-False

2025-12-12 02:49:43,412 - PaperAgentLogger - INFO - current rateReachGoal: 0
2025-12-12 02:49:43,428 - PaperAgentLogger - DEBUG - New map
2025-12-12 02:49:45,087 - PaperAgentLogger - INFO - ################## PaperArchitecture_map20x20_rho1_10Agent/K3_HS0/1765503544 - End of loop ##################  
 ####### Case155 	 Computation time:1.6581919193267822 	 Step54/54	- AllReachGoal-False

2025-12-12 02:49:45,088 - PaperAgentLogger - INFO - current rateReachGoal: 0
2025-12-12 02:49:45,103 - PaperAgentLogger - DEBUG - New map
2025-12-12 02:49:46,033 - PaperAgentLogger - INFO - ################## PaperArchitecture_map20x20_rho1_10Agent/K3_HS0/1765503544 - End of loop ##################  
 ####### Case156 	 Computation time:0.9289827346801758 	 Step30/52	- AllReachGoal-True

2025-12-12 02:49:46,033 - PaperAgentLogger - INFO - current rateReachGoal: 0
2025-12-12 02:49:46,048 - PaperAgentLogger - DEBUG - New map
2025-12-12 02:49:47,163 - PaperAgentLogger - INFO - ################## PaperArchitecture_map20x20_rho1_10Agent/K3_HS0/1765503544 - End of loop ##################  
 ####### Case157 	 Computation time:1.1140661239624023 	 Step36/44	- AllReachGoal-True

2025-12-12 02:49:47,164 - PaperAgentLogger - INFO - current rateReachGoal: 0
2025-12-12 02:49:47,179 - PaperAgentLogger - DEBUG - New map
2025-12-12 02:49:48,656 - PaperAgentLogger - INFO - ################## PaperArchitecture_map20x20_rho1_10Agent/K3_HS0/1765503544 - End of loop ##################  
 ####### Case158 	 Computation time:1.4759864807128906 	 Step48/48	- AllReachGoal-False

2025-12-12 02:49:48,656 - PaperAgentLogger - INFO - current rateReachGoal: 0
2025-12-12 02:49:48,670 - PaperAgentLogger - DEBUG - New map
2025-12-12 02:49:49,414 - PaperAgentLogger - INFO - ################## PaperArchitecture_map20x20_rho1_10Agent/K3_HS0/1765503544 - End of loop ##################  
 ####### Case159 	 Computation time:0.7426507472991943 	 Step24/44	- AllReachGoal-True

2025-12-12 02:49:49,414 - PaperAgentLogger - INFO - current rateReachGoal: 0
2025-12-12 02:49:49,429 - PaperAgentLogger - DEBUG - New map
2025-12-12 02:49:50,179 - PaperAgentLogger - INFO - ################## PaperArchitecture_map20x20_rho1_10Agent/K3_HS0/1765503544 - End of loop ##################  
 ####### Case160 	 Computation time:0.7493019104003906 	 Step24/48	- AllReachGoal-True

2025-12-12 02:49:50,181 - PaperAgentLogger - INFO - current rateReachGoal: 0
2025-12-12 02:49:50,196 - PaperAgentLogger - DEBUG - New map
2025-12-12 02:49:50,915 - PaperAgentLogger - INFO - ################## PaperArchitecture_map20x20_rho1_10Agent/K3_HS0/1765503544 - End of loop ##################  
 ####### Case161 	 Computation time:0.7177543640136719 	 Step23/46	- AllReachGoal-True

2025-12-12 02:49:50,915 - PaperAgentLogger - INFO - current rateReachGoal: 0
2025-12-12 02:49:50,931 - PaperAgentLogger - DEBUG - New map
2025-12-12 02:49:51,762 - PaperAgentLogger - INFO - ################## PaperArchitecture_map20x20_rho1_10Agent/K3_HS0/1765503544 - End of loop ##################  
 ####### Case162 	 Computation time:0.830791711807251 	 Step26/52	- AllReachGoal-True

2025-12-12 02:49:51,763 - PaperAgentLogger - INFO - current rateReachGoal: 0
2025-12-12 02:49:51,783 - PaperAgentLogger - DEBUG - New map
2025-12-12 02:49:53,351 - PaperAgentLogger - INFO - ################## PaperArchitecture_map20x20_rho1_10Agent/K3_HS0/1765503544 - End of loop ##################  
 ####### Case163 	 Computation time:1.5671453475952148 	 Step50/50	- AllReachGoal-False

2025-12-12 02:49:53,351 - PaperAgentLogger - INFO - current rateReachGoal: 0
2025-12-12 02:49:53,366 - PaperAgentLogger - DEBUG - New map
2025-12-12 02:49:54,027 - PaperAgentLogger - INFO - ################## PaperArchitecture_map20x20_rho1_10Agent/K3_HS0/1765503544 - End of loop ##################  
 ####### Case164 	 Computation time:0.6607649326324463 	 Step21/42	- AllReachGoal-True

2025-12-12 02:49:54,028 - PaperAgentLogger - INFO - current rateReachGoal: 0
2025-12-12 02:49:54,046 - PaperAgentLogger - DEBUG - New map
2025-12-12 02:49:55,071 - PaperAgentLogger - INFO - ################## PaperArchitecture_map20x20_rho1_10Agent/K3_HS0/1765503544 - End of loop ##################  
 ####### Case165 	 Computation time:1.0249497890472412 	 Step33/66	- AllReachGoal-True

2025-12-12 02:49:55,072 - PaperAgentLogger - INFO - current rateReachGoal: 0
2025-12-12 02:49:55,090 - PaperAgentLogger - DEBUG - New map
2025-12-12 02:49:56,943 - PaperAgentLogger - INFO - ################## PaperArchitecture_map20x20_rho1_10Agent/K3_HS0/1765503544 - End of loop ##################  
 ####### Case166 	 Computation time:1.8529577255249023 	 Step60/60	- AllReachGoal-False

2025-12-12 02:49:56,944 - PaperAgentLogger - INFO - current rateReachGoal: 0
2025-12-12 02:49:56,959 - PaperAgentLogger - DEBUG - New map
2025-12-12 02:49:57,738 - PaperAgentLogger - INFO - ################## PaperArchitecture_map20x20_rho1_10Agent/K3_HS0/1765503544 - End of loop ##################  
 ####### Case167 	 Computation time:0.778752326965332 	 Step25/46	- AllReachGoal-True

2025-12-12 02:49:57,739 - PaperAgentLogger - INFO - current rateReachGoal: 0
2025-12-12 02:49:57,755 - PaperAgentLogger - DEBUG - New map
2025-12-12 02:49:59,506 - PaperAgentLogger - INFO - ################## PaperArchitecture_map20x20_rho1_10Agent/K3_HS0/1765503544 - End of loop ##################  
 ####### Case168 	 Computation time:1.750638723373413 	 Step56/56	- AllReachGoal-False

2025-12-12 02:49:59,507 - PaperAgentLogger - INFO - current rateReachGoal: 0
2025-12-12 02:49:59,524 - PaperAgentLogger - DEBUG - New map
2025-12-12 02:50:00,584 - PaperAgentLogger - INFO - ################## PaperArchitecture_map20x20_rho1_10Agent/K3_HS0/1765503544 - End of loop ##################  
 ####### Case169 	 Computation time:1.05985689163208 	 Step34/58	- AllReachGoal-True

2025-12-12 02:50:00,585 - PaperAgentLogger - INFO - current rateReachGoal: 0
2025-12-12 02:50:00,601 - PaperAgentLogger - DEBUG - New map
2025-12-12 02:50:01,511 - PaperAgentLogger - INFO - ################## PaperArchitecture_map20x20_rho1_10Agent/K3_HS0/1765503544 - End of loop ##################  
 ####### Case170 	 Computation time:0.9098250865936279 	 Step29/50	- AllReachGoal-True

2025-12-12 02:50:01,512 - PaperAgentLogger - INFO - current rateReachGoal: 0
2025-12-12 02:50:01,527 - PaperAgentLogger - DEBUG - New map
2025-12-12 02:50:03,050 - PaperAgentLogger - INFO - ################## PaperArchitecture_map20x20_rho1_10Agent/K3_HS0/1765503544 - End of loop ##################  
 ####### Case171 	 Computation time:1.5221233367919922 	 Step48/48	- AllReachGoal-False

2025-12-12 02:50:03,050 - PaperAgentLogger - INFO - current rateReachGoal: 0
2025-12-12 02:50:03,069 - PaperAgentLogger - DEBUG - New map
2025-12-12 02:50:04,965 - PaperAgentLogger - INFO - ################## PaperArchitecture_map20x20_rho1_10Agent/K3_HS0/1765503544 - End of loop ##################  
 ####### Case172 	 Computation time:1.896193027496338 	 Step60/60	- AllReachGoal-False

2025-12-12 02:50:04,966 - PaperAgentLogger - INFO - current rateReachGoal: 0
2025-12-12 02:50:04,983 - PaperAgentLogger - DEBUG - New map
2025-12-12 02:50:06,699 - PaperAgentLogger - INFO - ################## PaperArchitecture_map20x20_rho1_10Agent/K3_HS0/1765503544 - End of loop ##################  
 ####### Case173 	 Computation time:1.714534044265747 	 Step54/64	- AllReachGoal-True

2025-12-12 02:50:06,700 - PaperAgentLogger - INFO - current rateReachGoal: 0
2025-12-12 02:50:06,716 - PaperAgentLogger - DEBUG - New map
2025-12-12 02:50:08,421 - PaperAgentLogger - INFO - ################## PaperArchitecture_map20x20_rho1_10Agent/K3_HS0/1765503544 - End of loop ##################  
 ####### Case174 	 Computation time:1.7048463821411133 	 Step54/54	- AllReachGoal-False

2025-12-12 02:50:08,422 - PaperAgentLogger - INFO - current rateReachGoal: 0
2025-12-12 02:50:08,437 - PaperAgentLogger - DEBUG - New map
2025-12-12 02:50:09,208 - PaperAgentLogger - INFO - ################## PaperArchitecture_map20x20_rho1_10Agent/K3_HS0/1765503544 - End of loop ##################  
 ####### Case175 	 Computation time:0.7704083919525146 	 Step24/44	- AllReachGoal-True

2025-12-12 02:50:09,209 - PaperAgentLogger - INFO - current rateReachGoal: 0
2025-12-12 02:50:09,225 - PaperAgentLogger - DEBUG - New map
2025-12-12 02:50:09,992 - PaperAgentLogger - INFO - ################## PaperArchitecture_map20x20_rho1_10Agent/K3_HS0/1765503544 - End of loop ##################  
 ####### Case176 	 Computation time:0.7669239044189453 	 Step24/48	- AllReachGoal-True

2025-12-12 02:50:09,993 - PaperAgentLogger - INFO - current rateReachGoal: 0
2025-12-12 02:50:10,010 - PaperAgentLogger - DEBUG - New map
2025-12-12 02:50:11,376 - PaperAgentLogger - INFO - ################## PaperArchitecture_map20x20_rho1_10Agent/K3_HS0/1765503544 - End of loop ##################  
 ####### Case177 	 Computation time:1.366079568862915 	 Step43/58	- AllReachGoal-True

2025-12-12 02:50:11,377 - PaperAgentLogger - INFO - current rateReachGoal: 0
2025-12-12 02:50:11,392 - PaperAgentLogger - DEBUG - New map
2025-12-12 02:50:12,222 - PaperAgentLogger - INFO - ################## PaperArchitecture_map20x20_rho1_10Agent/K3_HS0/1765503544 - End of loop ##################  
 ####### Case178 	 Computation time:0.8290181159973145 	 Step26/50	- AllReachGoal-True

2025-12-12 02:50:12,224 - PaperAgentLogger - INFO - current rateReachGoal: 0
2025-12-12 02:50:12,241 - PaperAgentLogger - DEBUG - New map
2025-12-12 02:50:14,026 - PaperAgentLogger - INFO - ################## PaperArchitecture_map20x20_rho1_10Agent/K3_HS0/1765503544 - End of loop ##################  
 ####### Case179 	 Computation time:1.7841174602508545 	 Step56/56	- AllReachGoal-False

2025-12-12 02:50:14,027 - PaperAgentLogger - INFO - current rateReachGoal: 0
2025-12-12 02:50:14,046 - PaperAgentLogger - DEBUG - New map
2025-12-12 02:50:15,284 - PaperAgentLogger - INFO - ################## PaperArchitecture_map20x20_rho1_10Agent/K3_HS0/1765503544 - End of loop ##################  
 ####### Case180 	 Computation time:1.2372229099273682 	 Step39/62	- AllReachGoal-True

2025-12-12 02:50:15,285 - PaperAgentLogger - INFO - current rateReachGoal: 0
2025-12-12 02:50:15,301 - PaperAgentLogger - DEBUG - New map
2025-12-12 02:50:17,008 - PaperAgentLogger - INFO - ################## PaperArchitecture_map20x20_rho1_10Agent/K3_HS0/1765503544 - End of loop ##################  
 ####### Case181 	 Computation time:1.7064125537872314 	 Step54/54	- AllReachGoal-False

2025-12-12 02:50:17,009 - PaperAgentLogger - INFO - current rateReachGoal: 0
2025-12-12 02:50:17,024 - PaperAgentLogger - DEBUG - New map
2025-12-12 02:50:17,839 - PaperAgentLogger - INFO - ################## PaperArchitecture_map20x20_rho1_10Agent/K3_HS0/1765503544 - End of loop ##################  
 ####### Case182 	 Computation time:0.8143997192382812 	 Step26/52	- AllReachGoal-True

2025-12-12 02:50:17,840 - PaperAgentLogger - INFO - current rateReachGoal: 0
2025-12-12 02:50:17,857 - PaperAgentLogger - DEBUG - New map
2025-12-12 02:50:19,690 - PaperAgentLogger - INFO - ################## PaperArchitecture_map20x20_rho1_10Agent/K3_HS0/1765503544 - End of loop ##################  
 ####### Case183 	 Computation time:1.8324286937713623 	 Step58/58	- AllReachGoal-False

2025-12-12 02:50:19,691 - PaperAgentLogger - INFO - current rateReachGoal: 0
2025-12-12 02:50:19,707 - PaperAgentLogger - DEBUG - New map
2025-12-12 02:50:20,537 - PaperAgentLogger - INFO - ################## PaperArchitecture_map20x20_rho1_10Agent/K3_HS0/1765503544 - End of loop ##################  
 ####### Case184 	 Computation time:0.8296298980712891 	 Step26/52	- AllReachGoal-True

2025-12-12 02:50:20,538 - PaperAgentLogger - INFO - current rateReachGoal: 0
2025-12-12 02:50:20,553 - PaperAgentLogger - DEBUG - New map
2025-12-12 02:50:21,479 - PaperAgentLogger - INFO - ################## PaperArchitecture_map20x20_rho1_10Agent/K3_HS0/1765503544 - End of loop ##################  
 ####### Case185 	 Computation time:0.9249849319458008 	 Step29/44	- AllReachGoal-True

2025-12-12 02:50:21,479 - PaperAgentLogger - INFO - current rateReachGoal: 0
2025-12-12 02:50:21,497 - PaperAgentLogger - DEBUG - New map
2025-12-12 02:50:22,456 - PaperAgentLogger - INFO - ################## PaperArchitecture_map20x20_rho1_10Agent/K3_HS0/1765503544 - End of loop ##################  
 ####### Case186 	 Computation time:0.9587564468383789 	 Step30/60	- AllReachGoal-True

2025-12-12 02:50:22,457 - PaperAgentLogger - INFO - current rateReachGoal: 0
2025-12-12 02:50:22,472 - PaperAgentLogger - DEBUG - New map
2025-12-12 02:50:23,798 - PaperAgentLogger - INFO - ################## PaperArchitecture_map20x20_rho1_10Agent/K3_HS0/1765503544 - End of loop ##################  
 ####### Case187 	 Computation time:1.3262462615966797 	 Step42/42	- AllReachGoal-False

2025-12-12 02:50:23,799 - PaperAgentLogger - INFO - current rateReachGoal: 0
2025-12-12 02:50:23,815 - PaperAgentLogger - DEBUG - New map
2025-12-12 02:50:25,338 - PaperAgentLogger - INFO - ################## PaperArchitecture_map20x20_rho1_10Agent/K3_HS0/1765503544 - End of loop ##################  
 ####### Case188 	 Computation time:1.5219917297363281 	 Step48/48	- AllReachGoal-False

2025-12-12 02:50:25,338 - PaperAgentLogger - INFO - current rateReachGoal: 0
2025-12-12 02:50:25,354 - PaperAgentLogger - DEBUG - New map
2025-12-12 02:50:26,938 - PaperAgentLogger - INFO - ################## PaperArchitecture_map20x20_rho1_10Agent/K3_HS0/1765503544 - End of loop ##################  
 ####### Case189 	 Computation time:1.5838444232940674 	 Step50/50	- AllReachGoal-False

2025-12-12 02:50:26,939 - PaperAgentLogger - INFO - current rateReachGoal: 0
2025-12-12 02:50:26,956 - PaperAgentLogger - DEBUG - New map
2025-12-12 02:50:28,912 - PaperAgentLogger - INFO - ################## PaperArchitecture_map20x20_rho1_10Agent/K3_HS0/1765503544 - End of loop ##################  
 ####### Case190 	 Computation time:1.9550366401672363 	 Step62/62	- AllReachGoal-False

2025-12-12 02:50:28,914 - PaperAgentLogger - INFO - current rateReachGoal: 0
2025-12-12 02:50:28,931 - PaperAgentLogger - DEBUG - New map
2025-12-12 02:50:30,043 - PaperAgentLogger - INFO - ################## PaperArchitecture_map20x20_rho1_10Agent/K3_HS0/1765503544 - End of loop ##################  
 ####### Case191 	 Computation time:1.1111226081848145 	 Step35/60	- AllReachGoal-True

2025-12-12 02:50:30,043 - PaperAgentLogger - INFO - current rateReachGoal: 0
2025-12-12 02:50:30,058 - PaperAgentLogger - DEBUG - New map
2025-12-12 02:50:31,301 - PaperAgentLogger - INFO - ################## PaperArchitecture_map20x20_rho1_10Agent/K3_HS0/1765503544 - End of loop ##################  
 ####### Case192 	 Computation time:1.2424261569976807 	 Step39/46	- AllReachGoal-True

2025-12-12 02:50:31,302 - PaperAgentLogger - INFO - current rateReachGoal: 0
2025-12-12 02:50:31,318 - PaperAgentLogger - DEBUG - New map
2025-12-12 02:50:32,246 - PaperAgentLogger - INFO - ################## PaperArchitecture_map20x20_rho1_10Agent/K3_HS0/1765503544 - End of loop ##################  
 ####### Case193 	 Computation time:0.927109956741333 	 Step29/52	- AllReachGoal-True

2025-12-12 02:50:32,246 - PaperAgentLogger - INFO - current rateReachGoal: 0
2025-12-12 02:50:32,262 - PaperAgentLogger - DEBUG - New map
2025-12-12 02:50:33,790 - PaperAgentLogger - INFO - ################## PaperArchitecture_map20x20_rho1_10Agent/K3_HS0/1765503544 - End of loop ##################  
 ####### Case194 	 Computation time:1.5277578830718994 	 Step48/48	- AllReachGoal-False

2025-12-12 02:50:33,791 - PaperAgentLogger - INFO - current rateReachGoal: 0
2025-12-12 02:50:33,808 - PaperAgentLogger - DEBUG - New map
2025-12-12 02:50:34,734 - PaperAgentLogger - INFO - ################## PaperArchitecture_map20x20_rho1_10Agent/K3_HS0/1765503544 - End of loop ##################  
 ####### Case195 	 Computation time:0.9248709678649902 	 Step29/56	- AllReachGoal-True

2025-12-12 02:50:34,734 - PaperAgentLogger - INFO - current rateReachGoal: 0
2025-12-12 02:50:34,751 - PaperAgentLogger - DEBUG - New map
2025-12-12 02:50:36,471 - PaperAgentLogger - INFO - ################## PaperArchitecture_map20x20_rho1_10Agent/K3_HS0/1765503544 - End of loop ##################  
 ####### Case196 	 Computation time:1.7194907665252686 	 Step54/54	- AllReachGoal-False

2025-12-12 02:50:36,472 - PaperAgentLogger - INFO - current rateReachGoal: 0
2025-12-12 02:50:36,488 - PaperAgentLogger - DEBUG - New map
2025-12-12 02:50:37,354 - PaperAgentLogger - INFO - ################## PaperArchitecture_map20x20_rho1_10Agent/K3_HS0/1765503544 - End of loop ##################  
 ####### Case197 	 Computation time:0.8654632568359375 	 Step27/50	- AllReachGoal-True

2025-12-12 02:50:37,354 - PaperAgentLogger - INFO - current rateReachGoal: 0
2025-12-12 02:50:37,371 - PaperAgentLogger - DEBUG - New map
2025-12-12 02:50:39,152 - PaperAgentLogger - INFO - ################## PaperArchitecture_map20x20_rho1_10Agent/K3_HS0/1765503544 - End of loop ##################  
 ####### Case198 	 Computation time:1.7800965309143066 	 Step56/56	- AllReachGoal-False

2025-12-12 02:50:39,154 - PaperAgentLogger - INFO - current rateReachGoal: 0
2025-12-12 02:50:39,170 - PaperAgentLogger - DEBUG - New map
2025-12-12 02:50:40,826 - PaperAgentLogger - INFO - ################## PaperArchitecture_map20x20_rho1_10Agent/K3_HS0/1765503544 - End of loop ##################  
 ####### Case199 	 Computation time:1.655198097229004 	 Step52/52	- AllReachGoal-False

2025-12-12 02:50:40,827 - PaperAgentLogger - INFO - current rateReachGoal: 0
2025-12-12 02:50:40,844 - PaperAgentLogger - DEBUG - New map
2025-12-12 02:50:42,307 - PaperAgentLogger - INFO - ################## PaperArchitecture_map20x20_rho1_10Agent/K3_HS0/1765503544 - End of loop ##################  
 ####### Case200 	 Computation time:1.4629104137420654 	 Step46/46	- AllReachGoal-False

2025-12-12 02:50:42,308 - PaperAgentLogger - INFO - current rateReachGoal: 0
2025-12-12 02:50:42,325 - PaperAgentLogger - DEBUG - New map
2025-12-12 02:50:43,347 - PaperAgentLogger - INFO - ################## PaperArchitecture_map20x20_rho1_10Agent/K3_HS0/1765503544 - End of loop ##################  
 ####### Case201 	 Computation time:1.021592617034912 	 Step32/58	- AllReachGoal-True

2025-12-12 02:50:43,347 - PaperAgentLogger - INFO - current rateReachGoal: 0
2025-12-12 02:50:43,365 - PaperAgentLogger - DEBUG - New map
2025-12-12 02:50:45,017 - PaperAgentLogger - INFO - ################## PaperArchitecture_map20x20_rho1_10Agent/K3_HS0/1765503544 - End of loop ##################  
 ####### Case202 	 Computation time:1.6509392261505127 	 Step52/52	- AllReachGoal-False

2025-12-12 02:50:45,018 - PaperAgentLogger - INFO - current rateReachGoal: 0
2025-12-12 02:50:45,032 - PaperAgentLogger - DEBUG - New map
2025-12-12 02:50:45,742 - PaperAgentLogger - INFO - ################## PaperArchitecture_map20x20_rho1_10Agent/K3_HS0/1765503544 - End of loop ##################  
 ####### Case203 	 Computation time:0.7097418308258057 	 Step22/40	- AllReachGoal-True

2025-12-12 02:50:45,743 - PaperAgentLogger - INFO - current rateReachGoal: 0
2025-12-12 02:50:45,758 - PaperAgentLogger - DEBUG - New map
2025-12-12 02:50:46,567 - PaperAgentLogger - INFO - ################## PaperArchitecture_map20x20_rho1_10Agent/K3_HS0/1765503544 - End of loop ##################  
 ####### Case204 	 Computation time:0.80804443359375 	 Step25/46	- AllReachGoal-True

2025-12-12 02:50:46,568 - PaperAgentLogger - INFO - current rateReachGoal: 0
2025-12-12 02:50:46,584 - PaperAgentLogger - DEBUG - New map
2025-12-12 02:50:48,105 - PaperAgentLogger - INFO - ################## PaperArchitecture_map20x20_rho1_10Agent/K3_HS0/1765503544 - End of loop ##################  
 ####### Case205 	 Computation time:1.5212810039520264 	 Step48/48	- AllReachGoal-True

2025-12-12 02:50:48,106 - PaperAgentLogger - INFO - current rateReachGoal: 0
2025-12-12 02:50:48,122 - PaperAgentLogger - DEBUG - New map
2025-12-12 02:50:49,150 - PaperAgentLogger - INFO - ################## PaperArchitecture_map20x20_rho1_10Agent/K3_HS0/1765503544 - End of loop ##################  
 ####### Case206 	 Computation time:1.027472734451294 	 Step33/56	- AllReachGoal-True

2025-12-12 02:50:49,151 - PaperAgentLogger - INFO - current rateReachGoal: 0
2025-12-12 02:50:49,168 - PaperAgentLogger - DEBUG - New map
2025-12-12 02:50:51,154 - PaperAgentLogger - INFO - ################## PaperArchitecture_map20x20_rho1_10Agent/K3_HS0/1765503544 - End of loop ##################  
 ####### Case207 	 Computation time:1.9846463203430176 	 Step64/64	- AllReachGoal-False

2025-12-12 02:50:51,154 - PaperAgentLogger - INFO - current rateReachGoal: 0
2025-12-12 02:50:51,171 - PaperAgentLogger - DEBUG - New map
2025-12-12 02:50:52,676 - PaperAgentLogger - INFO - ################## PaperArchitecture_map20x20_rho1_10Agent/K3_HS0/1765503544 - End of loop ##################  
 ####### Case208 	 Computation time:1.5047383308410645 	 Step48/48	- AllReachGoal-False

2025-12-12 02:50:52,677 - PaperAgentLogger - INFO - current rateReachGoal: 0
2025-12-12 02:50:52,692 - PaperAgentLogger - DEBUG - New map
2025-12-12 02:50:54,194 - PaperAgentLogger - INFO - ################## PaperArchitecture_map20x20_rho1_10Agent/K3_HS0/1765503544 - End of loop ##################  
 ####### Case209 	 Computation time:1.5014045238494873 	 Step48/48	- AllReachGoal-False

2025-12-12 02:50:54,195 - PaperAgentLogger - INFO - current rateReachGoal: 0
2025-12-12 02:50:54,213 - PaperAgentLogger - DEBUG - New map
2025-12-12 02:50:55,191 - PaperAgentLogger - INFO - ################## PaperArchitecture_map20x20_rho1_10Agent/K3_HS0/1765503544 - End of loop ##################  
 ####### Case210 	 Computation time:0.977435827255249 	 Step31/62	- AllReachGoal-True

2025-12-12 02:50:55,191 - PaperAgentLogger - INFO - current rateReachGoal: 0
2025-12-12 02:50:55,208 - PaperAgentLogger - DEBUG - New map
2025-12-12 02:50:56,892 - PaperAgentLogger - INFO - ################## PaperArchitecture_map20x20_rho1_10Agent/K3_HS0/1765503544 - End of loop ##################  
 ####### Case211 	 Computation time:1.6834526062011719 	 Step54/54	- AllReachGoal-False

2025-12-12 02:50:56,892 - PaperAgentLogger - INFO - current rateReachGoal: 0
2025-12-12 02:50:56,909 - PaperAgentLogger - DEBUG - New map
2025-12-12 02:50:58,660 - PaperAgentLogger - INFO - ################## PaperArchitecture_map20x20_rho1_10Agent/K3_HS0/1765503544 - End of loop ##################  
 ####### Case212 	 Computation time:1.7507407665252686 	 Step56/56	- AllReachGoal-False

2025-12-12 02:50:58,661 - PaperAgentLogger - INFO - current rateReachGoal: 0
2025-12-12 02:50:58,679 - PaperAgentLogger - DEBUG - New map
2025-12-12 02:50:59,741 - PaperAgentLogger - INFO - ################## PaperArchitecture_map20x20_rho1_10Agent/K3_HS0/1765503544 - End of loop ##################  
 ####### Case213 	 Computation time:1.0620365142822266 	 Step34/64	- AllReachGoal-True

2025-12-12 02:50:59,742 - PaperAgentLogger - INFO - current rateReachGoal: 0
2025-12-12 02:50:59,757 - PaperAgentLogger - DEBUG - New map
2025-12-12 02:51:00,545 - PaperAgentLogger - INFO - ################## PaperArchitecture_map20x20_rho1_10Agent/K3_HS0/1765503544 - End of loop ##################  
 ####### Case214 	 Computation time:0.7878115177154541 	 Step25/42	- AllReachGoal-True

2025-12-12 02:51:00,546 - PaperAgentLogger - INFO - current rateReachGoal: 0
2025-12-12 02:51:00,563 - PaperAgentLogger - DEBUG - New map
2025-12-12 02:51:02,498 - PaperAgentLogger - INFO - ################## PaperArchitecture_map20x20_rho1_10Agent/K3_HS0/1765503544 - End of loop ##################  
 ####### Case215 	 Computation time:1.9337034225463867 	 Step62/62	- AllReachGoal-False

2025-12-12 02:51:02,498 - PaperAgentLogger - INFO - current rateReachGoal: 0
2025-12-12 02:51:02,516 - PaperAgentLogger - DEBUG - New map
2025-12-12 02:51:03,800 - PaperAgentLogger - INFO - ################## PaperArchitecture_map20x20_rho1_10Agent/K3_HS0/1765503544 - End of loop ##################  
 ####### Case216 	 Computation time:1.2833316326141357 	 Step41/62	- AllReachGoal-True

2025-12-12 02:51:03,800 - PaperAgentLogger - INFO - current rateReachGoal: 0
2025-12-12 02:51:03,818 - PaperAgentLogger - DEBUG - New map
2025-12-12 02:51:05,501 - PaperAgentLogger - INFO - ################## PaperArchitecture_map20x20_rho1_10Agent/K3_HS0/1765503544 - End of loop ##################  
 ####### Case217 	 Computation time:1.6829683780670166 	 Step54/54	- AllReachGoal-False

2025-12-12 02:51:05,502 - PaperAgentLogger - INFO - current rateReachGoal: 0
2025-12-12 02:51:05,518 - PaperAgentLogger - DEBUG - New map
2025-12-12 02:51:07,205 - PaperAgentLogger - INFO - ################## PaperArchitecture_map20x20_rho1_10Agent/K3_HS0/1765503544 - End of loop ##################  
 ####### Case218 	 Computation time:1.6860787868499756 	 Step54/54	- AllReachGoal-False

2025-12-12 02:51:07,206 - PaperAgentLogger - INFO - current rateReachGoal: 0
2025-12-12 02:51:07,225 - PaperAgentLogger - DEBUG - New map
2025-12-12 02:51:08,749 - PaperAgentLogger - INFO - ################## PaperArchitecture_map20x20_rho1_10Agent/K3_HS0/1765503544 - End of loop ##################  
 ####### Case219 	 Computation time:1.5234706401824951 	 Step49/74	- AllReachGoal-True

2025-12-12 02:51:08,750 - PaperAgentLogger - INFO - current rateReachGoal: 0
2025-12-12 02:51:08,765 - PaperAgentLogger - DEBUG - New map
2025-12-12 02:51:09,553 - PaperAgentLogger - INFO - ################## PaperArchitecture_map20x20_rho1_10Agent/K3_HS0/1765503544 - End of loop ##################  
 ####### Case220 	 Computation time:0.7872879505157471 	 Step25/42	- AllReachGoal-True

2025-12-12 02:51:09,553 - PaperAgentLogger - INFO - current rateReachGoal: 0
2025-12-12 02:51:09,569 - PaperAgentLogger - DEBUG - New map
2025-12-12 02:51:11,068 - PaperAgentLogger - INFO - ################## PaperArchitecture_map20x20_rho1_10Agent/K3_HS0/1765503544 - End of loop ##################  
 ####### Case221 	 Computation time:1.4984588623046875 	 Step48/48	- AllReachGoal-False

2025-12-12 02:51:11,070 - PaperAgentLogger - INFO - current rateReachGoal: 0
2025-12-12 02:51:11,085 - PaperAgentLogger - DEBUG - New map
2025-12-12 02:51:11,748 - PaperAgentLogger - INFO - ################## PaperArchitecture_map20x20_rho1_10Agent/K3_HS0/1765503544 - End of loop ##################  
 ####### Case222 	 Computation time:0.6620452404022217 	 Step21/42	- AllReachGoal-True

2025-12-12 02:51:11,748 - PaperAgentLogger - INFO - current rateReachGoal: 0
2025-12-12 02:51:11,766 - PaperAgentLogger - DEBUG - New map
2025-12-12 02:51:13,821 - PaperAgentLogger - INFO - ################## PaperArchitecture_map20x20_rho1_10Agent/K3_HS0/1765503544 - End of loop ##################  
 ####### Case223 	 Computation time:2.054344654083252 	 Step66/66	- AllReachGoal-False

2025-12-12 02:51:13,822 - PaperAgentLogger - INFO - current rateReachGoal: 0
2025-12-12 02:51:13,838 - PaperAgentLogger - DEBUG - New map
2025-12-12 02:51:15,529 - PaperAgentLogger - INFO - ################## PaperArchitecture_map20x20_rho1_10Agent/K3_HS0/1765503544 - End of loop ##################  
 ####### Case224 	 Computation time:1.6908583641052246 	 Step54/54	- AllReachGoal-False

2025-12-12 02:51:15,530 - PaperAgentLogger - INFO - current rateReachGoal: 0
2025-12-12 02:51:15,547 - PaperAgentLogger - DEBUG - New map
2025-12-12 02:51:17,367 - PaperAgentLogger - INFO - ################## PaperArchitecture_map20x20_rho1_10Agent/K3_HS0/1765503544 - End of loop ##################  
 ####### Case225 	 Computation time:1.819687843322754 	 Step58/58	- AllReachGoal-False

2025-12-12 02:51:17,368 - PaperAgentLogger - INFO - current rateReachGoal: 0
2025-12-12 02:51:17,386 - PaperAgentLogger - DEBUG - New map
2025-12-12 02:51:19,404 - PaperAgentLogger - INFO - ################## PaperArchitecture_map20x20_rho1_10Agent/K3_HS0/1765503544 - End of loop ##################  
 ####### Case226 	 Computation time:2.0167059898376465 	 Step64/64	- AllReachGoal-False

2025-12-12 02:51:19,404 - PaperAgentLogger - INFO - current rateReachGoal: 0
2025-12-12 02:51:19,422 - PaperAgentLogger - DEBUG - New map
2025-12-12 02:51:20,682 - PaperAgentLogger - INFO - ################## PaperArchitecture_map20x20_rho1_10Agent/K3_HS0/1765503544 - End of loop ##################  
 ####### Case227 	 Computation time:1.25872802734375 	 Step40/64	- AllReachGoal-True

2025-12-12 02:51:20,682 - PaperAgentLogger - INFO - current rateReachGoal: 0
2025-12-12 02:51:20,699 - PaperAgentLogger - DEBUG - New map
2025-12-12 02:51:22,405 - PaperAgentLogger - INFO - ################## PaperArchitecture_map20x20_rho1_10Agent/K3_HS0/1765503544 - End of loop ##################  
 ####### Case228 	 Computation time:1.705763339996338 	 Step54/54	- AllReachGoal-False

2025-12-12 02:51:22,407 - PaperAgentLogger - INFO - current rateReachGoal: 0
2025-12-12 02:51:22,422 - PaperAgentLogger - DEBUG - New map
2025-12-12 02:51:23,711 - PaperAgentLogger - INFO - ################## PaperArchitecture_map20x20_rho1_10Agent/K3_HS0/1765503544 - End of loop ##################  
 ####### Case229 	 Computation time:1.2884421348571777 	 Step40/40	- AllReachGoal-False

2025-12-12 02:51:23,712 - PaperAgentLogger - INFO - current rateReachGoal: 0
2025-12-12 02:51:23,730 - PaperAgentLogger - DEBUG - New map
2025-12-12 02:51:24,890 - PaperAgentLogger - INFO - ################## PaperArchitecture_map20x20_rho1_10Agent/K3_HS0/1765503544 - End of loop ##################  
 ####### Case230 	 Computation time:1.159574270248413 	 Step36/64	- AllReachGoal-True

2025-12-12 02:51:24,890 - PaperAgentLogger - INFO - current rateReachGoal: 0
2025-12-12 02:51:24,908 - PaperAgentLogger - DEBUG - New map
2025-12-12 02:51:26,398 - PaperAgentLogger - INFO - ################## PaperArchitecture_map20x20_rho1_10Agent/K3_HS0/1765503544 - End of loop ##################  
 ####### Case231 	 Computation time:1.489497184753418 	 Step47/52	- AllReachGoal-True

2025-12-12 02:51:26,399 - PaperAgentLogger - INFO - current rateReachGoal: 0
2025-12-12 02:51:26,415 - PaperAgentLogger - DEBUG - New map
2025-12-12 02:51:27,296 - PaperAgentLogger - INFO - ################## PaperArchitecture_map20x20_rho1_10Agent/K3_HS0/1765503544 - End of loop ##################  
 ####### Case232 	 Computation time:0.8803524971008301 	 Step28/56	- AllReachGoal-True

2025-12-12 02:51:27,297 - PaperAgentLogger - INFO - current rateReachGoal: 0
2025-12-12 02:51:27,315 - PaperAgentLogger - DEBUG - New map
2025-12-12 02:51:28,290 - PaperAgentLogger - INFO - ################## PaperArchitecture_map20x20_rho1_10Agent/K3_HS0/1765503544 - End of loop ##################  
 ####### Case233 	 Computation time:0.9748518466949463 	 Step31/62	- AllReachGoal-True

2025-12-12 02:51:28,292 - PaperAgentLogger - INFO - current rateReachGoal: 0
2025-12-12 02:51:28,310 - PaperAgentLogger - DEBUG - New map
2025-12-12 02:51:29,416 - PaperAgentLogger - INFO - ################## PaperArchitecture_map20x20_rho1_10Agent/K3_HS0/1765503544 - End of loop ##################  
 ####### Case234 	 Computation time:1.1054720878601074 	 Step35/58	- AllReachGoal-True

2025-12-12 02:51:29,416 - PaperAgentLogger - INFO - current rateReachGoal: 0
2025-12-12 02:51:29,435 - PaperAgentLogger - DEBUG - New map
2025-12-12 02:51:31,417 - PaperAgentLogger - INFO - ################## PaperArchitecture_map20x20_rho1_10Agent/K3_HS0/1765503544 - End of loop ##################  
 ####### Case235 	 Computation time:1.9812629222869873 	 Step62/62	- AllReachGoal-False

2025-12-12 02:51:31,418 - PaperAgentLogger - INFO - current rateReachGoal: 0
2025-12-12 02:51:31,433 - PaperAgentLogger - DEBUG - New map
2025-12-12 02:51:32,993 - PaperAgentLogger - INFO - ################## PaperArchitecture_map20x20_rho1_10Agent/K3_HS0/1765503544 - End of loop ##################  
 ####### Case236 	 Computation time:1.5588386058807373 	 Step50/50	- AllReachGoal-False

2025-12-12 02:51:32,993 - PaperAgentLogger - INFO - current rateReachGoal: 0
2025-12-12 02:51:33,010 - PaperAgentLogger - DEBUG - New map
2025-12-12 02:51:34,639 - PaperAgentLogger - INFO - ################## PaperArchitecture_map20x20_rho1_10Agent/K3_HS0/1765503544 - End of loop ##################  
 ####### Case237 	 Computation time:1.6282012462615967 	 Step52/52	- AllReachGoal-False

2025-12-12 02:51:34,639 - PaperAgentLogger - INFO - current rateReachGoal: 0
2025-12-12 02:51:34,656 - PaperAgentLogger - DEBUG - New map
2025-12-12 02:51:35,936 - PaperAgentLogger - INFO - ################## PaperArchitecture_map20x20_rho1_10Agent/K3_HS0/1765503544 - End of loop ##################  
 ####### Case238 	 Computation time:1.2795135974884033 	 Step40/56	- AllReachGoal-True

2025-12-12 02:51:35,937 - PaperAgentLogger - INFO - current rateReachGoal: 0
2025-12-12 02:51:35,954 - PaperAgentLogger - DEBUG - New map
2025-12-12 02:51:37,869 - PaperAgentLogger - INFO - ################## PaperArchitecture_map20x20_rho1_10Agent/K3_HS0/1765503544 - End of loop ##################  
 ####### Case239 	 Computation time:1.914799451828003 	 Step60/60	- AllReachGoal-False

2025-12-12 02:51:37,870 - PaperAgentLogger - INFO - current rateReachGoal: 0
2025-12-12 02:51:37,887 - PaperAgentLogger - DEBUG - New map
2025-12-12 02:51:38,823 - PaperAgentLogger - INFO - ################## PaperArchitecture_map20x20_rho1_10Agent/K3_HS0/1765503544 - End of loop ##################  
 ####### Case240 	 Computation time:0.9353170394897461 	 Step29/52	- AllReachGoal-True

2025-12-12 02:51:38,824 - PaperAgentLogger - INFO - current rateReachGoal: 0
2025-12-12 02:51:38,840 - PaperAgentLogger - DEBUG - New map
2025-12-12 02:51:40,351 - PaperAgentLogger - INFO - ################## PaperArchitecture_map20x20_rho1_10Agent/K3_HS0/1765503544 - End of loop ##################  
 ####### Case241 	 Computation time:1.510439395904541 	 Step46/46	- AllReachGoal-False

2025-12-12 02:51:40,351 - PaperAgentLogger - INFO - current rateReachGoal: 0
2025-12-12 02:51:40,368 - PaperAgentLogger - DEBUG - New map
2025-12-12 02:51:41,335 - PaperAgentLogger - INFO - ################## PaperArchitecture_map20x20_rho1_10Agent/K3_HS0/1765503544 - End of loop ##################  
 ####### Case242 	 Computation time:0.9656176567077637 	 Step30/56	- AllReachGoal-True

2025-12-12 02:51:41,335 - PaperAgentLogger - INFO - current rateReachGoal: 0
2025-12-12 02:51:41,352 - PaperAgentLogger - DEBUG - New map
2025-12-12 02:51:42,539 - PaperAgentLogger - INFO - ################## PaperArchitecture_map20x20_rho1_10Agent/K3_HS0/1765503544 - End of loop ##################  
 ####### Case243 	 Computation time:1.1867313385009766 	 Step37/52	- AllReachGoal-True

2025-12-12 02:51:42,540 - PaperAgentLogger - INFO - current rateReachGoal: 0
2025-12-12 02:51:42,556 - PaperAgentLogger - DEBUG - New map
2025-12-12 02:51:43,459 - PaperAgentLogger - INFO - ################## PaperArchitecture_map20x20_rho1_10Agent/K3_HS0/1765503544 - End of loop ##################  
 ####### Case244 	 Computation time:0.9024708271026611 	 Step28/50	- AllReachGoal-True

2025-12-12 02:51:43,459 - PaperAgentLogger - INFO - current rateReachGoal: 0
2025-12-12 02:51:43,475 - PaperAgentLogger - DEBUG - New map
2025-12-12 02:51:44,888 - PaperAgentLogger - INFO - ################## PaperArchitecture_map20x20_rho1_10Agent/K3_HS0/1765503544 - End of loop ##################  
 ####### Case245 	 Computation time:1.412787675857544 	 Step44/44	- AllReachGoal-False

2025-12-12 02:51:44,889 - PaperAgentLogger - INFO - current rateReachGoal: 0
2025-12-12 02:51:44,907 - PaperAgentLogger - DEBUG - New map
2025-12-12 02:51:45,995 - PaperAgentLogger - INFO - ################## PaperArchitecture_map20x20_rho1_10Agent/K3_HS0/1765503544 - End of loop ##################  
 ####### Case246 	 Computation time:1.0874626636505127 	 Step34/64	- AllReachGoal-True

2025-12-12 02:51:45,997 - PaperAgentLogger - INFO - current rateReachGoal: 0
2025-12-12 02:51:46,012 - PaperAgentLogger - DEBUG - New map
2025-12-12 02:51:47,323 - PaperAgentLogger - INFO - ################## PaperArchitecture_map20x20_rho1_10Agent/K3_HS0/1765503544 - End of loop ##################  
 ####### Case247 	 Computation time:1.3110918998718262 	 Step42/42	- AllReachGoal-False

2025-12-12 02:51:47,324 - PaperAgentLogger - INFO - current rateReachGoal: 0
2025-12-12 02:51:47,340 - PaperAgentLogger - DEBUG - New map
2025-12-12 02:51:48,101 - PaperAgentLogger - INFO - ################## PaperArchitecture_map20x20_rho1_10Agent/K3_HS0/1765503544 - End of loop ##################  
 ####### Case248 	 Computation time:0.7604012489318848 	 Step24/42	- AllReachGoal-True

2025-12-12 02:51:48,101 - PaperAgentLogger - INFO - current rateReachGoal: 0
2025-12-12 02:51:48,118 - PaperAgentLogger - DEBUG - New map
2025-12-12 02:51:49,945 - PaperAgentLogger - INFO - ################## PaperArchitecture_map20x20_rho1_10Agent/K3_HS0/1765503544 - End of loop ##################  
 ####### Case249 	 Computation time:1.8266634941101074 	 Step58/58	- AllReachGoal-False

2025-12-12 02:51:49,946 - PaperAgentLogger - INFO - current rateReachGoal: 0
2025-12-12 02:51:49,962 - PaperAgentLogger - DEBUG - New map
2025-12-12 02:51:50,765 - PaperAgentLogger - INFO - ################## PaperArchitecture_map20x20_rho1_10Agent/K3_HS0/1765503544 - End of loop ##################  
 ####### Case250 	 Computation time:0.8024594783782959 	 Step26/52	- AllReachGoal-True

2025-12-12 02:51:50,766 - PaperAgentLogger - INFO - current rateReachGoal: 0
2025-12-12 02:51:50,782 - PaperAgentLogger - DEBUG - New map
2025-12-12 02:51:52,190 - PaperAgentLogger - INFO - ################## PaperArchitecture_map20x20_rho1_10Agent/K3_HS0/1765503544 - End of loop ##################  
 ####### Case251 	 Computation time:1.4082813262939453 	 Step46/46	- AllReachGoal-False

2025-12-12 02:51:52,191 - PaperAgentLogger - INFO - current rateReachGoal: 0
2025-12-12 02:51:52,205 - PaperAgentLogger - DEBUG - New map
2025-12-12 02:51:53,605 - PaperAgentLogger - INFO - ################## PaperArchitecture_map20x20_rho1_10Agent/K3_HS0/1765503544 - End of loop ##################  
 ####### Case252 	 Computation time:1.3988208770751953 	 Step46/46	- AllReachGoal-False

2025-12-12 02:51:53,605 - PaperAgentLogger - INFO - current rateReachGoal: 0
2025-12-12 02:51:53,622 - PaperAgentLogger - DEBUG - New map
2025-12-12 02:51:55,325 - PaperAgentLogger - INFO - ################## PaperArchitecture_map20x20_rho1_10Agent/K3_HS0/1765503544 - End of loop ##################  
 ####### Case253 	 Computation time:1.702057123184204 	 Step56/56	- AllReachGoal-False

2025-12-12 02:51:55,326 - PaperAgentLogger - INFO - current rateReachGoal: 0
2025-12-12 02:51:55,341 - PaperAgentLogger - DEBUG - New map
2025-12-12 02:51:56,974 - PaperAgentLogger - INFO - ################## PaperArchitecture_map20x20_rho1_10Agent/K3_HS0/1765503544 - End of loop ##################  
 ####### Case254 	 Computation time:1.6324381828308105 	 Step54/54	- AllReachGoal-False

2025-12-12 02:51:56,977 - PaperAgentLogger - INFO - current rateReachGoal: 0
2025-12-12 02:51:56,995 - PaperAgentLogger - DEBUG - New map
2025-12-12 02:51:58,999 - PaperAgentLogger - INFO - ################## PaperArchitecture_map20x20_rho1_10Agent/K3_HS0/1765503544 - End of loop ##################  
 ####### Case255 	 Computation time:2.00350022315979 	 Step66/66	- AllReachGoal-False

2025-12-12 02:51:59,000 - PaperAgentLogger - INFO - current rateReachGoal: 0
2025-12-12 02:51:59,016 - PaperAgentLogger - DEBUG - New map
2025-12-12 02:52:00,602 - PaperAgentLogger - INFO - ################## PaperArchitecture_map20x20_rho1_10Agent/K3_HS0/1765503544 - End of loop ##################  
 ####### Case256 	 Computation time:1.5851895809173584 	 Step52/52	- AllReachGoal-False

2025-12-12 02:52:00,603 - PaperAgentLogger - INFO - current rateReachGoal: 0
2025-12-12 02:52:00,619 - PaperAgentLogger - DEBUG - New map
2025-12-12 02:52:02,389 - PaperAgentLogger - INFO - ################## PaperArchitecture_map20x20_rho1_10Agent/K3_HS0/1765503544 - End of loop ##################  
 ####### Case257 	 Computation time:1.7700231075286865 	 Step58/58	- AllReachGoal-False

2025-12-12 02:52:02,390 - PaperAgentLogger - INFO - current rateReachGoal: 0
2025-12-12 02:52:02,406 - PaperAgentLogger - DEBUG - New map
2025-12-12 02:52:03,293 - PaperAgentLogger - INFO - ################## PaperArchitecture_map20x20_rho1_10Agent/K3_HS0/1765503544 - End of loop ##################  
 ####### Case258 	 Computation time:0.8859131336212158 	 Step29/54	- AllReachGoal-True

2025-12-12 02:52:03,294 - PaperAgentLogger - INFO - current rateReachGoal: 0
2025-12-12 02:52:03,308 - PaperAgentLogger - DEBUG - New map
2025-12-12 02:52:04,527 - PaperAgentLogger - INFO - ################## PaperArchitecture_map20x20_rho1_10Agent/K3_HS0/1765503544 - End of loop ##################  
 ####### Case259 	 Computation time:1.2183873653411865 	 Step40/40	- AllReachGoal-False

2025-12-12 02:52:04,528 - PaperAgentLogger - INFO - current rateReachGoal: 0
2025-12-12 02:52:04,544 - PaperAgentLogger - DEBUG - New map
2025-12-12 02:52:06,129 - PaperAgentLogger - INFO - ################## PaperArchitecture_map20x20_rho1_10Agent/K3_HS0/1765503544 - End of loop ##################  
 ####### Case260 	 Computation time:1.5848767757415771 	 Step52/56	- AllReachGoal-True

2025-12-12 02:52:06,130 - PaperAgentLogger - INFO - current rateReachGoal: 0
2025-12-12 02:52:06,146 - PaperAgentLogger - DEBUG - New map
2025-12-12 02:52:07,155 - PaperAgentLogger - INFO - ################## PaperArchitecture_map20x20_rho1_10Agent/K3_HS0/1765503544 - End of loop ##################  
 ####### Case261 	 Computation time:1.008906602859497 	 Step33/50	- AllReachGoal-True

2025-12-12 02:52:07,157 - PaperAgentLogger - INFO - current rateReachGoal: 0
2025-12-12 02:52:07,174 - PaperAgentLogger - DEBUG - New map
2025-12-12 02:52:08,214 - PaperAgentLogger - INFO - ################## PaperArchitecture_map20x20_rho1_10Agent/K3_HS0/1765503544 - End of loop ##################  
 ####### Case262 	 Computation time:1.0392184257507324 	 Step34/64	- AllReachGoal-True

2025-12-12 02:52:08,215 - PaperAgentLogger - INFO - current rateReachGoal: 0
2025-12-12 02:52:08,233 - PaperAgentLogger - DEBUG - New map
2025-12-12 02:52:10,357 - PaperAgentLogger - INFO - ################## PaperArchitecture_map20x20_rho1_10Agent/K3_HS0/1765503544 - End of loop ##################  
 ####### Case263 	 Computation time:2.123661994934082 	 Step70/70	- AllReachGoal-False

2025-12-12 02:52:10,358 - PaperAgentLogger - INFO - current rateReachGoal: 0
2025-12-12 02:52:10,374 - PaperAgentLogger - DEBUG - New map
2025-12-12 02:52:12,081 - PaperAgentLogger - INFO - ################## PaperArchitecture_map20x20_rho1_10Agent/K3_HS0/1765503544 - End of loop ##################  
 ####### Case264 	 Computation time:1.7065825462341309 	 Step56/56	- AllReachGoal-False

2025-12-12 02:52:12,081 - PaperAgentLogger - INFO - current rateReachGoal: 0
2025-12-12 02:52:12,096 - PaperAgentLogger - DEBUG - New map
2025-12-12 02:52:12,803 - PaperAgentLogger - INFO - ################## PaperArchitecture_map20x20_rho1_10Agent/K3_HS0/1765503544 - End of loop ##################  
 ####### Case265 	 Computation time:0.706021785736084 	 Step23/46	- AllReachGoal-True

2025-12-12 02:52:12,803 - PaperAgentLogger - INFO - current rateReachGoal: 0
2025-12-12 02:52:12,819 - PaperAgentLogger - DEBUG - New map
2025-12-12 02:52:13,584 - PaperAgentLogger - INFO - ################## PaperArchitecture_map20x20_rho1_10Agent/K3_HS0/1765503544 - End of loop ##################  
 ####### Case266 	 Computation time:0.7644655704498291 	 Step25/48	- AllReachGoal-True

2025-12-12 02:52:13,585 - PaperAgentLogger - INFO - current rateReachGoal: 0
2025-12-12 02:52:13,601 - PaperAgentLogger - DEBUG - New map
2025-12-12 02:52:15,221 - PaperAgentLogger - INFO - ################## PaperArchitecture_map20x20_rho1_10Agent/K3_HS0/1765503544 - End of loop ##################  
 ####### Case267 	 Computation time:1.6187074184417725 	 Step53/60	- AllReachGoal-True

2025-12-12 02:52:15,221 - PaperAgentLogger - INFO - current rateReachGoal: 0
2025-12-12 02:52:15,240 - PaperAgentLogger - DEBUG - New map
2025-12-12 02:52:16,090 - PaperAgentLogger - INFO - ################## PaperArchitecture_map20x20_rho1_10Agent/K3_HS0/1765503544 - End of loop ##################  
 ####### Case268 	 Computation time:0.8488960266113281 	 Step27/52	- AllReachGoal-True

2025-12-12 02:52:16,090 - PaperAgentLogger - INFO - current rateReachGoal: 0
2025-12-12 02:52:16,105 - PaperAgentLogger - DEBUG - New map
2025-12-12 02:52:16,893 - PaperAgentLogger - INFO - ################## PaperArchitecture_map20x20_rho1_10Agent/K3_HS0/1765503544 - End of loop ##################  
 ####### Case269 	 Computation time:0.786919355392456 	 Step25/50	- AllReachGoal-True

2025-12-12 02:52:16,893 - PaperAgentLogger - INFO - current rateReachGoal: 0
2025-12-12 02:52:16,914 - PaperAgentLogger - DEBUG - New map
2025-12-12 02:52:19,075 - PaperAgentLogger - INFO - ################## PaperArchitecture_map20x20_rho1_10Agent/K3_HS0/1765503544 - End of loop ##################  
 ####### Case270 	 Computation time:2.1607096195220947 	 Step70/70	- AllReachGoal-False

2025-12-12 02:52:19,076 - PaperAgentLogger - INFO - current rateReachGoal: 0
2025-12-12 02:52:19,091 - PaperAgentLogger - DEBUG - New map
2025-12-12 02:52:19,889 - PaperAgentLogger - INFO - ################## PaperArchitecture_map20x20_rho1_10Agent/K3_HS0/1765503544 - End of loop ##################  
 ####### Case271 	 Computation time:0.7979581356048584 	 Step26/50	- AllReachGoal-True

2025-12-12 02:52:19,890 - PaperAgentLogger - INFO - current rateReachGoal: 0
2025-12-12 02:52:19,907 - PaperAgentLogger - DEBUG - New map
2025-12-12 02:52:21,725 - PaperAgentLogger - INFO - ################## PaperArchitecture_map20x20_rho1_10Agent/K3_HS0/1765503544 - End of loop ##################  
 ####### Case272 	 Computation time:1.8182315826416016 	 Step60/60	- AllReachGoal-False

2025-12-12 02:52:21,726 - PaperAgentLogger - INFO - current rateReachGoal: 0
2025-12-12 02:52:21,739 - PaperAgentLogger - DEBUG - New map
2025-12-12 02:52:22,298 - PaperAgentLogger - INFO - ################## PaperArchitecture_map20x20_rho1_10Agent/K3_HS0/1765503544 - End of loop ##################  
 ####### Case273 	 Computation time:0.5592138767242432 	 Step18/32	- AllReachGoal-True

2025-12-12 02:52:22,299 - PaperAgentLogger - INFO - current rateReachGoal: 0
2025-12-12 02:52:22,315 - PaperAgentLogger - DEBUG - New map
2025-12-12 02:52:24,021 - PaperAgentLogger - INFO - ################## PaperArchitecture_map20x20_rho1_10Agent/K3_HS0/1765503544 - End of loop ##################  
 ####### Case274 	 Computation time:1.7054932117462158 	 Step56/56	- AllReachGoal-False

2025-12-12 02:52:24,022 - PaperAgentLogger - INFO - current rateReachGoal: 0
2025-12-12 02:52:24,039 - PaperAgentLogger - DEBUG - New map
2025-12-12 02:52:25,975 - PaperAgentLogger - INFO - ################## PaperArchitecture_map20x20_rho1_10Agent/K3_HS0/1765503544 - End of loop ##################  
 ####### Case275 	 Computation time:1.9362304210662842 	 Step64/64	- AllReachGoal-False

2025-12-12 02:52:25,976 - PaperAgentLogger - INFO - current rateReachGoal: 0
2025-12-12 02:52:25,993 - PaperAgentLogger - DEBUG - New map
2025-12-12 02:52:27,240 - PaperAgentLogger - INFO - ################## PaperArchitecture_map20x20_rho1_10Agent/K3_HS0/1765503544 - End of loop ##################  
 ####### Case276 	 Computation time:1.2464690208435059 	 Step41/62	- AllReachGoal-True

2025-12-12 02:52:27,241 - PaperAgentLogger - INFO - current rateReachGoal: 0
2025-12-12 02:52:27,256 - PaperAgentLogger - DEBUG - New map
2025-12-12 02:52:28,056 - PaperAgentLogger - INFO - ################## PaperArchitecture_map20x20_rho1_10Agent/K3_HS0/1765503544 - End of loop ##################  
 ####### Case277 	 Computation time:0.7995474338531494 	 Step26/50	- AllReachGoal-True

2025-12-12 02:52:28,057 - PaperAgentLogger - INFO - current rateReachGoal: 0
2025-12-12 02:52:28,072 - PaperAgentLogger - DEBUG - New map
2025-12-12 02:52:28,898 - PaperAgentLogger - INFO - ################## PaperArchitecture_map20x20_rho1_10Agent/K3_HS0/1765503544 - End of loop ##################  
 ####### Case278 	 Computation time:0.8260877132415771 	 Step27/50	- AllReachGoal-True

2025-12-12 02:52:28,901 - PaperAgentLogger - INFO - current rateReachGoal: 0
2025-12-12 02:52:28,916 - PaperAgentLogger - DEBUG - New map
2025-12-12 02:52:29,661 - PaperAgentLogger - INFO - ################## PaperArchitecture_map20x20_rho1_10Agent/K3_HS0/1765503544 - End of loop ##################  
 ####### Case279 	 Computation time:0.7446110248565674 	 Step24/46	- AllReachGoal-True

2025-12-12 02:52:29,661 - PaperAgentLogger - INFO - current rateReachGoal: 0
2025-12-12 02:52:29,677 - PaperAgentLogger - DEBUG - New map
2025-12-12 02:52:31,137 - PaperAgentLogger - INFO - ################## PaperArchitecture_map20x20_rho1_10Agent/K3_HS0/1765503544 - End of loop ##################  
 ####### Case280 	 Computation time:1.4594125747680664 	 Step48/48	- AllReachGoal-False

2025-12-12 02:52:31,137 - PaperAgentLogger - INFO - current rateReachGoal: 0
2025-12-12 02:52:31,152 - PaperAgentLogger - DEBUG - New map
2025-12-12 02:52:32,707 - PaperAgentLogger - INFO - ################## PaperArchitecture_map20x20_rho1_10Agent/K3_HS0/1765503544 - End of loop ##################  
 ####### Case281 	 Computation time:1.5538551807403564 	 Step50/50	- AllReachGoal-False

2025-12-12 02:52:32,707 - PaperAgentLogger - INFO - current rateReachGoal: 0
2025-12-12 02:52:32,723 - PaperAgentLogger - DEBUG - New map
2025-12-12 02:52:33,981 - PaperAgentLogger - INFO - ################## PaperArchitecture_map20x20_rho1_10Agent/K3_HS0/1765503544 - End of loop ##################  
 ####### Case282 	 Computation time:1.2578649520874023 	 Step40/50	- AllReachGoal-True

2025-12-12 02:52:33,983 - PaperAgentLogger - INFO - current rateReachGoal: 0
2025-12-12 02:52:33,999 - PaperAgentLogger - DEBUG - New map
2025-12-12 02:52:35,579 - PaperAgentLogger - INFO - ################## PaperArchitecture_map20x20_rho1_10Agent/K3_HS0/1765503544 - End of loop ##################  
 ####### Case283 	 Computation time:1.5790915489196777 	 Step52/52	- AllReachGoal-False

2025-12-12 02:52:35,580 - PaperAgentLogger - INFO - current rateReachGoal: 0
2025-12-12 02:52:35,595 - PaperAgentLogger - DEBUG - New map
2025-12-12 02:52:37,120 - PaperAgentLogger - INFO - ################## PaperArchitecture_map20x20_rho1_10Agent/K3_HS0/1765503544 - End of loop ##################  
 ####### Case284 	 Computation time:1.524594783782959 	 Step50/50	- AllReachGoal-False

2025-12-12 02:52:37,121 - PaperAgentLogger - INFO - current rateReachGoal: 0
2025-12-12 02:52:37,136 - PaperAgentLogger - DEBUG - New map
2025-12-12 02:52:37,870 - PaperAgentLogger - INFO - ################## PaperArchitecture_map20x20_rho1_10Agent/K3_HS0/1765503544 - End of loop ##################  
 ####### Case285 	 Computation time:0.733722448348999 	 Step24/46	- AllReachGoal-True

2025-12-12 02:52:37,871 - PaperAgentLogger - INFO - current rateReachGoal: 0
2025-12-12 02:52:37,887 - PaperAgentLogger - DEBUG - New map
2025-12-12 02:52:39,517 - PaperAgentLogger - INFO - ################## PaperArchitecture_map20x20_rho1_10Agent/K3_HS0/1765503544 - End of loop ##################  
 ####### Case286 	 Computation time:1.6298539638519287 	 Step54/54	- AllReachGoal-False

2025-12-12 02:52:39,518 - PaperAgentLogger - INFO - current rateReachGoal: 0
2025-12-12 02:52:39,534 - PaperAgentLogger - DEBUG - New map
2025-12-12 02:52:40,477 - PaperAgentLogger - INFO - ################## PaperArchitecture_map20x20_rho1_10Agent/K3_HS0/1765503544 - End of loop ##################  
 ####### Case287 	 Computation time:0.942375898361206 	 Step31/58	- AllReachGoal-True

2025-12-12 02:52:40,478 - PaperAgentLogger - INFO - current rateReachGoal: 0
2025-12-12 02:52:40,492 - PaperAgentLogger - DEBUG - New map
2025-12-12 02:52:41,256 - PaperAgentLogger - INFO - ################## PaperArchitecture_map20x20_rho1_10Agent/K3_HS0/1765503544 - End of loop ##################  
 ####### Case288 	 Computation time:0.7631676197052002 	 Step25/50	- AllReachGoal-True

2025-12-12 02:52:41,257 - PaperAgentLogger - INFO - current rateReachGoal: 0
2025-12-12 02:52:41,271 - PaperAgentLogger - DEBUG - New map
2025-12-12 02:52:41,917 - PaperAgentLogger - INFO - ################## PaperArchitecture_map20x20_rho1_10Agent/K3_HS0/1765503544 - End of loop ##################  
 ####### Case289 	 Computation time:0.6456344127655029 	 Step21/40	- AllReachGoal-True

2025-12-12 02:52:41,917 - PaperAgentLogger - INFO - current rateReachGoal: 0
2025-12-12 02:52:41,933 - PaperAgentLogger - DEBUG - New map
2025-12-12 02:52:43,092 - PaperAgentLogger - INFO - ################## PaperArchitecture_map20x20_rho1_10Agent/K3_HS0/1765503544 - End of loop ##################  
 ####### Case290 	 Computation time:1.159045696258545 	 Step38/54	- AllReachGoal-True

2025-12-12 02:52:43,093 - PaperAgentLogger - INFO - current rateReachGoal: 0
2025-12-12 02:52:43,109 - PaperAgentLogger - DEBUG - New map
2025-12-12 02:52:44,926 - PaperAgentLogger - INFO - ################## PaperArchitecture_map20x20_rho1_10Agent/K3_HS0/1765503544 - End of loop ##################  
 ####### Case291 	 Computation time:1.8160200119018555 	 Step60/60	- AllReachGoal-False

2025-12-12 02:52:44,928 - PaperAgentLogger - INFO - current rateReachGoal: 0
2025-12-12 02:52:44,942 - PaperAgentLogger - DEBUG - New map
2025-12-12 02:52:45,646 - PaperAgentLogger - INFO - ################## PaperArchitecture_map20x20_rho1_10Agent/K3_HS0/1765503544 - End of loop ##################  
 ####### Case292 	 Computation time:0.7034025192260742 	 Step23/40	- AllReachGoal-True

2025-12-12 02:52:45,646 - PaperAgentLogger - INFO - current rateReachGoal: 0
2025-12-12 02:52:45,664 - PaperAgentLogger - DEBUG - New map
2025-12-12 02:52:46,762 - PaperAgentLogger - INFO - ################## PaperArchitecture_map20x20_rho1_10Agent/K3_HS0/1765503544 - End of loop ##################  
 ####### Case293 	 Computation time:1.0970044136047363 	 Step36/70	- AllReachGoal-True

2025-12-12 02:52:46,763 - PaperAgentLogger - INFO - current rateReachGoal: 0
2025-12-12 02:52:46,779 - PaperAgentLogger - DEBUG - New map
2025-12-12 02:52:48,539 - PaperAgentLogger - INFO - ################## PaperArchitecture_map20x20_rho1_10Agent/K3_HS0/1765503544 - End of loop ##################  
 ####### Case294 	 Computation time:1.7595453262329102 	 Step58/58	- AllReachGoal-False

2025-12-12 02:52:48,540 - PaperAgentLogger - INFO - current rateReachGoal: 0
2025-12-12 02:52:48,556 - PaperAgentLogger - DEBUG - New map
2025-12-12 02:52:50,328 - PaperAgentLogger - INFO - ################## PaperArchitecture_map20x20_rho1_10Agent/K3_HS0/1765503544 - End of loop ##################  
 ####### Case295 	 Computation time:1.771214485168457 	 Step58/58	- AllReachGoal-False

2025-12-12 02:52:50,330 - PaperAgentLogger - INFO - current rateReachGoal: 0
2025-12-12 02:52:50,347 - PaperAgentLogger - DEBUG - New map
2025-12-12 02:52:51,206 - PaperAgentLogger - INFO - ################## PaperArchitecture_map20x20_rho1_10Agent/K3_HS0/1765503544 - End of loop ##################  
 ####### Case296 	 Computation time:0.8585672378540039 	 Step28/56	- AllReachGoal-True

2025-12-12 02:52:51,207 - PaperAgentLogger - INFO - current rateReachGoal: 0
2025-12-12 02:52:51,222 - PaperAgentLogger - DEBUG - New map
2025-12-12 02:52:52,810 - PaperAgentLogger - INFO - ################## PaperArchitecture_map20x20_rho1_10Agent/K3_HS0/1765503544 - End of loop ##################  
 ####### Case297 	 Computation time:1.5881986618041992 	 Step52/52	- AllReachGoal-False

2025-12-12 02:52:52,811 - PaperAgentLogger - INFO - current rateReachGoal: 0
2025-12-12 02:52:52,828 - PaperAgentLogger - DEBUG - New map
2025-12-12 02:52:54,655 - PaperAgentLogger - INFO - ################## PaperArchitecture_map20x20_rho1_10Agent/K3_HS0/1765503544 - End of loop ##################  
 ####### Case298 	 Computation time:1.8265502452850342 	 Step60/60	- AllReachGoal-False

2025-12-12 02:52:54,656 - PaperAgentLogger - INFO - current rateReachGoal: 0
2025-12-12 02:52:54,671 - PaperAgentLogger - DEBUG - New map
2025-12-12 02:52:56,074 - PaperAgentLogger - INFO - ################## PaperArchitecture_map20x20_rho1_10Agent/K3_HS0/1765503544 - End of loop ##################  
 ####### Case299 	 Computation time:1.4032719135284424 	 Step46/46	- AllReachGoal-False

2025-12-12 02:52:56,077 - PaperAgentLogger - INFO - current rateReachGoal: 0
2025-12-12 02:52:56,093 - PaperAgentLogger - DEBUG - New map
2025-12-12 02:52:57,800 - PaperAgentLogger - INFO - ################## PaperArchitecture_map20x20_rho1_10Agent/K3_HS0/1765503544 - End of loop ##################  
 ####### Case300 	 Computation time:1.706380844116211 	 Step56/56	- AllReachGoal-False

2025-12-12 02:52:57,801 - PaperAgentLogger - INFO - current rateReachGoal: 0
2025-12-12 02:52:57,818 - PaperAgentLogger - DEBUG - New map
2025-12-12 02:52:59,555 - PaperAgentLogger - INFO - ################## PaperArchitecture_map20x20_rho1_10Agent/K3_HS0/1765503544 - End of loop ##################  
 ####### Case301 	 Computation time:1.736158847808838 	 Step57/66	- AllReachGoal-True

2025-12-12 02:52:59,555 - PaperAgentLogger - INFO - current rateReachGoal: 0
2025-12-12 02:52:59,571 - PaperAgentLogger - DEBUG - New map
2025-12-12 02:53:00,520 - PaperAgentLogger - INFO - ################## PaperArchitecture_map20x20_rho1_10Agent/K3_HS0/1765503544 - End of loop ##################  
 ####### Case302 	 Computation time:0.9482135772705078 	 Step31/56	- AllReachGoal-True

2025-12-12 02:53:00,521 - PaperAgentLogger - INFO - current rateReachGoal: 0
2025-12-12 02:53:00,537 - PaperAgentLogger - DEBUG - New map
2025-12-12 02:53:02,176 - PaperAgentLogger - INFO - ################## PaperArchitecture_map20x20_rho1_10Agent/K3_HS0/1765503544 - End of loop ##################  
 ####### Case303 	 Computation time:1.6387441158294678 	 Step54/54	- AllReachGoal-False

2025-12-12 02:53:02,176 - PaperAgentLogger - INFO - current rateReachGoal: 0
2025-12-12 02:53:02,191 - PaperAgentLogger - DEBUG - New map
2025-12-12 02:53:02,837 - PaperAgentLogger - INFO - ################## PaperArchitecture_map20x20_rho1_10Agent/K3_HS0/1765503544 - End of loop ##################  
 ####### Case304 	 Computation time:0.645573616027832 	 Step21/42	- AllReachGoal-True

2025-12-12 02:53:02,837 - PaperAgentLogger - INFO - current rateReachGoal: 0
2025-12-12 02:53:02,854 - PaperAgentLogger - DEBUG - New map
2025-12-12 02:53:04,740 - PaperAgentLogger - INFO - ################## PaperArchitecture_map20x20_rho1_10Agent/K3_HS0/1765503544 - End of loop ##################  
 ####### Case305 	 Computation time:1.8850550651550293 	 Step62/62	- AllReachGoal-False

2025-12-12 02:53:04,740 - PaperAgentLogger - INFO - current rateReachGoal: 0
2025-12-12 02:53:04,753 - PaperAgentLogger - DEBUG - New map
2025-12-12 02:53:05,460 - PaperAgentLogger - INFO - ################## PaperArchitecture_map20x20_rho1_10Agent/K3_HS0/1765503544 - End of loop ##################  
 ####### Case306 	 Computation time:0.7065355777740479 	 Step23/38	- AllReachGoal-True

2025-12-12 02:53:05,461 - PaperAgentLogger - INFO - current rateReachGoal: 0
2025-12-12 02:53:05,477 - PaperAgentLogger - DEBUG - New map
2025-12-12 02:53:06,544 - PaperAgentLogger - INFO - ################## PaperArchitecture_map20x20_rho1_10Agent/K3_HS0/1765503544 - End of loop ##################  
 ####### Case307 	 Computation time:1.0668597221374512 	 Step35/58	- AllReachGoal-True

2025-12-12 02:53:06,545 - PaperAgentLogger - INFO - current rateReachGoal: 0
2025-12-12 02:53:06,561 - PaperAgentLogger - DEBUG - New map
2025-12-12 02:53:08,261 - PaperAgentLogger - INFO - ################## PaperArchitecture_map20x20_rho1_10Agent/K3_HS0/1765503544 - End of loop ##################  
 ####### Case308 	 Computation time:1.6990833282470703 	 Step56/56	- AllReachGoal-False

2025-12-12 02:53:08,261 - PaperAgentLogger - INFO - current rateReachGoal: 0
2025-12-12 02:53:08,276 - PaperAgentLogger - DEBUG - New map
2025-12-12 02:53:09,680 - PaperAgentLogger - INFO - ################## PaperArchitecture_map20x20_rho1_10Agent/K3_HS0/1765503544 - End of loop ##################  
 ####### Case309 	 Computation time:1.4035003185272217 	 Step46/46	- AllReachGoal-False

2025-12-12 02:53:09,681 - PaperAgentLogger - INFO - current rateReachGoal: 0
2025-12-12 02:53:09,697 - PaperAgentLogger - DEBUG - New map
2025-12-12 02:53:11,407 - PaperAgentLogger - INFO - ################## PaperArchitecture_map20x20_rho1_10Agent/K3_HS0/1765503544 - End of loop ##################  
 ####### Case310 	 Computation time:1.7094590663909912 	 Step56/56	- AllReachGoal-False

2025-12-12 02:53:11,407 - PaperAgentLogger - INFO - current rateReachGoal: 0
2025-12-12 02:53:11,423 - PaperAgentLogger - DEBUG - New map
2025-12-12 02:53:12,490 - PaperAgentLogger - INFO - ################## PaperArchitecture_map20x20_rho1_10Agent/K3_HS0/1765503544 - End of loop ##################  
 ####### Case311 	 Computation time:1.0660295486450195 	 Step35/52	- AllReachGoal-True

2025-12-12 02:53:12,490 - PaperAgentLogger - INFO - current rateReachGoal: 0
2025-12-12 02:53:12,506 - PaperAgentLogger - DEBUG - New map
2025-12-12 02:53:13,514 - PaperAgentLogger - INFO - ################## PaperArchitecture_map20x20_rho1_10Agent/K3_HS0/1765503544 - End of loop ##################  
 ####### Case312 	 Computation time:1.0072150230407715 	 Step33/50	- AllReachGoal-True

2025-12-12 02:53:13,514 - PaperAgentLogger - INFO - current rateReachGoal: 0
2025-12-12 02:53:13,531 - PaperAgentLogger - DEBUG - New map
2025-12-12 02:53:15,424 - PaperAgentLogger - INFO - ################## PaperArchitecture_map20x20_rho1_10Agent/K3_HS0/1765503544 - End of loop ##################  
 ####### Case313 	 Computation time:1.8927030563354492 	 Step62/62	- AllReachGoal-False

2025-12-12 02:53:15,425 - PaperAgentLogger - INFO - current rateReachGoal: 0
2025-12-12 02:53:15,440 - PaperAgentLogger - DEBUG - New map
2025-12-12 02:53:17,067 - PaperAgentLogger - INFO - ################## PaperArchitecture_map20x20_rho1_10Agent/K3_HS0/1765503544 - End of loop ##################  
 ####### Case314 	 Computation time:1.6257812976837158 	 Step52/52	- AllReachGoal-False

2025-12-12 02:53:17,067 - PaperAgentLogger - INFO - current rateReachGoal: 0
2025-12-12 02:53:17,084 - PaperAgentLogger - DEBUG - New map
2025-12-12 02:53:18,311 - PaperAgentLogger - INFO - ################## PaperArchitecture_map20x20_rho1_10Agent/K3_HS0/1765503544 - End of loop ##################  
 ####### Case315 	 Computation time:1.2267441749572754 	 Step39/54	- AllReachGoal-True

2025-12-12 02:53:18,312 - PaperAgentLogger - INFO - current rateReachGoal: 0
2025-12-12 02:53:18,327 - PaperAgentLogger - DEBUG - New map
2025-12-12 02:53:19,826 - PaperAgentLogger - INFO - ################## PaperArchitecture_map20x20_rho1_10Agent/K3_HS0/1765503544 - End of loop ##################  
 ####### Case316 	 Computation time:1.4981577396392822 	 Step48/48	- AllReachGoal-False

2025-12-12 02:53:19,827 - PaperAgentLogger - INFO - current rateReachGoal: 0
2025-12-12 02:53:19,843 - PaperAgentLogger - DEBUG - New map
2025-12-12 02:53:21,537 - PaperAgentLogger - INFO - ################## PaperArchitecture_map20x20_rho1_10Agent/K3_HS0/1765503544 - End of loop ##################  
 ####### Case317 	 Computation time:1.6935539245605469 	 Step54/54	- AllReachGoal-False

2025-12-12 02:53:21,537 - PaperAgentLogger - INFO - current rateReachGoal: 0
2025-12-12 02:53:21,554 - PaperAgentLogger - DEBUG - New map
2025-12-12 02:53:22,439 - PaperAgentLogger - INFO - ################## PaperArchitecture_map20x20_rho1_10Agent/K3_HS0/1765503544 - End of loop ##################  
 ####### Case318 	 Computation time:0.8846232891082764 	 Step28/56	- AllReachGoal-True

2025-12-12 02:53:22,440 - PaperAgentLogger - INFO - current rateReachGoal: 0
2025-12-12 02:53:22,457 - PaperAgentLogger - DEBUG - New map
2025-12-12 02:53:23,466 - PaperAgentLogger - INFO - ################## PaperArchitecture_map20x20_rho1_10Agent/K3_HS0/1765503544 - End of loop ##################  
 ####### Case319 	 Computation time:1.008061170578003 	 Step32/60	- AllReachGoal-True

2025-12-12 02:53:23,467 - PaperAgentLogger - INFO - current rateReachGoal: 0
2025-12-12 02:53:23,483 - PaperAgentLogger - DEBUG - New map
2025-12-12 02:53:24,425 - PaperAgentLogger - INFO - ################## PaperArchitecture_map20x20_rho1_10Agent/K3_HS0/1765503544 - End of loop ##################  
 ####### Case320 	 Computation time:0.9421746730804443 	 Step30/54	- AllReachGoal-True

2025-12-12 02:53:24,426 - PaperAgentLogger - INFO - current rateReachGoal: 0
2025-12-12 02:53:24,442 - PaperAgentLogger - DEBUG - New map
2025-12-12 02:53:26,126 - PaperAgentLogger - INFO - ################## PaperArchitecture_map20x20_rho1_10Agent/K3_HS0/1765503544 - End of loop ##################  
 ####### Case321 	 Computation time:1.682729721069336 	 Step54/54	- AllReachGoal-False

2025-12-12 02:53:26,126 - PaperAgentLogger - INFO - current rateReachGoal: 0
2025-12-12 02:53:26,142 - PaperAgentLogger - DEBUG - New map
2025-12-12 02:53:26,989 - PaperAgentLogger - INFO - ################## PaperArchitecture_map20x20_rho1_10Agent/K3_HS0/1765503544 - End of loop ##################  
 ####### Case322 	 Computation time:0.8464267253875732 	 Step27/50	- AllReachGoal-True

2025-12-12 02:53:26,990 - PaperAgentLogger - INFO - current rateReachGoal: 0
2025-12-12 02:53:27,005 - PaperAgentLogger - DEBUG - New map
2025-12-12 02:53:28,377 - PaperAgentLogger - INFO - ################## PaperArchitecture_map20x20_rho1_10Agent/K3_HS0/1765503544 - End of loop ##################  
 ####### Case323 	 Computation time:1.3718717098236084 	 Step44/44	- AllReachGoal-False

2025-12-12 02:53:28,378 - PaperAgentLogger - INFO - current rateReachGoal: 0
2025-12-12 02:53:28,395 - PaperAgentLogger - DEBUG - New map
2025-12-12 02:53:29,308 - PaperAgentLogger - INFO - ################## PaperArchitecture_map20x20_rho1_10Agent/K3_HS0/1765503544 - End of loop ##################  
 ####### Case324 	 Computation time:0.9128739833831787 	 Step29/58	- AllReachGoal-True

2025-12-12 02:53:29,309 - PaperAgentLogger - INFO - current rateReachGoal: 0
2025-12-12 02:53:29,326 - PaperAgentLogger - DEBUG - New map
2025-12-12 02:53:30,416 - PaperAgentLogger - INFO - ################## PaperArchitecture_map20x20_rho1_10Agent/K3_HS0/1765503544 - End of loop ##################  
 ####### Case325 	 Computation time:1.0895283222198486 	 Step35/62	- AllReachGoal-True

2025-12-12 02:53:30,417 - PaperAgentLogger - INFO - current rateReachGoal: 0
2025-12-12 02:53:30,431 - PaperAgentLogger - DEBUG - New map
2025-12-12 02:53:31,647 - PaperAgentLogger - INFO - ################## PaperArchitecture_map20x20_rho1_10Agent/K3_HS0/1765503544 - End of loop ##################  
 ####### Case326 	 Computation time:1.2149310111999512 	 Step40/44	- AllReachGoal-True

2025-12-12 02:53:31,648 - PaperAgentLogger - INFO - current rateReachGoal: 0
2025-12-12 02:53:31,663 - PaperAgentLogger - DEBUG - New map
2025-12-12 02:53:33,188 - PaperAgentLogger - INFO - ################## PaperArchitecture_map20x20_rho1_10Agent/K3_HS0/1765503544 - End of loop ##################  
 ####### Case327 	 Computation time:1.5245568752288818 	 Step50/50	- AllReachGoal-False

2025-12-12 02:53:33,189 - PaperAgentLogger - INFO - current rateReachGoal: 0
2025-12-12 02:53:33,204 - PaperAgentLogger - DEBUG - New map
2025-12-12 02:53:34,096 - PaperAgentLogger - INFO - ################## PaperArchitecture_map20x20_rho1_10Agent/K3_HS0/1765503544 - End of loop ##################  
 ####### Case328 	 Computation time:0.8916053771972656 	 Step29/50	- AllReachGoal-True

2025-12-12 02:53:34,097 - PaperAgentLogger - INFO - current rateReachGoal: 0
2025-12-12 02:53:34,112 - PaperAgentLogger - DEBUG - New map
2025-12-12 02:53:35,453 - PaperAgentLogger - INFO - ################## PaperArchitecture_map20x20_rho1_10Agent/K3_HS0/1765503544 - End of loop ##################  
 ####### Case329 	 Computation time:1.3411893844604492 	 Step44/48	- AllReachGoal-True

2025-12-12 02:53:35,454 - PaperAgentLogger - INFO - current rateReachGoal: 0
2025-12-12 02:53:35,471 - PaperAgentLogger - DEBUG - New map
2025-12-12 02:53:36,449 - PaperAgentLogger - INFO - ################## PaperArchitecture_map20x20_rho1_10Agent/K3_HS0/1765503544 - End of loop ##################  
 ####### Case330 	 Computation time:0.9774918556213379 	 Step32/58	- AllReachGoal-True

2025-12-12 02:53:36,451 - PaperAgentLogger - INFO - current rateReachGoal: 0
2025-12-12 02:53:36,465 - PaperAgentLogger - DEBUG - New map
2025-12-12 02:53:37,818 - PaperAgentLogger - INFO - ################## PaperArchitecture_map20x20_rho1_10Agent/K3_HS0/1765503544 - End of loop ##################  
 ####### Case331 	 Computation time:1.3519277572631836 	 Step44/44	- AllReachGoal-False

2025-12-12 02:53:37,818 - PaperAgentLogger - INFO - current rateReachGoal: 0
2025-12-12 02:53:37,835 - PaperAgentLogger - DEBUG - New map
2025-12-12 02:53:38,784 - PaperAgentLogger - INFO - ################## PaperArchitecture_map20x20_rho1_10Agent/K3_HS0/1765503544 - End of loop ##################  
 ####### Case332 	 Computation time:0.9488162994384766 	 Step31/58	- AllReachGoal-True

2025-12-12 02:53:38,785 - PaperAgentLogger - INFO - current rateReachGoal: 0
2025-12-12 02:53:38,801 - PaperAgentLogger - DEBUG - New map
2025-12-12 02:53:39,661 - PaperAgentLogger - INFO - ################## PaperArchitecture_map20x20_rho1_10Agent/K3_HS0/1765503544 - End of loop ##################  
 ####### Case333 	 Computation time:0.8596956729888916 	 Step28/56	- AllReachGoal-True

2025-12-12 02:53:39,662 - PaperAgentLogger - INFO - current rateReachGoal: 0
2025-12-12 02:53:39,678 - PaperAgentLogger - DEBUG - New map
2025-12-12 02:53:40,992 - PaperAgentLogger - INFO - ################## PaperArchitecture_map20x20_rho1_10Agent/K3_HS0/1765503544 - End of loop ##################  
 ####### Case334 	 Computation time:1.3129448890686035 	 Step43/58	- AllReachGoal-True

2025-12-12 02:53:40,993 - PaperAgentLogger - INFO - current rateReachGoal: 0
2025-12-12 02:53:41,008 - PaperAgentLogger - DEBUG - New map
2025-12-12 02:53:41,932 - PaperAgentLogger - INFO - ################## PaperArchitecture_map20x20_rho1_10Agent/K3_HS0/1765503544 - End of loop ##################  
 ####### Case335 	 Computation time:0.9230904579162598 	 Step30/56	- AllReachGoal-True

2025-12-12 02:53:41,934 - PaperAgentLogger - INFO - current rateReachGoal: 0
2025-12-12 02:53:41,951 - PaperAgentLogger - DEBUG - New map
2025-12-12 02:53:43,406 - PaperAgentLogger - INFO - ################## PaperArchitecture_map20x20_rho1_10Agent/K3_HS0/1765503544 - End of loop ##################  
 ####### Case336 	 Computation time:1.454350471496582 	 Step48/58	- AllReachGoal-True

2025-12-12 02:53:43,406 - PaperAgentLogger - INFO - current rateReachGoal: 0
2025-12-12 02:53:43,421 - PaperAgentLogger - DEBUG - New map
2025-12-12 02:53:44,668 - PaperAgentLogger - INFO - ################## PaperArchitecture_map20x20_rho1_10Agent/K3_HS0/1765503544 - End of loop ##################  
 ####### Case337 	 Computation time:1.2470619678497314 	 Step41/46	- AllReachGoal-True

2025-12-12 02:53:44,669 - PaperAgentLogger - INFO - current rateReachGoal: 0
2025-12-12 02:53:44,684 - PaperAgentLogger - DEBUG - New map
2025-12-12 02:53:45,421 - PaperAgentLogger - INFO - ################## PaperArchitecture_map20x20_rho1_10Agent/K3_HS0/1765503544 - End of loop ##################  
 ####### Case338 	 Computation time:0.7363085746765137 	 Step24/48	- AllReachGoal-True

2025-12-12 02:53:45,421 - PaperAgentLogger - INFO - current rateReachGoal: 0
2025-12-12 02:53:45,437 - PaperAgentLogger - DEBUG - New map
2025-12-12 02:53:46,326 - PaperAgentLogger - INFO - ################## PaperArchitecture_map20x20_rho1_10Agent/K3_HS0/1765503544 - End of loop ##################  
 ####### Case339 	 Computation time:0.888063907623291 	 Step29/58	- AllReachGoal-True

2025-12-12 02:53:46,327 - PaperAgentLogger - INFO - current rateReachGoal: 0
2025-12-12 02:53:46,341 - PaperAgentLogger - DEBUG - New map
2025-12-12 02:53:47,677 - PaperAgentLogger - INFO - ################## PaperArchitecture_map20x20_rho1_10Agent/K3_HS0/1765503544 - End of loop ##################  
 ####### Case340 	 Computation time:1.335798978805542 	 Step44/44	- AllReachGoal-False

2025-12-12 02:53:47,678 - PaperAgentLogger - INFO - current rateReachGoal: 0
2025-12-12 02:53:47,694 - PaperAgentLogger - DEBUG - New map
2025-12-12 02:53:48,702 - PaperAgentLogger - INFO - ################## PaperArchitecture_map20x20_rho1_10Agent/K3_HS0/1765503544 - End of loop ##################  
 ####### Case341 	 Computation time:1.0071783065795898 	 Step33/56	- AllReachGoal-True

2025-12-12 02:53:48,702 - PaperAgentLogger - INFO - current rateReachGoal: 0
2025-12-12 02:53:48,717 - PaperAgentLogger - DEBUG - New map
2025-12-12 02:53:50,176 - PaperAgentLogger - INFO - ################## PaperArchitecture_map20x20_rho1_10Agent/K3_HS0/1765503544 - End of loop ##################  
 ####### Case342 	 Computation time:1.458559274673462 	 Step48/48	- AllReachGoal-False

2025-12-12 02:53:50,177 - PaperAgentLogger - INFO - current rateReachGoal: 0
2025-12-12 02:53:50,192 - PaperAgentLogger - DEBUG - New map
2025-12-12 02:53:51,083 - PaperAgentLogger - INFO - ################## PaperArchitecture_map20x20_rho1_10Agent/K3_HS0/1765503544 - End of loop ##################  
 ####### Case343 	 Computation time:0.8904151916503906 	 Step29/50	- AllReachGoal-True

2025-12-12 02:53:51,084 - PaperAgentLogger - INFO - current rateReachGoal: 0
2025-12-12 02:53:51,099 - PaperAgentLogger - DEBUG - New map
2025-12-12 02:53:52,708 - PaperAgentLogger - INFO - ################## PaperArchitecture_map20x20_rho1_10Agent/K3_HS0/1765503544 - End of loop ##################  
 ####### Case344 	 Computation time:1.6080973148345947 	 Step52/52	- AllReachGoal-False

2025-12-12 02:53:52,710 - PaperAgentLogger - INFO - current rateReachGoal: 0
2025-12-12 02:53:52,726 - PaperAgentLogger - DEBUG - New map
2025-12-12 02:53:54,349 - PaperAgentLogger - INFO - ################## PaperArchitecture_map20x20_rho1_10Agent/K3_HS0/1765503544 - End of loop ##################  
 ####### Case345 	 Computation time:1.6227054595947266 	 Step52/52	- AllReachGoal-False

2025-12-12 02:53:54,350 - PaperAgentLogger - INFO - current rateReachGoal: 0
2025-12-12 02:53:54,366 - PaperAgentLogger - DEBUG - New map
2025-12-12 02:53:55,932 - PaperAgentLogger - INFO - ################## PaperArchitecture_map20x20_rho1_10Agent/K3_HS0/1765503544 - End of loop ##################  
 ####### Case346 	 Computation time:1.5656988620758057 	 Step50/50	- AllReachGoal-False

2025-12-12 02:53:55,933 - PaperAgentLogger - INFO - current rateReachGoal: 0
2025-12-12 02:53:55,949 - PaperAgentLogger - DEBUG - New map
2025-12-12 02:53:56,829 - PaperAgentLogger - INFO - ################## PaperArchitecture_map20x20_rho1_10Agent/K3_HS0/1765503544 - End of loop ##################  
 ####### Case347 	 Computation time:0.8796396255493164 	 Step28/52	- AllReachGoal-True

2025-12-12 02:53:56,829 - PaperAgentLogger - INFO - current rateReachGoal: 0
2025-12-12 02:53:56,845 - PaperAgentLogger - DEBUG - New map
2025-12-12 02:53:58,377 - PaperAgentLogger - INFO - ################## PaperArchitecture_map20x20_rho1_10Agent/K3_HS0/1765503544 - End of loop ##################  
 ####### Case348 	 Computation time:1.5310659408569336 	 Step49/50	- AllReachGoal-True

2025-12-12 02:53:58,379 - PaperAgentLogger - INFO - current rateReachGoal: 0
2025-12-12 02:53:58,396 - PaperAgentLogger - DEBUG - New map
2025-12-12 02:53:59,557 - PaperAgentLogger - INFO - ################## PaperArchitecture_map20x20_rho1_10Agent/K3_HS0/1765503544 - End of loop ##################  
 ####### Case349 	 Computation time:1.16068696975708 	 Step37/54	- AllReachGoal-True

2025-12-12 02:53:59,557 - PaperAgentLogger - INFO - current rateReachGoal: 0
2025-12-12 02:53:59,576 - PaperAgentLogger - DEBUG - New map
2025-12-12 02:54:01,769 - PaperAgentLogger - INFO - ################## PaperArchitecture_map20x20_rho1_10Agent/K3_HS0/1765503544 - End of loop ##################  
 ####### Case350 	 Computation time:2.1928484439849854 	 Step68/68	- AllReachGoal-False

2025-12-12 02:54:01,770 - PaperAgentLogger - INFO - current rateReachGoal: 0
2025-12-12 02:54:01,785 - PaperAgentLogger - DEBUG - New map
2025-12-12 02:54:03,292 - PaperAgentLogger - INFO - ################## PaperArchitecture_map20x20_rho1_10Agent/K3_HS0/1765503544 - End of loop ##################  
 ####### Case351 	 Computation time:1.5065481662750244 	 Step48/48	- AllReachGoal-False

2025-12-12 02:54:03,293 - PaperAgentLogger - INFO - current rateReachGoal: 0
2025-12-12 02:54:03,310 - PaperAgentLogger - DEBUG - New map
2025-12-12 02:54:05,006 - PaperAgentLogger - INFO - ################## PaperArchitecture_map20x20_rho1_10Agent/K3_HS0/1765503544 - End of loop ##################  
 ####### Case352 	 Computation time:1.695099115371704 	 Step54/54	- AllReachGoal-False

2025-12-12 02:54:05,006 - PaperAgentLogger - INFO - current rateReachGoal: 0
2025-12-12 02:54:05,023 - PaperAgentLogger - DEBUG - New map
2025-12-12 02:54:06,340 - PaperAgentLogger - INFO - ################## PaperArchitecture_map20x20_rho1_10Agent/K3_HS0/1765503544 - End of loop ##################  
 ####### Case353 	 Computation time:1.31605863571167 	 Step42/52	- AllReachGoal-True

2025-12-12 02:54:06,340 - PaperAgentLogger - INFO - current rateReachGoal: 0
2025-12-12 02:54:06,359 - PaperAgentLogger - DEBUG - New map
2025-12-12 02:54:08,547 - PaperAgentLogger - INFO - ################## PaperArchitecture_map20x20_rho1_10Agent/K3_HS0/1765503544 - End of loop ##################  
 ####### Case354 	 Computation time:2.1871705055236816 	 Step70/70	- AllReachGoal-False

2025-12-12 02:54:08,547 - PaperAgentLogger - INFO - current rateReachGoal: 0
2025-12-12 02:54:08,563 - PaperAgentLogger - DEBUG - New map
2025-12-12 02:54:09,413 - PaperAgentLogger - INFO - ################## PaperArchitecture_map20x20_rho1_10Agent/K3_HS0/1765503544 - End of loop ##################  
 ####### Case355 	 Computation time:0.8489871025085449 	 Step27/50	- AllReachGoal-True

2025-12-12 02:54:09,415 - PaperAgentLogger - INFO - current rateReachGoal: 0
2025-12-12 02:54:09,433 - PaperAgentLogger - DEBUG - New map
2025-12-12 02:54:11,492 - PaperAgentLogger - INFO - ################## PaperArchitecture_map20x20_rho1_10Agent/K3_HS0/1765503544 - End of loop ##################  
 ####### Case356 	 Computation time:2.059244155883789 	 Step66/66	- AllReachGoal-False

2025-12-12 02:54:11,493 - PaperAgentLogger - INFO - current rateReachGoal: 0
2025-12-12 02:54:11,510 - PaperAgentLogger - DEBUG - New map
2025-12-12 02:54:13,138 - PaperAgentLogger - INFO - ################## PaperArchitecture_map20x20_rho1_10Agent/K3_HS0/1765503544 - End of loop ##################  
 ####### Case357 	 Computation time:1.6278910636901855 	 Step52/52	- AllReachGoal-False

2025-12-12 02:54:13,139 - PaperAgentLogger - INFO - current rateReachGoal: 0
2025-12-12 02:54:13,154 - PaperAgentLogger - DEBUG - New map
2025-12-12 02:54:14,098 - PaperAgentLogger - INFO - ################## PaperArchitecture_map20x20_rho1_10Agent/K3_HS0/1765503544 - End of loop ##################  
 ####### Case358 	 Computation time:0.9439771175384521 	 Step30/48	- AllReachGoal-True

2025-12-12 02:54:14,099 - PaperAgentLogger - INFO - current rateReachGoal: 0
2025-12-12 02:54:14,114 - PaperAgentLogger - DEBUG - New map
2025-12-12 02:54:15,427 - PaperAgentLogger - INFO - ################## PaperArchitecture_map20x20_rho1_10Agent/K3_HS0/1765503544 - End of loop ##################  
 ####### Case359 	 Computation time:1.3129689693450928 	 Step42/42	- AllReachGoal-False

2025-12-12 02:54:15,428 - PaperAgentLogger - INFO - current rateReachGoal: 0
2025-12-12 02:54:15,444 - PaperAgentLogger - DEBUG - New map
2025-12-12 02:54:17,014 - PaperAgentLogger - INFO - ################## PaperArchitecture_map20x20_rho1_10Agent/K3_HS0/1765503544 - End of loop ##################  
 ####### Case360 	 Computation time:1.5696744918823242 	 Step50/50	- AllReachGoal-False

2025-12-12 02:54:17,015 - PaperAgentLogger - INFO - current rateReachGoal: 0
2025-12-12 02:54:17,031 - PaperAgentLogger - DEBUG - New map
2025-12-12 02:54:18,662 - PaperAgentLogger - INFO - ################## PaperArchitecture_map20x20_rho1_10Agent/K3_HS0/1765503544 - End of loop ##################  
 ####### Case361 	 Computation time:1.6306860446929932 	 Step52/52	- AllReachGoal-False

2025-12-12 02:54:18,663 - PaperAgentLogger - INFO - current rateReachGoal: 0
2025-12-12 02:54:18,679 - PaperAgentLogger - DEBUG - New map
2025-12-12 02:54:20,313 - PaperAgentLogger - INFO - ################## PaperArchitecture_map20x20_rho1_10Agent/K3_HS0/1765503544 - End of loop ##################  
 ####### Case362 	 Computation time:1.6337127685546875 	 Step52/52	- AllReachGoal-False

2025-12-12 02:54:20,315 - PaperAgentLogger - INFO - current rateReachGoal: 0
2025-12-12 02:54:20,330 - PaperAgentLogger - DEBUG - New map
2025-12-12 02:54:21,309 - PaperAgentLogger - INFO - ################## PaperArchitecture_map20x20_rho1_10Agent/K3_HS0/1765503544 - End of loop ##################  
 ####### Case363 	 Computation time:0.978614091873169 	 Step31/42	- AllReachGoal-True

2025-12-12 02:54:21,310 - PaperAgentLogger - INFO - current rateReachGoal: 0
2025-12-12 02:54:21,328 - PaperAgentLogger - DEBUG - New map
2025-12-12 02:54:23,340 - PaperAgentLogger - INFO - ################## PaperArchitecture_map20x20_rho1_10Agent/K3_HS0/1765503544 - End of loop ##################  
 ####### Case364 	 Computation time:2.0116331577301025 	 Step64/64	- AllReachGoal-False

2025-12-12 02:54:23,341 - PaperAgentLogger - INFO - current rateReachGoal: 0
2025-12-12 02:54:23,359 - PaperAgentLogger - DEBUG - New map
2025-12-12 02:54:25,368 - PaperAgentLogger - INFO - ################## PaperArchitecture_map20x20_rho1_10Agent/K3_HS0/1765503544 - End of loop ##################  
 ####### Case365 	 Computation time:2.009087562561035 	 Step64/64	- AllReachGoal-False

2025-12-12 02:54:25,371 - PaperAgentLogger - INFO - current rateReachGoal: 0
2025-12-12 02:54:25,387 - PaperAgentLogger - DEBUG - New map
2025-12-12 02:54:27,021 - PaperAgentLogger - INFO - ################## PaperArchitecture_map20x20_rho1_10Agent/K3_HS0/1765503544 - End of loop ##################  
 ####### Case366 	 Computation time:1.6335701942443848 	 Step52/52	- AllReachGoal-False

2025-12-12 02:54:27,021 - PaperAgentLogger - INFO - current rateReachGoal: 0
2025-12-12 02:54:27,039 - PaperAgentLogger - DEBUG - New map
2025-12-12 02:54:28,205 - PaperAgentLogger - INFO - ################## PaperArchitecture_map20x20_rho1_10Agent/K3_HS0/1765503544 - End of loop ##################  
 ####### Case367 	 Computation time:1.1654431819915771 	 Step37/58	- AllReachGoal-True

2025-12-12 02:54:28,205 - PaperAgentLogger - INFO - current rateReachGoal: 0
2025-12-12 02:54:28,221 - PaperAgentLogger - DEBUG - New map
2025-12-12 02:54:29,690 - PaperAgentLogger - INFO - ################## PaperArchitecture_map20x20_rho1_10Agent/K3_HS0/1765503544 - End of loop ##################  
 ####### Case368 	 Computation time:1.4679996967315674 	 Step47/48	- AllReachGoal-True

2025-12-12 02:54:29,690 - PaperAgentLogger - INFO - current rateReachGoal: 0
2025-12-12 02:54:29,706 - PaperAgentLogger - DEBUG - New map
2025-12-12 02:54:31,278 - PaperAgentLogger - INFO - ################## PaperArchitecture_map20x20_rho1_10Agent/K3_HS0/1765503544 - End of loop ##################  
 ####### Case369 	 Computation time:1.5713539123535156 	 Step50/50	- AllReachGoal-False

2025-12-12 02:54:31,280 - PaperAgentLogger - INFO - current rateReachGoal: 0
2025-12-12 02:54:31,297 - PaperAgentLogger - DEBUG - New map
2025-12-12 02:54:32,884 - PaperAgentLogger - INFO - ################## PaperArchitecture_map20x20_rho1_10Agent/K3_HS0/1765503544 - End of loop ##################  
 ####### Case370 	 Computation time:1.5869054794311523 	 Step51/54	- AllReachGoal-True

2025-12-12 02:54:32,885 - PaperAgentLogger - INFO - current rateReachGoal: 0
2025-12-12 02:54:32,903 - PaperAgentLogger - DEBUG - New map
2025-12-12 02:54:34,771 - PaperAgentLogger - INFO - ################## PaperArchitecture_map20x20_rho1_10Agent/K3_HS0/1765503544 - End of loop ##################  
 ####### Case371 	 Computation time:1.8677427768707275 	 Step60/60	- AllReachGoal-False

2025-12-12 02:54:34,772 - PaperAgentLogger - INFO - current rateReachGoal: 0
2025-12-12 02:54:34,788 - PaperAgentLogger - DEBUG - New map
2025-12-12 02:54:36,292 - PaperAgentLogger - INFO - ################## PaperArchitecture_map20x20_rho1_10Agent/K3_HS0/1765503544 - End of loop ##################  
 ####### Case372 	 Computation time:1.503246784210205 	 Step48/48	- AllReachGoal-False

2025-12-12 02:54:36,294 - PaperAgentLogger - INFO - current rateReachGoal: 0
2025-12-12 02:54:36,310 - PaperAgentLogger - DEBUG - New map
2025-12-12 02:54:37,876 - PaperAgentLogger - INFO - ################## PaperArchitecture_map20x20_rho1_10Agent/K3_HS0/1765503544 - End of loop ##################  
 ####### Case373 	 Computation time:1.5659503936767578 	 Step50/50	- AllReachGoal-False

2025-12-12 02:54:37,877 - PaperAgentLogger - INFO - current rateReachGoal: 0
2025-12-12 02:54:37,894 - PaperAgentLogger - DEBUG - New map
2025-12-12 02:54:39,429 - PaperAgentLogger - INFO - ################## PaperArchitecture_map20x20_rho1_10Agent/K3_HS0/1765503544 - End of loop ##################  
 ####### Case374 	 Computation time:1.5339598655700684 	 Step49/66	- AllReachGoal-True

2025-12-12 02:54:39,430 - PaperAgentLogger - INFO - current rateReachGoal: 0
2025-12-12 02:54:39,446 - PaperAgentLogger - DEBUG - New map
2025-12-12 02:54:40,388 - PaperAgentLogger - INFO - ################## PaperArchitecture_map20x20_rho1_10Agent/K3_HS0/1765503544 - End of loop ##################  
 ####### Case375 	 Computation time:0.942288875579834 	 Step30/52	- AllReachGoal-True

2025-12-12 02:54:40,389 - PaperAgentLogger - INFO - current rateReachGoal: 0
2025-12-12 02:54:40,406 - PaperAgentLogger - DEBUG - New map
2025-12-12 02:54:41,819 - PaperAgentLogger - INFO - ################## PaperArchitecture_map20x20_rho1_10Agent/K3_HS0/1765503544 - End of loop ##################  
 ####### Case376 	 Computation time:1.4130504131317139 	 Step45/54	- AllReachGoal-True

2025-12-12 02:54:41,820 - PaperAgentLogger - INFO - current rateReachGoal: 0
2025-12-12 02:54:41,838 - PaperAgentLogger - DEBUG - New map
2025-12-12 02:54:43,788 - PaperAgentLogger - INFO - ################## PaperArchitecture_map20x20_rho1_10Agent/K3_HS0/1765503544 - End of loop ##################  
 ####### Case377 	 Computation time:1.9495759010314941 	 Step62/62	- AllReachGoal-False

2025-12-12 02:54:43,788 - PaperAgentLogger - INFO - current rateReachGoal: 0
2025-12-12 02:54:43,805 - PaperAgentLogger - DEBUG - New map
2025-12-12 02:54:44,754 - PaperAgentLogger - INFO - ################## PaperArchitecture_map20x20_rho1_10Agent/K3_HS0/1765503544 - End of loop ##################  
 ####### Case378 	 Computation time:0.9480254650115967 	 Step30/54	- AllReachGoal-True

2025-12-12 02:54:44,754 - PaperAgentLogger - INFO - current rateReachGoal: 0
2025-12-12 02:54:44,770 - PaperAgentLogger - DEBUG - New map
2025-12-12 02:54:45,747 - PaperAgentLogger - INFO - ################## PaperArchitecture_map20x20_rho1_10Agent/K3_HS0/1765503544 - End of loop ##################  
 ####### Case379 	 Computation time:0.9760689735412598 	 Step31/54	- AllReachGoal-True

2025-12-12 02:54:45,748 - PaperAgentLogger - INFO - current rateReachGoal: 0
2025-12-12 02:54:45,765 - PaperAgentLogger - DEBUG - New map
2025-12-12 02:54:47,517 - PaperAgentLogger - INFO - ################## PaperArchitecture_map20x20_rho1_10Agent/K3_HS0/1765503544 - End of loop ##################  
 ####### Case380 	 Computation time:1.7522895336151123 	 Step56/56	- AllReachGoal-False

2025-12-12 02:54:47,518 - PaperAgentLogger - INFO - current rateReachGoal: 0
2025-12-12 02:54:47,534 - PaperAgentLogger - DEBUG - New map
2025-12-12 02:54:49,233 - PaperAgentLogger - INFO - ################## PaperArchitecture_map20x20_rho1_10Agent/K3_HS0/1765503544 - End of loop ##################  
 ####### Case381 	 Computation time:1.698021650314331 	 Step54/54	- AllReachGoal-False

2025-12-12 02:54:49,234 - PaperAgentLogger - INFO - current rateReachGoal: 0
2025-12-12 02:54:49,252 - PaperAgentLogger - DEBUG - New map
2025-12-12 02:54:51,252 - PaperAgentLogger - INFO - ################## PaperArchitecture_map20x20_rho1_10Agent/K3_HS0/1765503544 - End of loop ##################  
 ####### Case382 	 Computation time:2.0001256465911865 	 Step64/64	- AllReachGoal-False

2025-12-12 02:54:51,253 - PaperAgentLogger - INFO - current rateReachGoal: 0
2025-12-12 02:54:51,270 - PaperAgentLogger - DEBUG - New map
2025-12-12 02:54:52,318 - PaperAgentLogger - INFO - ################## PaperArchitecture_map20x20_rho1_10Agent/K3_HS0/1765503544 - End of loop ##################  
 ####### Case383 	 Computation time:1.0480968952178955 	 Step33/54	- AllReachGoal-True

2025-12-12 02:54:52,319 - PaperAgentLogger - INFO - current rateReachGoal: 0
2025-12-12 02:54:52,336 - PaperAgentLogger - DEBUG - New map
2025-12-12 02:54:54,087 - PaperAgentLogger - INFO - ################## PaperArchitecture_map20x20_rho1_10Agent/K3_HS0/1765503544 - End of loop ##################  
 ####### Case384 	 Computation time:1.7510747909545898 	 Step56/56	- AllReachGoal-False

2025-12-12 02:54:54,088 - PaperAgentLogger - INFO - current rateReachGoal: 0
2025-12-12 02:54:54,105 - PaperAgentLogger - DEBUG - New map
2025-12-12 02:54:55,989 - PaperAgentLogger - INFO - ################## PaperArchitecture_map20x20_rho1_10Agent/K3_HS0/1765503544 - End of loop ##################  
 ####### Case385 	 Computation time:1.882554054260254 	 Step60/60	- AllReachGoal-False

2025-12-12 02:54:55,989 - PaperAgentLogger - INFO - current rateReachGoal: 0
2025-12-12 02:54:56,006 - PaperAgentLogger - DEBUG - New map
2025-12-12 02:54:56,922 - PaperAgentLogger - INFO - ################## PaperArchitecture_map20x20_rho1_10Agent/K3_HS0/1765503544 - End of loop ##################  
 ####### Case386 	 Computation time:0.9152040481567383 	 Step29/56	- AllReachGoal-True

2025-12-12 02:54:56,923 - PaperAgentLogger - INFO - current rateReachGoal: 0
2025-12-12 02:54:56,940 - PaperAgentLogger - DEBUG - New map
2025-12-12 02:54:58,752 - PaperAgentLogger - INFO - ################## PaperArchitecture_map20x20_rho1_10Agent/K3_HS0/1765503544 - End of loop ##################  
 ####### Case387 	 Computation time:1.8118748664855957 	 Step58/58	- AllReachGoal-False

2025-12-12 02:54:58,753 - PaperAgentLogger - INFO - current rateReachGoal: 0
2025-12-12 02:54:58,768 - PaperAgentLogger - DEBUG - New map
2025-12-12 02:54:59,833 - PaperAgentLogger - INFO - ################## PaperArchitecture_map20x20_rho1_10Agent/K3_HS0/1765503544 - End of loop ##################  
 ####### Case388 	 Computation time:1.0642156600952148 	 Step34/44	- AllReachGoal-True

2025-12-12 02:54:59,834 - PaperAgentLogger - INFO - current rateReachGoal: 0
2025-12-12 02:54:59,849 - PaperAgentLogger - DEBUG - New map
2025-12-12 02:55:00,669 - PaperAgentLogger - INFO - ################## PaperArchitecture_map20x20_rho1_10Agent/K3_HS0/1765503544 - End of loop ##################  
 ####### Case389 	 Computation time:0.8187515735626221 	 Step26/48	- AllReachGoal-True

2025-12-12 02:55:00,669 - PaperAgentLogger - INFO - current rateReachGoal: 0
2025-12-12 02:55:00,686 - PaperAgentLogger - DEBUG - New map
2025-12-12 02:55:01,597 - PaperAgentLogger - INFO - ################## PaperArchitecture_map20x20_rho1_10Agent/K3_HS0/1765503544 - End of loop ##################  
 ####### Case390 	 Computation time:0.9107301235198975 	 Step29/50	- AllReachGoal-True

2025-12-12 02:55:01,597 - PaperAgentLogger - INFO - current rateReachGoal: 0
2025-12-12 02:55:01,615 - PaperAgentLogger - DEBUG - New map
2025-12-12 02:55:03,618 - PaperAgentLogger - INFO - ################## PaperArchitecture_map20x20_rho1_10Agent/K3_HS0/1765503544 - End of loop ##################  
 ####### Case391 	 Computation time:2.002194881439209 	 Step64/64	- AllReachGoal-False

2025-12-12 02:55:03,618 - PaperAgentLogger - INFO - current rateReachGoal: 0
2025-12-12 02:55:03,633 - PaperAgentLogger - DEBUG - New map
2025-12-12 02:55:04,487 - PaperAgentLogger - INFO - ################## PaperArchitecture_map20x20_rho1_10Agent/K3_HS0/1765503544 - End of loop ##################  
 ####### Case392 	 Computation time:0.853278398513794 	 Step27/42	- AllReachGoal-True

2025-12-12 02:55:04,488 - PaperAgentLogger - INFO - current rateReachGoal: 0
2025-12-12 02:55:04,506 - PaperAgentLogger - DEBUG - New map
2025-12-12 02:55:05,509 - PaperAgentLogger - INFO - ################## PaperArchitecture_map20x20_rho1_10Agent/K3_HS0/1765503544 - End of loop ##################  
 ####### Case393 	 Computation time:1.0034244060516357 	 Step32/64	- AllReachGoal-True

2025-12-12 02:55:05,510 - PaperAgentLogger - INFO - current rateReachGoal: 0
2025-12-12 02:55:05,527 - PaperAgentLogger - DEBUG - New map
2025-12-12 02:55:06,907 - PaperAgentLogger - INFO - ################## PaperArchitecture_map20x20_rho1_10Agent/K3_HS0/1765503544 - End of loop ##################  
 ####### Case394 	 Computation time:1.3791303634643555 	 Step44/58	- AllReachGoal-True

2025-12-12 02:55:06,907 - PaperAgentLogger - INFO - current rateReachGoal: 0
2025-12-12 02:55:06,924 - PaperAgentLogger - DEBUG - New map
2025-12-12 02:55:08,746 - PaperAgentLogger - INFO - ################## PaperArchitecture_map20x20_rho1_10Agent/K3_HS0/1765503544 - End of loop ##################  
 ####### Case395 	 Computation time:1.821101427078247 	 Step58/58	- AllReachGoal-False

2025-12-12 02:55:08,747 - PaperAgentLogger - INFO - current rateReachGoal: 0
2025-12-12 02:55:08,764 - PaperAgentLogger - DEBUG - New map
2025-12-12 02:55:10,709 - PaperAgentLogger - INFO - ################## PaperArchitecture_map20x20_rho1_10Agent/K3_HS0/1765503544 - End of loop ##################  
 ####### Case396 	 Computation time:1.9441514015197754 	 Step62/62	- AllReachGoal-False

2025-12-12 02:55:10,711 - PaperAgentLogger - INFO - current rateReachGoal: 0
2025-12-12 02:55:10,728 - PaperAgentLogger - DEBUG - New map
2025-12-12 02:55:12,355 - PaperAgentLogger - INFO - ################## PaperArchitecture_map20x20_rho1_10Agent/K3_HS0/1765503544 - End of loop ##################  
 ####### Case397 	 Computation time:1.6261351108551025 	 Step52/52	- AllReachGoal-False

2025-12-12 02:55:12,355 - PaperAgentLogger - INFO - current rateReachGoal: 0
2025-12-12 02:55:12,372 - PaperAgentLogger - DEBUG - New map
2025-12-12 02:55:14,006 - PaperAgentLogger - INFO - ################## PaperArchitecture_map20x20_rho1_10Agent/K3_HS0/1765503544 - End of loop ##################  
 ####### Case398 	 Computation time:1.6342782974243164 	 Step52/52	- AllReachGoal-False

2025-12-12 02:55:14,007 - PaperAgentLogger - INFO - current rateReachGoal: 0
2025-12-12 02:55:14,024 - PaperAgentLogger - DEBUG - New map
2025-12-12 02:55:14,942 - PaperAgentLogger - INFO - ################## PaperArchitecture_map20x20_rho1_10Agent/K3_HS0/1765503544 - End of loop ##################  
 ####### Case399 	 Computation time:0.9174454212188721 	 Step29/54	- AllReachGoal-True

2025-12-12 02:55:14,942 - PaperAgentLogger - INFO - current rateReachGoal: 0
2025-12-12 02:55:14,959 - PaperAgentLogger - DEBUG - New map
2025-12-12 02:55:16,698 - PaperAgentLogger - INFO - ################## PaperArchitecture_map20x20_rho1_10Agent/K3_HS0/1765503544 - End of loop ##################  
 ####### Case400 	 Computation time:1.73820161819458 	 Step56/56	- AllReachGoal-False

2025-12-12 02:55:16,698 - PaperAgentLogger - INFO - current rateReachGoal: 0
2025-12-12 02:55:16,715 - PaperAgentLogger - DEBUG - New map
2025-12-12 02:55:17,658 - PaperAgentLogger - INFO - ################## PaperArchitecture_map20x20_rho1_10Agent/K3_HS0/1765503544 - End of loop ##################  
 ####### Case401 	 Computation time:0.9423015117645264 	 Step30/58	- AllReachGoal-True

2025-12-12 02:55:17,659 - PaperAgentLogger - INFO - current rateReachGoal: 0
2025-12-12 02:55:17,676 - PaperAgentLogger - DEBUG - New map
2025-12-12 02:55:18,616 - PaperAgentLogger - INFO - ################## PaperArchitecture_map20x20_rho1_10Agent/K3_HS0/1765503544 - End of loop ##################  
 ####### Case402 	 Computation time:0.9398794174194336 	 Step30/60	- AllReachGoal-True

2025-12-12 02:55:18,617 - PaperAgentLogger - INFO - current rateReachGoal: 0
2025-12-12 02:55:18,635 - PaperAgentLogger - DEBUG - New map
2025-12-12 02:55:19,820 - PaperAgentLogger - INFO - ################## PaperArchitecture_map20x20_rho1_10Agent/K3_HS0/1765503544 - End of loop ##################  
 ####### Case403 	 Computation time:1.1841933727264404 	 Step38/68	- AllReachGoal-True

2025-12-12 02:55:19,821 - PaperAgentLogger - INFO - current rateReachGoal: 0
2025-12-12 02:55:19,838 - PaperAgentLogger - DEBUG - New map
2025-12-12 02:55:21,699 - PaperAgentLogger - INFO - ################## PaperArchitecture_map20x20_rho1_10Agent/K3_HS0/1765503544 - End of loop ##################  
 ####### Case404 	 Computation time:1.8604156970977783 	 Step60/60	- AllReachGoal-False

2025-12-12 02:55:21,701 - PaperAgentLogger - INFO - current rateReachGoal: 0
2025-12-12 02:55:21,717 - PaperAgentLogger - DEBUG - New map
2025-12-12 02:55:23,332 - PaperAgentLogger - INFO - ################## PaperArchitecture_map20x20_rho1_10Agent/K3_HS0/1765503544 - End of loop ##################  
 ####### Case405 	 Computation time:1.6148698329925537 	 Step52/52	- AllReachGoal-False

2025-12-12 02:55:23,333 - PaperAgentLogger - INFO - current rateReachGoal: 0
2025-12-12 02:55:23,351 - PaperAgentLogger - DEBUG - New map
2025-12-12 02:55:25,273 - PaperAgentLogger - INFO - ################## PaperArchitecture_map20x20_rho1_10Agent/K3_HS0/1765503544 - End of loop ##################  
 ####### Case406 	 Computation time:1.9223780632019043 	 Step62/62	- AllReachGoal-False

2025-12-12 02:55:25,274 - PaperAgentLogger - INFO - current rateReachGoal: 0
2025-12-12 02:55:25,290 - PaperAgentLogger - DEBUG - New map
2025-12-12 02:55:26,962 - PaperAgentLogger - INFO - ################## PaperArchitecture_map20x20_rho1_10Agent/K3_HS0/1765503544 - End of loop ##################  
 ####### Case407 	 Computation time:1.6714880466461182 	 Step54/54	- AllReachGoal-False

2025-12-12 02:55:26,963 - PaperAgentLogger - INFO - current rateReachGoal: 0
2025-12-12 02:55:26,981 - PaperAgentLogger - DEBUG - New map
2025-12-12 02:55:28,959 - PaperAgentLogger - INFO - ################## PaperArchitecture_map20x20_rho1_10Agent/K3_HS0/1765503544 - End of loop ##################  
 ####### Case408 	 Computation time:1.9782931804656982 	 Step64/64	- AllReachGoal-False

2025-12-12 02:55:28,960 - PaperAgentLogger - INFO - current rateReachGoal: 0
2025-12-12 02:55:28,977 - PaperAgentLogger - DEBUG - New map
2025-12-12 02:55:29,947 - PaperAgentLogger - INFO - ################## PaperArchitecture_map20x20_rho1_10Agent/K3_HS0/1765503544 - End of loop ##################  
 ####### Case409 	 Computation time:0.9695463180541992 	 Step31/52	- AllReachGoal-True

2025-12-12 02:55:29,947 - PaperAgentLogger - INFO - current rateReachGoal: 0
2025-12-12 02:55:29,963 - PaperAgentLogger - DEBUG - New map
2025-12-12 02:55:31,525 - PaperAgentLogger - INFO - ################## PaperArchitecture_map20x20_rho1_10Agent/K3_HS0/1765503544 - End of loop ##################  
 ####### Case410 	 Computation time:1.561598777770996 	 Step50/50	- AllReachGoal-False

2025-12-12 02:55:31,526 - PaperAgentLogger - INFO - current rateReachGoal: 0
2025-12-12 02:55:31,541 - PaperAgentLogger - DEBUG - New map
2025-12-12 02:55:32,421 - PaperAgentLogger - INFO - ################## PaperArchitecture_map20x20_rho1_10Agent/K3_HS0/1765503544 - End of loop ##################  
 ####### Case411 	 Computation time:0.8792586326599121 	 Step28/48	- AllReachGoal-True

2025-12-12 02:55:32,422 - PaperAgentLogger - INFO - current rateReachGoal: 0
2025-12-12 02:55:32,437 - PaperAgentLogger - DEBUG - New map
2025-12-12 02:55:33,190 - PaperAgentLogger - INFO - ################## PaperArchitecture_map20x20_rho1_10Agent/K3_HS0/1765503544 - End of loop ##################  
 ####### Case412 	 Computation time:0.7533667087554932 	 Step24/44	- AllReachGoal-True

2025-12-12 02:55:33,191 - PaperAgentLogger - INFO - current rateReachGoal: 0
2025-12-12 02:55:33,208 - PaperAgentLogger - DEBUG - New map
2025-12-12 02:55:34,114 - PaperAgentLogger - INFO - ################## PaperArchitecture_map20x20_rho1_10Agent/K3_HS0/1765503544 - End of loop ##################  
 ####### Case413 	 Computation time:0.9057834148406982 	 Step29/58	- AllReachGoal-True

2025-12-12 02:55:34,115 - PaperAgentLogger - INFO - current rateReachGoal: 0
2025-12-12 02:55:34,134 - PaperAgentLogger - DEBUG - New map
2025-12-12 02:55:36,425 - PaperAgentLogger - INFO - ################## PaperArchitecture_map20x20_rho1_10Agent/K3_HS0/1765503544 - End of loop ##################  
 ####### Case414 	 Computation time:2.290675401687622 	 Step74/74	- AllReachGoal-False

2025-12-12 02:55:36,426 - PaperAgentLogger - INFO - current rateReachGoal: 0
2025-12-12 02:55:36,442 - PaperAgentLogger - DEBUG - New map
2025-12-12 02:55:37,417 - PaperAgentLogger - INFO - ################## PaperArchitecture_map20x20_rho1_10Agent/K3_HS0/1765503544 - End of loop ##################  
 ####### Case415 	 Computation time:0.9747421741485596 	 Step31/52	- AllReachGoal-True

2025-12-12 02:55:37,417 - PaperAgentLogger - INFO - current rateReachGoal: 0
2025-12-12 02:55:37,434 - PaperAgentLogger - DEBUG - New map
2025-12-12 02:55:39,045 - PaperAgentLogger - INFO - ################## PaperArchitecture_map20x20_rho1_10Agent/K3_HS0/1765503544 - End of loop ##################  
 ####### Case416 	 Computation time:1.6108989715576172 	 Step52/52	- AllReachGoal-False

2025-12-12 02:55:39,046 - PaperAgentLogger - INFO - current rateReachGoal: 0
2025-12-12 02:55:39,061 - PaperAgentLogger - DEBUG - New map
2025-12-12 02:55:40,495 - PaperAgentLogger - INFO - ################## PaperArchitecture_map20x20_rho1_10Agent/K3_HS0/1765503544 - End of loop ##################  
 ####### Case417 	 Computation time:1.4338622093200684 	 Step46/46	- AllReachGoal-False

2025-12-12 02:55:40,496 - PaperAgentLogger - INFO - current rateReachGoal: 0
2025-12-12 02:55:40,513 - PaperAgentLogger - DEBUG - New map
2025-12-12 02:55:42,440 - PaperAgentLogger - INFO - ################## PaperArchitecture_map20x20_rho1_10Agent/K3_HS0/1765503544 - End of loop ##################  
 ####### Case418 	 Computation time:1.9268031120300293 	 Step62/62	- AllReachGoal-False

2025-12-12 02:55:42,442 - PaperAgentLogger - INFO - current rateReachGoal: 0
2025-12-12 02:55:42,461 - PaperAgentLogger - DEBUG - New map
2025-12-12 02:55:44,569 - PaperAgentLogger - INFO - ################## PaperArchitecture_map20x20_rho1_10Agent/K3_HS0/1765503544 - End of loop ##################  
 ####### Case419 	 Computation time:2.107649564743042 	 Step68/68	- AllReachGoal-False

2025-12-12 02:55:44,570 - PaperAgentLogger - INFO - current rateReachGoal: 0
2025-12-12 02:55:44,587 - PaperAgentLogger - DEBUG - New map
2025-12-12 02:55:46,509 - PaperAgentLogger - INFO - ################## PaperArchitecture_map20x20_rho1_10Agent/K3_HS0/1765503544 - End of loop ##################  
 ####### Case420 	 Computation time:1.9209930896759033 	 Step62/62	- AllReachGoal-False

2025-12-12 02:55:46,509 - PaperAgentLogger - INFO - current rateReachGoal: 0
2025-12-12 02:55:46,528 - PaperAgentLogger - DEBUG - New map
2025-12-12 02:55:47,557 - PaperAgentLogger - INFO - ################## PaperArchitecture_map20x20_rho1_10Agent/K3_HS0/1765503544 - End of loop ##################  
 ####### Case421 	 Computation time:1.028642177581787 	 Step33/62	- AllReachGoal-True

2025-12-12 02:55:47,559 - PaperAgentLogger - INFO - current rateReachGoal: 0
2025-12-12 02:55:47,574 - PaperAgentLogger - DEBUG - New map
2025-12-12 16:39:38,734 - PaperAgentLogger - INFO - test started
2025-12-12 16:39:39,003 - PaperAgentLogger - DEBUG - New map
2025-12-12 16:39:40,382 - PaperAgentLogger - INFO - ################## PaperArchitecture_map20x20_rho1_10Agent/K3_HS0/1765553512 - End of loop ##################  
 ####### Case0 	 Computation time:1.378321886062622 	 Step34/60	- AllReachGoal-True

2025-12-12 16:39:40,383 - PaperAgentLogger - INFO - current rateReachGoal: 0
2025-12-12 16:39:40,396 - PaperAgentLogger - DEBUG - New map
2025-12-12 16:39:41,756 - PaperAgentLogger - INFO - ################## PaperArchitecture_map20x20_rho1_10Agent/K3_HS0/1765553512 - End of loop ##################  
 ####### Case1 	 Computation time:1.359788417816162 	 Step40/40	- AllReachGoal-False

2025-12-12 16:39:41,757 - PaperAgentLogger - INFO - current rateReachGoal: 0
2025-12-12 16:39:41,778 - PaperAgentLogger - DEBUG - New map
2025-12-12 16:39:44,376 - PaperAgentLogger - INFO - ################## PaperArchitecture_map20x20_rho1_10Agent/K3_HS0/1765553512 - End of loop ##################  
 ####### Case2 	 Computation time:2.597001075744629 	 Step74/74	- AllReachGoal-False

2025-12-12 16:39:44,399 - PaperAgentLogger - INFO - current rateReachGoal: 0
2025-12-12 16:39:44,412 - PaperAgentLogger - DEBUG - New map
2025-12-12 16:39:46,057 - PaperAgentLogger - INFO - ################## PaperArchitecture_map20x20_rho1_10Agent/K3_HS0/1765553512 - End of loop ##################  
 ####### Case3 	 Computation time:1.6441197395324707 	 Step48/48	- AllReachGoal-False

2025-12-12 16:39:46,057 - PaperAgentLogger - INFO - current rateReachGoal: 0
2025-12-12 16:39:46,080 - PaperAgentLogger - DEBUG - New map
2025-12-12 16:39:47,177 - PaperAgentLogger - INFO - ################## PaperArchitecture_map20x20_rho1_10Agent/K3_HS0/1765553512 - End of loop ##################  
 ####### Case4 	 Computation time:1.0969204902648926 	 Step32/60	- AllReachGoal-True

2025-12-12 16:39:47,178 - PaperAgentLogger - INFO - current rateReachGoal: 0
2025-12-12 16:39:47,195 - PaperAgentLogger - DEBUG - New map
2025-12-12 16:39:48,896 - PaperAgentLogger - INFO - ################## PaperArchitecture_map20x20_rho1_10Agent/K3_HS0/1765553512 - End of loop ##################  
 ####### Case5 	 Computation time:1.7005600929260254 	 Step50/50	- AllReachGoal-False

2025-12-12 16:39:48,897 - PaperAgentLogger - INFO - current rateReachGoal: 0
2025-12-12 16:39:48,916 - PaperAgentLogger - DEBUG - New map
2025-12-12 16:39:49,956 - PaperAgentLogger - INFO - ################## PaperArchitecture_map20x20_rho1_10Agent/K3_HS0/1765553512 - End of loop ##################  
 ####### Case6 	 Computation time:1.039780855178833 	 Step32/60	- AllReachGoal-True

2025-12-12 16:39:49,958 - PaperAgentLogger - INFO - current rateReachGoal: 0
2025-12-12 16:39:49,972 - PaperAgentLogger - DEBUG - New map
2025-12-12 16:39:51,710 - PaperAgentLogger - INFO - ################## PaperArchitecture_map20x20_rho1_10Agent/K3_HS0/1765553512 - End of loop ##################  
 ####### Case7 	 Computation time:1.7372989654541016 	 Step54/54	- AllReachGoal-False

2025-12-12 16:39:51,710 - PaperAgentLogger - INFO - current rateReachGoal: 0
2025-12-12 16:39:51,726 - PaperAgentLogger - DEBUG - New map
2025-12-12 16:39:53,336 - PaperAgentLogger - INFO - ################## PaperArchitecture_map20x20_rho1_10Agent/K3_HS0/1765553512 - End of loop ##################  
 ####### Case8 	 Computation time:1.6087470054626465 	 Step48/48	- AllReachGoal-False

2025-12-12 16:39:53,336 - PaperAgentLogger - INFO - current rateReachGoal: 0
2025-12-12 16:39:53,355 - PaperAgentLogger - DEBUG - New map
2025-12-12 16:39:54,350 - PaperAgentLogger - INFO - ################## PaperArchitecture_map20x20_rho1_10Agent/K3_HS0/1765553512 - End of loop ##################  
 ####### Case9 	 Computation time:0.9949491024017334 	 Step30/56	- AllReachGoal-True

2025-12-12 16:39:54,351 - PaperAgentLogger - INFO - current rateReachGoal: 0
2025-12-12 16:39:54,369 - PaperAgentLogger - DEBUG - New map
2025-12-12 16:39:56,054 - PaperAgentLogger - INFO - ################## PaperArchitecture_map20x20_rho1_10Agent/K3_HS0/1765553512 - End of loop ##################  
 ####### Case10 	 Computation time:1.6847476959228516 	 Step50/50	- AllReachGoal-False

2025-12-12 16:39:56,055 - PaperAgentLogger - INFO - current rateReachGoal: 0
2025-12-12 16:39:56,070 - PaperAgentLogger - DEBUG - New map
2025-12-12 16:39:56,795 - PaperAgentLogger - INFO - ################## PaperArchitecture_map20x20_rho1_10Agent/K3_HS0/1765553512 - End of loop ##################  
 ####### Case11 	 Computation time:0.7241966724395752 	 Step20/34	- AllReachGoal-True

2025-12-12 16:39:56,795 - PaperAgentLogger - INFO - current rateReachGoal: 0
2025-12-12 16:39:56,814 - PaperAgentLogger - DEBUG - New map
2025-12-12 16:39:58,335 - PaperAgentLogger - INFO - ################## PaperArchitecture_map20x20_rho1_10Agent/K3_HS0/1765553512 - End of loop ##################  
 ####### Case12 	 Computation time:1.520505666732788 	 Step46/46	- AllReachGoal-False

2025-12-12 16:39:58,336 - PaperAgentLogger - INFO - current rateReachGoal: 0
2025-12-12 16:39:58,350 - PaperAgentLogger - DEBUG - New map
2025-12-12 16:39:59,517 - PaperAgentLogger - INFO - ################## PaperArchitecture_map20x20_rho1_10Agent/K3_HS0/1765553512 - End of loop ##################  
 ####### Case13 	 Computation time:1.1660361289978027 	 Step36/36	- AllReachGoal-False

2025-12-12 16:39:59,518 - PaperAgentLogger - INFO - current rateReachGoal: 0
2025-12-12 16:39:59,537 - PaperAgentLogger - DEBUG - New map
2025-12-12 16:40:01,547 - PaperAgentLogger - INFO - ################## PaperArchitecture_map20x20_rho1_10Agent/K3_HS0/1765553512 - End of loop ##################  
 ####### Case14 	 Computation time:2.0093021392822266 	 Step62/62	- AllReachGoal-False

2025-12-12 16:40:01,548 - PaperAgentLogger - INFO - current rateReachGoal: 0
2025-12-12 16:40:01,566 - PaperAgentLogger - DEBUG - New map
2025-12-12 16:40:02,385 - PaperAgentLogger - INFO - ################## PaperArchitecture_map20x20_rho1_10Agent/K3_HS0/1765553512 - End of loop ##################  
 ####### Case15 	 Computation time:0.8182981014251709 	 Step25/52	- AllReachGoal-True

2025-12-12 16:40:02,385 - PaperAgentLogger - INFO - current rateReachGoal: 0
2025-12-12 16:40:02,405 - PaperAgentLogger - DEBUG - New map
2025-12-12 16:40:04,495 - PaperAgentLogger - INFO - ################## PaperArchitecture_map20x20_rho1_10Agent/K3_HS0/1765553512 - End of loop ##################  
 ####### Case16 	 Computation time:2.0890939235687256 	 Step64/64	- AllReachGoal-False

2025-12-12 16:40:04,495 - PaperAgentLogger - INFO - current rateReachGoal: 0
2025-12-12 16:40:04,516 - PaperAgentLogger - DEBUG - New map
2025-12-12 16:40:06,642 - PaperAgentLogger - INFO - ################## PaperArchitecture_map20x20_rho1_10Agent/K3_HS0/1765553512 - End of loop ##################  
 ####### Case17 	 Computation time:2.1247599124908447 	 Step62/62	- AllReachGoal-False

2025-12-12 16:40:06,644 - PaperAgentLogger - INFO - current rateReachGoal: 0
2025-12-12 16:40:06,664 - PaperAgentLogger - DEBUG - New map
2025-12-12 16:40:08,503 - PaperAgentLogger - INFO - ################## PaperArchitecture_map20x20_rho1_10Agent/K3_HS0/1765553512 - End of loop ##################  
 ####### Case18 	 Computation time:1.8389816284179688 	 Step56/56	- AllReachGoal-False

2025-12-12 16:40:08,504 - PaperAgentLogger - INFO - current rateReachGoal: 0
2025-12-12 16:40:08,520 - PaperAgentLogger - DEBUG - New map
2025-12-12 16:40:09,409 - PaperAgentLogger - INFO - ################## PaperArchitecture_map20x20_rho1_10Agent/K3_HS0/1765553512 - End of loop ##################  
 ####### Case19 	 Computation time:0.8880660533905029 	 Step27/44	- AllReachGoal-True

2025-12-12 16:40:09,409 - PaperAgentLogger - INFO - current rateReachGoal: 0
2025-12-12 16:40:09,424 - PaperAgentLogger - DEBUG - New map
2025-12-12 16:40:10,676 - PaperAgentLogger - INFO - ################## PaperArchitecture_map20x20_rho1_10Agent/K3_HS0/1765553512 - End of loop ##################  
 ####### Case20 	 Computation time:1.2514104843139648 	 Step38/38	- AllReachGoal-False

2025-12-12 16:40:10,676 - PaperAgentLogger - INFO - current rateReachGoal: 0
2025-12-12 16:40:10,698 - PaperAgentLogger - DEBUG - New map
2025-12-12 16:40:13,039 - PaperAgentLogger - INFO - ################## PaperArchitecture_map20x20_rho1_10Agent/K3_HS0/1765553512 - End of loop ##################  
 ####### Case21 	 Computation time:2.339589834213257 	 Step72/72	- AllReachGoal-False

2025-12-12 16:40:13,039 - PaperAgentLogger - INFO - current rateReachGoal: 0
2025-12-12 16:40:13,056 - PaperAgentLogger - DEBUG - New map
2025-12-12 16:40:14,278 - PaperAgentLogger - INFO - ################## PaperArchitecture_map20x20_rho1_10Agent/K3_HS0/1765553512 - End of loop ##################  
 ####### Case22 	 Computation time:1.2214899063110352 	 Step37/48	- AllReachGoal-True

2025-12-12 16:40:14,279 - PaperAgentLogger - INFO - current rateReachGoal: 0
2025-12-12 16:40:14,296 - PaperAgentLogger - DEBUG - New map
2025-12-12 16:40:15,077 - PaperAgentLogger - INFO - ################## PaperArchitecture_map20x20_rho1_10Agent/K3_HS0/1765553512 - End of loop ##################  
 ####### Case23 	 Computation time:0.7805566787719727 	 Step23/46	- AllReachGoal-True

2025-12-12 16:40:15,078 - PaperAgentLogger - INFO - current rateReachGoal: 0
2025-12-12 16:40:15,096 - PaperAgentLogger - DEBUG - New map
2025-12-12 16:40:16,723 - PaperAgentLogger - INFO - ################## PaperArchitecture_map20x20_rho1_10Agent/K3_HS0/1765553512 - End of loop ##################  
 ####### Case24 	 Computation time:1.6266818046569824 	 Step50/50	- AllReachGoal-False

2025-12-12 16:40:16,724 - PaperAgentLogger - INFO - current rateReachGoal: 0
2025-12-12 16:40:16,742 - PaperAgentLogger - DEBUG - New map
2025-12-12 16:40:17,807 - PaperAgentLogger - INFO - ################## PaperArchitecture_map20x20_rho1_10Agent/K3_HS0/1765553512 - End of loop ##################  
 ####### Case25 	 Computation time:1.0642995834350586 	 Step33/56	- AllReachGoal-True

2025-12-12 16:40:17,807 - PaperAgentLogger - INFO - current rateReachGoal: 0
2025-12-12 16:40:17,824 - PaperAgentLogger - DEBUG - New map
2025-12-12 16:40:19,367 - PaperAgentLogger - INFO - ################## PaperArchitecture_map20x20_rho1_10Agent/K3_HS0/1765553512 - End of loop ##################  
 ####### Case26 	 Computation time:1.5419299602508545 	 Step48/48	- AllReachGoal-False

2025-12-12 16:40:19,367 - PaperAgentLogger - INFO - current rateReachGoal: 0
2025-12-12 16:40:19,384 - PaperAgentLogger - DEBUG - New map
2025-12-12 16:40:20,639 - PaperAgentLogger - INFO - ################## PaperArchitecture_map20x20_rho1_10Agent/K3_HS0/1765553512 - End of loop ##################  
 ####### Case27 	 Computation time:1.2540521621704102 	 Step39/52	- AllReachGoal-True

2025-12-12 16:40:20,639 - PaperAgentLogger - INFO - current rateReachGoal: 0
2025-12-12 16:40:20,658 - PaperAgentLogger - DEBUG - New map
2025-12-12 16:40:22,333 - PaperAgentLogger - INFO - ################## PaperArchitecture_map20x20_rho1_10Agent/K3_HS0/1765553512 - End of loop ##################  
 ####### Case28 	 Computation time:1.6741039752960205 	 Step52/52	- AllReachGoal-False

2025-12-12 16:40:22,334 - PaperAgentLogger - INFO - current rateReachGoal: 0
2025-12-12 16:40:22,352 - PaperAgentLogger - DEBUG - New map
2025-12-12 16:40:24,077 - PaperAgentLogger - INFO - ################## PaperArchitecture_map20x20_rho1_10Agent/K3_HS0/1765553512 - End of loop ##################  
 ####### Case29 	 Computation time:1.7241103649139404 	 Step52/52	- AllReachGoal-False

2025-12-12 16:40:24,077 - PaperAgentLogger - INFO - current rateReachGoal: 0
2025-12-12 16:40:24,096 - PaperAgentLogger - DEBUG - New map
2025-12-12 16:40:25,973 - PaperAgentLogger - INFO - ################## PaperArchitecture_map20x20_rho1_10Agent/K3_HS0/1765553512 - End of loop ##################  
 ####### Case30 	 Computation time:1.8760108947753906 	 Step58/58	- AllReachGoal-False

2025-12-12 16:40:25,973 - PaperAgentLogger - INFO - current rateReachGoal: 0
2025-12-12 16:40:25,991 - PaperAgentLogger - DEBUG - New map
2025-12-12 16:40:27,550 - PaperAgentLogger - INFO - ################## PaperArchitecture_map20x20_rho1_10Agent/K3_HS0/1765553512 - End of loop ##################  
 ####### Case31 	 Computation time:1.557811975479126 	 Step46/46	- AllReachGoal-False

2025-12-12 16:40:27,550 - PaperAgentLogger - INFO - current rateReachGoal: 0
2025-12-12 16:40:27,569 - PaperAgentLogger - DEBUG - New map
2025-12-12 16:40:28,746 - PaperAgentLogger - INFO - ################## PaperArchitecture_map20x20_rho1_10Agent/K3_HS0/1765553512 - End of loop ##################  
 ####### Case32 	 Computation time:1.1764843463897705 	 Step36/54	- AllReachGoal-True

2025-12-12 16:40:28,746 - PaperAgentLogger - INFO - current rateReachGoal: 0
2025-12-12 16:40:28,764 - PaperAgentLogger - DEBUG - New map
2025-12-12 16:40:30,530 - PaperAgentLogger - INFO - ################## PaperArchitecture_map20x20_rho1_10Agent/K3_HS0/1765553512 - End of loop ##################  
 ####### Case33 	 Computation time:1.7652432918548584 	 Step54/54	- AllReachGoal-False

2025-12-12 16:40:30,531 - PaperAgentLogger - INFO - current rateReachGoal: 0
2025-12-12 16:40:30,549 - PaperAgentLogger - DEBUG - New map
2025-12-12 16:40:31,510 - PaperAgentLogger - INFO - ################## PaperArchitecture_map20x20_rho1_10Agent/K3_HS0/1765553512 - End of loop ##################  
 ####### Case34 	 Computation time:0.9611279964447021 	 Step29/52	- AllReachGoal-True

2025-12-12 16:40:31,511 - PaperAgentLogger - INFO - current rateReachGoal: 0
2025-12-12 16:40:31,528 - PaperAgentLogger - DEBUG - New map
2025-12-12 16:40:32,516 - PaperAgentLogger - INFO - ################## PaperArchitecture_map20x20_rho1_10Agent/K3_HS0/1765553512 - End of loop ##################  
 ####### Case35 	 Computation time:0.9869329929351807 	 Step30/50	- AllReachGoal-True

2025-12-12 16:40:32,516 - PaperAgentLogger - INFO - current rateReachGoal: 0
2025-12-12 16:40:32,536 - PaperAgentLogger - DEBUG - New map
2025-12-12 16:40:34,431 - PaperAgentLogger - INFO - ################## PaperArchitecture_map20x20_rho1_10Agent/K3_HS0/1765553512 - End of loop ##################  
 ####### Case36 	 Computation time:1.8952062129974365 	 Step58/58	- AllReachGoal-False

2025-12-12 16:40:34,432 - PaperAgentLogger - INFO - current rateReachGoal: 0
2025-12-12 16:40:34,452 - PaperAgentLogger - DEBUG - New map
2025-12-12 16:40:36,399 - PaperAgentLogger - INFO - ################## PaperArchitecture_map20x20_rho1_10Agent/K3_HS0/1765553512 - End of loop ##################  
 ####### Case37 	 Computation time:1.947056531906128 	 Step60/60	- AllReachGoal-False

2025-12-12 16:40:36,400 - PaperAgentLogger - INFO - current rateReachGoal: 0
2025-12-12 16:40:36,418 - PaperAgentLogger - DEBUG - New map
2025-12-12 16:40:38,048 - PaperAgentLogger - INFO - ################## PaperArchitecture_map20x20_rho1_10Agent/K3_HS0/1765553512 - End of loop ##################  
 ####### Case38 	 Computation time:1.628892421722412 	 Step50/50	- AllReachGoal-False

2025-12-12 16:40:38,048 - PaperAgentLogger - INFO - current rateReachGoal: 0
2025-12-12 16:40:38,067 - PaperAgentLogger - DEBUG - New map
2025-12-12 16:40:39,883 - PaperAgentLogger - INFO - ################## PaperArchitecture_map20x20_rho1_10Agent/K3_HS0/1765553512 - End of loop ##################  
 ####### Case39 	 Computation time:1.815321683883667 	 Step56/56	- AllReachGoal-False

2025-12-12 16:40:39,884 - PaperAgentLogger - INFO - current rateReachGoal: 0
2025-12-12 16:40:39,901 - PaperAgentLogger - DEBUG - New map
2025-12-12 16:40:41,518 - PaperAgentLogger - INFO - ################## PaperArchitecture_map20x20_rho1_10Agent/K3_HS0/1765553512 - End of loop ##################  
 ####### Case40 	 Computation time:1.6162159442901611 	 Step49/50	- AllReachGoal-True

2025-12-12 16:40:41,518 - PaperAgentLogger - INFO - current rateReachGoal: 0
2025-12-12 16:40:41,536 - PaperAgentLogger - DEBUG - New map
2025-12-12 16:40:43,185 - PaperAgentLogger - INFO - ################## PaperArchitecture_map20x20_rho1_10Agent/K3_HS0/1765553512 - End of loop ##################  
 ####### Case41 	 Computation time:1.6486895084381104 	 Step50/50	- AllReachGoal-False

2025-12-12 16:40:43,187 - PaperAgentLogger - INFO - current rateReachGoal: 0
2025-12-12 16:40:43,205 - PaperAgentLogger - DEBUG - New map
2025-12-12 16:40:44,893 - PaperAgentLogger - INFO - ################## PaperArchitecture_map20x20_rho1_10Agent/K3_HS0/1765553512 - End of loop ##################  
 ####### Case42 	 Computation time:1.6876106262207031 	 Step50/50	- AllReachGoal-False

2025-12-12 16:40:44,894 - PaperAgentLogger - INFO - current rateReachGoal: 0
2025-12-12 16:40:44,912 - PaperAgentLogger - DEBUG - New map
2025-12-12 16:40:46,711 - PaperAgentLogger - INFO - ################## PaperArchitecture_map20x20_rho1_10Agent/K3_HS0/1765553512 - End of loop ##################  
 ####### Case43 	 Computation time:1.7986993789672852 	 Step56/56	- AllReachGoal-False

2025-12-12 16:40:46,712 - PaperAgentLogger - INFO - current rateReachGoal: 0
2025-12-12 16:40:46,728 - PaperAgentLogger - DEBUG - New map
2025-12-12 16:40:48,224 - PaperAgentLogger - INFO - ################## PaperArchitecture_map20x20_rho1_10Agent/K3_HS0/1765553512 - End of loop ##################  
 ####### Case44 	 Computation time:1.4959642887115479 	 Step46/46	- AllReachGoal-False

2025-12-12 16:40:48,227 - PaperAgentLogger - INFO - current rateReachGoal: 0
2025-12-12 16:40:48,248 - PaperAgentLogger - DEBUG - New map
2025-12-12 16:40:50,441 - PaperAgentLogger - INFO - ################## PaperArchitecture_map20x20_rho1_10Agent/K3_HS0/1765553512 - End of loop ##################  
 ####### Case45 	 Computation time:2.1922202110290527 	 Step68/68	- AllReachGoal-False

2025-12-12 16:40:50,441 - PaperAgentLogger - INFO - current rateReachGoal: 0
2025-12-12 16:40:50,458 - PaperAgentLogger - DEBUG - New map
2025-12-12 16:40:51,628 - PaperAgentLogger - INFO - ################## PaperArchitecture_map20x20_rho1_10Agent/K3_HS0/1765553512 - End of loop ##################  
 ####### Case46 	 Computation time:1.1697485446929932 	 Step36/46	- AllReachGoal-True

2025-12-12 16:40:51,629 - PaperAgentLogger - INFO - current rateReachGoal: 0
2025-12-12 16:40:51,645 - PaperAgentLogger - DEBUG - New map
2025-12-12 16:40:53,257 - PaperAgentLogger - INFO - ################## PaperArchitecture_map20x20_rho1_10Agent/K3_HS0/1765553512 - End of loop ##################  
 ####### Case47 	 Computation time:1.611069679260254 	 Step50/50	- AllReachGoal-False

2025-12-12 16:40:53,259 - PaperAgentLogger - INFO - current rateReachGoal: 0
2025-12-12 16:40:53,276 - PaperAgentLogger - DEBUG - New map
2025-12-12 16:40:54,676 - PaperAgentLogger - INFO - ################## PaperArchitecture_map20x20_rho1_10Agent/K3_HS0/1765553512 - End of loop ##################  
 ####### Case48 	 Computation time:1.3997383117675781 	 Step43/48	- AllReachGoal-True

2025-12-12 16:40:54,677 - PaperAgentLogger - INFO - current rateReachGoal: 0
2025-12-12 16:40:54,695 - PaperAgentLogger - DEBUG - New map
2025-12-12 16:40:56,562 - PaperAgentLogger - INFO - ################## PaperArchitecture_map20x20_rho1_10Agent/K3_HS0/1765553512 - End of loop ##################  
 ####### Case49 	 Computation time:1.8665168285369873 	 Step58/58	- AllReachGoal-False

2025-12-12 16:40:56,563 - PaperAgentLogger - INFO - current rateReachGoal: 0
2025-12-12 16:40:56,581 - PaperAgentLogger - DEBUG - New map
2025-12-12 16:40:58,442 - PaperAgentLogger - INFO - ################## PaperArchitecture_map20x20_rho1_10Agent/K3_HS0/1765553512 - End of loop ##################  
 ####### Case50 	 Computation time:1.859971523284912 	 Step58/58	- AllReachGoal-False

2025-12-12 16:40:58,442 - PaperAgentLogger - INFO - current rateReachGoal: 0
2025-12-12 16:40:58,458 - PaperAgentLogger - DEBUG - New map
2025-12-12 16:40:59,175 - PaperAgentLogger - INFO - ################## PaperArchitecture_map20x20_rho1_10Agent/K3_HS0/1765553512 - End of loop ##################  
 ####### Case51 	 Computation time:0.7169601917266846 	 Step21/42	- AllReachGoal-True

2025-12-12 16:40:59,176 - PaperAgentLogger - INFO - current rateReachGoal: 0
2025-12-12 16:40:59,195 - PaperAgentLogger - DEBUG - New map
2025-12-12 16:41:00,203 - PaperAgentLogger - INFO - ################## PaperArchitecture_map20x20_rho1_10Agent/K3_HS0/1765553512 - End of loop ##################  
 ####### Case52 	 Computation time:1.0070867538452148 	 Step31/56	- AllReachGoal-True

2025-12-12 16:41:00,205 - PaperAgentLogger - INFO - current rateReachGoal: 0
2025-12-12 16:41:00,223 - PaperAgentLogger - DEBUG - New map
2025-12-12 16:41:02,141 - PaperAgentLogger - INFO - ################## PaperArchitecture_map20x20_rho1_10Agent/K3_HS0/1765553512 - End of loop ##################  
 ####### Case53 	 Computation time:1.9174413681030273 	 Step58/58	- AllReachGoal-False

2025-12-12 16:41:02,141 - PaperAgentLogger - INFO - current rateReachGoal: 0
2025-12-12 16:41:02,159 - PaperAgentLogger - DEBUG - New map
2025-12-12 16:41:03,141 - PaperAgentLogger - INFO - ################## PaperArchitecture_map20x20_rho1_10Agent/K3_HS0/1765553512 - End of loop ##################  
 ####### Case54 	 Computation time:0.9811673164367676 	 Step30/54	- AllReachGoal-True

2025-12-12 16:41:03,142 - PaperAgentLogger - INFO - current rateReachGoal: 0
2025-12-12 16:41:03,160 - PaperAgentLogger - DEBUG - New map
2025-12-12 16:41:04,901 - PaperAgentLogger - INFO - ################## PaperArchitecture_map20x20_rho1_10Agent/K3_HS0/1765553512 - End of loop ##################  
 ####### Case55 	 Computation time:1.740797519683838 	 Step54/54	- AllReachGoal-False

2025-12-12 16:41:04,902 - PaperAgentLogger - INFO - current rateReachGoal: 0
2025-12-12 16:41:04,919 - PaperAgentLogger - DEBUG - New map
2025-12-12 16:41:05,700 - PaperAgentLogger - INFO - ################## PaperArchitecture_map20x20_rho1_10Agent/K3_HS0/1765553512 - End of loop ##################  
 ####### Case56 	 Computation time:0.7809469699859619 	 Step24/48	- AllReachGoal-True

2025-12-12 16:41:05,701 - PaperAgentLogger - INFO - current rateReachGoal: 0
2025-12-12 16:41:05,721 - PaperAgentLogger - DEBUG - New map
2025-12-12 16:41:07,645 - PaperAgentLogger - INFO - ################## PaperArchitecture_map20x20_rho1_10Agent/K3_HS0/1765553512 - End of loop ##################  
 ####### Case57 	 Computation time:1.9235236644744873 	 Step60/60	- AllReachGoal-False

2025-12-12 16:41:07,646 - PaperAgentLogger - INFO - current rateReachGoal: 0
2025-12-12 16:41:07,666 - PaperAgentLogger - DEBUG - New map
2025-12-12 16:41:09,782 - PaperAgentLogger - INFO - ################## PaperArchitecture_map20x20_rho1_10Agent/K3_HS0/1765553512 - End of loop ##################  
 ####### Case58 	 Computation time:2.1155176162719727 	 Step64/64	- AllReachGoal-False

2025-12-12 16:41:09,783 - PaperAgentLogger - INFO - current rateReachGoal: 0
2025-12-12 16:41:09,799 - PaperAgentLogger - DEBUG - New map
2025-12-12 16:41:10,687 - PaperAgentLogger - INFO - ################## PaperArchitecture_map20x20_rho1_10Agent/K3_HS0/1765553512 - End of loop ##################  
 ####### Case59 	 Computation time:0.8868634700775146 	 Step27/42	- AllReachGoal-True

2025-12-12 16:41:10,687 - PaperAgentLogger - INFO - current rateReachGoal: 0
2025-12-12 16:41:10,704 - PaperAgentLogger - DEBUG - New map
2025-12-12 16:41:12,128 - PaperAgentLogger - INFO - ################## PaperArchitecture_map20x20_rho1_10Agent/K3_HS0/1765553512 - End of loop ##################  
 ####### Case60 	 Computation time:1.4231200218200684 	 Step44/44	- AllReachGoal-False

2025-12-12 16:41:12,128 - PaperAgentLogger - INFO - current rateReachGoal: 0
2025-12-12 16:41:12,146 - PaperAgentLogger - DEBUG - New map
2025-12-12 16:41:13,054 - PaperAgentLogger - INFO - ################## PaperArchitecture_map20x20_rho1_10Agent/K3_HS0/1765553512 - End of loop ##################  
 ####### Case61 	 Computation time:0.9074227809906006 	 Step28/52	- AllReachGoal-True

2025-12-12 16:41:13,055 - PaperAgentLogger - INFO - current rateReachGoal: 0
2025-12-12 16:41:13,071 - PaperAgentLogger - DEBUG - New map
2025-12-12 16:41:14,486 - PaperAgentLogger - INFO - ################## PaperArchitecture_map20x20_rho1_10Agent/K3_HS0/1765553512 - End of loop ##################  
 ####### Case62 	 Computation time:1.4146625995635986 	 Step44/44	- AllReachGoal-False

2025-12-12 16:41:14,487 - PaperAgentLogger - INFO - current rateReachGoal: 0
2025-12-12 16:41:14,503 - PaperAgentLogger - DEBUG - New map
2025-12-12 16:41:15,998 - PaperAgentLogger - INFO - ################## PaperArchitecture_map20x20_rho1_10Agent/K3_HS0/1765553512 - End of loop ##################  
 ####### Case63 	 Computation time:1.4941339492797852 	 Step46/46	- AllReachGoal-False

2025-12-12 16:41:16,000 - PaperAgentLogger - INFO - current rateReachGoal: 0
2025-12-12 16:41:16,021 - PaperAgentLogger - DEBUG - New map
2025-12-12 16:41:17,998 - PaperAgentLogger - INFO - ################## PaperArchitecture_map20x20_rho1_10Agent/K3_HS0/1765553512 - End of loop ##################  
 ####### Case64 	 Computation time:1.9761207103729248 	 Step62/62	- AllReachGoal-False

2025-12-12 16:41:17,999 - PaperAgentLogger - INFO - current rateReachGoal: 0
2025-12-12 16:41:18,017 - PaperAgentLogger - DEBUG - New map
2025-12-12 16:41:18,726 - PaperAgentLogger - INFO - ################## PaperArchitecture_map20x20_rho1_10Agent/K3_HS0/1765553512 - End of loop ##################  
 ####### Case65 	 Computation time:0.7086508274078369 	 Step22/42	- AllReachGoal-True

2025-12-12 16:41:18,727 - PaperAgentLogger - INFO - current rateReachGoal: 0
2025-12-12 16:41:18,744 - PaperAgentLogger - DEBUG - New map
2025-12-12 16:41:20,358 - PaperAgentLogger - INFO - ################## PaperArchitecture_map20x20_rho1_10Agent/K3_HS0/1765553512 - End of loop ##################  
 ####### Case66 	 Computation time:1.613844633102417 	 Step50/50	- AllReachGoal-False

2025-12-12 16:41:20,359 - PaperAgentLogger - INFO - current rateReachGoal: 0
2025-12-12 16:41:20,376 - PaperAgentLogger - DEBUG - New map
2025-12-12 16:41:21,196 - PaperAgentLogger - INFO - ################## PaperArchitecture_map20x20_rho1_10Agent/K3_HS0/1765553512 - End of loop ##################  
 ####### Case67 	 Computation time:0.8192288875579834 	 Step25/52	- AllReachGoal-True

2025-12-12 16:41:21,198 - PaperAgentLogger - INFO - current rateReachGoal: 0
2025-12-12 16:41:21,213 - PaperAgentLogger - DEBUG - New map
2025-12-12 16:41:22,379 - PaperAgentLogger - INFO - ################## PaperArchitecture_map20x20_rho1_10Agent/K3_HS0/1765553512 - End of loop ##################  
 ####### Case68 	 Computation time:1.166041612625122 	 Step36/36	- AllReachGoal-False

2025-12-12 16:41:22,380 - PaperAgentLogger - INFO - current rateReachGoal: 0
2025-12-12 16:41:22,398 - PaperAgentLogger - DEBUG - New map
2025-12-12 16:41:23,407 - PaperAgentLogger - INFO - ################## PaperArchitecture_map20x20_rho1_10Agent/K3_HS0/1765553512 - End of loop ##################  
 ####### Case69 	 Computation time:1.0077729225158691 	 Step31/60	- AllReachGoal-True

2025-12-12 16:41:23,407 - PaperAgentLogger - INFO - current rateReachGoal: 0
2025-12-12 16:41:23,424 - PaperAgentLogger - DEBUG - New map
2025-12-12 16:41:24,787 - PaperAgentLogger - INFO - ################## PaperArchitecture_map20x20_rho1_10Agent/K3_HS0/1765553512 - End of loop ##################  
 ####### Case70 	 Computation time:1.3626148700714111 	 Step42/42	- AllReachGoal-False

2025-12-12 16:41:24,788 - PaperAgentLogger - INFO - current rateReachGoal: 0
2025-12-12 16:41:24,806 - PaperAgentLogger - DEBUG - New map
2025-12-12 16:41:26,416 - PaperAgentLogger - INFO - ################## PaperArchitecture_map20x20_rho1_10Agent/K3_HS0/1765553512 - End of loop ##################  
 ####### Case71 	 Computation time:1.6090748310089111 	 Step50/50	- AllReachGoal-False

2025-12-12 16:41:26,418 - PaperAgentLogger - INFO - current rateReachGoal: 0
2025-12-12 16:41:26,438 - PaperAgentLogger - DEBUG - New map
2025-12-12 16:41:27,610 - PaperAgentLogger - INFO - ################## PaperArchitecture_map20x20_rho1_10Agent/K3_HS0/1765553512 - End of loop ##################  
 ####### Case72 	 Computation time:1.1723265647888184 	 Step36/66	- AllReachGoal-True

2025-12-12 16:41:27,611 - PaperAgentLogger - INFO - current rateReachGoal: 0
2025-12-12 16:41:27,627 - PaperAgentLogger - DEBUG - New map
2025-12-12 16:41:28,442 - PaperAgentLogger - INFO - ################## PaperArchitecture_map20x20_rho1_10Agent/K3_HS0/1765553512 - End of loop ##################  
 ####### Case73 	 Computation time:0.814051628112793 	 Step24/46	- AllReachGoal-True

2025-12-12 16:41:28,443 - PaperAgentLogger - INFO - current rateReachGoal: 0
2025-12-12 16:41:28,460 - PaperAgentLogger - DEBUG - New map
2025-12-12 16:41:30,118 - PaperAgentLogger - INFO - ################## PaperArchitecture_map20x20_rho1_10Agent/K3_HS0/1765553512 - End of loop ##################  
 ####### Case74 	 Computation time:1.6576154232025146 	 Step50/50	- AllReachGoal-False

2025-12-12 16:41:30,119 - PaperAgentLogger - INFO - current rateReachGoal: 0
2025-12-12 16:41:30,136 - PaperAgentLogger - DEBUG - New map
2025-12-12 16:41:31,310 - PaperAgentLogger - INFO - ################## PaperArchitecture_map20x20_rho1_10Agent/K3_HS0/1765553512 - End of loop ##################  
 ####### Case75 	 Computation time:1.1728596687316895 	 Step36/58	- AllReachGoal-True

2025-12-12 16:41:31,310 - PaperAgentLogger - INFO - current rateReachGoal: 0
2025-12-12 16:41:31,328 - PaperAgentLogger - DEBUG - New map
2025-12-12 16:41:32,765 - PaperAgentLogger - INFO - ################## PaperArchitecture_map20x20_rho1_10Agent/K3_HS0/1765553512 - End of loop ##################  
 ####### Case76 	 Computation time:1.4370698928833008 	 Step44/44	- AllReachGoal-False

2025-12-12 16:41:32,766 - PaperAgentLogger - INFO - current rateReachGoal: 0
2025-12-12 16:41:32,783 - PaperAgentLogger - DEBUG - New map
2025-12-12 16:41:33,567 - PaperAgentLogger - INFO - ################## PaperArchitecture_map20x20_rho1_10Agent/K3_HS0/1765553512 - End of loop ##################  
 ####### Case77 	 Computation time:0.7837080955505371 	 Step24/48	- AllReachGoal-True

2025-12-12 16:41:33,568 - PaperAgentLogger - INFO - current rateReachGoal: 0
2025-12-12 16:41:33,587 - PaperAgentLogger - DEBUG - New map
2025-12-12 16:41:34,595 - PaperAgentLogger - INFO - ################## PaperArchitecture_map20x20_rho1_10Agent/K3_HS0/1765553512 - End of loop ##################  
 ####### Case78 	 Computation time:1.0066730976104736 	 Step31/60	- AllReachGoal-True

2025-12-12 16:41:34,595 - PaperAgentLogger - INFO - current rateReachGoal: 0
2025-12-12 16:41:34,614 - PaperAgentLogger - DEBUG - New map
2025-12-12 16:41:35,494 - PaperAgentLogger - INFO - ################## PaperArchitecture_map20x20_rho1_10Agent/K3_HS0/1765553512 - End of loop ##################  
 ####### Case79 	 Computation time:0.8798046112060547 	 Step27/54	- AllReachGoal-True

2025-12-12 16:41:35,495 - PaperAgentLogger - INFO - current rateReachGoal: 0
2025-12-12 16:41:35,513 - PaperAgentLogger - DEBUG - New map
2025-12-12 16:41:36,425 - PaperAgentLogger - INFO - ################## PaperArchitecture_map20x20_rho1_10Agent/K3_HS0/1765553512 - End of loop ##################  
 ####### Case80 	 Computation time:0.9115097522735596 	 Step28/54	- AllReachGoal-True

2025-12-12 16:41:36,426 - PaperAgentLogger - INFO - current rateReachGoal: 0
2025-12-12 16:41:36,445 - PaperAgentLogger - DEBUG - New map
2025-12-12 16:41:37,356 - PaperAgentLogger - INFO - ################## PaperArchitecture_map20x20_rho1_10Agent/K3_HS0/1765553512 - End of loop ##################  
 ####### Case81 	 Computation time:0.9105749130249023 	 Step28/54	- AllReachGoal-True

2025-12-12 16:41:37,356 - PaperAgentLogger - INFO - current rateReachGoal: 0
2025-12-12 16:41:37,374 - PaperAgentLogger - DEBUG - New map
2025-12-12 16:41:38,351 - PaperAgentLogger - INFO - ################## PaperArchitecture_map20x20_rho1_10Agent/K3_HS0/1765553512 - End of loop ##################  
 ####### Case82 	 Computation time:0.976459264755249 	 Step30/48	- AllReachGoal-True

2025-12-12 16:41:38,353 - PaperAgentLogger - INFO - current rateReachGoal: 0
2025-12-12 16:41:38,372 - PaperAgentLogger - DEBUG - New map
2025-12-12 16:41:39,319 - PaperAgentLogger - INFO - ################## PaperArchitecture_map20x20_rho1_10Agent/K3_HS0/1765553512 - End of loop ##################  
 ####### Case83 	 Computation time:0.946641206741333 	 Step29/58	- AllReachGoal-True

2025-12-12 16:41:39,320 - PaperAgentLogger - INFO - current rateReachGoal: 0
2025-12-12 16:41:39,338 - PaperAgentLogger - DEBUG - New map
2025-12-12 16:41:40,277 - PaperAgentLogger - INFO - ################## PaperArchitecture_map20x20_rho1_10Agent/K3_HS0/1765553512 - End of loop ##################  
 ####### Case84 	 Computation time:0.9377501010894775 	 Step29/58	- AllReachGoal-True

2025-12-12 16:41:40,277 - PaperAgentLogger - INFO - current rateReachGoal: 0
2025-12-12 16:41:40,295 - PaperAgentLogger - DEBUG - New map
2025-12-12 16:41:41,391 - PaperAgentLogger - INFO - ################## PaperArchitecture_map20x20_rho1_10Agent/K3_HS0/1765553512 - End of loop ##################  
 ####### Case85 	 Computation time:1.0959124565124512 	 Step34/52	- AllReachGoal-True

2025-12-12 16:41:41,392 - PaperAgentLogger - INFO - current rateReachGoal: 0
2025-12-12 16:41:41,409 - PaperAgentLogger - DEBUG - New map
2025-12-12 16:41:42,957 - PaperAgentLogger - INFO - ################## PaperArchitecture_map20x20_rho1_10Agent/K3_HS0/1765553512 - End of loop ##################  
 ####### Case86 	 Computation time:1.5476653575897217 	 Step48/48	- AllReachGoal-False

2025-12-12 16:41:42,957 - PaperAgentLogger - INFO - current rateReachGoal: 0
2025-12-12 16:41:42,976 - PaperAgentLogger - DEBUG - New map
2025-12-12 16:41:43,922 - PaperAgentLogger - INFO - ################## PaperArchitecture_map20x20_rho1_10Agent/K3_HS0/1765553512 - End of loop ##################  
 ####### Case87 	 Computation time:0.9459011554718018 	 Step29/58	- AllReachGoal-True

2025-12-12 16:41:43,925 - PaperAgentLogger - INFO - current rateReachGoal: 0
2025-12-12 16:41:43,941 - PaperAgentLogger - DEBUG - New map
2025-12-12 16:41:44,701 - PaperAgentLogger - INFO - ################## PaperArchitecture_map20x20_rho1_10Agent/K3_HS0/1765553512 - End of loop ##################  
 ####### Case88 	 Computation time:0.759911298751831 	 Step23/46	- AllReachGoal-True

2025-12-12 16:41:44,702 - PaperAgentLogger - INFO - current rateReachGoal: 0
2025-12-12 16:41:44,721 - PaperAgentLogger - DEBUG - New map
2025-12-12 16:41:45,599 - PaperAgentLogger - INFO - ################## PaperArchitecture_map20x20_rho1_10Agent/K3_HS0/1765553512 - End of loop ##################  
 ####### Case89 	 Computation time:0.8781452178955078 	 Step27/50	- AllReachGoal-True

2025-12-12 16:41:45,600 - PaperAgentLogger - INFO - current rateReachGoal: 0
2025-12-12 16:41:45,621 - PaperAgentLogger - DEBUG - New map
2025-12-12 16:41:47,948 - PaperAgentLogger - INFO - ################## PaperArchitecture_map20x20_rho1_10Agent/K3_HS0/1765553512 - End of loop ##################  
 ####### Case90 	 Computation time:2.326162099838257 	 Step72/72	- AllReachGoal-False

2025-12-12 16:41:47,949 - PaperAgentLogger - INFO - current rateReachGoal: 0
2025-12-12 16:41:47,965 - PaperAgentLogger - DEBUG - New map
2025-12-12 16:41:49,326 - PaperAgentLogger - INFO - ################## PaperArchitecture_map20x20_rho1_10Agent/K3_HS0/1765553512 - End of loop ##################  
 ####### Case91 	 Computation time:1.36045503616333 	 Step42/42	- AllReachGoal-False

2025-12-12 16:41:49,328 - PaperAgentLogger - INFO - current rateReachGoal: 0
2025-12-12 16:41:49,347 - PaperAgentLogger - DEBUG - New map
2025-12-12 16:41:50,319 - PaperAgentLogger - INFO - ################## PaperArchitecture_map20x20_rho1_10Agent/K3_HS0/1765553512 - End of loop ##################  
 ####### Case92 	 Computation time:0.9723682403564453 	 Step29/58	- AllReachGoal-True

2025-12-12 16:41:50,320 - PaperAgentLogger - INFO - current rateReachGoal: 0
2025-12-12 16:41:50,336 - PaperAgentLogger - DEBUG - New map
2025-12-12 16:41:51,367 - PaperAgentLogger - INFO - ################## PaperArchitecture_map20x20_rho1_10Agent/K3_HS0/1765553512 - End of loop ##################  
 ####### Case93 	 Computation time:1.0303335189819336 	 Step32/48	- AllReachGoal-True

2025-12-12 16:41:51,367 - PaperAgentLogger - INFO - current rateReachGoal: 0
2025-12-12 16:41:51,384 - PaperAgentLogger - DEBUG - New map
2025-12-12 16:41:53,038 - PaperAgentLogger - INFO - ################## PaperArchitecture_map20x20_rho1_10Agent/K3_HS0/1765553512 - End of loop ##################  
 ####### Case94 	 Computation time:1.6532561779022217 	 Step50/50	- AllReachGoal-False

2025-12-12 16:41:53,039 - PaperAgentLogger - INFO - current rateReachGoal: 0
2025-12-12 16:41:53,056 - PaperAgentLogger - DEBUG - New map
2025-12-12 16:41:54,363 - PaperAgentLogger - INFO - ################## PaperArchitecture_map20x20_rho1_10Agent/K3_HS0/1765553512 - End of loop ##################  
 ####### Case95 	 Computation time:1.3062434196472168 	 Step40/40	- AllReachGoal-False

2025-12-12 16:41:54,365 - PaperAgentLogger - INFO - current rateReachGoal: 0
2025-12-12 16:41:54,383 - PaperAgentLogger - DEBUG - New map
2025-12-12 16:41:55,363 - PaperAgentLogger - INFO - ################## PaperArchitecture_map20x20_rho1_10Agent/K3_HS0/1765553512 - End of loop ##################  
 ####### Case96 	 Computation time:0.9789400100708008 	 Step30/60	- AllReachGoal-True

2025-12-12 16:41:55,363 - PaperAgentLogger - INFO - current rateReachGoal: 0
2025-12-12 16:41:55,382 - PaperAgentLogger - DEBUG - New map
2025-12-12 16:41:56,758 - PaperAgentLogger - INFO - ################## PaperArchitecture_map20x20_rho1_10Agent/K3_HS0/1765553512 - End of loop ##################  
 ####### Case97 	 Computation time:1.375037431716919 	 Step42/58	- AllReachGoal-True

2025-12-12 16:41:56,759 - PaperAgentLogger - INFO - current rateReachGoal: 0
2025-12-12 16:41:56,778 - PaperAgentLogger - DEBUG - New map
2025-12-12 16:41:58,762 - PaperAgentLogger - INFO - ################## PaperArchitecture_map20x20_rho1_10Agent/K3_HS0/1765553512 - End of loop ##################  
 ####### Case98 	 Computation time:1.983931541442871 	 Step60/60	- AllReachGoal-False

2025-12-12 16:41:58,763 - PaperAgentLogger - INFO - current rateReachGoal: 0
2025-12-12 16:41:58,781 - PaperAgentLogger - DEBUG - New map
2025-12-12 16:42:00,650 - PaperAgentLogger - INFO - ################## PaperArchitecture_map20x20_rho1_10Agent/K3_HS0/1765553512 - End of loop ##################  
 ####### Case99 	 Computation time:1.868110179901123 	 Step58/58	- AllReachGoal-False

2025-12-12 16:42:00,651 - PaperAgentLogger - INFO - current rateReachGoal: 0
2025-12-12 16:42:00,668 - PaperAgentLogger - DEBUG - New map
2025-12-12 16:42:02,566 - PaperAgentLogger - INFO - ################## PaperArchitecture_map20x20_rho1_10Agent/K3_HS0/1765553512 - End of loop ##################  
 ####### Case100 	 Computation time:1.897413730621338 	 Step58/58	- AllReachGoal-False

2025-12-12 16:42:02,567 - PaperAgentLogger - INFO - current rateReachGoal: 0
2025-12-12 16:42:02,585 - PaperAgentLogger - DEBUG - New map
2025-12-12 16:42:03,584 - PaperAgentLogger - INFO - ################## PaperArchitecture_map20x20_rho1_10Agent/K3_HS0/1765553512 - End of loop ##################  
 ####### Case101 	 Computation time:0.9980149269104004 	 Step30/56	- AllReachGoal-True

2025-12-12 16:42:03,584 - PaperAgentLogger - INFO - current rateReachGoal: 0
2025-12-12 16:42:03,602 - PaperAgentLogger - DEBUG - New map
2025-12-12 16:42:05,451 - PaperAgentLogger - INFO - ################## PaperArchitecture_map20x20_rho1_10Agent/K3_HS0/1765553512 - End of loop ##################  
 ####### Case102 	 Computation time:1.8489344120025635 	 Step56/56	- AllReachGoal-False

2025-12-12 16:42:05,452 - PaperAgentLogger - INFO - current rateReachGoal: 0
2025-12-12 16:42:05,472 - PaperAgentLogger - DEBUG - New map
2025-12-12 16:42:07,630 - PaperAgentLogger - INFO - ################## PaperArchitecture_map20x20_rho1_10Agent/K3_HS0/1765553512 - End of loop ##################  
 ####### Case103 	 Computation time:2.156620979309082 	 Step66/66	- AllReachGoal-False

2025-12-12 16:42:07,630 - PaperAgentLogger - INFO - current rateReachGoal: 0
2025-12-12 16:42:07,647 - PaperAgentLogger - DEBUG - New map
2025-12-12 16:42:08,739 - PaperAgentLogger - INFO - ################## PaperArchitecture_map20x20_rho1_10Agent/K3_HS0/1765553512 - End of loop ##################  
 ####### Case104 	 Computation time:1.0916824340820312 	 Step33/46	- AllReachGoal-True

2025-12-12 16:42:08,740 - PaperAgentLogger - INFO - current rateReachGoal: 0
2025-12-12 16:42:08,759 - PaperAgentLogger - DEBUG - New map
2025-12-12 16:42:10,628 - PaperAgentLogger - INFO - ################## PaperArchitecture_map20x20_rho1_10Agent/K3_HS0/1765553512 - End of loop ##################  
 ####### Case105 	 Computation time:1.8679747581481934 	 Step56/56	- AllReachGoal-False

2025-12-12 16:42:10,630 - PaperAgentLogger - INFO - current rateReachGoal: 0
2025-12-12 16:42:10,648 - PaperAgentLogger - DEBUG - New map
2025-12-12 16:42:12,232 - PaperAgentLogger - INFO - ################## PaperArchitecture_map20x20_rho1_10Agent/K3_HS0/1765553512 - End of loop ##################  
 ####### Case106 	 Computation time:1.5835273265838623 	 Step48/48	- AllReachGoal-False

2025-12-12 16:42:12,232 - PaperAgentLogger - INFO - current rateReachGoal: 0
2025-12-12 16:42:12,252 - PaperAgentLogger - DEBUG - New map
2025-12-12 16:42:13,250 - PaperAgentLogger - INFO - ################## PaperArchitecture_map20x20_rho1_10Agent/K3_HS0/1765553512 - End of loop ##################  
 ####### Case107 	 Computation time:0.9975931644439697 	 Step30/58	- AllReachGoal-True

2025-12-12 16:42:13,251 - PaperAgentLogger - INFO - current rateReachGoal: 0
2025-12-12 16:42:13,269 - PaperAgentLogger - DEBUG - New map
2025-12-12 16:42:15,040 - PaperAgentLogger - INFO - ################## PaperArchitecture_map20x20_rho1_10Agent/K3_HS0/1765553512 - End of loop ##################  
 ####### Case108 	 Computation time:1.770338773727417 	 Step54/54	- AllReachGoal-False

2025-12-12 16:42:15,041 - PaperAgentLogger - INFO - current rateReachGoal: 0
2025-12-12 16:42:15,061 - PaperAgentLogger - DEBUG - New map
2025-12-12 16:42:17,034 - PaperAgentLogger - INFO - ################## PaperArchitecture_map20x20_rho1_10Agent/K3_HS0/1765553512 - End of loop ##################  
 ####### Case109 	 Computation time:1.9724199771881104 	 Step60/60	- AllReachGoal-False

2025-12-12 16:42:17,034 - PaperAgentLogger - INFO - current rateReachGoal: 0
2025-12-12 16:42:17,054 - PaperAgentLogger - DEBUG - New map
2025-12-12 16:42:18,955 - PaperAgentLogger - INFO - ################## PaperArchitecture_map20x20_rho1_10Agent/K3_HS0/1765553512 - End of loop ##################  
 ####### Case110 	 Computation time:1.9003543853759766 	 Step58/58	- AllReachGoal-False

2025-12-12 16:42:18,956 - PaperAgentLogger - INFO - current rateReachGoal: 0
2025-12-12 16:42:18,974 - PaperAgentLogger - DEBUG - New map
2025-12-12 16:42:20,667 - PaperAgentLogger - INFO - ################## PaperArchitecture_map20x20_rho1_10Agent/K3_HS0/1765553512 - End of loop ##################  
 ####### Case111 	 Computation time:1.6921577453613281 	 Step52/52	- AllReachGoal-False

2025-12-12 16:42:20,667 - PaperAgentLogger - INFO - current rateReachGoal: 0
2025-12-12 16:42:20,684 - PaperAgentLogger - DEBUG - New map
2025-12-12 16:42:21,474 - PaperAgentLogger - INFO - ################## PaperArchitecture_map20x20_rho1_10Agent/K3_HS0/1765553512 - End of loop ##################  
 ####### Case112 	 Computation time:0.789818286895752 	 Step24/46	- AllReachGoal-True

2025-12-12 16:42:21,475 - PaperAgentLogger - INFO - current rateReachGoal: 0
2025-12-12 16:42:21,493 - PaperAgentLogger - DEBUG - New map
2025-12-12 16:42:23,131 - PaperAgentLogger - INFO - ################## PaperArchitecture_map20x20_rho1_10Agent/K3_HS0/1765553512 - End of loop ##################  
 ####### Case113 	 Computation time:1.6374342441558838 	 Step50/50	- AllReachGoal-False

2025-12-12 16:42:23,131 - PaperAgentLogger - INFO - current rateReachGoal: 0
2025-12-12 16:42:23,149 - PaperAgentLogger - DEBUG - New map
2025-12-12 16:42:23,942 - PaperAgentLogger - INFO - ################## PaperArchitecture_map20x20_rho1_10Agent/K3_HS0/1765553512 - End of loop ##################  
 ####### Case114 	 Computation time:0.7930443286895752 	 Step24/44	- AllReachGoal-True

2025-12-12 16:42:23,943 - PaperAgentLogger - INFO - current rateReachGoal: 0
2025-12-12 16:42:23,961 - PaperAgentLogger - DEBUG - New map
2025-12-12 16:42:25,805 - PaperAgentLogger - INFO - ################## PaperArchitecture_map20x20_rho1_10Agent/K3_HS0/1765553512 - End of loop ##################  
 ####### Case115 	 Computation time:1.8432483673095703 	 Step56/56	- AllReachGoal-False

2025-12-12 16:42:25,806 - PaperAgentLogger - INFO - current rateReachGoal: 0
2025-12-12 16:42:25,823 - PaperAgentLogger - DEBUG - New map
2025-12-12 16:42:27,484 - PaperAgentLogger - INFO - ################## PaperArchitecture_map20x20_rho1_10Agent/K3_HS0/1765553512 - End of loop ##################  
 ####### Case116 	 Computation time:1.6598069667816162 	 Step50/50	- AllReachGoal-False

2025-12-12 16:42:27,484 - PaperAgentLogger - INFO - current rateReachGoal: 0
2025-12-12 16:42:27,504 - PaperAgentLogger - DEBUG - New map
2025-12-12 16:42:28,590 - PaperAgentLogger - INFO - ################## PaperArchitecture_map20x20_rho1_10Agent/K3_HS0/1765553512 - End of loop ##################  
 ####### Case117 	 Computation time:1.0858216285705566 	 Step32/60	- AllReachGoal-True

2025-12-12 16:42:28,591 - PaperAgentLogger - INFO - current rateReachGoal: 0
2025-12-12 16:42:28,608 - PaperAgentLogger - DEBUG - New map
2025-12-12 16:42:29,444 - PaperAgentLogger - INFO - ################## PaperArchitecture_map20x20_rho1_10Agent/K3_HS0/1765553512 - End of loop ##################  
 ####### Case118 	 Computation time:0.8355813026428223 	 Step24/48	- AllReachGoal-True

2025-12-12 16:42:29,445 - PaperAgentLogger - INFO - current rateReachGoal: 0
2025-12-12 16:42:29,465 - PaperAgentLogger - DEBUG - New map
2025-12-12 16:42:31,713 - PaperAgentLogger - INFO - ################## PaperArchitecture_map20x20_rho1_10Agent/K3_HS0/1765553512 - End of loop ##################  
 ####### Case119 	 Computation time:2.246999740600586 	 Step66/66	- AllReachGoal-False

2025-12-12 16:42:31,713 - PaperAgentLogger - INFO - current rateReachGoal: 0
2025-12-12 16:42:31,733 - PaperAgentLogger - DEBUG - New map
2025-12-12 16:42:33,432 - PaperAgentLogger - INFO - ################## PaperArchitecture_map20x20_rho1_10Agent/K3_HS0/1765553512 - End of loop ##################  
 ####### Case120 	 Computation time:1.698019027709961 	 Step51/64	- AllReachGoal-True

2025-12-12 16:42:33,432 - PaperAgentLogger - INFO - current rateReachGoal: 0
2025-12-12 16:42:33,450 - PaperAgentLogger - DEBUG - New map
2025-12-12 16:42:35,054 - PaperAgentLogger - INFO - ################## PaperArchitecture_map20x20_rho1_10Agent/K3_HS0/1765553512 - End of loop ##################  
 ####### Case121 	 Computation time:1.6037836074829102 	 Step48/48	- AllReachGoal-False

2025-12-12 16:42:35,055 - PaperAgentLogger - INFO - current rateReachGoal: 0
2025-12-12 16:42:35,075 - PaperAgentLogger - DEBUG - New map
2025-12-12 16:42:36,777 - PaperAgentLogger - INFO - ################## PaperArchitecture_map20x20_rho1_10Agent/K3_HS0/1765553512 - End of loop ##################  
 ####### Case122 	 Computation time:1.7011144161224365 	 Step52/52	- AllReachGoal-False

2025-12-12 16:42:36,778 - PaperAgentLogger - INFO - current rateReachGoal: 0
2025-12-12 16:42:36,796 - PaperAgentLogger - DEBUG - New map
2025-12-12 16:42:37,770 - PaperAgentLogger - INFO - ################## PaperArchitecture_map20x20_rho1_10Agent/K3_HS0/1765553512 - End of loop ##################  
 ####### Case123 	 Computation time:0.973325252532959 	 Step29/50	- AllReachGoal-True

2025-12-12 16:42:37,771 - PaperAgentLogger - INFO - current rateReachGoal: 0
2025-12-12 16:42:37,787 - PaperAgentLogger - DEBUG - New map
2025-12-12 16:42:39,300 - PaperAgentLogger - INFO - ################## PaperArchitecture_map20x20_rho1_10Agent/K3_HS0/1765553512 - End of loop ##################  
 ####### Case124 	 Computation time:1.5125582218170166 	 Step46/46	- AllReachGoal-False

2025-12-12 16:42:39,301 - PaperAgentLogger - INFO - current rateReachGoal: 0
2025-12-12 16:42:39,320 - PaperAgentLogger - DEBUG - New map
2025-12-12 16:42:41,354 - PaperAgentLogger - INFO - ################## PaperArchitecture_map20x20_rho1_10Agent/K3_HS0/1765553512 - End of loop ##################  
 ####### Case125 	 Computation time:2.0330581665039062 	 Step60/60	- AllReachGoal-False

2025-12-12 16:42:41,354 - PaperAgentLogger - INFO - current rateReachGoal: 0
2025-12-12 16:42:41,373 - PaperAgentLogger - DEBUG - New map
2025-12-12 16:42:43,353 - PaperAgentLogger - INFO - ################## PaperArchitecture_map20x20_rho1_10Agent/K3_HS0/1765553512 - End of loop ##################  
 ####### Case126 	 Computation time:1.9793319702148438 	 Step58/58	- AllReachGoal-False

2025-12-12 16:42:43,354 - PaperAgentLogger - INFO - current rateReachGoal: 0
2025-12-12 16:42:43,371 - PaperAgentLogger - DEBUG - New map
2025-12-12 16:42:44,342 - PaperAgentLogger - INFO - ################## PaperArchitecture_map20x20_rho1_10Agent/K3_HS0/1765553512 - End of loop ##################  
 ####### Case127 	 Computation time:0.9706363677978516 	 Step28/52	- AllReachGoal-True

2025-12-12 16:42:44,343 - PaperAgentLogger - INFO - current rateReachGoal: 0
2025-12-12 16:42:44,361 - PaperAgentLogger - DEBUG - New map
2025-12-12 16:42:45,396 - PaperAgentLogger - INFO - ################## PaperArchitecture_map20x20_rho1_10Agent/K3_HS0/1765553512 - End of loop ##################  
 ####### Case128 	 Computation time:1.0337755680084229 	 Step31/54	- AllReachGoal-True

2025-12-12 16:42:45,396 - PaperAgentLogger - INFO - current rateReachGoal: 0
2025-12-12 16:42:45,416 - PaperAgentLogger - DEBUG - New map
2025-12-12 16:42:47,325 - PaperAgentLogger - INFO - ################## PaperArchitecture_map20x20_rho1_10Agent/K3_HS0/1765553512 - End of loop ##################  
 ####### Case129 	 Computation time:1.9086685180664062 	 Step58/58	- AllReachGoal-False

2025-12-12 16:42:47,327 - PaperAgentLogger - INFO - current rateReachGoal: 0
2025-12-12 16:42:47,346 - PaperAgentLogger - DEBUG - New map
2025-12-12 16:42:48,374 - PaperAgentLogger - INFO - ################## PaperArchitecture_map20x20_rho1_10Agent/K3_HS0/1765553512 - End of loop ##################  
 ####### Case130 	 Computation time:1.0270636081695557 	 Step31/58	- AllReachGoal-True

2025-12-12 16:42:48,374 - PaperAgentLogger - INFO - current rateReachGoal: 0
2025-12-12 16:42:48,393 - PaperAgentLogger - DEBUG - New map
2025-12-12 16:42:49,446 - PaperAgentLogger - INFO - ################## PaperArchitecture_map20x20_rho1_10Agent/K3_HS0/1765553512 - End of loop ##################  
 ####### Case131 	 Computation time:1.0521042346954346 	 Step31/56	- AllReachGoal-True

2025-12-12 16:42:49,446 - PaperAgentLogger - INFO - current rateReachGoal: 0
2025-12-12 16:42:49,468 - PaperAgentLogger - DEBUG - New map
2025-12-12 16:42:50,753 - PaperAgentLogger - INFO - ################## PaperArchitecture_map20x20_rho1_10Agent/K3_HS0/1765553512 - End of loop ##################  
 ####### Case132 	 Computation time:1.2841458320617676 	 Step38/66	- AllReachGoal-True

2025-12-12 16:42:50,753 - PaperAgentLogger - INFO - current rateReachGoal: 0
2025-12-12 16:42:50,768 - PaperAgentLogger - DEBUG - New map
2025-12-12 16:42:51,398 - PaperAgentLogger - INFO - ################## PaperArchitecture_map20x20_rho1_10Agent/K3_HS0/1765553512 - End of loop ##################  
 ####### Case133 	 Computation time:0.629793643951416 	 Step18/36	- AllReachGoal-True

2025-12-12 16:42:51,399 - PaperAgentLogger - INFO - current rateReachGoal: 0
2025-12-12 16:42:51,417 - PaperAgentLogger - DEBUG - New map
2025-12-12 16:42:52,403 - PaperAgentLogger - INFO - ################## PaperArchitecture_map20x20_rho1_10Agent/K3_HS0/1765553512 - End of loop ##################  
 ####### Case134 	 Computation time:0.9854698181152344 	 Step29/58	- AllReachGoal-True

2025-12-12 16:42:52,406 - PaperAgentLogger - INFO - current rateReachGoal: 0
2025-12-12 16:42:52,425 - PaperAgentLogger - DEBUG - New map
2025-12-12 16:42:54,470 - PaperAgentLogger - INFO - ################## PaperArchitecture_map20x20_rho1_10Agent/K3_HS0/1765553512 - End of loop ##################  
 ####### Case135 	 Computation time:2.0443267822265625 	 Step60/60	- AllReachGoal-False

2025-12-12 16:42:54,471 - PaperAgentLogger - INFO - current rateReachGoal: 0
2025-12-12 16:42:54,490 - PaperAgentLogger - DEBUG - New map
2025-12-12 16:42:56,633 - PaperAgentLogger - INFO - ################## PaperArchitecture_map20x20_rho1_10Agent/K3_HS0/1765553512 - End of loop ##################  
 ####### Case136 	 Computation time:2.141613721847534 	 Step64/64	- AllReachGoal-False

2025-12-12 16:42:56,633 - PaperAgentLogger - INFO - current rateReachGoal: 0
2025-12-12 16:42:56,652 - PaperAgentLogger - DEBUG - New map
2025-12-12 16:42:57,961 - PaperAgentLogger - INFO - ################## PaperArchitecture_map20x20_rho1_10Agent/K3_HS0/1765553512 - End of loop ##################  
 ####### Case137 	 Computation time:1.3083834648132324 	 Step40/60	- AllReachGoal-True

2025-12-12 16:42:57,963 - PaperAgentLogger - INFO - current rateReachGoal: 0
2025-12-12 16:42:57,981 - PaperAgentLogger - DEBUG - New map
2025-12-12 16:42:58,881 - PaperAgentLogger - INFO - ################## PaperArchitecture_map20x20_rho1_10Agent/K3_HS0/1765553512 - End of loop ##################  
 ####### Case138 	 Computation time:0.8996312618255615 	 Step26/48	- AllReachGoal-True

2025-12-12 16:42:58,882 - PaperAgentLogger - INFO - current rateReachGoal: 0
2025-12-12 16:42:58,900 - PaperAgentLogger - DEBUG - New map
2025-12-12 16:43:00,702 - PaperAgentLogger - INFO - ################## PaperArchitecture_map20x20_rho1_10Agent/K3_HS0/1765553512 - End of loop ##################  
 ####### Case139 	 Computation time:1.8015599250793457 	 Step54/54	- AllReachGoal-False

2025-12-12 16:43:00,702 - PaperAgentLogger - INFO - current rateReachGoal: 0
2025-12-12 16:43:00,719 - PaperAgentLogger - DEBUG - New map
2025-12-12 16:43:01,769 - PaperAgentLogger - INFO - ################## PaperArchitecture_map20x20_rho1_10Agent/K3_HS0/1765553512 - End of loop ##################  
 ####### Case140 	 Computation time:1.0487399101257324 	 Step32/32	- AllReachGoal-False

2025-12-12 16:43:01,769 - PaperAgentLogger - INFO - current rateReachGoal: 0
2025-12-12 16:43:01,787 - PaperAgentLogger - DEBUG - New map
2025-12-12 16:43:02,658 - PaperAgentLogger - INFO - ################## PaperArchitecture_map20x20_rho1_10Agent/K3_HS0/1765553512 - End of loop ##################  
 ####### Case141 	 Computation time:0.8698921203613281 	 Step26/52	- AllReachGoal-True

2025-12-12 16:43:02,659 - PaperAgentLogger - INFO - current rateReachGoal: 0
2025-12-12 16:43:02,678 - PaperAgentLogger - DEBUG - New map
2025-12-12 16:43:04,015 - PaperAgentLogger - INFO - ################## PaperArchitecture_map20x20_rho1_10Agent/K3_HS0/1765553512 - End of loop ##################  
 ####### Case142 	 Computation time:1.337120771408081 	 Step41/64	- AllReachGoal-True

2025-12-12 16:43:04,016 - PaperAgentLogger - INFO - current rateReachGoal: 0
2025-12-12 16:43:04,034 - PaperAgentLogger - DEBUG - New map
2025-12-12 16:43:05,799 - PaperAgentLogger - INFO - ################## PaperArchitecture_map20x20_rho1_10Agent/K3_HS0/1765553512 - End of loop ##################  
 ####### Case143 	 Computation time:1.7649695873260498 	 Step54/54	- AllReachGoal-False

2025-12-12 16:43:05,800 - PaperAgentLogger - INFO - current rateReachGoal: 0
2025-12-12 16:43:05,818 - PaperAgentLogger - DEBUG - New map
2025-12-12 16:43:07,572 - PaperAgentLogger - INFO - ################## PaperArchitecture_map20x20_rho1_10Agent/K3_HS0/1765553512 - End of loop ##################  
 ####### Case144 	 Computation time:1.7538127899169922 	 Step52/52	- AllReachGoal-False

2025-12-12 16:43:07,573 - PaperAgentLogger - INFO - current rateReachGoal: 0
2025-12-12 16:43:07,589 - PaperAgentLogger - DEBUG - New map
2025-12-12 16:43:09,256 - PaperAgentLogger - INFO - ################## PaperArchitecture_map20x20_rho1_10Agent/K3_HS0/1765553512 - End of loop ##################  
 ####### Case145 	 Computation time:1.6663501262664795 	 Step48/48	- AllReachGoal-False

2025-12-12 16:43:09,259 - PaperAgentLogger - INFO - current rateReachGoal: 0
2025-12-12 16:43:09,276 - PaperAgentLogger - DEBUG - New map
2025-12-12 16:43:11,143 - PaperAgentLogger - INFO - ################## PaperArchitecture_map20x20_rho1_10Agent/K3_HS0/1765553512 - End of loop ##################  
 ####### Case146 	 Computation time:1.8668596744537354 	 Step54/54	- AllReachGoal-False

2025-12-12 16:43:11,144 - PaperAgentLogger - INFO - current rateReachGoal: 0
2025-12-12 16:43:11,163 - PaperAgentLogger - DEBUG - New map
2025-12-12 16:43:12,208 - PaperAgentLogger - INFO - ################## PaperArchitecture_map20x20_rho1_10Agent/K3_HS0/1765553512 - End of loop ##################  
 ####### Case147 	 Computation time:1.044438362121582 	 Step30/56	- AllReachGoal-True

2025-12-12 16:43:12,209 - PaperAgentLogger - INFO - current rateReachGoal: 0
2025-12-12 16:43:12,227 - PaperAgentLogger - DEBUG - New map
2025-12-12 16:43:14,022 - PaperAgentLogger - INFO - ################## PaperArchitecture_map20x20_rho1_10Agent/K3_HS0/1765553512 - End of loop ##################  
 ####### Case148 	 Computation time:1.794198989868164 	 Step52/52	- AllReachGoal-False

2025-12-12 16:43:14,022 - PaperAgentLogger - INFO - current rateReachGoal: 0
2025-12-12 16:43:14,040 - PaperAgentLogger - DEBUG - New map
2025-12-12 16:43:15,417 - PaperAgentLogger - INFO - ################## PaperArchitecture_map20x20_rho1_10Agent/K3_HS0/1765553512 - End of loop ##################  
 ####### Case149 	 Computation time:1.3757438659667969 	 Step42/60	- AllReachGoal-True

2025-12-12 16:43:15,417 - PaperAgentLogger - INFO - current rateReachGoal: 0
2025-12-12 16:43:15,435 - PaperAgentLogger - DEBUG - New map
2025-12-12 16:43:16,730 - PaperAgentLogger - INFO - ################## PaperArchitecture_map20x20_rho1_10Agent/K3_HS0/1765553512 - End of loop ##################  
 ####### Case150 	 Computation time:1.2948706150054932 	 Step40/40	- AllReachGoal-False

2025-12-12 16:43:16,731 - PaperAgentLogger - INFO - current rateReachGoal: 0
2025-12-12 16:43:16,748 - PaperAgentLogger - DEBUG - New map
2025-12-12 16:43:18,487 - PaperAgentLogger - INFO - ################## PaperArchitecture_map20x20_rho1_10Agent/K3_HS0/1765553512 - End of loop ##################  
 ####### Case151 	 Computation time:1.7379510402679443 	 Step54/54	- AllReachGoal-False

2025-12-12 16:43:18,488 - PaperAgentLogger - INFO - current rateReachGoal: 0
2025-12-12 16:43:18,508 - PaperAgentLogger - DEBUG - New map
2025-12-12 16:43:19,635 - PaperAgentLogger - INFO - ################## PaperArchitecture_map20x20_rho1_10Agent/K3_HS0/1765553512 - End of loop ##################  
 ####### Case152 	 Computation time:1.1261851787567139 	 Step33/66	- AllReachGoal-True

2025-12-12 16:43:19,635 - PaperAgentLogger - INFO - current rateReachGoal: 0
2025-12-12 16:43:19,653 - PaperAgentLogger - DEBUG - New map
2025-12-12 16:43:20,591 - PaperAgentLogger - INFO - ################## PaperArchitecture_map20x20_rho1_10Agent/K3_HS0/1765553512 - End of loop ##################  
 ####### Case153 	 Computation time:0.9366574287414551 	 Step28/56	- AllReachGoal-True

2025-12-12 16:43:20,593 - PaperAgentLogger - INFO - current rateReachGoal: 0
2025-12-12 16:43:20,609 - PaperAgentLogger - DEBUG - New map
2025-12-12 16:43:22,099 - PaperAgentLogger - INFO - ################## PaperArchitecture_map20x20_rho1_10Agent/K3_HS0/1765553512 - End of loop ##################  
 ####### Case154 	 Computation time:1.489710807800293 	 Step44/44	- AllReachGoal-False

2025-12-12 16:43:22,100 - PaperAgentLogger - INFO - current rateReachGoal: 0
2025-12-12 16:43:22,117 - PaperAgentLogger - DEBUG - New map
2025-12-12 16:43:23,898 - PaperAgentLogger - INFO - ################## PaperArchitecture_map20x20_rho1_10Agent/K3_HS0/1765553512 - End of loop ##################  
 ####### Case155 	 Computation time:1.780202865600586 	 Step54/54	- AllReachGoal-False

2025-12-12 16:43:23,899 - PaperAgentLogger - INFO - current rateReachGoal: 0
2025-12-12 16:43:23,916 - PaperAgentLogger - DEBUG - New map
2025-12-12 16:43:25,686 - PaperAgentLogger - INFO - ################## PaperArchitecture_map20x20_rho1_10Agent/K3_HS0/1765553512 - End of loop ##################  
 ####### Case156 	 Computation time:1.769221305847168 	 Step52/52	- AllReachGoal-False

2025-12-12 16:43:25,688 - PaperAgentLogger - INFO - current rateReachGoal: 0
2025-12-12 16:43:25,704 - PaperAgentLogger - DEBUG - New map
2025-12-12 16:43:27,183 - PaperAgentLogger - INFO - ################## PaperArchitecture_map20x20_rho1_10Agent/K3_HS0/1765553512 - End of loop ##################  
 ####### Case157 	 Computation time:1.4782297611236572 	 Step44/44	- AllReachGoal-False

2025-12-12 16:43:27,183 - PaperAgentLogger - INFO - current rateReachGoal: 0
2025-12-12 16:43:27,201 - PaperAgentLogger - DEBUG - New map
2025-12-12 16:43:28,829 - PaperAgentLogger - INFO - ################## PaperArchitecture_map20x20_rho1_10Agent/K3_HS0/1765553512 - End of loop ##################  
 ####### Case158 	 Computation time:1.6269450187683105 	 Step48/48	- AllReachGoal-False

2025-12-12 16:43:28,829 - PaperAgentLogger - INFO - current rateReachGoal: 0
2025-12-12 16:43:28,846 - PaperAgentLogger - DEBUG - New map
2025-12-12 16:43:29,850 - PaperAgentLogger - INFO - ################## PaperArchitecture_map20x20_rho1_10Agent/K3_HS0/1765553512 - End of loop ##################  
 ####### Case159 	 Computation time:1.0031988620758057 	 Step30/44	- AllReachGoal-True

2025-12-12 16:43:29,850 - PaperAgentLogger - INFO - current rateReachGoal: 0
2025-12-12 16:43:29,868 - PaperAgentLogger - DEBUG - New map
2025-12-12 16:43:30,760 - PaperAgentLogger - INFO - ################## PaperArchitecture_map20x20_rho1_10Agent/K3_HS0/1765553512 - End of loop ##################  
 ####### Case160 	 Computation time:0.8920769691467285 	 Step26/48	- AllReachGoal-True

2025-12-12 16:43:30,763 - PaperAgentLogger - INFO - current rateReachGoal: 0
2025-12-12 16:43:30,780 - PaperAgentLogger - DEBUG - New map
2025-12-12 16:43:31,569 - PaperAgentLogger - INFO - ################## PaperArchitecture_map20x20_rho1_10Agent/K3_HS0/1765553512 - End of loop ##################  
 ####### Case161 	 Computation time:0.7886829376220703 	 Step23/46	- AllReachGoal-True

2025-12-12 16:43:31,570 - PaperAgentLogger - INFO - current rateReachGoal: 0
2025-12-12 16:43:31,587 - PaperAgentLogger - DEBUG - New map
2025-12-12 16:43:32,466 - PaperAgentLogger - INFO - ################## PaperArchitecture_map20x20_rho1_10Agent/K3_HS0/1765553512 - End of loop ##################  
 ####### Case162 	 Computation time:0.8784410953521729 	 Step27/52	- AllReachGoal-True

2025-12-12 16:43:32,467 - PaperAgentLogger - INFO - current rateReachGoal: 0
2025-12-12 16:43:32,484 - PaperAgentLogger - DEBUG - New map
2025-12-12 16:43:34,086 - PaperAgentLogger - INFO - ################## PaperArchitecture_map20x20_rho1_10Agent/K3_HS0/1765553512 - End of loop ##################  
 ####### Case163 	 Computation time:1.60191011428833 	 Step50/50	- AllReachGoal-False

2025-12-12 16:43:34,087 - PaperAgentLogger - INFO - current rateReachGoal: 0
2025-12-12 16:43:34,104 - PaperAgentLogger - DEBUG - New map
2025-12-12 16:43:34,850 - PaperAgentLogger - INFO - ################## PaperArchitecture_map20x20_rho1_10Agent/K3_HS0/1765553512 - End of loop ##################  
 ####### Case164 	 Computation time:0.7454423904418945 	 Step23/42	- AllReachGoal-True

2025-12-12 16:43:34,850 - PaperAgentLogger - INFO - current rateReachGoal: 0
2025-12-12 16:43:34,870 - PaperAgentLogger - DEBUG - New map
2025-12-12 16:43:36,997 - PaperAgentLogger - INFO - ################## PaperArchitecture_map20x20_rho1_10Agent/K3_HS0/1765553512 - End of loop ##################  
 ####### Case165 	 Computation time:2.12619686126709 	 Step66/66	- AllReachGoal-False

2025-12-12 16:43:36,998 - PaperAgentLogger - INFO - current rateReachGoal: 0
2025-12-12 16:43:37,018 - PaperAgentLogger - DEBUG - New map
2025-12-12 16:43:38,942 - PaperAgentLogger - INFO - ################## PaperArchitecture_map20x20_rho1_10Agent/K3_HS0/1765553512 - End of loop ##################  
 ####### Case166 	 Computation time:1.9236314296722412 	 Step60/60	- AllReachGoal-False

2025-12-12 16:43:38,942 - PaperAgentLogger - INFO - current rateReachGoal: 0
2025-12-12 16:43:38,959 - PaperAgentLogger - DEBUG - New map
2025-12-12 16:43:39,818 - PaperAgentLogger - INFO - ################## PaperArchitecture_map20x20_rho1_10Agent/K3_HS0/1765553512 - End of loop ##################  
 ####### Case167 	 Computation time:0.8588061332702637 	 Step26/46	- AllReachGoal-True

2025-12-12 16:43:39,819 - PaperAgentLogger - INFO - current rateReachGoal: 0
2025-12-12 16:43:39,837 - PaperAgentLogger - DEBUG - New map
2025-12-12 16:43:41,653 - PaperAgentLogger - INFO - ################## PaperArchitecture_map20x20_rho1_10Agent/K3_HS0/1765553512 - End of loop ##################  
 ####### Case168 	 Computation time:1.8149335384368896 	 Step56/56	- AllReachGoal-False

2025-12-12 16:43:41,653 - PaperAgentLogger - INFO - current rateReachGoal: 0
2025-12-12 16:43:41,671 - PaperAgentLogger - DEBUG - New map
2025-12-12 16:43:43,117 - PaperAgentLogger - INFO - ################## PaperArchitecture_map20x20_rho1_10Agent/K3_HS0/1765553512 - End of loop ##################  
 ####### Case169 	 Computation time:1.4450032711029053 	 Step45/58	- AllReachGoal-True

2025-12-12 16:43:43,118 - PaperAgentLogger - INFO - current rateReachGoal: 0
2025-12-12 16:43:43,136 - PaperAgentLogger - DEBUG - New map
2025-12-12 16:43:44,811 - PaperAgentLogger - INFO - ################## PaperArchitecture_map20x20_rho1_10Agent/K3_HS0/1765553512 - End of loop ##################  
 ####### Case170 	 Computation time:1.6742885112762451 	 Step50/50	- AllReachGoal-False

2025-12-12 16:43:44,811 - PaperAgentLogger - INFO - current rateReachGoal: 0
2025-12-12 16:43:44,828 - PaperAgentLogger - DEBUG - New map
2025-12-12 16:43:46,444 - PaperAgentLogger - INFO - ################## PaperArchitecture_map20x20_rho1_10Agent/K3_HS0/1765553512 - End of loop ##################  
 ####### Case171 	 Computation time:1.615455150604248 	 Step48/48	- AllReachGoal-False

2025-12-12 16:43:46,445 - PaperAgentLogger - INFO - current rateReachGoal: 0
2025-12-12 16:43:46,463 - PaperAgentLogger - DEBUG - New map
2025-12-12 16:43:47,437 - PaperAgentLogger - INFO - ################## PaperArchitecture_map20x20_rho1_10Agent/K3_HS0/1765553512 - End of loop ##################  
 ####### Case172 	 Computation time:0.9731943607330322 	 Step30/60	- AllReachGoal-True

2025-12-12 16:43:47,437 - PaperAgentLogger - INFO - current rateReachGoal: 0
2025-12-12 16:43:47,456 - PaperAgentLogger - DEBUG - New map
2025-12-12 16:43:48,490 - PaperAgentLogger - INFO - ################## PaperArchitecture_map20x20_rho1_10Agent/K3_HS0/1765553512 - End of loop ##################  
 ####### Case173 	 Computation time:1.0331223011016846 	 Step32/64	- AllReachGoal-True

2025-12-12 16:43:48,492 - PaperAgentLogger - INFO - current rateReachGoal: 0
2025-12-12 16:43:48,510 - PaperAgentLogger - DEBUG - New map
2025-12-12 16:43:49,573 - PaperAgentLogger - INFO - ################## PaperArchitecture_map20x20_rho1_10Agent/K3_HS0/1765553512 - End of loop ##################  
 ####### Case174 	 Computation time:1.0617692470550537 	 Step33/54	- AllReachGoal-True

2025-12-12 16:43:49,573 - PaperAgentLogger - INFO - current rateReachGoal: 0
2025-12-12 16:43:49,589 - PaperAgentLogger - DEBUG - New map
2025-12-12 16:43:50,395 - PaperAgentLogger - INFO - ################## PaperArchitecture_map20x20_rho1_10Agent/K3_HS0/1765553512 - End of loop ##################  
 ####### Case175 	 Computation time:0.8057408332824707 	 Step25/44	- AllReachGoal-True

2025-12-12 16:43:50,395 - PaperAgentLogger - INFO - current rateReachGoal: 0
2025-12-12 16:43:50,413 - PaperAgentLogger - DEBUG - New map
2025-12-12 16:43:51,956 - PaperAgentLogger - INFO - ################## PaperArchitecture_map20x20_rho1_10Agent/K3_HS0/1765553512 - End of loop ##################  
 ####### Case176 	 Computation time:1.542776107788086 	 Step48/48	- AllReachGoal-False

2025-12-12 16:43:51,957 - PaperAgentLogger - INFO - current rateReachGoal: 0
2025-12-12 16:43:51,976 - PaperAgentLogger - DEBUG - New map
2025-12-12 16:43:53,872 - PaperAgentLogger - INFO - ################## PaperArchitecture_map20x20_rho1_10Agent/K3_HS0/1765553512 - End of loop ##################  
 ####### Case177 	 Computation time:1.8959481716156006 	 Step58/58	- AllReachGoal-False

2025-12-12 16:43:53,875 - PaperAgentLogger - INFO - current rateReachGoal: 0
2025-12-12 16:43:53,893 - PaperAgentLogger - DEBUG - New map
2025-12-12 16:43:54,782 - PaperAgentLogger - INFO - ################## PaperArchitecture_map20x20_rho1_10Agent/K3_HS0/1765553512 - End of loop ##################  
 ####### Case178 	 Computation time:0.8887839317321777 	 Step27/50	- AllReachGoal-True

2025-12-12 16:43:54,783 - PaperAgentLogger - INFO - current rateReachGoal: 0
2025-12-12 16:43:54,802 - PaperAgentLogger - DEBUG - New map
2025-12-12 16:43:56,606 - PaperAgentLogger - INFO - ################## PaperArchitecture_map20x20_rho1_10Agent/K3_HS0/1765553512 - End of loop ##################  
 ####### Case179 	 Computation time:1.803851842880249 	 Step56/56	- AllReachGoal-False

2025-12-12 16:43:56,607 - PaperAgentLogger - INFO - current rateReachGoal: 0
2025-12-12 16:43:56,625 - PaperAgentLogger - DEBUG - New map
2025-12-12 16:43:58,647 - PaperAgentLogger - INFO - ################## PaperArchitecture_map20x20_rho1_10Agent/K3_HS0/1765553512 - End of loop ##################  
 ####### Case180 	 Computation time:2.020946741104126 	 Step62/62	- AllReachGoal-True

2025-12-12 16:43:58,647 - PaperAgentLogger - INFO - current rateReachGoal: 0
2025-12-12 16:43:58,666 - PaperAgentLogger - DEBUG - New map
2025-12-12 16:44:00,420 - PaperAgentLogger - INFO - ################## PaperArchitecture_map20x20_rho1_10Agent/K3_HS0/1765553512 - End of loop ##################  
 ####### Case181 	 Computation time:1.7539525032043457 	 Step54/54	- AllReachGoal-False

2025-12-12 16:44:00,421 - PaperAgentLogger - INFO - current rateReachGoal: 0
2025-12-12 16:44:00,438 - PaperAgentLogger - DEBUG - New map
2025-12-12 16:44:01,293 - PaperAgentLogger - INFO - ################## PaperArchitecture_map20x20_rho1_10Agent/K3_HS0/1765553512 - End of loop ##################  
 ####### Case182 	 Computation time:0.8539140224456787 	 Step26/52	- AllReachGoal-True

2025-12-12 16:44:01,294 - PaperAgentLogger - INFO - current rateReachGoal: 0
2025-12-12 16:44:01,312 - PaperAgentLogger - DEBUG - New map
2025-12-12 16:44:02,318 - PaperAgentLogger - INFO - ################## PaperArchitecture_map20x20_rho1_10Agent/K3_HS0/1765553512 - End of loop ##################  
 ####### Case183 	 Computation time:1.0052158832550049 	 Step31/58	- AllReachGoal-True

2025-12-12 16:44:02,319 - PaperAgentLogger - INFO - current rateReachGoal: 0
2025-12-12 16:44:02,336 - PaperAgentLogger - DEBUG - New map
2025-12-12 16:44:03,177 - PaperAgentLogger - INFO - ################## PaperArchitecture_map20x20_rho1_10Agent/K3_HS0/1765553512 - End of loop ##################  
 ####### Case184 	 Computation time:0.8403298854827881 	 Step26/52	- AllReachGoal-True

2025-12-12 16:44:03,177 - PaperAgentLogger - INFO - current rateReachGoal: 0
2025-12-12 16:44:03,193 - PaperAgentLogger - DEBUG - New map
2025-12-12 16:44:03,910 - PaperAgentLogger - INFO - ################## PaperArchitecture_map20x20_rho1_10Agent/K3_HS0/1765553512 - End of loop ##################  
 ####### Case185 	 Computation time:0.7159638404846191 	 Step22/44	- AllReachGoal-True

2025-12-12 16:44:03,911 - PaperAgentLogger - INFO - current rateReachGoal: 0
2025-12-12 16:44:03,929 - PaperAgentLogger - DEBUG - New map
2025-12-12 16:44:05,002 - PaperAgentLogger - INFO - ################## PaperArchitecture_map20x20_rho1_10Agent/K3_HS0/1765553512 - End of loop ##################  
 ####### Case186 	 Computation time:1.07210111618042 	 Step33/60	- AllReachGoal-True

2025-12-12 16:44:05,003 - PaperAgentLogger - INFO - current rateReachGoal: 0
2025-12-12 16:44:05,019 - PaperAgentLogger - DEBUG - New map
2025-12-12 16:44:06,378 - PaperAgentLogger - INFO - ################## PaperArchitecture_map20x20_rho1_10Agent/K3_HS0/1765553512 - End of loop ##################  
 ####### Case187 	 Computation time:1.358431100845337 	 Step42/42	- AllReachGoal-False

2025-12-12 16:44:06,380 - PaperAgentLogger - INFO - current rateReachGoal: 0
2025-12-12 16:44:06,397 - PaperAgentLogger - DEBUG - New map
2025-12-12 16:44:07,949 - PaperAgentLogger - INFO - ################## PaperArchitecture_map20x20_rho1_10Agent/K3_HS0/1765553512 - End of loop ##################  
 ####### Case188 	 Computation time:1.550931453704834 	 Step48/48	- AllReachGoal-False

2025-12-12 16:44:07,949 - PaperAgentLogger - INFO - current rateReachGoal: 0
2025-12-12 16:44:07,968 - PaperAgentLogger - DEBUG - New map
2025-12-12 16:44:09,102 - PaperAgentLogger - INFO - ################## PaperArchitecture_map20x20_rho1_10Agent/K3_HS0/1765553512 - End of loop ##################  
 ####### Case189 	 Computation time:1.1336619853973389 	 Step35/50	- AllReachGoal-True

2025-12-12 16:44:09,103 - PaperAgentLogger - INFO - current rateReachGoal: 0
2025-12-12 16:44:09,122 - PaperAgentLogger - DEBUG - New map
2025-12-12 16:44:10,129 - PaperAgentLogger - INFO - ################## PaperArchitecture_map20x20_rho1_10Agent/K3_HS0/1765553512 - End of loop ##################  
 ####### Case190 	 Computation time:1.0068035125732422 	 Step31/62	- AllReachGoal-True

2025-12-12 16:44:10,130 - PaperAgentLogger - INFO - current rateReachGoal: 0
2025-12-12 16:44:10,151 - PaperAgentLogger - DEBUG - New map
2025-12-12 16:44:11,156 - PaperAgentLogger - INFO - ################## PaperArchitecture_map20x20_rho1_10Agent/K3_HS0/1765553512 - End of loop ##################  
 ####### Case191 	 Computation time:1.004136323928833 	 Step31/60	- AllReachGoal-True

2025-12-12 16:44:11,156 - PaperAgentLogger - INFO - current rateReachGoal: 0
2025-12-12 16:44:11,173 - PaperAgentLogger - DEBUG - New map
2025-12-12 16:44:12,014 - PaperAgentLogger - INFO - ################## PaperArchitecture_map20x20_rho1_10Agent/K3_HS0/1765553512 - End of loop ##################  
 ####### Case192 	 Computation time:0.8401861190795898 	 Step26/46	- AllReachGoal-True

2025-12-12 16:44:12,016 - PaperAgentLogger - INFO - current rateReachGoal: 0
2025-12-12 16:44:12,034 - PaperAgentLogger - DEBUG - New map
2025-12-12 16:44:13,452 - PaperAgentLogger - INFO - ################## PaperArchitecture_map20x20_rho1_10Agent/K3_HS0/1765553512 - End of loop ##################  
 ####### Case193 	 Computation time:1.4173293113708496 	 Step44/52	- AllReachGoal-True

2025-12-12 16:44:13,452 - PaperAgentLogger - INFO - current rateReachGoal: 0
2025-12-12 16:44:13,469 - PaperAgentLogger - DEBUG - New map
2025-12-12 16:44:15,087 - PaperAgentLogger - INFO - ################## PaperArchitecture_map20x20_rho1_10Agent/K3_HS0/1765553512 - End of loop ##################  
 ####### Case194 	 Computation time:1.617541790008545 	 Step48/48	- AllReachGoal-False

2025-12-12 16:44:15,087 - PaperAgentLogger - INFO - current rateReachGoal: 0
2025-12-12 16:44:15,105 - PaperAgentLogger - DEBUG - New map
2025-12-12 16:44:17,005 - PaperAgentLogger - INFO - ################## PaperArchitecture_map20x20_rho1_10Agent/K3_HS0/1765553512 - End of loop ##################  
 ####### Case195 	 Computation time:1.8988151550292969 	 Step56/56	- AllReachGoal-False

2025-12-12 16:44:17,005 - PaperAgentLogger - INFO - current rateReachGoal: 0
2025-12-12 16:44:17,023 - PaperAgentLogger - DEBUG - New map
2025-12-12 16:44:18,841 - PaperAgentLogger - INFO - ################## PaperArchitecture_map20x20_rho1_10Agent/K3_HS0/1765553512 - End of loop ##################  
 ####### Case196 	 Computation time:1.8177905082702637 	 Step54/54	- AllReachGoal-False

2025-12-12 16:44:18,842 - PaperAgentLogger - INFO - current rateReachGoal: 0
2025-12-12 16:44:18,858 - PaperAgentLogger - DEBUG - New map
2025-12-12 16:44:19,777 - PaperAgentLogger - INFO - ################## PaperArchitecture_map20x20_rho1_10Agent/K3_HS0/1765553512 - End of loop ##################  
 ####### Case197 	 Computation time:0.9183995723724365 	 Step27/50	- AllReachGoal-True

2025-12-12 16:44:19,778 - PaperAgentLogger - INFO - current rateReachGoal: 0
2025-12-12 16:44:19,796 - PaperAgentLogger - DEBUG - New map
2025-12-12 16:44:21,136 - PaperAgentLogger - INFO - ################## PaperArchitecture_map20x20_rho1_10Agent/K3_HS0/1765553512 - End of loop ##################  
 ####### Case198 	 Computation time:1.3393499851226807 	 Step40/56	- AllReachGoal-True

2025-12-12 16:44:21,136 - PaperAgentLogger - INFO - current rateReachGoal: 0
2025-12-12 16:44:21,154 - PaperAgentLogger - DEBUG - New map
2025-12-12 16:44:22,091 - PaperAgentLogger - INFO - ################## PaperArchitecture_map20x20_rho1_10Agent/K3_HS0/1765553512 - End of loop ##################  
 ####### Case199 	 Computation time:0.9360530376434326 	 Step27/52	- AllReachGoal-True

2025-12-12 16:44:22,093 - PaperAgentLogger - INFO - current rateReachGoal: 0
2025-12-12 16:44:22,109 - PaperAgentLogger - DEBUG - New map
2025-12-12 16:44:23,322 - PaperAgentLogger - INFO - ################## PaperArchitecture_map20x20_rho1_10Agent/K3_HS0/1765553512 - End of loop ##################  
 ####### Case200 	 Computation time:1.212700366973877 	 Step37/46	- AllReachGoal-True

2025-12-12 16:44:23,323 - PaperAgentLogger - INFO - current rateReachGoal: 0
2025-12-12 16:44:23,343 - PaperAgentLogger - DEBUG - New map
2025-12-12 16:44:24,340 - PaperAgentLogger - INFO - ################## PaperArchitecture_map20x20_rho1_10Agent/K3_HS0/1765553512 - End of loop ##################  
 ####### Case201 	 Computation time:0.9965896606445312 	 Step30/58	- AllReachGoal-True

2025-12-12 16:44:24,340 - PaperAgentLogger - INFO - current rateReachGoal: 0
2025-12-12 16:44:24,358 - PaperAgentLogger - DEBUG - New map
2025-12-12 16:44:25,714 - PaperAgentLogger - INFO - ################## PaperArchitecture_map20x20_rho1_10Agent/K3_HS0/1765553512 - End of loop ##################  
 ####### Case202 	 Computation time:1.3550949096679688 	 Step41/52	- AllReachGoal-True

2025-12-12 16:44:25,714 - PaperAgentLogger - INFO - current rateReachGoal: 0
2025-12-12 16:44:25,730 - PaperAgentLogger - DEBUG - New map
2025-12-12 16:44:27,043 - PaperAgentLogger - INFO - ################## PaperArchitecture_map20x20_rho1_10Agent/K3_HS0/1765553512 - End of loop ##################  
 ####### Case203 	 Computation time:1.312192678451538 	 Step40/40	- AllReachGoal-False

2025-12-12 16:44:27,044 - PaperAgentLogger - INFO - current rateReachGoal: 0
2025-12-12 16:44:27,060 - PaperAgentLogger - DEBUG - New map
2025-12-12 16:44:28,189 - PaperAgentLogger - INFO - ################## PaperArchitecture_map20x20_rho1_10Agent/K3_HS0/1765553512 - End of loop ##################  
 ####### Case204 	 Computation time:1.1276044845581055 	 Step34/46	- AllReachGoal-True

2025-12-12 16:44:28,189 - PaperAgentLogger - INFO - current rateReachGoal: 0
2025-12-12 16:44:28,207 - PaperAgentLogger - DEBUG - New map
2025-12-12 16:44:29,036 - PaperAgentLogger - INFO - ################## PaperArchitecture_map20x20_rho1_10Agent/K3_HS0/1765553512 - End of loop ##################  
 ####### Case205 	 Computation time:0.8276429176330566 	 Step25/48	- AllReachGoal-True

2025-12-12 16:44:29,036 - PaperAgentLogger - INFO - current rateReachGoal: 0
2025-12-12 16:44:29,055 - PaperAgentLogger - DEBUG - New map
2025-12-12 16:44:30,891 - PaperAgentLogger - INFO - ################## PaperArchitecture_map20x20_rho1_10Agent/K3_HS0/1765553512 - End of loop ##################  
 ####### Case206 	 Computation time:1.8350095748901367 	 Step56/56	- AllReachGoal-False

2025-12-12 16:44:30,891 - PaperAgentLogger - INFO - current rateReachGoal: 0
2025-12-12 16:44:30,912 - PaperAgentLogger - DEBUG - New map
2025-12-12 16:44:33,017 - PaperAgentLogger - INFO - ################## PaperArchitecture_map20x20_rho1_10Agent/K3_HS0/1765553512 - End of loop ##################  
 ####### Case207 	 Computation time:2.1041388511657715 	 Step64/64	- AllReachGoal-False

2025-12-12 16:44:33,017 - PaperAgentLogger - INFO - current rateReachGoal: 0
2025-12-12 16:44:33,034 - PaperAgentLogger - DEBUG - New map
2025-12-12 16:44:34,654 - PaperAgentLogger - INFO - ################## PaperArchitecture_map20x20_rho1_10Agent/K3_HS0/1765553512 - End of loop ##################  
 ####### Case208 	 Computation time:1.6186401844024658 	 Step48/48	- AllReachGoal-False

2025-12-12 16:44:34,654 - PaperAgentLogger - INFO - current rateReachGoal: 0
2025-12-12 16:44:34,672 - PaperAgentLogger - DEBUG - New map
2025-12-12 16:44:35,531 - PaperAgentLogger - INFO - ################## PaperArchitecture_map20x20_rho1_10Agent/K3_HS0/1765553512 - End of loop ##################  
 ####### Case209 	 Computation time:0.8583202362060547 	 Step26/48	- AllReachGoal-True

2025-12-12 16:44:35,532 - PaperAgentLogger - INFO - current rateReachGoal: 0
2025-12-12 16:44:35,551 - PaperAgentLogger - DEBUG - New map
2025-12-12 16:44:37,578 - PaperAgentLogger - INFO - ################## PaperArchitecture_map20x20_rho1_10Agent/K3_HS0/1765553512 - End of loop ##################  
 ####### Case210 	 Computation time:2.026442766189575 	 Step62/62	- AllReachGoal-False

2025-12-12 16:44:37,579 - PaperAgentLogger - INFO - current rateReachGoal: 0
2025-12-12 16:44:37,597 - PaperAgentLogger - DEBUG - New map
2025-12-12 16:44:39,363 - PaperAgentLogger - INFO - ################## PaperArchitecture_map20x20_rho1_10Agent/K3_HS0/1765553512 - End of loop ##################  
 ####### Case211 	 Computation time:1.7661616802215576 	 Step54/54	- AllReachGoal-False

2025-12-12 16:44:39,364 - PaperAgentLogger - INFO - current rateReachGoal: 0
2025-12-12 16:44:39,383 - PaperAgentLogger - DEBUG - New map
2025-12-12 16:44:41,209 - PaperAgentLogger - INFO - ################## PaperArchitecture_map20x20_rho1_10Agent/K3_HS0/1765553512 - End of loop ##################  
 ####### Case212 	 Computation time:1.8247315883636475 	 Step56/56	- AllReachGoal-False

2025-12-12 16:44:41,209 - PaperAgentLogger - INFO - current rateReachGoal: 0
2025-12-12 16:44:41,229 - PaperAgentLogger - DEBUG - New map
2025-12-12 16:44:42,982 - PaperAgentLogger - INFO - ################## PaperArchitecture_map20x20_rho1_10Agent/K3_HS0/1765553512 - End of loop ##################  
 ####### Case213 	 Computation time:1.752229928970337 	 Step54/64	- AllReachGoal-True

2025-12-12 16:44:42,982 - PaperAgentLogger - INFO - current rateReachGoal: 0
2025-12-12 16:44:42,998 - PaperAgentLogger - DEBUG - New map
2025-12-12 16:44:43,652 - PaperAgentLogger - INFO - ################## PaperArchitecture_map20x20_rho1_10Agent/K3_HS0/1765553512 - End of loop ##################  
 ####### Case214 	 Computation time:0.6533975601196289 	 Step20/42	- AllReachGoal-True

2025-12-12 16:44:43,653 - PaperAgentLogger - INFO - current rateReachGoal: 0
2025-12-12 16:44:43,672 - PaperAgentLogger - DEBUG - New map
2025-12-12 16:44:45,689 - PaperAgentLogger - INFO - ################## PaperArchitecture_map20x20_rho1_10Agent/K3_HS0/1765553512 - End of loop ##################  
 ####### Case215 	 Computation time:2.0170469284057617 	 Step62/62	- AllReachGoal-False

2025-12-12 16:44:45,690 - PaperAgentLogger - INFO - current rateReachGoal: 0
2025-12-12 16:44:45,708 - PaperAgentLogger - DEBUG - New map
2025-12-12 16:44:46,954 - PaperAgentLogger - INFO - ################## PaperArchitecture_map20x20_rho1_10Agent/K3_HS0/1765553512 - End of loop ##################  
 ####### Case216 	 Computation time:1.2454049587249756 	 Step38/62	- AllReachGoal-True

2025-12-12 16:44:46,955 - PaperAgentLogger - INFO - current rateReachGoal: 0
2025-12-12 16:44:46,972 - PaperAgentLogger - DEBUG - New map
2025-12-12 16:44:48,742 - PaperAgentLogger - INFO - ################## PaperArchitecture_map20x20_rho1_10Agent/K3_HS0/1765553512 - End of loop ##################  
 ####### Case217 	 Computation time:1.7691378593444824 	 Step54/54	- AllReachGoal-False

2025-12-12 16:44:48,743 - PaperAgentLogger - INFO - current rateReachGoal: 0
2025-12-12 16:44:48,760 - PaperAgentLogger - DEBUG - New map
2025-12-12 16:44:50,533 - PaperAgentLogger - INFO - ################## PaperArchitecture_map20x20_rho1_10Agent/K3_HS0/1765553512 - End of loop ##################  
 ####### Case218 	 Computation time:1.7720611095428467 	 Step54/54	- AllReachGoal-False

2025-12-12 16:44:50,533 - PaperAgentLogger - INFO - current rateReachGoal: 0
2025-12-12 16:44:50,555 - PaperAgentLogger - DEBUG - New map
2025-12-12 16:44:52,602 - PaperAgentLogger - INFO - ################## PaperArchitecture_map20x20_rho1_10Agent/K3_HS0/1765553512 - End of loop ##################  
 ####### Case219 	 Computation time:2.0461935997009277 	 Step60/74	- AllReachGoal-True

2025-12-12 16:44:52,603 - PaperAgentLogger - INFO - current rateReachGoal: 0
2025-12-12 16:44:52,619 - PaperAgentLogger - DEBUG - New map
2025-12-12 16:44:53,467 - PaperAgentLogger - INFO - ################## PaperArchitecture_map20x20_rho1_10Agent/K3_HS0/1765553512 - End of loop ##################  
 ####### Case220 	 Computation time:0.8474247455596924 	 Step25/42	- AllReachGoal-True

2025-12-12 16:44:53,468 - PaperAgentLogger - INFO - current rateReachGoal: 0
2025-12-12 16:44:53,485 - PaperAgentLogger - DEBUG - New map
2025-12-12 16:44:55,060 - PaperAgentLogger - INFO - ################## PaperArchitecture_map20x20_rho1_10Agent/K3_HS0/1765553512 - End of loop ##################  
 ####### Case221 	 Computation time:1.573927402496338 	 Step48/48	- AllReachGoal-False

2025-12-12 16:44:55,060 - PaperAgentLogger - INFO - current rateReachGoal: 0
2025-12-12 16:44:55,077 - PaperAgentLogger - DEBUG - New map
2025-12-12 16:44:55,812 - PaperAgentLogger - INFO - ################## PaperArchitecture_map20x20_rho1_10Agent/K3_HS0/1765553512 - End of loop ##################  
 ####### Case222 	 Computation time:0.7342946529388428 	 Step22/42	- AllReachGoal-True

2025-12-12 16:44:55,812 - PaperAgentLogger - INFO - current rateReachGoal: 0
2025-12-12 16:44:55,833 - PaperAgentLogger - DEBUG - New map
2025-12-12 16:44:56,989 - PaperAgentLogger - INFO - ################## PaperArchitecture_map20x20_rho1_10Agent/K3_HS0/1765553512 - End of loop ##################  
 ####### Case223 	 Computation time:1.1558103561401367 	 Step35/66	- AllReachGoal-True

2025-12-12 16:44:56,990 - PaperAgentLogger - INFO - current rateReachGoal: 0
2025-12-12 16:44:57,009 - PaperAgentLogger - DEBUG - New map
2025-12-12 16:44:58,782 - PaperAgentLogger - INFO - ################## PaperArchitecture_map20x20_rho1_10Agent/K3_HS0/1765553512 - End of loop ##################  
 ####### Case224 	 Computation time:1.7724025249481201 	 Step54/54	- AllReachGoal-False

2025-12-12 16:44:58,782 - PaperAgentLogger - INFO - current rateReachGoal: 0
2025-12-12 16:44:58,801 - PaperAgentLogger - DEBUG - New map
2025-12-12 16:44:59,758 - PaperAgentLogger - INFO - ################## PaperArchitecture_map20x20_rho1_10Agent/K3_HS0/1765553512 - End of loop ##################  
 ####### Case225 	 Computation time:0.9562966823577881 	 Step29/58	- AllReachGoal-True

2025-12-12 16:44:59,759 - PaperAgentLogger - INFO - current rateReachGoal: 0
2025-12-12 16:44:59,779 - PaperAgentLogger - DEBUG - New map
2025-12-12 16:45:01,867 - PaperAgentLogger - INFO - ################## PaperArchitecture_map20x20_rho1_10Agent/K3_HS0/1765553512 - End of loop ##################  
 ####### Case226 	 Computation time:2.0871682167053223 	 Step64/64	- AllReachGoal-False

2025-12-12 16:45:01,867 - PaperAgentLogger - INFO - current rateReachGoal: 0
2025-12-12 16:45:01,888 - PaperAgentLogger - DEBUG - New map
2025-12-12 16:45:03,050 - PaperAgentLogger - INFO - ################## PaperArchitecture_map20x20_rho1_10Agent/K3_HS0/1765553512 - End of loop ##################  
 ####### Case227 	 Computation time:1.161376953125 	 Step35/64	- AllReachGoal-True

2025-12-12 16:45:03,051 - PaperAgentLogger - INFO - current rateReachGoal: 0
2025-12-12 16:45:03,070 - PaperAgentLogger - DEBUG - New map
2025-12-12 16:45:04,828 - PaperAgentLogger - INFO - ################## PaperArchitecture_map20x20_rho1_10Agent/K3_HS0/1765553512 - End of loop ##################  
 ####### Case228 	 Computation time:1.7574355602264404 	 Step54/54	- AllReachGoal-False

2025-12-12 16:45:04,829 - PaperAgentLogger - INFO - current rateReachGoal: 0
2025-12-12 16:45:04,845 - PaperAgentLogger - DEBUG - New map
2025-12-12 16:45:06,175 - PaperAgentLogger - INFO - ################## PaperArchitecture_map20x20_rho1_10Agent/K3_HS0/1765553512 - End of loop ##################  
 ####### Case229 	 Computation time:1.3299307823181152 	 Step40/40	- AllReachGoal-False

2025-12-12 16:45:06,176 - PaperAgentLogger - INFO - current rateReachGoal: 0
2025-12-12 16:45:06,197 - PaperAgentLogger - DEBUG - New map
2025-12-12 16:45:08,408 - PaperAgentLogger - INFO - ################## PaperArchitecture_map20x20_rho1_10Agent/K3_HS0/1765553512 - End of loop ##################  
 ####### Case230 	 Computation time:2.2104382514953613 	 Step64/64	- AllReachGoal-False

2025-12-12 16:45:08,409 - PaperAgentLogger - INFO - current rateReachGoal: 0
2025-12-12 16:45:08,426 - PaperAgentLogger - DEBUG - New map
2025-12-12 16:45:09,932 - PaperAgentLogger - INFO - ################## PaperArchitecture_map20x20_rho1_10Agent/K3_HS0/1765553512 - End of loop ##################  
 ####### Case231 	 Computation time:1.505427360534668 	 Step44/52	- AllReachGoal-True

2025-12-12 16:45:09,934 - PaperAgentLogger - INFO - current rateReachGoal: 0
2025-12-12 16:45:09,954 - PaperAgentLogger - DEBUG - New map
2025-12-12 16:45:11,164 - PaperAgentLogger - INFO - ################## PaperArchitecture_map20x20_rho1_10Agent/K3_HS0/1765553512 - End of loop ##################  
 ####### Case232 	 Computation time:1.2101051807403564 	 Step37/56	- AllReachGoal-True

2025-12-12 16:45:11,165 - PaperAgentLogger - INFO - current rateReachGoal: 0
2025-12-12 16:45:11,185 - PaperAgentLogger - DEBUG - New map
2025-12-12 16:45:12,315 - PaperAgentLogger - INFO - ################## PaperArchitecture_map20x20_rho1_10Agent/K3_HS0/1765553512 - End of loop ##################  
 ####### Case233 	 Computation time:1.1291911602020264 	 Step33/62	- AllReachGoal-True

2025-12-12 16:45:12,316 - PaperAgentLogger - INFO - current rateReachGoal: 0
2025-12-12 16:45:12,333 - PaperAgentLogger - DEBUG - New map
2025-12-12 16:45:13,485 - PaperAgentLogger - INFO - ################## PaperArchitecture_map20x20_rho1_10Agent/K3_HS0/1765553512 - End of loop ##################  
 ####### Case234 	 Computation time:1.1515531539916992 	 Step35/58	- AllReachGoal-True

2025-12-12 16:45:13,486 - PaperAgentLogger - INFO - current rateReachGoal: 0
2025-12-12 16:45:13,504 - PaperAgentLogger - DEBUG - New map
2025-12-12 16:45:15,357 - PaperAgentLogger - INFO - ################## PaperArchitecture_map20x20_rho1_10Agent/K3_HS0/1765553512 - End of loop ##################  
 ####### Case235 	 Computation time:1.8517670631408691 	 Step57/62	- AllReachGoal-True

2025-12-12 16:45:15,359 - PaperAgentLogger - INFO - current rateReachGoal: 0
2025-12-12 16:45:15,378 - PaperAgentLogger - DEBUG - New map
2025-12-12 16:45:17,025 - PaperAgentLogger - INFO - ################## PaperArchitecture_map20x20_rho1_10Agent/K3_HS0/1765553512 - End of loop ##################  
 ####### Case236 	 Computation time:1.6463143825531006 	 Step50/50	- AllReachGoal-False

2025-12-12 16:45:17,025 - PaperAgentLogger - INFO - current rateReachGoal: 0
2025-12-12 16:45:17,042 - PaperAgentLogger - DEBUG - New map
2025-12-12 16:45:18,756 - PaperAgentLogger - INFO - ################## PaperArchitecture_map20x20_rho1_10Agent/K3_HS0/1765553512 - End of loop ##################  
 ####### Case237 	 Computation time:1.7131056785583496 	 Step52/52	- AllReachGoal-False

2025-12-12 16:45:18,757 - PaperAgentLogger - INFO - current rateReachGoal: 0
2025-12-12 16:45:18,776 - PaperAgentLogger - DEBUG - New map
2025-12-12 16:45:20,624 - PaperAgentLogger - INFO - ################## PaperArchitecture_map20x20_rho1_10Agent/K3_HS0/1765553512 - End of loop ##################  
 ####### Case238 	 Computation time:1.8475759029388428 	 Step56/56	- AllReachGoal-False

2025-12-12 16:45:20,626 - PaperAgentLogger - INFO - current rateReachGoal: 0
2025-12-12 16:45:20,645 - PaperAgentLogger - DEBUG - New map
2025-12-12 16:45:22,620 - PaperAgentLogger - INFO - ################## PaperArchitecture_map20x20_rho1_10Agent/K3_HS0/1765553512 - End of loop ##################  
 ####### Case239 	 Computation time:1.9747364521026611 	 Step60/60	- AllReachGoal-False

2025-12-12 16:45:22,621 - PaperAgentLogger - INFO - current rateReachGoal: 0
2025-12-12 16:45:22,638 - PaperAgentLogger - DEBUG - New map
2025-12-12 16:45:23,507 - PaperAgentLogger - INFO - ################## PaperArchitecture_map20x20_rho1_10Agent/K3_HS0/1765553512 - End of loop ##################  
 ####### Case240 	 Computation time:0.8686316013336182 	 Step26/52	- AllReachGoal-True

2025-12-12 16:45:23,508 - PaperAgentLogger - INFO - current rateReachGoal: 0
2025-12-12 16:45:23,525 - PaperAgentLogger - DEBUG - New map
2025-12-12 16:45:25,039 - PaperAgentLogger - INFO - ################## PaperArchitecture_map20x20_rho1_10Agent/K3_HS0/1765553512 - End of loop ##################  
 ####### Case241 	 Computation time:1.5134680271148682 	 Step46/46	- AllReachGoal-False

2025-12-12 16:45:25,040 - PaperAgentLogger - INFO - current rateReachGoal: 0
2025-12-12 16:45:25,059 - PaperAgentLogger - DEBUG - New map
2025-12-12 16:45:25,986 - PaperAgentLogger - INFO - ################## PaperArchitecture_map20x20_rho1_10Agent/K3_HS0/1765553512 - End of loop ##################  
 ####### Case242 	 Computation time:0.9260659217834473 	 Step28/56	- AllReachGoal-True

2025-12-12 16:45:25,986 - PaperAgentLogger - INFO - current rateReachGoal: 0
2025-12-12 16:45:26,004 - PaperAgentLogger - DEBUG - New map
2025-12-12 16:45:27,614 - PaperAgentLogger - INFO - ################## PaperArchitecture_map20x20_rho1_10Agent/K3_HS0/1765553512 - End of loop ##################  
 ####### Case243 	 Computation time:1.6092021465301514 	 Step49/52	- AllReachGoal-True

2025-12-12 16:45:27,615 - PaperAgentLogger - INFO - current rateReachGoal: 0
2025-12-12 16:45:27,632 - PaperAgentLogger - DEBUG - New map
2025-12-12 16:45:28,727 - PaperAgentLogger - INFO - ################## PaperArchitecture_map20x20_rho1_10Agent/K3_HS0/1765553512 - End of loop ##################  
 ####### Case244 	 Computation time:1.0947697162628174 	 Step33/50	- AllReachGoal-True

2025-12-12 16:45:28,728 - PaperAgentLogger - INFO - current rateReachGoal: 0
2025-12-12 16:45:28,744 - PaperAgentLogger - DEBUG - New map
2025-12-12 16:45:30,170 - PaperAgentLogger - INFO - ################## PaperArchitecture_map20x20_rho1_10Agent/K3_HS0/1765553512 - End of loop ##################  
 ####### Case245 	 Computation time:1.4252777099609375 	 Step44/44	- AllReachGoal-False

2025-12-12 16:45:30,171 - PaperAgentLogger - INFO - current rateReachGoal: 0
2025-12-12 16:45:30,193 - PaperAgentLogger - DEBUG - New map
2025-12-12 16:45:32,292 - PaperAgentLogger - INFO - ################## PaperArchitecture_map20x20_rho1_10Agent/K3_HS0/1765553512 - End of loop ##################  
 ####### Case246 	 Computation time:2.0993382930755615 	 Step64/64	- AllReachGoal-False

2025-12-12 16:45:32,293 - PaperAgentLogger - INFO - current rateReachGoal: 0
2025-12-12 16:45:32,310 - PaperAgentLogger - DEBUG - New map
2025-12-12 16:45:33,696 - PaperAgentLogger - INFO - ################## PaperArchitecture_map20x20_rho1_10Agent/K3_HS0/1765553512 - End of loop ##################  
 ####### Case247 	 Computation time:1.3853070735931396 	 Step42/42	- AllReachGoal-False

2025-12-12 16:45:33,697 - PaperAgentLogger - INFO - current rateReachGoal: 0
2025-12-12 16:45:33,714 - PaperAgentLogger - DEBUG - New map
2025-12-12 16:45:34,442 - PaperAgentLogger - INFO - ################## PaperArchitecture_map20x20_rho1_10Agent/K3_HS0/1765553512 - End of loop ##################  
 ####### Case248 	 Computation time:0.7278196811676025 	 Step22/42	- AllReachGoal-True

2025-12-12 16:45:34,443 - PaperAgentLogger - INFO - current rateReachGoal: 0
2025-12-12 16:45:34,461 - PaperAgentLogger - DEBUG - New map
2025-12-12 16:45:35,962 - PaperAgentLogger - INFO - ################## PaperArchitecture_map20x20_rho1_10Agent/K3_HS0/1765553512 - End of loop ##################  
 ####### Case249 	 Computation time:1.5001530647277832 	 Step46/58	- AllReachGoal-True

2025-12-12 16:45:35,964 - PaperAgentLogger - INFO - current rateReachGoal: 0
2025-12-12 16:45:35,982 - PaperAgentLogger - DEBUG - New map
2025-12-12 16:45:36,815 - PaperAgentLogger - INFO - ################## PaperArchitecture_map20x20_rho1_10Agent/K3_HS0/1765553512 - End of loop ##################  
 ####### Case250 	 Computation time:0.8325259685516357 	 Step26/52	- AllReachGoal-True

2025-12-12 16:45:36,815 - PaperAgentLogger - INFO - current rateReachGoal: 0
2025-12-12 16:45:36,832 - PaperAgentLogger - DEBUG - New map
2025-12-12 16:45:38,296 - PaperAgentLogger - INFO - ################## PaperArchitecture_map20x20_rho1_10Agent/K3_HS0/1765553512 - End of loop ##################  
 ####### Case251 	 Computation time:1.463569164276123 	 Step46/46	- AllReachGoal-False

2025-12-12 16:45:38,297 - PaperAgentLogger - INFO - current rateReachGoal: 0
2025-12-12 16:45:38,313 - PaperAgentLogger - DEBUG - New map
2025-12-12 16:45:39,808 - PaperAgentLogger - INFO - ################## PaperArchitecture_map20x20_rho1_10Agent/K3_HS0/1765553512 - End of loop ##################  
 ####### Case252 	 Computation time:1.4941997528076172 	 Step46/46	- AllReachGoal-False

2025-12-12 16:45:39,808 - PaperAgentLogger - INFO - current rateReachGoal: 0
2025-12-12 16:45:39,826 - PaperAgentLogger - DEBUG - New map
2025-12-12 16:45:41,688 - PaperAgentLogger - INFO - ################## PaperArchitecture_map20x20_rho1_10Agent/K3_HS0/1765553512 - End of loop ##################  
 ####### Case253 	 Computation time:1.8607840538024902 	 Step56/56	- AllReachGoal-False

2025-12-12 16:45:41,688 - PaperAgentLogger - INFO - current rateReachGoal: 0
2025-12-12 16:45:41,705 - PaperAgentLogger - DEBUG - New map
2025-12-12 16:45:42,566 - PaperAgentLogger - INFO - ################## PaperArchitecture_map20x20_rho1_10Agent/K3_HS0/1765553512 - End of loop ##################  
 ####### Case254 	 Computation time:0.8604767322540283 	 Step27/54	- AllReachGoal-True

2025-12-12 16:45:42,566 - PaperAgentLogger - INFO - current rateReachGoal: 0
2025-12-12 16:45:42,586 - PaperAgentLogger - DEBUG - New map
2025-12-12 16:45:44,744 - PaperAgentLogger - INFO - ################## PaperArchitecture_map20x20_rho1_10Agent/K3_HS0/1765553512 - End of loop ##################  
 ####### Case255 	 Computation time:2.1577725410461426 	 Step66/66	- AllReachGoal-False

2025-12-12 16:45:44,745 - PaperAgentLogger - INFO - current rateReachGoal: 0
2025-12-12 16:45:44,761 - PaperAgentLogger - DEBUG - New map
2025-12-12 16:45:45,626 - PaperAgentLogger - INFO - ################## PaperArchitecture_map20x20_rho1_10Agent/K3_HS0/1765553512 - End of loop ##################  
 ####### Case256 	 Computation time:0.8639817237854004 	 Step27/52	- AllReachGoal-True

2025-12-12 16:45:45,626 - PaperAgentLogger - INFO - current rateReachGoal: 0
2025-12-12 16:45:45,644 - PaperAgentLogger - DEBUG - New map
2025-12-12 16:45:47,477 - PaperAgentLogger - INFO - ################## PaperArchitecture_map20x20_rho1_10Agent/K3_HS0/1765553512 - End of loop ##################  
 ####### Case257 	 Computation time:1.8323431015014648 	 Step58/58	- AllReachGoal-False

2025-12-12 16:45:47,479 - PaperAgentLogger - INFO - current rateReachGoal: 0
2025-12-12 16:45:47,497 - PaperAgentLogger - DEBUG - New map
2025-12-12 16:45:48,712 - PaperAgentLogger - INFO - ################## PaperArchitecture_map20x20_rho1_10Agent/K3_HS0/1765553512 - End of loop ##################  
 ####### Case258 	 Computation time:1.2147800922393799 	 Step36/54	- AllReachGoal-True

2025-12-12 16:45:48,713 - PaperAgentLogger - INFO - current rateReachGoal: 0
2025-12-12 16:45:48,728 - PaperAgentLogger - DEBUG - New map
2025-12-12 16:45:49,767 - PaperAgentLogger - INFO - ################## PaperArchitecture_map20x20_rho1_10Agent/K3_HS0/1765553512 - End of loop ##################  
 ####### Case259 	 Computation time:1.038830280303955 	 Step31/40	- AllReachGoal-True

2025-12-12 16:45:49,768 - PaperAgentLogger - INFO - current rateReachGoal: 0
2025-12-12 16:45:49,786 - PaperAgentLogger - DEBUG - New map
2025-12-12 16:45:50,737 - PaperAgentLogger - INFO - ################## PaperArchitecture_map20x20_rho1_10Agent/K3_HS0/1765553512 - End of loop ##################  
 ####### Case260 	 Computation time:0.9502673149108887 	 Step29/56	- AllReachGoal-True

2025-12-12 16:45:50,738 - PaperAgentLogger - INFO - current rateReachGoal: 0
2025-12-12 16:45:50,753 - PaperAgentLogger - DEBUG - New map
2025-12-12 16:45:51,671 - PaperAgentLogger - INFO - ################## PaperArchitecture_map20x20_rho1_10Agent/K3_HS0/1765553512 - End of loop ##################  
 ####### Case261 	 Computation time:0.9171419143676758 	 Step29/50	- AllReachGoal-True

2025-12-12 16:45:51,672 - PaperAgentLogger - INFO - current rateReachGoal: 0
2025-12-12 16:45:51,691 - PaperAgentLogger - DEBUG - New map
2025-12-12 16:45:52,846 - PaperAgentLogger - INFO - ################## PaperArchitecture_map20x20_rho1_10Agent/K3_HS0/1765553512 - End of loop ##################  
 ####### Case262 	 Computation time:1.1536235809326172 	 Step36/64	- AllReachGoal-True

2025-12-12 16:45:52,848 - PaperAgentLogger - INFO - current rateReachGoal: 0
2025-12-12 16:45:52,867 - PaperAgentLogger - DEBUG - New map
2025-12-12 16:45:55,081 - PaperAgentLogger - INFO - ################## PaperArchitecture_map20x20_rho1_10Agent/K3_HS0/1765553512 - End of loop ##################  
 ####### Case263 	 Computation time:2.2132012844085693 	 Step70/70	- AllReachGoal-False

2025-12-12 16:45:55,081 - PaperAgentLogger - INFO - current rateReachGoal: 0
2025-12-12 16:45:55,101 - PaperAgentLogger - DEBUG - New map
2025-12-12 16:45:56,022 - PaperAgentLogger - INFO - ################## PaperArchitecture_map20x20_rho1_10Agent/K3_HS0/1765553512 - End of loop ##################  
 ####### Case264 	 Computation time:0.9198191165924072 	 Step28/56	- AllReachGoal-True

2025-12-12 16:45:56,022 - PaperAgentLogger - INFO - current rateReachGoal: 0
2025-12-12 16:45:56,040 - PaperAgentLogger - DEBUG - New map
2025-12-12 16:45:56,791 - PaperAgentLogger - INFO - ################## PaperArchitecture_map20x20_rho1_10Agent/K3_HS0/1765553512 - End of loop ##################  
 ####### Case265 	 Computation time:0.7511708736419678 	 Step23/46	- AllReachGoal-True

2025-12-12 16:45:56,792 - PaperAgentLogger - INFO - current rateReachGoal: 0
2025-12-12 16:45:56,809 - PaperAgentLogger - DEBUG - New map
2025-12-12 16:45:57,598 - PaperAgentLogger - INFO - ################## PaperArchitecture_map20x20_rho1_10Agent/K3_HS0/1765553512 - End of loop ##################  
 ####### Case266 	 Computation time:0.788323163986206 	 Step24/48	- AllReachGoal-True

2025-12-12 16:45:57,599 - PaperAgentLogger - INFO - current rateReachGoal: 0
2025-12-12 16:45:57,618 - PaperAgentLogger - DEBUG - New map
2025-12-12 16:45:59,350 - PaperAgentLogger - INFO - ################## PaperArchitecture_map20x20_rho1_10Agent/K3_HS0/1765553512 - End of loop ##################  
 ####### Case267 	 Computation time:1.7321703433990479 	 Step54/60	- AllReachGoal-True

2025-12-12 16:45:59,351 - PaperAgentLogger - INFO - current rateReachGoal: 0
2025-12-12 16:45:59,368 - PaperAgentLogger - DEBUG - New map
2025-12-12 16:46:00,277 - PaperAgentLogger - INFO - ################## PaperArchitecture_map20x20_rho1_10Agent/K3_HS0/1765553512 - End of loop ##################  
 ####### Case268 	 Computation time:0.9075832366943359 	 Step27/52	- AllReachGoal-True

2025-12-12 16:46:00,277 - PaperAgentLogger - INFO - current rateReachGoal: 0
2025-12-12 16:46:00,295 - PaperAgentLogger - DEBUG - New map
2025-12-12 16:46:01,107 - PaperAgentLogger - INFO - ################## PaperArchitecture_map20x20_rho1_10Agent/K3_HS0/1765553512 - End of loop ##################  
 ####### Case269 	 Computation time:0.8107638359069824 	 Step25/50	- AllReachGoal-True

2025-12-12 16:46:01,107 - PaperAgentLogger - INFO - current rateReachGoal: 0
2025-12-12 16:46:01,129 - PaperAgentLogger - DEBUG - New map
2025-12-12 16:46:02,403 - PaperAgentLogger - INFO - ################## PaperArchitecture_map20x20_rho1_10Agent/K3_HS0/1765553512 - End of loop ##################  
 ####### Case270 	 Computation time:1.2732932567596436 	 Step40/70	- AllReachGoal-True

2025-12-12 16:46:02,403 - PaperAgentLogger - INFO - current rateReachGoal: 0
2025-12-12 16:46:02,421 - PaperAgentLogger - DEBUG - New map
2025-12-12 16:46:03,431 - PaperAgentLogger - INFO - ################## PaperArchitecture_map20x20_rho1_10Agent/K3_HS0/1765553512 - End of loop ##################  
 ####### Case271 	 Computation time:1.0098869800567627 	 Step31/50	- AllReachGoal-True

2025-12-12 16:46:03,432 - PaperAgentLogger - INFO - current rateReachGoal: 0
2025-12-12 16:46:03,450 - PaperAgentLogger - DEBUG - New map
2025-12-12 16:46:05,379 - PaperAgentLogger - INFO - ################## PaperArchitecture_map20x20_rho1_10Agent/K3_HS0/1765553512 - End of loop ##################  
 ####### Case272 	 Computation time:1.9280076026916504 	 Step60/60	- AllReachGoal-False

2025-12-12 16:46:05,381 - PaperAgentLogger - INFO - current rateReachGoal: 0
2025-12-12 16:46:05,396 - PaperAgentLogger - DEBUG - New map
2025-12-12 16:46:06,018 - PaperAgentLogger - INFO - ################## PaperArchitecture_map20x20_rho1_10Agent/K3_HS0/1765553512 - End of loop ##################  
 ####### Case273 	 Computation time:0.6213560104370117 	 Step19/32	- AllReachGoal-True

2025-12-12 16:46:06,019 - PaperAgentLogger - INFO - current rateReachGoal: 0
2025-12-12 16:46:06,038 - PaperAgentLogger - DEBUG - New map
2025-12-12 16:46:06,977 - PaperAgentLogger - INFO - ################## PaperArchitecture_map20x20_rho1_10Agent/K3_HS0/1765553512 - End of loop ##################  
 ####### Case274 	 Computation time:0.938011646270752 	 Step29/56	- AllReachGoal-True

2025-12-12 16:46:06,977 - PaperAgentLogger - INFO - current rateReachGoal: 0
2025-12-12 16:46:06,998 - PaperAgentLogger - DEBUG - New map
2025-12-12 16:46:09,067 - PaperAgentLogger - INFO - ################## PaperArchitecture_map20x20_rho1_10Agent/K3_HS0/1765553512 - End of loop ##################  
 ####### Case275 	 Computation time:2.0688536167144775 	 Step64/64	- AllReachGoal-False

2025-12-12 16:46:09,068 - PaperAgentLogger - INFO - current rateReachGoal: 0
2025-12-12 16:46:09,089 - PaperAgentLogger - DEBUG - New map
2025-12-12 16:46:11,071 - PaperAgentLogger - INFO - ################## PaperArchitecture_map20x20_rho1_10Agent/K3_HS0/1765553512 - End of loop ##################  
 ####### Case276 	 Computation time:1.9823403358459473 	 Step62/62	- AllReachGoal-False

2025-12-12 16:46:11,074 - PaperAgentLogger - INFO - current rateReachGoal: 0
2025-12-12 16:46:11,091 - PaperAgentLogger - DEBUG - New map
2025-12-12 16:46:12,343 - PaperAgentLogger - INFO - ################## PaperArchitecture_map20x20_rho1_10Agent/K3_HS0/1765553512 - End of loop ##################  
 ####### Case277 	 Computation time:1.2516670227050781 	 Step39/50	- AllReachGoal-True

2025-12-12 16:46:12,344 - PaperAgentLogger - INFO - current rateReachGoal: 0
2025-12-12 16:46:12,361 - PaperAgentLogger - DEBUG - New map
2025-12-12 16:46:13,956 - PaperAgentLogger - INFO - ################## PaperArchitecture_map20x20_rho1_10Agent/K3_HS0/1765553512 - End of loop ##################  
 ####### Case278 	 Computation time:1.5947301387786865 	 Step50/50	- AllReachGoal-False

2025-12-12 16:46:13,957 - PaperAgentLogger - INFO - current rateReachGoal: 0
2025-12-12 16:46:13,973 - PaperAgentLogger - DEBUG - New map
2025-12-12 16:46:15,530 - PaperAgentLogger - INFO - ################## PaperArchitecture_map20x20_rho1_10Agent/K3_HS0/1765553512 - End of loop ##################  
 ####### Case279 	 Computation time:1.5565481185913086 	 Step46/46	- AllReachGoal-False

2025-12-12 16:46:15,531 - PaperAgentLogger - INFO - current rateReachGoal: 0
2025-12-12 16:46:15,548 - PaperAgentLogger - DEBUG - New map
2025-12-12 16:46:17,086 - PaperAgentLogger - INFO - ################## PaperArchitecture_map20x20_rho1_10Agent/K3_HS0/1765553512 - End of loop ##################  
 ####### Case280 	 Computation time:1.5381836891174316 	 Step48/48	- AllReachGoal-False

2025-12-12 16:46:17,087 - PaperAgentLogger - INFO - current rateReachGoal: 0
2025-12-12 16:46:17,104 - PaperAgentLogger - DEBUG - New map
2025-12-12 16:46:18,847 - PaperAgentLogger - INFO - ################## PaperArchitecture_map20x20_rho1_10Agent/K3_HS0/1765553512 - End of loop ##################  
 ####### Case281 	 Computation time:1.7429635524749756 	 Step50/50	- AllReachGoal-False

2025-12-12 16:46:18,848 - PaperAgentLogger - INFO - current rateReachGoal: 0
2025-12-12 16:46:18,867 - PaperAgentLogger - DEBUG - New map
2025-12-12 16:46:19,801 - PaperAgentLogger - INFO - ################## PaperArchitecture_map20x20_rho1_10Agent/K3_HS0/1765553512 - End of loop ##################  
 ####### Case282 	 Computation time:0.9331176280975342 	 Step28/50	- AllReachGoal-True

2025-12-12 16:46:19,801 - PaperAgentLogger - INFO - current rateReachGoal: 0
2025-12-12 16:46:19,820 - PaperAgentLogger - DEBUG - New map
2025-12-12 16:46:21,490 - PaperAgentLogger - INFO - ################## PaperArchitecture_map20x20_rho1_10Agent/K3_HS0/1765553512 - End of loop ##################  
 ####### Case283 	 Computation time:1.6697494983673096 	 Step52/52	- AllReachGoal-False

2025-12-12 16:46:21,491 - PaperAgentLogger - INFO - current rateReachGoal: 0
2025-12-12 16:46:21,507 - PaperAgentLogger - DEBUG - New map
2025-12-12 16:46:23,119 - PaperAgentLogger - INFO - ################## PaperArchitecture_map20x20_rho1_10Agent/K3_HS0/1765553512 - End of loop ##################  
 ####### Case284 	 Computation time:1.6119132041931152 	 Step50/50	- AllReachGoal-False

2025-12-12 16:46:23,120 - PaperAgentLogger - INFO - current rateReachGoal: 0
2025-12-12 16:46:23,138 - PaperAgentLogger - DEBUG - New map
2025-12-12 16:46:24,626 - PaperAgentLogger - INFO - ################## PaperArchitecture_map20x20_rho1_10Agent/K3_HS0/1765553512 - End of loop ##################  
 ####### Case285 	 Computation time:1.4875128269195557 	 Step46/46	- AllReachGoal-False

2025-12-12 16:46:24,627 - PaperAgentLogger - INFO - current rateReachGoal: 0
2025-12-12 16:46:24,646 - PaperAgentLogger - DEBUG - New map
2025-12-12 16:46:25,587 - PaperAgentLogger - INFO - ################## PaperArchitecture_map20x20_rho1_10Agent/K3_HS0/1765553512 - End of loop ##################  
 ####### Case286 	 Computation time:0.9400432109832764 	 Step29/54	- AllReachGoal-True

2025-12-12 16:46:25,587 - PaperAgentLogger - INFO - current rateReachGoal: 0
2025-12-12 16:46:25,606 - PaperAgentLogger - DEBUG - New map
2025-12-12 16:46:26,771 - PaperAgentLogger - INFO - ################## PaperArchitecture_map20x20_rho1_10Agent/K3_HS0/1765553512 - End of loop ##################  
 ####### Case287 	 Computation time:1.1645598411560059 	 Step36/58	- AllReachGoal-True

2025-12-12 16:46:26,772 - PaperAgentLogger - INFO - current rateReachGoal: 0
2025-12-12 16:46:26,788 - PaperAgentLogger - DEBUG - New map
2025-12-12 16:46:27,591 - PaperAgentLogger - INFO - ################## PaperArchitecture_map20x20_rho1_10Agent/K3_HS0/1765553512 - End of loop ##################  
 ####### Case288 	 Computation time:0.8025100231170654 	 Step25/50	- AllReachGoal-True

2025-12-12 16:46:27,592 - PaperAgentLogger - INFO - current rateReachGoal: 0
2025-12-12 16:46:27,607 - PaperAgentLogger - DEBUG - New map
2025-12-12 16:46:28,282 - PaperAgentLogger - INFO - ################## PaperArchitecture_map20x20_rho1_10Agent/K3_HS0/1765553512 - End of loop ##################  
 ####### Case289 	 Computation time:0.675243616104126 	 Step21/40	- AllReachGoal-True

2025-12-12 16:46:28,285 - PaperAgentLogger - INFO - current rateReachGoal: 0
2025-12-12 16:46:28,305 - PaperAgentLogger - DEBUG - New map
2025-12-12 16:46:29,233 - PaperAgentLogger - INFO - ################## PaperArchitecture_map20x20_rho1_10Agent/K3_HS0/1765553512 - End of loop ##################  
 ####### Case290 	 Computation time:0.9266536235809326 	 Step29/54	- AllReachGoal-True

2025-12-12 16:46:29,233 - PaperAgentLogger - INFO - current rateReachGoal: 0
2025-12-12 16:46:29,252 - PaperAgentLogger - DEBUG - New map
2025-12-12 16:46:30,213 - PaperAgentLogger - INFO - ################## PaperArchitecture_map20x20_rho1_10Agent/K3_HS0/1765553512 - End of loop ##################  
 ####### Case291 	 Computation time:0.960397481918335 	 Step30/60	- AllReachGoal-True

2025-12-12 16:46:30,214 - PaperAgentLogger - INFO - current rateReachGoal: 0
2025-12-12 16:46:30,228 - PaperAgentLogger - DEBUG - New map
2025-12-12 16:46:31,191 - PaperAgentLogger - INFO - ################## PaperArchitecture_map20x20_rho1_10Agent/K3_HS0/1765553512 - End of loop ##################  
 ####### Case292 	 Computation time:0.9632959365844727 	 Step30/40	- AllReachGoal-True

2025-12-12 16:46:31,192 - PaperAgentLogger - INFO - current rateReachGoal: 0
2025-12-12 16:46:31,212 - PaperAgentLogger - DEBUG - New map
2025-12-12 16:46:33,464 - PaperAgentLogger - INFO - ################## PaperArchitecture_map20x20_rho1_10Agent/K3_HS0/1765553512 - End of loop ##################  
 ####### Case293 	 Computation time:2.251866102218628 	 Step70/70	- AllReachGoal-False

2025-12-12 16:46:33,465 - PaperAgentLogger - INFO - current rateReachGoal: 0
2025-12-12 16:46:33,483 - PaperAgentLogger - DEBUG - New map
2025-12-12 16:46:35,379 - PaperAgentLogger - INFO - ################## PaperArchitecture_map20x20_rho1_10Agent/K3_HS0/1765553512 - End of loop ##################  
 ####### Case294 	 Computation time:1.895921230316162 	 Step58/58	- AllReachGoal-False

2025-12-12 16:46:35,380 - PaperAgentLogger - INFO - current rateReachGoal: 0
2025-12-12 16:46:35,399 - PaperAgentLogger - DEBUG - New map
2025-12-12 16:46:36,407 - PaperAgentLogger - INFO - ################## PaperArchitecture_map20x20_rho1_10Agent/K3_HS0/1765553512 - End of loop ##################  
 ####### Case295 	 Computation time:1.0075113773345947 	 Step30/58	- AllReachGoal-True

2025-12-12 16:46:36,408 - PaperAgentLogger - INFO - current rateReachGoal: 0
2025-12-12 16:46:36,426 - PaperAgentLogger - DEBUG - New map
2025-12-12 16:46:38,212 - PaperAgentLogger - INFO - ################## PaperArchitecture_map20x20_rho1_10Agent/K3_HS0/1765553512 - End of loop ##################  
 ####### Case296 	 Computation time:1.784879207611084 	 Step56/56	- AllReachGoal-False

2025-12-12 16:46:38,212 - PaperAgentLogger - INFO - current rateReachGoal: 0
2025-12-12 16:46:38,229 - PaperAgentLogger - DEBUG - New map
2025-12-12 16:46:39,878 - PaperAgentLogger - INFO - ################## PaperArchitecture_map20x20_rho1_10Agent/K3_HS0/1765553512 - End of loop ##################  
 ####### Case297 	 Computation time:1.648895502090454 	 Step52/52	- AllReachGoal-False

2025-12-12 16:46:39,879 - PaperAgentLogger - INFO - current rateReachGoal: 0
2025-12-12 16:46:39,897 - PaperAgentLogger - DEBUG - New map
2025-12-12 16:46:40,907 - PaperAgentLogger - INFO - ################## PaperArchitecture_map20x20_rho1_10Agent/K3_HS0/1765553512 - End of loop ##################  
 ####### Case298 	 Computation time:1.0090503692626953 	 Step30/60	- AllReachGoal-True

2025-12-12 16:46:40,907 - PaperAgentLogger - INFO - current rateReachGoal: 0
2025-12-12 16:46:40,923 - PaperAgentLogger - DEBUG - New map
2025-12-12 16:46:41,970 - PaperAgentLogger - INFO - ################## PaperArchitecture_map20x20_rho1_10Agent/K3_HS0/1765553512 - End of loop ##################  
 ####### Case299 	 Computation time:1.046654462814331 	 Step32/46	- AllReachGoal-True

2025-12-12 16:46:41,971 - PaperAgentLogger - INFO - current rateReachGoal: 0
2025-12-12 16:46:41,989 - PaperAgentLogger - DEBUG - New map
2025-12-12 16:46:42,929 - PaperAgentLogger - INFO - ################## PaperArchitecture_map20x20_rho1_10Agent/K3_HS0/1765553512 - End of loop ##################  
 ####### Case300 	 Computation time:0.9390408992767334 	 Step28/56	- AllReachGoal-True

2025-12-12 16:46:42,930 - PaperAgentLogger - INFO - current rateReachGoal: 0
2025-12-12 16:46:42,949 - PaperAgentLogger - DEBUG - New map
2025-12-12 16:46:44,053 - PaperAgentLogger - INFO - ################## PaperArchitecture_map20x20_rho1_10Agent/K3_HS0/1765553512 - End of loop ##################  
 ####### Case301 	 Computation time:1.1029651165008545 	 Step33/66	- AllReachGoal-True

2025-12-12 16:46:44,054 - PaperAgentLogger - INFO - current rateReachGoal: 0
2025-12-12 16:46:44,071 - PaperAgentLogger - DEBUG - New map
2025-12-12 16:46:45,876 - PaperAgentLogger - INFO - ################## PaperArchitecture_map20x20_rho1_10Agent/K3_HS0/1765553512 - End of loop ##################  
 ####### Case302 	 Computation time:1.804426908493042 	 Step56/56	- AllReachGoal-False

2025-12-12 16:46:45,877 - PaperAgentLogger - INFO - current rateReachGoal: 0
2025-12-12 16:46:45,894 - PaperAgentLogger - DEBUG - New map
2025-12-12 16:46:46,779 - PaperAgentLogger - INFO - ################## PaperArchitecture_map20x20_rho1_10Agent/K3_HS0/1765553512 - End of loop ##################  
 ####### Case303 	 Computation time:0.8840014934539795 	 Step27/54	- AllReachGoal-True

2025-12-12 16:46:46,779 - PaperAgentLogger - INFO - current rateReachGoal: 0
2025-12-12 16:46:46,795 - PaperAgentLogger - DEBUG - New map
2025-12-12 16:46:48,140 - PaperAgentLogger - INFO - ################## PaperArchitecture_map20x20_rho1_10Agent/K3_HS0/1765553512 - End of loop ##################  
 ####### Case304 	 Computation time:1.3449122905731201 	 Step42/42	- AllReachGoal-False

2025-12-12 16:46:48,141 - PaperAgentLogger - INFO - current rateReachGoal: 0
2025-12-12 16:46:48,159 - PaperAgentLogger - DEBUG - New map
2025-12-12 16:46:50,137 - PaperAgentLogger - INFO - ################## PaperArchitecture_map20x20_rho1_10Agent/K3_HS0/1765553512 - End of loop ##################  
 ####### Case305 	 Computation time:1.9778807163238525 	 Step62/62	- AllReachGoal-False

2025-12-12 16:46:50,138 - PaperAgentLogger - INFO - current rateReachGoal: 0
2025-12-12 16:46:50,153 - PaperAgentLogger - DEBUG - New map
2025-12-12 16:46:50,948 - PaperAgentLogger - INFO - ################## PaperArchitecture_map20x20_rho1_10Agent/K3_HS0/1765553512 - End of loop ##################  
 ####### Case306 	 Computation time:0.7946245670318604 	 Step24/38	- AllReachGoal-True

2025-12-12 16:46:50,951 - PaperAgentLogger - INFO - current rateReachGoal: 0
2025-12-12 16:46:50,969 - PaperAgentLogger - DEBUG - New map
2025-12-12 16:46:51,945 - PaperAgentLogger - INFO - ################## PaperArchitecture_map20x20_rho1_10Agent/K3_HS0/1765553512 - End of loop ##################  
 ####### Case307 	 Computation time:0.9755721092224121 	 Step29/58	- AllReachGoal-True

2025-12-12 16:46:51,946 - PaperAgentLogger - INFO - current rateReachGoal: 0
2025-12-12 16:46:51,964 - PaperAgentLogger - DEBUG - New map
2025-12-12 16:46:53,844 - PaperAgentLogger - INFO - ################## PaperArchitecture_map20x20_rho1_10Agent/K3_HS0/1765553512 - End of loop ##################  
 ####### Case308 	 Computation time:1.8794026374816895 	 Step56/56	- AllReachGoal-False

2025-12-12 16:46:53,844 - PaperAgentLogger - INFO - current rateReachGoal: 0
2025-12-12 16:46:53,861 - PaperAgentLogger - DEBUG - New map
2025-12-12 16:46:55,327 - PaperAgentLogger - INFO - ################## PaperArchitecture_map20x20_rho1_10Agent/K3_HS0/1765553512 - End of loop ##################  
 ####### Case309 	 Computation time:1.4657084941864014 	 Step46/46	- AllReachGoal-False

2025-12-12 16:46:55,328 - PaperAgentLogger - INFO - current rateReachGoal: 0
2025-12-12 16:46:55,346 - PaperAgentLogger - DEBUG - New map
2025-12-12 16:46:56,354 - PaperAgentLogger - INFO - ################## PaperArchitecture_map20x20_rho1_10Agent/K3_HS0/1765553512 - End of loop ##################  
 ####### Case310 	 Computation time:1.0071194171905518 	 Step30/56	- AllReachGoal-True

2025-12-12 16:46:56,356 - PaperAgentLogger - INFO - current rateReachGoal: 0
2025-12-12 16:46:56,374 - PaperAgentLogger - DEBUG - New map
2025-12-12 16:46:58,111 - PaperAgentLogger - INFO - ################## PaperArchitecture_map20x20_rho1_10Agent/K3_HS0/1765553512 - End of loop ##################  
 ####### Case311 	 Computation time:1.736609935760498 	 Step52/52	- AllReachGoal-False

2025-12-12 16:46:58,111 - PaperAgentLogger - INFO - current rateReachGoal: 0
2025-12-12 16:46:58,128 - PaperAgentLogger - DEBUG - New map
2025-12-12 16:46:58,995 - PaperAgentLogger - INFO - ################## PaperArchitecture_map20x20_rho1_10Agent/K3_HS0/1765553512 - End of loop ##################  
 ####### Case312 	 Computation time:0.8670568466186523 	 Step27/50	- AllReachGoal-True

2025-12-12 16:46:58,996 - PaperAgentLogger - INFO - current rateReachGoal: 0
2025-12-12 16:46:59,014 - PaperAgentLogger - DEBUG - New map
2025-12-12 16:47:01,005 - PaperAgentLogger - INFO - ################## PaperArchitecture_map20x20_rho1_10Agent/K3_HS0/1765553512 - End of loop ##################  
 ####### Case313 	 Computation time:1.9903905391693115 	 Step62/62	- AllReachGoal-False

2025-12-12 16:47:01,006 - PaperAgentLogger - INFO - current rateReachGoal: 0
2025-12-12 16:47:01,023 - PaperAgentLogger - DEBUG - New map
2025-12-12 16:47:02,773 - PaperAgentLogger - INFO - ################## PaperArchitecture_map20x20_rho1_10Agent/K3_HS0/1765553512 - End of loop ##################  
 ####### Case314 	 Computation time:1.7494773864746094 	 Step52/52	- AllReachGoal-False

2025-12-12 16:47:02,773 - PaperAgentLogger - INFO - current rateReachGoal: 0
2025-12-12 16:47:02,791 - PaperAgentLogger - DEBUG - New map
2025-12-12 16:47:03,708 - PaperAgentLogger - INFO - ################## PaperArchitecture_map20x20_rho1_10Agent/K3_HS0/1765553512 - End of loop ##################  
 ####### Case315 	 Computation time:0.9157025814056396 	 Step27/54	- AllReachGoal-True

2025-12-12 16:47:03,708 - PaperAgentLogger - INFO - current rateReachGoal: 0
2025-12-12 16:47:03,724 - PaperAgentLogger - DEBUG - New map
2025-12-12 16:47:05,329 - PaperAgentLogger - INFO - ################## PaperArchitecture_map20x20_rho1_10Agent/K3_HS0/1765553512 - End of loop ##################  
 ####### Case316 	 Computation time:1.6038439273834229 	 Step48/48	- AllReachGoal-False

2025-12-12 16:47:05,329 - PaperAgentLogger - INFO - current rateReachGoal: 0
2025-12-12 16:47:05,348 - PaperAgentLogger - DEBUG - New map
2025-12-12 16:47:06,392 - PaperAgentLogger - INFO - ################## PaperArchitecture_map20x20_rho1_10Agent/K3_HS0/1765553512 - End of loop ##################  
 ####### Case317 	 Computation time:1.0443730354309082 	 Step31/54	- AllReachGoal-True

2025-12-12 16:47:06,393 - PaperAgentLogger - INFO - current rateReachGoal: 0
2025-12-12 16:47:06,411 - PaperAgentLogger - DEBUG - New map
2025-12-12 16:47:07,356 - PaperAgentLogger - INFO - ################## PaperArchitecture_map20x20_rho1_10Agent/K3_HS0/1765553512 - End of loop ##################  
 ####### Case318 	 Computation time:0.9447205066680908 	 Step28/56	- AllReachGoal-True

2025-12-12 16:47:07,357 - PaperAgentLogger - INFO - current rateReachGoal: 0
2025-12-12 16:47:07,376 - PaperAgentLogger - DEBUG - New map
2025-12-12 16:47:08,376 - PaperAgentLogger - INFO - ################## PaperArchitecture_map20x20_rho1_10Agent/K3_HS0/1765553512 - End of loop ##################  
 ####### Case319 	 Computation time:0.9994535446166992 	 Step30/60	- AllReachGoal-True

2025-12-12 16:47:08,378 - PaperAgentLogger - INFO - current rateReachGoal: 0
2025-12-12 16:47:08,396 - PaperAgentLogger - DEBUG - New map
2025-12-12 16:47:09,552 - PaperAgentLogger - INFO - ################## PaperArchitecture_map20x20_rho1_10Agent/K3_HS0/1765553512 - End of loop ##################  
 ####### Case320 	 Computation time:1.15498948097229 	 Step36/54	- AllReachGoal-True

2025-12-12 16:47:09,552 - PaperAgentLogger - INFO - current rateReachGoal: 0
2025-12-12 16:47:09,570 - PaperAgentLogger - DEBUG - New map
2025-12-12 16:47:10,478 - PaperAgentLogger - INFO - ################## PaperArchitecture_map20x20_rho1_10Agent/K3_HS0/1765553512 - End of loop ##################  
 ####### Case321 	 Computation time:0.9076294898986816 	 Step27/54	- AllReachGoal-True

2025-12-12 16:47:10,479 - PaperAgentLogger - INFO - current rateReachGoal: 0
2025-12-12 16:47:10,496 - PaperAgentLogger - DEBUG - New map
2025-12-12 16:47:11,345 - PaperAgentLogger - INFO - ################## PaperArchitecture_map20x20_rho1_10Agent/K3_HS0/1765553512 - End of loop ##################  
 ####### Case322 	 Computation time:0.8486177921295166 	 Step25/50	- AllReachGoal-True

2025-12-12 16:47:11,346 - PaperAgentLogger - INFO - current rateReachGoal: 0
2025-12-12 16:47:11,362 - PaperAgentLogger - DEBUG - New map
2025-12-12 16:47:12,826 - PaperAgentLogger - INFO - ################## PaperArchitecture_map20x20_rho1_10Agent/K3_HS0/1765553512 - End of loop ##################  
 ####### Case323 	 Computation time:1.463350534439087 	 Step44/44	- AllReachGoal-False

2025-12-12 16:47:12,827 - PaperAgentLogger - INFO - current rateReachGoal: 0
2025-12-12 16:47:12,845 - PaperAgentLogger - DEBUG - New map
2025-12-12 16:47:13,772 - PaperAgentLogger - INFO - ################## PaperArchitecture_map20x20_rho1_10Agent/K3_HS0/1765553512 - End of loop ##################  
 ####### Case324 	 Computation time:0.9267723560333252 	 Step29/58	- AllReachGoal-True

2025-12-12 16:47:13,774 - PaperAgentLogger - INFO - current rateReachGoal: 0
2025-12-12 16:47:13,794 - PaperAgentLogger - DEBUG - New map
2025-12-12 16:47:15,765 - PaperAgentLogger - INFO - ################## PaperArchitecture_map20x20_rho1_10Agent/K3_HS0/1765553512 - End of loop ##################  
 ####### Case325 	 Computation time:1.9710290431976318 	 Step62/62	- AllReachGoal-False

2025-12-12 16:47:15,766 - PaperAgentLogger - INFO - current rateReachGoal: 0
2025-12-12 16:47:15,782 - PaperAgentLogger - DEBUG - New map
2025-12-12 16:47:17,199 - PaperAgentLogger - INFO - ################## PaperArchitecture_map20x20_rho1_10Agent/K3_HS0/1765553512 - End of loop ##################  
 ####### Case326 	 Computation time:1.4169795513153076 	 Step44/44	- AllReachGoal-False

2025-12-12 16:47:17,200 - PaperAgentLogger - INFO - current rateReachGoal: 0
2025-12-12 16:47:17,217 - PaperAgentLogger - DEBUG - New map
2025-12-12 16:47:18,800 - PaperAgentLogger - INFO - ################## PaperArchitecture_map20x20_rho1_10Agent/K3_HS0/1765553512 - End of loop ##################  
 ####### Case327 	 Computation time:1.5831513404846191 	 Step50/50	- AllReachGoal-False

2025-12-12 16:47:18,803 - PaperAgentLogger - INFO - current rateReachGoal: 0
2025-12-12 16:47:18,820 - PaperAgentLogger - DEBUG - New map
2025-12-12 16:47:19,619 - PaperAgentLogger - INFO - ################## PaperArchitecture_map20x20_rho1_10Agent/K3_HS0/1765553512 - End of loop ##################  
 ####### Case328 	 Computation time:0.7987072467803955 	 Step25/50	- AllReachGoal-True

2025-12-12 16:47:19,620 - PaperAgentLogger - INFO - current rateReachGoal: 0
2025-12-12 16:47:19,636 - PaperAgentLogger - DEBUG - New map
2025-12-12 16:47:20,523 - PaperAgentLogger - INFO - ################## PaperArchitecture_map20x20_rho1_10Agent/K3_HS0/1765553512 - End of loop ##################  
 ####### Case329 	 Computation time:0.8857324123382568 	 Step27/48	- AllReachGoal-True

2025-12-12 16:47:20,523 - PaperAgentLogger - INFO - current rateReachGoal: 0
2025-12-12 16:47:20,541 - PaperAgentLogger - DEBUG - New map
2025-12-12 16:47:21,756 - PaperAgentLogger - INFO - ################## PaperArchitecture_map20x20_rho1_10Agent/K3_HS0/1765553512 - End of loop ##################  
 ####### Case330 	 Computation time:1.214768409729004 	 Step38/58	- AllReachGoal-True

2025-12-12 16:47:21,757 - PaperAgentLogger - INFO - current rateReachGoal: 0
2025-12-12 16:47:21,773 - PaperAgentLogger - DEBUG - New map
2025-12-12 16:47:23,169 - PaperAgentLogger - INFO - ################## PaperArchitecture_map20x20_rho1_10Agent/K3_HS0/1765553512 - End of loop ##################  
 ####### Case331 	 Computation time:1.3960208892822266 	 Step44/44	- AllReachGoal-False

2025-12-12 16:47:23,170 - PaperAgentLogger - INFO - current rateReachGoal: 0
2025-12-12 16:47:23,187 - PaperAgentLogger - DEBUG - New map
2025-12-12 16:47:24,227 - PaperAgentLogger - INFO - ################## PaperArchitecture_map20x20_rho1_10Agent/K3_HS0/1765553512 - End of loop ##################  
 ####### Case332 	 Computation time:1.0392656326293945 	 Step31/58	- AllReachGoal-True

2025-12-12 16:47:24,229 - PaperAgentLogger - INFO - current rateReachGoal: 0
2025-12-12 16:47:24,247 - PaperAgentLogger - DEBUG - New map
2025-12-12 16:47:25,175 - PaperAgentLogger - INFO - ################## PaperArchitecture_map20x20_rho1_10Agent/K3_HS0/1765553512 - End of loop ##################  
 ####### Case333 	 Computation time:0.9277379512786865 	 Step28/56	- AllReachGoal-True

2025-12-12 16:47:25,176 - PaperAgentLogger - INFO - current rateReachGoal: 0
2025-12-12 16:47:25,194 - PaperAgentLogger - DEBUG - New map
2025-12-12 16:47:26,890 - PaperAgentLogger - INFO - ################## PaperArchitecture_map20x20_rho1_10Agent/K3_HS0/1765553512 - End of loop ##################  
 ####### Case334 	 Computation time:1.695359230041504 	 Step53/58	- AllReachGoal-True

2025-12-12 16:47:26,890 - PaperAgentLogger - INFO - current rateReachGoal: 0
2025-12-12 16:47:26,908 - PaperAgentLogger - DEBUG - New map
2025-12-12 16:47:27,871 - PaperAgentLogger - INFO - ################## PaperArchitecture_map20x20_rho1_10Agent/K3_HS0/1765553512 - End of loop ##################  
 ####### Case335 	 Computation time:0.9627506732940674 	 Step30/56	- AllReachGoal-True

2025-12-12 16:47:27,872 - PaperAgentLogger - INFO - current rateReachGoal: 0
2025-12-12 16:47:27,889 - PaperAgentLogger - DEBUG - New map
2025-12-12 16:47:29,733 - PaperAgentLogger - INFO - ################## PaperArchitecture_map20x20_rho1_10Agent/K3_HS0/1765553512 - End of loop ##################  
 ####### Case336 	 Computation time:1.8437447547912598 	 Step58/58	- AllReachGoal-False

2025-12-12 16:47:29,734 - PaperAgentLogger - INFO - current rateReachGoal: 0
2025-12-12 16:47:29,750 - PaperAgentLogger - DEBUG - New map
2025-12-12 16:47:31,251 - PaperAgentLogger - INFO - ################## PaperArchitecture_map20x20_rho1_10Agent/K3_HS0/1765553512 - End of loop ##################  
 ####### Case337 	 Computation time:1.5013489723205566 	 Step46/46	- AllReachGoal-False

2025-12-12 16:47:31,252 - PaperAgentLogger - INFO - current rateReachGoal: 0
2025-12-12 16:47:31,268 - PaperAgentLogger - DEBUG - New map
2025-12-12 16:47:32,114 - PaperAgentLogger - INFO - ################## PaperArchitecture_map20x20_rho1_10Agent/K3_HS0/1765553512 - End of loop ##################  
 ####### Case338 	 Computation time:0.8452165126800537 	 Step26/48	- AllReachGoal-True

2025-12-12 16:47:32,115 - PaperAgentLogger - INFO - current rateReachGoal: 0
2025-12-12 16:47:32,132 - PaperAgentLogger - DEBUG - New map
2025-12-12 16:47:33,111 - PaperAgentLogger - INFO - ################## PaperArchitecture_map20x20_rho1_10Agent/K3_HS0/1765553512 - End of loop ##################  
 ####### Case339 	 Computation time:0.9778261184692383 	 Step29/58	- AllReachGoal-True

2025-12-12 16:47:33,111 - PaperAgentLogger - INFO - current rateReachGoal: 0
2025-12-12 16:47:33,128 - PaperAgentLogger - DEBUG - New map
2025-12-12 16:47:33,860 - PaperAgentLogger - INFO - ################## PaperArchitecture_map20x20_rho1_10Agent/K3_HS0/1765553512 - End of loop ##################  
 ####### Case340 	 Computation time:0.7311561107635498 	 Step22/44	- AllReachGoal-True

2025-12-12 16:47:33,861 - PaperAgentLogger - INFO - current rateReachGoal: 0
2025-12-12 16:47:33,878 - PaperAgentLogger - DEBUG - New map
2025-12-12 16:47:34,946 - PaperAgentLogger - INFO - ################## PaperArchitecture_map20x20_rho1_10Agent/K3_HS0/1765553512 - End of loop ##################  
 ####### Case341 	 Computation time:1.066814661026001 	 Step32/56	- AllReachGoal-True

2025-12-12 16:47:34,948 - PaperAgentLogger - INFO - current rateReachGoal: 0
2025-12-12 16:47:34,965 - PaperAgentLogger - DEBUG - New map
2025-12-12 16:47:36,572 - PaperAgentLogger - INFO - ################## PaperArchitecture_map20x20_rho1_10Agent/K3_HS0/1765553512 - End of loop ##################  
 ####### Case342 	 Computation time:1.605942964553833 	 Step48/48	- AllReachGoal-False

2025-12-12 16:47:36,572 - PaperAgentLogger - INFO - current rateReachGoal: 0
2025-12-12 16:47:36,589 - PaperAgentLogger - DEBUG - New map
2025-12-12 16:47:37,570 - PaperAgentLogger - INFO - ################## PaperArchitecture_map20x20_rho1_10Agent/K3_HS0/1765553512 - End of loop ##################  
 ####### Case343 	 Computation time:0.9807970523834229 	 Step29/50	- AllReachGoal-True

2025-12-12 16:47:37,571 - PaperAgentLogger - INFO - current rateReachGoal: 0
2025-12-12 16:47:37,589 - PaperAgentLogger - DEBUG - New map
2025-12-12 16:47:39,326 - PaperAgentLogger - INFO - ################## PaperArchitecture_map20x20_rho1_10Agent/K3_HS0/1765553512 - End of loop ##################  
 ####### Case344 	 Computation time:1.7368237972259521 	 Step52/52	- AllReachGoal-False

2025-12-12 16:47:39,327 - PaperAgentLogger - INFO - current rateReachGoal: 0
2025-12-12 16:47:39,344 - PaperAgentLogger - DEBUG - New map
2025-12-12 16:47:40,420 - PaperAgentLogger - INFO - ################## PaperArchitecture_map20x20_rho1_10Agent/K3_HS0/1765553512 - End of loop ##################  
 ####### Case345 	 Computation time:1.0752747058868408 	 Step33/52	- AllReachGoal-True

2025-12-12 16:47:40,422 - PaperAgentLogger - INFO - current rateReachGoal: 0
2025-12-12 16:47:40,439 - PaperAgentLogger - DEBUG - New map
2025-12-12 16:47:42,107 - PaperAgentLogger - INFO - ################## PaperArchitecture_map20x20_rho1_10Agent/K3_HS0/1765553512 - End of loop ##################  
 ####### Case346 	 Computation time:1.6674745082855225 	 Step50/50	- AllReachGoal-False

2025-12-12 16:47:42,107 - PaperAgentLogger - INFO - current rateReachGoal: 0
2025-12-12 16:47:42,125 - PaperAgentLogger - DEBUG - New map
2025-12-12 16:47:43,330 - PaperAgentLogger - INFO - ################## PaperArchitecture_map20x20_rho1_10Agent/K3_HS0/1765553512 - End of loop ##################  
 ####### Case347 	 Computation time:1.2045443058013916 	 Step36/52	- AllReachGoal-True

2025-12-12 16:47:43,330 - PaperAgentLogger - INFO - current rateReachGoal: 0
2025-12-12 16:47:43,348 - PaperAgentLogger - DEBUG - New map
2025-12-12 16:47:45,015 - PaperAgentLogger - INFO - ################## PaperArchitecture_map20x20_rho1_10Agent/K3_HS0/1765553512 - End of loop ##################  
 ####### Case348 	 Computation time:1.666834831237793 	 Step50/50	- AllReachGoal-False

2025-12-12 16:47:45,016 - PaperAgentLogger - INFO - current rateReachGoal: 0
2025-12-12 16:47:45,034 - PaperAgentLogger - DEBUG - New map
2025-12-12 16:47:46,843 - PaperAgentLogger - INFO - ################## PaperArchitecture_map20x20_rho1_10Agent/K3_HS0/1765553512 - End of loop ##################  
 ####### Case349 	 Computation time:1.8087713718414307 	 Step54/54	- AllReachGoal-False

2025-12-12 16:47:46,844 - PaperAgentLogger - INFO - current rateReachGoal: 0
2025-12-12 16:47:46,862 - PaperAgentLogger - DEBUG - New map
2025-12-12 16:47:49,107 - PaperAgentLogger - INFO - ################## PaperArchitecture_map20x20_rho1_10Agent/K3_HS0/1765553512 - End of loop ##################  
 ####### Case350 	 Computation time:2.2442362308502197 	 Step68/68	- AllReachGoal-False

2025-12-12 16:47:49,108 - PaperAgentLogger - INFO - current rateReachGoal: 0
2025-12-12 16:47:49,125 - PaperAgentLogger - DEBUG - New map
2025-12-12 16:47:50,780 - PaperAgentLogger - INFO - ################## PaperArchitecture_map20x20_rho1_10Agent/K3_HS0/1765553512 - End of loop ##################  
 ####### Case351 	 Computation time:1.6549491882324219 	 Step48/48	- AllReachGoal-False

2025-12-12 16:47:50,781 - PaperAgentLogger - INFO - current rateReachGoal: 0
2025-12-12 16:47:50,799 - PaperAgentLogger - DEBUG - New map
2025-12-12 16:47:52,657 - PaperAgentLogger - INFO - ################## PaperArchitecture_map20x20_rho1_10Agent/K3_HS0/1765553512 - End of loop ##################  
 ####### Case352 	 Computation time:1.8576769828796387 	 Step54/54	- AllReachGoal-False

2025-12-12 16:47:52,658 - PaperAgentLogger - INFO - current rateReachGoal: 0
2025-12-12 16:47:52,676 - PaperAgentLogger - DEBUG - New map
2025-12-12 16:47:54,458 - PaperAgentLogger - INFO - ################## PaperArchitecture_map20x20_rho1_10Agent/K3_HS0/1765553512 - End of loop ##################  
 ####### Case353 	 Computation time:1.7821035385131836 	 Step52/52	- AllReachGoal-False

2025-12-12 16:47:54,459 - PaperAgentLogger - INFO - current rateReachGoal: 0
2025-12-12 16:47:54,480 - PaperAgentLogger - DEBUG - New map
2025-12-12 16:47:56,778 - PaperAgentLogger - INFO - ################## PaperArchitecture_map20x20_rho1_10Agent/K3_HS0/1765553512 - End of loop ##################  
 ####### Case354 	 Computation time:2.29763126373291 	 Step70/70	- AllReachGoal-False

2025-12-12 16:47:56,778 - PaperAgentLogger - INFO - current rateReachGoal: 0
2025-12-12 16:47:56,795 - PaperAgentLogger - DEBUG - New map
2025-12-12 16:47:57,830 - PaperAgentLogger - INFO - ################## PaperArchitecture_map20x20_rho1_10Agent/K3_HS0/1765553512 - End of loop ##################  
 ####### Case355 	 Computation time:1.034254550933838 	 Step30/50	- AllReachGoal-True

2025-12-12 16:47:57,832 - PaperAgentLogger - INFO - current rateReachGoal: 0
2025-12-12 16:47:57,852 - PaperAgentLogger - DEBUG - New map
2025-12-12 16:48:00,130 - PaperAgentLogger - INFO - ################## PaperArchitecture_map20x20_rho1_10Agent/K3_HS0/1765553512 - End of loop ##################  
 ####### Case356 	 Computation time:2.2773804664611816 	 Step66/66	- AllReachGoal-False

2025-12-12 16:48:00,130 - PaperAgentLogger - INFO - current rateReachGoal: 0
2025-12-12 16:48:00,148 - PaperAgentLogger - DEBUG - New map
2025-12-12 16:48:01,913 - PaperAgentLogger - INFO - ################## PaperArchitecture_map20x20_rho1_10Agent/K3_HS0/1765553512 - End of loop ##################  
 ####### Case357 	 Computation time:1.7640595436096191 	 Step52/52	- AllReachGoal-False

2025-12-12 16:48:01,913 - PaperAgentLogger - INFO - current rateReachGoal: 0
2025-12-12 16:48:01,930 - PaperAgentLogger - DEBUG - New map
2025-12-12 16:48:03,314 - PaperAgentLogger - INFO - ################## PaperArchitecture_map20x20_rho1_10Agent/K3_HS0/1765553512 - End of loop ##################  
 ####### Case358 	 Computation time:1.3842370510101318 	 Step41/48	- AllReachGoal-True

2025-12-12 16:48:03,317 - PaperAgentLogger - INFO - current rateReachGoal: 0
2025-12-12 16:48:03,332 - PaperAgentLogger - DEBUG - New map
2025-12-12 16:48:04,124 - PaperAgentLogger - INFO - ################## PaperArchitecture_map20x20_rho1_10Agent/K3_HS0/1765553512 - End of loop ##################  
 ####### Case359 	 Computation time:0.7907557487487793 	 Step24/42	- AllReachGoal-True

2025-12-12 16:48:04,124 - PaperAgentLogger - INFO - current rateReachGoal: 0
2025-12-12 16:48:04,142 - PaperAgentLogger - DEBUG - New map
2025-12-12 16:48:05,789 - PaperAgentLogger - INFO - ################## PaperArchitecture_map20x20_rho1_10Agent/K3_HS0/1765553512 - End of loop ##################  
 ####### Case360 	 Computation time:1.6463689804077148 	 Step50/50	- AllReachGoal-False

2025-12-12 16:48:05,789 - PaperAgentLogger - INFO - current rateReachGoal: 0
2025-12-12 16:48:05,808 - PaperAgentLogger - DEBUG - New map
2025-12-12 16:48:07,506 - PaperAgentLogger - INFO - ################## PaperArchitecture_map20x20_rho1_10Agent/K3_HS0/1765553512 - End of loop ##################  
 ####### Case361 	 Computation time:1.6975910663604736 	 Step52/52	- AllReachGoal-False

2025-12-12 16:48:07,507 - PaperAgentLogger - INFO - current rateReachGoal: 0
2025-12-12 16:48:07,524 - PaperAgentLogger - DEBUG - New map
2025-12-12 16:48:09,220 - PaperAgentLogger - INFO - ################## PaperArchitecture_map20x20_rho1_10Agent/K3_HS0/1765553512 - End of loop ##################  
 ####### Case362 	 Computation time:1.696047067642212 	 Step52/52	- AllReachGoal-False

2025-12-12 16:48:09,223 - PaperAgentLogger - INFO - current rateReachGoal: 0
2025-12-12 16:48:09,239 - PaperAgentLogger - DEBUG - New map
2025-12-12 16:48:10,187 - PaperAgentLogger - INFO - ################## PaperArchitecture_map20x20_rho1_10Agent/K3_HS0/1765553512 - End of loop ##################  
 ####### Case363 	 Computation time:0.9483346939086914 	 Step29/42	- AllReachGoal-True

2025-12-12 16:48:10,188 - PaperAgentLogger - INFO - current rateReachGoal: 0
2025-12-12 16:48:10,207 - PaperAgentLogger - DEBUG - New map
2025-12-12 16:48:11,381 - PaperAgentLogger - INFO - ################## PaperArchitecture_map20x20_rho1_10Agent/K3_HS0/1765553512 - End of loop ##################  
 ####### Case364 	 Computation time:1.173882246017456 	 Step36/64	- AllReachGoal-True

2025-12-12 16:48:11,382 - PaperAgentLogger - INFO - current rateReachGoal: 0
2025-12-12 16:48:11,401 - PaperAgentLogger - DEBUG - New map
2025-12-12 16:48:13,576 - PaperAgentLogger - INFO - ################## PaperArchitecture_map20x20_rho1_10Agent/K3_HS0/1765553512 - End of loop ##################  
 ####### Case365 	 Computation time:2.1746726036071777 	 Step64/64	- AllReachGoal-False

2025-12-12 16:48:13,577 - PaperAgentLogger - INFO - current rateReachGoal: 0
2025-12-12 16:48:13,594 - PaperAgentLogger - DEBUG - New map
2025-12-12 16:48:14,493 - PaperAgentLogger - INFO - ################## PaperArchitecture_map20x20_rho1_10Agent/K3_HS0/1765553512 - End of loop ##################  
 ####### Case366 	 Computation time:0.8987562656402588 	 Step26/52	- AllReachGoal-True

2025-12-12 16:48:14,495 - PaperAgentLogger - INFO - current rateReachGoal: 0
2025-12-12 16:48:14,514 - PaperAgentLogger - DEBUG - New map
2025-12-12 16:48:16,501 - PaperAgentLogger - INFO - ################## PaperArchitecture_map20x20_rho1_10Agent/K3_HS0/1765553512 - End of loop ##################  
 ####### Case367 	 Computation time:1.9872450828552246 	 Step58/58	- AllReachGoal-False

2025-12-12 16:48:16,502 - PaperAgentLogger - INFO - current rateReachGoal: 0
2025-12-12 16:48:16,519 - PaperAgentLogger - DEBUG - New map
2025-12-12 16:48:17,630 - PaperAgentLogger - INFO - ################## PaperArchitecture_map20x20_rho1_10Agent/K3_HS0/1765553512 - End of loop ##################  
 ####### Case368 	 Computation time:1.1098864078521729 	 Step32/48	- AllReachGoal-True

2025-12-12 16:48:17,630 - PaperAgentLogger - INFO - current rateReachGoal: 0
2025-12-12 16:48:17,647 - PaperAgentLogger - DEBUG - New map
2025-12-12 16:48:19,369 - PaperAgentLogger - INFO - ################## PaperArchitecture_map20x20_rho1_10Agent/K3_HS0/1765553512 - End of loop ##################  
 ####### Case369 	 Computation time:1.7207589149475098 	 Step50/50	- AllReachGoal-False

2025-12-12 16:48:19,369 - PaperAgentLogger - INFO - current rateReachGoal: 0
2025-12-12 16:48:19,387 - PaperAgentLogger - DEBUG - New map
2025-12-12 16:48:21,195 - PaperAgentLogger - INFO - ################## PaperArchitecture_map20x20_rho1_10Agent/K3_HS0/1765553512 - End of loop ##################  
 ####### Case370 	 Computation time:1.8070869445800781 	 Step54/54	- AllReachGoal-False

2025-12-12 16:48:21,196 - PaperAgentLogger - INFO - current rateReachGoal: 0
2025-12-12 16:48:21,214 - PaperAgentLogger - DEBUG - New map
2025-12-12 16:48:23,274 - PaperAgentLogger - INFO - ################## PaperArchitecture_map20x20_rho1_10Agent/K3_HS0/1765553512 - End of loop ##################  
 ####### Case371 	 Computation time:2.059447765350342 	 Step60/60	- AllReachGoal-False

2025-12-12 16:48:23,275 - PaperAgentLogger - INFO - current rateReachGoal: 0
2025-12-12 16:48:23,292 - PaperAgentLogger - DEBUG - New map
2025-12-12 16:48:24,947 - PaperAgentLogger - INFO - ################## PaperArchitecture_map20x20_rho1_10Agent/K3_HS0/1765553512 - End of loop ##################  
 ####### Case372 	 Computation time:1.654599905014038 	 Step48/48	- AllReachGoal-False

2025-12-12 16:48:24,948 - PaperAgentLogger - INFO - current rateReachGoal: 0
2025-12-12 16:48:24,965 - PaperAgentLogger - DEBUG - New map
2025-12-12 16:48:26,682 - PaperAgentLogger - INFO - ################## PaperArchitecture_map20x20_rho1_10Agent/K3_HS0/1765553512 - End of loop ##################  
 ####### Case373 	 Computation time:1.716550350189209 	 Step50/50	- AllReachGoal-False

2025-12-12 16:48:26,683 - PaperAgentLogger - INFO - current rateReachGoal: 0
2025-12-12 16:48:26,702 - PaperAgentLogger - DEBUG - New map
2025-12-12 16:48:28,229 - PaperAgentLogger - INFO - ################## PaperArchitecture_map20x20_rho1_10Agent/K3_HS0/1765553512 - End of loop ##################  
 ####### Case374 	 Computation time:1.5256972312927246 	 Step44/66	- AllReachGoal-True

2025-12-12 16:48:28,229 - PaperAgentLogger - INFO - current rateReachGoal: 0
2025-12-12 16:48:28,246 - PaperAgentLogger - DEBUG - New map
2025-12-12 16:48:29,218 - PaperAgentLogger - INFO - ################## PaperArchitecture_map20x20_rho1_10Agent/K3_HS0/1765553512 - End of loop ##################  
 ####### Case375 	 Computation time:0.971304178237915 	 Step28/52	- AllReachGoal-True

2025-12-12 16:48:29,219 - PaperAgentLogger - INFO - current rateReachGoal: 0
2025-12-12 16:48:29,236 - PaperAgentLogger - DEBUG - New map
2025-12-12 16:48:30,316 - PaperAgentLogger - INFO - ################## PaperArchitecture_map20x20_rho1_10Agent/K3_HS0/1765553512 - End of loop ##################  
 ####### Case376 	 Computation time:1.07944655418396 	 Step31/54	- AllReachGoal-True

2025-12-12 16:48:30,317 - PaperAgentLogger - INFO - current rateReachGoal: 0
2025-12-12 16:48:30,336 - PaperAgentLogger - DEBUG - New map
2025-12-12 16:48:31,553 - PaperAgentLogger - INFO - ################## PaperArchitecture_map20x20_rho1_10Agent/K3_HS0/1765553512 - End of loop ##################  
 ####### Case377 	 Computation time:1.2163636684417725 	 Step35/62	- AllReachGoal-True

2025-12-12 16:48:31,554 - PaperAgentLogger - INFO - current rateReachGoal: 0
2025-12-12 16:48:31,573 - PaperAgentLogger - DEBUG - New map
2025-12-12 16:48:33,345 - PaperAgentLogger - INFO - ################## PaperArchitecture_map20x20_rho1_10Agent/K3_HS0/1765553512 - End of loop ##################  
 ####### Case378 	 Computation time:1.7713723182678223 	 Step54/54	- AllReachGoal-False

2025-12-12 16:48:33,345 - PaperAgentLogger - INFO - current rateReachGoal: 0
2025-12-12 16:48:33,363 - PaperAgentLogger - DEBUG - New map
2025-12-12 16:48:35,184 - PaperAgentLogger - INFO - ################## PaperArchitecture_map20x20_rho1_10Agent/K3_HS0/1765553512 - End of loop ##################  
 ####### Case379 	 Computation time:1.820493459701538 	 Step54/54	- AllReachGoal-False

2025-12-12 16:48:35,185 - PaperAgentLogger - INFO - current rateReachGoal: 0
2025-12-12 16:48:35,202 - PaperAgentLogger - DEBUG - New map
2025-12-12 16:48:37,052 - PaperAgentLogger - INFO - ################## PaperArchitecture_map20x20_rho1_10Agent/K3_HS0/1765553512 - End of loop ##################  
 ####### Case380 	 Computation time:1.8492834568023682 	 Step56/56	- AllReachGoal-False

2025-12-12 16:48:37,053 - PaperAgentLogger - INFO - current rateReachGoal: 0
2025-12-12 16:48:37,071 - PaperAgentLogger - DEBUG - New map
2025-12-12 16:48:38,898 - PaperAgentLogger - INFO - ################## PaperArchitecture_map20x20_rho1_10Agent/K3_HS0/1765553512 - End of loop ##################  
 ####### Case381 	 Computation time:1.8271026611328125 	 Step54/54	- AllReachGoal-False

2025-12-12 16:48:38,901 - PaperAgentLogger - INFO - current rateReachGoal: 0
2025-12-12 16:48:38,919 - PaperAgentLogger - DEBUG - New map
2025-12-12 16:48:41,087 - PaperAgentLogger - INFO - ################## PaperArchitecture_map20x20_rho1_10Agent/K3_HS0/1765553512 - End of loop ##################  
 ####### Case382 	 Computation time:2.1672203540802 	 Step64/64	- AllReachGoal-False

2025-12-12 16:48:41,088 - PaperAgentLogger - INFO - current rateReachGoal: 0
2025-12-12 16:48:41,106 - PaperAgentLogger - DEBUG - New map
2025-12-12 16:48:42,955 - PaperAgentLogger - INFO - ################## PaperArchitecture_map20x20_rho1_10Agent/K3_HS0/1765553512 - End of loop ##################  
 ####### Case383 	 Computation time:1.8486316204071045 	 Step54/54	- AllReachGoal-False

2025-12-12 16:48:42,955 - PaperAgentLogger - INFO - current rateReachGoal: 0
2025-12-12 16:48:42,974 - PaperAgentLogger - DEBUG - New map
2025-12-12 16:48:44,813 - PaperAgentLogger - INFO - ################## PaperArchitecture_map20x20_rho1_10Agent/K3_HS0/1765553512 - End of loop ##################  
 ####### Case384 	 Computation time:1.8386030197143555 	 Step56/56	- AllReachGoal-False

2025-12-12 16:48:44,814 - PaperAgentLogger - INFO - current rateReachGoal: 0
2025-12-12 16:48:44,832 - PaperAgentLogger - DEBUG - New map
2025-12-12 16:48:46,076 - PaperAgentLogger - INFO - ################## PaperArchitecture_map20x20_rho1_10Agent/K3_HS0/1765553512 - End of loop ##################  
 ####### Case385 	 Computation time:1.2434115409851074 	 Step38/60	- AllReachGoal-True

2025-12-12 16:48:46,076 - PaperAgentLogger - INFO - current rateReachGoal: 0
2025-12-12 16:48:46,094 - PaperAgentLogger - DEBUG - New map
2025-12-12 16:48:47,917 - PaperAgentLogger - INFO - ################## PaperArchitecture_map20x20_rho1_10Agent/K3_HS0/1765553512 - End of loop ##################  
 ####### Case386 	 Computation time:1.822190284729004 	 Step56/56	- AllReachGoal-False

2025-12-12 16:48:47,918 - PaperAgentLogger - INFO - current rateReachGoal: 0
2025-12-12 16:48:47,936 - PaperAgentLogger - DEBUG - New map
2025-12-12 16:48:48,956 - PaperAgentLogger - INFO - ################## PaperArchitecture_map20x20_rho1_10Agent/K3_HS0/1765553512 - End of loop ##################  
 ####### Case387 	 Computation time:1.019033432006836 	 Step31/58	- AllReachGoal-True

2025-12-12 16:48:48,956 - PaperAgentLogger - INFO - current rateReachGoal: 0
2025-12-12 16:48:48,973 - PaperAgentLogger - DEBUG - New map
2025-12-12 16:48:49,705 - PaperAgentLogger - INFO - ################## PaperArchitecture_map20x20_rho1_10Agent/K3_HS0/1765553512 - End of loop ##################  
 ####### Case388 	 Computation time:0.7310895919799805 	 Step22/44	- AllReachGoal-True

2025-12-12 16:48:49,706 - PaperAgentLogger - INFO - current rateReachGoal: 0
2025-12-12 16:48:49,722 - PaperAgentLogger - DEBUG - New map
2025-12-12 16:48:51,294 - PaperAgentLogger - INFO - ################## PaperArchitecture_map20x20_rho1_10Agent/K3_HS0/1765553512 - End of loop ##################  
 ####### Case389 	 Computation time:1.571652889251709 	 Step48/48	- AllReachGoal-False

2025-12-12 16:48:51,295 - PaperAgentLogger - INFO - current rateReachGoal: 0
2025-12-12 16:48:51,312 - PaperAgentLogger - DEBUG - New map
2025-12-12 16:48:52,138 - PaperAgentLogger - INFO - ################## PaperArchitecture_map20x20_rho1_10Agent/K3_HS0/1765553512 - End of loop ##################  
 ####### Case390 	 Computation time:0.8257765769958496 	 Step25/50	- AllReachGoal-True

2025-12-12 16:48:52,139 - PaperAgentLogger - INFO - current rateReachGoal: 0
2025-12-12 16:48:52,158 - PaperAgentLogger - DEBUG - New map
2025-12-12 16:48:53,334 - PaperAgentLogger - INFO - ################## PaperArchitecture_map20x20_rho1_10Agent/K3_HS0/1765553512 - End of loop ##################  
 ####### Case391 	 Computation time:1.1752302646636963 	 Step35/64	- AllReachGoal-True

2025-12-12 16:48:53,334 - PaperAgentLogger - INFO - current rateReachGoal: 0
2025-12-12 16:48:53,350 - PaperAgentLogger - DEBUG - New map
2025-12-12 16:48:54,206 - PaperAgentLogger - INFO - ################## PaperArchitecture_map20x20_rho1_10Agent/K3_HS0/1765553512 - End of loop ##################  
 ####### Case392 	 Computation time:0.855219841003418 	 Step26/42	- AllReachGoal-True

2025-12-12 16:48:54,206 - PaperAgentLogger - INFO - current rateReachGoal: 0
2025-12-12 16:48:54,225 - PaperAgentLogger - DEBUG - New map
2025-12-12 16:48:55,302 - PaperAgentLogger - INFO - ################## PaperArchitecture_map20x20_rho1_10Agent/K3_HS0/1765553512 - End of loop ##################  
 ####### Case393 	 Computation time:1.076167345046997 	 Step32/64	- AllReachGoal-True

2025-12-12 16:48:55,303 - PaperAgentLogger - INFO - current rateReachGoal: 0
2025-12-12 16:48:55,322 - PaperAgentLogger - DEBUG - New map
2025-12-12 16:48:56,454 - PaperAgentLogger - INFO - ################## PaperArchitecture_map20x20_rho1_10Agent/K3_HS0/1765553512 - End of loop ##################  
 ####### Case394 	 Computation time:1.1316704750061035 	 Step34/58	- AllReachGoal-True

2025-12-12 16:48:56,456 - PaperAgentLogger - INFO - current rateReachGoal: 0
2025-12-12 16:48:56,475 - PaperAgentLogger - DEBUG - New map
2025-12-12 16:48:58,332 - PaperAgentLogger - INFO - ################## PaperArchitecture_map20x20_rho1_10Agent/K3_HS0/1765553512 - End of loop ##################  
 ####### Case395 	 Computation time:1.8561983108520508 	 Step54/58	- AllReachGoal-True

2025-12-12 16:48:58,333 - PaperAgentLogger - INFO - current rateReachGoal: 0
2025-12-12 16:48:58,352 - PaperAgentLogger - DEBUG - New map
2025-12-12 16:48:59,793 - PaperAgentLogger - INFO - ################## PaperArchitecture_map20x20_rho1_10Agent/K3_HS0/1765553512 - End of loop ##################  
 ####### Case396 	 Computation time:1.4398531913757324 	 Step42/62	- AllReachGoal-True

2025-12-12 16:48:59,793 - PaperAgentLogger - INFO - current rateReachGoal: 0
2025-12-12 16:48:59,810 - PaperAgentLogger - DEBUG - New map
2025-12-12 16:49:00,730 - PaperAgentLogger - INFO - ################## PaperArchitecture_map20x20_rho1_10Agent/K3_HS0/1765553512 - End of loop ##################  
 ####### Case397 	 Computation time:0.919318437576294 	 Step27/52	- AllReachGoal-True

2025-12-12 16:49:00,731 - PaperAgentLogger - INFO - current rateReachGoal: 0
2025-12-12 16:49:00,748 - PaperAgentLogger - DEBUG - New map
2025-12-12 16:49:02,511 - PaperAgentLogger - INFO - ################## PaperArchitecture_map20x20_rho1_10Agent/K3_HS0/1765553512 - End of loop ##################  
 ####### Case398 	 Computation time:1.761749505996704 	 Step52/52	- AllReachGoal-False

2025-12-12 16:49:02,511 - PaperAgentLogger - INFO - current rateReachGoal: 0
2025-12-12 16:49:02,528 - PaperAgentLogger - DEBUG - New map
2025-12-12 16:49:03,413 - PaperAgentLogger - INFO - ################## PaperArchitecture_map20x20_rho1_10Agent/K3_HS0/1765553512 - End of loop ##################  
 ####### Case399 	 Computation time:0.8842923641204834 	 Step27/54	- AllReachGoal-True

2025-12-12 16:49:03,413 - PaperAgentLogger - INFO - current rateReachGoal: 0
2025-12-12 16:49:03,432 - PaperAgentLogger - DEBUG - New map
2025-12-12 16:49:05,256 - PaperAgentLogger - INFO - ################## PaperArchitecture_map20x20_rho1_10Agent/K3_HS0/1765553512 - End of loop ##################  
 ####### Case400 	 Computation time:1.8235821723937988 	 Step56/56	- AllReachGoal-False

2025-12-12 16:49:05,257 - PaperAgentLogger - INFO - current rateReachGoal: 0
2025-12-12 16:49:05,275 - PaperAgentLogger - DEBUG - New map
2025-12-12 16:49:06,286 - PaperAgentLogger - INFO - ################## PaperArchitecture_map20x20_rho1_10Agent/K3_HS0/1765553512 - End of loop ##################  
 ####### Case401 	 Computation time:1.0104784965515137 	 Step31/58	- AllReachGoal-True

2025-12-12 16:49:06,287 - PaperAgentLogger - INFO - current rateReachGoal: 0
2025-12-12 16:49:06,305 - PaperAgentLogger - DEBUG - New map
2025-12-12 16:49:07,290 - PaperAgentLogger - INFO - ################## PaperArchitecture_map20x20_rho1_10Agent/K3_HS0/1765553512 - End of loop ##################  
 ####### Case402 	 Computation time:0.98451828956604 	 Step30/60	- AllReachGoal-True

2025-12-12 16:49:07,291 - PaperAgentLogger - INFO - current rateReachGoal: 0
2025-12-12 16:49:07,311 - PaperAgentLogger - DEBUG - New map
2025-12-12 16:49:08,600 - PaperAgentLogger - INFO - ################## PaperArchitecture_map20x20_rho1_10Agent/K3_HS0/1765553512 - End of loop ##################  
 ####### Case403 	 Computation time:1.2885141372680664 	 Step38/68	- AllReachGoal-True

2025-12-12 16:49:08,601 - PaperAgentLogger - INFO - current rateReachGoal: 0
2025-12-12 16:49:08,619 - PaperAgentLogger - DEBUG - New map
2025-12-12 16:49:10,687 - PaperAgentLogger - INFO - ################## PaperArchitecture_map20x20_rho1_10Agent/K3_HS0/1765553512 - End of loop ##################  
 ####### Case404 	 Computation time:2.0670599937438965 	 Step60/60	- AllReachGoal-False

2025-12-12 16:49:10,688 - PaperAgentLogger - INFO - current rateReachGoal: 0
2025-12-12 16:49:10,704 - PaperAgentLogger - DEBUG - New map
2025-12-12 16:49:12,451 - PaperAgentLogger - INFO - ################## PaperArchitecture_map20x20_rho1_10Agent/K3_HS0/1765553512 - End of loop ##################  
 ####### Case405 	 Computation time:1.7464852333068848 	 Step52/52	- AllReachGoal-False

2025-12-12 16:49:12,452 - PaperAgentLogger - INFO - current rateReachGoal: 0
2025-12-12 16:49:12,472 - PaperAgentLogger - DEBUG - New map
2025-12-12 16:49:13,607 - PaperAgentLogger - INFO - ################## PaperArchitecture_map20x20_rho1_10Agent/K3_HS0/1765553512 - End of loop ##################  
 ####### Case406 	 Computation time:1.1351394653320312 	 Step33/62	- AllReachGoal-True

2025-12-12 16:49:13,610 - PaperAgentLogger - INFO - current rateReachGoal: 0
2025-12-12 16:49:13,627 - PaperAgentLogger - DEBUG - New map
2025-12-12 16:49:15,421 - PaperAgentLogger - INFO - ################## PaperArchitecture_map20x20_rho1_10Agent/K3_HS0/1765553512 - End of loop ##################  
 ####### Case407 	 Computation time:1.7930753231048584 	 Step54/54	- AllReachGoal-False

2025-12-12 16:49:15,421 - PaperAgentLogger - INFO - current rateReachGoal: 0
2025-12-12 16:49:15,440 - PaperAgentLogger - DEBUG - New map
2025-12-12 16:49:17,581 - PaperAgentLogger - INFO - ################## PaperArchitecture_map20x20_rho1_10Agent/K3_HS0/1765553512 - End of loop ##################  
 ####### Case408 	 Computation time:2.140364646911621 	 Step64/64	- AllReachGoal-False

2025-12-12 16:49:17,582 - PaperAgentLogger - INFO - current rateReachGoal: 0
2025-12-12 16:49:17,598 - PaperAgentLogger - DEBUG - New map
2025-12-12 16:49:18,829 - PaperAgentLogger - INFO - ################## PaperArchitecture_map20x20_rho1_10Agent/K3_HS0/1765553512 - End of loop ##################  
 ####### Case409 	 Computation time:1.2300045490264893 	 Step36/52	- AllReachGoal-True

2025-12-12 16:49:18,831 - PaperAgentLogger - INFO - current rateReachGoal: 0
2025-12-12 16:49:18,850 - PaperAgentLogger - DEBUG - New map
2025-12-12 16:49:19,779 - PaperAgentLogger - INFO - ################## PaperArchitecture_map20x20_rho1_10Agent/K3_HS0/1765553512 - End of loop ##################  
 ####### Case410 	 Computation time:0.9285616874694824 	 Step27/50	- AllReachGoal-True

2025-12-12 16:49:19,780 - PaperAgentLogger - INFO - current rateReachGoal: 0
2025-12-12 16:49:19,796 - PaperAgentLogger - DEBUG - New map
2025-12-12 16:49:20,662 - PaperAgentLogger - INFO - ################## PaperArchitecture_map20x20_rho1_10Agent/K3_HS0/1765553512 - End of loop ##################  
 ####### Case411 	 Computation time:0.8655531406402588 	 Step26/48	- AllReachGoal-True

2025-12-12 16:49:20,662 - PaperAgentLogger - INFO - current rateReachGoal: 0
2025-12-12 16:49:20,678 - PaperAgentLogger - DEBUG - New map
2025-12-12 16:49:21,466 - PaperAgentLogger - INFO - ################## PaperArchitecture_map20x20_rho1_10Agent/K3_HS0/1765553512 - End of loop ##################  
 ####### Case412 	 Computation time:0.7869646549224854 	 Step23/44	- AllReachGoal-True

2025-12-12 16:49:21,466 - PaperAgentLogger - INFO - current rateReachGoal: 0
2025-12-12 16:49:21,485 - PaperAgentLogger - DEBUG - New map
2025-12-12 16:49:23,419 - PaperAgentLogger - INFO - ################## PaperArchitecture_map20x20_rho1_10Agent/K3_HS0/1765553512 - End of loop ##################  
 ####### Case413 	 Computation time:1.9326801300048828 	 Step58/58	- AllReachGoal-False

2025-12-12 16:49:23,419 - PaperAgentLogger - INFO - current rateReachGoal: 0
2025-12-12 16:49:23,441 - PaperAgentLogger - DEBUG - New map
2025-12-12 16:49:25,927 - PaperAgentLogger - INFO - ################## PaperArchitecture_map20x20_rho1_10Agent/K3_HS0/1765553512 - End of loop ##################  
 ####### Case414 	 Computation time:2.4855763912200928 	 Step74/74	- AllReachGoal-False

2025-12-12 16:49:25,928 - PaperAgentLogger - INFO - current rateReachGoal: 0
2025-12-12 16:49:25,946 - PaperAgentLogger - DEBUG - New map
2025-12-12 16:49:27,721 - PaperAgentLogger - INFO - ################## PaperArchitecture_map20x20_rho1_10Agent/K3_HS0/1765553512 - End of loop ##################  
 ####### Case415 	 Computation time:1.775019884109497 	 Step52/52	- AllReachGoal-False

2025-12-12 16:49:27,722 - PaperAgentLogger - INFO - current rateReachGoal: 0
2025-12-12 16:49:27,739 - PaperAgentLogger - DEBUG - New map
2025-12-12 16:49:28,707 - PaperAgentLogger - INFO - ################## PaperArchitecture_map20x20_rho1_10Agent/K3_HS0/1765553512 - End of loop ##################  
 ####### Case416 	 Computation time:0.9676125049591064 	 Step28/52	- AllReachGoal-True

2025-12-12 16:49:28,708 - PaperAgentLogger - INFO - current rateReachGoal: 0
2025-12-12 16:49:28,725 - PaperAgentLogger - DEBUG - New map
2025-12-12 16:49:29,845 - PaperAgentLogger - INFO - ################## PaperArchitecture_map20x20_rho1_10Agent/K3_HS0/1765553512 - End of loop ##################  
 ####### Case417 	 Computation time:1.1200270652770996 	 Step33/46	- AllReachGoal-True

2025-12-12 16:49:29,846 - PaperAgentLogger - INFO - current rateReachGoal: 0
2025-12-12 16:49:29,865 - PaperAgentLogger - DEBUG - New map
2025-12-12 16:49:31,941 - PaperAgentLogger - INFO - ################## PaperArchitecture_map20x20_rho1_10Agent/K3_HS0/1765553512 - End of loop ##################  
 ####### Case418 	 Computation time:2.076167345046997 	 Step62/62	- AllReachGoal-False

2025-12-12 16:49:31,942 - PaperAgentLogger - INFO - current rateReachGoal: 0
2025-12-12 16:49:31,962 - PaperAgentLogger - DEBUG - New map
2025-12-12 16:49:34,266 - PaperAgentLogger - INFO - ################## PaperArchitecture_map20x20_rho1_10Agent/K3_HS0/1765553512 - End of loop ##################  
 ####### Case419 	 Computation time:2.303248167037964 	 Step68/68	- AllReachGoal-False

2025-12-12 16:49:34,267 - PaperAgentLogger - INFO - current rateReachGoal: 0
2025-12-12 16:49:34,284 - PaperAgentLogger - DEBUG - New map
2025-12-12 16:49:35,322 - PaperAgentLogger - INFO - ################## PaperArchitecture_map20x20_rho1_10Agent/K3_HS0/1765553512 - End of loop ##################  
 ####### Case420 	 Computation time:1.037245273590088 	 Step32/62	- AllReachGoal-True

2025-12-12 16:49:35,323 - PaperAgentLogger - INFO - current rateReachGoal: 0
2025-12-12 16:49:35,342 - PaperAgentLogger - DEBUG - New map
2025-12-12 16:49:37,397 - PaperAgentLogger - INFO - ################## PaperArchitecture_map20x20_rho1_10Agent/K3_HS0/1765553512 - End of loop ##################  
 ####### Case421 	 Computation time:2.055257558822632 	 Step62/62	- AllReachGoal-False

2025-12-12 16:49:37,398 - PaperAgentLogger - INFO - current rateReachGoal: 0
2025-12-12 16:49:37,415 - PaperAgentLogger - DEBUG - New map
2025-12-12 16:49:38,920 - PaperAgentLogger - INFO - ################## PaperArchitecture_map20x20_rho1_10Agent/K3_HS0/1765553512 - End of loop ##################  
 ####### Case422 	 Computation time:1.5037791728973389 	 Step46/46	- AllReachGoal-False

2025-12-12 16:49:38,920 - PaperAgentLogger - INFO - current rateReachGoal: 0
2025-12-12 16:49:38,941 - PaperAgentLogger - DEBUG - New map
2025-12-12 16:49:40,180 - PaperAgentLogger - INFO - ################## PaperArchitecture_map20x20_rho1_10Agent/K3_HS0/1765553512 - End of loop ##################  
 ####### Case423 	 Computation time:1.2385592460632324 	 Step37/70	- AllReachGoal-True

2025-12-12 16:49:40,181 - PaperAgentLogger - INFO - current rateReachGoal: 0
2025-12-12 16:49:40,199 - PaperAgentLogger - DEBUG - New map
2025-12-12 16:49:42,100 - PaperAgentLogger - INFO - ################## PaperArchitecture_map20x20_rho1_10Agent/K3_HS0/1765553512 - End of loop ##################  
 ####### Case424 	 Computation time:1.9007039070129395 	 Step58/58	- AllReachGoal-False

2025-12-12 16:49:42,101 - PaperAgentLogger - INFO - current rateReachGoal: 0
2025-12-12 16:49:42,117 - PaperAgentLogger - DEBUG - New map
2025-12-12 16:49:43,678 - PaperAgentLogger - INFO - ################## PaperArchitecture_map20x20_rho1_10Agent/K3_HS0/1765553512 - End of loop ##################  
 ####### Case425 	 Computation time:1.5606105327606201 	 Step48/48	- AllReachGoal-False

2025-12-12 16:49:43,679 - PaperAgentLogger - INFO - current rateReachGoal: 0
2025-12-12 16:49:43,695 - PaperAgentLogger - DEBUG - New map
2025-12-12 16:49:44,999 - PaperAgentLogger - INFO - ################## PaperArchitecture_map20x20_rho1_10Agent/K3_HS0/1765553512 - End of loop ##################  
 ####### Case426 	 Computation time:1.3039219379425049 	 Step38/44	- AllReachGoal-True

2025-12-12 16:49:45,000 - PaperAgentLogger - INFO - current rateReachGoal: 0
2025-12-12 16:49:45,019 - PaperAgentLogger - DEBUG - New map
2025-12-12 16:49:46,014 - PaperAgentLogger - INFO - ################## PaperArchitecture_map20x20_rho1_10Agent/K3_HS0/1765553512 - End of loop ##################  
 ####### Case427 	 Computation time:0.9947340488433838 	 Step30/56	- AllReachGoal-True

2025-12-12 16:49:46,015 - PaperAgentLogger - INFO - current rateReachGoal: 0
2025-12-12 16:49:46,033 - PaperAgentLogger - DEBUG - New map
2025-12-12 16:49:47,953 - PaperAgentLogger - INFO - ################## PaperArchitecture_map20x20_rho1_10Agent/K3_HS0/1765553512 - End of loop ##################  
 ####### Case428 	 Computation time:1.9195120334625244 	 Step56/56	- AllReachGoal-False

2025-12-12 16:49:47,954 - PaperAgentLogger - INFO - current rateReachGoal: 0
2025-12-12 16:49:47,973 - PaperAgentLogger - DEBUG - New map
2025-12-12 16:49:50,156 - PaperAgentLogger - INFO - ################## PaperArchitecture_map20x20_rho1_10Agent/K3_HS0/1765553512 - End of loop ##################  
 ####### Case429 	 Computation time:2.182277202606201 	 Step64/64	- AllReachGoal-False

2025-12-12 16:49:50,157 - PaperAgentLogger - INFO - current rateReachGoal: 0
2025-12-12 16:49:50,175 - PaperAgentLogger - DEBUG - New map
2025-12-12 16:49:51,172 - PaperAgentLogger - INFO - ################## PaperArchitecture_map20x20_rho1_10Agent/K3_HS0/1765553512 - End of loop ##################  
 ####### Case430 	 Computation time:0.9965808391571045 	 Step29/54	- AllReachGoal-True

2025-12-12 16:49:51,173 - PaperAgentLogger - INFO - current rateReachGoal: 0
2025-12-12 16:49:51,193 - PaperAgentLogger - DEBUG - New map
2025-12-12 16:49:53,714 - PaperAgentLogger - INFO - ################## PaperArchitecture_map20x20_rho1_10Agent/K3_HS0/1765553512 - End of loop ##################  
 ####### Case431 	 Computation time:2.52046537399292 	 Step74/74	- AllReachGoal-False

2025-12-12 16:49:53,715 - PaperAgentLogger - INFO - current rateReachGoal: 0
2025-12-12 16:49:53,732 - PaperAgentLogger - DEBUG - New map
2025-12-12 16:49:55,724 - PaperAgentLogger - INFO - ################## PaperArchitecture_map20x20_rho1_10Agent/K3_HS0/1765553512 - End of loop ##################  
 ####### Case432 	 Computation time:1.9907031059265137 	 Step60/60	- AllReachGoal-False

2025-12-12 16:49:55,724 - PaperAgentLogger - INFO - current rateReachGoal: 0
2025-12-12 16:49:55,742 - PaperAgentLogger - DEBUG - New map
2025-12-12 16:49:56,775 - PaperAgentLogger - INFO - ################## PaperArchitecture_map20x20_rho1_10Agent/K3_HS0/1765553512 - End of loop ##################  
 ####### Case433 	 Computation time:1.0317761898040771 	 Step30/54	- AllReachGoal-True

2025-12-12 16:49:56,775 - PaperAgentLogger - INFO - current rateReachGoal: 0
2025-12-12 16:49:56,793 - PaperAgentLogger - DEBUG - New map
2025-12-12 16:49:57,760 - PaperAgentLogger - INFO - ################## PaperArchitecture_map20x20_rho1_10Agent/K3_HS0/1765553512 - End of loop ##################  
 ####### Case434 	 Computation time:0.9663441181182861 	 Step28/56	- AllReachGoal-True

2025-12-12 16:49:57,761 - PaperAgentLogger - INFO - current rateReachGoal: 0
2025-12-12 16:49:57,779 - PaperAgentLogger - DEBUG - New map
2025-12-12 16:49:59,766 - PaperAgentLogger - INFO - ################## PaperArchitecture_map20x20_rho1_10Agent/K3_HS0/1765553512 - End of loop ##################  
 ####### Case435 	 Computation time:1.9865267276763916 	 Step58/58	- AllReachGoal-False

2025-12-12 16:49:59,766 - PaperAgentLogger - INFO - current rateReachGoal: 0
2025-12-12 16:49:59,787 - PaperAgentLogger - DEBUG - New map
2025-12-12 16:50:00,991 - PaperAgentLogger - INFO - ################## PaperArchitecture_map20x20_rho1_10Agent/K3_HS0/1765553512 - End of loop ##################  
 ####### Case436 	 Computation time:1.2039475440979004 	 Step35/70	- AllReachGoal-True

2025-12-12 16:50:00,994 - PaperAgentLogger - INFO - current rateReachGoal: 0
2025-12-12 16:50:01,013 - PaperAgentLogger - DEBUG - New map
2025-12-12 16:50:02,114 - PaperAgentLogger - INFO - ################## PaperArchitecture_map20x20_rho1_10Agent/K3_HS0/1765553512 - End of loop ##################  
 ####### Case437 	 Computation time:1.1007306575775146 	 Step32/58	- AllReachGoal-True

2025-12-12 16:50:02,115 - PaperAgentLogger - INFO - current rateReachGoal: 0
2025-12-12 16:50:02,132 - PaperAgentLogger - DEBUG - New map
2025-12-12 16:50:03,839 - PaperAgentLogger - INFO - ################## PaperArchitecture_map20x20_rho1_10Agent/K3_HS0/1765553512 - End of loop ##################  
 ####### Case438 	 Computation time:1.706880807876587 	 Step50/50	- AllReachGoal-False

2025-12-12 16:50:03,840 - PaperAgentLogger - INFO - current rateReachGoal: 0
2025-12-12 16:50:03,858 - PaperAgentLogger - DEBUG - New map
2025-12-12 16:50:04,895 - PaperAgentLogger - INFO - ################## PaperArchitecture_map20x20_rho1_10Agent/K3_HS0/1765553512 - End of loop ##################  
 ####### Case439 	 Computation time:1.036057472229004 	 Step30/56	- AllReachGoal-True

2025-12-12 16:50:04,895 - PaperAgentLogger - INFO - current rateReachGoal: 0
2025-12-12 16:50:04,913 - PaperAgentLogger - DEBUG - New map
2025-12-12 16:50:06,047 - PaperAgentLogger - INFO - ################## PaperArchitecture_map20x20_rho1_10Agent/K3_HS0/1765553512 - End of loop ##################  
 ####### Case440 	 Computation time:1.133194923400879 	 Step34/54	- AllReachGoal-True

2025-12-12 16:50:06,049 - PaperAgentLogger - INFO - current rateReachGoal: 0
2025-12-12 16:50:06,065 - PaperAgentLogger - DEBUG - New map
2025-12-12 16:50:07,562 - PaperAgentLogger - INFO - ################## PaperArchitecture_map20x20_rho1_10Agent/K3_HS0/1765553512 - End of loop ##################  
 ####### Case441 	 Computation time:1.4958720207214355 	 Step46/46	- AllReachGoal-False

2025-12-12 16:50:07,562 - PaperAgentLogger - INFO - current rateReachGoal: 0
2025-12-12 16:50:07,581 - PaperAgentLogger - DEBUG - New map
2025-12-12 16:50:08,651 - PaperAgentLogger - INFO - ################## PaperArchitecture_map20x20_rho1_10Agent/K3_HS0/1765553512 - End of loop ##################  
 ####### Case442 	 Computation time:1.0697216987609863 	 Step31/56	- AllReachGoal-True

2025-12-12 16:50:08,652 - PaperAgentLogger - INFO - current rateReachGoal: 0
2025-12-12 16:50:08,671 - PaperAgentLogger - DEBUG - New map
2025-12-12 16:50:09,810 - PaperAgentLogger - INFO - ################## PaperArchitecture_map20x20_rho1_10Agent/K3_HS0/1765553512 - End of loop ##################  
 ####### Case443 	 Computation time:1.1383767127990723 	 Step33/62	- AllReachGoal-True

2025-12-12 16:50:09,810 - PaperAgentLogger - INFO - current rateReachGoal: 0
2025-12-12 16:50:09,829 - PaperAgentLogger - DEBUG - New map
2025-12-12 16:50:11,809 - PaperAgentLogger - INFO - ################## PaperArchitecture_map20x20_rho1_10Agent/K3_HS0/1765553512 - End of loop ##################  
 ####### Case444 	 Computation time:1.9798407554626465 	 Step58/58	- AllReachGoal-False

2025-12-12 16:50:11,810 - PaperAgentLogger - INFO - current rateReachGoal: 0
2025-12-12 16:50:11,828 - PaperAgentLogger - DEBUG - New map
2025-12-12 16:50:12,683 - PaperAgentLogger - INFO - ################## PaperArchitecture_map20x20_rho1_10Agent/K3_HS0/1765553512 - End of loop ##################  
 ####### Case445 	 Computation time:0.8537297248840332 	 Step26/50	- AllReachGoal-True

2025-12-12 16:50:12,683 - PaperAgentLogger - INFO - current rateReachGoal: 0
2025-12-12 16:50:12,702 - PaperAgentLogger - DEBUG - New map
2025-12-12 16:50:13,583 - PaperAgentLogger - INFO - ################## PaperArchitecture_map20x20_rho1_10Agent/K3_HS0/1765553512 - End of loop ##################  
 ####### Case446 	 Computation time:0.8805985450744629 	 Step27/52	- AllReachGoal-True

2025-12-12 16:50:13,584 - PaperAgentLogger - INFO - current rateReachGoal: 0
2025-12-12 16:50:13,600 - PaperAgentLogger - DEBUG - New map
2025-12-12 16:50:14,803 - PaperAgentLogger - INFO - ################## PaperArchitecture_map20x20_rho1_10Agent/K3_HS0/1765553512 - End of loop ##################  
 ####### Case447 	 Computation time:1.2025883197784424 	 Step37/46	- AllReachGoal-True

2025-12-12 16:50:14,804 - PaperAgentLogger - INFO - current rateReachGoal: 0
2025-12-12 16:50:14,820 - PaperAgentLogger - DEBUG - New map
2025-12-12 16:50:16,309 - PaperAgentLogger - INFO - ################## PaperArchitecture_map20x20_rho1_10Agent/K3_HS0/1765553512 - End of loop ##################  
 ####### Case448 	 Computation time:1.4878413677215576 	 Step46/46	- AllReachGoal-False

2025-12-12 16:50:16,310 - PaperAgentLogger - INFO - current rateReachGoal: 0
2025-12-12 16:50:16,328 - PaperAgentLogger - DEBUG - New map
2025-12-12 16:50:18,011 - PaperAgentLogger - INFO - ################## PaperArchitecture_map20x20_rho1_10Agent/K3_HS0/1765553512 - End of loop ##################  
 ####### Case449 	 Computation time:1.6829736232757568 	 Step52/52	- AllReachGoal-False

2025-12-12 16:50:18,012 - PaperAgentLogger - INFO - current rateReachGoal: 0
2025-12-12 16:50:18,032 - PaperAgentLogger - DEBUG - New map
2025-12-12 16:50:19,108 - PaperAgentLogger - INFO - ################## PaperArchitecture_map20x20_rho1_10Agent/K3_HS0/1765553512 - End of loop ##################  
 ####### Case450 	 Computation time:1.0752925872802734 	 Step33/66	- AllReachGoal-True

2025-12-12 16:50:19,109 - PaperAgentLogger - INFO - current rateReachGoal: 0
2025-12-12 16:50:19,125 - PaperAgentLogger - DEBUG - New map
2025-12-12 16:50:20,124 - PaperAgentLogger - INFO - ################## PaperArchitecture_map20x20_rho1_10Agent/K3_HS0/1765553512 - End of loop ##################  
 ####### Case451 	 Computation time:0.9982717037200928 	 Step29/46	- AllReachGoal-True

2025-12-12 16:50:20,124 - PaperAgentLogger - INFO - current rateReachGoal: 0
2025-12-12 16:50:20,141 - PaperAgentLogger - DEBUG - New map
2025-12-12 16:50:20,932 - PaperAgentLogger - INFO - ################## PaperArchitecture_map20x20_rho1_10Agent/K3_HS0/1765553512 - End of loop ##################  
 ####### Case452 	 Computation time:0.7900609970092773 	 Step23/46	- AllReachGoal-True

2025-12-12 16:50:20,933 - PaperAgentLogger - INFO - current rateReachGoal: 0
2025-12-12 16:50:20,952 - PaperAgentLogger - DEBUG - New map
2025-12-12 16:50:22,819 - PaperAgentLogger - INFO - ################## PaperArchitecture_map20x20_rho1_10Agent/K3_HS0/1765553512 - End of loop ##################  
 ####### Case453 	 Computation time:1.8672466278076172 	 Step56/56	- AllReachGoal-False

2025-12-12 16:50:22,820 - PaperAgentLogger - INFO - current rateReachGoal: 0
2025-12-12 16:50:22,836 - PaperAgentLogger - DEBUG - New map
2025-12-12 16:50:23,592 - PaperAgentLogger - INFO - ################## PaperArchitecture_map20x20_rho1_10Agent/K3_HS0/1765553512 - End of loop ##################  
 ####### Case454 	 Computation time:0.7550797462463379 	 Step23/46	- AllReachGoal-True

2025-12-12 16:50:23,592 - PaperAgentLogger - INFO - current rateReachGoal: 0
2025-12-12 16:50:23,611 - PaperAgentLogger - DEBUG - New map
2025-12-12 16:50:25,633 - PaperAgentLogger - INFO - ################## PaperArchitecture_map20x20_rho1_10Agent/K3_HS0/1765553512 - End of loop ##################  
 ####### Case455 	 Computation time:2.0211877822875977 	 Step62/62	- AllReachGoal-False

2025-12-12 16:50:25,633 - PaperAgentLogger - INFO - current rateReachGoal: 0
2025-12-12 16:50:25,651 - PaperAgentLogger - DEBUG - New map
2025-12-12 16:50:26,506 - PaperAgentLogger - INFO - ################## PaperArchitecture_map20x20_rho1_10Agent/K3_HS0/1765553512 - End of loop ##################  
 ####### Case456 	 Computation time:0.8544642925262451 	 Step26/50	- AllReachGoal-True

2025-12-12 16:50:26,506 - PaperAgentLogger - INFO - current rateReachGoal: 0
2025-12-12 16:50:26,526 - PaperAgentLogger - DEBUG - New map
2025-12-12 16:50:28,800 - PaperAgentLogger - INFO - ################## PaperArchitecture_map20x20_rho1_10Agent/K3_HS0/1765553512 - End of loop ##################  
 ####### Case457 	 Computation time:2.273080348968506 	 Step70/70	- AllReachGoal-False

2025-12-12 16:50:28,823 - PaperAgentLogger - INFO - current rateReachGoal: 0
2025-12-12 16:50:28,841 - PaperAgentLogger - DEBUG - New map
2025-12-12 16:50:29,794 - PaperAgentLogger - INFO - ################## PaperArchitecture_map20x20_rho1_10Agent/K3_HS0/1765553512 - End of loop ##################  
 ####### Case458 	 Computation time:0.9526991844177246 	 Step29/54	- AllReachGoal-True

2025-12-12 16:50:29,795 - PaperAgentLogger - INFO - current rateReachGoal: 0
2025-12-12 16:50:29,812 - PaperAgentLogger - DEBUG - New map
2025-12-12 16:50:31,764 - PaperAgentLogger - INFO - ################## PaperArchitecture_map20x20_rho1_10Agent/K3_HS0/1765553512 - End of loop ##################  
 ####### Case459 	 Computation time:1.9514470100402832 	 Step58/58	- AllReachGoal-False

2025-12-12 16:50:31,765 - PaperAgentLogger - INFO - current rateReachGoal: 0
2025-12-12 16:50:31,783 - PaperAgentLogger - DEBUG - New map
2025-12-12 16:50:32,757 - PaperAgentLogger - INFO - ################## PaperArchitecture_map20x20_rho1_10Agent/K3_HS0/1765553512 - End of loop ##################  
 ####### Case460 	 Computation time:0.9729986190795898 	 Step28/56	- AllReachGoal-True

2025-12-12 16:50:32,758 - PaperAgentLogger - INFO - current rateReachGoal: 0
2025-12-12 16:50:32,773 - PaperAgentLogger - DEBUG - New map
2025-12-12 16:50:34,288 - PaperAgentLogger - INFO - ################## PaperArchitecture_map20x20_rho1_10Agent/K3_HS0/1765553512 - End of loop ##################  
 ####### Case461 	 Computation time:1.5147573947906494 	 Step44/44	- AllReachGoal-False

2025-12-12 16:50:34,291 - PaperAgentLogger - INFO - current rateReachGoal: 0
2025-12-12 16:50:34,308 - PaperAgentLogger - DEBUG - New map
2025-12-12 16:50:35,763 - PaperAgentLogger - INFO - ################## PaperArchitecture_map20x20_rho1_10Agent/K3_HS0/1765553512 - End of loop ##################  
 ####### Case462 	 Computation time:1.4549188613891602 	 Step44/50	- AllReachGoal-True

2025-12-12 16:50:35,764 - PaperAgentLogger - INFO - current rateReachGoal: 0
2025-12-12 16:50:35,783 - PaperAgentLogger - DEBUG - New map
2025-12-12 16:50:37,473 - PaperAgentLogger - INFO - ################## PaperArchitecture_map20x20_rho1_10Agent/K3_HS0/1765553512 - End of loop ##################  
 ####### Case463 	 Computation time:1.6893250942230225 	 Step52/52	- AllReachGoal-False

2025-12-12 16:50:37,473 - PaperAgentLogger - INFO - current rateReachGoal: 0
2025-12-12 16:50:37,491 - PaperAgentLogger - DEBUG - New map
2025-12-12 16:50:39,266 - PaperAgentLogger - INFO - ################## PaperArchitecture_map20x20_rho1_10Agent/K3_HS0/1765553512 - End of loop ##################  
 ####### Case464 	 Computation time:1.7744665145874023 	 Step52/52	- AllReachGoal-False

2025-12-12 16:50:39,267 - PaperAgentLogger - INFO - current rateReachGoal: 0
2025-12-12 16:50:39,284 - PaperAgentLogger - DEBUG - New map
2025-12-12 16:50:40,452 - PaperAgentLogger - INFO - ################## PaperArchitecture_map20x20_rho1_10Agent/K3_HS0/1765553512 - End of loop ##################  
 ####### Case465 	 Computation time:1.1675794124603271 	 Step36/54	- AllReachGoal-True

2025-12-12 16:50:40,453 - PaperAgentLogger - INFO - current rateReachGoal: 0
2025-12-12 16:50:40,471 - PaperAgentLogger - DEBUG - New map
2025-12-12 16:50:42,240 - PaperAgentLogger - INFO - ################## PaperArchitecture_map20x20_rho1_10Agent/K3_HS0/1765553512 - End of loop ##################  
 ####### Case466 	 Computation time:1.7683281898498535 	 Step52/52	- AllReachGoal-False

2025-12-12 16:50:42,240 - PaperAgentLogger - INFO - current rateReachGoal: 0
2025-12-12 16:50:42,258 - PaperAgentLogger - DEBUG - New map
2025-12-12 16:50:44,013 - PaperAgentLogger - INFO - ################## PaperArchitecture_map20x20_rho1_10Agent/K3_HS0/1765553512 - End of loop ##################  
 ####### Case467 	 Computation time:1.7539682388305664 	 Step52/52	- AllReachGoal-False

2025-12-12 16:50:44,013 - PaperAgentLogger - INFO - current rateReachGoal: 0
2025-12-12 16:50:44,034 - PaperAgentLogger - DEBUG - New map
2025-12-12 16:50:45,310 - PaperAgentLogger - INFO - ################## PaperArchitecture_map20x20_rho1_10Agent/K3_HS0/1765553512 - End of loop ##################  
 ####### Case468 	 Computation time:1.2748486995697021 	 Step38/74	- AllReachGoal-True

2025-12-12 16:50:45,311 - PaperAgentLogger - INFO - current rateReachGoal: 0
2025-12-12 16:50:45,328 - PaperAgentLogger - DEBUG - New map
2025-12-12 16:50:47,243 - PaperAgentLogger - INFO - ################## PaperArchitecture_map20x20_rho1_10Agent/K3_HS0/1765553512 - End of loop ##################  
 ####### Case469 	 Computation time:1.9141745567321777 	 Step58/58	- AllReachGoal-False

2025-12-12 16:50:47,244 - PaperAgentLogger - INFO - current rateReachGoal: 0
2025-12-12 16:50:47,261 - PaperAgentLogger - DEBUG - New map
2025-12-12 16:50:48,246 - PaperAgentLogger - INFO - ################## PaperArchitecture_map20x20_rho1_10Agent/K3_HS0/1765553512 - End of loop ##################  
 ####### Case470 	 Computation time:0.9842994213104248 	 Step29/54	- AllReachGoal-True

2025-12-12 16:50:48,247 - PaperAgentLogger - INFO - current rateReachGoal: 0
2025-12-12 16:50:48,266 - PaperAgentLogger - DEBUG - New map
2025-12-12 16:50:49,342 - PaperAgentLogger - INFO - ################## PaperArchitecture_map20x20_rho1_10Agent/K3_HS0/1765553512 - End of loop ##################  
 ####### Case471 	 Computation time:1.0752582550048828 	 Step32/60	- AllReachGoal-True

2025-12-12 16:50:49,343 - PaperAgentLogger - INFO - current rateReachGoal: 0
2025-12-12 16:50:49,361 - PaperAgentLogger - DEBUG - New map
2025-12-12 16:50:51,210 - PaperAgentLogger - INFO - ################## PaperArchitecture_map20x20_rho1_10Agent/K3_HS0/1765553512 - End of loop ##################  
 ####### Case472 	 Computation time:1.8484539985656738 	 Step56/56	- AllReachGoal-False

2025-12-12 16:50:51,211 - PaperAgentLogger - INFO - current rateReachGoal: 0
2025-12-12 16:50:51,230 - PaperAgentLogger - DEBUG - New map
2025-12-12 16:50:52,325 - PaperAgentLogger - INFO - ################## PaperArchitecture_map20x20_rho1_10Agent/K3_HS0/1765553512 - End of loop ##################  
 ####### Case473 	 Computation time:1.094283103942871 	 Step32/64	- AllReachGoal-True

2025-12-12 16:50:52,327 - PaperAgentLogger - INFO - current rateReachGoal: 0
2025-12-12 16:50:52,346 - PaperAgentLogger - DEBUG - New map
2025-12-12 16:50:53,345 - PaperAgentLogger - INFO - ################## PaperArchitecture_map20x20_rho1_10Agent/K3_HS0/1765553512 - End of loop ##################  
 ####### Case474 	 Computation time:0.9990859031677246 	 Step30/60	- AllReachGoal-True

2025-12-12 16:50:53,346 - PaperAgentLogger - INFO - current rateReachGoal: 0
2025-12-12 16:50:53,366 - PaperAgentLogger - DEBUG - New map
2025-12-12 16:50:54,420 - PaperAgentLogger - INFO - ################## PaperArchitecture_map20x20_rho1_10Agent/K3_HS0/1765553512 - End of loop ##################  
 ####### Case475 	 Computation time:1.0541260242462158 	 Step31/62	- AllReachGoal-True

2025-12-12 16:50:54,421 - PaperAgentLogger - INFO - current rateReachGoal: 0
2025-12-12 16:50:54,436 - PaperAgentLogger - DEBUG - New map
2025-12-12 16:50:55,227 - PaperAgentLogger - INFO - ################## PaperArchitecture_map20x20_rho1_10Agent/K3_HS0/1765553512 - End of loop ##################  
 ####### Case476 	 Computation time:0.790184736251831 	 Step24/42	- AllReachGoal-True

2025-12-12 16:50:55,228 - PaperAgentLogger - INFO - current rateReachGoal: 0
2025-12-12 16:50:55,247 - PaperAgentLogger - DEBUG - New map
2025-12-12 16:50:57,446 - PaperAgentLogger - INFO - ################## PaperArchitecture_map20x20_rho1_10Agent/K3_HS0/1765553512 - End of loop ##################  
 ####### Case477 	 Computation time:2.198105573654175 	 Step64/64	- AllReachGoal-False

2025-12-12 16:50:57,447 - PaperAgentLogger - INFO - current rateReachGoal: 0
2025-12-12 16:50:57,467 - PaperAgentLogger - DEBUG - New map
2025-12-12 16:50:59,187 - PaperAgentLogger - INFO - ################## PaperArchitecture_map20x20_rho1_10Agent/K3_HS0/1765553512 - End of loop ##################  
 ####### Case478 	 Computation time:1.719231128692627 	 Step50/50	- AllReachGoal-False

2025-12-12 16:50:59,188 - PaperAgentLogger - INFO - current rateReachGoal: 0
2025-12-12 16:50:59,205 - PaperAgentLogger - DEBUG - New map
2025-12-12 16:51:00,910 - PaperAgentLogger - INFO - ################## PaperArchitecture_map20x20_rho1_10Agent/K3_HS0/1765553512 - End of loop ##################  
 ####### Case479 	 Computation time:1.704331636428833 	 Step50/50	- AllReachGoal-False

2025-12-12 16:51:00,911 - PaperAgentLogger - INFO - current rateReachGoal: 0
2025-12-12 16:51:00,929 - PaperAgentLogger - DEBUG - New map
2025-12-12 16:51:02,001 - PaperAgentLogger - INFO - ################## PaperArchitecture_map20x20_rho1_10Agent/K3_HS0/1765553512 - End of loop ##################  
 ####### Case480 	 Computation time:1.07100248336792 	 Step33/62	- AllReachGoal-True

2025-12-12 16:51:02,002 - PaperAgentLogger - INFO - current rateReachGoal: 0
2025-12-12 16:51:02,019 - PaperAgentLogger - DEBUG - New map
2025-12-12 16:51:02,868 - PaperAgentLogger - INFO - ################## PaperArchitecture_map20x20_rho1_10Agent/K3_HS0/1765553512 - End of loop ##################  
 ####### Case481 	 Computation time:0.848891019821167 	 Step26/44	- AllReachGoal-True

2025-12-12 16:51:02,869 - PaperAgentLogger - INFO - current rateReachGoal: 0
2025-12-12 16:51:02,886 - PaperAgentLogger - DEBUG - New map
2025-12-12 16:51:03,815 - PaperAgentLogger - INFO - ################## PaperArchitecture_map20x20_rho1_10Agent/K3_HS0/1765553512 - End of loop ##################  
 ####### Case482 	 Computation time:0.9282841682434082 	 Step28/52	- AllReachGoal-True

2025-12-12 16:51:03,816 - PaperAgentLogger - INFO - current rateReachGoal: 0
2025-12-12 16:51:03,833 - PaperAgentLogger - DEBUG - New map
2025-12-12 16:51:04,742 - PaperAgentLogger - INFO - ################## PaperArchitecture_map20x20_rho1_10Agent/K3_HS0/1765553512 - End of loop ##################  
 ####### Case483 	 Computation time:0.9083786010742188 	 Step27/54	- AllReachGoal-True

2025-12-12 16:51:04,742 - PaperAgentLogger - INFO - current rateReachGoal: 0
2025-12-12 16:51:04,761 - PaperAgentLogger - DEBUG - New map
2025-12-12 16:51:06,575 - PaperAgentLogger - INFO - ################## PaperArchitecture_map20x20_rho1_10Agent/K3_HS0/1765553512 - End of loop ##################  
 ####### Case484 	 Computation time:1.8137412071228027 	 Step56/56	- AllReachGoal-False

2025-12-12 16:51:06,576 - PaperAgentLogger - INFO - current rateReachGoal: 0
2025-12-12 16:51:06,594 - PaperAgentLogger - DEBUG - New map
2025-12-12 16:51:07,581 - PaperAgentLogger - INFO - ################## PaperArchitecture_map20x20_rho1_10Agent/K3_HS0/1765553512 - End of loop ##################  
 ####### Case485 	 Computation time:0.9865379333496094 	 Step30/60	- AllReachGoal-True

2025-12-12 16:51:07,582 - PaperAgentLogger - INFO - current rateReachGoal: 0
2025-12-12 16:51:07,600 - PaperAgentLogger - DEBUG - New map
2025-12-12 16:51:08,512 - PaperAgentLogger - INFO - ################## PaperArchitecture_map20x20_rho1_10Agent/K3_HS0/1765553512 - End of loop ##################  
 ####### Case486 	 Computation time:0.9111461639404297 	 Step28/52	- AllReachGoal-True

2025-12-12 16:51:08,512 - PaperAgentLogger - INFO - current rateReachGoal: 0
2025-12-12 16:51:08,528 - PaperAgentLogger - DEBUG - New map
2025-12-12 16:51:09,895 - PaperAgentLogger - INFO - ################## PaperArchitecture_map20x20_rho1_10Agent/K3_HS0/1765553512 - End of loop ##################  
 ####### Case487 	 Computation time:1.367006778717041 	 Step42/42	- AllReachGoal-False

2025-12-12 16:51:09,896 - PaperAgentLogger - INFO - current rateReachGoal: 0
2025-12-12 16:51:09,913 - PaperAgentLogger - DEBUG - New map
2025-12-12 16:51:11,134 - PaperAgentLogger - INFO - ################## PaperArchitecture_map20x20_rho1_10Agent/K3_HS0/1765553512 - End of loop ##################  
 ####### Case488 	 Computation time:1.219808578491211 	 Step36/48	- AllReachGoal-True

2025-12-12 16:51:11,135 - PaperAgentLogger - INFO - current rateReachGoal: 0
2025-12-12 16:51:11,150 - PaperAgentLogger - DEBUG - New map
2025-12-12 16:51:12,534 - PaperAgentLogger - INFO - ################## PaperArchitecture_map20x20_rho1_10Agent/K3_HS0/1765553512 - End of loop ##################  
 ####### Case489 	 Computation time:1.3834195137023926 	 Step42/42	- AllReachGoal-False

2025-12-12 16:51:12,535 - PaperAgentLogger - INFO - current rateReachGoal: 0
2025-12-12 16:51:12,553 - PaperAgentLogger - DEBUG - New map
2025-12-12 16:51:13,345 - PaperAgentLogger - INFO - ################## PaperArchitecture_map20x20_rho1_10Agent/K3_HS0/1765553512 - End of loop ##################  
 ####### Case490 	 Computation time:0.7914125919342041 	 Step23/46	- AllReachGoal-True

2025-12-12 16:51:13,346 - PaperAgentLogger - INFO - current rateReachGoal: 0
2025-12-12 16:51:13,365 - PaperAgentLogger - DEBUG - New map
2025-12-12 16:51:15,530 - PaperAgentLogger - INFO - ################## PaperArchitecture_map20x20_rho1_10Agent/K3_HS0/1765553512 - End of loop ##################  
 ####### Case491 	 Computation time:2.1643195152282715 	 Step66/66	- AllReachGoal-False

2025-12-12 16:51:15,531 - PaperAgentLogger - INFO - current rateReachGoal: 0
2025-12-12 16:51:15,548 - PaperAgentLogger - DEBUG - New map
2025-12-12 16:51:16,557 - PaperAgentLogger - INFO - ################## PaperArchitecture_map20x20_rho1_10Agent/K3_HS0/1765553512 - End of loop ##################  
 ####### Case492 	 Computation time:1.008486032485962 	 Step31/58	- AllReachGoal-True

2025-12-12 16:51:16,558 - PaperAgentLogger - INFO - current rateReachGoal: 0
2025-12-12 16:51:16,574 - PaperAgentLogger - DEBUG - New map
2025-12-12 16:51:18,010 - PaperAgentLogger - INFO - ################## PaperArchitecture_map20x20_rho1_10Agent/K3_HS0/1765553512 - End of loop ##################  
 ####### Case493 	 Computation time:1.4352359771728516 	 Step44/44	- AllReachGoal-False

2025-12-12 16:51:18,012 - PaperAgentLogger - INFO - current rateReachGoal: 0
2025-12-12 16:51:18,032 - PaperAgentLogger - DEBUG - New map
2025-12-12 16:51:19,082 - PaperAgentLogger - INFO - ################## PaperArchitecture_map20x20_rho1_10Agent/K3_HS0/1765553512 - End of loop ##################  
 ####### Case494 	 Computation time:1.0497808456420898 	 Step32/64	- AllReachGoal-True

2025-12-12 16:51:19,083 - PaperAgentLogger - INFO - current rateReachGoal: 0
2025-12-12 16:51:19,100 - PaperAgentLogger - DEBUG - New map
2025-12-12 16:51:20,924 - PaperAgentLogger - INFO - ################## PaperArchitecture_map20x20_rho1_10Agent/K3_HS0/1765553512 - End of loop ##################  
 ####### Case495 	 Computation time:1.8235280513763428 	 Step56/56	- AllReachGoal-False

2025-12-12 16:51:20,925 - PaperAgentLogger - INFO - current rateReachGoal: 0
2025-12-12 16:51:20,944 - PaperAgentLogger - DEBUG - New map
2025-12-12 16:51:22,375 - PaperAgentLogger - INFO - ################## PaperArchitecture_map20x20_rho1_10Agent/K3_HS0/1765553512 - End of loop ##################  
 ####### Case496 	 Computation time:1.4301273822784424 	 Step42/62	- AllReachGoal-True

2025-12-12 16:51:22,375 - PaperAgentLogger - INFO - current rateReachGoal: 0
2025-12-12 16:51:22,394 - PaperAgentLogger - DEBUG - New map
2025-12-12 16:51:23,386 - PaperAgentLogger - INFO - ################## PaperArchitecture_map20x20_rho1_10Agent/K3_HS0/1765553512 - End of loop ##################  
 ####### Case497 	 Computation time:0.9910304546356201 	 Step30/56	- AllReachGoal-True

2025-12-12 16:51:23,388 - PaperAgentLogger - INFO - current rateReachGoal: 0
2025-12-12 16:51:23,405 - PaperAgentLogger - DEBUG - New map
2025-12-12 16:51:25,335 - PaperAgentLogger - INFO - ################## PaperArchitecture_map20x20_rho1_10Agent/K3_HS0/1765553512 - End of loop ##################  
 ####### Case498 	 Computation time:1.9289472103118896 	 Step58/58	- AllReachGoal-False

2025-12-12 16:51:25,336 - PaperAgentLogger - INFO - current rateReachGoal: 0
2025-12-12 16:51:25,356 - PaperAgentLogger - DEBUG - New map
2025-12-12 16:51:27,573 - PaperAgentLogger - INFO - ################## PaperArchitecture_map20x20_rho1_10Agent/K3_HS0/1765553512 - End of loop ##################  
 ####### Case499 	 Computation time:2.2163538932800293 	 Step68/68	- AllReachGoal-False

2025-12-12 16:51:27,573 - PaperAgentLogger - INFO - current rateReachGoal: 0
2025-12-12 16:51:27,591 - PaperAgentLogger - DEBUG - New map
2025-12-12 16:51:28,527 - PaperAgentLogger - INFO - ################## PaperArchitecture_map20x20_rho1_10Agent/K3_HS0/1765553512 - End of loop ##################  
 ####### Case500 	 Computation time:0.9349937438964844 	 Step28/54	- AllReachGoal-True

2025-12-12 16:51:28,529 - PaperAgentLogger - INFO - current rateReachGoal: 0
2025-12-12 16:51:28,548 - PaperAgentLogger - DEBUG - New map
2025-12-12 16:51:30,204 - PaperAgentLogger - INFO - ################## PaperArchitecture_map20x20_rho1_10Agent/K3_HS0/1765553512 - End of loop ##################  
 ####### Case501 	 Computation time:1.655900478363037 	 Step50/50	- AllReachGoal-False

2025-12-12 16:51:30,205 - PaperAgentLogger - INFO - current rateReachGoal: 0
2025-12-12 16:51:30,222 - PaperAgentLogger - DEBUG - New map
2025-12-12 16:51:30,928 - PaperAgentLogger - INFO - ################## PaperArchitecture_map20x20_rho1_10Agent/K3_HS0/1765553512 - End of loop ##################  
 ####### Case502 	 Computation time:0.705263614654541 	 Step21/42	- AllReachGoal-True

2025-12-12 16:51:30,928 - PaperAgentLogger - INFO - current rateReachGoal: 0
2025-12-12 16:51:30,945 - PaperAgentLogger - DEBUG - New map
2025-12-12 16:51:31,831 - PaperAgentLogger - INFO - ################## PaperArchitecture_map20x20_rho1_10Agent/K3_HS0/1765553512 - End of loop ##################  
 ####### Case503 	 Computation time:0.8848633766174316 	 Step26/48	- AllReachGoal-True

2025-12-12 16:51:31,831 - PaperAgentLogger - INFO - current rateReachGoal: 0
2025-12-12 16:51:31,851 - PaperAgentLogger - DEBUG - New map
2025-12-12 16:51:33,893 - PaperAgentLogger - INFO - ################## PaperArchitecture_map20x20_rho1_10Agent/K3_HS0/1765553512 - End of loop ##################  
 ####### Case504 	 Computation time:2.041398525238037 	 Step62/62	- AllReachGoal-False

2025-12-12 16:51:33,895 - PaperAgentLogger - INFO - current rateReachGoal: 0
2025-12-12 16:51:33,912 - PaperAgentLogger - DEBUG - New map
2025-12-12 16:51:35,488 - PaperAgentLogger - INFO - ################## PaperArchitecture_map20x20_rho1_10Agent/K3_HS0/1765553512 - End of loop ##################  
 ####### Case505 	 Computation time:1.5748603343963623 	 Step48/48	- AllReachGoal-False

2025-12-12 16:51:35,488 - PaperAgentLogger - INFO - current rateReachGoal: 0
2025-12-12 16:51:35,509 - PaperAgentLogger - DEBUG - New map
2025-12-12 16:51:36,687 - PaperAgentLogger - INFO - ################## PaperArchitecture_map20x20_rho1_10Agent/K3_HS0/1765553512 - End of loop ##################  
 ####### Case506 	 Computation time:1.1780712604522705 	 Step36/66	- AllReachGoal-True

2025-12-12 16:51:36,688 - PaperAgentLogger - INFO - current rateReachGoal: 0
2025-12-12 16:51:36,707 - PaperAgentLogger - DEBUG - New map
2025-12-12 16:51:37,957 - PaperAgentLogger - INFO - ################## PaperArchitecture_map20x20_rho1_10Agent/K3_HS0/1765553512 - End of loop ##################  
 ####### Case507 	 Computation time:1.2498927116394043 	 Step38/62	- AllReachGoal-True

2025-12-12 16:51:37,958 - PaperAgentLogger - INFO - current rateReachGoal: 0
2025-12-12 16:51:37,975 - PaperAgentLogger - DEBUG - New map
2025-12-12 16:51:39,491 - PaperAgentLogger - INFO - ################## PaperArchitecture_map20x20_rho1_10Agent/K3_HS0/1765553512 - End of loop ##################  
 ####### Case508 	 Computation time:1.5153961181640625 	 Step46/46	- AllReachGoal-False

2025-12-12 16:51:39,493 - PaperAgentLogger - INFO - current rateReachGoal: 0
2025-12-12 16:51:39,510 - PaperAgentLogger - DEBUG - New map
2025-12-12 16:51:41,207 - PaperAgentLogger - INFO - ################## PaperArchitecture_map20x20_rho1_10Agent/K3_HS0/1765553512 - End of loop ##################  
 ####### Case509 	 Computation time:1.6966698169708252 	 Step52/52	- AllReachGoal-False

2025-12-12 16:51:41,208 - PaperAgentLogger - INFO - current rateReachGoal: 0
2025-12-12 16:51:41,226 - PaperAgentLogger - DEBUG - New map
2025-12-12 16:51:42,086 - PaperAgentLogger - INFO - ################## PaperArchitecture_map20x20_rho1_10Agent/K3_HS0/1765553512 - End of loop ##################  
 ####### Case510 	 Computation time:0.8597593307495117 	 Step26/50	- AllReachGoal-True

2025-12-12 16:51:42,087 - PaperAgentLogger - INFO - current rateReachGoal: 0
2025-12-12 16:51:42,103 - PaperAgentLogger - DEBUG - New map
2025-12-12 16:51:42,843 - PaperAgentLogger - INFO - ################## PaperArchitecture_map20x20_rho1_10Agent/K3_HS0/1765553512 - End of loop ##################  
 ####### Case511 	 Computation time:0.739478588104248 	 Step22/40	- AllReachGoal-True

2025-12-12 16:51:42,843 - PaperAgentLogger - INFO - current rateReachGoal: 0
2025-12-12 16:51:42,863 - PaperAgentLogger - DEBUG - New map
2025-12-12 16:51:44,006 - PaperAgentLogger - INFO - ################## PaperArchitecture_map20x20_rho1_10Agent/K3_HS0/1765553512 - End of loop ##################  
 ####### Case512 	 Computation time:1.1418721675872803 	 Step35/66	- AllReachGoal-True

2025-12-12 16:51:44,006 - PaperAgentLogger - INFO - current rateReachGoal: 0
2025-12-12 16:51:44,024 - PaperAgentLogger - DEBUG - New map
2025-12-12 16:51:45,860 - PaperAgentLogger - INFO - ################## PaperArchitecture_map20x20_rho1_10Agent/K3_HS0/1765553512 - End of loop ##################  
 ####### Case513 	 Computation time:1.8348417282104492 	 Step56/56	- AllReachGoal-False

2025-12-12 16:51:45,860 - PaperAgentLogger - INFO - current rateReachGoal: 0
2025-12-12 16:51:45,878 - PaperAgentLogger - DEBUG - New map
2025-12-12 16:51:46,707 - PaperAgentLogger - INFO - ################## PaperArchitecture_map20x20_rho1_10Agent/K3_HS0/1765553512 - End of loop ##################  
 ####### Case514 	 Computation time:0.8286645412445068 	 Step25/48	- AllReachGoal-True

2025-12-12 16:51:46,708 - PaperAgentLogger - INFO - current rateReachGoal: 0
2025-12-12 16:51:46,727 - PaperAgentLogger - DEBUG - New map
2025-12-12 16:51:47,841 - PaperAgentLogger - INFO - ################## PaperArchitecture_map20x20_rho1_10Agent/K3_HS0/1765553512 - End of loop ##################  
 ####### Case515 	 Computation time:1.1137197017669678 	 Step33/62	- AllReachGoal-True

2025-12-12 16:51:47,842 - PaperAgentLogger - INFO - current rateReachGoal: 0
2025-12-12 16:51:47,861 - PaperAgentLogger - DEBUG - New map
2025-12-12 16:51:49,871 - PaperAgentLogger - INFO - ################## PaperArchitecture_map20x20_rho1_10Agent/K3_HS0/1765553512 - End of loop ##################  
 ####### Case516 	 Computation time:2.008920669555664 	 Step60/60	- AllReachGoal-False

2025-12-12 16:51:49,871 - PaperAgentLogger - INFO - current rateReachGoal: 0
2025-12-12 16:51:49,889 - PaperAgentLogger - DEBUG - New map
2025-12-12 16:51:51,725 - PaperAgentLogger - INFO - ################## PaperArchitecture_map20x20_rho1_10Agent/K3_HS0/1765553512 - End of loop ##################  
 ####### Case517 	 Computation time:1.834632158279419 	 Step56/56	- AllReachGoal-False

2025-12-12 16:51:51,725 - PaperAgentLogger - INFO - current rateReachGoal: 0
2025-12-12 16:51:51,743 - PaperAgentLogger - DEBUG - New map
2025-12-12 16:51:52,726 - PaperAgentLogger - INFO - ################## PaperArchitecture_map20x20_rho1_10Agent/K3_HS0/1765553512 - End of loop ##################  
 ####### Case518 	 Computation time:0.9822864532470703 	 Step30/56	- AllReachGoal-True

2025-12-12 16:51:52,727 - PaperAgentLogger - INFO - current rateReachGoal: 0
2025-12-12 16:51:52,748 - PaperAgentLogger - DEBUG - New map
2025-12-12 16:51:54,806 - PaperAgentLogger - INFO - ################## PaperArchitecture_map20x20_rho1_10Agent/K3_HS0/1765553512 - End of loop ##################  
 ####### Case519 	 Computation time:2.0572264194488525 	 Step63/70	- AllReachGoal-True

2025-12-12 16:51:54,807 - PaperAgentLogger - INFO - current rateReachGoal: 0
2025-12-12 16:51:54,825 - PaperAgentLogger - DEBUG - New map
2025-12-12 16:51:56,466 - PaperAgentLogger - INFO - ################## PaperArchitecture_map20x20_rho1_10Agent/K3_HS0/1765553512 - End of loop ##################  
 ####### Case520 	 Computation time:1.6405997276306152 	 Step50/50	- AllReachGoal-False

2025-12-12 16:51:56,467 - PaperAgentLogger - INFO - current rateReachGoal: 0
2025-12-12 16:51:56,485 - PaperAgentLogger - DEBUG - New map
2025-12-12 16:51:58,068 - PaperAgentLogger - INFO - ################## PaperArchitecture_map20x20_rho1_10Agent/K3_HS0/1765553512 - End of loop ##################  
 ####### Case521 	 Computation time:1.5825128555297852 	 Step48/48	- AllReachGoal-False

2025-12-12 16:51:58,069 - PaperAgentLogger - INFO - current rateReachGoal: 0
2025-12-12 16:51:58,088 - PaperAgentLogger - DEBUG - New map
2025-12-12 16:51:59,851 - PaperAgentLogger - INFO - ################## PaperArchitecture_map20x20_rho1_10Agent/K3_HS0/1765553512 - End of loop ##################  
 ####### Case522 	 Computation time:1.7630736827850342 	 Step54/54	- AllReachGoal-False

2025-12-12 16:51:59,852 - PaperAgentLogger - INFO - current rateReachGoal: 0
2025-12-12 16:51:59,870 - PaperAgentLogger - DEBUG - New map
2025-12-12 16:52:00,791 - PaperAgentLogger - INFO - ################## PaperArchitecture_map20x20_rho1_10Agent/K3_HS0/1765553512 - End of loop ##################  
 ####### Case523 	 Computation time:0.9210121631622314 	 Step28/54	- AllReachGoal-True

2025-12-12 16:52:00,792 - PaperAgentLogger - INFO - current rateReachGoal: 0
2025-12-12 16:52:00,808 - PaperAgentLogger - DEBUG - New map
2025-12-12 16:52:01,761 - PaperAgentLogger - INFO - ################## PaperArchitecture_map20x20_rho1_10Agent/K3_HS0/1765553512 - End of loop ##################  
 ####### Case524 	 Computation time:0.9522202014923096 	 Step29/42	- AllReachGoal-True

2025-12-12 16:52:01,761 - PaperAgentLogger - INFO - current rateReachGoal: 0
2025-12-12 16:52:01,779 - PaperAgentLogger - DEBUG - New map
2025-12-12 16:52:02,829 - PaperAgentLogger - INFO - ################## PaperArchitecture_map20x20_rho1_10Agent/K3_HS0/1765553512 - End of loop ##################  
 ####### Case525 	 Computation time:1.0498178005218506 	 Step32/48	- AllReachGoal-True

2025-12-12 16:52:02,830 - PaperAgentLogger - INFO - current rateReachGoal: 0
2025-12-12 16:52:02,850 - PaperAgentLogger - DEBUG - New map
2025-12-12 16:52:05,080 - PaperAgentLogger - INFO - ################## PaperArchitecture_map20x20_rho1_10Agent/K3_HS0/1765553512 - End of loop ##################  
 ####### Case526 	 Computation time:2.2293736934661865 	 Step68/68	- AllReachGoal-False

2025-12-12 16:52:05,081 - PaperAgentLogger - INFO - current rateReachGoal: 0
2025-12-12 16:52:05,099 - PaperAgentLogger - DEBUG - New map
2025-12-12 16:52:06,140 - PaperAgentLogger - INFO - ################## PaperArchitecture_map20x20_rho1_10Agent/K3_HS0/1765553512 - End of loop ##################  
 ####### Case527 	 Computation time:1.0410780906677246 	 Step30/56	- AllReachGoal-True

2025-12-12 16:52:06,141 - PaperAgentLogger - INFO - current rateReachGoal: 0
2025-12-12 16:52:06,159 - PaperAgentLogger - DEBUG - New map
2025-12-12 16:52:07,002 - PaperAgentLogger - INFO - ################## PaperArchitecture_map20x20_rho1_10Agent/K3_HS0/1765553512 - End of loop ##################  
 ####### Case528 	 Computation time:0.8429265022277832 	 Step25/50	- AllReachGoal-True

2025-12-12 16:52:07,003 - PaperAgentLogger - INFO - current rateReachGoal: 0
2025-12-12 16:52:07,021 - PaperAgentLogger - DEBUG - New map
2025-12-12 16:52:07,961 - PaperAgentLogger - INFO - ################## PaperArchitecture_map20x20_rho1_10Agent/K3_HS0/1765553512 - End of loop ##################  
 ####### Case529 	 Computation time:0.9385912418365479 	 Step28/56	- AllReachGoal-True

2025-12-12 16:52:07,961 - PaperAgentLogger - INFO - current rateReachGoal: 0
2025-12-12 16:52:07,979 - PaperAgentLogger - DEBUG - New map
2025-12-12 16:52:08,833 - PaperAgentLogger - INFO - ################## PaperArchitecture_map20x20_rho1_10Agent/K3_HS0/1765553512 - End of loop ##################  
 ####### Case530 	 Computation time:0.8541998863220215 	 Step24/48	- AllReachGoal-True

2025-12-12 16:52:08,834 - PaperAgentLogger - INFO - current rateReachGoal: 0
2025-12-12 16:52:08,851 - PaperAgentLogger - DEBUG - New map
2025-12-12 16:52:09,858 - PaperAgentLogger - INFO - ################## PaperArchitecture_map20x20_rho1_10Agent/K3_HS0/1765553512 - End of loop ##################  
 ####### Case531 	 Computation time:1.0066959857940674 	 Step30/42	- AllReachGoal-True

2025-12-12 16:52:09,859 - PaperAgentLogger - INFO - current rateReachGoal: 0
2025-12-12 16:52:09,878 - PaperAgentLogger - DEBUG - New map
2025-12-12 16:52:11,043 - PaperAgentLogger - INFO - ################## PaperArchitecture_map20x20_rho1_10Agent/K3_HS0/1765553512 - End of loop ##################  
 ####### Case532 	 Computation time:1.1648414134979248 	 Step35/62	- AllReachGoal-True

2025-12-12 16:52:11,044 - PaperAgentLogger - INFO - current rateReachGoal: 0
2025-12-12 16:52:11,061 - PaperAgentLogger - DEBUG - New map
2025-12-12 16:52:12,574 - PaperAgentLogger - INFO - ################## PaperArchitecture_map20x20_rho1_10Agent/K3_HS0/1765553512 - End of loop ##################  
 ####### Case533 	 Computation time:1.5124740600585938 	 Step46/46	- AllReachGoal-False

2025-12-12 16:52:12,575 - PaperAgentLogger - INFO - current rateReachGoal: 0
2025-12-12 16:52:12,594 - PaperAgentLogger - DEBUG - New map
2025-12-12 16:52:14,177 - PaperAgentLogger - INFO - ################## PaperArchitecture_map20x20_rho1_10Agent/K3_HS0/1765553512 - End of loop ##################  
 ####### Case534 	 Computation time:1.5816099643707275 	 Step48/48	- AllReachGoal-False

2025-12-12 16:52:14,177 - PaperAgentLogger - INFO - current rateReachGoal: 0
2025-12-12 16:52:14,197 - PaperAgentLogger - DEBUG - New map
2025-12-12 16:52:16,238 - PaperAgentLogger - INFO - ################## PaperArchitecture_map20x20_rho1_10Agent/K3_HS0/1765553512 - End of loop ##################  
 ####### Case535 	 Computation time:2.040626287460327 	 Step62/62	- AllReachGoal-False

2025-12-12 16:52:16,241 - PaperAgentLogger - INFO - current rateReachGoal: 0
2025-12-12 16:52:16,260 - PaperAgentLogger - DEBUG - New map
2025-12-12 16:52:17,537 - PaperAgentLogger - INFO - ################## PaperArchitecture_map20x20_rho1_10Agent/K3_HS0/1765553512 - End of loop ##################  
 ####### Case536 	 Computation time:1.2758913040161133 	 Step39/62	- AllReachGoal-True

2025-12-12 16:52:17,537 - PaperAgentLogger - INFO - current rateReachGoal: 0
2025-12-12 16:52:17,558 - PaperAgentLogger - DEBUG - New map
2025-12-12 16:52:19,165 - PaperAgentLogger - INFO - ################## PaperArchitecture_map20x20_rho1_10Agent/K3_HS0/1765553512 - End of loop ##################  
 ####### Case537 	 Computation time:1.6063001155853271 	 Step49/66	- AllReachGoal-True

2025-12-12 16:52:19,166 - PaperAgentLogger - INFO - current rateReachGoal: 0
2025-12-12 16:52:19,183 - PaperAgentLogger - DEBUG - New map
2025-12-12 16:52:20,039 - PaperAgentLogger - INFO - ################## PaperArchitecture_map20x20_rho1_10Agent/K3_HS0/1765553512 - End of loop ##################  
 ####### Case538 	 Computation time:0.8555779457092285 	 Step26/48	- AllReachGoal-True

2025-12-12 16:52:20,040 - PaperAgentLogger - INFO - current rateReachGoal: 0
2025-12-12 16:52:20,057 - PaperAgentLogger - DEBUG - New map
2025-12-12 16:52:20,824 - PaperAgentLogger - INFO - ################## PaperArchitecture_map20x20_rho1_10Agent/K3_HS0/1765553512 - End of loop ##################  
 ####### Case539 	 Computation time:0.7667114734649658 	 Step23/46	- AllReachGoal-True

2025-12-12 16:52:20,825 - PaperAgentLogger - INFO - current rateReachGoal: 0
2025-12-12 16:52:20,844 - PaperAgentLogger - DEBUG - New map
2025-12-12 16:52:22,001 - PaperAgentLogger - INFO - ################## PaperArchitecture_map20x20_rho1_10Agent/K3_HS0/1765553512 - End of loop ##################  
 ####### Case540 	 Computation time:1.1569411754608154 	 Step35/58	- AllReachGoal-True

2025-12-12 16:52:22,002 - PaperAgentLogger - INFO - current rateReachGoal: 0
2025-12-12 16:52:22,020 - PaperAgentLogger - DEBUG - New map
2025-12-12 16:52:23,741 - PaperAgentLogger - INFO - ################## PaperArchitecture_map20x20_rho1_10Agent/K3_HS0/1765553512 - End of loop ##################  
 ####### Case541 	 Computation time:1.7209744453430176 	 Step52/52	- AllReachGoal-False

2025-12-12 16:52:23,742 - PaperAgentLogger - INFO - current rateReachGoal: 0
2025-12-12 16:52:23,762 - PaperAgentLogger - DEBUG - New map
2025-12-12 16:52:24,826 - PaperAgentLogger - INFO - ################## PaperArchitecture_map20x20_rho1_10Agent/K3_HS0/1765553512 - End of loop ##################  
 ####### Case542 	 Computation time:1.063528060913086 	 Step32/64	- AllReachGoal-True

2025-12-12 16:52:24,826 - PaperAgentLogger - INFO - current rateReachGoal: 0
2025-12-12 16:52:24,845 - PaperAgentLogger - DEBUG - New map
2025-12-12 16:52:25,844 - PaperAgentLogger - INFO - ################## PaperArchitecture_map20x20_rho1_10Agent/K3_HS0/1765553512 - End of loop ##################  
 ####### Case543 	 Computation time:0.998706579208374 	 Step29/52	- AllReachGoal-True

2025-12-12 16:52:25,845 - PaperAgentLogger - INFO - current rateReachGoal: 0
2025-12-12 16:52:25,862 - PaperAgentLogger - DEBUG - New map
2025-12-12 16:52:27,388 - PaperAgentLogger - INFO - ################## PaperArchitecture_map20x20_rho1_10Agent/K3_HS0/1765553512 - End of loop ##################  
 ####### Case544 	 Computation time:1.525604248046875 	 Step46/46	- AllReachGoal-False

2025-12-12 16:52:27,391 - PaperAgentLogger - INFO - current rateReachGoal: 0
2025-12-12 16:52:27,410 - PaperAgentLogger - DEBUG - New map
2025-12-12 16:52:29,254 - PaperAgentLogger - INFO - ################## PaperArchitecture_map20x20_rho1_10Agent/K3_HS0/1765553512 - End of loop ##################  
 ####### Case545 	 Computation time:1.8441953659057617 	 Step56/56	- AllReachGoal-False

2025-12-12 16:52:29,255 - PaperAgentLogger - INFO - current rateReachGoal: 0
2025-12-12 16:52:29,275 - PaperAgentLogger - DEBUG - New map
2025-12-12 16:52:31,060 - PaperAgentLogger - INFO - ################## PaperArchitecture_map20x20_rho1_10Agent/K3_HS0/1765553512 - End of loop ##################  
 ####### Case546 	 Computation time:1.7850024700164795 	 Step54/54	- AllReachGoal-False

2025-12-12 16:52:31,061 - PaperAgentLogger - INFO - current rateReachGoal: 0
2025-12-12 16:52:31,080 - PaperAgentLogger - DEBUG - New map
2025-12-12 16:52:31,977 - PaperAgentLogger - INFO - ################## PaperArchitecture_map20x20_rho1_10Agent/K3_HS0/1765553512 - End of loop ##################  
 ####### Case547 	 Computation time:0.896888256072998 	 Step27/54	- AllReachGoal-True

2025-12-12 16:52:31,978 - PaperAgentLogger - INFO - current rateReachGoal: 0
2025-12-12 16:52:31,995 - PaperAgentLogger - DEBUG - New map
2025-12-12 16:52:32,949 - PaperAgentLogger - INFO - ################## PaperArchitecture_map20x20_rho1_10Agent/K3_HS0/1765553512 - End of loop ##################  
 ####### Case548 	 Computation time:0.9526658058166504 	 Step29/48	- AllReachGoal-True

2025-12-12 16:52:32,951 - PaperAgentLogger - INFO - current rateReachGoal: 0
2025-12-12 16:52:32,969 - PaperAgentLogger - DEBUG - New map
2025-12-12 16:52:34,676 - PaperAgentLogger - INFO - ################## PaperArchitecture_map20x20_rho1_10Agent/K3_HS0/1765553512 - End of loop ##################  
 ####### Case549 	 Computation time:1.706470251083374 	 Step52/52	- AllReachGoal-False

2025-12-12 16:52:34,677 - PaperAgentLogger - INFO - current rateReachGoal: 0
2025-12-12 16:52:34,695 - PaperAgentLogger - DEBUG - New map
2025-12-12 16:52:35,765 - PaperAgentLogger - INFO - ################## PaperArchitecture_map20x20_rho1_10Agent/K3_HS0/1765553512 - End of loop ##################  
 ####### Case550 	 Computation time:1.0699162483215332 	 Step33/58	- AllReachGoal-True

2025-12-12 16:52:35,766 - PaperAgentLogger - INFO - current rateReachGoal: 0
2025-12-12 16:52:35,786 - PaperAgentLogger - DEBUG - New map
2025-12-12 16:52:36,919 - PaperAgentLogger - INFO - ################## PaperArchitecture_map20x20_rho1_10Agent/K3_HS0/1765553512 - End of loop ##################  
 ####### Case551 	 Computation time:1.132810354232788 	 Step35/66	- AllReachGoal-True

2025-12-12 16:52:36,920 - PaperAgentLogger - INFO - current rateReachGoal: 0
2025-12-12 16:52:36,940 - PaperAgentLogger - DEBUG - New map
2025-12-12 16:52:38,073 - PaperAgentLogger - INFO - ################## PaperArchitecture_map20x20_rho1_10Agent/K3_HS0/1765553512 - End of loop ##################  
 ####### Case552 	 Computation time:1.1322624683380127 	 Step35/64	- AllReachGoal-True

2025-12-12 16:52:38,075 - PaperAgentLogger - INFO - current rateReachGoal: 0
2025-12-12 16:52:38,096 - PaperAgentLogger - DEBUG - New map
2025-12-12 16:52:40,040 - PaperAgentLogger - INFO - ################## PaperArchitecture_map20x20_rho1_10Agent/K3_HS0/1765553512 - End of loop ##################  
 ####### Case553 	 Computation time:1.9436306953430176 	 Step60/60	- AllReachGoal-False

2025-12-12 16:52:40,041 - PaperAgentLogger - INFO - current rateReachGoal: 0
2025-12-12 16:52:40,058 - PaperAgentLogger - DEBUG - New map
2025-12-12 16:52:41,313 - PaperAgentLogger - INFO - ################## PaperArchitecture_map20x20_rho1_10Agent/K3_HS0/1765553512 - End of loop ##################  
 ####### Case554 	 Computation time:1.2546017169952393 	 Step39/50	- AllReachGoal-True

2025-12-12 16:52:41,313 - PaperAgentLogger - INFO - current rateReachGoal: 0
2025-12-12 16:52:41,334 - PaperAgentLogger - DEBUG - New map
2025-12-12 16:52:42,442 - PaperAgentLogger - INFO - ################## PaperArchitecture_map20x20_rho1_10Agent/K3_HS0/1765553512 - End of loop ##################  
 ####### Case555 	 Computation time:1.1076927185058594 	 Step34/64	- AllReachGoal-True

2025-12-12 16:52:42,443 - PaperAgentLogger - INFO - current rateReachGoal: 0
2025-12-12 16:52:42,460 - PaperAgentLogger - DEBUG - New map
2025-12-12 16:52:43,307 - PaperAgentLogger - INFO - ################## PaperArchitecture_map20x20_rho1_10Agent/K3_HS0/1765553512 - End of loop ##################  
 ####### Case556 	 Computation time:0.8470659255981445 	 Step26/52	- AllReachGoal-True

2025-12-12 16:52:43,310 - PaperAgentLogger - INFO - current rateReachGoal: 0
2025-12-12 16:52:43,327 - PaperAgentLogger - DEBUG - New map
2025-12-12 16:52:44,152 - PaperAgentLogger - INFO - ################## PaperArchitecture_map20x20_rho1_10Agent/K3_HS0/1765553512 - End of loop ##################  
 ####### Case557 	 Computation time:0.8241310119628906 	 Step25/48	- AllReachGoal-True

2025-12-12 16:52:44,152 - PaperAgentLogger - INFO - current rateReachGoal: 0
2025-12-12 16:52:44,172 - PaperAgentLogger - DEBUG - New map
2025-12-12 16:52:45,291 - PaperAgentLogger - INFO - ################## PaperArchitecture_map20x20_rho1_10Agent/K3_HS0/1765553512 - End of loop ##################  
 ####### Case558 	 Computation time:1.118283987045288 	 Step34/64	- AllReachGoal-True

2025-12-12 16:52:45,291 - PaperAgentLogger - INFO - current rateReachGoal: 0
2025-12-12 16:52:45,310 - PaperAgentLogger - DEBUG - New map
2025-12-12 16:52:46,350 - PaperAgentLogger - INFO - ################## PaperArchitecture_map20x20_rho1_10Agent/K3_HS0/1765553512 - End of loop ##################  
 ####### Case559 	 Computation time:1.0391607284545898 	 Step32/60	- AllReachGoal-True

2025-12-12 16:52:46,351 - PaperAgentLogger - INFO - current rateReachGoal: 0
2025-12-12 16:52:46,368 - PaperAgentLogger - DEBUG - New map
2025-12-12 16:52:47,369 - PaperAgentLogger - INFO - ################## PaperArchitecture_map20x20_rho1_10Agent/K3_HS0/1765553512 - End of loop ##################  
 ####### Case560 	 Computation time:1.0003080368041992 	 Step31/54	- AllReachGoal-True

2025-12-12 16:52:47,370 - PaperAgentLogger - INFO - current rateReachGoal: 0
2025-12-12 16:52:47,390 - PaperAgentLogger - DEBUG - New map
2025-12-12 16:52:48,466 - PaperAgentLogger - INFO - ################## PaperArchitecture_map20x20_rho1_10Agent/K3_HS0/1765553512 - End of loop ##################  
 ####### Case561 	 Computation time:1.076143503189087 	 Step31/62	- AllReachGoal-True

2025-12-12 16:52:48,467 - PaperAgentLogger - INFO - current rateReachGoal: 0
2025-12-12 16:52:48,484 - PaperAgentLogger - DEBUG - New map
2025-12-12 16:52:49,297 - PaperAgentLogger - INFO - ################## PaperArchitecture_map20x20_rho1_10Agent/K3_HS0/1765553512 - End of loop ##################  
 ####### Case562 	 Computation time:0.8130991458892822 	 Step24/46	- AllReachGoal-True

2025-12-12 16:52:49,298 - PaperAgentLogger - INFO - current rateReachGoal: 0
2025-12-12 16:52:49,315 - PaperAgentLogger - DEBUG - New map
2025-12-12 16:52:50,219 - PaperAgentLogger - INFO - ################## PaperArchitecture_map20x20_rho1_10Agent/K3_HS0/1765553512 - End of loop ##################  
 ####### Case563 	 Computation time:0.9032120704650879 	 Step27/54	- AllReachGoal-True

2025-12-12 16:52:50,219 - PaperAgentLogger - INFO - current rateReachGoal: 0
2025-12-12 16:52:50,235 - PaperAgentLogger - DEBUG - New map
2025-12-12 16:52:50,919 - PaperAgentLogger - INFO - ################## PaperArchitecture_map20x20_rho1_10Agent/K3_HS0/1765553512 - End of loop ##################  
 ####### Case564 	 Computation time:0.6833956241607666 	 Step21/38	- AllReachGoal-True

2025-12-12 16:52:50,919 - PaperAgentLogger - INFO - current rateReachGoal: 0
2025-12-12 16:52:50,938 - PaperAgentLogger - DEBUG - New map
2025-12-12 16:52:51,949 - PaperAgentLogger - INFO - ################## PaperArchitecture_map20x20_rho1_10Agent/K3_HS0/1765553512 - End of loop ##################  
 ####### Case565 	 Computation time:1.0106582641601562 	 Step30/58	- AllReachGoal-True

2025-12-12 16:52:51,950 - PaperAgentLogger - INFO - current rateReachGoal: 0
2025-12-12 16:52:51,967 - PaperAgentLogger - DEBUG - New map
2025-12-12 16:52:52,987 - PaperAgentLogger - INFO - ################## PaperArchitecture_map20x20_rho1_10Agent/K3_HS0/1765553512 - End of loop ##################  
 ####### Case566 	 Computation time:1.0192484855651855 	 Step31/54	- AllReachGoal-True

2025-12-12 16:52:52,988 - PaperAgentLogger - INFO - current rateReachGoal: 0
2025-12-12 16:52:53,005 - PaperAgentLogger - DEBUG - New map
2025-12-12 16:52:54,630 - PaperAgentLogger - INFO - ################## PaperArchitecture_map20x20_rho1_10Agent/K3_HS0/1765553512 - End of loop ##################  
 ####### Case567 	 Computation time:1.6239356994628906 	 Step50/50	- AllReachGoal-False

2025-12-12 16:52:54,631 - PaperAgentLogger - INFO - current rateReachGoal: 0
2025-12-12 16:52:54,649 - PaperAgentLogger - DEBUG - New map
2025-12-12 16:52:55,674 - PaperAgentLogger - INFO - ################## PaperArchitecture_map20x20_rho1_10Agent/K3_HS0/1765553512 - End of loop ##################  
 ####### Case568 	 Computation time:1.0240225791931152 	 Step32/60	- AllReachGoal-True

2025-12-12 16:52:55,675 - PaperAgentLogger - INFO - current rateReachGoal: 0
2025-12-12 16:52:55,691 - PaperAgentLogger - DEBUG - New map
2025-12-12 16:52:57,372 - PaperAgentLogger - INFO - ################## PaperArchitecture_map20x20_rho1_10Agent/K3_HS0/1765553512 - End of loop ##################  
 ####### Case569 	 Computation time:1.6801013946533203 	 Step50/50	- AllReachGoal-False

2025-12-12 16:52:57,372 - PaperAgentLogger - INFO - current rateReachGoal: 0
2025-12-12 16:52:57,390 - PaperAgentLogger - DEBUG - New map
2025-12-12 16:52:58,336 - PaperAgentLogger - INFO - ################## PaperArchitecture_map20x20_rho1_10Agent/K3_HS0/1765553512 - End of loop ##################  
 ####### Case570 	 Computation time:0.9460175037384033 	 Step28/56	- AllReachGoal-True

2025-12-12 16:52:58,337 - PaperAgentLogger - INFO - current rateReachGoal: 0
2025-12-12 16:52:58,355 - PaperAgentLogger - DEBUG - New map
2025-12-12 16:52:59,324 - PaperAgentLogger - INFO - ################## PaperArchitecture_map20x20_rho1_10Agent/K3_HS0/1765553512 - End of loop ##################  
 ####### Case571 	 Computation time:0.9686319828033447 	 Step29/56	- AllReachGoal-True

2025-12-12 16:52:59,325 - PaperAgentLogger - INFO - current rateReachGoal: 0
2025-12-12 16:52:59,342 - PaperAgentLogger - DEBUG - New map
2025-12-12 16:53:00,427 - PaperAgentLogger - INFO - ################## PaperArchitecture_map20x20_rho1_10Agent/K3_HS0/1765553512 - End of loop ##################  
 ####### Case572 	 Computation time:1.0841894149780273 	 Step32/54	- AllReachGoal-True

2025-12-12 16:53:00,429 - PaperAgentLogger - INFO - current rateReachGoal: 0
2025-12-12 16:53:00,446 - PaperAgentLogger - DEBUG - New map
2025-12-12 16:53:01,298 - PaperAgentLogger - INFO - ################## PaperArchitecture_map20x20_rho1_10Agent/K3_HS0/1765553512 - End of loop ##################  
 ####### Case573 	 Computation time:0.8513064384460449 	 Step25/50	- AllReachGoal-True

2025-12-12 16:53:01,299 - PaperAgentLogger - INFO - current rateReachGoal: 0
2025-12-12 16:53:01,316 - PaperAgentLogger - DEBUG - New map
2025-12-12 16:53:02,977 - PaperAgentLogger - INFO - ################## PaperArchitecture_map20x20_rho1_10Agent/K3_HS0/1765553512 - End of loop ##################  
 ####### Case574 	 Computation time:1.6606440544128418 	 Step52/52	- AllReachGoal-False

2025-12-12 16:53:02,978 - PaperAgentLogger - INFO - current rateReachGoal: 0
2025-12-12 16:53:02,993 - PaperAgentLogger - DEBUG - New map
2025-12-12 16:53:04,334 - PaperAgentLogger - INFO - ################## PaperArchitecture_map20x20_rho1_10Agent/K3_HS0/1765553512 - End of loop ##################  
 ####### Case575 	 Computation time:1.3402225971221924 	 Step42/42	- AllReachGoal-False

2025-12-12 16:53:04,334 - PaperAgentLogger - INFO - current rateReachGoal: 0
2025-12-12 16:53:04,352 - PaperAgentLogger - DEBUG - New map
2025-12-12 16:53:05,380 - PaperAgentLogger - INFO - ################## PaperArchitecture_map20x20_rho1_10Agent/K3_HS0/1765553512 - End of loop ##################  
 ####### Case576 	 Computation time:1.0277316570281982 	 Step32/60	- AllReachGoal-True

2025-12-12 16:53:05,381 - PaperAgentLogger - INFO - current rateReachGoal: 0
2025-12-12 16:53:05,398 - PaperAgentLogger - DEBUG - New map
2025-12-12 16:53:06,494 - PaperAgentLogger - INFO - ################## PaperArchitecture_map20x20_rho1_10Agent/K3_HS0/1765553512 - End of loop ##################  
 ####### Case577 	 Computation time:1.095386028289795 	 Step32/54	- AllReachGoal-True

2025-12-12 16:53:06,495 - PaperAgentLogger - INFO - current rateReachGoal: 0
2025-12-12 16:53:06,512 - PaperAgentLogger - DEBUG - New map
2025-12-12 16:53:08,007 - PaperAgentLogger - INFO - ################## PaperArchitecture_map20x20_rho1_10Agent/K3_HS0/1765553512 - End of loop ##################  
 ####### Case578 	 Computation time:1.4946420192718506 	 Step46/46	- AllReachGoal-False

2025-12-12 16:53:08,008 - PaperAgentLogger - INFO - current rateReachGoal: 0
2025-12-12 16:53:08,026 - PaperAgentLogger - DEBUG - New map
2025-12-12 16:53:09,582 - PaperAgentLogger - INFO - ################## PaperArchitecture_map20x20_rho1_10Agent/K3_HS0/1765553512 - End of loop ##################  
 ####### Case579 	 Computation time:1.555415153503418 	 Step48/48	- AllReachGoal-False

2025-12-12 16:53:09,582 - PaperAgentLogger - INFO - current rateReachGoal: 0
2025-12-12 16:53:09,601 - PaperAgentLogger - DEBUG - New map
2025-12-12 16:53:10,514 - PaperAgentLogger - INFO - ################## PaperArchitecture_map20x20_rho1_10Agent/K3_HS0/1765553512 - End of loop ##################  
 ####### Case580 	 Computation time:0.9120166301727295 	 Step28/56	- AllReachGoal-True

2025-12-12 16:53:10,515 - PaperAgentLogger - INFO - current rateReachGoal: 0
2025-12-12 16:53:10,531 - PaperAgentLogger - DEBUG - New map
2025-12-12 16:53:11,190 - PaperAgentLogger - INFO - ################## PaperArchitecture_map20x20_rho1_10Agent/K3_HS0/1765553512 - End of loop ##################  
 ####### Case581 	 Computation time:0.6591305732727051 	 Step20/40	- AllReachGoal-True

2025-12-12 16:53:11,191 - PaperAgentLogger - INFO - current rateReachGoal: 0
2025-12-12 16:53:11,209 - PaperAgentLogger - DEBUG - New map
2025-12-12 16:53:12,060 - PaperAgentLogger - INFO - ################## PaperArchitecture_map20x20_rho1_10Agent/K3_HS0/1765553512 - End of loop ##################  
 ####### Case582 	 Computation time:0.8504230976104736 	 Step26/52	- AllReachGoal-True

2025-12-12 16:53:12,063 - PaperAgentLogger - INFO - current rateReachGoal: 0
2025-12-12 16:53:12,080 - PaperAgentLogger - DEBUG - New map
2025-12-12 16:53:13,634 - PaperAgentLogger - INFO - ################## PaperArchitecture_map20x20_rho1_10Agent/K3_HS0/1765553512 - End of loop ##################  
 ####### Case583 	 Computation time:1.5530579090118408 	 Step48/48	- AllReachGoal-False

2025-12-12 16:53:13,635 - PaperAgentLogger - INFO - current rateReachGoal: 0
2025-12-12 16:53:13,653 - PaperAgentLogger - DEBUG - New map
2025-12-12 16:53:15,393 - PaperAgentLogger - INFO - ################## PaperArchitecture_map20x20_rho1_10Agent/K3_HS0/1765553512 - End of loop ##################  
 ####### Case584 	 Computation time:1.7398693561553955 	 Step54/54	- AllReachGoal-False

2025-12-12 16:53:15,394 - PaperAgentLogger - INFO - current rateReachGoal: 0
2025-12-12 16:53:15,413 - PaperAgentLogger - DEBUG - New map
2025-12-12 16:53:16,323 - PaperAgentLogger - INFO - ################## PaperArchitecture_map20x20_rho1_10Agent/K3_HS0/1765553512 - End of loop ##################  
 ####### Case585 	 Computation time:0.9094152450561523 	 Step28/54	- AllReachGoal-True

2025-12-12 16:53:16,324 - PaperAgentLogger - INFO - current rateReachGoal: 0
2025-12-12 16:53:16,340 - PaperAgentLogger - DEBUG - New map
2025-12-12 16:53:17,153 - PaperAgentLogger - INFO - ################## PaperArchitecture_map20x20_rho1_10Agent/K3_HS0/1765553512 - End of loop ##################  
 ####### Case586 	 Computation time:0.8120782375335693 	 Step25/50	- AllReachGoal-True

2025-12-12 16:53:17,155 - PaperAgentLogger - INFO - current rateReachGoal: 0
2025-12-12 16:53:17,173 - PaperAgentLogger - DEBUG - New map
2025-12-12 16:53:18,793 - PaperAgentLogger - INFO - ################## PaperArchitecture_map20x20_rho1_10Agent/K3_HS0/1765553512 - End of loop ##################  
 ####### Case587 	 Computation time:1.619149923324585 	 Step50/50	- AllReachGoal-False

2025-12-12 16:53:18,793 - PaperAgentLogger - INFO - current rateReachGoal: 0
2025-12-12 16:53:18,810 - PaperAgentLogger - DEBUG - New map
2025-12-12 16:53:19,717 - PaperAgentLogger - INFO - ################## PaperArchitecture_map20x20_rho1_10Agent/K3_HS0/1765553512 - End of loop ##################  
 ####### Case588 	 Computation time:0.9061472415924072 	 Step28/50	- AllReachGoal-True

2025-12-12 16:53:19,718 - PaperAgentLogger - INFO - current rateReachGoal: 0
2025-12-12 16:53:19,735 - PaperAgentLogger - DEBUG - New map
2025-12-12 16:53:20,679 - PaperAgentLogger - INFO - ################## PaperArchitecture_map20x20_rho1_10Agent/K3_HS0/1765553512 - End of loop ##################  
 ####### Case589 	 Computation time:0.9435524940490723 	 Step29/46	- AllReachGoal-True

2025-12-12 16:53:20,679 - PaperAgentLogger - INFO - current rateReachGoal: 0
2025-12-12 16:53:20,699 - PaperAgentLogger - DEBUG - New map
2025-12-12 16:53:22,784 - PaperAgentLogger - INFO - ################## PaperArchitecture_map20x20_rho1_10Agent/K3_HS0/1765553512 - End of loop ##################  
 ####### Case590 	 Computation time:2.0851027965545654 	 Step64/64	- AllReachGoal-False

2025-12-12 16:53:22,785 - PaperAgentLogger - INFO - current rateReachGoal: 0
2025-12-12 16:53:22,804 - PaperAgentLogger - DEBUG - New map
2025-12-12 16:53:24,316 - PaperAgentLogger - INFO - ################## PaperArchitecture_map20x20_rho1_10Agent/K3_HS0/1765553512 - End of loop ##################  
 ####### Case591 	 Computation time:1.5112125873565674 	 Step45/58	- AllReachGoal-True

2025-12-12 16:53:24,316 - PaperAgentLogger - INFO - current rateReachGoal: 0
2025-12-12 16:53:24,333 - PaperAgentLogger - DEBUG - New map
2025-12-12 16:53:25,153 - PaperAgentLogger - INFO - ################## PaperArchitecture_map20x20_rho1_10Agent/K3_HS0/1765553512 - End of loop ##################  
 ####### Case592 	 Computation time:0.8192341327667236 	 Step24/44	- AllReachGoal-True

2025-12-12 16:53:25,153 - PaperAgentLogger - INFO - current rateReachGoal: 0
2025-12-12 16:53:25,172 - PaperAgentLogger - DEBUG - New map
2025-12-12 16:53:27,015 - PaperAgentLogger - INFO - ################## PaperArchitecture_map20x20_rho1_10Agent/K3_HS0/1765553512 - End of loop ##################  
 ####### Case593 	 Computation time:1.842442512512207 	 Step54/54	- AllReachGoal-False

2025-12-12 16:53:27,016 - PaperAgentLogger - INFO - current rateReachGoal: 0
2025-12-12 16:53:27,035 - PaperAgentLogger - DEBUG - New map
2025-12-12 16:53:29,137 - PaperAgentLogger - INFO - ################## PaperArchitecture_map20x20_rho1_10Agent/K3_HS0/1765553512 - End of loop ##################  
 ####### Case594 	 Computation time:2.102006196975708 	 Step64/64	- AllReachGoal-False

2025-12-12 16:53:29,138 - PaperAgentLogger - INFO - current rateReachGoal: 0
2025-12-12 16:53:29,155 - PaperAgentLogger - DEBUG - New map
2025-12-12 16:53:30,102 - PaperAgentLogger - INFO - ################## PaperArchitecture_map20x20_rho1_10Agent/K3_HS0/1765553512 - End of loop ##################  
 ####### Case595 	 Computation time:0.9458990097045898 	 Step29/56	- AllReachGoal-True

2025-12-12 16:53:30,102 - PaperAgentLogger - INFO - current rateReachGoal: 0
2025-12-12 16:53:30,120 - PaperAgentLogger - DEBUG - New map
2025-12-12 16:53:32,054 - PaperAgentLogger - INFO - ################## PaperArchitecture_map20x20_rho1_10Agent/K3_HS0/1765553512 - End of loop ##################  
 ####### Case596 	 Computation time:1.9333324432373047 	 Step58/58	- AllReachGoal-False

2025-12-12 16:53:32,055 - PaperAgentLogger - INFO - current rateReachGoal: 0
2025-12-12 16:53:32,071 - PaperAgentLogger - DEBUG - New map
2025-12-12 16:53:33,654 - PaperAgentLogger - INFO - ################## PaperArchitecture_map20x20_rho1_10Agent/K3_HS0/1765553512 - End of loop ##################  
 ####### Case597 	 Computation time:1.5829482078552246 	 Step48/48	- AllReachGoal-False

2025-12-12 16:53:33,655 - PaperAgentLogger - INFO - current rateReachGoal: 0
2025-12-12 16:53:33,670 - PaperAgentLogger - DEBUG - New map
2025-12-12 16:53:34,387 - PaperAgentLogger - INFO - ################## PaperArchitecture_map20x20_rho1_10Agent/K3_HS0/1765553512 - End of loop ##################  
 ####### Case598 	 Computation time:0.7158119678497314 	 Step21/42	- AllReachGoal-True

2025-12-12 16:53:34,389 - PaperAgentLogger - INFO - current rateReachGoal: 0
2025-12-12 16:53:34,408 - PaperAgentLogger - DEBUG - New map
2025-12-12 16:53:36,627 - PaperAgentLogger - INFO - ################## PaperArchitecture_map20x20_rho1_10Agent/K3_HS0/1765553512 - End of loop ##################  
 ####### Case599 	 Computation time:2.218309164047241 	 Step68/68	- AllReachGoal-False

2025-12-12 16:53:36,628 - PaperAgentLogger - INFO - current rateReachGoal: 0
2025-12-12 16:53:36,647 - PaperAgentLogger - DEBUG - New map
2025-12-12 16:53:37,671 - PaperAgentLogger - INFO - ################## PaperArchitecture_map20x20_rho1_10Agent/K3_HS0/1765553512 - End of loop ##################  
 ####### Case600 	 Computation time:1.0238182544708252 	 Step30/60	- AllReachGoal-True

2025-12-12 16:53:37,672 - PaperAgentLogger - INFO - current rateReachGoal: 0
2025-12-12 16:53:37,689 - PaperAgentLogger - DEBUG - New map
2025-12-12 16:53:39,483 - PaperAgentLogger - INFO - ################## PaperArchitecture_map20x20_rho1_10Agent/K3_HS0/1765553512 - End of loop ##################  
 ####### Case601 	 Computation time:1.7933576107025146 	 Step52/52	- AllReachGoal-False

2025-12-12 16:53:39,486 - PaperAgentLogger - INFO - current rateReachGoal: 0
2025-12-12 16:53:39,503 - PaperAgentLogger - DEBUG - New map
2025-12-12 16:53:41,427 - PaperAgentLogger - INFO - ################## PaperArchitecture_map20x20_rho1_10Agent/K3_HS0/1765553512 - End of loop ##################  
 ####### Case602 	 Computation time:1.9230456352233887 	 Step56/56	- AllReachGoal-False

2025-12-12 16:53:41,427 - PaperAgentLogger - INFO - current rateReachGoal: 0
2025-12-12 16:53:41,446 - PaperAgentLogger - DEBUG - New map
2025-12-12 16:53:43,290 - PaperAgentLogger - INFO - ################## PaperArchitecture_map20x20_rho1_10Agent/K3_HS0/1765553512 - End of loop ##################  
 ####### Case603 	 Computation time:1.8433842658996582 	 Step56/56	- AllReachGoal-False

2025-12-12 16:53:43,290 - PaperAgentLogger - INFO - current rateReachGoal: 0
2025-12-12 16:53:43,306 - PaperAgentLogger - DEBUG - New map
2025-12-12 16:53:44,807 - PaperAgentLogger - INFO - ################## PaperArchitecture_map20x20_rho1_10Agent/K3_HS0/1765553512 - End of loop ##################  
 ####### Case604 	 Computation time:1.4997386932373047 	 Step44/44	- AllReachGoal-False

2025-12-12 16:53:44,809 - PaperAgentLogger - INFO - current rateReachGoal: 0
2025-12-12 16:53:44,826 - PaperAgentLogger - DEBUG - New map
2025-12-12 16:53:45,644 - PaperAgentLogger - INFO - ################## PaperArchitecture_map20x20_rho1_10Agent/K3_HS0/1765553512 - End of loop ##################  
 ####### Case605 	 Computation time:0.8171687126159668 	 Step25/48	- AllReachGoal-True

2025-12-12 16:53:45,645 - PaperAgentLogger - INFO - current rateReachGoal: 0
2025-12-12 16:53:45,661 - PaperAgentLogger - DEBUG - New map
2025-12-12 16:53:46,422 - PaperAgentLogger - INFO - ################## PaperArchitecture_map20x20_rho1_10Agent/K3_HS0/1765553512 - End of loop ##################  
 ####### Case606 	 Computation time:0.7601983547210693 	 Step23/48	- AllReachGoal-True

2025-12-12 16:53:46,422 - PaperAgentLogger - INFO - current rateReachGoal: 0
2025-12-12 16:53:46,441 - PaperAgentLogger - DEBUG - New map
2025-12-12 16:53:47,457 - PaperAgentLogger - INFO - ################## PaperArchitecture_map20x20_rho1_10Agent/K3_HS0/1765553512 - End of loop ##################  
 ####### Case607 	 Computation time:1.015385627746582 	 Step31/60	- AllReachGoal-True

2025-12-12 16:53:47,458 - PaperAgentLogger - INFO - current rateReachGoal: 0
2025-12-12 16:53:47,475 - PaperAgentLogger - DEBUG - New map
2025-12-12 16:53:49,101 - PaperAgentLogger - INFO - ################## PaperArchitecture_map20x20_rho1_10Agent/K3_HS0/1765553512 - End of loop ##################  
 ####### Case608 	 Computation time:1.6256558895111084 	 Step50/50	- AllReachGoal-False

2025-12-12 16:53:49,101 - PaperAgentLogger - INFO - current rateReachGoal: 0
2025-12-12 16:53:49,121 - PaperAgentLogger - DEBUG - New map
2025-12-12 16:53:51,202 - PaperAgentLogger - INFO - ################## PaperArchitecture_map20x20_rho1_10Agent/K3_HS0/1765553512 - End of loop ##################  
 ####### Case609 	 Computation time:2.0803799629211426 	 Step64/64	- AllReachGoal-False

2025-12-12 16:53:51,203 - PaperAgentLogger - INFO - current rateReachGoal: 0
2025-12-12 16:53:51,221 - PaperAgentLogger - DEBUG - New map
2025-12-12 16:53:52,331 - PaperAgentLogger - INFO - ################## PaperArchitecture_map20x20_rho1_10Agent/K3_HS0/1765553512 - End of loop ##################  
 ####### Case610 	 Computation time:1.1091184616088867 	 Step34/60	- AllReachGoal-True

2025-12-12 16:53:52,332 - PaperAgentLogger - INFO - current rateReachGoal: 0
2025-12-12 16:53:52,350 - PaperAgentLogger - DEBUG - New map
2025-12-12 16:53:53,401 - PaperAgentLogger - INFO - ################## PaperArchitecture_map20x20_rho1_10Agent/K3_HS0/1765553512 - End of loop ##################  
 ####### Case611 	 Computation time:1.0505578517913818 	 Step32/52	- AllReachGoal-True

2025-12-12 16:53:53,401 - PaperAgentLogger - INFO - current rateReachGoal: 0
2025-12-12 16:53:53,421 - PaperAgentLogger - DEBUG - New map
2025-12-12 16:53:55,503 - PaperAgentLogger - INFO - ################## PaperArchitecture_map20x20_rho1_10Agent/K3_HS0/1765553512 - End of loop ##################  
 ####### Case612 	 Computation time:2.0814828872680664 	 Step64/64	- AllReachGoal-False

2025-12-12 16:53:55,504 - PaperAgentLogger - INFO - current rateReachGoal: 0
2025-12-12 16:53:55,521 - PaperAgentLogger - DEBUG - New map
2025-12-12 16:53:56,746 - PaperAgentLogger - INFO - ################## PaperArchitecture_map20x20_rho1_10Agent/K3_HS0/1765553512 - End of loop ##################  
 ####### Case613 	 Computation time:1.224445104598999 	 Step37/50	- AllReachGoal-True

2025-12-12 16:53:56,746 - PaperAgentLogger - INFO - current rateReachGoal: 0
2025-12-12 16:53:56,767 - PaperAgentLogger - DEBUG - New map
2025-12-12 16:53:58,728 - PaperAgentLogger - INFO - ################## PaperArchitecture_map20x20_rho1_10Agent/K3_HS0/1765553512 - End of loop ##################  
 ####### Case614 	 Computation time:1.9612786769866943 	 Step60/60	- AllReachGoal-False

2025-12-12 16:53:58,729 - PaperAgentLogger - INFO - current rateReachGoal: 0
2025-12-12 16:53:58,746 - PaperAgentLogger - DEBUG - New map
2025-12-12 16:53:59,798 - PaperAgentLogger - INFO - ################## PaperArchitecture_map20x20_rho1_10Agent/K3_HS0/1765553512 - End of loop ##################  
 ####### Case615 	 Computation time:1.0511839389801025 	 Step32/46	- AllReachGoal-True

2025-12-12 16:53:59,798 - PaperAgentLogger - INFO - current rateReachGoal: 0
2025-12-12 16:53:59,816 - PaperAgentLogger - DEBUG - New map
2025-12-12 16:54:01,506 - PaperAgentLogger - INFO - ################## PaperArchitecture_map20x20_rho1_10Agent/K3_HS0/1765553512 - End of loop ##################  
 ####### Case616 	 Computation time:1.689587116241455 	 Step52/52	- AllReachGoal-False

2025-12-12 16:54:01,507 - PaperAgentLogger - INFO - current rateReachGoal: 0
2025-12-12 16:54:01,523 - PaperAgentLogger - DEBUG - New map
2025-12-12 16:54:02,262 - PaperAgentLogger - INFO - ################## PaperArchitecture_map20x20_rho1_10Agent/K3_HS0/1765553512 - End of loop ##################  
 ####### Case617 	 Computation time:0.7382180690765381 	 Step22/42	- AllReachGoal-True

2025-12-12 16:54:02,264 - PaperAgentLogger - INFO - current rateReachGoal: 0
2025-12-12 16:54:02,282 - PaperAgentLogger - DEBUG - New map
2025-12-12 16:54:03,726 - PaperAgentLogger - INFO - ################## PaperArchitecture_map20x20_rho1_10Agent/K3_HS0/1765553512 - End of loop ##################  
 ####### Case618 	 Computation time:1.4441416263580322 	 Step44/52	- AllReachGoal-True

2025-12-12 16:54:03,727 - PaperAgentLogger - INFO - current rateReachGoal: 0
2025-12-12 16:54:03,743 - PaperAgentLogger - DEBUG - New map
2025-12-12 16:54:05,317 - PaperAgentLogger - INFO - ################## PaperArchitecture_map20x20_rho1_10Agent/K3_HS0/1765553512 - End of loop ##################  
 ####### Case619 	 Computation time:1.5737226009368896 	 Step48/48	- AllReachGoal-False

2025-12-12 16:54:05,318 - PaperAgentLogger - INFO - current rateReachGoal: 0
2025-12-12 16:54:05,334 - PaperAgentLogger - DEBUG - New map
2025-12-12 16:54:06,829 - PaperAgentLogger - INFO - ################## PaperArchitecture_map20x20_rho1_10Agent/K3_HS0/1765553512 - End of loop ##################  
 ####### Case620 	 Computation time:1.4946446418762207 	 Step44/44	- AllReachGoal-False

2025-12-12 16:54:06,830 - PaperAgentLogger - INFO - current rateReachGoal: 0
2025-12-12 16:54:06,847 - PaperAgentLogger - DEBUG - New map
2025-12-12 16:54:08,487 - PaperAgentLogger - INFO - ################## PaperArchitecture_map20x20_rho1_10Agent/K3_HS0/1765553512 - End of loop ##################  
 ####### Case621 	 Computation time:1.638986587524414 	 Step48/48	- AllReachGoal-False

2025-12-12 16:54:08,488 - PaperAgentLogger - INFO - current rateReachGoal: 0
2025-12-12 16:54:08,504 - PaperAgentLogger - DEBUG - New map
2025-12-12 16:54:10,147 - PaperAgentLogger - INFO - ################## PaperArchitecture_map20x20_rho1_10Agent/K3_HS0/1765553512 - End of loop ##################  
 ####### Case622 	 Computation time:1.6426126956939697 	 Step48/48	- AllReachGoal-False

2025-12-12 16:54:10,148 - PaperAgentLogger - INFO - current rateReachGoal: 0
2025-12-12 16:54:10,166 - PaperAgentLogger - DEBUG - New map
2025-12-12 16:54:11,417 - PaperAgentLogger - INFO - ################## PaperArchitecture_map20x20_rho1_10Agent/K3_HS0/1765553512 - End of loop ##################  
 ####### Case623 	 Computation time:1.2509660720825195 	 Step37/58	- AllReachGoal-True

2025-12-12 16:54:11,418 - PaperAgentLogger - INFO - current rateReachGoal: 0
2025-12-12 16:54:11,436 - PaperAgentLogger - DEBUG - New map
2025-12-12 16:54:12,418 - PaperAgentLogger - INFO - ################## PaperArchitecture_map20x20_rho1_10Agent/K3_HS0/1765553512 - End of loop ##################  
 ####### Case624 	 Computation time:0.9809505939483643 	 Step28/56	- AllReachGoal-True

2025-12-12 16:54:12,418 - PaperAgentLogger - INFO - current rateReachGoal: 0
2025-12-12 16:54:12,436 - PaperAgentLogger - DEBUG - New map
2025-12-12 16:54:14,148 - PaperAgentLogger - INFO - ################## PaperArchitecture_map20x20_rho1_10Agent/K3_HS0/1765553512 - End of loop ##################  
 ####### Case625 	 Computation time:1.711167573928833 	 Step50/50	- AllReachGoal-False

2025-12-12 16:54:14,150 - PaperAgentLogger - INFO - current rateReachGoal: 0
2025-12-12 16:54:14,168 - PaperAgentLogger - DEBUG - New map
2025-12-12 16:54:15,863 - PaperAgentLogger - INFO - ################## PaperArchitecture_map20x20_rho1_10Agent/K3_HS0/1765553512 - End of loop ##################  
 ####### Case626 	 Computation time:1.6952714920043945 	 Step50/50	- AllReachGoal-False

2025-12-12 16:54:15,864 - PaperAgentLogger - INFO - current rateReachGoal: 0
2025-12-12 16:54:15,882 - PaperAgentLogger - DEBUG - New map
2025-12-12 16:54:17,812 - PaperAgentLogger - INFO - ################## PaperArchitecture_map20x20_rho1_10Agent/K3_HS0/1765553512 - End of loop ##################  
 ####### Case627 	 Computation time:1.9295222759246826 	 Step56/56	- AllReachGoal-False

2025-12-12 16:54:17,813 - PaperAgentLogger - INFO - current rateReachGoal: 0
2025-12-12 16:54:17,832 - PaperAgentLogger - DEBUG - New map
2025-12-12 16:54:19,700 - PaperAgentLogger - INFO - ################## PaperArchitecture_map20x20_rho1_10Agent/K3_HS0/1765553512 - End of loop ##################  
 ####### Case628 	 Computation time:1.8674592971801758 	 Step54/54	- AllReachGoal-False

2025-12-12 16:54:19,700 - PaperAgentLogger - INFO - current rateReachGoal: 0
2025-12-12 16:54:19,717 - PaperAgentLogger - DEBUG - New map
2025-12-12 16:54:21,129 - PaperAgentLogger - INFO - ################## PaperArchitecture_map20x20_rho1_10Agent/K3_HS0/1765553512 - End of loop ##################  
 ####### Case629 	 Computation time:1.4122233390808105 	 Step42/42	- AllReachGoal-False

2025-12-12 16:54:21,130 - PaperAgentLogger - INFO - current rateReachGoal: 0
2025-12-12 16:54:21,148 - PaperAgentLogger - DEBUG - New map
2025-12-12 16:54:22,911 - PaperAgentLogger - INFO - ################## PaperArchitecture_map20x20_rho1_10Agent/K3_HS0/1765553512 - End of loop ##################  
 ####### Case630 	 Computation time:1.7623984813690186 	 Step54/54	- AllReachGoal-False

2025-12-12 16:54:22,911 - PaperAgentLogger - INFO - current rateReachGoal: 0
2025-12-12 16:54:22,932 - PaperAgentLogger - DEBUG - New map
2025-12-12 16:54:25,204 - PaperAgentLogger - INFO - ################## PaperArchitecture_map20x20_rho1_10Agent/K3_HS0/1765553512 - End of loop ##################  
 ####### Case631 	 Computation time:2.271350622177124 	 Step70/70	- AllReachGoal-False

2025-12-12 16:54:25,227 - PaperAgentLogger - INFO - current rateReachGoal: 0
2025-12-12 16:54:25,243 - PaperAgentLogger - DEBUG - New map
2025-12-12 16:54:25,936 - PaperAgentLogger - INFO - ################## PaperArchitecture_map20x20_rho1_10Agent/K3_HS0/1765553512 - End of loop ##################  
 ####### Case632 	 Computation time:0.6930713653564453 	 Step21/38	- AllReachGoal-True

2025-12-12 16:54:25,937 - PaperAgentLogger - INFO - current rateReachGoal: 0
2025-12-12 16:54:25,956 - PaperAgentLogger - DEBUG - New map
2025-12-12 16:54:27,969 - PaperAgentLogger - INFO - ################## PaperArchitecture_map20x20_rho1_10Agent/K3_HS0/1765553512 - End of loop ##################  
 ####### Case633 	 Computation time:2.0121023654937744 	 Step62/62	- AllReachGoal-False

2025-12-12 16:54:27,969 - PaperAgentLogger - INFO - current rateReachGoal: 0
2025-12-12 16:54:27,986 - PaperAgentLogger - DEBUG - New map
2025-12-12 16:54:28,868 - PaperAgentLogger - INFO - ################## PaperArchitecture_map20x20_rho1_10Agent/K3_HS0/1765553512 - End of loop ##################  
 ####### Case634 	 Computation time:0.8813159465789795 	 Step27/44	- AllReachGoal-True

2025-12-12 16:54:28,869 - PaperAgentLogger - INFO - current rateReachGoal: 0
2025-12-12 16:54:28,889 - PaperAgentLogger - DEBUG - New map
2025-12-12 16:54:30,976 - PaperAgentLogger - INFO - ################## PaperArchitecture_map20x20_rho1_10Agent/K3_HS0/1765553512 - End of loop ##################  
 ####### Case635 	 Computation time:2.086236000061035 	 Step64/64	- AllReachGoal-False

2025-12-12 16:54:30,976 - PaperAgentLogger - INFO - current rateReachGoal: 0
2025-12-12 16:54:30,995 - PaperAgentLogger - DEBUG - New map
2025-12-12 16:54:31,950 - PaperAgentLogger - INFO - ################## PaperArchitecture_map20x20_rho1_10Agent/K3_HS0/1765553512 - End of loop ##################  
 ####### Case636 	 Computation time:0.9540574550628662 	 Step29/56	- AllReachGoal-True

2025-12-12 16:54:31,951 - PaperAgentLogger - INFO - current rateReachGoal: 0
2025-12-12 16:54:31,968 - PaperAgentLogger - DEBUG - New map
2025-12-12 16:54:33,656 - PaperAgentLogger - INFO - ################## PaperArchitecture_map20x20_rho1_10Agent/K3_HS0/1765553512 - End of loop ##################  
 ####### Case637 	 Computation time:1.687476396560669 	 Step52/52	- AllReachGoal-False

2025-12-12 16:54:33,657 - PaperAgentLogger - INFO - current rateReachGoal: 0
2025-12-12 16:54:33,678 - PaperAgentLogger - DEBUG - New map
2025-12-12 16:54:35,852 - PaperAgentLogger - INFO - ################## PaperArchitecture_map20x20_rho1_10Agent/K3_HS0/1765553512 - End of loop ##################  
 ####### Case638 	 Computation time:2.1736130714416504 	 Step66/66	- AllReachGoal-False

2025-12-12 16:54:35,853 - PaperAgentLogger - INFO - current rateReachGoal: 0
2025-12-12 16:54:35,872 - PaperAgentLogger - DEBUG - New map
2025-12-12 16:54:36,945 - PaperAgentLogger - INFO - ################## PaperArchitecture_map20x20_rho1_10Agent/K3_HS0/1765553512 - End of loop ##################  
 ####### Case639 	 Computation time:1.0722603797912598 	 Step32/62	- AllReachGoal-True

2025-12-12 16:54:36,946 - PaperAgentLogger - INFO - current rateReachGoal: 0
2025-12-12 16:54:36,964 - PaperAgentLogger - DEBUG - New map
2025-12-12 16:54:37,948 - PaperAgentLogger - INFO - ################## PaperArchitecture_map20x20_rho1_10Agent/K3_HS0/1765553512 - End of loop ##################  
 ####### Case640 	 Computation time:0.9834411144256592 	 Step30/56	- AllReachGoal-True

2025-12-12 16:54:37,949 - PaperAgentLogger - INFO - current rateReachGoal: 0
2025-12-12 16:54:37,969 - PaperAgentLogger - DEBUG - New map
2025-12-12 16:54:40,186 - PaperAgentLogger - INFO - ################## PaperArchitecture_map20x20_rho1_10Agent/K3_HS0/1765553512 - End of loop ##################  
 ####### Case641 	 Computation time:2.2163867950439453 	 Step68/68	- AllReachGoal-False

2025-12-12 16:54:40,187 - PaperAgentLogger - INFO - current rateReachGoal: 0
2025-12-12 16:54:40,206 - PaperAgentLogger - DEBUG - New map
2025-12-12 16:54:42,589 - PaperAgentLogger - INFO - ################## PaperArchitecture_map20x20_rho1_10Agent/K3_HS0/1765553512 - End of loop ##################  
 ####### Case642 	 Computation time:2.382413864135742 	 Step70/70	- AllReachGoal-False

2025-12-12 16:54:42,590 - PaperAgentLogger - INFO - current rateReachGoal: 0
2025-12-12 16:54:42,609 - PaperAgentLogger - DEBUG - New map
2025-12-12 16:54:44,471 - PaperAgentLogger - INFO - ################## PaperArchitecture_map20x20_rho1_10Agent/K3_HS0/1765553512 - End of loop ##################  
 ####### Case643 	 Computation time:1.8618524074554443 	 Step54/54	- AllReachGoal-False

2025-12-12 16:54:44,472 - PaperAgentLogger - INFO - current rateReachGoal: 0
2025-12-12 16:54:44,490 - PaperAgentLogger - DEBUG - New map
2025-12-12 16:54:46,105 - PaperAgentLogger - INFO - ################## PaperArchitecture_map20x20_rho1_10Agent/K3_HS0/1765553512 - End of loop ##################  
 ####### Case644 	 Computation time:1.6146748065948486 	 Step48/48	- AllReachGoal-False

2025-12-12 16:54:46,105 - PaperAgentLogger - INFO - current rateReachGoal: 0
2025-12-12 16:54:46,123 - PaperAgentLogger - DEBUG - New map
2025-12-12 16:54:47,040 - PaperAgentLogger - INFO - ################## PaperArchitecture_map20x20_rho1_10Agent/K3_HS0/1765553512 - End of loop ##################  
 ####### Case645 	 Computation time:0.9165730476379395 	 Step27/54	- AllReachGoal-True

2025-12-12 16:54:47,041 - PaperAgentLogger - INFO - current rateReachGoal: 0
2025-12-12 16:54:47,059 - PaperAgentLogger - DEBUG - New map
2025-12-12 16:54:48,861 - PaperAgentLogger - INFO - ################## PaperArchitecture_map20x20_rho1_10Agent/K3_HS0/1765553512 - End of loop ##################  
 ####### Case646 	 Computation time:1.8013916015625 	 Step54/54	- AllReachGoal-False

2025-12-12 16:54:48,862 - PaperAgentLogger - INFO - current rateReachGoal: 0
2025-12-12 16:54:48,881 - PaperAgentLogger - DEBUG - New map
2025-12-12 16:54:51,208 - PaperAgentLogger - INFO - ################## PaperArchitecture_map20x20_rho1_10Agent/K3_HS0/1765553512 - End of loop ##################  
 ####### Case647 	 Computation time:2.3265602588653564 	 Step68/68	- AllReachGoal-False

2025-12-12 16:54:51,209 - PaperAgentLogger - INFO - current rateReachGoal: 0
2025-12-12 16:54:51,227 - PaperAgentLogger - DEBUG - New map
2025-12-12 16:54:53,014 - PaperAgentLogger - INFO - ################## PaperArchitecture_map20x20_rho1_10Agent/K3_HS0/1765553512 - End of loop ##################  
 ####### Case648 	 Computation time:1.786982536315918 	 Step52/52	- AllReachGoal-False

2025-12-12 16:54:53,015 - PaperAgentLogger - INFO - current rateReachGoal: 0
2025-12-12 16:54:53,032 - PaperAgentLogger - DEBUG - New map
2025-12-12 16:54:54,340 - PaperAgentLogger - INFO - ################## PaperArchitecture_map20x20_rho1_10Agent/K3_HS0/1765553512 - End of loop ##################  
 ####### Case649 	 Computation time:1.3076002597808838 	 Step38/48	- AllReachGoal-True

2025-12-12 16:54:54,343 - PaperAgentLogger - INFO - current rateReachGoal: 0
2025-12-12 16:54:54,360 - PaperAgentLogger - DEBUG - New map
2025-12-12 16:54:56,070 - PaperAgentLogger - INFO - ################## PaperArchitecture_map20x20_rho1_10Agent/K3_HS0/1765553512 - End of loop ##################  
 ####### Case650 	 Computation time:1.709181308746338 	 Step50/50	- AllReachGoal-False

2025-12-12 16:54:56,070 - PaperAgentLogger - INFO - current rateReachGoal: 0
2025-12-12 16:54:56,086 - PaperAgentLogger - DEBUG - New map
2025-12-12 16:54:56,800 - PaperAgentLogger - INFO - ################## PaperArchitecture_map20x20_rho1_10Agent/K3_HS0/1765553512 - End of loop ##################  
 ####### Case651 	 Computation time:0.7140192985534668 	 Step22/44	- AllReachGoal-True

2025-12-12 16:54:56,801 - PaperAgentLogger - INFO - current rateReachGoal: 0
2025-12-12 16:54:56,819 - PaperAgentLogger - DEBUG - New map
2025-12-12 16:54:58,925 - PaperAgentLogger - INFO - ################## PaperArchitecture_map20x20_rho1_10Agent/K3_HS0/1765553512 - End of loop ##################  
 ####### Case652 	 Computation time:2.104915142059326 	 Step62/62	- AllReachGoal-False

2025-12-12 16:54:58,926 - PaperAgentLogger - INFO - current rateReachGoal: 0
2025-12-12 16:54:58,944 - PaperAgentLogger - DEBUG - New map
2025-12-12 16:55:00,114 - PaperAgentLogger - INFO - ################## PaperArchitecture_map20x20_rho1_10Agent/K3_HS0/1765553512 - End of loop ##################  
 ####### Case653 	 Computation time:1.1699838638305664 	 Step36/54	- AllReachGoal-True

2025-12-12 16:55:00,117 - PaperAgentLogger - INFO - current rateReachGoal: 0
2025-12-12 16:55:00,134 - PaperAgentLogger - DEBUG - New map
2025-12-12 16:55:01,277 - PaperAgentLogger - INFO - ################## PaperArchitecture_map20x20_rho1_10Agent/K3_HS0/1765553512 - End of loop ##################  
 ####### Case654 	 Computation time:1.1428539752960205 	 Step34/52	- AllReachGoal-True

2025-12-12 16:55:01,278 - PaperAgentLogger - INFO - current rateReachGoal: 0
2025-12-12 16:55:01,295 - PaperAgentLogger - DEBUG - New map
2025-12-12 16:55:02,361 - PaperAgentLogger - INFO - ################## PaperArchitecture_map20x20_rho1_10Agent/K3_HS0/1765553512 - End of loop ##################  
 ####### Case655 	 Computation time:1.065598726272583 	 Step31/58	- AllReachGoal-True

2025-12-12 16:55:02,362 - PaperAgentLogger - INFO - current rateReachGoal: 0
2025-12-12 16:55:02,379 - PaperAgentLogger - DEBUG - New map
2025-12-12 16:55:03,668 - PaperAgentLogger - INFO - ################## PaperArchitecture_map20x20_rho1_10Agent/K3_HS0/1765553512 - End of loop ##################  
 ####### Case656 	 Computation time:1.2888884544372559 	 Step38/52	- AllReachGoal-True

2025-12-12 16:55:03,669 - PaperAgentLogger - INFO - current rateReachGoal: 0
2025-12-12 16:55:03,686 - PaperAgentLogger - DEBUG - New map
2025-12-12 16:55:05,133 - PaperAgentLogger - INFO - ################## PaperArchitecture_map20x20_rho1_10Agent/K3_HS0/1765553512 - End of loop ##################  
 ####### Case657 	 Computation time:1.4462382793426514 	 Step42/48	- AllReachGoal-True

2025-12-12 16:55:05,135 - PaperAgentLogger - INFO - current rateReachGoal: 0
2025-12-12 16:55:05,151 - PaperAgentLogger - DEBUG - New map
2025-12-12 16:55:06,011 - PaperAgentLogger - INFO - ################## PaperArchitecture_map20x20_rho1_10Agent/K3_HS0/1765553512 - End of loop ##################  
 ####### Case658 	 Computation time:0.8591957092285156 	 Step26/44	- AllReachGoal-True

2025-12-12 16:55:06,012 - PaperAgentLogger - INFO - current rateReachGoal: 0
2025-12-12 16:55:06,030 - PaperAgentLogger - DEBUG - New map
2025-12-12 16:55:07,067 - PaperAgentLogger - INFO - ################## PaperArchitecture_map20x20_rho1_10Agent/K3_HS0/1765553512 - End of loop ##################  
 ####### Case659 	 Computation time:1.0369055271148682 	 Step30/56	- AllReachGoal-True

2025-12-12 16:55:07,068 - PaperAgentLogger - INFO - current rateReachGoal: 0
2025-12-12 16:55:07,085 - PaperAgentLogger - DEBUG - New map
2025-12-12 16:55:08,875 - PaperAgentLogger - INFO - ################## PaperArchitecture_map20x20_rho1_10Agent/K3_HS0/1765553512 - End of loop ##################  
 ####### Case660 	 Computation time:1.7890923023223877 	 Step52/52	- AllReachGoal-False

2025-12-12 16:55:08,875 - PaperAgentLogger - INFO - current rateReachGoal: 0
2025-12-12 16:55:08,892 - PaperAgentLogger - DEBUG - New map
2025-12-12 16:55:10,550 - PaperAgentLogger - INFO - ################## PaperArchitecture_map20x20_rho1_10Agent/K3_HS0/1765553512 - End of loop ##################  
 ####### Case661 	 Computation time:1.6571753025054932 	 Step48/48	- AllReachGoal-False

2025-12-12 16:55:10,550 - PaperAgentLogger - INFO - current rateReachGoal: 0
2025-12-12 16:55:10,567 - PaperAgentLogger - DEBUG - New map
2025-12-12 16:55:11,529 - PaperAgentLogger - INFO - ################## PaperArchitecture_map20x20_rho1_10Agent/K3_HS0/1765553512 - End of loop ##################  
 ####### Case662 	 Computation time:0.9616305828094482 	 Step28/56	- AllReachGoal-True

2025-12-12 16:55:11,530 - PaperAgentLogger - INFO - current rateReachGoal: 0
2025-12-12 16:55:11,548 - PaperAgentLogger - DEBUG - New map
2025-12-12 16:55:12,430 - PaperAgentLogger - INFO - ################## PaperArchitecture_map20x20_rho1_10Agent/K3_HS0/1765553512 - End of loop ##################  
 ####### Case663 	 Computation time:0.8808104991912842 	 Step26/52	- AllReachGoal-True

2025-12-12 16:55:12,430 - PaperAgentLogger - INFO - current rateReachGoal: 0
2025-12-12 16:55:12,449 - PaperAgentLogger - DEBUG - New map
2025-12-12 16:55:13,371 - PaperAgentLogger - INFO - ################## PaperArchitecture_map20x20_rho1_10Agent/K3_HS0/1765553512 - End of loop ##################  
 ####### Case664 	 Computation time:0.9210059642791748 	 Step28/56	- AllReachGoal-True

2025-12-12 16:55:13,372 - PaperAgentLogger - INFO - current rateReachGoal: 0
2025-12-12 16:55:13,391 - PaperAgentLogger - DEBUG - New map
2025-12-12 16:55:15,343 - PaperAgentLogger - INFO - ################## PaperArchitecture_map20x20_rho1_10Agent/K3_HS0/1765553512 - End of loop ##################  
 ####### Case665 	 Computation time:1.9517743587493896 	 Step60/60	- AllReachGoal-False

2025-12-12 16:55:15,344 - PaperAgentLogger - INFO - current rateReachGoal: 0
2025-12-12 16:55:15,364 - PaperAgentLogger - DEBUG - New map
2025-12-12 16:55:17,507 - PaperAgentLogger - INFO - ################## PaperArchitecture_map20x20_rho1_10Agent/K3_HS0/1765553512 - End of loop ##################  
 ####### Case666 	 Computation time:2.142563581466675 	 Step66/66	- AllReachGoal-False

2025-12-12 16:55:17,507 - PaperAgentLogger - INFO - current rateReachGoal: 0
2025-12-12 16:55:17,526 - PaperAgentLogger - DEBUG - New map
2025-12-12 16:55:18,425 - PaperAgentLogger - INFO - ################## PaperArchitecture_map20x20_rho1_10Agent/K3_HS0/1765553512 - End of loop ##################  
 ####### Case667 	 Computation time:0.8980567455291748 	 Step27/54	- AllReachGoal-True

2025-12-12 16:55:18,425 - PaperAgentLogger - INFO - current rateReachGoal: 0
2025-12-12 16:55:18,446 - PaperAgentLogger - DEBUG - New map
2025-12-12 16:55:19,553 - PaperAgentLogger - INFO - ################## PaperArchitecture_map20x20_rho1_10Agent/K3_HS0/1765553512 - End of loop ##################  
 ####### Case668 	 Computation time:1.1064414978027344 	 Step34/66	- AllReachGoal-True

2025-12-12 16:55:19,554 - PaperAgentLogger - INFO - current rateReachGoal: 0
2025-12-12 16:55:19,569 - PaperAgentLogger - DEBUG - New map
2025-12-12 16:55:20,952 - PaperAgentLogger - INFO - ################## PaperArchitecture_map20x20_rho1_10Agent/K3_HS0/1765553512 - End of loop ##################  
 ####### Case669 	 Computation time:1.38234543800354 	 Step42/42	- AllReachGoal-False

2025-12-12 16:55:20,953 - PaperAgentLogger - INFO - current rateReachGoal: 0
2025-12-12 16:55:20,973 - PaperAgentLogger - DEBUG - New map
2025-12-12 16:55:23,074 - PaperAgentLogger - INFO - ################## PaperArchitecture_map20x20_rho1_10Agent/K3_HS0/1765553512 - End of loop ##################  
 ####### Case670 	 Computation time:2.0998969078063965 	 Step64/64	- AllReachGoal-False

2025-12-12 16:55:23,075 - PaperAgentLogger - INFO - current rateReachGoal: 0
2025-12-12 16:55:23,094 - PaperAgentLogger - DEBUG - New map
2025-12-12 16:55:24,173 - PaperAgentLogger - INFO - ################## PaperArchitecture_map20x20_rho1_10Agent/K3_HS0/1765553512 - End of loop ##################  
 ####### Case671 	 Computation time:1.0780229568481445 	 Step33/62	- AllReachGoal-True

2025-12-12 16:55:24,173 - PaperAgentLogger - INFO - current rateReachGoal: 0
2025-12-12 16:55:24,193 - PaperAgentLogger - DEBUG - New map
2025-12-12 16:55:25,387 - PaperAgentLogger - INFO - ################## PaperArchitecture_map20x20_rho1_10Agent/K3_HS0/1765553512 - End of loop ##################  
 ####### Case672 	 Computation time:1.1942179203033447 	 Step35/68	- AllReachGoal-True

2025-12-12 16:55:25,388 - PaperAgentLogger - INFO - current rateReachGoal: 0
2025-12-12 16:55:25,406 - PaperAgentLogger - DEBUG - New map
2025-12-12 16:55:26,479 - PaperAgentLogger - INFO - ################## PaperArchitecture_map20x20_rho1_10Agent/K3_HS0/1765553512 - End of loop ##################  
 ####### Case673 	 Computation time:1.0731127262115479 	 Step33/48	- AllReachGoal-True

2025-12-12 16:55:26,480 - PaperAgentLogger - INFO - current rateReachGoal: 0
2025-12-12 16:55:26,497 - PaperAgentLogger - DEBUG - New map
2025-12-12 16:55:27,487 - PaperAgentLogger - INFO - ################## PaperArchitecture_map20x20_rho1_10Agent/K3_HS0/1765553512 - End of loop ##################  
 ####### Case674 	 Computation time:0.9891901016235352 	 Step30/54	- AllReachGoal-True

2025-12-12 16:55:27,487 - PaperAgentLogger - INFO - current rateReachGoal: 0
2025-12-12 16:55:27,503 - PaperAgentLogger - DEBUG - New map
2025-12-12 16:55:28,258 - PaperAgentLogger - INFO - ################## PaperArchitecture_map20x20_rho1_10Agent/K3_HS0/1765553512 - End of loop ##################  
 ####### Case675 	 Computation time:0.754375696182251 	 Step23/44	- AllReachGoal-True

2025-12-12 16:55:28,260 - PaperAgentLogger - INFO - current rateReachGoal: 0
2025-12-12 16:55:28,277 - PaperAgentLogger - DEBUG - New map
2025-12-12 16:55:29,917 - PaperAgentLogger - INFO - ################## PaperArchitecture_map20x20_rho1_10Agent/K3_HS0/1765553512 - End of loop ##################  
 ####### Case676 	 Computation time:1.6392707824707031 	 Step50/50	- AllReachGoal-False

2025-12-12 16:55:29,918 - PaperAgentLogger - INFO - current rateReachGoal: 0
2025-12-12 16:55:29,935 - PaperAgentLogger - DEBUG - New map
2025-12-12 16:55:30,758 - PaperAgentLogger - INFO - ################## PaperArchitecture_map20x20_rho1_10Agent/K3_HS0/1765553512 - End of loop ##################  
 ####### Case677 	 Computation time:0.8225507736206055 	 Step25/50	- AllReachGoal-True

2025-12-12 16:55:30,758 - PaperAgentLogger - INFO - current rateReachGoal: 0
2025-12-12 16:55:30,776 - PaperAgentLogger - DEBUG - New map
2025-12-12 16:55:32,168 - PaperAgentLogger - INFO - ################## PaperArchitecture_map20x20_rho1_10Agent/K3_HS0/1765553512 - End of loop ##################  
 ####### Case678 	 Computation time:1.390946388244629 	 Step42/56	- AllReachGoal-True

2025-12-12 16:55:32,168 - PaperAgentLogger - INFO - current rateReachGoal: 0
2025-12-12 16:55:32,186 - PaperAgentLogger - DEBUG - New map
2025-12-12 16:55:34,118 - PaperAgentLogger - INFO - ################## PaperArchitecture_map20x20_rho1_10Agent/K3_HS0/1765553512 - End of loop ##################  
 ####### Case679 	 Computation time:1.93092942237854 	 Step56/56	- AllReachGoal-False

2025-12-12 16:55:34,119 - PaperAgentLogger - INFO - current rateReachGoal: 0
2025-12-12 16:55:34,136 - PaperAgentLogger - DEBUG - New map
2025-12-12 16:55:35,734 - PaperAgentLogger - INFO - ################## PaperArchitecture_map20x20_rho1_10Agent/K3_HS0/1765553512 - End of loop ##################  
 ####### Case680 	 Computation time:1.5976929664611816 	 Step48/48	- AllReachGoal-False

2025-12-12 16:55:35,735 - PaperAgentLogger - INFO - current rateReachGoal: 0
2025-12-12 16:55:35,752 - PaperAgentLogger - DEBUG - New map
2025-12-12 16:55:37,467 - PaperAgentLogger - INFO - ################## PaperArchitecture_map20x20_rho1_10Agent/K3_HS0/1765553512 - End of loop ##################  
 ####### Case681 	 Computation time:1.713930606842041 	 Step52/52	- AllReachGoal-False

2025-12-12 16:55:37,467 - PaperAgentLogger - INFO - current rateReachGoal: 0
2025-12-12 16:55:37,483 - PaperAgentLogger - DEBUG - New map
2025-12-12 16:55:38,702 - PaperAgentLogger - INFO - ################## PaperArchitecture_map20x20_rho1_10Agent/K3_HS0/1765553512 - End of loop ##################  
 ####### Case682 	 Computation time:1.2186133861541748 	 Step36/36	- AllReachGoal-False

2025-12-12 16:55:38,703 - PaperAgentLogger - INFO - current rateReachGoal: 0
2025-12-12 16:55:38,721 - PaperAgentLogger - DEBUG - New map
2025-12-12 16:55:40,560 - PaperAgentLogger - INFO - ################## PaperArchitecture_map20x20_rho1_10Agent/K3_HS0/1765553512 - End of loop ##################  
 ####### Case683 	 Computation time:1.8379344940185547 	 Step54/54	- AllReachGoal-False

2025-12-12 16:55:40,560 - PaperAgentLogger - INFO - current rateReachGoal: 0
2025-12-12 16:55:40,578 - PaperAgentLogger - DEBUG - New map
2025-12-12 16:55:42,491 - PaperAgentLogger - INFO - ################## PaperArchitecture_map20x20_rho1_10Agent/K3_HS0/1765553512 - End of loop ##################  
 ####### Case684 	 Computation time:1.912137746810913 	 Step56/56	- AllReachGoal-False

2025-12-12 16:55:42,492 - PaperAgentLogger - INFO - current rateReachGoal: 0
2025-12-12 16:55:42,510 - PaperAgentLogger - DEBUG - New map
2025-12-12 16:55:44,502 - PaperAgentLogger - INFO - ################## PaperArchitecture_map20x20_rho1_10Agent/K3_HS0/1765553512 - End of loop ##################  
 ####### Case685 	 Computation time:1.9916951656341553 	 Step58/58	- AllReachGoal-False

2025-12-12 16:55:44,503 - PaperAgentLogger - INFO - current rateReachGoal: 0
2025-12-12 16:55:44,521 - PaperAgentLogger - DEBUG - New map
2025-12-12 16:55:46,398 - PaperAgentLogger - INFO - ################## PaperArchitecture_map20x20_rho1_10Agent/K3_HS0/1765553512 - End of loop ##################  
 ####### Case686 	 Computation time:1.8764898777008057 	 Step56/56	- AllReachGoal-False

2025-12-12 16:55:46,399 - PaperAgentLogger - INFO - current rateReachGoal: 0
2025-12-12 16:55:46,417 - PaperAgentLogger - DEBUG - New map
2025-12-12 16:55:48,440 - PaperAgentLogger - INFO - ################## PaperArchitecture_map20x20_rho1_10Agent/K3_HS0/1765553512 - End of loop ##################  
 ####### Case687 	 Computation time:2.0221705436706543 	 Step60/60	- AllReachGoal-False

2025-12-12 16:55:48,441 - PaperAgentLogger - INFO - current rateReachGoal: 0
2025-12-12 16:55:48,458 - PaperAgentLogger - DEBUG - New map
2025-12-12 16:55:49,497 - PaperAgentLogger - INFO - ################## PaperArchitecture_map20x20_rho1_10Agent/K3_HS0/1765553512 - End of loop ##################  
 ####### Case688 	 Computation time:1.0376107692718506 	 Step31/54	- AllReachGoal-True

2025-12-12 16:55:49,497 - PaperAgentLogger - INFO - current rateReachGoal: 0
2025-12-12 16:55:49,514 - PaperAgentLogger - DEBUG - New map
2025-12-12 16:55:50,478 - PaperAgentLogger - INFO - ################## PaperArchitecture_map20x20_rho1_10Agent/K3_HS0/1765553512 - End of loop ##################  
 ####### Case689 	 Computation time:0.9629616737365723 	 Step29/56	- AllReachGoal-True

2025-12-12 16:55:50,479 - PaperAgentLogger - INFO - current rateReachGoal: 0
2025-12-12 16:55:50,496 - PaperAgentLogger - DEBUG - New map
2025-12-12 16:55:51,463 - PaperAgentLogger - INFO - ################## PaperArchitecture_map20x20_rho1_10Agent/K3_HS0/1765553512 - End of loop ##################  
 ####### Case690 	 Computation time:0.9665844440460205 	 Step28/46	- AllReachGoal-True

2025-12-12 16:55:51,465 - PaperAgentLogger - INFO - current rateReachGoal: 0
2025-12-12 16:55:51,486 - PaperAgentLogger - DEBUG - New map
2025-12-12 16:55:52,711 - PaperAgentLogger - INFO - ################## PaperArchitecture_map20x20_rho1_10Agent/K3_HS0/1765553512 - End of loop ##################  
 ####### Case691 	 Computation time:1.224029302597046 	 Step36/72	- AllReachGoal-True

2025-12-12 16:55:52,711 - PaperAgentLogger - INFO - current rateReachGoal: 0
2025-12-12 16:55:52,732 - PaperAgentLogger - DEBUG - New map
2025-12-12 16:55:54,882 - PaperAgentLogger - INFO - ################## PaperArchitecture_map20x20_rho1_10Agent/K3_HS0/1765553512 - End of loop ##################  
 ####### Case692 	 Computation time:2.1496503353118896 	 Step66/66	- AllReachGoal-False

2025-12-12 16:55:54,883 - PaperAgentLogger - INFO - current rateReachGoal: 0
2025-12-12 16:55:54,900 - PaperAgentLogger - DEBUG - New map
2025-12-12 16:55:56,643 - PaperAgentLogger - INFO - ################## PaperArchitecture_map20x20_rho1_10Agent/K3_HS0/1765553512 - End of loop ##################  
 ####### Case693 	 Computation time:1.742586374282837 	 Step54/54	- AllReachGoal-False

2025-12-12 16:55:56,644 - PaperAgentLogger - INFO - current rateReachGoal: 0
2025-12-12 16:55:56,661 - PaperAgentLogger - DEBUG - New map
2025-12-12 16:55:57,604 - PaperAgentLogger - INFO - ################## PaperArchitecture_map20x20_rho1_10Agent/K3_HS0/1765553512 - End of loop ##################  
 ####### Case694 	 Computation time:0.9430053234100342 	 Step29/50	- AllReachGoal-True

2025-12-12 16:55:57,605 - PaperAgentLogger - INFO - current rateReachGoal: 0
2025-12-12 16:55:57,622 - PaperAgentLogger - DEBUG - New map
2025-12-12 16:55:59,192 - PaperAgentLogger - INFO - ################## PaperArchitecture_map20x20_rho1_10Agent/K3_HS0/1765553512 - End of loop ##################  
 ####### Case695 	 Computation time:1.569148302078247 	 Step48/48	- AllReachGoal-False

2025-12-12 16:55:59,192 - PaperAgentLogger - INFO - current rateReachGoal: 0
2025-12-12 16:55:59,211 - PaperAgentLogger - DEBUG - New map
2025-12-12 16:56:00,964 - PaperAgentLogger - INFO - ################## PaperArchitecture_map20x20_rho1_10Agent/K3_HS0/1765553512 - End of loop ##################  
 ####### Case696 	 Computation time:1.753016471862793 	 Step54/54	- AllReachGoal-False

2025-12-12 16:56:00,965 - PaperAgentLogger - INFO - current rateReachGoal: 0
2025-12-12 16:56:00,980 - PaperAgentLogger - DEBUG - New map
2025-12-12 16:56:01,715 - PaperAgentLogger - INFO - ################## PaperArchitecture_map20x20_rho1_10Agent/K3_HS0/1765553512 - End of loop ##################  
 ####### Case697 	 Computation time:0.7340569496154785 	 Step22/40	- AllReachGoal-True

2025-12-12 16:56:01,716 - PaperAgentLogger - INFO - current rateReachGoal: 0
2025-12-12 16:56:01,735 - PaperAgentLogger - DEBUG - New map
2025-12-12 16:56:03,857 - PaperAgentLogger - INFO - ################## PaperArchitecture_map20x20_rho1_10Agent/K3_HS0/1765553512 - End of loop ##################  
 ####### Case698 	 Computation time:2.1214234828948975 	 Step64/64	- AllReachGoal-False

2025-12-12 16:56:03,858 - PaperAgentLogger - INFO - current rateReachGoal: 0
2025-12-12 16:56:03,874 - PaperAgentLogger - DEBUG - New map
2025-12-12 16:56:04,701 - PaperAgentLogger - INFO - ################## PaperArchitecture_map20x20_rho1_10Agent/K3_HS0/1765553512 - End of loop ##################  
 ####### Case699 	 Computation time:0.8264975547790527 	 Step25/50	- AllReachGoal-True

2025-12-12 16:56:04,702 - PaperAgentLogger - INFO - current rateReachGoal: 0
2025-12-12 16:56:04,721 - PaperAgentLogger - DEBUG - New map
2025-12-12 16:56:06,057 - PaperAgentLogger - INFO - ################## PaperArchitecture_map20x20_rho1_10Agent/K3_HS0/1765553512 - End of loop ##################  
 ####### Case700 	 Computation time:1.3348934650421143 	 Step41/72	- AllReachGoal-True

2025-12-12 16:56:06,059 - PaperAgentLogger - INFO - current rateReachGoal: 0
2025-12-12 16:56:06,076 - PaperAgentLogger - DEBUG - New map
2025-12-12 16:56:06,831 - PaperAgentLogger - INFO - ################## PaperArchitecture_map20x20_rho1_10Agent/K3_HS0/1765553512 - End of loop ##################  
 ####### Case701 	 Computation time:0.7551004886627197 	 Step23/46	- AllReachGoal-True

2025-12-12 16:56:06,832 - PaperAgentLogger - INFO - current rateReachGoal: 0
2025-12-12 16:56:06,851 - PaperAgentLogger - DEBUG - New map
2025-12-12 16:56:07,864 - PaperAgentLogger - INFO - ################## PaperArchitecture_map20x20_rho1_10Agent/K3_HS0/1765553512 - End of loop ##################  
 ####### Case702 	 Computation time:1.0116918087005615 	 Step31/60	- AllReachGoal-True

2025-12-12 16:56:07,864 - PaperAgentLogger - INFO - current rateReachGoal: 0
2025-12-12 16:56:07,879 - PaperAgentLogger - DEBUG - New map
2025-12-12 16:56:08,762 - PaperAgentLogger - INFO - ################## PaperArchitecture_map20x20_rho1_10Agent/K3_HS0/1765553512 - End of loop ##################  
 ####### Case703 	 Computation time:0.8815152645111084 	 Step27/42	- AllReachGoal-True

2025-12-12 16:56:08,762 - PaperAgentLogger - INFO - current rateReachGoal: 0
2025-12-12 16:56:08,781 - PaperAgentLogger - DEBUG - New map
2025-12-12 16:56:09,731 - PaperAgentLogger - INFO - ################## PaperArchitecture_map20x20_rho1_10Agent/K3_HS0/1765553512 - End of loop ##################  
 ####### Case704 	 Computation time:0.9494128227233887 	 Step29/58	- AllReachGoal-True

2025-12-12 16:56:09,731 - PaperAgentLogger - INFO - current rateReachGoal: 0
2025-12-12 16:56:09,751 - PaperAgentLogger - DEBUG - New map
2025-12-12 16:56:11,958 - PaperAgentLogger - INFO - ################## PaperArchitecture_map20x20_rho1_10Agent/K3_HS0/1765553512 - End of loop ##################  
 ####### Case705 	 Computation time:2.2064874172210693 	 Step66/66	- AllReachGoal-False

2025-12-12 16:56:11,958 - PaperAgentLogger - INFO - current rateReachGoal: 0
2025-12-12 16:56:11,977 - PaperAgentLogger - DEBUG - New map
2025-12-12 16:56:13,451 - PaperAgentLogger - INFO - ################## PaperArchitecture_map20x20_rho1_10Agent/K3_HS0/1765553512 - End of loop ##################  
 ####### Case706 	 Computation time:1.473827600479126 	 Step44/60	- AllReachGoal-True

2025-12-12 16:56:13,452 - PaperAgentLogger - INFO - current rateReachGoal: 0
2025-12-12 16:56:13,470 - PaperAgentLogger - DEBUG - New map
2025-12-12 16:56:14,370 - PaperAgentLogger - INFO - ################## PaperArchitecture_map20x20_rho1_10Agent/K3_HS0/1765553512 - End of loop ##################  
 ####### Case707 	 Computation time:0.8996269702911377 	 Step27/54	- AllReachGoal-True

2025-12-12 16:56:14,370 - PaperAgentLogger - INFO - current rateReachGoal: 0
2025-12-12 16:56:14,387 - PaperAgentLogger - DEBUG - New map
2025-12-12 16:56:15,280 - PaperAgentLogger - INFO - ################## PaperArchitecture_map20x20_rho1_10Agent/K3_HS0/1765553512 - End of loop ##################  
 ####### Case708 	 Computation time:0.8921859264373779 	 Step27/54	- AllReachGoal-True

2025-12-12 16:56:15,281 - PaperAgentLogger - INFO - current rateReachGoal: 0
2025-12-12 16:56:15,298 - PaperAgentLogger - DEBUG - New map
2025-12-12 16:56:16,302 - PaperAgentLogger - INFO - ################## PaperArchitecture_map20x20_rho1_10Agent/K3_HS0/1765553512 - End of loop ##################  
 ####### Case709 	 Computation time:1.0025291442871094 	 Step30/50	- AllReachGoal-True

2025-12-12 16:56:16,302 - PaperAgentLogger - INFO - current rateReachGoal: 0
2025-12-12 16:56:16,321 - PaperAgentLogger - DEBUG - New map
2025-12-12 16:56:17,356 - PaperAgentLogger - INFO - ################## PaperArchitecture_map20x20_rho1_10Agent/K3_HS0/1765553512 - End of loop ##################  
 ####### Case710 	 Computation time:1.0349218845367432 	 Step30/58	- AllReachGoal-True

2025-12-12 16:56:17,358 - PaperAgentLogger - INFO - current rateReachGoal: 0
2025-12-12 16:56:17,376 - PaperAgentLogger - DEBUG - New map
2025-12-12 16:56:18,332 - PaperAgentLogger - INFO - ################## PaperArchitecture_map20x20_rho1_10Agent/K3_HS0/1765553512 - End of loop ##################  
 ####### Case711 	 Computation time:0.955904483795166 	 Step29/58	- AllReachGoal-True

2025-12-12 16:56:18,333 - PaperAgentLogger - INFO - current rateReachGoal: 0
2025-12-12 16:56:18,348 - PaperAgentLogger - DEBUG - New map
2025-12-12 16:56:19,822 - PaperAgentLogger - INFO - ################## PaperArchitecture_map20x20_rho1_10Agent/K3_HS0/1765553512 - End of loop ##################  
 ####### Case712 	 Computation time:1.4732489585876465 	 Step44/44	- AllReachGoal-False

2025-12-12 16:56:19,823 - PaperAgentLogger - INFO - current rateReachGoal: 0
2025-12-12 16:56:19,842 - PaperAgentLogger - DEBUG - New map
2025-12-12 16:56:22,097 - PaperAgentLogger - INFO - ################## PaperArchitecture_map20x20_rho1_10Agent/K3_HS0/1765553512 - End of loop ##################  
 ####### Case713 	 Computation time:2.2550389766693115 	 Step66/66	- AllReachGoal-False

2025-12-12 16:56:22,098 - PaperAgentLogger - INFO - current rateReachGoal: 0
2025-12-12 16:56:22,113 - PaperAgentLogger - DEBUG - New map
2025-12-12 16:56:23,219 - PaperAgentLogger - INFO - ################## PaperArchitecture_map20x20_rho1_10Agent/K3_HS0/1765553512 - End of loop ##################  
 ####### Case714 	 Computation time:1.1055896282196045 	 Step34/40	- AllReachGoal-True

2025-12-12 16:56:23,221 - PaperAgentLogger - INFO - current rateReachGoal: 0
2025-12-12 16:56:23,237 - PaperAgentLogger - DEBUG - New map
2025-12-12 16:56:24,795 - PaperAgentLogger - INFO - ################## PaperArchitecture_map20x20_rho1_10Agent/K3_HS0/1765553512 - End of loop ##################  
 ####### Case715 	 Computation time:1.557086706161499 	 Step46/46	- AllReachGoal-False

2025-12-12 16:56:24,796 - PaperAgentLogger - INFO - current rateReachGoal: 0
2025-12-12 16:56:24,812 - PaperAgentLogger - DEBUG - New map
2025-12-12 16:56:25,575 - PaperAgentLogger - INFO - ################## PaperArchitecture_map20x20_rho1_10Agent/K3_HS0/1765553512 - End of loop ##################  
 ####### Case716 	 Computation time:0.7627720832824707 	 Step22/44	- AllReachGoal-True

2025-12-12 16:56:25,576 - PaperAgentLogger - INFO - current rateReachGoal: 0
2025-12-12 16:56:25,591 - PaperAgentLogger - DEBUG - New map
2025-12-12 16:56:26,484 - PaperAgentLogger - INFO - ################## PaperArchitecture_map20x20_rho1_10Agent/K3_HS0/1765553512 - End of loop ##################  
 ####### Case717 	 Computation time:0.8915176391601562 	 Step27/46	- AllReachGoal-True

2025-12-12 16:56:26,484 - PaperAgentLogger - INFO - current rateReachGoal: 0
2025-12-12 16:56:26,502 - PaperAgentLogger - DEBUG - New map
2025-12-12 16:56:28,335 - PaperAgentLogger - INFO - ################## PaperArchitecture_map20x20_rho1_10Agent/K3_HS0/1765553512 - End of loop ##################  
 ####### Case718 	 Computation time:1.8322737216949463 	 Step54/54	- AllReachGoal-False

2025-12-12 16:56:28,336 - PaperAgentLogger - INFO - current rateReachGoal: 0
2025-12-12 16:56:28,354 - PaperAgentLogger - DEBUG - New map
2025-12-12 16:56:30,196 - PaperAgentLogger - INFO - ################## PaperArchitecture_map20x20_rho1_10Agent/K3_HS0/1765553512 - End of loop ##################  
 ####### Case719 	 Computation time:1.8415815830230713 	 Step54/54	- AllReachGoal-False

2025-12-12 16:56:30,197 - PaperAgentLogger - INFO - current rateReachGoal: 0
2025-12-12 16:56:30,214 - PaperAgentLogger - DEBUG - New map
2025-12-12 16:56:31,096 - PaperAgentLogger - INFO - ################## PaperArchitecture_map20x20_rho1_10Agent/K3_HS0/1765553512 - End of loop ##################  
 ####### Case720 	 Computation time:0.8820371627807617 	 Step26/46	- AllReachGoal-True

2025-12-12 16:56:31,097 - PaperAgentLogger - INFO - current rateReachGoal: 0
2025-12-12 16:56:31,114 - PaperAgentLogger - DEBUG - New map
2025-12-12 16:56:32,076 - PaperAgentLogger - INFO - ################## PaperArchitecture_map20x20_rho1_10Agent/K3_HS0/1765553512 - End of loop ##################  
 ####### Case721 	 Computation time:0.961677074432373 	 Step28/50	- AllReachGoal-True

2025-12-12 16:56:32,076 - PaperAgentLogger - INFO - current rateReachGoal: 0
2025-12-12 16:56:32,093 - PaperAgentLogger - DEBUG - New map
2025-12-12 16:56:33,655 - PaperAgentLogger - INFO - ################## PaperArchitecture_map20x20_rho1_10Agent/K3_HS0/1765553512 - End of loop ##################  
 ####### Case722 	 Computation time:1.5619797706604004 	 Step46/46	- AllReachGoal-False

2025-12-12 16:56:33,657 - PaperAgentLogger - INFO - current rateReachGoal: 0
2025-12-12 16:56:33,677 - PaperAgentLogger - DEBUG - New map
2025-12-12 16:56:34,872 - PaperAgentLogger - INFO - ################## PaperArchitecture_map20x20_rho1_10Agent/K3_HS0/1765553512 - End of loop ##################  
 ####### Case723 	 Computation time:1.1952145099639893 	 Step35/66	- AllReachGoal-True

2025-12-12 16:56:34,873 - PaperAgentLogger - INFO - current rateReachGoal: 0
2025-12-12 16:56:34,889 - PaperAgentLogger - DEBUG - New map
2025-12-12 16:56:36,391 - PaperAgentLogger - INFO - ################## PaperArchitecture_map20x20_rho1_10Agent/K3_HS0/1765553512 - End of loop ##################  
 ####### Case724 	 Computation time:1.500915765762329 	 Step44/44	- AllReachGoal-False

2025-12-12 16:56:36,392 - PaperAgentLogger - INFO - current rateReachGoal: 0
2025-12-12 16:56:36,408 - PaperAgentLogger - DEBUG - New map
2025-12-12 16:56:38,052 - PaperAgentLogger - INFO - ################## PaperArchitecture_map20x20_rho1_10Agent/K3_HS0/1765553512 - End of loop ##################  
 ####### Case725 	 Computation time:1.643141269683838 	 Step48/48	- AllReachGoal-False

2025-12-12 16:56:38,052 - PaperAgentLogger - INFO - current rateReachGoal: 0
2025-12-12 16:56:38,070 - PaperAgentLogger - DEBUG - New map
2025-12-12 16:56:38,961 - PaperAgentLogger - INFO - ################## PaperArchitecture_map20x20_rho1_10Agent/K3_HS0/1765553512 - End of loop ##################  
 ####### Case726 	 Computation time:0.8896052837371826 	 Step27/52	- AllReachGoal-True

2025-12-12 16:56:38,963 - PaperAgentLogger - INFO - current rateReachGoal: 0
2025-12-12 16:56:38,979 - PaperAgentLogger - DEBUG - New map
2025-12-12 16:56:39,772 - PaperAgentLogger - INFO - ################## PaperArchitecture_map20x20_rho1_10Agent/K3_HS0/1765553512 - End of loop ##################  
 ####### Case727 	 Computation time:0.7924339771270752 	 Step23/46	- AllReachGoal-True

2025-12-12 16:56:39,773 - PaperAgentLogger - INFO - current rateReachGoal: 0
2025-12-12 16:56:39,793 - PaperAgentLogger - DEBUG - New map
2025-12-12 16:56:41,969 - PaperAgentLogger - INFO - ################## PaperArchitecture_map20x20_rho1_10Agent/K3_HS0/1765553512 - End of loop ##################  
 ####### Case728 	 Computation time:2.1758227348327637 	 Step64/64	- AllReachGoal-False

2025-12-12 16:56:41,970 - PaperAgentLogger - INFO - current rateReachGoal: 0
2025-12-12 16:56:41,988 - PaperAgentLogger - DEBUG - New map
2025-12-12 16:56:42,804 - PaperAgentLogger - INFO - ################## PaperArchitecture_map20x20_rho1_10Agent/K3_HS0/1765553512 - End of loop ##################  
 ####### Case729 	 Computation time:0.8155643939971924 	 Step25/50	- AllReachGoal-True

2025-12-12 16:56:42,804 - PaperAgentLogger - INFO - current rateReachGoal: 0
2025-12-12 16:56:42,822 - PaperAgentLogger - DEBUG - New map
2025-12-12 16:56:43,811 - PaperAgentLogger - INFO - ################## PaperArchitecture_map20x20_rho1_10Agent/K3_HS0/1765553512 - End of loop ##################  
 ####### Case730 	 Computation time:0.9877326488494873 	 Step29/54	- AllReachGoal-True

2025-12-12 16:56:43,811 - PaperAgentLogger - INFO - current rateReachGoal: 0
2025-12-12 16:56:43,830 - PaperAgentLogger - DEBUG - New map
2025-12-12 16:56:44,782 - PaperAgentLogger - INFO - ################## PaperArchitecture_map20x20_rho1_10Agent/K3_HS0/1765553512 - End of loop ##################  
 ####### Case731 	 Computation time:0.9521403312683105 	 Step29/56	- AllReachGoal-True

2025-12-12 16:56:44,783 - PaperAgentLogger - INFO - current rateReachGoal: 0
2025-12-12 16:56:44,800 - PaperAgentLogger - DEBUG - New map
2025-12-12 16:56:46,422 - PaperAgentLogger - INFO - ################## PaperArchitecture_map20x20_rho1_10Agent/K3_HS0/1765553512 - End of loop ##################  
 ####### Case732 	 Computation time:1.6209490299224854 	 Step48/48	- AllReachGoal-False

2025-12-12 16:56:46,422 - PaperAgentLogger - INFO - current rateReachGoal: 0
2025-12-12 16:56:46,440 - PaperAgentLogger - DEBUG - New map
2025-12-12 16:56:48,063 - PaperAgentLogger - INFO - ################## PaperArchitecture_map20x20_rho1_10Agent/K3_HS0/1765553512 - End of loop ##################  
 ####### Case733 	 Computation time:1.62196683883667 	 Step50/50	- AllReachGoal-False

2025-12-12 16:56:48,063 - PaperAgentLogger - INFO - current rateReachGoal: 0
2025-12-12 16:56:48,080 - PaperAgentLogger - DEBUG - New map
2025-12-12 16:56:49,024 - PaperAgentLogger - INFO - ################## PaperArchitecture_map20x20_rho1_10Agent/K3_HS0/1765553512 - End of loop ##################  
 ####### Case734 	 Computation time:0.9434022903442383 	 Step28/56	- AllReachGoal-True

2025-12-12 16:56:49,025 - PaperAgentLogger - INFO - current rateReachGoal: 0
2025-12-12 16:56:49,042 - PaperAgentLogger - DEBUG - New map
2025-12-12 16:56:49,924 - PaperAgentLogger - INFO - ################## PaperArchitecture_map20x20_rho1_10Agent/K3_HS0/1765553512 - End of loop ##################  
 ####### Case735 	 Computation time:0.8814384937286377 	 Step27/48	- AllReachGoal-True

2025-12-12 16:56:49,926 - PaperAgentLogger - INFO - current rateReachGoal: 0
2025-12-12 16:56:49,944 - PaperAgentLogger - DEBUG - New map
2025-12-12 16:56:50,886 - PaperAgentLogger - INFO - ################## PaperArchitecture_map20x20_rho1_10Agent/K3_HS0/1765553512 - End of loop ##################  
 ####### Case736 	 Computation time:0.9415061473846436 	 Step29/52	- AllReachGoal-True

2025-12-12 16:56:50,887 - PaperAgentLogger - INFO - current rateReachGoal: 0
2025-12-12 16:56:50,903 - PaperAgentLogger - DEBUG - New map
2025-12-12 16:56:51,880 - PaperAgentLogger - INFO - ################## PaperArchitecture_map20x20_rho1_10Agent/K3_HS0/1765553512 - End of loop ##################  
 ####### Case737 	 Computation time:0.9768743515014648 	 Step30/48	- AllReachGoal-True

2025-12-12 16:56:51,881 - PaperAgentLogger - INFO - current rateReachGoal: 0
2025-12-12 16:56:51,898 - PaperAgentLogger - DEBUG - New map
2025-12-12 16:56:53,450 - PaperAgentLogger - INFO - ################## PaperArchitecture_map20x20_rho1_10Agent/K3_HS0/1765553512 - End of loop ##################  
 ####### Case738 	 Computation time:1.550781488418579 	 Step48/48	- AllReachGoal-False

2025-12-12 16:56:53,450 - PaperAgentLogger - INFO - current rateReachGoal: 0
2025-12-12 16:56:53,470 - PaperAgentLogger - DEBUG - New map
2025-12-12 16:56:55,547 - PaperAgentLogger - INFO - ################## PaperArchitecture_map20x20_rho1_10Agent/K3_HS0/1765553512 - End of loop ##################  
 ####### Case739 	 Computation time:2.0761067867279053 	 Step64/64	- AllReachGoal-False

2025-12-12 16:56:55,548 - PaperAgentLogger - INFO - current rateReachGoal: 0
2025-12-12 16:56:55,567 - PaperAgentLogger - DEBUG - New map
2025-12-12 16:56:56,553 - PaperAgentLogger - INFO - ################## PaperArchitecture_map20x20_rho1_10Agent/K3_HS0/1765553512 - End of loop ##################  
 ####### Case740 	 Computation time:0.985809326171875 	 Step30/58	- AllReachGoal-True

2025-12-12 16:56:56,554 - PaperAgentLogger - INFO - current rateReachGoal: 0
2025-12-12 16:56:56,570 - PaperAgentLogger - DEBUG - New map
2025-12-12 16:56:57,472 - PaperAgentLogger - INFO - ################## PaperArchitecture_map20x20_rho1_10Agent/K3_HS0/1765553512 - End of loop ##################  
 ####### Case741 	 Computation time:0.9008698463439941 	 Step27/50	- AllReachGoal-True

2025-12-12 16:56:57,472 - PaperAgentLogger - INFO - current rateReachGoal: 0
2025-12-12 16:56:57,491 - PaperAgentLogger - DEBUG - New map
2025-12-12 16:56:58,371 - PaperAgentLogger - INFO - ################## PaperArchitecture_map20x20_rho1_10Agent/K3_HS0/1765553512 - End of loop ##################  
 ####### Case742 	 Computation time:0.8795952796936035 	 Step27/54	- AllReachGoal-True

2025-12-12 16:56:58,371 - PaperAgentLogger - INFO - current rateReachGoal: 0
2025-12-12 16:56:58,388 - PaperAgentLogger - DEBUG - New map
2025-12-12 16:56:59,948 - PaperAgentLogger - INFO - ################## PaperArchitecture_map20x20_rho1_10Agent/K3_HS0/1765553512 - End of loop ##################  
 ####### Case743 	 Computation time:1.5595250129699707 	 Step48/48	- AllReachGoal-False

2025-12-12 16:56:59,949 - PaperAgentLogger - INFO - current rateReachGoal: 0
2025-12-12 16:56:59,966 - PaperAgentLogger - DEBUG - New map
2025-12-12 16:57:00,883 - PaperAgentLogger - INFO - ################## PaperArchitecture_map20x20_rho1_10Agent/K3_HS0/1765553512 - End of loop ##################  
 ####### Case744 	 Computation time:0.9164299964904785 	 Step28/48	- AllReachGoal-True

2025-12-12 16:57:00,885 - PaperAgentLogger - INFO - current rateReachGoal: 0
2025-12-12 16:57:00,902 - PaperAgentLogger - DEBUG - New map
2025-12-12 16:57:02,658 - PaperAgentLogger - INFO - ################## PaperArchitecture_map20x20_rho1_10Agent/K3_HS0/1765553512 - End of loop ##################  
 ####### Case745 	 Computation time:1.7556307315826416 	 Step54/54	- AllReachGoal-False

2025-12-12 16:57:02,659 - PaperAgentLogger - INFO - current rateReachGoal: 0
2025-12-12 16:57:02,678 - PaperAgentLogger - DEBUG - New map
2025-12-12 16:57:03,931 - PaperAgentLogger - INFO - ################## PaperArchitecture_map20x20_rho1_10Agent/K3_HS0/1765553512 - End of loop ##################  
 ####### Case746 	 Computation time:1.2525274753570557 	 Step38/56	- AllReachGoal-True

2025-12-12 16:57:03,932 - PaperAgentLogger - INFO - current rateReachGoal: 0
2025-12-12 16:57:03,949 - PaperAgentLogger - DEBUG - New map
2025-12-12 16:57:04,833 - PaperAgentLogger - INFO - ################## PaperArchitecture_map20x20_rho1_10Agent/K3_HS0/1765553512 - End of loop ##################  
 ####### Case747 	 Computation time:0.883953332901001 	 Step27/50	- AllReachGoal-True

2025-12-12 16:57:04,834 - PaperAgentLogger - INFO - current rateReachGoal: 0
2025-12-12 16:57:04,853 - PaperAgentLogger - DEBUG - New map
2025-12-12 16:57:06,790 - PaperAgentLogger - INFO - ################## PaperArchitecture_map20x20_rho1_10Agent/K3_HS0/1765553512 - End of loop ##################  
 ####### Case748 	 Computation time:1.9369163513183594 	 Step58/58	- AllReachGoal-False

2025-12-12 16:57:06,791 - PaperAgentLogger - INFO - current rateReachGoal: 0
2025-12-12 16:57:06,808 - PaperAgentLogger - DEBUG - New map
2025-12-12 16:57:08,562 - PaperAgentLogger - INFO - ################## PaperArchitecture_map20x20_rho1_10Agent/K3_HS0/1765553512 - End of loop ##################  
 ####### Case749 	 Computation time:1.753187656402588 	 Step54/54	- AllReachGoal-False

2025-12-12 16:57:08,563 - PaperAgentLogger - INFO - current rateReachGoal: 0
2025-12-12 16:57:08,582 - PaperAgentLogger - DEBUG - New map
2025-12-12 16:57:10,392 - PaperAgentLogger - INFO - ################## PaperArchitecture_map20x20_rho1_10Agent/K3_HS0/1765553512 - End of loop ##################  
 ####### Case750 	 Computation time:1.809523105621338 	 Step54/54	- AllReachGoal-False

2025-12-12 16:57:10,393 - PaperAgentLogger - INFO - current rateReachGoal: 0
2025-12-12 16:57:10,411 - PaperAgentLogger - DEBUG - New map
2025-12-12 16:57:11,752 - PaperAgentLogger - INFO - ################## PaperArchitecture_map20x20_rho1_10Agent/K3_HS0/1765553512 - End of loop ##################  
 ####### Case751 	 Computation time:1.3411612510681152 	 Step42/56	- AllReachGoal-True

2025-12-12 16:57:11,753 - PaperAgentLogger - INFO - current rateReachGoal: 0
2025-12-12 16:57:11,769 - PaperAgentLogger - DEBUG - New map
2025-12-12 16:57:13,296 - PaperAgentLogger - INFO - ################## PaperArchitecture_map20x20_rho1_10Agent/K3_HS0/1765553512 - End of loop ##################  
 ####### Case752 	 Computation time:1.5259284973144531 	 Step46/46	- AllReachGoal-False

2025-12-12 16:57:13,297 - PaperAgentLogger - INFO - current rateReachGoal: 0
2025-12-12 16:57:13,313 - PaperAgentLogger - DEBUG - New map
2025-12-12 16:57:14,144 - PaperAgentLogger - INFO - ################## PaperArchitecture_map20x20_rho1_10Agent/K3_HS0/1765553512 - End of loop ##################  
 ####### Case753 	 Computation time:0.8308694362640381 	 Step25/46	- AllReachGoal-True

2025-12-12 16:57:14,145 - PaperAgentLogger - INFO - current rateReachGoal: 0
2025-12-12 16:57:14,161 - PaperAgentLogger - DEBUG - New map
2025-12-12 16:57:15,483 - PaperAgentLogger - INFO - ################## PaperArchitecture_map20x20_rho1_10Agent/K3_HS0/1765553512 - End of loop ##################  
 ####### Case754 	 Computation time:1.3218462467193604 	 Step40/40	- AllReachGoal-False

2025-12-12 16:57:15,484 - PaperAgentLogger - INFO - current rateReachGoal: 0
2025-12-12 16:57:15,500 - PaperAgentLogger - DEBUG - New map
2025-12-12 16:57:16,844 - PaperAgentLogger - INFO - ################## PaperArchitecture_map20x20_rho1_10Agent/K3_HS0/1765553512 - End of loop ##################  
 ####### Case755 	 Computation time:1.3434698581695557 	 Step42/42	- AllReachGoal-False

2025-12-12 16:57:16,845 - PaperAgentLogger - INFO - current rateReachGoal: 0
2025-12-12 16:57:16,863 - PaperAgentLogger - DEBUG - New map
2025-12-12 16:57:18,228 - PaperAgentLogger - INFO - ################## PaperArchitecture_map20x20_rho1_10Agent/K3_HS0/1765553512 - End of loop ##################  
 ####### Case756 	 Computation time:1.3646936416625977 	 Step42/64	- AllReachGoal-True

2025-12-12 16:57:18,229 - PaperAgentLogger - INFO - current rateReachGoal: 0
2025-12-12 16:57:18,247 - PaperAgentLogger - DEBUG - New map
2025-12-12 16:57:20,032 - PaperAgentLogger - INFO - ################## PaperArchitecture_map20x20_rho1_10Agent/K3_HS0/1765553512 - End of loop ##################  
 ####### Case757 	 Computation time:1.7853419780731201 	 Step56/56	- AllReachGoal-False

2025-12-12 16:57:20,033 - PaperAgentLogger - INFO - current rateReachGoal: 0
2025-12-12 16:57:20,049 - PaperAgentLogger - DEBUG - New map
2025-12-12 16:57:21,395 - PaperAgentLogger - INFO - ################## PaperArchitecture_map20x20_rho1_10Agent/K3_HS0/1765553512 - End of loop ##################  
 ####### Case758 	 Computation time:1.3455710411071777 	 Step42/42	- AllReachGoal-False

2025-12-12 16:57:21,396 - PaperAgentLogger - INFO - current rateReachGoal: 0
2025-12-12 16:57:21,413 - PaperAgentLogger - DEBUG - New map
2025-12-12 16:57:22,289 - PaperAgentLogger - INFO - ################## PaperArchitecture_map20x20_rho1_10Agent/K3_HS0/1765553512 - End of loop ##################  
 ####### Case759 	 Computation time:0.8759188652038574 	 Step26/46	- AllReachGoal-True

2025-12-12 16:57:22,290 - PaperAgentLogger - INFO - current rateReachGoal: 0
2025-12-12 16:57:22,309 - PaperAgentLogger - DEBUG - New map
2025-12-12 16:57:23,868 - PaperAgentLogger - INFO - ################## PaperArchitecture_map20x20_rho1_10Agent/K3_HS0/1765553512 - End of loop ##################  
 ####### Case760 	 Computation time:1.5584437847137451 	 Step48/48	- AllReachGoal-False

2025-12-12 16:57:23,868 - PaperAgentLogger - INFO - current rateReachGoal: 0
2025-12-12 16:57:23,887 - PaperAgentLogger - DEBUG - New map
2025-12-12 16:57:25,808 - PaperAgentLogger - INFO - ################## PaperArchitecture_map20x20_rho1_10Agent/K3_HS0/1765553512 - End of loop ##################  
 ####### Case761 	 Computation time:1.9204306602478027 	 Step60/60	- AllReachGoal-False

2025-12-12 16:57:25,809 - PaperAgentLogger - INFO - current rateReachGoal: 0
2025-12-12 16:57:25,825 - PaperAgentLogger - DEBUG - New map
2025-12-12 16:57:26,691 - PaperAgentLogger - INFO - ################## PaperArchitecture_map20x20_rho1_10Agent/K3_HS0/1765553512 - End of loop ##################  
 ####### Case762 	 Computation time:0.8654835224151611 	 Step27/48	- AllReachGoal-True

2025-12-12 16:57:26,692 - PaperAgentLogger - INFO - current rateReachGoal: 0
2025-12-12 16:57:26,710 - PaperAgentLogger - DEBUG - New map
2025-12-12 16:57:28,497 - PaperAgentLogger - INFO - ################## PaperArchitecture_map20x20_rho1_10Agent/K3_HS0/1765553512 - End of loop ##################  
 ####### Case763 	 Computation time:1.7862334251403809 	 Step56/56	- AllReachGoal-False

2025-12-12 16:57:28,498 - PaperAgentLogger - INFO - current rateReachGoal: 0
2025-12-12 16:57:28,518 - PaperAgentLogger - DEBUG - New map
2025-12-12 16:57:30,756 - PaperAgentLogger - INFO - ################## PaperArchitecture_map20x20_rho1_10Agent/K3_HS0/1765553512 - End of loop ##################  
 ####### Case764 	 Computation time:2.237931728363037 	 Step70/70	- AllReachGoal-False

2025-12-12 16:57:30,757 - PaperAgentLogger - INFO - current rateReachGoal: 0
2025-12-12 16:57:30,774 - PaperAgentLogger - DEBUG - New map
2025-12-12 16:57:31,741 - PaperAgentLogger - INFO - ################## PaperArchitecture_map20x20_rho1_10Agent/K3_HS0/1765553512 - End of loop ##################  
 ####### Case765 	 Computation time:0.9666781425476074 	 Step30/52	- AllReachGoal-True

2025-12-12 16:57:31,742 - PaperAgentLogger - INFO - current rateReachGoal: 0
2025-12-12 16:57:31,761 - PaperAgentLogger - DEBUG - New map
2025-12-12 16:57:33,777 - PaperAgentLogger - INFO - ################## PaperArchitecture_map20x20_rho1_10Agent/K3_HS0/1765553512 - End of loop ##################  
 ####### Case766 	 Computation time:2.0158185958862305 	 Step62/62	- AllReachGoal-False

2025-12-12 16:57:33,778 - PaperAgentLogger - INFO - current rateReachGoal: 0
2025-12-12 16:57:33,794 - PaperAgentLogger - DEBUG - New map
2025-12-12 16:57:34,609 - PaperAgentLogger - INFO - ################## PaperArchitecture_map20x20_rho1_10Agent/K3_HS0/1765553512 - End of loop ##################  
 ####### Case767 	 Computation time:0.8149933815002441 	 Step24/46	- AllReachGoal-True

2025-12-12 16:57:34,610 - PaperAgentLogger - INFO - current rateReachGoal: 0
2025-12-12 16:57:34,627 - PaperAgentLogger - DEBUG - New map
2025-12-12 16:57:36,217 - PaperAgentLogger - INFO - ################## PaperArchitecture_map20x20_rho1_10Agent/K3_HS0/1765553512 - End of loop ##################  
 ####### Case768 	 Computation time:1.589257001876831 	 Step48/48	- AllReachGoal-False

2025-12-12 16:57:36,217 - PaperAgentLogger - INFO - current rateReachGoal: 0
2025-12-12 16:57:36,235 - PaperAgentLogger - DEBUG - New map
2025-12-12 16:57:38,042 - PaperAgentLogger - INFO - ################## PaperArchitecture_map20x20_rho1_10Agent/K3_HS0/1765553512 - End of loop ##################  
 ####### Case769 	 Computation time:1.8058817386627197 	 Step54/54	- AllReachGoal-False

2025-12-12 16:57:38,042 - PaperAgentLogger - INFO - current rateReachGoal: 0
2025-12-12 16:57:38,060 - PaperAgentLogger - DEBUG - New map
2025-12-12 16:57:39,876 - PaperAgentLogger - INFO - ################## PaperArchitecture_map20x20_rho1_10Agent/K3_HS0/1765553512 - End of loop ##################  
 ####### Case770 	 Computation time:1.8161218166351318 	 Step54/54	- AllReachGoal-False

2025-12-12 16:57:39,877 - PaperAgentLogger - INFO - current rateReachGoal: 0
2025-12-12 16:57:39,894 - PaperAgentLogger - DEBUG - New map
2025-12-12 16:57:41,430 - PaperAgentLogger - INFO - ################## PaperArchitecture_map20x20_rho1_10Agent/K3_HS0/1765553512 - End of loop ##################  
 ####### Case771 	 Computation time:1.5358188152313232 	 Step48/48	- AllReachGoal-False

2025-12-12 16:57:41,431 - PaperAgentLogger - INFO - current rateReachGoal: 0
2025-12-12 16:57:41,448 - PaperAgentLogger - DEBUG - New map
2025-12-12 16:57:42,292 - PaperAgentLogger - INFO - ################## PaperArchitecture_map20x20_rho1_10Agent/K3_HS0/1765553512 - End of loop ##################  
 ####### Case772 	 Computation time:0.8433177471160889 	 Step26/48	- AllReachGoal-True

2025-12-12 16:57:42,293 - PaperAgentLogger - INFO - current rateReachGoal: 0
2025-12-12 16:57:42,312 - PaperAgentLogger - DEBUG - New map
2025-12-12 16:57:44,483 - PaperAgentLogger - INFO - ################## PaperArchitecture_map20x20_rho1_10Agent/K3_HS0/1765553512 - End of loop ##################  
 ####### Case773 	 Computation time:2.1699371337890625 	 Step66/66	- AllReachGoal-False

2025-12-12 16:57:44,483 - PaperAgentLogger - INFO - current rateReachGoal: 0
2025-12-12 16:57:44,501 - PaperAgentLogger - DEBUG - New map
2025-12-12 16:57:45,367 - PaperAgentLogger - INFO - ################## PaperArchitecture_map20x20_rho1_10Agent/K3_HS0/1765553512 - End of loop ##################  
 ####### Case774 	 Computation time:0.8659274578094482 	 Step27/54	- AllReachGoal-True

2025-12-12 16:57:45,368 - PaperAgentLogger - INFO - current rateReachGoal: 0
2025-12-12 16:57:45,388 - PaperAgentLogger - DEBUG - New map
2025-12-12 16:57:47,293 - PaperAgentLogger - INFO - ################## PaperArchitecture_map20x20_rho1_10Agent/K3_HS0/1765553512 - End of loop ##################  
 ####### Case775 	 Computation time:1.9043617248535156 	 Step59/68	- AllReachGoal-True

2025-12-12 16:57:47,294 - PaperAgentLogger - INFO - current rateReachGoal: 0
2025-12-12 16:57:47,310 - PaperAgentLogger - DEBUG - New map
2025-12-12 16:57:48,381 - PaperAgentLogger - INFO - ################## PaperArchitecture_map20x20_rho1_10Agent/K3_HS0/1765553512 - End of loop ##################  
 ####### Case776 	 Computation time:1.0699543952941895 	 Step33/44	- AllReachGoal-True

2025-12-12 16:57:48,381 - PaperAgentLogger - INFO - current rateReachGoal: 0
2025-12-12 16:57:48,398 - PaperAgentLogger - DEBUG - New map
2025-12-12 16:57:49,347 - PaperAgentLogger - INFO - ################## PaperArchitecture_map20x20_rho1_10Agent/K3_HS0/1765553512 - End of loop ##################  
 ####### Case777 	 Computation time:0.9475612640380859 	 Step29/54	- AllReachGoal-True

2025-12-12 16:57:49,347 - PaperAgentLogger - INFO - current rateReachGoal: 0
2025-12-12 16:57:49,363 - PaperAgentLogger - DEBUG - New map
2025-12-12 16:57:50,245 - PaperAgentLogger - INFO - ################## PaperArchitecture_map20x20_rho1_10Agent/K3_HS0/1765553512 - End of loop ##################  
 ####### Case778 	 Computation time:0.8806612491607666 	 Step27/50	- AllReachGoal-True

2025-12-12 16:57:50,247 - PaperAgentLogger - INFO - current rateReachGoal: 0
2025-12-12 16:57:50,264 - PaperAgentLogger - DEBUG - New map
2025-12-12 16:57:51,957 - PaperAgentLogger - INFO - ################## PaperArchitecture_map20x20_rho1_10Agent/K3_HS0/1765553512 - End of loop ##################  
 ####### Case779 	 Computation time:1.692260503768921 	 Step52/52	- AllReachGoal-False

2025-12-12 16:57:51,958 - PaperAgentLogger - INFO - current rateReachGoal: 0
2025-12-12 16:57:51,977 - PaperAgentLogger - DEBUG - New map
2025-12-12 16:57:53,752 - PaperAgentLogger - INFO - ################## PaperArchitecture_map20x20_rho1_10Agent/K3_HS0/1765553512 - End of loop ##################  
 ####### Case780 	 Computation time:1.7746686935424805 	 Step53/60	- AllReachGoal-True

2025-12-12 16:57:53,753 - PaperAgentLogger - INFO - current rateReachGoal: 0
2025-12-12 16:57:53,772 - PaperAgentLogger - DEBUG - New map
2025-12-12 16:57:55,824 - PaperAgentLogger - INFO - ################## PaperArchitecture_map20x20_rho1_10Agent/K3_HS0/1765553512 - End of loop ##################  
 ####### Case781 	 Computation time:2.0514721870422363 	 Step62/64	- AllReachGoal-True

2025-12-12 16:57:55,825 - PaperAgentLogger - INFO - current rateReachGoal: 0
2025-12-12 16:57:55,843 - PaperAgentLogger - DEBUG - New map
2025-12-12 16:57:56,863 - PaperAgentLogger - INFO - ################## PaperArchitecture_map20x20_rho1_10Agent/K3_HS0/1765553512 - End of loop ##################  
 ####### Case782 	 Computation time:1.0188841819763184 	 Step30/58	- AllReachGoal-True

2025-12-12 16:57:56,864 - PaperAgentLogger - INFO - current rateReachGoal: 0
2025-12-12 16:57:56,882 - PaperAgentLogger - DEBUG - New map
2025-12-12 16:57:58,012 - PaperAgentLogger - INFO - ################## PaperArchitecture_map20x20_rho1_10Agent/K3_HS0/1765553512 - End of loop ##################  
 ####### Case783 	 Computation time:1.1285598278045654 	 Step35/66	- AllReachGoal-True

2025-12-12 16:57:58,012 - PaperAgentLogger - INFO - current rateReachGoal: 0
2025-12-12 16:57:58,029 - PaperAgentLogger - DEBUG - New map
2025-12-12 16:57:58,836 - PaperAgentLogger - INFO - ################## PaperArchitecture_map20x20_rho1_10Agent/K3_HS0/1765553512 - End of loop ##################  
 ####### Case784 	 Computation time:0.8072199821472168 	 Step25/50	- AllReachGoal-True

2025-12-12 16:57:58,837 - PaperAgentLogger - INFO - current rateReachGoal: 0
2025-12-12 16:57:58,855 - PaperAgentLogger - DEBUG - New map
2025-12-12 16:58:00,529 - PaperAgentLogger - INFO - ################## PaperArchitecture_map20x20_rho1_10Agent/K3_HS0/1765553512 - End of loop ##################  
 ####### Case785 	 Computation time:1.674248218536377 	 Step52/52	- AllReachGoal-False

2025-12-12 16:58:00,530 - PaperAgentLogger - INFO - current rateReachGoal: 0
2025-12-12 16:58:00,548 - PaperAgentLogger - DEBUG - New map
2025-12-12 16:58:02,155 - PaperAgentLogger - INFO - ################## PaperArchitecture_map20x20_rho1_10Agent/K3_HS0/1765553512 - End of loop ##################  
 ####### Case786 	 Computation time:1.6061387062072754 	 Step50/50	- AllReachGoal-False

2025-12-12 16:58:02,155 - PaperAgentLogger - INFO - current rateReachGoal: 0
2025-12-12 16:58:02,172 - PaperAgentLogger - DEBUG - New map
2025-12-12 16:58:03,577 - PaperAgentLogger - INFO - ################## PaperArchitecture_map20x20_rho1_10Agent/K3_HS0/1765553512 - End of loop ##################  
 ####### Case787 	 Computation time:1.4045484066009521 	 Step44/44	- AllReachGoal-False

2025-12-12 16:58:03,577 - PaperAgentLogger - INFO - current rateReachGoal: 0
2025-12-12 16:58:03,593 - PaperAgentLogger - DEBUG - New map
2025-12-12 16:58:04,232 - PaperAgentLogger - INFO - ################## PaperArchitecture_map20x20_rho1_10Agent/K3_HS0/1765553512 - End of loop ##################  
 ####### Case788 	 Computation time:0.638934850692749 	 Step20/40	- AllReachGoal-True

2025-12-12 16:58:04,233 - PaperAgentLogger - INFO - current rateReachGoal: 0
2025-12-12 16:58:04,250 - PaperAgentLogger - DEBUG - New map
2025-12-12 16:58:05,847 - PaperAgentLogger - INFO - ################## PaperArchitecture_map20x20_rho1_10Agent/K3_HS0/1765553512 - End of loop ##################  
 ####### Case789 	 Computation time:1.5961549282073975 	 Step48/48	- AllReachGoal-False

2025-12-12 16:58:05,848 - PaperAgentLogger - INFO - current rateReachGoal: 0
2025-12-12 16:58:05,866 - PaperAgentLogger - DEBUG - New map
2025-12-12 16:58:07,564 - PaperAgentLogger - INFO - ################## PaperArchitecture_map20x20_rho1_10Agent/K3_HS0/1765553512 - End of loop ##################  
 ####### Case790 	 Computation time:1.6973116397857666 	 Step52/52	- AllReachGoal-False

2025-12-12 16:58:07,565 - PaperAgentLogger - INFO - current rateReachGoal: 0
2025-12-12 16:58:07,583 - PaperAgentLogger - DEBUG - New map
2025-12-12 16:58:09,485 - PaperAgentLogger - INFO - ################## PaperArchitecture_map20x20_rho1_10Agent/K3_HS0/1765553512 - End of loop ##################  
 ####### Case791 	 Computation time:1.9016072750091553 	 Step60/60	- AllReachGoal-False

2025-12-12 16:58:09,486 - PaperAgentLogger - INFO - current rateReachGoal: 0
2025-12-12 16:58:09,502 - PaperAgentLogger - DEBUG - New map
2025-12-12 16:58:10,967 - PaperAgentLogger - INFO - ################## PaperArchitecture_map20x20_rho1_10Agent/K3_HS0/1765553512 - End of loop ##################  
 ####### Case792 	 Computation time:1.463808298110962 	 Step46/46	- AllReachGoal-False

2025-12-12 16:58:10,967 - PaperAgentLogger - INFO - current rateReachGoal: 0
2025-12-12 16:58:10,984 - PaperAgentLogger - DEBUG - New map
2025-12-12 16:58:12,461 - PaperAgentLogger - INFO - ################## PaperArchitecture_map20x20_rho1_10Agent/K3_HS0/1765553512 - End of loop ##################  
 ####### Case793 	 Computation time:1.4768836498260498 	 Step46/46	- AllReachGoal-False

2025-12-12 16:58:12,462 - PaperAgentLogger - INFO - current rateReachGoal: 0
2025-12-12 16:58:12,480 - PaperAgentLogger - DEBUG - New map
2025-12-12 16:58:14,138 - PaperAgentLogger - INFO - ################## PaperArchitecture_map20x20_rho1_10Agent/K3_HS0/1765553512 - End of loop ##################  
 ####### Case794 	 Computation time:1.6575942039489746 	 Step52/52	- AllReachGoal-False

2025-12-12 16:58:14,139 - PaperAgentLogger - INFO - current rateReachGoal: 0
2025-12-12 16:58:14,156 - PaperAgentLogger - DEBUG - New map
2025-12-12 16:58:15,596 - PaperAgentLogger - INFO - ################## PaperArchitecture_map20x20_rho1_10Agent/K3_HS0/1765553512 - End of loop ##################  
 ####### Case795 	 Computation time:1.439727544784546 	 Step44/46	- AllReachGoal-True

2025-12-12 16:58:15,597 - PaperAgentLogger - INFO - current rateReachGoal: 0
2025-12-12 16:58:15,614 - PaperAgentLogger - DEBUG - New map
2025-12-12 16:58:16,545 - PaperAgentLogger - INFO - ################## PaperArchitecture_map20x20_rho1_10Agent/K3_HS0/1765553512 - End of loop ##################  
 ####### Case796 	 Computation time:0.9305334091186523 	 Step28/50	- AllReachGoal-True

2025-12-12 16:58:16,546 - PaperAgentLogger - INFO - current rateReachGoal: 0
2025-12-12 16:58:16,561 - PaperAgentLogger - DEBUG - New map
2025-12-12 16:58:17,838 - PaperAgentLogger - INFO - ################## PaperArchitecture_map20x20_rho1_10Agent/K3_HS0/1765553512 - End of loop ##################  
 ####### Case797 	 Computation time:1.2768173217773438 	 Step40/40	- AllReachGoal-False

2025-12-12 16:58:17,839 - PaperAgentLogger - INFO - current rateReachGoal: 0
2025-12-12 16:58:17,857 - PaperAgentLogger - DEBUG - New map
2025-12-12 16:58:18,799 - PaperAgentLogger - INFO - ################## PaperArchitecture_map20x20_rho1_10Agent/K3_HS0/1765553512 - End of loop ##################  
 ####### Case798 	 Computation time:0.940955638885498 	 Step28/56	- AllReachGoal-True

2025-12-12 16:58:18,799 - PaperAgentLogger - INFO - current rateReachGoal: 0
2025-12-12 16:58:18,817 - PaperAgentLogger - DEBUG - New map
2025-12-12 16:58:20,500 - PaperAgentLogger - INFO - ################## PaperArchitecture_map20x20_rho1_10Agent/K3_HS0/1765553512 - End of loop ##################  
 ####### Case799 	 Computation time:1.683243751525879 	 Step52/52	- AllReachGoal-False

2025-12-12 16:58:20,501 - PaperAgentLogger - INFO - current rateReachGoal: 0
2025-12-12 16:58:20,518 - PaperAgentLogger - DEBUG - New map
2025-12-12 16:58:21,431 - PaperAgentLogger - INFO - ################## PaperArchitecture_map20x20_rho1_10Agent/K3_HS0/1765553512 - End of loop ##################  
 ####### Case800 	 Computation time:0.912787914276123 	 Step28/50	- AllReachGoal-True

2025-12-12 16:58:21,432 - PaperAgentLogger - INFO - current rateReachGoal: 0
2025-12-12 16:58:21,449 - PaperAgentLogger - DEBUG - New map
2025-12-12 16:58:23,008 - PaperAgentLogger - INFO - ################## PaperArchitecture_map20x20_rho1_10Agent/K3_HS0/1765553512 - End of loop ##################  
 ####### Case801 	 Computation time:1.5589935779571533 	 Step48/48	- AllReachGoal-False

2025-12-12 16:58:23,009 - PaperAgentLogger - INFO - current rateReachGoal: 0
2025-12-12 16:58:23,027 - PaperAgentLogger - DEBUG - New map
2025-12-12 16:58:24,833 - PaperAgentLogger - INFO - ################## PaperArchitecture_map20x20_rho1_10Agent/K3_HS0/1765553512 - End of loop ##################  
 ####### Case802 	 Computation time:1.8063559532165527 	 Step54/54	- AllReachGoal-False

2025-12-12 16:58:24,834 - PaperAgentLogger - INFO - current rateReachGoal: 0
2025-12-12 16:58:24,851 - PaperAgentLogger - DEBUG - New map
2025-12-12 16:58:25,630 - PaperAgentLogger - INFO - ################## PaperArchitecture_map20x20_rho1_10Agent/K3_HS0/1765553512 - End of loop ##################  
 ####### Case803 	 Computation time:0.7778377532958984 	 Step24/44	- AllReachGoal-True

2025-12-12 16:58:25,632 - PaperAgentLogger - INFO - current rateReachGoal: 0
2025-12-12 16:58:25,651 - PaperAgentLogger - DEBUG - New map
2025-12-12 16:58:27,524 - PaperAgentLogger - INFO - ################## PaperArchitecture_map20x20_rho1_10Agent/K3_HS0/1765553512 - End of loop ##################  
 ####### Case804 	 Computation time:1.873171091079712 	 Step58/58	- AllReachGoal-False

2025-12-12 16:58:27,525 - PaperAgentLogger - INFO - current rateReachGoal: 0
2025-12-12 16:58:27,543 - PaperAgentLogger - DEBUG - New map
2025-12-12 16:58:28,699 - PaperAgentLogger - INFO - ################## PaperArchitecture_map20x20_rho1_10Agent/K3_HS0/1765553512 - End of loop ##################  
 ####### Case805 	 Computation time:1.15557861328125 	 Step36/60	- AllReachGoal-True

2025-12-12 16:58:28,700 - PaperAgentLogger - INFO - current rateReachGoal: 0
2025-12-12 16:58:28,717 - PaperAgentLogger - DEBUG - New map
2025-12-12 16:58:29,666 - PaperAgentLogger - INFO - ################## PaperArchitecture_map20x20_rho1_10Agent/K3_HS0/1765553512 - End of loop ##################  
 ####### Case806 	 Computation time:0.9487330913543701 	 Step28/52	- AllReachGoal-True

2025-12-12 16:58:29,667 - PaperAgentLogger - INFO - current rateReachGoal: 0
2025-12-12 16:58:29,685 - PaperAgentLogger - DEBUG - New map
2025-12-12 16:58:31,447 - PaperAgentLogger - INFO - ################## PaperArchitecture_map20x20_rho1_10Agent/K3_HS0/1765553512 - End of loop ##################  
 ####### Case807 	 Computation time:1.760789394378662 	 Step54/54	- AllReachGoal-False

2025-12-12 16:58:31,449 - PaperAgentLogger - INFO - current rateReachGoal: 0
2025-12-12 16:58:31,466 - PaperAgentLogger - DEBUG - New map
2025-12-12 16:58:32,373 - PaperAgentLogger - INFO - ################## PaperArchitecture_map20x20_rho1_10Agent/K3_HS0/1765553512 - End of loop ##################  
 ####### Case808 	 Computation time:0.9056470394134521 	 Step28/52	- AllReachGoal-True

2025-12-12 16:58:32,373 - PaperAgentLogger - INFO - current rateReachGoal: 0
2025-12-12 16:58:32,391 - PaperAgentLogger - DEBUG - New map
2025-12-12 16:58:34,100 - PaperAgentLogger - INFO - ################## PaperArchitecture_map20x20_rho1_10Agent/K3_HS0/1765553512 - End of loop ##################  
 ####### Case809 	 Computation time:1.7090749740600586 	 Step50/54	- AllReachGoal-True

2025-12-12 16:58:34,101 - PaperAgentLogger - INFO - current rateReachGoal: 0
2025-12-12 16:58:34,118 - PaperAgentLogger - DEBUG - New map
2025-12-12 16:58:34,972 - PaperAgentLogger - INFO - ################## PaperArchitecture_map20x20_rho1_10Agent/K3_HS0/1765553512 - End of loop ##################  
 ####### Case810 	 Computation time:0.8538053035736084 	 Step25/46	- AllReachGoal-True

2025-12-12 16:58:34,973 - PaperAgentLogger - INFO - current rateReachGoal: 0
2025-12-12 16:58:34,991 - PaperAgentLogger - DEBUG - New map
2025-12-12 16:58:35,904 - PaperAgentLogger - INFO - ################## PaperArchitecture_map20x20_rho1_10Agent/K3_HS0/1765553512 - End of loop ##################  
 ####### Case811 	 Computation time:0.9126746654510498 	 Step28/56	- AllReachGoal-True

2025-12-12 16:58:35,905 - PaperAgentLogger - INFO - current rateReachGoal: 0
2025-12-12 16:58:35,925 - PaperAgentLogger - DEBUG - New map
2025-12-12 16:58:37,001 - PaperAgentLogger - INFO - ################## PaperArchitecture_map20x20_rho1_10Agent/K3_HS0/1765553512 - End of loop ##################  
 ####### Case812 	 Computation time:1.0760653018951416 	 Step32/64	- AllReachGoal-True

2025-12-12 16:58:37,003 - PaperAgentLogger - INFO - current rateReachGoal: 0
2025-12-12 16:58:37,021 - PaperAgentLogger - DEBUG - New map
2025-12-12 16:58:37,879 - PaperAgentLogger - INFO - ################## PaperArchitecture_map20x20_rho1_10Agent/K3_HS0/1765553512 - End of loop ##################  
 ####### Case813 	 Computation time:0.857830286026001 	 Step26/52	- AllReachGoal-True

2025-12-12 16:58:37,880 - PaperAgentLogger - INFO - current rateReachGoal: 0
2025-12-12 16:58:37,898 - PaperAgentLogger - DEBUG - New map
2025-12-12 16:58:38,872 - PaperAgentLogger - INFO - ################## PaperArchitecture_map20x20_rho1_10Agent/K3_HS0/1765553512 - End of loop ##################  
 ####### Case814 	 Computation time:0.9727041721343994 	 Step29/56	- AllReachGoal-True

2025-12-12 16:58:38,872 - PaperAgentLogger - INFO - current rateReachGoal: 0
2025-12-12 16:58:38,890 - PaperAgentLogger - DEBUG - New map
2025-12-12 16:58:40,636 - PaperAgentLogger - INFO - ################## PaperArchitecture_map20x20_rho1_10Agent/K3_HS0/1765553512 - End of loop ##################  
 ####### Case815 	 Computation time:1.7454304695129395 	 Step52/52	- AllReachGoal-False

2025-12-12 16:58:40,636 - PaperAgentLogger - INFO - current rateReachGoal: 0
2025-12-12 16:58:40,654 - PaperAgentLogger - DEBUG - New map
2025-12-12 16:58:42,565 - PaperAgentLogger - INFO - ################## PaperArchitecture_map20x20_rho1_10Agent/K3_HS0/1765553512 - End of loop ##################  
 ####### Case816 	 Computation time:1.9101808071136475 	 Step56/56	- AllReachGoal-False

2025-12-12 16:58:42,566 - PaperAgentLogger - INFO - current rateReachGoal: 0
2025-12-12 16:58:42,583 - PaperAgentLogger - DEBUG - New map
2025-12-12 16:58:43,577 - PaperAgentLogger - INFO - ################## PaperArchitecture_map20x20_rho1_10Agent/K3_HS0/1765553512 - End of loop ##################  
 ####### Case817 	 Computation time:0.9925923347473145 	 Step29/54	- AllReachGoal-True

2025-12-12 16:58:43,577 - PaperAgentLogger - INFO - current rateReachGoal: 0
2025-12-12 16:58:43,597 - PaperAgentLogger - DEBUG - New map
2025-12-12 16:58:45,823 - PaperAgentLogger - INFO - ################## PaperArchitecture_map20x20_rho1_10Agent/K3_HS0/1765553512 - End of loop ##################  
 ####### Case818 	 Computation time:2.2248473167419434 	 Step66/66	- AllReachGoal-True

2025-12-12 16:58:45,824 - PaperAgentLogger - INFO - current rateReachGoal: 0
2025-12-12 16:58:45,840 - PaperAgentLogger - DEBUG - New map
2025-12-12 16:58:46,713 - PaperAgentLogger - INFO - ################## PaperArchitecture_map20x20_rho1_10Agent/K3_HS0/1765553512 - End of loop ##################  
 ####### Case819 	 Computation time:0.8724286556243896 	 Step25/44	- AllReachGoal-True

2025-12-12 16:58:46,713 - PaperAgentLogger - INFO - current rateReachGoal: 0
2025-12-12 16:58:46,737 - PaperAgentLogger - DEBUG - New map
2025-12-12 16:58:48,031 - PaperAgentLogger - INFO - ################## PaperArchitecture_map20x20_rho1_10Agent/K3_HS0/1765553512 - End of loop ##################  
 ####### Case820 	 Computation time:1.2934730052947998 	 Step38/62	- AllReachGoal-True

2025-12-12 16:58:48,033 - PaperAgentLogger - INFO - current rateReachGoal: 0
2025-12-12 16:58:48,050 - PaperAgentLogger - DEBUG - New map
2025-12-12 16:58:48,893 - PaperAgentLogger - INFO - ################## PaperArchitecture_map20x20_rho1_10Agent/K3_HS0/1765553512 - End of loop ##################  
 ####### Case821 	 Computation time:0.8431520462036133 	 Step25/44	- AllReachGoal-True

2025-12-12 16:58:48,894 - PaperAgentLogger - INFO - current rateReachGoal: 0
2025-12-12 16:58:48,911 - PaperAgentLogger - DEBUG - New map
2025-12-12 16:58:49,838 - PaperAgentLogger - INFO - ################## PaperArchitecture_map20x20_rho1_10Agent/K3_HS0/1765553512 - End of loop ##################  
 ####### Case822 	 Computation time:0.9257030487060547 	 Step27/52	- AllReachGoal-True

2025-12-12 16:58:49,838 - PaperAgentLogger - INFO - current rateReachGoal: 0
2025-12-12 16:58:49,855 - PaperAgentLogger - DEBUG - New map
2025-12-12 16:58:51,553 - PaperAgentLogger - INFO - ################## PaperArchitecture_map20x20_rho1_10Agent/K3_HS0/1765553512 - End of loop ##################  
 ####### Case823 	 Computation time:1.6969356536865234 	 Step50/50	- AllReachGoal-False

2025-12-12 16:58:51,553 - PaperAgentLogger - INFO - current rateReachGoal: 0
2025-12-12 16:58:51,572 - PaperAgentLogger - DEBUG - New map
2025-12-12 16:58:53,316 - PaperAgentLogger - INFO - ################## PaperArchitecture_map20x20_rho1_10Agent/K3_HS0/1765553512 - End of loop ##################  
 ####### Case824 	 Computation time:1.744154691696167 	 Step54/54	- AllReachGoal-False

2025-12-12 16:58:53,319 - PaperAgentLogger - INFO - current rateReachGoal: 0
2025-12-12 16:58:53,336 - PaperAgentLogger - DEBUG - New map
2025-12-12 16:58:54,887 - PaperAgentLogger - INFO - ################## PaperArchitecture_map20x20_rho1_10Agent/K3_HS0/1765553512 - End of loop ##################  
 ####### Case825 	 Computation time:1.550184726715088 	 Step48/48	- AllReachGoal-False

2025-12-12 16:58:54,887 - PaperAgentLogger - INFO - current rateReachGoal: 0
2025-12-12 16:58:54,905 - PaperAgentLogger - DEBUG - New map
2025-12-12 16:58:55,782 - PaperAgentLogger - INFO - ################## PaperArchitecture_map20x20_rho1_10Agent/K3_HS0/1765553512 - End of loop ##################  
 ####### Case826 	 Computation time:0.8765645027160645 	 Step27/50	- AllReachGoal-True

2025-12-12 16:58:55,783 - PaperAgentLogger - INFO - current rateReachGoal: 0
2025-12-12 16:58:55,800 - PaperAgentLogger - DEBUG - New map
2025-12-12 16:58:56,750 - PaperAgentLogger - INFO - ################## PaperArchitecture_map20x20_rho1_10Agent/K3_HS0/1765553512 - End of loop ##################  
 ####### Case827 	 Computation time:0.9493932723999023 	 Step29/48	- AllReachGoal-True

2025-12-12 16:58:56,751 - PaperAgentLogger - INFO - current rateReachGoal: 0
2025-12-12 16:58:56,768 - PaperAgentLogger - DEBUG - New map
2025-12-12 16:58:58,200 - PaperAgentLogger - INFO - ################## PaperArchitecture_map20x20_rho1_10Agent/K3_HS0/1765553512 - End of loop ##################  
 ####### Case828 	 Computation time:1.431107997894287 	 Step44/44	- AllReachGoal-False

2025-12-12 16:58:58,200 - PaperAgentLogger - INFO - current rateReachGoal: 0
2025-12-12 16:58:58,218 - PaperAgentLogger - DEBUG - New map
2025-12-12 16:59:00,124 - PaperAgentLogger - INFO - ################## PaperArchitecture_map20x20_rho1_10Agent/K3_HS0/1765553512 - End of loop ##################  
 ####### Case829 	 Computation time:1.905003309249878 	 Step56/56	- AllReachGoal-False

2025-12-12 16:59:00,125 - PaperAgentLogger - INFO - current rateReachGoal: 0
2025-12-12 16:59:00,144 - PaperAgentLogger - DEBUG - New map
2025-12-12 16:59:02,356 - PaperAgentLogger - INFO - ################## PaperArchitecture_map20x20_rho1_10Agent/K3_HS0/1765553512 - End of loop ##################  
 ####### Case830 	 Computation time:2.2120718955993652 	 Step68/68	- AllReachGoal-False

2025-12-12 16:59:02,357 - PaperAgentLogger - INFO - current rateReachGoal: 0
2025-12-12 16:59:02,375 - PaperAgentLogger - DEBUG - New map
2025-12-12 16:59:03,417 - PaperAgentLogger - INFO - ################## PaperArchitecture_map20x20_rho1_10Agent/K3_HS0/1765553512 - End of loop ##################  
 ####### Case831 	 Computation time:1.0413517951965332 	 Step32/64	- AllReachGoal-True

2025-12-12 16:59:03,418 - PaperAgentLogger - INFO - current rateReachGoal: 0
2025-12-12 16:59:03,435 - PaperAgentLogger - DEBUG - New map
2025-12-12 16:59:04,350 - PaperAgentLogger - INFO - ################## PaperArchitecture_map20x20_rho1_10Agent/K3_HS0/1765553512 - End of loop ##################  
 ####### Case832 	 Computation time:0.9150741100311279 	 Step28/50	- AllReachGoal-True

2025-12-12 16:59:04,351 - PaperAgentLogger - INFO - current rateReachGoal: 0
2025-12-12 16:59:04,368 - PaperAgentLogger - DEBUG - New map
2025-12-12 16:59:06,238 - PaperAgentLogger - INFO - ################## PaperArchitecture_map20x20_rho1_10Agent/K3_HS0/1765553512 - End of loop ##################  
 ####### Case833 	 Computation time:1.8688645362854004 	 Step58/58	- AllReachGoal-False

2025-12-12 16:59:06,238 - PaperAgentLogger - INFO - current rateReachGoal: 0
2025-12-12 16:59:06,255 - PaperAgentLogger - DEBUG - New map
2025-12-12 16:59:08,035 - PaperAgentLogger - INFO - ################## PaperArchitecture_map20x20_rho1_10Agent/K3_HS0/1765553512 - End of loop ##################  
 ####### Case834 	 Computation time:1.7788214683532715 	 Step54/54	- AllReachGoal-False

2025-12-12 16:59:08,035 - PaperAgentLogger - INFO - current rateReachGoal: 0
2025-12-12 16:59:08,052 - PaperAgentLogger - DEBUG - New map
2025-12-12 16:59:09,589 - PaperAgentLogger - INFO - ################## PaperArchitecture_map20x20_rho1_10Agent/K3_HS0/1765553512 - End of loop ##################  
 ####### Case835 	 Computation time:1.537001609802246 	 Step46/46	- AllReachGoal-False

2025-12-12 16:59:09,590 - PaperAgentLogger - INFO - current rateReachGoal: 0
2025-12-12 16:59:09,608 - PaperAgentLogger - DEBUG - New map
2025-12-12 16:59:10,701 - PaperAgentLogger - INFO - ################## PaperArchitecture_map20x20_rho1_10Agent/K3_HS0/1765553512 - End of loop ##################  
 ####### Case836 	 Computation time:1.0920088291168213 	 Step32/56	- AllReachGoal-True

2025-12-12 16:59:10,702 - PaperAgentLogger - INFO - current rateReachGoal: 0
2025-12-12 16:59:10,721 - PaperAgentLogger - DEBUG - New map
2025-12-12 16:59:11,749 - PaperAgentLogger - INFO - ################## PaperArchitecture_map20x20_rho1_10Agent/K3_HS0/1765553512 - End of loop ##################  
 ####### Case837 	 Computation time:1.0280404090881348 	 Step30/56	- AllReachGoal-True

2025-12-12 16:59:11,750 - PaperAgentLogger - INFO - current rateReachGoal: 0
2025-12-12 16:59:11,769 - PaperAgentLogger - DEBUG - New map
2025-12-12 16:59:13,137 - PaperAgentLogger - INFO - ################## PaperArchitecture_map20x20_rho1_10Agent/K3_HS0/1765553512 - End of loop ##################  
 ####### Case838 	 Computation time:1.3679025173187256 	 Step42/58	- AllReachGoal-True

2025-12-12 16:59:13,138 - PaperAgentLogger - INFO - current rateReachGoal: 0
2025-12-12 16:59:13,157 - PaperAgentLogger - DEBUG - New map
2025-12-12 16:59:15,288 - PaperAgentLogger - INFO - ################## PaperArchitecture_map20x20_rho1_10Agent/K3_HS0/1765553512 - End of loop ##################  
 ####### Case839 	 Computation time:2.1304304599761963 	 Step64/64	- AllReachGoal-False

2025-12-12 16:59:15,289 - PaperAgentLogger - INFO - current rateReachGoal: 0
2025-12-12 16:59:15,305 - PaperAgentLogger - DEBUG - New map
2025-12-12 16:59:16,865 - PaperAgentLogger - INFO - ################## PaperArchitecture_map20x20_rho1_10Agent/K3_HS0/1765553512 - End of loop ##################  
 ####### Case840 	 Computation time:1.5586447715759277 	 Step46/46	- AllReachGoal-False

2025-12-12 16:59:16,867 - PaperAgentLogger - INFO - current rateReachGoal: 0
2025-12-12 16:59:16,884 - PaperAgentLogger - DEBUG - New map
2025-12-12 16:59:17,774 - PaperAgentLogger - INFO - ################## PaperArchitecture_map20x20_rho1_10Agent/K3_HS0/1765553512 - End of loop ##################  
 ####### Case841 	 Computation time:0.8894121646881104 	 Step26/50	- AllReachGoal-True

2025-12-12 16:59:17,774 - PaperAgentLogger - INFO - current rateReachGoal: 0
2025-12-12 16:59:17,791 - PaperAgentLogger - DEBUG - New map
2025-12-12 16:59:19,446 - PaperAgentLogger - INFO - ################## PaperArchitecture_map20x20_rho1_10Agent/K3_HS0/1765553512 - End of loop ##################  
 ####### Case842 	 Computation time:1.6538925170898438 	 Step50/50	- AllReachGoal-False

2025-12-12 16:59:19,446 - PaperAgentLogger - INFO - current rateReachGoal: 0
2025-12-12 16:59:19,466 - PaperAgentLogger - DEBUG - New map
2025-12-12 16:59:21,357 - PaperAgentLogger - INFO - ################## PaperArchitecture_map20x20_rho1_10Agent/K3_HS0/1765553512 - End of loop ##################  
 ####### Case843 	 Computation time:1.8905863761901855 	 Step57/62	- AllReachGoal-True

2025-12-12 16:59:21,357 - PaperAgentLogger - INFO - current rateReachGoal: 0
2025-12-12 16:59:21,374 - PaperAgentLogger - DEBUG - New map
2025-12-12 16:59:22,994 - PaperAgentLogger - INFO - ################## PaperArchitecture_map20x20_rho1_10Agent/K3_HS0/1765553512 - End of loop ##################  
 ####### Case844 	 Computation time:1.620011329650879 	 Step48/48	- AllReachGoal-False

2025-12-12 16:59:22,995 - PaperAgentLogger - INFO - current rateReachGoal: 0
2025-12-12 16:59:23,015 - PaperAgentLogger - DEBUG - New map
2025-12-12 16:59:24,249 - PaperAgentLogger - INFO - ################## PaperArchitecture_map20x20_rho1_10Agent/K3_HS0/1765553512 - End of loop ##################  
 ####### Case845 	 Computation time:1.233633041381836 	 Step36/68	- AllReachGoal-True

2025-12-12 16:59:24,250 - PaperAgentLogger - INFO - current rateReachGoal: 0
2025-12-12 16:59:24,267 - PaperAgentLogger - DEBUG - New map
2025-12-12 16:59:25,191 - PaperAgentLogger - INFO - ################## PaperArchitecture_map20x20_rho1_10Agent/K3_HS0/1765553512 - End of loop ##################  
 ####### Case846 	 Computation time:0.9235053062438965 	 Step27/50	- AllReachGoal-True

2025-12-12 16:59:25,192 - PaperAgentLogger - INFO - current rateReachGoal: 0
2025-12-12 16:59:25,210 - PaperAgentLogger - DEBUG - New map
2025-12-12 16:59:27,177 - PaperAgentLogger - INFO - ################## PaperArchitecture_map20x20_rho1_10Agent/K3_HS0/1765553512 - End of loop ##################  
 ####### Case847 	 Computation time:1.9663615226745605 	 Step58/58	- AllReachGoal-False

2025-12-12 16:59:27,178 - PaperAgentLogger - INFO - current rateReachGoal: 0
2025-12-12 16:59:27,195 - PaperAgentLogger - DEBUG - New map
2025-12-12 16:59:28,888 - PaperAgentLogger - INFO - ################## PaperArchitecture_map20x20_rho1_10Agent/K3_HS0/1765553512 - End of loop ##################  
 ####### Case848 	 Computation time:1.6926653385162354 	 Step48/48	- AllReachGoal-False

2025-12-12 16:59:28,889 - PaperAgentLogger - INFO - current rateReachGoal: 0
2025-12-12 16:59:28,907 - PaperAgentLogger - DEBUG - New map
2025-12-12 16:59:30,815 - PaperAgentLogger - INFO - ################## PaperArchitecture_map20x20_rho1_10Agent/K3_HS0/1765553512 - End of loop ##################  
 ####### Case849 	 Computation time:1.9073984622955322 	 Step56/56	- AllReachGoal-False

2025-12-12 16:59:30,816 - PaperAgentLogger - INFO - current rateReachGoal: 0
2025-12-12 16:59:30,833 - PaperAgentLogger - DEBUG - New map
2025-12-12 16:59:32,422 - PaperAgentLogger - INFO - ################## PaperArchitecture_map20x20_rho1_10Agent/K3_HS0/1765553512 - End of loop ##################  
 ####### Case850 	 Computation time:1.5890350341796875 	 Step46/46	- AllReachGoal-False

2025-12-12 16:59:32,423 - PaperAgentLogger - INFO - current rateReachGoal: 0
2025-12-12 16:59:32,439 - PaperAgentLogger - DEBUG - New map
2025-12-12 16:59:33,702 - PaperAgentLogger - INFO - ################## PaperArchitecture_map20x20_rho1_10Agent/K3_HS0/1765553512 - End of loop ##################  
 ####### Case851 	 Computation time:1.2627811431884766 	 Step38/38	- AllReachGoal-False

2025-12-12 16:59:33,703 - PaperAgentLogger - INFO - current rateReachGoal: 0
2025-12-12 16:59:33,719 - PaperAgentLogger - DEBUG - New map
2025-12-12 16:59:34,485 - PaperAgentLogger - INFO - ################## PaperArchitecture_map20x20_rho1_10Agent/K3_HS0/1765553512 - End of loop ##################  
 ####### Case852 	 Computation time:0.7658567428588867 	 Step23/42	- AllReachGoal-True

2025-12-12 16:59:34,486 - PaperAgentLogger - INFO - current rateReachGoal: 0
2025-12-12 16:59:34,504 - PaperAgentLogger - DEBUG - New map
2025-12-12 16:59:35,610 - PaperAgentLogger - INFO - ################## PaperArchitecture_map20x20_rho1_10Agent/K3_HS0/1765553512 - End of loop ##################  
 ####### Case853 	 Computation time:1.1055381298065186 	 Step33/56	- AllReachGoal-True

2025-12-12 16:59:35,610 - PaperAgentLogger - INFO - current rateReachGoal: 0
2025-12-12 16:59:35,629 - PaperAgentLogger - DEBUG - New map
2025-12-12 16:59:37,404 - PaperAgentLogger - INFO - ################## PaperArchitecture_map20x20_rho1_10Agent/K3_HS0/1765553512 - End of loop ##################  
 ####### Case854 	 Computation time:1.7745282649993896 	 Step52/52	- AllReachGoal-False

2025-12-12 16:59:37,404 - PaperAgentLogger - INFO - current rateReachGoal: 0
2025-12-12 16:59:37,424 - PaperAgentLogger - DEBUG - New map
2025-12-12 16:59:39,383 - PaperAgentLogger - INFO - ################## PaperArchitecture_map20x20_rho1_10Agent/K3_HS0/1765553512 - End of loop ##################  
 ####### Case855 	 Computation time:1.958824872970581 	 Step60/60	- AllReachGoal-False

2025-12-12 16:59:39,387 - PaperAgentLogger - INFO - current rateReachGoal: 0
2025-12-12 16:59:39,404 - PaperAgentLogger - DEBUG - New map
2025-12-12 16:59:40,235 - PaperAgentLogger - INFO - ################## PaperArchitecture_map20x20_rho1_10Agent/K3_HS0/1765553512 - End of loop ##################  
 ####### Case856 	 Computation time:0.8300971984863281 	 Step25/48	- AllReachGoal-True

2025-12-12 16:59:40,236 - PaperAgentLogger - INFO - current rateReachGoal: 0
2025-12-12 16:59:40,255 - PaperAgentLogger - DEBUG - New map
2025-12-12 16:59:42,356 - PaperAgentLogger - INFO - ################## PaperArchitecture_map20x20_rho1_10Agent/K3_HS0/1765553512 - End of loop ##################  
 ####### Case857 	 Computation time:2.100463390350342 	 Step64/64	- AllReachGoal-False

2025-12-12 16:59:42,356 - PaperAgentLogger - INFO - current rateReachGoal: 0
2025-12-12 16:59:42,373 - PaperAgentLogger - DEBUG - New map
2025-12-12 16:59:43,758 - PaperAgentLogger - INFO - ################## PaperArchitecture_map20x20_rho1_10Agent/K3_HS0/1765553512 - End of loop ##################  
 ####### Case858 	 Computation time:1.384800910949707 	 Step42/42	- AllReachGoal-False

2025-12-12 16:59:43,759 - PaperAgentLogger - INFO - current rateReachGoal: 0
2025-12-12 16:59:43,780 - PaperAgentLogger - DEBUG - New map
2025-12-12 16:59:46,064 - PaperAgentLogger - INFO - ################## PaperArchitecture_map20x20_rho1_10Agent/K3_HS0/1765553512 - End of loop ##################  
 ####### Case859 	 Computation time:2.2838993072509766 	 Step68/68	- AllReachGoal-False

2025-12-12 16:59:46,065 - PaperAgentLogger - INFO - current rateReachGoal: 0
2025-12-12 16:59:46,083 - PaperAgentLogger - DEBUG - New map
2025-12-12 16:59:47,890 - PaperAgentLogger - INFO - ################## PaperArchitecture_map20x20_rho1_10Agent/K3_HS0/1765553512 - End of loop ##################  
 ####### Case860 	 Computation time:1.8058922290802002 	 Step54/56	- AllReachGoal-True

2025-12-12 16:59:47,890 - PaperAgentLogger - INFO - current rateReachGoal: 0
2025-12-12 16:59:47,907 - PaperAgentLogger - DEBUG - New map
2025-12-12 16:59:48,918 - PaperAgentLogger - INFO - ################## PaperArchitecture_map20x20_rho1_10Agent/K3_HS0/1765553512 - End of loop ##################  
 ####### Case861 	 Computation time:1.0104777812957764 	 Step30/44	- AllReachGoal-True

2025-12-12 16:59:48,919 - PaperAgentLogger - INFO - current rateReachGoal: 0
2025-12-12 16:59:48,938 - PaperAgentLogger - DEBUG - New map
2025-12-12 16:59:50,781 - PaperAgentLogger - INFO - ################## PaperArchitecture_map20x20_rho1_10Agent/K3_HS0/1765553512 - End of loop ##################  
 ####### Case862 	 Computation time:1.8424150943756104 	 Step56/56	- AllReachGoal-False

2025-12-12 16:59:50,782 - PaperAgentLogger - INFO - current rateReachGoal: 0
2025-12-12 16:59:50,799 - PaperAgentLogger - DEBUG - New map
2025-12-12 16:59:52,738 - PaperAgentLogger - INFO - ################## PaperArchitecture_map20x20_rho1_10Agent/K3_HS0/1765553512 - End of loop ##################  
 ####### Case863 	 Computation time:1.9378795623779297 	 Step56/56	- AllReachGoal-False

2025-12-12 16:59:52,739 - PaperAgentLogger - INFO - current rateReachGoal: 0
2025-12-12 16:59:52,756 - PaperAgentLogger - DEBUG - New map
2025-12-12 16:59:54,216 - PaperAgentLogger - INFO - ################## PaperArchitecture_map20x20_rho1_10Agent/K3_HS0/1765553512 - End of loop ##################  
 ####### Case864 	 Computation time:1.4596712589263916 	 Step42/42	- AllReachGoal-False

2025-12-12 16:59:54,217 - PaperAgentLogger - INFO - current rateReachGoal: 0
2025-12-12 16:59:54,235 - PaperAgentLogger - DEBUG - New map
2025-12-12 16:59:56,100 - PaperAgentLogger - INFO - ################## PaperArchitecture_map20x20_rho1_10Agent/K3_HS0/1765553512 - End of loop ##################  
 ####### Case865 	 Computation time:1.8646435737609863 	 Step54/54	- AllReachGoal-False

2025-12-12 16:59:56,101 - PaperAgentLogger - INFO - current rateReachGoal: 0
2025-12-12 16:59:56,119 - PaperAgentLogger - DEBUG - New map
2025-12-12 16:59:57,006 - PaperAgentLogger - INFO - ################## PaperArchitecture_map20x20_rho1_10Agent/K3_HS0/1765553512 - End of loop ##################  
 ####### Case866 	 Computation time:0.8864860534667969 	 Step25/50	- AllReachGoal-True

2025-12-12 16:59:57,006 - PaperAgentLogger - INFO - current rateReachGoal: 0
2025-12-12 16:59:57,027 - PaperAgentLogger - DEBUG - New map
2025-12-12 16:59:58,653 - PaperAgentLogger - INFO - ################## PaperArchitecture_map20x20_rho1_10Agent/K3_HS0/1765553512 - End of loop ##################  
 ####### Case867 	 Computation time:1.6257939338684082 	 Step46/46	- AllReachGoal-False

2025-12-12 16:59:58,654 - PaperAgentLogger - INFO - current rateReachGoal: 0
2025-12-12 16:59:58,673 - PaperAgentLogger - DEBUG - New map
2025-12-12 17:00:00,628 - PaperAgentLogger - INFO - ################## PaperArchitecture_map20x20_rho1_10Agent/K3_HS0/1765553512 - End of loop ##################  
 ####### Case868 	 Computation time:1.9549148082733154 	 Step58/58	- AllReachGoal-False

2025-12-12 17:00:00,629 - PaperAgentLogger - INFO - current rateReachGoal: 0
2025-12-12 17:00:00,650 - PaperAgentLogger - DEBUG - New map
2025-12-12 17:00:01,703 - PaperAgentLogger - INFO - ################## PaperArchitecture_map20x20_rho1_10Agent/K3_HS0/1765553512 - End of loop ##################  
 ####### Case869 	 Computation time:1.0518829822540283 	 Step32/64	- AllReachGoal-True

2025-12-12 17:00:01,703 - PaperAgentLogger - INFO - current rateReachGoal: 0
2025-12-12 17:00:01,724 - PaperAgentLogger - DEBUG - New map
2025-12-12 17:00:03,817 - PaperAgentLogger - INFO - ################## PaperArchitecture_map20x20_rho1_10Agent/K3_HS0/1765553512 - End of loop ##################  
 ####### Case870 	 Computation time:2.0933589935302734 	 Step64/64	- AllReachGoal-False

2025-12-12 17:00:03,818 - PaperAgentLogger - INFO - current rateReachGoal: 0
2025-12-12 17:00:03,836 - PaperAgentLogger - DEBUG - New map
2025-12-12 17:00:05,473 - PaperAgentLogger - INFO - ################## PaperArchitecture_map20x20_rho1_10Agent/K3_HS0/1765553512 - End of loop ##################  
 ####### Case871 	 Computation time:1.6372642517089844 	 Step50/50	- AllReachGoal-False

2025-12-12 17:00:05,474 - PaperAgentLogger - INFO - current rateReachGoal: 0
2025-12-12 17:00:05,495 - PaperAgentLogger - DEBUG - New map
2025-12-12 17:00:07,579 - PaperAgentLogger - INFO - ################## PaperArchitecture_map20x20_rho1_10Agent/K3_HS0/1765553512 - End of loop ##################  
 ####### Case872 	 Computation time:2.083855628967285 	 Step64/64	- AllReachGoal-False

2025-12-12 17:00:07,580 - PaperAgentLogger - INFO - current rateReachGoal: 0
2025-12-12 17:00:07,600 - PaperAgentLogger - DEBUG - New map
2025-12-12 17:00:09,828 - PaperAgentLogger - INFO - ################## PaperArchitecture_map20x20_rho1_10Agent/K3_HS0/1765553512 - End of loop ##################  
 ####### Case873 	 Computation time:2.22753643989563 	 Step68/68	- AllReachGoal-False

2025-12-12 17:00:09,829 - PaperAgentLogger - INFO - current rateReachGoal: 0
2025-12-12 17:00:09,847 - PaperAgentLogger - DEBUG - New map
2025-12-12 17:00:10,675 - PaperAgentLogger - INFO - ################## PaperArchitecture_map20x20_rho1_10Agent/K3_HS0/1765553512 - End of loop ##################  
 ####### Case874 	 Computation time:0.8274879455566406 	 Step25/50	- AllReachGoal-True

2025-12-12 17:00:10,675 - PaperAgentLogger - INFO - current rateReachGoal: 0
2025-12-12 17:00:10,691 - PaperAgentLogger - DEBUG - New map
2025-12-12 17:00:12,067 - PaperAgentLogger - INFO - ################## PaperArchitecture_map20x20_rho1_10Agent/K3_HS0/1765553512 - End of loop ##################  
 ####### Case875 	 Computation time:1.37508225440979 	 Step42/42	- AllReachGoal-False

2025-12-12 17:00:12,068 - PaperAgentLogger - INFO - current rateReachGoal: 0
2025-12-12 17:00:12,086 - PaperAgentLogger - DEBUG - New map
2025-12-12 17:00:14,172 - PaperAgentLogger - INFO - ################## PaperArchitecture_map20x20_rho1_10Agent/K3_HS0/1765553512 - End of loop ##################  
 ####### Case876 	 Computation time:2.0847787857055664 	 Step62/62	- AllReachGoal-False

2025-12-12 17:00:14,172 - PaperAgentLogger - INFO - current rateReachGoal: 0
2025-12-12 17:00:14,190 - PaperAgentLogger - DEBUG - New map
2025-12-12 17:00:15,158 - PaperAgentLogger - INFO - ################## PaperArchitecture_map20x20_rho1_10Agent/K3_HS0/1765553512 - End of loop ##################  
 ####### Case877 	 Computation time:0.9674601554870605 	 Step28/48	- AllReachGoal-True

2025-12-12 17:00:15,160 - PaperAgentLogger - INFO - current rateReachGoal: 0
2025-12-12 17:00:15,176 - PaperAgentLogger - DEBUG - New map
2025-12-12 17:00:15,914 - PaperAgentLogger - INFO - ################## PaperArchitecture_map20x20_rho1_10Agent/K3_HS0/1765553512 - End of loop ##################  
 ####### Case878 	 Computation time:0.7366719245910645 	 Step22/44	- AllReachGoal-True

2025-12-12 17:00:15,914 - PaperAgentLogger - INFO - current rateReachGoal: 0
2025-12-12 17:00:15,931 - PaperAgentLogger - DEBUG - New map
2025-12-12 17:00:17,614 - PaperAgentLogger - INFO - ################## PaperArchitecture_map20x20_rho1_10Agent/K3_HS0/1765553512 - End of loop ##################  
 ####### Case879 	 Computation time:1.6817796230316162 	 Step50/50	- AllReachGoal-False

2025-12-12 17:00:17,614 - PaperAgentLogger - INFO - current rateReachGoal: 0
2025-12-12 17:00:17,633 - PaperAgentLogger - DEBUG - New map
2025-12-12 17:00:18,561 - PaperAgentLogger - INFO - ################## PaperArchitecture_map20x20_rho1_10Agent/K3_HS0/1765553512 - End of loop ##################  
 ####### Case880 	 Computation time:0.9266977310180664 	 Step27/54	- AllReachGoal-True

2025-12-12 17:00:18,561 - PaperAgentLogger - INFO - current rateReachGoal: 0
2025-12-12 17:00:18,580 - PaperAgentLogger - DEBUG - New map
2025-12-12 23:47:26,958 - PaperAgentLogger - INFO - test started
2025-12-12 23:47:27,221 - PaperAgentLogger - DEBUG - New map
2025-12-12 23:47:28,560 - PaperAgentLogger - INFO - ################## PaperArchitecture_map20x20_rho1_10Agent/K3_HS0/1765556206 - End of loop ##################  
 ####### Case0 	 Computation time:1.338120460510254 	 Step36/60	- AllReachGoal-True

2025-12-12 23:47:28,561 - PaperAgentLogger - INFO - current rateReachGoal: 0
2025-12-12 23:47:28,574 - PaperAgentLogger - DEBUG - New map
2025-12-12 23:47:29,757 - PaperAgentLogger - INFO - ################## PaperArchitecture_map20x20_rho1_10Agent/K3_HS0/1765556206 - End of loop ##################  
 ####### Case1 	 Computation time:1.1825897693634033 	 Step40/40	- AllReachGoal-False

2025-12-12 23:47:29,758 - PaperAgentLogger - INFO - current rateReachGoal: 0
2025-12-12 23:47:29,775 - PaperAgentLogger - DEBUG - New map
2025-12-12 23:47:31,056 - PaperAgentLogger - INFO - ################## PaperArchitecture_map20x20_rho1_10Agent/K3_HS0/1765556206 - End of loop ##################  
 ####### Case2 	 Computation time:1.2805194854736328 	 Step39/74	- AllReachGoal-True

2025-12-12 23:47:31,057 - PaperAgentLogger - INFO - current rateReachGoal: 0
2025-12-12 23:47:31,070 - PaperAgentLogger - DEBUG - New map
2025-12-12 23:47:32,575 - PaperAgentLogger - INFO - ################## PaperArchitecture_map20x20_rho1_10Agent/K3_HS0/1765556206 - End of loop ##################  
 ####### Case3 	 Computation time:1.504148006439209 	 Step48/48	- AllReachGoal-False

2025-12-12 23:47:32,575 - PaperAgentLogger - INFO - current rateReachGoal: 0
2025-12-12 23:47:32,601 - PaperAgentLogger - DEBUG - New map
2025-12-12 23:47:33,863 - PaperAgentLogger - INFO - ################## PaperArchitecture_map20x20_rho1_10Agent/K3_HS0/1765556206 - End of loop ##################  
 ####### Case4 	 Computation time:1.2610857486724854 	 Step40/60	- AllReachGoal-True

2025-12-12 23:47:33,864 - PaperAgentLogger - INFO - current rateReachGoal: 0
2025-12-12 23:47:33,878 - PaperAgentLogger - DEBUG - New map
2025-12-12 23:47:35,470 - PaperAgentLogger - INFO - ################## PaperArchitecture_map20x20_rho1_10Agent/K3_HS0/1765556206 - End of loop ##################  
 ####### Case5 	 Computation time:1.5913755893707275 	 Step50/50	- AllReachGoal-False

2025-12-12 23:47:35,470 - PaperAgentLogger - INFO - current rateReachGoal: 0
2025-12-12 23:47:35,485 - PaperAgentLogger - DEBUG - New map
2025-12-12 23:47:36,763 - PaperAgentLogger - INFO - ################## PaperArchitecture_map20x20_rho1_10Agent/K3_HS0/1765556206 - End of loop ##################  
 ####### Case6 	 Computation time:1.2772810459136963 	 Step40/60	- AllReachGoal-True

2025-12-12 23:47:36,763 - PaperAgentLogger - INFO - current rateReachGoal: 0
2025-12-12 23:47:36,777 - PaperAgentLogger - DEBUG - New map
2025-12-12 23:47:37,655 - PaperAgentLogger - INFO - ################## PaperArchitecture_map20x20_rho1_10Agent/K3_HS0/1765556206 - End of loop ##################  
 ####### Case7 	 Computation time:0.8778648376464844 	 Step29/54	- AllReachGoal-True

2025-12-12 23:47:37,658 - PaperAgentLogger - INFO - current rateReachGoal: 0
2025-12-12 23:47:37,674 - PaperAgentLogger - DEBUG - New map
2025-12-12 23:47:39,237 - PaperAgentLogger - INFO - ################## PaperArchitecture_map20x20_rho1_10Agent/K3_HS0/1765556206 - End of loop ##################  
 ####### Case8 	 Computation time:1.562720775604248 	 Step48/48	- AllReachGoal-False

2025-12-12 23:47:39,238 - PaperAgentLogger - INFO - current rateReachGoal: 0
2025-12-12 23:47:39,257 - PaperAgentLogger - DEBUG - New map
2025-12-12 23:47:40,123 - PaperAgentLogger - INFO - ################## PaperArchitecture_map20x20_rho1_10Agent/K3_HS0/1765556206 - End of loop ##################  
 ####### Case9 	 Computation time:0.8658065795898438 	 Step28/56	- AllReachGoal-True

2025-12-12 23:47:40,124 - PaperAgentLogger - INFO - current rateReachGoal: 0
2025-12-12 23:47:40,141 - PaperAgentLogger - DEBUG - New map
2025-12-12 23:47:41,290 - PaperAgentLogger - INFO - ################## PaperArchitecture_map20x20_rho1_10Agent/K3_HS0/1765556206 - End of loop ##################  
 ####### Case10 	 Computation time:1.1481950283050537 	 Step35/50	- AllReachGoal-True

2025-12-12 23:47:41,290 - PaperAgentLogger - INFO - current rateReachGoal: 0
2025-12-12 23:47:41,306 - PaperAgentLogger - DEBUG - New map
2025-12-12 23:47:42,318 - PaperAgentLogger - INFO - ################## PaperArchitecture_map20x20_rho1_10Agent/K3_HS0/1765556206 - End of loop ##################  
 ####### Case11 	 Computation time:1.0116817951202393 	 Step31/34	- AllReachGoal-True

2025-12-12 23:47:42,319 - PaperAgentLogger - INFO - current rateReachGoal: 0
2025-12-12 23:47:42,335 - PaperAgentLogger - DEBUG - New map
2025-12-12 23:47:43,196 - PaperAgentLogger - INFO - ################## PaperArchitecture_map20x20_rho1_10Agent/K3_HS0/1765556206 - End of loop ##################  
 ####### Case12 	 Computation time:0.8602488040924072 	 Step28/46	- AllReachGoal-True

2025-12-12 23:47:43,198 - PaperAgentLogger - INFO - current rateReachGoal: 0
2025-12-12 23:47:43,212 - PaperAgentLogger - DEBUG - New map
2025-12-12 23:47:44,340 - PaperAgentLogger - INFO - ################## PaperArchitecture_map20x20_rho1_10Agent/K3_HS0/1765556206 - End of loop ##################  
 ####### Case13 	 Computation time:1.1274464130401611 	 Step36/36	- AllReachGoal-False

2025-12-12 23:47:44,341 - PaperAgentLogger - INFO - current rateReachGoal: 0
2025-12-12 23:47:44,360 - PaperAgentLogger - DEBUG - New map
2025-12-12 23:47:45,368 - PaperAgentLogger - INFO - ################## PaperArchitecture_map20x20_rho1_10Agent/K3_HS0/1765556206 - End of loop ##################  
 ####### Case14 	 Computation time:1.006756067276001 	 Step32/62	- AllReachGoal-True

2025-12-12 23:47:45,368 - PaperAgentLogger - INFO - current rateReachGoal: 0
2025-12-12 23:47:45,386 - PaperAgentLogger - DEBUG - New map
2025-12-12 23:47:46,209 - PaperAgentLogger - INFO - ################## PaperArchitecture_map20x20_rho1_10Agent/K3_HS0/1765556206 - End of loop ##################  
 ####### Case15 	 Computation time:0.8225016593933105 	 Step25/52	- AllReachGoal-True

2025-12-12 23:47:46,210 - PaperAgentLogger - INFO - current rateReachGoal: 0
2025-12-12 23:47:46,229 - PaperAgentLogger - DEBUG - New map
2025-12-12 23:47:48,291 - PaperAgentLogger - INFO - ################## PaperArchitecture_map20x20_rho1_10Agent/K3_HS0/1765556206 - End of loop ##################  
 ####### Case16 	 Computation time:2.061514377593994 	 Step64/64	- AllReachGoal-False

2025-12-12 23:47:48,294 - PaperAgentLogger - INFO - current rateReachGoal: 0
2025-12-12 23:47:48,313 - PaperAgentLogger - DEBUG - New map
2025-12-12 23:47:50,154 - PaperAgentLogger - INFO - ################## PaperArchitecture_map20x20_rho1_10Agent/K3_HS0/1765556206 - End of loop ##################  
 ####### Case17 	 Computation time:1.8402693271636963 	 Step62/62	- AllReachGoal-False

2025-12-12 23:47:50,155 - PaperAgentLogger - INFO - current rateReachGoal: 0
2025-12-12 23:47:50,173 - PaperAgentLogger - DEBUG - New map
2025-12-12 23:47:51,870 - PaperAgentLogger - INFO - ################## PaperArchitecture_map20x20_rho1_10Agent/K3_HS0/1765556206 - End of loop ##################  
 ####### Case18 	 Computation time:1.6961371898651123 	 Step56/56	- AllReachGoal-False

2025-12-12 23:47:51,871 - PaperAgentLogger - INFO - current rateReachGoal: 0
2025-12-12 23:47:51,888 - PaperAgentLogger - DEBUG - New map
2025-12-12 23:47:52,903 - PaperAgentLogger - INFO - ################## PaperArchitecture_map20x20_rho1_10Agent/K3_HS0/1765556206 - End of loop ##################  
 ####### Case19 	 Computation time:1.014897108078003 	 Step31/44	- AllReachGoal-True

2025-12-12 23:47:52,904 - PaperAgentLogger - INFO - current rateReachGoal: 0
2025-12-12 23:47:52,919 - PaperAgentLogger - DEBUG - New map
2025-12-12 23:47:53,643 - PaperAgentLogger - INFO - ################## PaperArchitecture_map20x20_rho1_10Agent/K3_HS0/1765556206 - End of loop ##################  
 ####### Case20 	 Computation time:0.7232038974761963 	 Step22/38	- AllReachGoal-True

2025-12-12 23:47:53,644 - PaperAgentLogger - INFO - current rateReachGoal: 0
2025-12-12 23:47:53,666 - PaperAgentLogger - DEBUG - New map
2025-12-12 23:47:55,969 - PaperAgentLogger - INFO - ################## PaperArchitecture_map20x20_rho1_10Agent/K3_HS0/1765556206 - End of loop ##################  
 ####### Case21 	 Computation time:2.302532434463501 	 Step72/72	- AllReachGoal-False

2025-12-12 23:47:55,969 - PaperAgentLogger - INFO - current rateReachGoal: 0
2025-12-12 23:47:55,986 - PaperAgentLogger - DEBUG - New map
2025-12-12 23:47:56,911 - PaperAgentLogger - INFO - ################## PaperArchitecture_map20x20_rho1_10Agent/K3_HS0/1765556206 - End of loop ##################  
 ####### Case22 	 Computation time:0.9247541427612305 	 Step31/48	- AllReachGoal-True

2025-12-12 23:47:56,912 - PaperAgentLogger - INFO - current rateReachGoal: 0
2025-12-12 23:47:56,928 - PaperAgentLogger - DEBUG - New map
2025-12-12 23:47:58,290 - PaperAgentLogger - INFO - ################## PaperArchitecture_map20x20_rho1_10Agent/K3_HS0/1765556206 - End of loop ##################  
 ####### Case23 	 Computation time:1.3617949485778809 	 Step46/46	- AllReachGoal-False

2025-12-12 23:47:58,291 - PaperAgentLogger - INFO - current rateReachGoal: 0
2025-12-12 23:47:58,309 - PaperAgentLogger - DEBUG - New map
2025-12-12 23:47:59,255 - PaperAgentLogger - INFO - ################## PaperArchitecture_map20x20_rho1_10Agent/K3_HS0/1765556206 - End of loop ##################  
 ####### Case24 	 Computation time:0.9450716972351074 	 Step29/50	- AllReachGoal-True

2025-12-12 23:47:59,256 - PaperAgentLogger - INFO - current rateReachGoal: 0
2025-12-12 23:47:59,276 - PaperAgentLogger - DEBUG - New map
2025-12-12 23:48:00,800 - PaperAgentLogger - INFO - ################## PaperArchitecture_map20x20_rho1_10Agent/K3_HS0/1765556206 - End of loop ##################  
 ####### Case25 	 Computation time:1.5233299732208252 	 Step47/56	- AllReachGoal-True

2025-12-12 23:48:00,801 - PaperAgentLogger - INFO - current rateReachGoal: 0
2025-12-12 23:48:00,818 - PaperAgentLogger - DEBUG - New map
2025-12-12 23:48:01,737 - PaperAgentLogger - INFO - ################## PaperArchitecture_map20x20_rho1_10Agent/K3_HS0/1765556206 - End of loop ##################  
 ####### Case26 	 Computation time:0.9189953804016113 	 Step28/48	- AllReachGoal-True

2025-12-12 23:48:01,738 - PaperAgentLogger - INFO - current rateReachGoal: 0
2025-12-12 23:48:01,757 - PaperAgentLogger - DEBUG - New map
2025-12-12 23:48:03,303 - PaperAgentLogger - INFO - ################## PaperArchitecture_map20x20_rho1_10Agent/K3_HS0/1765556206 - End of loop ##################  
 ####### Case27 	 Computation time:1.5459744930267334 	 Step52/52	- AllReachGoal-False

2025-12-12 23:48:03,304 - PaperAgentLogger - INFO - current rateReachGoal: 0
2025-12-12 23:48:03,323 - PaperAgentLogger - DEBUG - New map
2025-12-12 23:48:04,940 - PaperAgentLogger - INFO - ################## PaperArchitecture_map20x20_rho1_10Agent/K3_HS0/1765556206 - End of loop ##################  
 ####### Case28 	 Computation time:1.6162796020507812 	 Step52/52	- AllReachGoal-False

2025-12-12 23:48:04,940 - PaperAgentLogger - INFO - current rateReachGoal: 0
2025-12-12 23:48:04,957 - PaperAgentLogger - DEBUG - New map
2025-12-12 23:48:06,524 - PaperAgentLogger - INFO - ################## PaperArchitecture_map20x20_rho1_10Agent/K3_HS0/1765556206 - End of loop ##################  
 ####### Case29 	 Computation time:1.5658290386199951 	 Step52/52	- AllReachGoal-False

2025-12-12 23:48:06,524 - PaperAgentLogger - INFO - current rateReachGoal: 0
2025-12-12 23:48:06,543 - PaperAgentLogger - DEBUG - New map
2025-12-12 23:48:08,241 - PaperAgentLogger - INFO - ################## PaperArchitecture_map20x20_rho1_10Agent/K3_HS0/1765556206 - End of loop ##################  
 ####### Case30 	 Computation time:1.6968209743499756 	 Step58/58	- AllReachGoal-False

2025-12-12 23:48:08,241 - PaperAgentLogger - INFO - current rateReachGoal: 0
2025-12-12 23:48:08,258 - PaperAgentLogger - DEBUG - New map
2025-12-12 23:48:08,955 - PaperAgentLogger - INFO - ################## PaperArchitecture_map20x20_rho1_10Agent/K3_HS0/1765556206 - End of loop ##################  
 ####### Case31 	 Computation time:0.6957595348358154 	 Step23/46	- AllReachGoal-True

2025-12-12 23:48:08,955 - PaperAgentLogger - INFO - current rateReachGoal: 0
2025-12-12 23:48:08,974 - PaperAgentLogger - DEBUG - New map
2025-12-12 23:48:10,551 - PaperAgentLogger - INFO - ################## PaperArchitecture_map20x20_rho1_10Agent/K3_HS0/1765556206 - End of loop ##################  
 ####### Case32 	 Computation time:1.5763320922851562 	 Step54/54	- AllReachGoal-False

2025-12-12 23:48:10,551 - PaperAgentLogger - INFO - current rateReachGoal: 0
2025-12-12 23:48:10,569 - PaperAgentLogger - DEBUG - New map
2025-12-12 23:48:11,366 - PaperAgentLogger - INFO - ################## PaperArchitecture_map20x20_rho1_10Agent/K3_HS0/1765556206 - End of loop ##################  
 ####### Case33 	 Computation time:0.7966129779815674 	 Step27/54	- AllReachGoal-True

2025-12-12 23:48:11,367 - PaperAgentLogger - INFO - current rateReachGoal: 0
2025-12-12 23:48:11,385 - PaperAgentLogger - DEBUG - New map
2025-12-12 23:48:12,905 - PaperAgentLogger - INFO - ################## PaperArchitecture_map20x20_rho1_10Agent/K3_HS0/1765556206 - End of loop ##################  
 ####### Case34 	 Computation time:1.5195221900939941 	 Step52/52	- AllReachGoal-False

2025-12-12 23:48:12,906 - PaperAgentLogger - INFO - current rateReachGoal: 0
2025-12-12 23:48:12,923 - PaperAgentLogger - DEBUG - New map
2025-12-12 23:48:13,661 - PaperAgentLogger - INFO - ################## PaperArchitecture_map20x20_rho1_10Agent/K3_HS0/1765556206 - End of loop ##################  
 ####### Case35 	 Computation time:0.7373535633087158 	 Step25/50	- AllReachGoal-True

2025-12-12 23:48:13,662 - PaperAgentLogger - INFO - current rateReachGoal: 0
2025-12-12 23:48:13,681 - PaperAgentLogger - DEBUG - New map
2025-12-12 23:48:15,387 - PaperAgentLogger - INFO - ################## PaperArchitecture_map20x20_rho1_10Agent/K3_HS0/1765556206 - End of loop ##################  
 ####### Case36 	 Computation time:1.7059853076934814 	 Step58/58	- AllReachGoal-False

2025-12-12 23:48:15,389 - PaperAgentLogger - INFO - current rateReachGoal: 0
2025-12-12 23:48:15,408 - PaperAgentLogger - DEBUG - New map
2025-12-12 23:48:16,260 - PaperAgentLogger - INFO - ################## PaperArchitecture_map20x20_rho1_10Agent/K3_HS0/1765556206 - End of loop ##################  
 ####### Case37 	 Computation time:0.8511319160461426 	 Step29/60	- AllReachGoal-True

2025-12-12 23:48:16,261 - PaperAgentLogger - INFO - current rateReachGoal: 0
2025-12-12 23:48:16,278 - PaperAgentLogger - DEBUG - New map
2025-12-12 23:48:17,749 - PaperAgentLogger - INFO - ################## PaperArchitecture_map20x20_rho1_10Agent/K3_HS0/1765556206 - End of loop ##################  
 ####### Case38 	 Computation time:1.4702973365783691 	 Step50/50	- AllReachGoal-False

2025-12-12 23:48:17,750 - PaperAgentLogger - INFO - current rateReachGoal: 0
2025-12-12 23:48:17,768 - PaperAgentLogger - DEBUG - New map
2025-12-12 23:48:19,419 - PaperAgentLogger - INFO - ################## PaperArchitecture_map20x20_rho1_10Agent/K3_HS0/1765556206 - End of loop ##################  
 ####### Case39 	 Computation time:1.6503088474273682 	 Step56/56	- AllReachGoal-False

2025-12-12 23:48:19,420 - PaperAgentLogger - INFO - current rateReachGoal: 0
2025-12-12 23:48:19,437 - PaperAgentLogger - DEBUG - New map
2025-12-12 23:48:20,901 - PaperAgentLogger - INFO - ################## PaperArchitecture_map20x20_rho1_10Agent/K3_HS0/1765556206 - End of loop ##################  
 ####### Case40 	 Computation time:1.4632742404937744 	 Step50/50	- AllReachGoal-False

2025-12-12 23:48:20,903 - PaperAgentLogger - INFO - current rateReachGoal: 0
2025-12-12 23:48:20,921 - PaperAgentLogger - DEBUG - New map
2025-12-12 23:48:21,657 - PaperAgentLogger - INFO - ################## PaperArchitecture_map20x20_rho1_10Agent/K3_HS0/1765556206 - End of loop ##################  
 ####### Case41 	 Computation time:0.7350387573242188 	 Step25/50	- AllReachGoal-True

2025-12-12 23:48:21,658 - PaperAgentLogger - INFO - current rateReachGoal: 0
2025-12-12 23:48:21,675 - PaperAgentLogger - DEBUG - New map
2025-12-12 23:48:23,204 - PaperAgentLogger - INFO - ################## PaperArchitecture_map20x20_rho1_10Agent/K3_HS0/1765556206 - End of loop ##################  
 ####### Case42 	 Computation time:1.529116153717041 	 Step50/50	- AllReachGoal-False

2025-12-12 23:48:23,205 - PaperAgentLogger - INFO - current rateReachGoal: 0
2025-12-12 23:48:23,223 - PaperAgentLogger - DEBUG - New map
2025-12-12 23:48:24,117 - PaperAgentLogger - INFO - ################## PaperArchitecture_map20x20_rho1_10Agent/K3_HS0/1765556206 - End of loop ##################  
 ####### Case43 	 Computation time:0.8927254676818848 	 Step28/56	- AllReachGoal-True

2025-12-12 23:48:24,117 - PaperAgentLogger - INFO - current rateReachGoal: 0
2025-12-12 23:48:24,134 - PaperAgentLogger - DEBUG - New map
2025-12-12 23:48:24,906 - PaperAgentLogger - INFO - ################## PaperArchitecture_map20x20_rho1_10Agent/K3_HS0/1765556206 - End of loop ##################  
 ####### Case44 	 Computation time:0.7720913887023926 	 Step25/46	- AllReachGoal-True

2025-12-12 23:48:24,907 - PaperAgentLogger - INFO - current rateReachGoal: 0
2025-12-12 23:48:24,928 - PaperAgentLogger - DEBUG - New map
2025-12-12 23:48:27,059 - PaperAgentLogger - INFO - ################## PaperArchitecture_map20x20_rho1_10Agent/K3_HS0/1765556206 - End of loop ##################  
 ####### Case45 	 Computation time:2.1299142837524414 	 Step68/68	- AllReachGoal-False

2025-12-12 23:48:27,060 - PaperAgentLogger - INFO - current rateReachGoal: 0
2025-12-12 23:48:27,076 - PaperAgentLogger - DEBUG - New map
2025-12-12 23:48:28,459 - PaperAgentLogger - INFO - ################## PaperArchitecture_map20x20_rho1_10Agent/K3_HS0/1765556206 - End of loop ##################  
 ####### Case46 	 Computation time:1.382432222366333 	 Step46/46	- AllReachGoal-False

2025-12-12 23:48:28,460 - PaperAgentLogger - INFO - current rateReachGoal: 0
2025-12-12 23:48:28,478 - PaperAgentLogger - DEBUG - New map
2025-12-12 23:48:30,122 - PaperAgentLogger - INFO - ################## PaperArchitecture_map20x20_rho1_10Agent/K3_HS0/1765556206 - End of loop ##################  
 ####### Case47 	 Computation time:1.6437346935272217 	 Step50/50	- AllReachGoal-False

2025-12-12 23:48:30,123 - PaperAgentLogger - INFO - current rateReachGoal: 0
2025-12-12 23:48:30,140 - PaperAgentLogger - DEBUG - New map
2025-12-12 23:48:31,703 - PaperAgentLogger - INFO - ################## PaperArchitecture_map20x20_rho1_10Agent/K3_HS0/1765556206 - End of loop ##################  
 ####### Case48 	 Computation time:1.5620815753936768 	 Step48/48	- AllReachGoal-False

2025-12-12 23:48:31,704 - PaperAgentLogger - INFO - current rateReachGoal: 0
2025-12-12 23:48:31,722 - PaperAgentLogger - DEBUG - New map
2025-12-12 23:48:32,576 - PaperAgentLogger - INFO - ################## PaperArchitecture_map20x20_rho1_10Agent/K3_HS0/1765556206 - End of loop ##################  
 ####### Case49 	 Computation time:0.8535218238830566 	 Step29/58	- AllReachGoal-True

2025-12-12 23:48:32,577 - PaperAgentLogger - INFO - current rateReachGoal: 0
2025-12-12 23:48:32,595 - PaperAgentLogger - DEBUG - New map
2025-12-12 23:48:34,436 - PaperAgentLogger - INFO - ################## PaperArchitecture_map20x20_rho1_10Agent/K3_HS0/1765556206 - End of loop ##################  
 ####### Case50 	 Computation time:1.8403232097625732 	 Step58/58	- AllReachGoal-False

2025-12-12 23:48:34,437 - PaperAgentLogger - INFO - current rateReachGoal: 0
2025-12-12 23:48:34,452 - PaperAgentLogger - DEBUG - New map
2025-12-12 23:48:35,548 - PaperAgentLogger - INFO - ################## PaperArchitecture_map20x20_rho1_10Agent/K3_HS0/1765556206 - End of loop ##################  
 ####### Case51 	 Computation time:1.0952858924865723 	 Step36/42	- AllReachGoal-True

2025-12-12 23:48:35,549 - PaperAgentLogger - INFO - current rateReachGoal: 0
2025-12-12 23:48:35,567 - PaperAgentLogger - DEBUG - New map
2025-12-12 23:48:36,689 - PaperAgentLogger - INFO - ################## PaperArchitecture_map20x20_rho1_10Agent/K3_HS0/1765556206 - End of loop ##################  
 ####### Case52 	 Computation time:1.1213812828063965 	 Step36/56	- AllReachGoal-True

2025-12-12 23:48:36,689 - PaperAgentLogger - INFO - current rateReachGoal: 0
2025-12-12 23:48:36,709 - PaperAgentLogger - DEBUG - New map
2025-12-12 23:48:37,622 - PaperAgentLogger - INFO - ################## PaperArchitecture_map20x20_rho1_10Agent/K3_HS0/1765556206 - End of loop ##################  
 ####### Case53 	 Computation time:0.9122834205627441 	 Step29/58	- AllReachGoal-True

2025-12-12 23:48:37,624 - PaperAgentLogger - INFO - current rateReachGoal: 0
2025-12-12 23:48:37,642 - PaperAgentLogger - DEBUG - New map
2025-12-12 23:48:38,805 - PaperAgentLogger - INFO - ################## PaperArchitecture_map20x20_rho1_10Agent/K3_HS0/1765556206 - End of loop ##################  
 ####### Case54 	 Computation time:1.162055492401123 	 Step36/54	- AllReachGoal-True

2025-12-12 23:48:38,806 - PaperAgentLogger - INFO - current rateReachGoal: 0
2025-12-12 23:48:38,822 - PaperAgentLogger - DEBUG - New map
2025-12-12 23:48:40,385 - PaperAgentLogger - INFO - ################## PaperArchitecture_map20x20_rho1_10Agent/K3_HS0/1765556206 - End of loop ##################  
 ####### Case55 	 Computation time:1.5617666244506836 	 Step54/54	- AllReachGoal-False

2025-12-12 23:48:40,385 - PaperAgentLogger - INFO - current rateReachGoal: 0
2025-12-12 23:48:40,403 - PaperAgentLogger - DEBUG - New map
2025-12-12 23:48:41,793 - PaperAgentLogger - INFO - ################## PaperArchitecture_map20x20_rho1_10Agent/K3_HS0/1765556206 - End of loop ##################  
 ####### Case56 	 Computation time:1.389526128768921 	 Step48/48	- AllReachGoal-False

2025-12-12 23:48:41,794 - PaperAgentLogger - INFO - current rateReachGoal: 0
2025-12-12 23:48:41,813 - PaperAgentLogger - DEBUG - New map
2025-12-12 23:48:43,544 - PaperAgentLogger - INFO - ################## PaperArchitecture_map20x20_rho1_10Agent/K3_HS0/1765556206 - End of loop ##################  
 ####### Case57 	 Computation time:1.7311773300170898 	 Step60/60	- AllReachGoal-False

2025-12-12 23:48:43,547 - PaperAgentLogger - INFO - current rateReachGoal: 0
2025-12-12 23:48:43,566 - PaperAgentLogger - DEBUG - New map
2025-12-12 23:48:44,495 - PaperAgentLogger - INFO - ################## PaperArchitecture_map20x20_rho1_10Agent/K3_HS0/1765556206 - End of loop ##################  
 ####### Case58 	 Computation time:0.9284803867340088 	 Step32/64	- AllReachGoal-True

2025-12-12 23:48:44,496 - PaperAgentLogger - INFO - current rateReachGoal: 0
2025-12-12 23:48:44,512 - PaperAgentLogger - DEBUG - New map
2025-12-12 23:48:45,273 - PaperAgentLogger - INFO - ################## PaperArchitecture_map20x20_rho1_10Agent/K3_HS0/1765556206 - End of loop ##################  
 ####### Case59 	 Computation time:0.7608294486999512 	 Step26/42	- AllReachGoal-True

2025-12-12 23:48:45,274 - PaperAgentLogger - INFO - current rateReachGoal: 0
2025-12-12 23:48:45,290 - PaperAgentLogger - DEBUG - New map
2025-12-12 23:48:46,570 - PaperAgentLogger - INFO - ################## PaperArchitecture_map20x20_rho1_10Agent/K3_HS0/1765556206 - End of loop ##################  
 ####### Case60 	 Computation time:1.2802720069885254 	 Step44/44	- AllReachGoal-False

2025-12-12 23:48:46,571 - PaperAgentLogger - INFO - current rateReachGoal: 0
2025-12-12 23:48:46,588 - PaperAgentLogger - DEBUG - New map
2025-12-12 23:48:47,699 - PaperAgentLogger - INFO - ################## PaperArchitecture_map20x20_rho1_10Agent/K3_HS0/1765556206 - End of loop ##################  
 ####### Case61 	 Computation time:1.1101834774017334 	 Step37/52	- AllReachGoal-True

2025-12-12 23:48:47,699 - PaperAgentLogger - INFO - current rateReachGoal: 0
2025-12-12 23:48:47,716 - PaperAgentLogger - DEBUG - New map
2025-12-12 23:48:49,030 - PaperAgentLogger - INFO - ################## PaperArchitecture_map20x20_rho1_10Agent/K3_HS0/1765556206 - End of loop ##################  
 ####### Case62 	 Computation time:1.3135242462158203 	 Step44/44	- AllReachGoal-False

2025-12-12 23:48:49,033 - PaperAgentLogger - INFO - current rateReachGoal: 0
2025-12-12 23:48:49,050 - PaperAgentLogger - DEBUG - New map
2025-12-12 23:48:50,439 - PaperAgentLogger - INFO - ################## PaperArchitecture_map20x20_rho1_10Agent/K3_HS0/1765556206 - End of loop ##################  
 ####### Case63 	 Computation time:1.3883295059204102 	 Step46/46	- AllReachGoal-False

2025-12-12 23:48:50,440 - PaperAgentLogger - INFO - current rateReachGoal: 0
2025-12-12 23:48:50,459 - PaperAgentLogger - DEBUG - New map
2025-12-12 23:48:51,478 - PaperAgentLogger - INFO - ################## PaperArchitecture_map20x20_rho1_10Agent/K3_HS0/1765556206 - End of loop ##################  
 ####### Case64 	 Computation time:1.0183813571929932 	 Step35/62	- AllReachGoal-True

2025-12-12 23:48:51,479 - PaperAgentLogger - INFO - current rateReachGoal: 0
2025-12-12 23:48:51,495 - PaperAgentLogger - DEBUG - New map
2025-12-12 23:48:52,514 - PaperAgentLogger - INFO - ################## PaperArchitecture_map20x20_rho1_10Agent/K3_HS0/1765556206 - End of loop ##################  
 ####### Case65 	 Computation time:1.0186011791229248 	 Step35/42	- AllReachGoal-True

2025-12-12 23:48:52,515 - PaperAgentLogger - INFO - current rateReachGoal: 0
2025-12-12 23:48:52,531 - PaperAgentLogger - DEBUG - New map
2025-12-12 23:48:53,266 - PaperAgentLogger - INFO - ################## PaperArchitecture_map20x20_rho1_10Agent/K3_HS0/1765556206 - End of loop ##################  
 ####### Case66 	 Computation time:0.7336230278015137 	 Step25/50	- AllReachGoal-True

2025-12-12 23:48:53,266 - PaperAgentLogger - INFO - current rateReachGoal: 0
2025-12-12 23:48:53,284 - PaperAgentLogger - DEBUG - New map
2025-12-12 23:48:54,119 - PaperAgentLogger - INFO - ################## PaperArchitecture_map20x20_rho1_10Agent/K3_HS0/1765556206 - End of loop ##################  
 ####### Case67 	 Computation time:0.834831714630127 	 Step26/52	- AllReachGoal-True

2025-12-12 23:48:54,122 - PaperAgentLogger - INFO - current rateReachGoal: 0
2025-12-12 23:48:54,136 - PaperAgentLogger - DEBUG - New map
2025-12-12 23:48:55,208 - PaperAgentLogger - INFO - ################## PaperArchitecture_map20x20_rho1_10Agent/K3_HS0/1765556206 - End of loop ##################  
 ####### Case68 	 Computation time:1.071439504623413 	 Step36/36	- AllReachGoal-False

2025-12-12 23:48:55,209 - PaperAgentLogger - INFO - current rateReachGoal: 0
2025-12-12 23:48:55,228 - PaperAgentLogger - DEBUG - New map
2025-12-12 23:48:56,094 - PaperAgentLogger - INFO - ################## PaperArchitecture_map20x20_rho1_10Agent/K3_HS0/1765556206 - End of loop ##################  
 ####### Case69 	 Computation time:0.8658833503723145 	 Step29/60	- AllReachGoal-True

2025-12-12 23:48:56,095 - PaperAgentLogger - INFO - current rateReachGoal: 0
2025-12-12 23:48:56,111 - PaperAgentLogger - DEBUG - New map
2025-12-12 23:48:57,358 - PaperAgentLogger - INFO - ################## PaperArchitecture_map20x20_rho1_10Agent/K3_HS0/1765556206 - End of loop ##################  
 ####### Case70 	 Computation time:1.2459352016448975 	 Step42/42	- AllReachGoal-False

2025-12-12 23:48:57,358 - PaperAgentLogger - INFO - current rateReachGoal: 0
2025-12-12 23:48:57,375 - PaperAgentLogger - DEBUG - New map
2025-12-12 23:48:58,107 - PaperAgentLogger - INFO - ################## PaperArchitecture_map20x20_rho1_10Agent/K3_HS0/1765556206 - End of loop ##################  
 ####### Case71 	 Computation time:0.7317559719085693 	 Step25/50	- AllReachGoal-True

2025-12-12 23:48:58,108 - PaperAgentLogger - INFO - current rateReachGoal: 0
2025-12-12 23:48:58,128 - PaperAgentLogger - DEBUG - New map
2025-12-12 23:48:59,206 - PaperAgentLogger - INFO - ################## PaperArchitecture_map20x20_rho1_10Agent/K3_HS0/1765556206 - End of loop ##################  
 ####### Case72 	 Computation time:1.077399492263794 	 Step37/66	- AllReachGoal-True

2025-12-12 23:48:59,208 - PaperAgentLogger - INFO - current rateReachGoal: 0
2025-12-12 23:48:59,226 - PaperAgentLogger - DEBUG - New map
2025-12-12 23:48:59,928 - PaperAgentLogger - INFO - ################## PaperArchitecture_map20x20_rho1_10Agent/K3_HS0/1765556206 - End of loop ##################  
 ####### Case73 	 Computation time:0.7012438774108887 	 Step24/46	- AllReachGoal-True

2025-12-12 23:48:59,928 - PaperAgentLogger - INFO - current rateReachGoal: 0
2025-12-12 23:48:59,945 - PaperAgentLogger - DEBUG - New map
2025-12-12 23:49:01,404 - PaperAgentLogger - INFO - ################## PaperArchitecture_map20x20_rho1_10Agent/K3_HS0/1765556206 - End of loop ##################  
 ####### Case74 	 Computation time:1.458343744277954 	 Step50/50	- AllReachGoal-False

2025-12-12 23:49:01,405 - PaperAgentLogger - INFO - current rateReachGoal: 0
2025-12-12 23:49:01,423 - PaperAgentLogger - DEBUG - New map
2025-12-12 23:49:02,670 - PaperAgentLogger - INFO - ################## PaperArchitecture_map20x20_rho1_10Agent/K3_HS0/1765556206 - End of loop ##################  
 ####### Case75 	 Computation time:1.2469213008880615 	 Step43/58	- AllReachGoal-True

2025-12-12 23:49:02,671 - PaperAgentLogger - INFO - current rateReachGoal: 0
2025-12-12 23:49:02,687 - PaperAgentLogger - DEBUG - New map
2025-12-12 23:49:03,965 - PaperAgentLogger - INFO - ################## PaperArchitecture_map20x20_rho1_10Agent/K3_HS0/1765556206 - End of loop ##################  
 ####### Case76 	 Computation time:1.276942491531372 	 Step44/44	- AllReachGoal-False

2025-12-12 23:49:03,965 - PaperAgentLogger - INFO - current rateReachGoal: 0
2025-12-12 23:49:03,983 - PaperAgentLogger - DEBUG - New map
2025-12-12 23:49:04,686 - PaperAgentLogger - INFO - ################## PaperArchitecture_map20x20_rho1_10Agent/K3_HS0/1765556206 - End of loop ##################  
 ####### Case77 	 Computation time:0.7023007869720459 	 Step24/48	- AllReachGoal-True

2025-12-12 23:49:04,686 - PaperAgentLogger - INFO - current rateReachGoal: 0
2025-12-12 23:49:04,705 - PaperAgentLogger - DEBUG - New map
2025-12-12 23:49:06,217 - PaperAgentLogger - INFO - ################## PaperArchitecture_map20x20_rho1_10Agent/K3_HS0/1765556206 - End of loop ##################  
 ####### Case78 	 Computation time:1.5112395286560059 	 Step52/60	- AllReachGoal-True

2025-12-12 23:49:06,218 - PaperAgentLogger - INFO - current rateReachGoal: 0
2025-12-12 23:49:06,235 - PaperAgentLogger - DEBUG - New map
2025-12-12 23:49:07,027 - PaperAgentLogger - INFO - ################## PaperArchitecture_map20x20_rho1_10Agent/K3_HS0/1765556206 - End of loop ##################  
 ####### Case79 	 Computation time:0.7914013862609863 	 Step27/54	- AllReachGoal-True

2025-12-12 23:49:07,028 - PaperAgentLogger - INFO - current rateReachGoal: 0
2025-12-12 23:49:07,048 - PaperAgentLogger - DEBUG - New map
2025-12-12 23:49:07,839 - PaperAgentLogger - INFO - ################## PaperArchitecture_map20x20_rho1_10Agent/K3_HS0/1765556206 - End of loop ##################  
 ####### Case80 	 Computation time:0.7911291122436523 	 Step27/54	- AllReachGoal-True

2025-12-12 23:49:07,840 - PaperAgentLogger - INFO - current rateReachGoal: 0
2025-12-12 23:49:07,859 - PaperAgentLogger - DEBUG - New map
2025-12-12 23:49:09,430 - PaperAgentLogger - INFO - ################## PaperArchitecture_map20x20_rho1_10Agent/K3_HS0/1765556206 - End of loop ##################  
 ####### Case81 	 Computation time:1.5704965591430664 	 Step54/54	- AllReachGoal-False

2025-12-12 23:49:09,430 - PaperAgentLogger - INFO - current rateReachGoal: 0
2025-12-12 23:49:09,447 - PaperAgentLogger - DEBUG - New map
2025-12-12 23:49:10,265 - PaperAgentLogger - INFO - ################## PaperArchitecture_map20x20_rho1_10Agent/K3_HS0/1765556206 - End of loop ##################  
 ####### Case82 	 Computation time:0.8176276683807373 	 Step28/48	- AllReachGoal-True

2025-12-12 23:49:10,267 - PaperAgentLogger - INFO - current rateReachGoal: 0
2025-12-12 23:49:10,285 - PaperAgentLogger - DEBUG - New map
2025-12-12 23:49:11,139 - PaperAgentLogger - INFO - ################## PaperArchitecture_map20x20_rho1_10Agent/K3_HS0/1765556206 - End of loop ##################  
 ####### Case83 	 Computation time:0.8529949188232422 	 Step29/58	- AllReachGoal-True

2025-12-12 23:49:11,139 - PaperAgentLogger - INFO - current rateReachGoal: 0
2025-12-12 23:49:11,159 - PaperAgentLogger - DEBUG - New map
2025-12-12 23:49:12,080 - PaperAgentLogger - INFO - ################## PaperArchitecture_map20x20_rho1_10Agent/K3_HS0/1765556206 - End of loop ##################  
 ####### Case84 	 Computation time:0.9206757545471191 	 Step30/58	- AllReachGoal-True

2025-12-12 23:49:12,081 - PaperAgentLogger - INFO - current rateReachGoal: 0
2025-12-12 23:49:12,099 - PaperAgentLogger - DEBUG - New map
2025-12-12 23:49:12,950 - PaperAgentLogger - INFO - ################## PaperArchitecture_map20x20_rho1_10Agent/K3_HS0/1765556206 - End of loop ##################  
 ####### Case85 	 Computation time:0.8505187034606934 	 Step26/52	- AllReachGoal-True

2025-12-12 23:49:12,950 - PaperAgentLogger - INFO - current rateReachGoal: 0
2025-12-12 23:49:12,968 - PaperAgentLogger - DEBUG - New map
2025-12-12 23:49:13,723 - PaperAgentLogger - INFO - ################## PaperArchitecture_map20x20_rho1_10Agent/K3_HS0/1765556206 - End of loop ##################  
 ####### Case86 	 Computation time:0.7551476955413818 	 Step24/48	- AllReachGoal-True

2025-12-12 23:49:13,724 - PaperAgentLogger - INFO - current rateReachGoal: 0
2025-12-12 23:49:13,743 - PaperAgentLogger - DEBUG - New map
2025-12-12 23:49:14,672 - PaperAgentLogger - INFO - ################## PaperArchitecture_map20x20_rho1_10Agent/K3_HS0/1765556206 - End of loop ##################  
 ####### Case87 	 Computation time:0.9281322956085205 	 Step30/58	- AllReachGoal-True

2025-12-12 23:49:14,672 - PaperAgentLogger - INFO - current rateReachGoal: 0
2025-12-12 23:49:14,688 - PaperAgentLogger - DEBUG - New map
2025-12-12 23:49:15,395 - PaperAgentLogger - INFO - ################## PaperArchitecture_map20x20_rho1_10Agent/K3_HS0/1765556206 - End of loop ##################  
 ####### Case88 	 Computation time:0.7063794136047363 	 Step23/46	- AllReachGoal-True

2025-12-12 23:49:15,398 - PaperAgentLogger - INFO - current rateReachGoal: 0
2025-12-12 23:49:15,416 - PaperAgentLogger - DEBUG - New map
2025-12-12 23:49:16,153 - PaperAgentLogger - INFO - ################## PaperArchitecture_map20x20_rho1_10Agent/K3_HS0/1765556206 - End of loop ##################  
 ####### Case89 	 Computation time:0.7371001243591309 	 Step25/50	- AllReachGoal-True

2025-12-12 23:49:16,154 - PaperAgentLogger - INFO - current rateReachGoal: 0
2025-12-12 23:49:16,175 - PaperAgentLogger - DEBUG - New map
2025-12-12 23:49:18,407 - PaperAgentLogger - INFO - ################## PaperArchitecture_map20x20_rho1_10Agent/K3_HS0/1765556206 - End of loop ##################  
 ####### Case90 	 Computation time:2.2312841415405273 	 Step72/72	- AllReachGoal-False

2025-12-12 23:49:18,408 - PaperAgentLogger - INFO - current rateReachGoal: 0
2025-12-12 23:49:18,424 - PaperAgentLogger - DEBUG - New map
2025-12-12 23:49:19,643 - PaperAgentLogger - INFO - ################## PaperArchitecture_map20x20_rho1_10Agent/K3_HS0/1765556206 - End of loop ##################  
 ####### Case91 	 Computation time:1.219005823135376 	 Step42/42	- AllReachGoal-False

2025-12-12 23:49:19,644 - PaperAgentLogger - INFO - current rateReachGoal: 0
2025-12-12 23:49:19,661 - PaperAgentLogger - DEBUG - New map
2025-12-12 23:49:20,522 - PaperAgentLogger - INFO - ################## PaperArchitecture_map20x20_rho1_10Agent/K3_HS0/1765556206 - End of loop ##################  
 ####### Case92 	 Computation time:0.8598659038543701 	 Step29/58	- AllReachGoal-True

2025-12-12 23:49:20,524 - PaperAgentLogger - INFO - current rateReachGoal: 0
2025-12-12 23:49:20,542 - PaperAgentLogger - DEBUG - New map
2025-12-12 23:49:21,583 - PaperAgentLogger - INFO - ################## PaperArchitecture_map20x20_rho1_10Agent/K3_HS0/1765556206 - End of loop ##################  
 ####### Case93 	 Computation time:1.0404272079467773 	 Step32/48	- AllReachGoal-True

2025-12-12 23:49:21,583 - PaperAgentLogger - INFO - current rateReachGoal: 0
2025-12-12 23:49:21,601 - PaperAgentLogger - DEBUG - New map
2025-12-12 23:49:23,163 - PaperAgentLogger - INFO - ################## PaperArchitecture_map20x20_rho1_10Agent/K3_HS0/1765556206 - End of loop ##################  
 ####### Case94 	 Computation time:1.5621461868286133 	 Step50/50	- AllReachGoal-False

2025-12-12 23:49:23,164 - PaperAgentLogger - INFO - current rateReachGoal: 0
2025-12-12 23:49:23,180 - PaperAgentLogger - DEBUG - New map
2025-12-12 23:49:24,371 - PaperAgentLogger - INFO - ################## PaperArchitecture_map20x20_rho1_10Agent/K3_HS0/1765556206 - End of loop ##################  
 ####### Case95 	 Computation time:1.1899220943450928 	 Step40/40	- AllReachGoal-False

2025-12-12 23:49:24,371 - PaperAgentLogger - INFO - current rateReachGoal: 0
2025-12-12 23:49:24,391 - PaperAgentLogger - DEBUG - New map
2025-12-12 23:49:25,318 - PaperAgentLogger - INFO - ################## PaperArchitecture_map20x20_rho1_10Agent/K3_HS0/1765556206 - End of loop ##################  
 ####### Case96 	 Computation time:0.9266853332519531 	 Step30/60	- AllReachGoal-True

2025-12-12 23:49:25,319 - PaperAgentLogger - INFO - current rateReachGoal: 0
2025-12-12 23:49:25,338 - PaperAgentLogger - DEBUG - New map
2025-12-12 23:49:27,038 - PaperAgentLogger - INFO - ################## PaperArchitecture_map20x20_rho1_10Agent/K3_HS0/1765556206 - End of loop ##################  
 ####### Case97 	 Computation time:1.6986308097839355 	 Step58/58	- AllReachGoal-False

2025-12-12 23:49:27,039 - PaperAgentLogger - INFO - current rateReachGoal: 0
2025-12-12 23:49:27,058 - PaperAgentLogger - DEBUG - New map
2025-12-12 23:49:27,992 - PaperAgentLogger - INFO - ################## PaperArchitecture_map20x20_rho1_10Agent/K3_HS0/1765556206 - End of loop ##################  
 ####### Case98 	 Computation time:0.9341435432434082 	 Step32/60	- AllReachGoal-True

2025-12-12 23:49:27,993 - PaperAgentLogger - INFO - current rateReachGoal: 0
2025-12-12 23:49:28,013 - PaperAgentLogger - DEBUG - New map
2025-12-12 23:49:28,860 - PaperAgentLogger - INFO - ################## PaperArchitecture_map20x20_rho1_10Agent/K3_HS0/1765556206 - End of loop ##################  
 ####### Case99 	 Computation time:0.8465235233306885 	 Step29/58	- AllReachGoal-True

2025-12-12 23:49:28,860 - PaperAgentLogger - INFO - current rateReachGoal: 0
2025-12-12 23:49:28,879 - PaperAgentLogger - DEBUG - New map
2025-12-12 23:49:29,743 - PaperAgentLogger - INFO - ################## PaperArchitecture_map20x20_rho1_10Agent/K3_HS0/1765556206 - End of loop ##################  
 ####### Case100 	 Computation time:0.8637580871582031 	 Step29/58	- AllReachGoal-True

2025-12-12 23:49:29,744 - PaperAgentLogger - INFO - current rateReachGoal: 0
2025-12-12 23:49:29,762 - PaperAgentLogger - DEBUG - New map
2025-12-12 23:49:30,684 - PaperAgentLogger - INFO - ################## PaperArchitecture_map20x20_rho1_10Agent/K3_HS0/1765556206 - End of loop ##################  
 ####### Case101 	 Computation time:0.9210011959075928 	 Step31/56	- AllReachGoal-True

2025-12-12 23:49:30,684 - PaperAgentLogger - INFO - current rateReachGoal: 0
2025-12-12 23:49:30,703 - PaperAgentLogger - DEBUG - New map
2025-12-12 23:49:32,396 - PaperAgentLogger - INFO - ################## PaperArchitecture_map20x20_rho1_10Agent/K3_HS0/1765556206 - End of loop ##################  
 ####### Case102 	 Computation time:1.691748857498169 	 Step56/56	- AllReachGoal-False

2025-12-12 23:49:32,396 - PaperAgentLogger - INFO - current rateReachGoal: 0
2025-12-12 23:49:32,418 - PaperAgentLogger - DEBUG - New map
2025-12-12 23:49:33,553 - PaperAgentLogger - INFO - ################## PaperArchitecture_map20x20_rho1_10Agent/K3_HS0/1765556206 - End of loop ##################  
 ####### Case103 	 Computation time:1.1344592571258545 	 Step37/66	- AllReachGoal-True

2025-12-12 23:49:33,554 - PaperAgentLogger - INFO - current rateReachGoal: 0
2025-12-12 23:49:33,572 - PaperAgentLogger - DEBUG - New map
2025-12-12 23:49:34,330 - PaperAgentLogger - INFO - ################## PaperArchitecture_map20x20_rho1_10Agent/K3_HS0/1765556206 - End of loop ##################  
 ####### Case104 	 Computation time:0.757828950881958 	 Step25/46	- AllReachGoal-True

2025-12-12 23:49:34,331 - PaperAgentLogger - INFO - current rateReachGoal: 0
2025-12-12 23:49:34,350 - PaperAgentLogger - DEBUG - New map
2025-12-12 23:49:35,540 - PaperAgentLogger - INFO - ################## PaperArchitecture_map20x20_rho1_10Agent/K3_HS0/1765556206 - End of loop ##################  
 ####### Case105 	 Computation time:1.18927001953125 	 Step37/56	- AllReachGoal-True

2025-12-12 23:49:35,540 - PaperAgentLogger - INFO - current rateReachGoal: 0
2025-12-12 23:49:35,558 - PaperAgentLogger - DEBUG - New map
2025-12-12 23:49:37,069 - PaperAgentLogger - INFO - ################## PaperArchitecture_map20x20_rho1_10Agent/K3_HS0/1765556206 - End of loop ##################  
 ####### Case106 	 Computation time:1.510176181793213 	 Step48/48	- AllReachGoal-False

2025-12-12 23:49:37,069 - PaperAgentLogger - INFO - current rateReachGoal: 0
2025-12-12 23:49:37,088 - PaperAgentLogger - DEBUG - New map
2025-12-12 23:49:38,762 - PaperAgentLogger - INFO - ################## PaperArchitecture_map20x20_rho1_10Agent/K3_HS0/1765556206 - End of loop ##################  
 ####### Case107 	 Computation time:1.6738922595977783 	 Step56/58	- AllReachGoal-True

2025-12-12 23:49:38,763 - PaperAgentLogger - INFO - current rateReachGoal: 0
2025-12-12 23:49:38,781 - PaperAgentLogger - DEBUG - New map
2025-12-12 23:49:40,542 - PaperAgentLogger - INFO - ################## PaperArchitecture_map20x20_rho1_10Agent/K3_HS0/1765556206 - End of loop ##################  
 ####### Case108 	 Computation time:1.7606990337371826 	 Step54/54	- AllReachGoal-False

2025-12-12 23:49:40,543 - PaperAgentLogger - INFO - current rateReachGoal: 0
2025-12-12 23:49:40,561 - PaperAgentLogger - DEBUG - New map
2025-12-12 23:49:42,484 - PaperAgentLogger - INFO - ################## PaperArchitecture_map20x20_rho1_10Agent/K3_HS0/1765556206 - End of loop ##################  
 ####### Case109 	 Computation time:1.9224474430084229 	 Step60/60	- AllReachGoal-False

2025-12-12 23:49:42,485 - PaperAgentLogger - INFO - current rateReachGoal: 0
2025-12-12 23:49:42,504 - PaperAgentLogger - DEBUG - New map
2025-12-12 23:49:44,385 - PaperAgentLogger - INFO - ################## PaperArchitecture_map20x20_rho1_10Agent/K3_HS0/1765556206 - End of loop ##################  
 ####### Case110 	 Computation time:1.8796751499176025 	 Step58/58	- AllReachGoal-False

2025-12-12 23:49:44,387 - PaperAgentLogger - INFO - current rateReachGoal: 0
2025-12-12 23:49:44,404 - PaperAgentLogger - DEBUG - New map
2025-12-12 23:49:46,063 - PaperAgentLogger - INFO - ################## PaperArchitecture_map20x20_rho1_10Agent/K3_HS0/1765556206 - End of loop ##################  
 ####### Case111 	 Computation time:1.6585538387298584 	 Step52/52	- AllReachGoal-False

2025-12-12 23:49:46,064 - PaperAgentLogger - INFO - current rateReachGoal: 0
2025-12-12 23:49:46,080 - PaperAgentLogger - DEBUG - New map
2025-12-12 23:49:46,824 - PaperAgentLogger - INFO - ################## PaperArchitecture_map20x20_rho1_10Agent/K3_HS0/1765556206 - End of loop ##################  
 ####### Case112 	 Computation time:0.7431192398071289 	 Step25/46	- AllReachGoal-True

2025-12-12 23:49:46,824 - PaperAgentLogger - INFO - current rateReachGoal: 0
2025-12-12 23:49:46,841 - PaperAgentLogger - DEBUG - New map
2025-12-12 23:49:48,329 - PaperAgentLogger - INFO - ################## PaperArchitecture_map20x20_rho1_10Agent/K3_HS0/1765556206 - End of loop ##################  
 ####### Case113 	 Computation time:1.4870631694793701 	 Step50/50	- AllReachGoal-False

2025-12-12 23:49:48,330 - PaperAgentLogger - INFO - current rateReachGoal: 0
2025-12-12 23:49:48,347 - PaperAgentLogger - DEBUG - New map
2025-12-12 23:49:49,037 - PaperAgentLogger - INFO - ################## PaperArchitecture_map20x20_rho1_10Agent/K3_HS0/1765556206 - End of loop ##################  
 ####### Case114 	 Computation time:0.6896717548370361 	 Step23/44	- AllReachGoal-True

2025-12-12 23:49:49,038 - PaperAgentLogger - INFO - current rateReachGoal: 0
2025-12-12 23:49:49,056 - PaperAgentLogger - DEBUG - New map
2025-12-12 23:49:50,722 - PaperAgentLogger - INFO - ################## PaperArchitecture_map20x20_rho1_10Agent/K3_HS0/1765556206 - End of loop ##################  
 ####### Case115 	 Computation time:1.665130615234375 	 Step56/56	- AllReachGoal-False

2025-12-12 23:49:50,722 - PaperAgentLogger - INFO - current rateReachGoal: 0
2025-12-12 23:49:50,741 - PaperAgentLogger - DEBUG - New map
2025-12-12 23:49:52,227 - PaperAgentLogger - INFO - ################## PaperArchitecture_map20x20_rho1_10Agent/K3_HS0/1765556206 - End of loop ##################  
 ####### Case116 	 Computation time:1.4848730564117432 	 Step50/50	- AllReachGoal-False

2025-12-12 23:49:52,227 - PaperAgentLogger - INFO - current rateReachGoal: 0
2025-12-12 23:49:52,247 - PaperAgentLogger - DEBUG - New map
2025-12-12 23:49:53,291 - PaperAgentLogger - INFO - ################## PaperArchitecture_map20x20_rho1_10Agent/K3_HS0/1765556206 - End of loop ##################  
 ####### Case117 	 Computation time:1.0430307388305664 	 Step35/60	- AllReachGoal-True

2025-12-12 23:49:53,291 - PaperAgentLogger - INFO - current rateReachGoal: 0
2025-12-12 23:49:53,308 - PaperAgentLogger - DEBUG - New map
2025-12-12 23:49:54,089 - PaperAgentLogger - INFO - ################## PaperArchitecture_map20x20_rho1_10Agent/K3_HS0/1765556206 - End of loop ##################  
 ####### Case118 	 Computation time:0.7802815437316895 	 Step26/48	- AllReachGoal-True

2025-12-12 23:49:54,090 - PaperAgentLogger - INFO - current rateReachGoal: 0
2025-12-12 23:49:54,110 - PaperAgentLogger - DEBUG - New map
2025-12-12 23:49:56,080 - PaperAgentLogger - INFO - ################## PaperArchitecture_map20x20_rho1_10Agent/K3_HS0/1765556206 - End of loop ##################  
 ####### Case119 	 Computation time:1.9699969291687012 	 Step66/66	- AllReachGoal-False

2025-12-12 23:49:56,083 - PaperAgentLogger - INFO - current rateReachGoal: 0
2025-12-12 23:49:56,103 - PaperAgentLogger - DEBUG - New map
2025-12-12 23:49:57,993 - PaperAgentLogger - INFO - ################## PaperArchitecture_map20x20_rho1_10Agent/K3_HS0/1765556206 - End of loop ##################  
 ####### Case120 	 Computation time:1.8891119956970215 	 Step64/64	- AllReachGoal-False

2025-12-12 23:49:57,993 - PaperAgentLogger - INFO - current rateReachGoal: 0
2025-12-12 23:49:58,010 - PaperAgentLogger - DEBUG - New map
2025-12-12 23:49:59,169 - PaperAgentLogger - INFO - ################## PaperArchitecture_map20x20_rho1_10Agent/K3_HS0/1765556206 - End of loop ##################  
 ####### Case121 	 Computation time:1.1586148738861084 	 Step39/48	- AllReachGoal-True

2025-12-12 23:49:59,170 - PaperAgentLogger - INFO - current rateReachGoal: 0
2025-12-12 23:49:59,187 - PaperAgentLogger - DEBUG - New map
2025-12-12 23:50:00,073 - PaperAgentLogger - INFO - ################## PaperArchitecture_map20x20_rho1_10Agent/K3_HS0/1765556206 - End of loop ##################  
 ####### Case122 	 Computation time:0.8855323791503906 	 Step29/52	- AllReachGoal-True

2025-12-12 23:50:00,074 - PaperAgentLogger - INFO - current rateReachGoal: 0
2025-12-12 23:50:00,091 - PaperAgentLogger - DEBUG - New map
2025-12-12 23:50:01,702 - PaperAgentLogger - INFO - ################## PaperArchitecture_map20x20_rho1_10Agent/K3_HS0/1765556206 - End of loop ##################  
 ####### Case123 	 Computation time:1.610234022140503 	 Step50/50	- AllReachGoal-False

2025-12-12 23:50:01,703 - PaperAgentLogger - INFO - current rateReachGoal: 0
2025-12-12 23:50:01,722 - PaperAgentLogger - DEBUG - New map
2025-12-12 23:50:03,088 - PaperAgentLogger - INFO - ################## PaperArchitecture_map20x20_rho1_10Agent/K3_HS0/1765556206 - End of loop ##################  
 ####### Case124 	 Computation time:1.365936517715454 	 Step46/46	- AllReachGoal-False

2025-12-12 23:50:03,089 - PaperAgentLogger - INFO - current rateReachGoal: 0
2025-12-12 23:50:03,107 - PaperAgentLogger - DEBUG - New map
2025-12-12 23:50:04,887 - PaperAgentLogger - INFO - ################## PaperArchitecture_map20x20_rho1_10Agent/K3_HS0/1765556206 - End of loop ##################  
 ####### Case125 	 Computation time:1.779325008392334 	 Step60/60	- AllReachGoal-False

2025-12-12 23:50:04,888 - PaperAgentLogger - INFO - current rateReachGoal: 0
2025-12-12 23:50:04,906 - PaperAgentLogger - DEBUG - New map
2025-12-12 23:50:06,760 - PaperAgentLogger - INFO - ################## PaperArchitecture_map20x20_rho1_10Agent/K3_HS0/1765556206 - End of loop ##################  
 ####### Case126 	 Computation time:1.8538172245025635 	 Step58/58	- AllReachGoal-False

2025-12-12 23:50:06,763 - PaperAgentLogger - INFO - current rateReachGoal: 0
2025-12-12 23:50:06,780 - PaperAgentLogger - DEBUG - New map
2025-12-12 23:50:07,756 - PaperAgentLogger - INFO - ################## PaperArchitecture_map20x20_rho1_10Agent/K3_HS0/1765556206 - End of loop ##################  
 ####### Case127 	 Computation time:0.9753005504608154 	 Step32/52	- AllReachGoal-True

2025-12-12 23:50:07,757 - PaperAgentLogger - INFO - current rateReachGoal: 0
2025-12-12 23:50:07,776 - PaperAgentLogger - DEBUG - New map
2025-12-12 23:50:08,751 - PaperAgentLogger - INFO - ################## PaperArchitecture_map20x20_rho1_10Agent/K3_HS0/1765556206 - End of loop ##################  
 ####### Case128 	 Computation time:0.9752185344696045 	 Step32/54	- AllReachGoal-True

2025-12-12 23:50:08,752 - PaperAgentLogger - INFO - current rateReachGoal: 0
2025-12-12 23:50:08,772 - PaperAgentLogger - DEBUG - New map
2025-12-12 23:50:10,516 - PaperAgentLogger - INFO - ################## PaperArchitecture_map20x20_rho1_10Agent/K3_HS0/1765556206 - End of loop ##################  
 ####### Case129 	 Computation time:1.742884635925293 	 Step58/58	- AllReachGoal-False

2025-12-12 23:50:10,516 - PaperAgentLogger - INFO - current rateReachGoal: 0
2025-12-12 23:50:10,536 - PaperAgentLogger - DEBUG - New map
2025-12-12 23:50:11,416 - PaperAgentLogger - INFO - ################## PaperArchitecture_map20x20_rho1_10Agent/K3_HS0/1765556206 - End of loop ##################  
 ####### Case130 	 Computation time:0.879711389541626 	 Step29/58	- AllReachGoal-True

2025-12-12 23:50:11,417 - PaperAgentLogger - INFO - current rateReachGoal: 0
2025-12-12 23:50:11,435 - PaperAgentLogger - DEBUG - New map
2025-12-12 23:50:12,435 - PaperAgentLogger - INFO - ################## PaperArchitecture_map20x20_rho1_10Agent/K3_HS0/1765556206 - End of loop ##################  
 ####### Case131 	 Computation time:0.9995307922363281 	 Step33/56	- AllReachGoal-True

2025-12-12 23:50:12,436 - PaperAgentLogger - INFO - current rateReachGoal: 0
2025-12-12 23:50:12,456 - PaperAgentLogger - DEBUG - New map
2025-12-12 23:50:13,547 - PaperAgentLogger - INFO - ################## PaperArchitecture_map20x20_rho1_10Agent/K3_HS0/1765556206 - End of loop ##################  
 ####### Case132 	 Computation time:1.0900139808654785 	 Step35/66	- AllReachGoal-True

2025-12-12 23:50:13,547 - PaperAgentLogger - INFO - current rateReachGoal: 0
2025-12-12 23:50:13,562 - PaperAgentLogger - DEBUG - New map
2025-12-12 23:50:14,635 - PaperAgentLogger - INFO - ################## PaperArchitecture_map20x20_rho1_10Agent/K3_HS0/1765556206 - End of loop ##################  
 ####### Case133 	 Computation time:1.0728113651275635 	 Step36/36	- AllReachGoal-False

2025-12-12 23:50:14,636 - PaperAgentLogger - INFO - current rateReachGoal: 0
2025-12-12 23:50:14,655 - PaperAgentLogger - DEBUG - New map
2025-12-12 23:50:16,396 - PaperAgentLogger - INFO - ################## PaperArchitecture_map20x20_rho1_10Agent/K3_HS0/1765556206 - End of loop ##################  
 ####### Case134 	 Computation time:1.7403757572174072 	 Step58/58	- AllReachGoal-False

2025-12-12 23:50:16,397 - PaperAgentLogger - INFO - current rateReachGoal: 0
2025-12-12 23:50:16,417 - PaperAgentLogger - DEBUG - New map
2025-12-12 23:50:17,322 - PaperAgentLogger - INFO - ################## PaperArchitecture_map20x20_rho1_10Agent/K3_HS0/1765556206 - End of loop ##################  
 ####### Case135 	 Computation time:0.9052958488464355 	 Step30/60	- AllReachGoal-True

2025-12-12 23:50:17,323 - PaperAgentLogger - INFO - current rateReachGoal: 0
2025-12-12 23:50:17,344 - PaperAgentLogger - DEBUG - New map
2025-12-12 23:50:18,328 - PaperAgentLogger - INFO - ################## PaperArchitecture_map20x20_rho1_10Agent/K3_HS0/1765556206 - End of loop ##################  
 ####### Case136 	 Computation time:0.9838528633117676 	 Step32/64	- AllReachGoal-True

2025-12-12 23:50:18,330 - PaperAgentLogger - INFO - current rateReachGoal: 0
2025-12-12 23:50:18,352 - PaperAgentLogger - DEBUG - New map
2025-12-12 23:50:20,123 - PaperAgentLogger - INFO - ################## PaperArchitecture_map20x20_rho1_10Agent/K3_HS0/1765556206 - End of loop ##################  
 ####### Case137 	 Computation time:1.771129846572876 	 Step60/60	- AllReachGoal-False

2025-12-12 23:50:20,124 - PaperAgentLogger - INFO - current rateReachGoal: 0
2025-12-12 23:50:20,142 - PaperAgentLogger - DEBUG - New map
2025-12-12 23:50:21,358 - PaperAgentLogger - INFO - ################## PaperArchitecture_map20x20_rho1_10Agent/K3_HS0/1765556206 - End of loop ##################  
 ####### Case138 	 Computation time:1.215965747833252 	 Step41/48	- AllReachGoal-True

2025-12-12 23:50:21,359 - PaperAgentLogger - INFO - current rateReachGoal: 0
2025-12-12 23:50:21,377 - PaperAgentLogger - DEBUG - New map
2025-12-12 23:50:22,295 - PaperAgentLogger - INFO - ################## PaperArchitecture_map20x20_rho1_10Agent/K3_HS0/1765556206 - End of loop ##################  
 ####### Case139 	 Computation time:0.9165542125701904 	 Step28/54	- AllReachGoal-True

2025-12-12 23:50:22,295 - PaperAgentLogger - INFO - current rateReachGoal: 0
2025-12-12 23:50:22,310 - PaperAgentLogger - DEBUG - New map
2025-12-12 23:50:23,101 - PaperAgentLogger - INFO - ################## PaperArchitecture_map20x20_rho1_10Agent/K3_HS0/1765556206 - End of loop ##################  
 ####### Case140 	 Computation time:0.7908437252044678 	 Step25/32	- AllReachGoal-True

2025-12-12 23:50:23,102 - PaperAgentLogger - INFO - current rateReachGoal: 0
2025-12-12 23:50:23,120 - PaperAgentLogger - DEBUG - New map
2025-12-12 23:50:23,921 - PaperAgentLogger - INFO - ################## PaperArchitecture_map20x20_rho1_10Agent/K3_HS0/1765556206 - End of loop ##################  
 ####### Case141 	 Computation time:0.7998178005218506 	 Step26/52	- AllReachGoal-True

2025-12-12 23:50:23,923 - PaperAgentLogger - INFO - current rateReachGoal: 0
2025-12-12 23:50:23,943 - PaperAgentLogger - DEBUG - New map
2025-12-12 23:50:25,021 - PaperAgentLogger - INFO - ################## PaperArchitecture_map20x20_rho1_10Agent/K3_HS0/1765556206 - End of loop ##################  
 ####### Case142 	 Computation time:1.0779757499694824 	 Step35/64	- AllReachGoal-True

2025-12-12 23:50:25,022 - PaperAgentLogger - INFO - current rateReachGoal: 0
2025-12-12 23:50:25,040 - PaperAgentLogger - DEBUG - New map
2025-12-12 23:50:26,764 - PaperAgentLogger - INFO - ################## PaperArchitecture_map20x20_rho1_10Agent/K3_HS0/1765556206 - End of loop ##################  
 ####### Case143 	 Computation time:1.7234561443328857 	 Step54/54	- AllReachGoal-False

2025-12-12 23:50:26,765 - PaperAgentLogger - INFO - current rateReachGoal: 0
2025-12-12 23:50:26,782 - PaperAgentLogger - DEBUG - New map
2025-12-12 23:50:27,937 - PaperAgentLogger - INFO - ################## PaperArchitecture_map20x20_rho1_10Agent/K3_HS0/1765556206 - End of loop ##################  
 ####### Case144 	 Computation time:1.1543684005737305 	 Step39/52	- AllReachGoal-True

2025-12-12 23:50:27,938 - PaperAgentLogger - INFO - current rateReachGoal: 0
2025-12-12 23:50:27,956 - PaperAgentLogger - DEBUG - New map
2025-12-12 23:50:29,423 - PaperAgentLogger - INFO - ################## PaperArchitecture_map20x20_rho1_10Agent/K3_HS0/1765556206 - End of loop ##################  
 ####### Case145 	 Computation time:1.4663608074188232 	 Step48/48	- AllReachGoal-False

2025-12-12 23:50:29,425 - PaperAgentLogger - INFO - current rateReachGoal: 0
2025-12-12 23:50:29,443 - PaperAgentLogger - DEBUG - New map
2025-12-12 23:50:31,145 - PaperAgentLogger - INFO - ################## PaperArchitecture_map20x20_rho1_10Agent/K3_HS0/1765556206 - End of loop ##################  
 ####### Case146 	 Computation time:1.7010273933410645 	 Step54/54	- AllReachGoal-False

2025-12-12 23:50:31,145 - PaperAgentLogger - INFO - current rateReachGoal: 0
2025-12-12 23:50:31,164 - PaperAgentLogger - DEBUG - New map
2025-12-12 23:50:32,861 - PaperAgentLogger - INFO - ################## PaperArchitecture_map20x20_rho1_10Agent/K3_HS0/1765556206 - End of loop ##################  
 ####### Case147 	 Computation time:1.696230173110962 	 Step56/56	- AllReachGoal-False

2025-12-12 23:50:32,861 - PaperAgentLogger - INFO - current rateReachGoal: 0
2025-12-12 23:50:32,879 - PaperAgentLogger - DEBUG - New map
2025-12-12 23:50:34,581 - PaperAgentLogger - INFO - ################## PaperArchitecture_map20x20_rho1_10Agent/K3_HS0/1765556206 - End of loop ##################  
 ####### Case148 	 Computation time:1.7009694576263428 	 Step52/52	- AllReachGoal-False

2025-12-12 23:50:34,583 - PaperAgentLogger - INFO - current rateReachGoal: 0
2025-12-12 23:50:34,603 - PaperAgentLogger - DEBUG - New map
2025-12-12 23:50:35,778 - PaperAgentLogger - INFO - ################## PaperArchitecture_map20x20_rho1_10Agent/K3_HS0/1765556206 - End of loop ##################  
 ####### Case149 	 Computation time:1.174576759338379 	 Step39/60	- AllReachGoal-True

2025-12-12 23:50:35,779 - PaperAgentLogger - INFO - current rateReachGoal: 0
2025-12-12 23:50:35,795 - PaperAgentLogger - DEBUG - New map
2025-12-12 23:50:36,943 - PaperAgentLogger - INFO - ################## PaperArchitecture_map20x20_rho1_10Agent/K3_HS0/1765556206 - End of loop ##################  
 ####### Case150 	 Computation time:1.147768259048462 	 Step39/40	- AllReachGoal-True

2025-12-12 23:50:36,944 - PaperAgentLogger - INFO - current rateReachGoal: 0
2025-12-12 23:50:36,961 - PaperAgentLogger - DEBUG - New map
2025-12-12 23:50:37,802 - PaperAgentLogger - INFO - ################## PaperArchitecture_map20x20_rho1_10Agent/K3_HS0/1765556206 - End of loop ##################  
 ####### Case151 	 Computation time:0.8406076431274414 	 Step27/54	- AllReachGoal-True

2025-12-12 23:50:37,802 - PaperAgentLogger - INFO - current rateReachGoal: 0
2025-12-12 23:50:37,825 - PaperAgentLogger - DEBUG - New map
2025-12-12 23:50:38,799 - PaperAgentLogger - INFO - ################## PaperArchitecture_map20x20_rho1_10Agent/K3_HS0/1765556206 - End of loop ##################  
 ####### Case152 	 Computation time:0.973491907119751 	 Step33/66	- AllReachGoal-True

2025-12-12 23:50:38,800 - PaperAgentLogger - INFO - current rateReachGoal: 0
2025-12-12 23:50:38,818 - PaperAgentLogger - DEBUG - New map
2025-12-12 23:50:40,110 - PaperAgentLogger - INFO - ################## PaperArchitecture_map20x20_rho1_10Agent/K3_HS0/1765556206 - End of loop ##################  
 ####### Case153 	 Computation time:1.2908351421356201 	 Step40/56	- AllReachGoal-True

2025-12-12 23:50:40,112 - PaperAgentLogger - INFO - current rateReachGoal: 0
2025-12-12 23:50:40,128 - PaperAgentLogger - DEBUG - New map
2025-12-12 23:50:40,906 - PaperAgentLogger - INFO - ################## PaperArchitecture_map20x20_rho1_10Agent/K3_HS0/1765556206 - End of loop ##################  
 ####### Case154 	 Computation time:0.7777702808380127 	 Step24/44	- AllReachGoal-True

2025-12-12 23:50:40,907 - PaperAgentLogger - INFO - current rateReachGoal: 0
2025-12-12 23:50:40,925 - PaperAgentLogger - DEBUG - New map
2025-12-12 23:50:42,625 - PaperAgentLogger - INFO - ################## PaperArchitecture_map20x20_rho1_10Agent/K3_HS0/1765556206 - End of loop ##################  
 ####### Case155 	 Computation time:1.6986722946166992 	 Step54/54	- AllReachGoal-False

2025-12-12 23:50:42,625 - PaperAgentLogger - INFO - current rateReachGoal: 0
2025-12-12 23:50:42,642 - PaperAgentLogger - DEBUG - New map
2025-12-12 23:50:44,329 - PaperAgentLogger - INFO - ################## PaperArchitecture_map20x20_rho1_10Agent/K3_HS0/1765556206 - End of loop ##################  
 ####### Case156 	 Computation time:1.68630051612854 	 Step52/52	- AllReachGoal-False

2025-12-12 23:50:44,330 - PaperAgentLogger - INFO - current rateReachGoal: 0
2025-12-12 23:50:44,347 - PaperAgentLogger - DEBUG - New map
2025-12-12 23:50:45,765 - PaperAgentLogger - INFO - ################## PaperArchitecture_map20x20_rho1_10Agent/K3_HS0/1765556206 - End of loop ##################  
 ####### Case157 	 Computation time:1.4178342819213867 	 Step44/44	- AllReachGoal-False

2025-12-12 23:50:45,766 - PaperAgentLogger - INFO - current rateReachGoal: 0
2025-12-12 23:50:45,784 - PaperAgentLogger - DEBUG - New map
2025-12-12 23:50:46,609 - PaperAgentLogger - INFO - ################## PaperArchitecture_map20x20_rho1_10Agent/K3_HS0/1765556206 - End of loop ##################  
 ####### Case158 	 Computation time:0.8240523338317871 	 Step27/48	- AllReachGoal-True

2025-12-12 23:50:46,610 - PaperAgentLogger - INFO - current rateReachGoal: 0
2025-12-12 23:50:46,627 - PaperAgentLogger - DEBUG - New map
2025-12-12 23:50:47,577 - PaperAgentLogger - INFO - ################## PaperArchitecture_map20x20_rho1_10Agent/K3_HS0/1765556206 - End of loop ##################  
 ####### Case159 	 Computation time:0.9500625133514404 	 Step29/44	- AllReachGoal-True

2025-12-12 23:50:47,578 - PaperAgentLogger - INFO - current rateReachGoal: 0
2025-12-12 23:50:47,595 - PaperAgentLogger - DEBUG - New map
2025-12-12 23:50:48,364 - PaperAgentLogger - INFO - ################## PaperArchitecture_map20x20_rho1_10Agent/K3_HS0/1765556206 - End of loop ##################  
 ####### Case160 	 Computation time:0.7685737609863281 	 Step26/48	- AllReachGoal-True

2025-12-12 23:50:48,364 - PaperAgentLogger - INFO - current rateReachGoal: 0
2025-12-12 23:50:48,381 - PaperAgentLogger - DEBUG - New map
2025-12-12 23:50:49,189 - PaperAgentLogger - INFO - ################## PaperArchitecture_map20x20_rho1_10Agent/K3_HS0/1765556206 - End of loop ##################  
 ####### Case161 	 Computation time:0.8066239356994629 	 Step25/46	- AllReachGoal-True

2025-12-12 23:50:49,189 - PaperAgentLogger - INFO - current rateReachGoal: 0
2025-12-12 23:50:49,206 - PaperAgentLogger - DEBUG - New map
2025-12-12 23:50:50,054 - PaperAgentLogger - INFO - ################## PaperArchitecture_map20x20_rho1_10Agent/K3_HS0/1765556206 - End of loop ##################  
 ####### Case162 	 Computation time:0.8467895984649658 	 Step26/52	- AllReachGoal-True

2025-12-12 23:50:50,055 - PaperAgentLogger - INFO - current rateReachGoal: 0
2025-12-12 23:50:50,072 - PaperAgentLogger - DEBUG - New map
2025-12-12 23:50:51,643 - PaperAgentLogger - INFO - ################## PaperArchitecture_map20x20_rho1_10Agent/K3_HS0/1765556206 - End of loop ##################  
 ####### Case163 	 Computation time:1.5706698894500732 	 Step50/50	- AllReachGoal-False

2025-12-12 23:50:51,644 - PaperAgentLogger - INFO - current rateReachGoal: 0
2025-12-12 23:50:51,660 - PaperAgentLogger - DEBUG - New map
2025-12-12 23:50:52,380 - PaperAgentLogger - INFO - ################## PaperArchitecture_map20x20_rho1_10Agent/K3_HS0/1765556206 - End of loop ##################  
 ####### Case164 	 Computation time:0.7188794612884521 	 Step22/42	- AllReachGoal-True

2025-12-12 23:50:52,380 - PaperAgentLogger - INFO - current rateReachGoal: 0
2025-12-12 23:50:52,406 - PaperAgentLogger - DEBUG - New map
2025-12-12 23:50:54,434 - PaperAgentLogger - INFO - ################## PaperArchitecture_map20x20_rho1_10Agent/K3_HS0/1765556206 - End of loop ##################  
 ####### Case165 	 Computation time:2.0268948078155518 	 Step66/66	- AllReachGoal-False

2025-12-12 23:50:54,435 - PaperAgentLogger - INFO - current rateReachGoal: 0
2025-12-12 23:50:54,454 - PaperAgentLogger - DEBUG - New map
2025-12-12 23:50:56,203 - PaperAgentLogger - INFO - ################## PaperArchitecture_map20x20_rho1_10Agent/K3_HS0/1765556206 - End of loop ##################  
 ####### Case166 	 Computation time:1.7486839294433594 	 Step60/60	- AllReachGoal-False

2025-12-12 23:50:56,204 - PaperAgentLogger - INFO - current rateReachGoal: 0
2025-12-12 23:50:56,221 - PaperAgentLogger - DEBUG - New map
2025-12-12 23:50:56,973 - PaperAgentLogger - INFO - ################## PaperArchitecture_map20x20_rho1_10Agent/K3_HS0/1765556206 - End of loop ##################  
 ####### Case167 	 Computation time:0.7509365081787109 	 Step25/46	- AllReachGoal-True

2025-12-12 23:50:56,973 - PaperAgentLogger - INFO - current rateReachGoal: 0
2025-12-12 23:50:56,992 - PaperAgentLogger - DEBUG - New map
2025-12-12 23:50:58,628 - PaperAgentLogger - INFO - ################## PaperArchitecture_map20x20_rho1_10Agent/K3_HS0/1765556206 - End of loop ##################  
 ####### Case168 	 Computation time:1.6362617015838623 	 Step56/56	- AllReachGoal-False

2025-12-12 23:50:58,629 - PaperAgentLogger - INFO - current rateReachGoal: 0
2025-12-12 23:50:58,648 - PaperAgentLogger - DEBUG - New map
2025-12-12 23:50:59,558 - PaperAgentLogger - INFO - ################## PaperArchitecture_map20x20_rho1_10Agent/K3_HS0/1765556206 - End of loop ##################  
 ####### Case169 	 Computation time:0.9090347290039062 	 Step31/58	- AllReachGoal-True

2025-12-12 23:50:59,558 - PaperAgentLogger - INFO - current rateReachGoal: 0
2025-12-12 23:50:59,575 - PaperAgentLogger - DEBUG - New map
2025-12-12 23:51:00,977 - PaperAgentLogger - INFO - ################## PaperArchitecture_map20x20_rho1_10Agent/K3_HS0/1765556206 - End of loop ##################  
 ####### Case170 	 Computation time:1.401867389678955 	 Step48/50	- AllReachGoal-True

2025-12-12 23:51:00,978 - PaperAgentLogger - INFO - current rateReachGoal: 0
2025-12-12 23:51:00,996 - PaperAgentLogger - DEBUG - New map
2025-12-12 23:51:01,756 - PaperAgentLogger - INFO - ################## PaperArchitecture_map20x20_rho1_10Agent/K3_HS0/1765556206 - End of loop ##################  
 ####### Case171 	 Computation time:0.7600991725921631 	 Step26/48	- AllReachGoal-True

2025-12-12 23:51:01,757 - PaperAgentLogger - INFO - current rateReachGoal: 0
2025-12-12 23:51:01,775 - PaperAgentLogger - DEBUG - New map
2025-12-12 23:51:03,594 - PaperAgentLogger - INFO - ################## PaperArchitecture_map20x20_rho1_10Agent/K3_HS0/1765556206 - End of loop ##################  
 ####### Case172 	 Computation time:1.8189151287078857 	 Step60/60	- AllReachGoal-False

2025-12-12 23:51:03,595 - PaperAgentLogger - INFO - current rateReachGoal: 0
2025-12-12 23:51:03,615 - PaperAgentLogger - DEBUG - New map
2025-12-12 23:51:04,635 - PaperAgentLogger - INFO - ################## PaperArchitecture_map20x20_rho1_10Agent/K3_HS0/1765556206 - End of loop ##################  
 ####### Case173 	 Computation time:1.019261360168457 	 Step33/64	- AllReachGoal-True

2025-12-12 23:51:04,635 - PaperAgentLogger - INFO - current rateReachGoal: 0
2025-12-12 23:51:04,653 - PaperAgentLogger - DEBUG - New map
2025-12-12 23:51:05,457 - PaperAgentLogger - INFO - ################## PaperArchitecture_map20x20_rho1_10Agent/K3_HS0/1765556206 - End of loop ##################  
 ####### Case174 	 Computation time:0.8036251068115234 	 Step27/54	- AllReachGoal-True

2025-12-12 23:51:05,457 - PaperAgentLogger - INFO - current rateReachGoal: 0
2025-12-12 23:51:05,473 - PaperAgentLogger - DEBUG - New map
2025-12-12 23:51:06,239 - PaperAgentLogger - INFO - ################## PaperArchitecture_map20x20_rho1_10Agent/K3_HS0/1765556206 - End of loop ##################  
 ####### Case175 	 Computation time:0.7654705047607422 	 Step24/44	- AllReachGoal-True

2025-12-12 23:51:06,240 - PaperAgentLogger - INFO - current rateReachGoal: 0
2025-12-12 23:51:06,256 - PaperAgentLogger - DEBUG - New map
2025-12-12 23:51:07,187 - PaperAgentLogger - INFO - ################## PaperArchitecture_map20x20_rho1_10Agent/K3_HS0/1765556206 - End of loop ##################  
 ####### Case176 	 Computation time:0.9306924343109131 	 Step30/48	- AllReachGoal-True

2025-12-12 23:51:07,189 - PaperAgentLogger - INFO - current rateReachGoal: 0
2025-12-12 23:51:07,208 - PaperAgentLogger - DEBUG - New map
2025-12-12 23:51:08,166 - PaperAgentLogger - INFO - ################## PaperArchitecture_map20x20_rho1_10Agent/K3_HS0/1765556206 - End of loop ##################  
 ####### Case177 	 Computation time:0.9579098224639893 	 Step30/58	- AllReachGoal-True

2025-12-12 23:51:08,167 - PaperAgentLogger - INFO - current rateReachGoal: 0
2025-12-12 23:51:08,184 - PaperAgentLogger - DEBUG - New map
2025-12-12 23:51:08,986 - PaperAgentLogger - INFO - ################## PaperArchitecture_map20x20_rho1_10Agent/K3_HS0/1765556206 - End of loop ##################  
 ####### Case178 	 Computation time:0.8007228374481201 	 Step25/50	- AllReachGoal-True

2025-12-12 23:51:08,986 - PaperAgentLogger - INFO - current rateReachGoal: 0
2025-12-12 23:51:09,005 - PaperAgentLogger - DEBUG - New map
2025-12-12 23:51:09,897 - PaperAgentLogger - INFO - ################## PaperArchitecture_map20x20_rho1_10Agent/K3_HS0/1765556206 - End of loop ##################  
 ####### Case179 	 Computation time:0.892322301864624 	 Step29/56	- AllReachGoal-True

2025-12-12 23:51:09,898 - PaperAgentLogger - INFO - current rateReachGoal: 0
2025-12-12 23:51:09,916 - PaperAgentLogger - DEBUG - New map
2025-12-12 23:51:10,909 - PaperAgentLogger - INFO - ################## PaperArchitecture_map20x20_rho1_10Agent/K3_HS0/1765556206 - End of loop ##################  
 ####### Case180 	 Computation time:0.9923031330108643 	 Step31/62	- AllReachGoal-True

2025-12-12 23:51:10,910 - PaperAgentLogger - INFO - current rateReachGoal: 0
2025-12-12 23:51:10,928 - PaperAgentLogger - DEBUG - New map
2025-12-12 23:51:11,944 - PaperAgentLogger - INFO - ################## PaperArchitecture_map20x20_rho1_10Agent/K3_HS0/1765556206 - End of loop ##################  
 ####### Case181 	 Computation time:1.0150938034057617 	 Step34/54	- AllReachGoal-True

2025-12-12 23:51:11,944 - PaperAgentLogger - INFO - current rateReachGoal: 0
2025-12-12 23:51:11,962 - PaperAgentLogger - DEBUG - New map
2025-12-12 23:51:13,488 - PaperAgentLogger - INFO - ################## PaperArchitecture_map20x20_rho1_10Agent/K3_HS0/1765556206 - End of loop ##################  
 ####### Case182 	 Computation time:1.5252692699432373 	 Step52/52	- AllReachGoal-False

2025-12-12 23:51:13,489 - PaperAgentLogger - INFO - current rateReachGoal: 0
2025-12-12 23:51:13,507 - PaperAgentLogger - DEBUG - New map
2025-12-12 23:51:15,202 - PaperAgentLogger - INFO - ################## PaperArchitecture_map20x20_rho1_10Agent/K3_HS0/1765556206 - End of loop ##################  
 ####### Case183 	 Computation time:1.6940431594848633 	 Step58/58	- AllReachGoal-False

2025-12-12 23:51:15,203 - PaperAgentLogger - INFO - current rateReachGoal: 0
2025-12-12 23:51:15,221 - PaperAgentLogger - DEBUG - New map
2025-12-12 23:51:16,756 - PaperAgentLogger - INFO - ################## PaperArchitecture_map20x20_rho1_10Agent/K3_HS0/1765556206 - End of loop ##################  
 ####### Case184 	 Computation time:1.533797264099121 	 Step52/52	- AllReachGoal-False

2025-12-12 23:51:16,756 - PaperAgentLogger - INFO - current rateReachGoal: 0
2025-12-12 23:51:16,772 - PaperAgentLogger - DEBUG - New map
2025-12-12 23:51:17,452 - PaperAgentLogger - INFO - ################## PaperArchitecture_map20x20_rho1_10Agent/K3_HS0/1765556206 - End of loop ##################  
 ####### Case185 	 Computation time:0.6789941787719727 	 Step23/44	- AllReachGoal-True

2025-12-12 23:51:17,453 - PaperAgentLogger - INFO - current rateReachGoal: 0
2025-12-12 23:51:17,472 - PaperAgentLogger - DEBUG - New map
2025-12-12 23:51:18,364 - PaperAgentLogger - INFO - ################## PaperArchitecture_map20x20_rho1_10Agent/K3_HS0/1765556206 - End of loop ##################  
 ####### Case186 	 Computation time:0.8913021087646484 	 Step30/60	- AllReachGoal-True

2025-12-12 23:51:18,365 - PaperAgentLogger - INFO - current rateReachGoal: 0
2025-12-12 23:51:18,381 - PaperAgentLogger - DEBUG - New map
2025-12-12 23:51:19,656 - PaperAgentLogger - INFO - ################## PaperArchitecture_map20x20_rho1_10Agent/K3_HS0/1765556206 - End of loop ##################  
 ####### Case187 	 Computation time:1.2740411758422852 	 Step42/42	- AllReachGoal-False

2025-12-12 23:51:19,656 - PaperAgentLogger - INFO - current rateReachGoal: 0
2025-12-12 23:51:19,674 - PaperAgentLogger - DEBUG - New map
2025-12-12 23:51:21,216 - PaperAgentLogger - INFO - ################## PaperArchitecture_map20x20_rho1_10Agent/K3_HS0/1765556206 - End of loop ##################  
 ####### Case188 	 Computation time:1.5413813591003418 	 Step48/48	- AllReachGoal-False

2025-12-12 23:51:21,216 - PaperAgentLogger - INFO - current rateReachGoal: 0
2025-12-12 23:51:21,234 - PaperAgentLogger - DEBUG - New map
2025-12-12 23:51:22,847 - PaperAgentLogger - INFO - ################## PaperArchitecture_map20x20_rho1_10Agent/K3_HS0/1765556206 - End of loop ##################  
 ####### Case189 	 Computation time:1.6123759746551514 	 Step50/50	- AllReachGoal-False

2025-12-12 23:51:22,848 - PaperAgentLogger - INFO - current rateReachGoal: 0
2025-12-12 23:51:22,870 - PaperAgentLogger - DEBUG - New map
2025-12-12 23:51:23,984 - PaperAgentLogger - INFO - ################## PaperArchitecture_map20x20_rho1_10Agent/K3_HS0/1765556206 - End of loop ##################  
 ####### Case190 	 Computation time:1.1137945652008057 	 Step34/62	- AllReachGoal-True

2025-12-12 23:51:23,985 - PaperAgentLogger - INFO - current rateReachGoal: 0
2025-12-12 23:51:24,006 - PaperAgentLogger - DEBUG - New map
2025-12-12 23:51:25,101 - PaperAgentLogger - INFO - ################## PaperArchitecture_map20x20_rho1_10Agent/K3_HS0/1765556206 - End of loop ##################  
 ####### Case191 	 Computation time:1.0940992832183838 	 Step36/60	- AllReachGoal-True

2025-12-12 23:51:25,103 - PaperAgentLogger - INFO - current rateReachGoal: 0
2025-12-12 23:51:25,120 - PaperAgentLogger - DEBUG - New map
2025-12-12 23:51:25,840 - PaperAgentLogger - INFO - ################## PaperArchitecture_map20x20_rho1_10Agent/K3_HS0/1765556206 - End of loop ##################  
 ####### Case192 	 Computation time:0.7193503379821777 	 Step23/46	- AllReachGoal-True

2025-12-12 23:51:25,840 - PaperAgentLogger - INFO - current rateReachGoal: 0
2025-12-12 23:51:25,857 - PaperAgentLogger - DEBUG - New map
2025-12-12 23:51:26,675 - PaperAgentLogger - INFO - ################## PaperArchitecture_map20x20_rho1_10Agent/K3_HS0/1765556206 - End of loop ##################  
 ####### Case193 	 Computation time:0.8173658847808838 	 Step26/52	- AllReachGoal-True

2025-12-12 23:51:26,675 - PaperAgentLogger - INFO - current rateReachGoal: 0
2025-12-12 23:51:26,692 - PaperAgentLogger - DEBUG - New map
2025-12-12 23:51:27,481 - PaperAgentLogger - INFO - ################## PaperArchitecture_map20x20_rho1_10Agent/K3_HS0/1765556206 - End of loop ##################  
 ####### Case194 	 Computation time:0.7892415523529053 	 Step25/48	- AllReachGoal-True

2025-12-12 23:51:27,482 - PaperAgentLogger - INFO - current rateReachGoal: 0
2025-12-12 23:51:27,501 - PaperAgentLogger - DEBUG - New map
2025-12-12 23:51:29,258 - PaperAgentLogger - INFO - ################## PaperArchitecture_map20x20_rho1_10Agent/K3_HS0/1765556206 - End of loop ##################  
 ####### Case195 	 Computation time:1.756662130355835 	 Step56/56	- AllReachGoal-False

2025-12-12 23:51:29,259 - PaperAgentLogger - INFO - current rateReachGoal: 0
2025-12-12 23:51:29,277 - PaperAgentLogger - DEBUG - New map
2025-12-12 23:51:30,132 - PaperAgentLogger - INFO - ################## PaperArchitecture_map20x20_rho1_10Agent/K3_HS0/1765556206 - End of loop ##################  
 ####### Case196 	 Computation time:0.8539986610412598 	 Step29/54	- AllReachGoal-True

2025-12-12 23:51:30,134 - PaperAgentLogger - INFO - current rateReachGoal: 0
2025-12-12 23:51:30,151 - PaperAgentLogger - DEBUG - New map
2025-12-12 23:51:30,929 - PaperAgentLogger - INFO - ################## PaperArchitecture_map20x20_rho1_10Agent/K3_HS0/1765556206 - End of loop ##################  
 ####### Case197 	 Computation time:0.7772250175476074 	 Step26/50	- AllReachGoal-True

2025-12-12 23:51:30,929 - PaperAgentLogger - INFO - current rateReachGoal: 0
2025-12-12 23:51:30,947 - PaperAgentLogger - DEBUG - New map
2025-12-12 23:51:32,622 - PaperAgentLogger - INFO - ################## PaperArchitecture_map20x20_rho1_10Agent/K3_HS0/1765556206 - End of loop ##################  
 ####### Case198 	 Computation time:1.6751234531402588 	 Step56/56	- AllReachGoal-False

2025-12-12 23:51:32,623 - PaperAgentLogger - INFO - current rateReachGoal: 0
2025-12-12 23:51:32,641 - PaperAgentLogger - DEBUG - New map
2025-12-12 23:51:33,527 - PaperAgentLogger - INFO - ################## PaperArchitecture_map20x20_rho1_10Agent/K3_HS0/1765556206 - End of loop ##################  
 ####### Case199 	 Computation time:0.8847992420196533 	 Step27/52	- AllReachGoal-True

2025-12-12 23:51:33,528 - PaperAgentLogger - INFO - current rateReachGoal: 0
2025-12-12 23:51:33,545 - PaperAgentLogger - DEBUG - New map
2025-12-12 23:51:34,891 - PaperAgentLogger - INFO - ################## PaperArchitecture_map20x20_rho1_10Agent/K3_HS0/1765556206 - End of loop ##################  
 ####### Case200 	 Computation time:1.345524549484253 	 Step41/46	- AllReachGoal-True

2025-12-12 23:51:34,892 - PaperAgentLogger - INFO - current rateReachGoal: 0
2025-12-12 23:51:34,911 - PaperAgentLogger - DEBUG - New map
2025-12-12 23:51:36,073 - PaperAgentLogger - INFO - ################## PaperArchitecture_map20x20_rho1_10Agent/K3_HS0/1765556206 - End of loop ##################  
 ####### Case201 	 Computation time:1.1611497402191162 	 Step35/58	- AllReachGoal-True

2025-12-12 23:51:36,074 - PaperAgentLogger - INFO - current rateReachGoal: 0
2025-12-12 23:51:36,094 - PaperAgentLogger - DEBUG - New map
2025-12-12 23:51:37,822 - PaperAgentLogger - INFO - ################## PaperArchitecture_map20x20_rho1_10Agent/K3_HS0/1765556206 - End of loop ##################  
 ####### Case202 	 Computation time:1.7280604839324951 	 Step52/52	- AllReachGoal-False

2025-12-12 23:51:37,823 - PaperAgentLogger - INFO - current rateReachGoal: 0
2025-12-12 23:51:37,840 - PaperAgentLogger - DEBUG - New map
2025-12-12 23:51:38,480 - PaperAgentLogger - INFO - ################## PaperArchitecture_map20x20_rho1_10Agent/K3_HS0/1765556206 - End of loop ##################  
 ####### Case203 	 Computation time:0.6395547389984131 	 Step21/40	- AllReachGoal-True

2025-12-12 23:51:38,481 - PaperAgentLogger - INFO - current rateReachGoal: 0
2025-12-12 23:51:38,498 - PaperAgentLogger - DEBUG - New map
2025-12-12 23:51:39,259 - PaperAgentLogger - INFO - ################## PaperArchitecture_map20x20_rho1_10Agent/K3_HS0/1765556206 - End of loop ##################  
 ####### Case204 	 Computation time:0.7607738971710205 	 Step25/46	- AllReachGoal-True

2025-12-12 23:51:39,260 - PaperAgentLogger - INFO - current rateReachGoal: 0
2025-12-12 23:51:39,277 - PaperAgentLogger - DEBUG - New map
2025-12-12 23:51:40,692 - PaperAgentLogger - INFO - ################## PaperArchitecture_map20x20_rho1_10Agent/K3_HS0/1765556206 - End of loop ##################  
 ####### Case205 	 Computation time:1.414475679397583 	 Step48/48	- AllReachGoal-False

2025-12-12 23:51:40,692 - PaperAgentLogger - INFO - current rateReachGoal: 0
2025-12-12 23:51:40,711 - PaperAgentLogger - DEBUG - New map
2025-12-12 23:51:42,384 - PaperAgentLogger - INFO - ################## PaperArchitecture_map20x20_rho1_10Agent/K3_HS0/1765556206 - End of loop ##################  
 ####### Case206 	 Computation time:1.6731984615325928 	 Step56/56	- AllReachGoal-False

2025-12-12 23:51:42,385 - PaperAgentLogger - INFO - current rateReachGoal: 0
2025-12-12 23:51:42,406 - PaperAgentLogger - DEBUG - New map
2025-12-12 23:51:43,995 - PaperAgentLogger - INFO - ################## PaperArchitecture_map20x20_rho1_10Agent/K3_HS0/1765556206 - End of loop ##################  
 ####### Case207 	 Computation time:1.5877106189727783 	 Step53/64	- AllReachGoal-True

2025-12-12 23:51:43,995 - PaperAgentLogger - INFO - current rateReachGoal: 0
2025-12-12 23:51:44,013 - PaperAgentLogger - DEBUG - New map
2025-12-12 23:51:45,444 - PaperAgentLogger - INFO - ################## PaperArchitecture_map20x20_rho1_10Agent/K3_HS0/1765556206 - End of loop ##################  
 ####### Case208 	 Computation time:1.4305803775787354 	 Step48/48	- AllReachGoal-False

2025-12-12 23:51:45,445 - PaperAgentLogger - INFO - current rateReachGoal: 0
2025-12-12 23:51:45,462 - PaperAgentLogger - DEBUG - New map
2025-12-12 23:51:46,899 - PaperAgentLogger - INFO - ################## PaperArchitecture_map20x20_rho1_10Agent/K3_HS0/1765556206 - End of loop ##################  
 ####### Case209 	 Computation time:1.4368171691894531 	 Step48/48	- AllReachGoal-False

2025-12-12 23:51:46,900 - PaperAgentLogger - INFO - current rateReachGoal: 0
2025-12-12 23:51:46,919 - PaperAgentLogger - DEBUG - New map
2025-12-12 23:51:48,763 - PaperAgentLogger - INFO - ################## PaperArchitecture_map20x20_rho1_10Agent/K3_HS0/1765556206 - End of loop ##################  
 ####### Case210 	 Computation time:1.842637300491333 	 Step62/62	- AllReachGoal-False

2025-12-12 23:51:48,763 - PaperAgentLogger - INFO - current rateReachGoal: 0
2025-12-12 23:51:48,782 - PaperAgentLogger - DEBUG - New map
2025-12-12 23:51:50,513 - PaperAgentLogger - INFO - ################## PaperArchitecture_map20x20_rho1_10Agent/K3_HS0/1765556206 - End of loop ##################  
 ####### Case211 	 Computation time:1.730621099472046 	 Step54/54	- AllReachGoal-False

2025-12-12 23:51:50,514 - PaperAgentLogger - INFO - current rateReachGoal: 0
2025-12-12 23:51:50,532 - PaperAgentLogger - DEBUG - New map
2025-12-12 23:51:52,193 - PaperAgentLogger - INFO - ################## PaperArchitecture_map20x20_rho1_10Agent/K3_HS0/1765556206 - End of loop ##################  
 ####### Case212 	 Computation time:1.6603152751922607 	 Step56/56	- AllReachGoal-False

2025-12-12 23:51:52,194 - PaperAgentLogger - INFO - current rateReachGoal: 0
2025-12-12 23:51:52,214 - PaperAgentLogger - DEBUG - New map
2025-12-12 23:51:53,272 - PaperAgentLogger - INFO - ################## PaperArchitecture_map20x20_rho1_10Agent/K3_HS0/1765556206 - End of loop ##################  
 ####### Case213 	 Computation time:1.0570847988128662 	 Step34/64	- AllReachGoal-True

2025-12-12 23:51:53,272 - PaperAgentLogger - INFO - current rateReachGoal: 0
2025-12-12 23:51:53,289 - PaperAgentLogger - DEBUG - New map
2025-12-12 23:51:54,424 - PaperAgentLogger - INFO - ################## PaperArchitecture_map20x20_rho1_10Agent/K3_HS0/1765556206 - End of loop ##################  
 ####### Case214 	 Computation time:1.1345343589782715 	 Step35/42	- AllReachGoal-True

2025-12-12 23:51:54,426 - PaperAgentLogger - INFO - current rateReachGoal: 0
2025-12-12 23:51:54,444 - PaperAgentLogger - DEBUG - New map
2025-12-12 23:51:55,420 - PaperAgentLogger - INFO - ################## PaperArchitecture_map20x20_rho1_10Agent/K3_HS0/1765556206 - End of loop ##################  
 ####### Case215 	 Computation time:0.9751842021942139 	 Step33/62	- AllReachGoal-True

2025-12-12 23:51:55,421 - PaperAgentLogger - INFO - current rateReachGoal: 0
2025-12-12 23:51:55,439 - PaperAgentLogger - DEBUG - New map
2025-12-12 23:51:56,331 - PaperAgentLogger - INFO - ################## PaperArchitecture_map20x20_rho1_10Agent/K3_HS0/1765556206 - End of loop ##################  
 ####### Case216 	 Computation time:0.8911705017089844 	 Step30/62	- AllReachGoal-True

2025-12-12 23:51:56,332 - PaperAgentLogger - INFO - current rateReachGoal: 0
2025-12-12 23:51:56,349 - PaperAgentLogger - DEBUG - New map
2025-12-12 23:51:58,024 - PaperAgentLogger - INFO - ################## PaperArchitecture_map20x20_rho1_10Agent/K3_HS0/1765556206 - End of loop ##################  
 ####### Case217 	 Computation time:1.674788236618042 	 Step54/54	- AllReachGoal-False

2025-12-12 23:51:58,025 - PaperAgentLogger - INFO - current rateReachGoal: 0
2025-12-12 23:51:58,044 - PaperAgentLogger - DEBUG - New map
2025-12-12 23:51:59,652 - PaperAgentLogger - INFO - ################## PaperArchitecture_map20x20_rho1_10Agent/K3_HS0/1765556206 - End of loop ##################  
 ####### Case218 	 Computation time:1.6080546379089355 	 Step54/54	- AllReachGoal-False

2025-12-12 23:51:59,655 - PaperAgentLogger - INFO - current rateReachGoal: 0
2025-12-12 23:51:59,675 - PaperAgentLogger - DEBUG - New map
2025-12-12 23:52:00,806 - PaperAgentLogger - INFO - ################## PaperArchitecture_map20x20_rho1_10Agent/K3_HS0/1765556206 - End of loop ##################  
 ####### Case219 	 Computation time:1.1305749416351318 	 Step37/74	- AllReachGoal-True

2025-12-12 23:52:00,807 - PaperAgentLogger - INFO - current rateReachGoal: 0
2025-12-12 23:52:00,824 - PaperAgentLogger - DEBUG - New map
2025-12-12 23:52:01,462 - PaperAgentLogger - INFO - ################## PaperArchitecture_map20x20_rho1_10Agent/K3_HS0/1765556206 - End of loop ##################  
 ####### Case220 	 Computation time:0.6374869346618652 	 Step21/42	- AllReachGoal-True

2025-12-12 23:52:01,463 - PaperAgentLogger - INFO - current rateReachGoal: 0
2025-12-12 23:52:01,480 - PaperAgentLogger - DEBUG - New map
2025-12-12 23:52:02,997 - PaperAgentLogger - INFO - ################## PaperArchitecture_map20x20_rho1_10Agent/K3_HS0/1765556206 - End of loop ##################  
 ####### Case221 	 Computation time:1.51589035987854 	 Step48/48	- AllReachGoal-False

2025-12-12 23:52:02,998 - PaperAgentLogger - INFO - current rateReachGoal: 0
2025-12-12 23:52:03,015 - PaperAgentLogger - DEBUG - New map
2025-12-12 23:52:03,781 - PaperAgentLogger - INFO - ################## PaperArchitecture_map20x20_rho1_10Agent/K3_HS0/1765556206 - End of loop ##################  
 ####### Case222 	 Computation time:0.7661173343658447 	 Step23/42	- AllReachGoal-True

2025-12-12 23:52:03,782 - PaperAgentLogger - INFO - current rateReachGoal: 0
2025-12-12 23:52:03,802 - PaperAgentLogger - DEBUG - New map
2025-12-12 23:52:04,953 - PaperAgentLogger - INFO - ################## PaperArchitecture_map20x20_rho1_10Agent/K3_HS0/1765556206 - End of loop ##################  
 ####### Case223 	 Computation time:1.150240182876587 	 Step35/66	- AllReachGoal-True

2025-12-12 23:52:04,955 - PaperAgentLogger - INFO - current rateReachGoal: 0
2025-12-12 23:52:04,973 - PaperAgentLogger - DEBUG - New map
2025-12-12 23:52:06,676 - PaperAgentLogger - INFO - ################## PaperArchitecture_map20x20_rho1_10Agent/K3_HS0/1765556206 - End of loop ##################  
 ####### Case224 	 Computation time:1.7016856670379639 	 Step54/54	- AllReachGoal-False

2025-12-12 23:52:06,676 - PaperAgentLogger - INFO - current rateReachGoal: 0
2025-12-12 23:52:06,695 - PaperAgentLogger - DEBUG - New map
2025-12-12 23:52:07,630 - PaperAgentLogger - INFO - ################## PaperArchitecture_map20x20_rho1_10Agent/K3_HS0/1765556206 - End of loop ##################  
 ####### Case225 	 Computation time:0.9343104362487793 	 Step29/58	- AllReachGoal-True

2025-12-12 23:52:07,631 - PaperAgentLogger - INFO - current rateReachGoal: 0
2025-12-12 23:52:07,652 - PaperAgentLogger - DEBUG - New map
2025-12-12 23:52:09,574 - PaperAgentLogger - INFO - ################## PaperArchitecture_map20x20_rho1_10Agent/K3_HS0/1765556206 - End of loop ##################  
 ####### Case226 	 Computation time:1.9219820499420166 	 Step64/64	- AllReachGoal-False

2025-12-12 23:52:09,575 - PaperAgentLogger - INFO - current rateReachGoal: 0
2025-12-12 23:52:09,594 - PaperAgentLogger - DEBUG - New map
2025-12-12 23:52:10,644 - PaperAgentLogger - INFO - ################## PaperArchitecture_map20x20_rho1_10Agent/K3_HS0/1765556206 - End of loop ##################  
 ####### Case227 	 Computation time:1.048926830291748 	 Step34/64	- AllReachGoal-True

2025-12-12 23:52:10,645 - PaperAgentLogger - INFO - current rateReachGoal: 0
2025-12-12 23:52:10,662 - PaperAgentLogger - DEBUG - New map
2025-12-12 23:52:11,671 - PaperAgentLogger - INFO - ################## PaperArchitecture_map20x20_rho1_10Agent/K3_HS0/1765556206 - End of loop ##################  
 ####### Case228 	 Computation time:1.007807731628418 	 Step34/54	- AllReachGoal-True

2025-12-12 23:52:11,671 - PaperAgentLogger - INFO - current rateReachGoal: 0
2025-12-12 23:52:11,687 - PaperAgentLogger - DEBUG - New map
2025-12-12 23:52:12,863 - PaperAgentLogger - INFO - ################## PaperArchitecture_map20x20_rho1_10Agent/K3_HS0/1765556206 - End of loop ##################  
 ####### Case229 	 Computation time:1.1758582592010498 	 Step40/40	- AllReachGoal-False

2025-12-12 23:52:12,864 - PaperAgentLogger - INFO - current rateReachGoal: 0
2025-12-12 23:52:12,884 - PaperAgentLogger - DEBUG - New map
2025-12-12 23:52:14,186 - PaperAgentLogger - INFO - ################## PaperArchitecture_map20x20_rho1_10Agent/K3_HS0/1765556206 - End of loop ##################  
 ####### Case230 	 Computation time:1.3011443614959717 	 Step44/64	- AllReachGoal-True

2025-12-12 23:52:14,187 - PaperAgentLogger - INFO - current rateReachGoal: 0
2025-12-12 23:52:14,205 - PaperAgentLogger - DEBUG - New map
2025-12-12 23:52:15,006 - PaperAgentLogger - INFO - ################## PaperArchitecture_map20x20_rho1_10Agent/K3_HS0/1765556206 - End of loop ##################  
 ####### Case231 	 Computation time:0.8010942935943604 	 Step27/52	- AllReachGoal-True

2025-12-12 23:52:15,007 - PaperAgentLogger - INFO - current rateReachGoal: 0
2025-12-12 23:52:15,026 - PaperAgentLogger - DEBUG - New map
2025-12-12 23:52:16,096 - PaperAgentLogger - INFO - ################## PaperArchitecture_map20x20_rho1_10Agent/K3_HS0/1765556206 - End of loop ##################  
 ####### Case232 	 Computation time:1.0699493885040283 	 Step36/56	- AllReachGoal-True

2025-12-12 23:52:16,098 - PaperAgentLogger - INFO - current rateReachGoal: 0
2025-12-12 23:52:16,119 - PaperAgentLogger - DEBUG - New map
2025-12-12 23:52:17,946 - PaperAgentLogger - INFO - ################## PaperArchitecture_map20x20_rho1_10Agent/K3_HS0/1765556206 - End of loop ##################  
 ####### Case233 	 Computation time:1.826615571975708 	 Step62/62	- AllReachGoal-False

2025-12-12 23:52:17,947 - PaperAgentLogger - INFO - current rateReachGoal: 0
2025-12-12 23:52:17,966 - PaperAgentLogger - DEBUG - New map
2025-12-12 23:52:18,977 - PaperAgentLogger - INFO - ################## PaperArchitecture_map20x20_rho1_10Agent/K3_HS0/1765556206 - End of loop ##################  
 ####### Case234 	 Computation time:1.0105323791503906 	 Step34/58	- AllReachGoal-True

2025-12-12 23:52:18,977 - PaperAgentLogger - INFO - current rateReachGoal: 0
2025-12-12 23:52:19,000 - PaperAgentLogger - DEBUG - New map
2025-12-12 23:52:21,011 - PaperAgentLogger - INFO - ################## PaperArchitecture_map20x20_rho1_10Agent/K3_HS0/1765556206 - End of loop ##################  
 ####### Case235 	 Computation time:2.010045289993286 	 Step62/62	- AllReachGoal-False

2025-12-12 23:52:21,012 - PaperAgentLogger - INFO - current rateReachGoal: 0
2025-12-12 23:52:21,029 - PaperAgentLogger - DEBUG - New map
2025-12-12 23:52:21,962 - PaperAgentLogger - INFO - ################## PaperArchitecture_map20x20_rho1_10Agent/K3_HS0/1765556206 - End of loop ##################  
 ####### Case236 	 Computation time:0.9317965507507324 	 Step31/50	- AllReachGoal-True

2025-12-12 23:52:21,962 - PaperAgentLogger - INFO - current rateReachGoal: 0
2025-12-12 23:52:21,981 - PaperAgentLogger - DEBUG - New map
2025-12-12 23:52:23,607 - PaperAgentLogger - INFO - ################## PaperArchitecture_map20x20_rho1_10Agent/K3_HS0/1765556206 - End of loop ##################  
 ####### Case237 	 Computation time:1.625685691833496 	 Step52/52	- AllReachGoal-False

2025-12-12 23:52:23,608 - PaperAgentLogger - INFO - current rateReachGoal: 0
2025-12-12 23:52:23,627 - PaperAgentLogger - DEBUG - New map
2025-12-12 23:52:24,910 - PaperAgentLogger - INFO - ################## PaperArchitecture_map20x20_rho1_10Agent/K3_HS0/1765556206 - End of loop ##################  
 ####### Case238 	 Computation time:1.281733751296997 	 Step41/56	- AllReachGoal-True

2025-12-12 23:52:24,910 - PaperAgentLogger - INFO - current rateReachGoal: 0
2025-12-12 23:52:24,930 - PaperAgentLogger - DEBUG - New map
2025-12-12 23:52:25,992 - PaperAgentLogger - INFO - ################## PaperArchitecture_map20x20_rho1_10Agent/K3_HS0/1765556206 - End of loop ##################  
 ####### Case239 	 Computation time:1.0619573593139648 	 Step36/60	- AllReachGoal-True

2025-12-12 23:52:25,993 - PaperAgentLogger - INFO - current rateReachGoal: 0
2025-12-12 23:52:26,010 - PaperAgentLogger - DEBUG - New map
2025-12-12 23:52:26,780 - PaperAgentLogger - INFO - ################## PaperArchitecture_map20x20_rho1_10Agent/K3_HS0/1765556206 - End of loop ##################  
 ####### Case240 	 Computation time:0.769834041595459 	 Step26/52	- AllReachGoal-True

2025-12-12 23:52:26,781 - PaperAgentLogger - INFO - current rateReachGoal: 0
2025-12-12 23:52:26,798 - PaperAgentLogger - DEBUG - New map
2025-12-12 23:52:28,227 - PaperAgentLogger - INFO - ################## PaperArchitecture_map20x20_rho1_10Agent/K3_HS0/1765556206 - End of loop ##################  
 ####### Case241 	 Computation time:1.4291727542877197 	 Step46/46	- AllReachGoal-False

2025-12-12 23:52:28,228 - PaperAgentLogger - INFO - current rateReachGoal: 0
2025-12-12 23:52:28,247 - PaperAgentLogger - DEBUG - New map
2025-12-12 23:52:29,142 - PaperAgentLogger - INFO - ################## PaperArchitecture_map20x20_rho1_10Agent/K3_HS0/1765556206 - End of loop ##################  
 ####### Case242 	 Computation time:0.894859790802002 	 Step30/56	- AllReachGoal-True

2025-12-12 23:52:29,143 - PaperAgentLogger - INFO - current rateReachGoal: 0
2025-12-12 23:52:29,162 - PaperAgentLogger - DEBUG - New map
2025-12-12 23:52:29,990 - PaperAgentLogger - INFO - ################## PaperArchitecture_map20x20_rho1_10Agent/K3_HS0/1765556206 - End of loop ##################  
 ####### Case243 	 Computation time:0.8279323577880859 	 Step28/52	- AllReachGoal-True

2025-12-12 23:52:29,991 - PaperAgentLogger - INFO - current rateReachGoal: 0
2025-12-12 23:52:30,009 - PaperAgentLogger - DEBUG - New map
2025-12-12 23:52:31,520 - PaperAgentLogger - INFO - ################## PaperArchitecture_map20x20_rho1_10Agent/K3_HS0/1765556206 - End of loop ##################  
 ####### Case244 	 Computation time:1.5105578899383545 	 Step50/50	- AllReachGoal-False

2025-12-12 23:52:31,521 - PaperAgentLogger - INFO - current rateReachGoal: 0
2025-12-12 23:52:31,538 - PaperAgentLogger - DEBUG - New map
2025-12-12 23:52:32,871 - PaperAgentLogger - INFO - ################## PaperArchitecture_map20x20_rho1_10Agent/K3_HS0/1765556206 - End of loop ##################  
 ####### Case245 	 Computation time:1.3321220874786377 	 Step44/44	- AllReachGoal-False

2025-12-12 23:52:32,871 - PaperAgentLogger - INFO - current rateReachGoal: 0
2025-12-12 23:52:32,890 - PaperAgentLogger - DEBUG - New map
2025-12-12 23:52:34,276 - PaperAgentLogger - INFO - ################## PaperArchitecture_map20x20_rho1_10Agent/K3_HS0/1765556206 - End of loop ##################  
 ####### Case246 	 Computation time:1.3852858543395996 	 Step43/64	- AllReachGoal-True

2025-12-12 23:52:34,277 - PaperAgentLogger - INFO - current rateReachGoal: 0
2025-12-12 23:52:34,296 - PaperAgentLogger - DEBUG - New map
2025-12-12 23:52:35,584 - PaperAgentLogger - INFO - ################## PaperArchitecture_map20x20_rho1_10Agent/K3_HS0/1765556206 - End of loop ##################  
 ####### Case247 	 Computation time:1.2878596782684326 	 Step42/42	- AllReachGoal-False

2025-12-12 23:52:35,585 - PaperAgentLogger - INFO - current rateReachGoal: 0
2025-12-12 23:52:35,601 - PaperAgentLogger - DEBUG - New map
2025-12-12 23:52:36,421 - PaperAgentLogger - INFO - ################## PaperArchitecture_map20x20_rho1_10Agent/K3_HS0/1765556206 - End of loop ##################  
 ####### Case248 	 Computation time:0.8192028999328613 	 Step25/42	- AllReachGoal-True

2025-12-12 23:52:36,422 - PaperAgentLogger - INFO - current rateReachGoal: 0
2025-12-12 23:52:36,439 - PaperAgentLogger - DEBUG - New map
2025-12-12 23:52:38,160 - PaperAgentLogger - INFO - ################## PaperArchitecture_map20x20_rho1_10Agent/K3_HS0/1765556206 - End of loop ##################  
 ####### Case249 	 Computation time:1.719827651977539 	 Step58/58	- AllReachGoal-False

2025-12-12 23:52:38,161 - PaperAgentLogger - INFO - current rateReachGoal: 0
2025-12-12 23:52:38,178 - PaperAgentLogger - DEBUG - New map
2025-12-12 23:52:38,930 - PaperAgentLogger - INFO - ################## PaperArchitecture_map20x20_rho1_10Agent/K3_HS0/1765556206 - End of loop ##################  
 ####### Case250 	 Computation time:0.7507021427154541 	 Step26/52	- AllReachGoal-True

2025-12-12 23:52:38,930 - PaperAgentLogger - INFO - current rateReachGoal: 0
2025-12-12 23:52:38,946 - PaperAgentLogger - DEBUG - New map
2025-12-12 23:52:39,990 - PaperAgentLogger - INFO - ################## PaperArchitecture_map20x20_rho1_10Agent/K3_HS0/1765556206 - End of loop ##################  
 ####### Case251 	 Computation time:1.0432524681091309 	 Step36/46	- AllReachGoal-True

2025-12-12 23:52:39,991 - PaperAgentLogger - INFO - current rateReachGoal: 0
2025-12-12 23:52:40,007 - PaperAgentLogger - DEBUG - New map
2025-12-12 23:52:40,729 - PaperAgentLogger - INFO - ################## PaperArchitecture_map20x20_rho1_10Agent/K3_HS0/1765556206 - End of loop ##################  
 ####### Case252 	 Computation time:0.7212972640991211 	 Step25/46	- AllReachGoal-True

2025-12-12 23:52:40,730 - PaperAgentLogger - INFO - current rateReachGoal: 0
2025-12-12 23:52:40,747 - PaperAgentLogger - DEBUG - New map
2025-12-12 23:52:42,348 - PaperAgentLogger - INFO - ################## PaperArchitecture_map20x20_rho1_10Agent/K3_HS0/1765556206 - End of loop ##################  
 ####### Case253 	 Computation time:1.5994274616241455 	 Step56/56	- AllReachGoal-False

2025-12-12 23:52:42,348 - PaperAgentLogger - INFO - current rateReachGoal: 0
2025-12-12 23:52:42,366 - PaperAgentLogger - DEBUG - New map
2025-12-12 23:52:43,285 - PaperAgentLogger - INFO - ################## PaperArchitecture_map20x20_rho1_10Agent/K3_HS0/1765556206 - End of loop ##################  
 ####### Case254 	 Computation time:0.9180471897125244 	 Step29/54	- AllReachGoal-True

2025-12-12 23:52:43,286 - PaperAgentLogger - INFO - current rateReachGoal: 0
2025-12-12 23:52:43,306 - PaperAgentLogger - DEBUG - New map
2025-12-12 23:52:45,317 - PaperAgentLogger - INFO - ################## PaperArchitecture_map20x20_rho1_10Agent/K3_HS0/1765556206 - End of loop ##################  
 ####### Case255 	 Computation time:2.010934591293335 	 Step66/66	- AllReachGoal-False

2025-12-12 23:52:45,320 - PaperAgentLogger - INFO - current rateReachGoal: 0
2025-12-12 23:52:45,336 - PaperAgentLogger - DEBUG - New map
2025-12-12 23:52:46,421 - PaperAgentLogger - INFO - ################## PaperArchitecture_map20x20_rho1_10Agent/K3_HS0/1765556206 - End of loop ##################  
 ####### Case256 	 Computation time:1.0840306282043457 	 Step35/52	- AllReachGoal-True

2025-12-12 23:52:46,422 - PaperAgentLogger - INFO - current rateReachGoal: 0
2025-12-12 23:52:46,440 - PaperAgentLogger - DEBUG - New map
2025-12-12 23:52:48,280 - PaperAgentLogger - INFO - ################## PaperArchitecture_map20x20_rho1_10Agent/K3_HS0/1765556206 - End of loop ##################  
 ####### Case257 	 Computation time:1.8386626243591309 	 Step58/58	- AllReachGoal-False

2025-12-12 23:52:48,280 - PaperAgentLogger - INFO - current rateReachGoal: 0
2025-12-12 23:52:48,299 - PaperAgentLogger - DEBUG - New map
2025-12-12 23:52:49,996 - PaperAgentLogger - INFO - ################## PaperArchitecture_map20x20_rho1_10Agent/K3_HS0/1765556206 - End of loop ##################  
 ####### Case258 	 Computation time:1.6960349082946777 	 Step54/54	- AllReachGoal-False

2025-12-12 23:52:49,997 - PaperAgentLogger - INFO - current rateReachGoal: 0
2025-12-12 23:52:50,013 - PaperAgentLogger - DEBUG - New map
2025-12-12 23:52:51,282 - PaperAgentLogger - INFO - ################## PaperArchitecture_map20x20_rho1_10Agent/K3_HS0/1765556206 - End of loop ##################  
 ####### Case259 	 Computation time:1.2687327861785889 	 Step40/40	- AllReachGoal-False

2025-12-12 23:52:51,284 - PaperAgentLogger - INFO - current rateReachGoal: 0
2025-12-12 23:52:51,302 - PaperAgentLogger - DEBUG - New map
2025-12-12 23:52:53,074 - PaperAgentLogger - INFO - ################## PaperArchitecture_map20x20_rho1_10Agent/K3_HS0/1765556206 - End of loop ##################  
 ####### Case260 	 Computation time:1.7717666625976562 	 Step56/56	- AllReachGoal-False

2025-12-12 23:52:53,075 - PaperAgentLogger - INFO - current rateReachGoal: 0
2025-12-12 23:52:53,093 - PaperAgentLogger - DEBUG - New map
2025-12-12 23:52:54,528 - PaperAgentLogger - INFO - ################## PaperArchitecture_map20x20_rho1_10Agent/K3_HS0/1765556206 - End of loop ##################  
 ####### Case261 	 Computation time:1.4347786903381348 	 Step50/50	- AllReachGoal-False

2025-12-12 23:52:54,529 - PaperAgentLogger - INFO - current rateReachGoal: 0
2025-12-12 23:52:54,548 - PaperAgentLogger - DEBUG - New map
2025-12-12 23:52:55,468 - PaperAgentLogger - INFO - ################## PaperArchitecture_map20x20_rho1_10Agent/K3_HS0/1765556206 - End of loop ##################  
 ####### Case262 	 Computation time:0.919593095779419 	 Step32/64	- AllReachGoal-True

2025-12-12 23:52:55,469 - PaperAgentLogger - INFO - current rateReachGoal: 0
2025-12-12 23:52:55,491 - PaperAgentLogger - DEBUG - New map
2025-12-12 23:52:57,496 - PaperAgentLogger - INFO - ################## PaperArchitecture_map20x20_rho1_10Agent/K3_HS0/1765556206 - End of loop ##################  
 ####### Case263 	 Computation time:2.0044620037078857 	 Step70/70	- AllReachGoal-False

2025-12-12 23:52:57,497 - PaperAgentLogger - INFO - current rateReachGoal: 0
2025-12-12 23:52:57,516 - PaperAgentLogger - DEBUG - New map
2025-12-12 23:52:58,410 - PaperAgentLogger - INFO - ################## PaperArchitecture_map20x20_rho1_10Agent/K3_HS0/1765556206 - End of loop ##################  
 ####### Case264 	 Computation time:0.8931806087493896 	 Step31/56	- AllReachGoal-True

2025-12-12 23:52:58,411 - PaperAgentLogger - INFO - current rateReachGoal: 0
2025-12-12 23:52:58,427 - PaperAgentLogger - DEBUG - New map
2025-12-12 23:52:59,175 - PaperAgentLogger - INFO - ################## PaperArchitecture_map20x20_rho1_10Agent/K3_HS0/1765556206 - End of loop ##################  
 ####### Case265 	 Computation time:0.7477002143859863 	 Step26/46	- AllReachGoal-True

2025-12-12 23:52:59,176 - PaperAgentLogger - INFO - current rateReachGoal: 0
2025-12-12 23:52:59,192 - PaperAgentLogger - DEBUG - New map
2025-12-12 23:52:59,945 - PaperAgentLogger - INFO - ################## PaperArchitecture_map20x20_rho1_10Agent/K3_HS0/1765556206 - End of loop ##################  
 ####### Case266 	 Computation time:0.7525267601013184 	 Step26/48	- AllReachGoal-True

2025-12-12 23:52:59,946 - PaperAgentLogger - INFO - current rateReachGoal: 0
2025-12-12 23:52:59,966 - PaperAgentLogger - DEBUG - New map
2025-12-12 23:53:00,913 - PaperAgentLogger - INFO - ################## PaperArchitecture_map20x20_rho1_10Agent/K3_HS0/1765556206 - End of loop ##################  
 ####### Case267 	 Computation time:0.9463918209075928 	 Step33/60	- AllReachGoal-True

2025-12-12 23:53:00,913 - PaperAgentLogger - INFO - current rateReachGoal: 0
2025-12-12 23:53:00,932 - PaperAgentLogger - DEBUG - New map
2025-12-12 23:53:01,685 - PaperAgentLogger - INFO - ################## PaperArchitecture_map20x20_rho1_10Agent/K3_HS0/1765556206 - End of loop ##################  
 ####### Case268 	 Computation time:0.7524394989013672 	 Step26/52	- AllReachGoal-True

2025-12-12 23:53:01,685 - PaperAgentLogger - INFO - current rateReachGoal: 0
2025-12-12 23:53:01,703 - PaperAgentLogger - DEBUG - New map
2025-12-12 23:53:02,395 - PaperAgentLogger - INFO - ################## PaperArchitecture_map20x20_rho1_10Agent/K3_HS0/1765556206 - End of loop ##################  
 ####### Case269 	 Computation time:0.6919598579406738 	 Step24/50	- AllReachGoal-True

2025-12-12 23:53:02,396 - PaperAgentLogger - INFO - current rateReachGoal: 0
2025-12-12 23:53:02,416 - PaperAgentLogger - DEBUG - New map
2025-12-12 23:53:04,412 - PaperAgentLogger - INFO - ################## PaperArchitecture_map20x20_rho1_10Agent/K3_HS0/1765556206 - End of loop ##################  
 ####### Case270 	 Computation time:1.9951586723327637 	 Step70/70	- AllReachGoal-False

2025-12-12 23:53:04,412 - PaperAgentLogger - INFO - current rateReachGoal: 0
2025-12-12 23:53:04,430 - PaperAgentLogger - DEBUG - New map
2025-12-12 23:53:05,208 - PaperAgentLogger - INFO - ################## PaperArchitecture_map20x20_rho1_10Agent/K3_HS0/1765556206 - End of loop ##################  
 ####### Case271 	 Computation time:0.7782261371612549 	 Step27/50	- AllReachGoal-True

2025-12-12 23:53:05,209 - PaperAgentLogger - INFO - current rateReachGoal: 0
2025-12-12 23:53:05,227 - PaperAgentLogger - DEBUG - New map
2025-12-12 23:53:06,950 - PaperAgentLogger - INFO - ################## PaperArchitecture_map20x20_rho1_10Agent/K3_HS0/1765556206 - End of loop ##################  
 ####### Case272 	 Computation time:1.721815586090088 	 Step60/60	- AllReachGoal-False

2025-12-12 23:53:06,950 - PaperAgentLogger - INFO - current rateReachGoal: 0
2025-12-12 23:53:06,965 - PaperAgentLogger - DEBUG - New map
2025-12-12 23:53:07,467 - PaperAgentLogger - INFO - ################## PaperArchitecture_map20x20_rho1_10Agent/K3_HS0/1765556206 - End of loop ##################  
 ####### Case273 	 Computation time:0.502112627029419 	 Step17/32	- AllReachGoal-True

2025-12-12 23:53:07,468 - PaperAgentLogger - INFO - current rateReachGoal: 0
2025-12-12 23:53:07,485 - PaperAgentLogger - DEBUG - New map
2025-12-12 23:53:09,088 - PaperAgentLogger - INFO - ################## PaperArchitecture_map20x20_rho1_10Agent/K3_HS0/1765556206 - End of loop ##################  
 ####### Case274 	 Computation time:1.6016948223114014 	 Step56/56	- AllReachGoal-False

2025-12-12 23:53:09,088 - PaperAgentLogger - INFO - current rateReachGoal: 0
2025-12-12 23:53:09,109 - PaperAgentLogger - DEBUG - New map
2025-12-12 23:53:11,102 - PaperAgentLogger - INFO - ################## PaperArchitecture_map20x20_rho1_10Agent/K3_HS0/1765556206 - End of loop ##################  
 ####### Case275 	 Computation time:1.992677927017212 	 Step64/64	- AllReachGoal-False

2025-12-12 23:53:11,103 - PaperAgentLogger - INFO - current rateReachGoal: 0
2025-12-12 23:53:11,122 - PaperAgentLogger - DEBUG - New map
2025-12-12 23:53:12,383 - PaperAgentLogger - INFO - ################## PaperArchitecture_map20x20_rho1_10Agent/K3_HS0/1765556206 - End of loop ##################  
 ####### Case276 	 Computation time:1.2600595951080322 	 Step42/62	- AllReachGoal-True

2025-12-12 23:53:12,384 - PaperAgentLogger - INFO - current rateReachGoal: 0
2025-12-12 23:53:12,400 - PaperAgentLogger - DEBUG - New map
2025-12-12 23:53:13,116 - PaperAgentLogger - INFO - ################## PaperArchitecture_map20x20_rho1_10Agent/K3_HS0/1765556206 - End of loop ##################  
 ####### Case277 	 Computation time:0.7145950794219971 	 Step25/50	- AllReachGoal-True

2025-12-12 23:53:13,116 - PaperAgentLogger - INFO - current rateReachGoal: 0
2025-12-12 23:53:13,133 - PaperAgentLogger - DEBUG - New map
2025-12-12 23:53:13,947 - PaperAgentLogger - INFO - ################## PaperArchitecture_map20x20_rho1_10Agent/K3_HS0/1765556206 - End of loop ##################  
 ####### Case278 	 Computation time:0.8140554428100586 	 Step28/50	- AllReachGoal-True

2025-12-12 23:53:13,948 - PaperAgentLogger - INFO - current rateReachGoal: 0
2025-12-12 23:53:13,964 - PaperAgentLogger - DEBUG - New map
2025-12-12 23:53:15,241 - PaperAgentLogger - INFO - ################## PaperArchitecture_map20x20_rho1_10Agent/K3_HS0/1765556206 - End of loop ##################  
 ####### Case279 	 Computation time:1.2765109539031982 	 Step45/46	- AllReachGoal-True

2025-12-12 23:53:15,242 - PaperAgentLogger - INFO - current rateReachGoal: 0
2025-12-12 23:53:15,258 - PaperAgentLogger - DEBUG - New map
2025-12-12 23:53:16,749 - PaperAgentLogger - INFO - ################## PaperArchitecture_map20x20_rho1_10Agent/K3_HS0/1765556206 - End of loop ##################  
 ####### Case280 	 Computation time:1.4899685382843018 	 Step48/48	- AllReachGoal-False

2025-12-12 23:53:16,749 - PaperAgentLogger - INFO - current rateReachGoal: 0
2025-12-12 23:53:16,766 - PaperAgentLogger - DEBUG - New map
2025-12-12 23:53:18,352 - PaperAgentLogger - INFO - ################## PaperArchitecture_map20x20_rho1_10Agent/K3_HS0/1765556206 - End of loop ##################  
 ####### Case281 	 Computation time:1.585766315460205 	 Step50/50	- AllReachGoal-False

2025-12-12 23:53:18,353 - PaperAgentLogger - INFO - current rateReachGoal: 0
2025-12-12 23:53:18,369 - PaperAgentLogger - DEBUG - New map
2025-12-12 23:53:19,170 - PaperAgentLogger - INFO - ################## PaperArchitecture_map20x20_rho1_10Agent/K3_HS0/1765556206 - End of loop ##################  
 ####### Case282 	 Computation time:0.8004043102264404 	 Step25/50	- AllReachGoal-True

2025-12-12 23:53:19,171 - PaperAgentLogger - INFO - current rateReachGoal: 0
2025-12-12 23:53:19,188 - PaperAgentLogger - DEBUG - New map
2025-12-12 23:53:20,829 - PaperAgentLogger - INFO - ################## PaperArchitecture_map20x20_rho1_10Agent/K3_HS0/1765556206 - End of loop ##################  
 ####### Case283 	 Computation time:1.640639066696167 	 Step52/52	- AllReachGoal-False

2025-12-12 23:53:20,830 - PaperAgentLogger - INFO - current rateReachGoal: 0
2025-12-12 23:53:20,847 - PaperAgentLogger - DEBUG - New map
2025-12-12 23:53:21,770 - PaperAgentLogger - INFO - ################## PaperArchitecture_map20x20_rho1_10Agent/K3_HS0/1765556206 - End of loop ##################  
 ####### Case284 	 Computation time:0.9222948551177979 	 Step32/50	- AllReachGoal-True

2025-12-12 23:53:21,772 - PaperAgentLogger - INFO - current rateReachGoal: 0
2025-12-12 23:53:21,789 - PaperAgentLogger - DEBUG - New map
2025-12-12 23:53:22,687 - PaperAgentLogger - INFO - ################## PaperArchitecture_map20x20_rho1_10Agent/K3_HS0/1765556206 - End of loop ##################  
 ####### Case285 	 Computation time:0.89788818359375 	 Step28/46	- AllReachGoal-True

2025-12-12 23:53:22,688 - PaperAgentLogger - INFO - current rateReachGoal: 0
2025-12-12 23:53:22,707 - PaperAgentLogger - DEBUG - New map
2025-12-12 23:53:24,431 - PaperAgentLogger - INFO - ################## PaperArchitecture_map20x20_rho1_10Agent/K3_HS0/1765556206 - End of loop ##################  
 ####### Case286 	 Computation time:1.7232208251953125 	 Step54/54	- AllReachGoal-False

2025-12-12 23:53:24,431 - PaperAgentLogger - INFO - current rateReachGoal: 0
2025-12-12 23:53:24,450 - PaperAgentLogger - DEBUG - New map
2025-12-12 23:53:25,359 - PaperAgentLogger - INFO - ################## PaperArchitecture_map20x20_rho1_10Agent/K3_HS0/1765556206 - End of loop ##################  
 ####### Case287 	 Computation time:0.9088385105133057 	 Step29/58	- AllReachGoal-True

2025-12-12 23:53:25,360 - PaperAgentLogger - INFO - current rateReachGoal: 0
2025-12-12 23:53:25,377 - PaperAgentLogger - DEBUG - New map
2025-12-12 23:53:26,242 - PaperAgentLogger - INFO - ################## PaperArchitecture_map20x20_rho1_10Agent/K3_HS0/1765556206 - End of loop ##################  
 ####### Case288 	 Computation time:0.864971399307251 	 Step30/50	- AllReachGoal-True

2025-12-12 23:53:26,243 - PaperAgentLogger - INFO - current rateReachGoal: 0
2025-12-12 23:53:26,258 - PaperAgentLogger - DEBUG - New map
2025-12-12 23:53:26,903 - PaperAgentLogger - INFO - ################## PaperArchitecture_map20x20_rho1_10Agent/K3_HS0/1765556206 - End of loop ##################  
 ####### Case289 	 Computation time:0.6449215412139893 	 Step20/40	- AllReachGoal-True

2025-12-12 23:53:26,905 - PaperAgentLogger - INFO - current rateReachGoal: 0
2025-12-12 23:53:26,923 - PaperAgentLogger - DEBUG - New map
2025-12-12 23:53:27,792 - PaperAgentLogger - INFO - ################## PaperArchitecture_map20x20_rho1_10Agent/K3_HS0/1765556206 - End of loop ##################  
 ####### Case290 	 Computation time:0.8679168224334717 	 Step27/54	- AllReachGoal-True

2025-12-12 23:53:27,793 - PaperAgentLogger - INFO - current rateReachGoal: 0
2025-12-12 23:53:27,811 - PaperAgentLogger - DEBUG - New map
2025-12-12 23:53:29,629 - PaperAgentLogger - INFO - ################## PaperArchitecture_map20x20_rho1_10Agent/K3_HS0/1765556206 - End of loop ##################  
 ####### Case291 	 Computation time:1.817216157913208 	 Step60/60	- AllReachGoal-False

2025-12-12 23:53:29,630 - PaperAgentLogger - INFO - current rateReachGoal: 0
2025-12-12 23:53:29,646 - PaperAgentLogger - DEBUG - New map
2025-12-12 23:53:30,270 - PaperAgentLogger - INFO - ################## PaperArchitecture_map20x20_rho1_10Agent/K3_HS0/1765556206 - End of loop ##################  
 ####### Case292 	 Computation time:0.6225886344909668 	 Step20/40	- AllReachGoal-True

2025-12-12 23:53:30,270 - PaperAgentLogger - INFO - current rateReachGoal: 0
2025-12-12 23:53:30,290 - PaperAgentLogger - DEBUG - New map
2025-12-12 23:53:31,328 - PaperAgentLogger - INFO - ################## PaperArchitecture_map20x20_rho1_10Agent/K3_HS0/1765556206 - End of loop ##################  
 ####### Case293 	 Computation time:1.0372443199157715 	 Step35/70	- AllReachGoal-True

2025-12-12 23:53:31,329 - PaperAgentLogger - INFO - current rateReachGoal: 0
2025-12-12 23:53:31,347 - PaperAgentLogger - DEBUG - New map
2025-12-12 23:53:33,119 - PaperAgentLogger - INFO - ################## PaperArchitecture_map20x20_rho1_10Agent/K3_HS0/1765556206 - End of loop ##################  
 ####### Case294 	 Computation time:1.7708871364593506 	 Step58/58	- AllReachGoal-False

2025-12-12 23:53:33,119 - PaperAgentLogger - INFO - current rateReachGoal: 0
2025-12-12 23:53:33,139 - PaperAgentLogger - DEBUG - New map
2025-12-12 23:53:34,813 - PaperAgentLogger - INFO - ################## PaperArchitecture_map20x20_rho1_10Agent/K3_HS0/1765556206 - End of loop ##################  
 ####### Case295 	 Computation time:1.6733307838439941 	 Step58/58	- AllReachGoal-False

2025-12-12 23:53:34,814 - PaperAgentLogger - INFO - current rateReachGoal: 0
2025-12-12 23:53:34,833 - PaperAgentLogger - DEBUG - New map
2025-12-12 23:53:35,676 - PaperAgentLogger - INFO - ################## PaperArchitecture_map20x20_rho1_10Agent/K3_HS0/1765556206 - End of loop ##################  
 ####### Case296 	 Computation time:0.8420999050140381 	 Step28/56	- AllReachGoal-True

2025-12-12 23:53:35,676 - PaperAgentLogger - INFO - current rateReachGoal: 0
2025-12-12 23:53:35,695 - PaperAgentLogger - DEBUG - New map
2025-12-12 23:53:37,319 - PaperAgentLogger - INFO - ################## PaperArchitecture_map20x20_rho1_10Agent/K3_HS0/1765556206 - End of loop ##################  
 ####### Case297 	 Computation time:1.623741626739502 	 Step52/52	- AllReachGoal-False

2025-12-12 23:53:37,320 - PaperAgentLogger - INFO - current rateReachGoal: 0
2025-12-12 23:53:37,338 - PaperAgentLogger - DEBUG - New map
2025-12-12 23:53:38,196 - PaperAgentLogger - INFO - ################## PaperArchitecture_map20x20_rho1_10Agent/K3_HS0/1765556206 - End of loop ##################  
 ####### Case298 	 Computation time:0.8572342395782471 	 Step30/60	- AllReachGoal-True

2025-12-12 23:53:38,198 - PaperAgentLogger - INFO - current rateReachGoal: 0
2025-12-12 23:53:38,215 - PaperAgentLogger - DEBUG - New map
2025-12-12 23:53:39,240 - PaperAgentLogger - INFO - ################## PaperArchitecture_map20x20_rho1_10Agent/K3_HS0/1765556206 - End of loop ##################  
 ####### Case299 	 Computation time:1.0244996547698975 	 Step32/46	- AllReachGoal-True

2025-12-12 23:53:39,241 - PaperAgentLogger - INFO - current rateReachGoal: 0
2025-12-12 23:53:39,259 - PaperAgentLogger - DEBUG - New map
2025-12-12 23:53:40,781 - PaperAgentLogger - INFO - ################## PaperArchitecture_map20x20_rho1_10Agent/K3_HS0/1765556206 - End of loop ##################  
 ####### Case300 	 Computation time:1.5209376811981201 	 Step52/56	- AllReachGoal-True

2025-12-12 23:53:40,782 - PaperAgentLogger - INFO - current rateReachGoal: 0
2025-12-12 23:53:40,801 - PaperAgentLogger - DEBUG - New map
2025-12-12 23:53:41,890 - PaperAgentLogger - INFO - ################## PaperArchitecture_map20x20_rho1_10Agent/K3_HS0/1765556206 - End of loop ##################  
 ####### Case301 	 Computation time:1.0883493423461914 	 Step38/66	- AllReachGoal-True

2025-12-12 23:53:41,891 - PaperAgentLogger - INFO - current rateReachGoal: 0
2025-12-12 23:53:41,909 - PaperAgentLogger - DEBUG - New map
2025-12-12 23:53:42,779 - PaperAgentLogger - INFO - ################## PaperArchitecture_map20x20_rho1_10Agent/K3_HS0/1765556206 - End of loop ##################  
 ####### Case302 	 Computation time:0.8701772689819336 	 Step30/56	- AllReachGoal-True

2025-12-12 23:53:42,780 - PaperAgentLogger - INFO - current rateReachGoal: 0
2025-12-12 23:53:42,798 - PaperAgentLogger - DEBUG - New map
2025-12-12 23:53:44,346 - PaperAgentLogger - INFO - ################## PaperArchitecture_map20x20_rho1_10Agent/K3_HS0/1765556206 - End of loop ##################  
 ####### Case303 	 Computation time:1.5476458072662354 	 Step54/54	- AllReachGoal-False

2025-12-12 23:53:44,347 - PaperAgentLogger - INFO - current rateReachGoal: 0
2025-12-12 23:53:44,363 - PaperAgentLogger - DEBUG - New map
2025-12-12 23:53:44,982 - PaperAgentLogger - INFO - ################## PaperArchitecture_map20x20_rho1_10Agent/K3_HS0/1765556206 - End of loop ##################  
 ####### Case304 	 Computation time:0.6183168888092041 	 Step21/42	- AllReachGoal-True

2025-12-12 23:53:44,982 - PaperAgentLogger - INFO - current rateReachGoal: 0
2025-12-12 23:53:45,002 - PaperAgentLogger - DEBUG - New map
2025-12-12 23:53:46,780 - PaperAgentLogger - INFO - ################## PaperArchitecture_map20x20_rho1_10Agent/K3_HS0/1765556206 - End of loop ##################  
 ####### Case305 	 Computation time:1.7771978378295898 	 Step62/62	- AllReachGoal-False

2025-12-12 23:53:46,781 - PaperAgentLogger - INFO - current rateReachGoal: 0
2025-12-12 23:53:46,796 - PaperAgentLogger - DEBUG - New map
2025-12-12 23:53:47,445 - PaperAgentLogger - INFO - ################## PaperArchitecture_map20x20_rho1_10Agent/K3_HS0/1765556206 - End of loop ##################  
 ####### Case306 	 Computation time:0.6482503414154053 	 Step20/38	- AllReachGoal-True

2025-12-12 23:53:47,446 - PaperAgentLogger - INFO - current rateReachGoal: 0
2025-12-12 23:53:47,465 - PaperAgentLogger - DEBUG - New map
2025-12-12 23:53:48,350 - PaperAgentLogger - INFO - ################## PaperArchitecture_map20x20_rho1_10Agent/K3_HS0/1765556206 - End of loop ##################  
 ####### Case307 	 Computation time:0.8837602138519287 	 Step30/58	- AllReachGoal-True

2025-12-12 23:53:48,350 - PaperAgentLogger - INFO - current rateReachGoal: 0
2025-12-12 23:53:48,368 - PaperAgentLogger - DEBUG - New map
2025-12-12 23:53:50,120 - PaperAgentLogger - INFO - ################## PaperArchitecture_map20x20_rho1_10Agent/K3_HS0/1765556206 - End of loop ##################  
 ####### Case308 	 Computation time:1.751833438873291 	 Step56/56	- AllReachGoal-False

2025-12-12 23:53:50,122 - PaperAgentLogger - INFO - current rateReachGoal: 0
2025-12-12 23:53:50,138 - PaperAgentLogger - DEBUG - New map
2025-12-12 23:53:51,458 - PaperAgentLogger - INFO - ################## PaperArchitecture_map20x20_rho1_10Agent/K3_HS0/1765556206 - End of loop ##################  
 ####### Case309 	 Computation time:1.3191907405853271 	 Step46/46	- AllReachGoal-False

2025-12-12 23:53:51,459 - PaperAgentLogger - INFO - current rateReachGoal: 0
2025-12-12 23:53:51,476 - PaperAgentLogger - DEBUG - New map
2025-12-12 23:53:53,091 - PaperAgentLogger - INFO - ################## PaperArchitecture_map20x20_rho1_10Agent/K3_HS0/1765556206 - End of loop ##################  
 ####### Case310 	 Computation time:1.6139304637908936 	 Step56/56	- AllReachGoal-False

2025-12-12 23:53:53,091 - PaperAgentLogger - INFO - current rateReachGoal: 0
2025-12-12 23:53:53,109 - PaperAgentLogger - DEBUG - New map
2025-12-12 23:53:54,596 - PaperAgentLogger - INFO - ################## PaperArchitecture_map20x20_rho1_10Agent/K3_HS0/1765556206 - End of loop ##################  
 ####### Case311 	 Computation time:1.486628770828247 	 Step52/52	- AllReachGoal-False

2025-12-12 23:53:54,597 - PaperAgentLogger - INFO - current rateReachGoal: 0
2025-12-12 23:53:54,614 - PaperAgentLogger - DEBUG - New map
2025-12-12 23:53:55,393 - PaperAgentLogger - INFO - ################## PaperArchitecture_map20x20_rho1_10Agent/K3_HS0/1765556206 - End of loop ##################  
 ####### Case312 	 Computation time:0.7786309719085693 	 Step27/50	- AllReachGoal-True

2025-12-12 23:53:55,394 - PaperAgentLogger - INFO - current rateReachGoal: 0
2025-12-12 23:53:55,413 - PaperAgentLogger - DEBUG - New map
2025-12-12 23:53:57,185 - PaperAgentLogger - INFO - ################## PaperArchitecture_map20x20_rho1_10Agent/K3_HS0/1765556206 - End of loop ##################  
 ####### Case313 	 Computation time:1.7710978984832764 	 Step62/62	- AllReachGoal-False

2025-12-12 23:53:57,186 - PaperAgentLogger - INFO - current rateReachGoal: 0
2025-12-12 23:53:57,203 - PaperAgentLogger - DEBUG - New map
2025-12-12 23:53:58,727 - PaperAgentLogger - INFO - ################## PaperArchitecture_map20x20_rho1_10Agent/K3_HS0/1765556206 - End of loop ##################  
 ####### Case314 	 Computation time:1.5233516693115234 	 Step52/52	- AllReachGoal-False

2025-12-12 23:53:58,727 - PaperAgentLogger - INFO - current rateReachGoal: 0
2025-12-12 23:53:58,745 - PaperAgentLogger - DEBUG - New map
2025-12-12 23:53:59,789 - PaperAgentLogger - INFO - ################## PaperArchitecture_map20x20_rho1_10Agent/K3_HS0/1765556206 - End of loop ##################  
 ####### Case315 	 Computation time:1.0439262390136719 	 Step36/54	- AllReachGoal-True

2025-12-12 23:53:59,790 - PaperAgentLogger - INFO - current rateReachGoal: 0
2025-12-12 23:53:59,806 - PaperAgentLogger - DEBUG - New map
2025-12-12 23:54:01,185 - PaperAgentLogger - INFO - ################## PaperArchitecture_map20x20_rho1_10Agent/K3_HS0/1765556206 - End of loop ##################  
 ####### Case316 	 Computation time:1.378004789352417 	 Step48/48	- AllReachGoal-False

2025-12-12 23:54:01,187 - PaperAgentLogger - INFO - current rateReachGoal: 0
2025-12-12 23:54:01,206 - PaperAgentLogger - DEBUG - New map
2025-12-12 23:54:02,075 - PaperAgentLogger - INFO - ################## PaperArchitecture_map20x20_rho1_10Agent/K3_HS0/1765556206 - End of loop ##################  
 ####### Case317 	 Computation time:0.8687930107116699 	 Step29/54	- AllReachGoal-True

2025-12-12 23:54:02,076 - PaperAgentLogger - INFO - current rateReachGoal: 0
2025-12-12 23:54:02,095 - PaperAgentLogger - DEBUG - New map
2025-12-12 23:54:02,999 - PaperAgentLogger - INFO - ################## PaperArchitecture_map20x20_rho1_10Agent/K3_HS0/1765556206 - End of loop ##################  
 ####### Case318 	 Computation time:0.9034507274627686 	 Step28/56	- AllReachGoal-True

2025-12-12 23:54:02,999 - PaperAgentLogger - INFO - current rateReachGoal: 0
2025-12-12 23:54:03,018 - PaperAgentLogger - DEBUG - New map
2025-12-12 23:54:03,983 - PaperAgentLogger - INFO - ################## PaperArchitecture_map20x20_rho1_10Agent/K3_HS0/1765556206 - End of loop ##################  
 ####### Case319 	 Computation time:0.964402437210083 	 Step30/60	- AllReachGoal-True

2025-12-12 23:54:03,984 - PaperAgentLogger - INFO - current rateReachGoal: 0
2025-12-12 23:54:04,002 - PaperAgentLogger - DEBUG - New map
2025-12-12 23:54:04,843 - PaperAgentLogger - INFO - ################## PaperArchitecture_map20x20_rho1_10Agent/K3_HS0/1765556206 - End of loop ##################  
 ####### Case320 	 Computation time:0.8412399291992188 	 Step27/54	- AllReachGoal-True

2025-12-12 23:54:04,844 - PaperAgentLogger - INFO - current rateReachGoal: 0
2025-12-12 23:54:04,862 - PaperAgentLogger - DEBUG - New map
2025-12-12 23:54:06,486 - PaperAgentLogger - INFO - ################## PaperArchitecture_map20x20_rho1_10Agent/K3_HS0/1765556206 - End of loop ##################  
 ####### Case321 	 Computation time:1.6235885620117188 	 Step54/54	- AllReachGoal-False

2025-12-12 23:54:06,486 - PaperAgentLogger - INFO - current rateReachGoal: 0
2025-12-12 23:54:06,503 - PaperAgentLogger - DEBUG - New map
2025-12-12 23:54:07,257 - PaperAgentLogger - INFO - ################## PaperArchitecture_map20x20_rho1_10Agent/K3_HS0/1765556206 - End of loop ##################  
 ####### Case322 	 Computation time:0.7538514137268066 	 Step26/50	- AllReachGoal-True

2025-12-12 23:54:07,258 - PaperAgentLogger - INFO - current rateReachGoal: 0
2025-12-12 23:54:07,276 - PaperAgentLogger - DEBUG - New map
2025-12-12 23:54:08,548 - PaperAgentLogger - INFO - ################## PaperArchitecture_map20x20_rho1_10Agent/K3_HS0/1765556206 - End of loop ##################  
 ####### Case323 	 Computation time:1.271131992340088 	 Step44/44	- AllReachGoal-False

2025-12-12 23:54:08,549 - PaperAgentLogger - INFO - current rateReachGoal: 0
2025-12-12 23:54:08,568 - PaperAgentLogger - DEBUG - New map
2025-12-12 23:54:09,532 - PaperAgentLogger - INFO - ################## PaperArchitecture_map20x20_rho1_10Agent/K3_HS0/1765556206 - End of loop ##################  
 ####### Case324 	 Computation time:0.9642088413238525 	 Step31/58	- AllReachGoal-True

2025-12-12 23:54:09,533 - PaperAgentLogger - INFO - current rateReachGoal: 0
2025-12-12 23:54:09,552 - PaperAgentLogger - DEBUG - New map
2025-12-12 23:54:10,917 - PaperAgentLogger - INFO - ################## PaperArchitecture_map20x20_rho1_10Agent/K3_HS0/1765556206 - End of loop ##################  
 ####### Case325 	 Computation time:1.3643381595611572 	 Step44/62	- AllReachGoal-True

2025-12-12 23:54:10,918 - PaperAgentLogger - INFO - current rateReachGoal: 0
2025-12-12 23:54:10,938 - PaperAgentLogger - DEBUG - New map
2025-12-12 23:54:11,803 - PaperAgentLogger - INFO - ################## PaperArchitecture_map20x20_rho1_10Agent/K3_HS0/1765556206 - End of loop ##################  
 ####### Case326 	 Computation time:0.8651127815246582 	 Step28/44	- AllReachGoal-True

2025-12-12 23:54:11,806 - PaperAgentLogger - INFO - current rateReachGoal: 0
2025-12-12 23:54:11,823 - PaperAgentLogger - DEBUG - New map
2025-12-12 23:54:12,544 - PaperAgentLogger - INFO - ################## PaperArchitecture_map20x20_rho1_10Agent/K3_HS0/1765556206 - End of loop ##################  
 ####### Case327 	 Computation time:0.7204141616821289 	 Step25/50	- AllReachGoal-True

2025-12-12 23:54:12,544 - PaperAgentLogger - INFO - current rateReachGoal: 0
2025-12-12 23:54:12,562 - PaperAgentLogger - DEBUG - New map
2025-12-12 23:54:13,285 - PaperAgentLogger - INFO - ################## PaperArchitecture_map20x20_rho1_10Agent/K3_HS0/1765556206 - End of loop ##################  
 ####### Case328 	 Computation time:0.7227771282196045 	 Step25/50	- AllReachGoal-True

2025-12-12 23:54:13,286 - PaperAgentLogger - INFO - current rateReachGoal: 0
2025-12-12 23:54:13,303 - PaperAgentLogger - DEBUG - New map
2025-12-12 23:54:14,015 - PaperAgentLogger - INFO - ################## PaperArchitecture_map20x20_rho1_10Agent/K3_HS0/1765556206 - End of loop ##################  
 ####### Case329 	 Computation time:0.7121129035949707 	 Step24/48	- AllReachGoal-True

2025-12-12 23:54:14,016 - PaperAgentLogger - INFO - current rateReachGoal: 0
2025-12-12 23:54:14,035 - PaperAgentLogger - DEBUG - New map
2025-12-12 23:54:14,873 - PaperAgentLogger - INFO - ################## PaperArchitecture_map20x20_rho1_10Agent/K3_HS0/1765556206 - End of loop ##################  
 ####### Case330 	 Computation time:0.836862325668335 	 Step29/58	- AllReachGoal-True

2025-12-12 23:54:14,873 - PaperAgentLogger - INFO - current rateReachGoal: 0
2025-12-12 23:54:14,889 - PaperAgentLogger - DEBUG - New map
2025-12-12 23:54:15,613 - PaperAgentLogger - INFO - ################## PaperArchitecture_map20x20_rho1_10Agent/K3_HS0/1765556206 - End of loop ##################  
 ####### Case331 	 Computation time:0.7238471508026123 	 Step25/44	- AllReachGoal-True

2025-12-12 23:54:15,614 - PaperAgentLogger - INFO - current rateReachGoal: 0
2025-12-12 23:54:15,633 - PaperAgentLogger - DEBUG - New map
2025-12-12 23:54:17,295 - PaperAgentLogger - INFO - ################## PaperArchitecture_map20x20_rho1_10Agent/K3_HS0/1765556206 - End of loop ##################  
 ####### Case332 	 Computation time:1.6609251499176025 	 Step58/58	- AllReachGoal-False

2025-12-12 23:54:17,297 - PaperAgentLogger - INFO - current rateReachGoal: 0
2025-12-12 23:54:17,315 - PaperAgentLogger - DEBUG - New map
2025-12-12 23:54:18,180 - PaperAgentLogger - INFO - ################## PaperArchitecture_map20x20_rho1_10Agent/K3_HS0/1765556206 - End of loop ##################  
 ####### Case333 	 Computation time:0.8651845455169678 	 Step30/56	- AllReachGoal-True

2025-12-12 23:54:18,181 - PaperAgentLogger - INFO - current rateReachGoal: 0
2025-12-12 23:54:18,201 - PaperAgentLogger - DEBUG - New map
2025-12-12 23:54:19,085 - PaperAgentLogger - INFO - ################## PaperArchitecture_map20x20_rho1_10Agent/K3_HS0/1765556206 - End of loop ##################  
 ####### Case334 	 Computation time:0.8829607963562012 	 Step29/58	- AllReachGoal-True

2025-12-12 23:54:19,086 - PaperAgentLogger - INFO - current rateReachGoal: 0
2025-12-12 23:54:19,104 - PaperAgentLogger - DEBUG - New map
2025-12-12 23:54:20,099 - PaperAgentLogger - INFO - ################## PaperArchitecture_map20x20_rho1_10Agent/K3_HS0/1765556206 - End of loop ##################  
 ####### Case335 	 Computation time:0.9947707653045654 	 Step34/56	- AllReachGoal-True

2025-12-12 23:54:20,100 - PaperAgentLogger - INFO - current rateReachGoal: 0
2025-12-12 23:54:20,119 - PaperAgentLogger - DEBUG - New map
2025-12-12 23:54:21,071 - PaperAgentLogger - INFO - ################## PaperArchitecture_map20x20_rho1_10Agent/K3_HS0/1765556206 - End of loop ##################  
 ####### Case336 	 Computation time:0.9514143466949463 	 Step33/58	- AllReachGoal-True

2025-12-12 23:54:21,071 - PaperAgentLogger - INFO - current rateReachGoal: 0
2025-12-12 23:54:21,087 - PaperAgentLogger - DEBUG - New map
2025-12-12 23:54:21,940 - PaperAgentLogger - INFO - ################## PaperArchitecture_map20x20_rho1_10Agent/K3_HS0/1765556206 - End of loop ##################  
 ####### Case337 	 Computation time:0.852301836013794 	 Step28/46	- AllReachGoal-True

2025-12-12 23:54:21,941 - PaperAgentLogger - INFO - current rateReachGoal: 0
2025-12-12 23:54:21,958 - PaperAgentLogger - DEBUG - New map
2025-12-12 23:54:22,656 - PaperAgentLogger - INFO - ################## PaperArchitecture_map20x20_rho1_10Agent/K3_HS0/1765556206 - End of loop ##################  
 ####### Case338 	 Computation time:0.6975317001342773 	 Step24/48	- AllReachGoal-True

2025-12-12 23:54:22,657 - PaperAgentLogger - INFO - current rateReachGoal: 0
2025-12-12 23:54:22,676 - PaperAgentLogger - DEBUG - New map
2025-12-12 23:54:23,517 - PaperAgentLogger - INFO - ################## PaperArchitecture_map20x20_rho1_10Agent/K3_HS0/1765556206 - End of loop ##################  
 ####### Case339 	 Computation time:0.8399102687835693 	 Step29/58	- AllReachGoal-True

2025-12-12 23:54:23,517 - PaperAgentLogger - INFO - current rateReachGoal: 0
2025-12-12 23:54:23,533 - PaperAgentLogger - DEBUG - New map
2025-12-12 23:54:24,169 - PaperAgentLogger - INFO - ################## PaperArchitecture_map20x20_rho1_10Agent/K3_HS0/1765556206 - End of loop ##################  
 ####### Case340 	 Computation time:0.6351871490478516 	 Step22/44	- AllReachGoal-True

2025-12-12 23:54:24,170 - PaperAgentLogger - INFO - current rateReachGoal: 0
2025-12-12 23:54:24,189 - PaperAgentLogger - DEBUG - New map
2025-12-12 23:54:25,828 - PaperAgentLogger - INFO - ################## PaperArchitecture_map20x20_rho1_10Agent/K3_HS0/1765556206 - End of loop ##################  
 ####### Case341 	 Computation time:1.6377220153808594 	 Step56/56	- AllReachGoal-False

2025-12-12 23:54:25,828 - PaperAgentLogger - INFO - current rateReachGoal: 0
2025-12-12 23:54:25,844 - PaperAgentLogger - DEBUG - New map
2025-12-12 23:54:27,261 - PaperAgentLogger - INFO - ################## PaperArchitecture_map20x20_rho1_10Agent/K3_HS0/1765556206 - End of loop ##################  
 ####### Case342 	 Computation time:1.4164035320281982 	 Step48/48	- AllReachGoal-False

2025-12-12 23:54:27,262 - PaperAgentLogger - INFO - current rateReachGoal: 0
2025-12-12 23:54:27,280 - PaperAgentLogger - DEBUG - New map
2025-12-12 23:54:28,099 - PaperAgentLogger - INFO - ################## PaperArchitecture_map20x20_rho1_10Agent/K3_HS0/1765556206 - End of loop ##################  
 ####### Case343 	 Computation time:0.8188092708587646 	 Step27/50	- AllReachGoal-True

2025-12-12 23:54:28,101 - PaperAgentLogger - INFO - current rateReachGoal: 0
2025-12-12 23:54:28,118 - PaperAgentLogger - DEBUG - New map
2025-12-12 23:54:29,610 - PaperAgentLogger - INFO - ################## PaperArchitecture_map20x20_rho1_10Agent/K3_HS0/1765556206 - End of loop ##################  
 ####### Case344 	 Computation time:1.4918193817138672 	 Step52/52	- AllReachGoal-False

2025-12-12 23:54:29,611 - PaperAgentLogger - INFO - current rateReachGoal: 0
2025-12-12 23:54:29,628 - PaperAgentLogger - DEBUG - New map
2025-12-12 23:54:31,126 - PaperAgentLogger - INFO - ################## PaperArchitecture_map20x20_rho1_10Agent/K3_HS0/1765556206 - End of loop ##################  
 ####### Case345 	 Computation time:1.4974641799926758 	 Step52/52	- AllReachGoal-False

2025-12-12 23:54:31,126 - PaperAgentLogger - INFO - current rateReachGoal: 0
2025-12-12 23:54:31,144 - PaperAgentLogger - DEBUG - New map
2025-12-12 23:54:32,714 - PaperAgentLogger - INFO - ################## PaperArchitecture_map20x20_rho1_10Agent/K3_HS0/1765556206 - End of loop ##################  
 ####### Case346 	 Computation time:1.5697605609893799 	 Step50/50	- AllReachGoal-False

2025-12-12 23:54:32,715 - PaperAgentLogger - INFO - current rateReachGoal: 0
2025-12-12 23:54:32,733 - PaperAgentLogger - DEBUG - New map
2025-12-12 23:54:33,914 - PaperAgentLogger - INFO - ################## PaperArchitecture_map20x20_rho1_10Agent/K3_HS0/1765556206 - End of loop ##################  
 ####### Case347 	 Computation time:1.1811113357543945 	 Step38/52	- AllReachGoal-True

2025-12-12 23:54:33,915 - PaperAgentLogger - INFO - current rateReachGoal: 0
2025-12-12 23:54:33,931 - PaperAgentLogger - DEBUG - New map
2025-12-12 23:54:34,941 - PaperAgentLogger - INFO - ################## PaperArchitecture_map20x20_rho1_10Agent/K3_HS0/1765556206 - End of loop ##################  
 ####### Case348 	 Computation time:1.009645938873291 	 Step33/50	- AllReachGoal-True

2025-12-12 23:54:34,942 - PaperAgentLogger - INFO - current rateReachGoal: 0
2025-12-12 23:54:34,961 - PaperAgentLogger - DEBUG - New map
2025-12-12 23:54:36,692 - PaperAgentLogger - INFO - ################## PaperArchitecture_map20x20_rho1_10Agent/K3_HS0/1765556206 - End of loop ##################  
 ####### Case349 	 Computation time:1.730893611907959 	 Step54/54	- AllReachGoal-False

2025-12-12 23:54:36,693 - PaperAgentLogger - INFO - current rateReachGoal: 0
2025-12-12 23:54:36,713 - PaperAgentLogger - DEBUG - New map
2025-12-12 23:54:38,952 - PaperAgentLogger - INFO - ################## PaperArchitecture_map20x20_rho1_10Agent/K3_HS0/1765556206 - End of loop ##################  
 ####### Case350 	 Computation time:2.2382569313049316 	 Step68/68	- AllReachGoal-False

2025-12-12 23:54:38,974 - PaperAgentLogger - INFO - current rateReachGoal: 0
2025-12-12 23:54:38,992 - PaperAgentLogger - DEBUG - New map
2025-12-12 23:54:40,558 - PaperAgentLogger - INFO - ################## PaperArchitecture_map20x20_rho1_10Agent/K3_HS0/1765556206 - End of loop ##################  
 ####### Case351 	 Computation time:1.5650115013122559 	 Step48/48	- AllReachGoal-False

2025-12-12 23:54:40,558 - PaperAgentLogger - INFO - current rateReachGoal: 0
2025-12-12 23:54:40,576 - PaperAgentLogger - DEBUG - New map
2025-12-12 23:54:42,277 - PaperAgentLogger - INFO - ################## PaperArchitecture_map20x20_rho1_10Agent/K3_HS0/1765556206 - End of loop ##################  
 ####### Case352 	 Computation time:1.700507402420044 	 Step54/54	- AllReachGoal-False

2025-12-12 23:54:42,278 - PaperAgentLogger - INFO - current rateReachGoal: 0
2025-12-12 23:54:42,296 - PaperAgentLogger - DEBUG - New map
2025-12-12 23:54:43,153 - PaperAgentLogger - INFO - ################## PaperArchitecture_map20x20_rho1_10Agent/K3_HS0/1765556206 - End of loop ##################  
 ####### Case353 	 Computation time:0.8562772274017334 	 Step26/52	- AllReachGoal-True

2025-12-12 23:54:43,153 - PaperAgentLogger - INFO - current rateReachGoal: 0
2025-12-12 23:54:43,174 - PaperAgentLogger - DEBUG - New map
2025-12-12 23:54:45,428 - PaperAgentLogger - INFO - ################## PaperArchitecture_map20x20_rho1_10Agent/K3_HS0/1765556206 - End of loop ##################  
 ####### Case354 	 Computation time:2.2535057067871094 	 Step70/70	- AllReachGoal-False

2025-12-12 23:54:45,429 - PaperAgentLogger - INFO - current rateReachGoal: 0
2025-12-12 23:54:45,446 - PaperAgentLogger - DEBUG - New map
2025-12-12 23:54:46,320 - PaperAgentLogger - INFO - ################## PaperArchitecture_map20x20_rho1_10Agent/K3_HS0/1765556206 - End of loop ##################  
 ####### Case355 	 Computation time:0.8738763332366943 	 Step28/50	- AllReachGoal-True

2025-12-12 23:54:46,321 - PaperAgentLogger - INFO - current rateReachGoal: 0
2025-12-12 23:54:46,340 - PaperAgentLogger - DEBUG - New map
2025-12-12 23:54:48,472 - PaperAgentLogger - INFO - ################## PaperArchitecture_map20x20_rho1_10Agent/K3_HS0/1765556206 - End of loop ##################  
 ####### Case356 	 Computation time:2.131300687789917 	 Step66/66	- AllReachGoal-False

2025-12-12 23:54:48,473 - PaperAgentLogger - INFO - current rateReachGoal: 0
2025-12-12 23:54:48,491 - PaperAgentLogger - DEBUG - New map
2025-12-12 23:54:49,570 - PaperAgentLogger - INFO - ################## PaperArchitecture_map20x20_rho1_10Agent/K3_HS0/1765556206 - End of loop ##################  
 ####### Case357 	 Computation time:1.0776689052581787 	 Step33/52	- AllReachGoal-True

2025-12-12 23:54:49,570 - PaperAgentLogger - INFO - current rateReachGoal: 0
2025-12-12 23:54:49,588 - PaperAgentLogger - DEBUG - New map
2025-12-12 23:54:51,065 - PaperAgentLogger - INFO - ################## PaperArchitecture_map20x20_rho1_10Agent/K3_HS0/1765556206 - End of loop ##################  
 ####### Case358 	 Computation time:1.476891040802002 	 Step48/48	- AllReachGoal-False

2025-12-12 23:54:51,068 - PaperAgentLogger - INFO - current rateReachGoal: 0
2025-12-12 23:54:51,084 - PaperAgentLogger - DEBUG - New map
2025-12-12 23:54:52,321 - PaperAgentLogger - INFO - ################## PaperArchitecture_map20x20_rho1_10Agent/K3_HS0/1765556206 - End of loop ##################  
 ####### Case359 	 Computation time:1.2364964485168457 	 Step41/42	- AllReachGoal-True

2025-12-12 23:54:52,322 - PaperAgentLogger - INFO - current rateReachGoal: 0
2025-12-12 23:54:52,339 - PaperAgentLogger - DEBUG - New map
2025-12-12 23:54:53,817 - PaperAgentLogger - INFO - ################## PaperArchitecture_map20x20_rho1_10Agent/K3_HS0/1765556206 - End of loop ##################  
 ####### Case360 	 Computation time:1.4767520427703857 	 Step50/50	- AllReachGoal-False

2025-12-12 23:54:53,817 - PaperAgentLogger - INFO - current rateReachGoal: 0
2025-12-12 23:54:53,835 - PaperAgentLogger - DEBUG - New map
2025-12-12 23:54:54,959 - PaperAgentLogger - INFO - ################## PaperArchitecture_map20x20_rho1_10Agent/K3_HS0/1765556206 - End of loop ##################  
 ####### Case361 	 Computation time:1.1231062412261963 	 Step37/52	- AllReachGoal-True

2025-12-12 23:54:54,960 - PaperAgentLogger - INFO - current rateReachGoal: 0
2025-12-12 23:54:54,978 - PaperAgentLogger - DEBUG - New map
2025-12-12 23:54:56,531 - PaperAgentLogger - INFO - ################## PaperArchitecture_map20x20_rho1_10Agent/K3_HS0/1765556206 - End of loop ##################  
 ####### Case362 	 Computation time:1.5519237518310547 	 Step52/52	- AllReachGoal-False

2025-12-12 23:54:56,533 - PaperAgentLogger - INFO - current rateReachGoal: 0
2025-12-12 23:54:56,549 - PaperAgentLogger - DEBUG - New map
2025-12-12 23:54:57,807 - PaperAgentLogger - INFO - ################## PaperArchitecture_map20x20_rho1_10Agent/K3_HS0/1765556206 - End of loop ##################  
 ####### Case363 	 Computation time:1.2572619915008545 	 Step42/42	- AllReachGoal-False

2025-12-12 23:54:57,808 - PaperAgentLogger - INFO - current rateReachGoal: 0
2025-12-12 23:54:57,828 - PaperAgentLogger - DEBUG - New map
2025-12-12 23:54:58,780 - PaperAgentLogger - INFO - ################## PaperArchitecture_map20x20_rho1_10Agent/K3_HS0/1765556206 - End of loop ##################  
 ####### Case364 	 Computation time:0.951998233795166 	 Step32/64	- AllReachGoal-True

2025-12-12 23:54:58,781 - PaperAgentLogger - INFO - current rateReachGoal: 0
2025-12-12 23:54:58,802 - PaperAgentLogger - DEBUG - New map
2025-12-12 23:55:00,705 - PaperAgentLogger - INFO - ################## PaperArchitecture_map20x20_rho1_10Agent/K3_HS0/1765556206 - End of loop ##################  
 ####### Case365 	 Computation time:1.9026613235473633 	 Step64/64	- AllReachGoal-False

2025-12-12 23:55:00,706 - PaperAgentLogger - INFO - current rateReachGoal: 0
2025-12-12 23:55:00,723 - PaperAgentLogger - DEBUG - New map
2025-12-12 23:55:01,921 - PaperAgentLogger - INFO - ################## PaperArchitecture_map20x20_rho1_10Agent/K3_HS0/1765556206 - End of loop ##################  
 ####### Case366 	 Computation time:1.1974730491638184 	 Step40/52	- AllReachGoal-True

2025-12-12 23:55:01,923 - PaperAgentLogger - INFO - current rateReachGoal: 0
2025-12-12 23:55:01,942 - PaperAgentLogger - DEBUG - New map
2025-12-12 23:55:03,673 - PaperAgentLogger - INFO - ################## PaperArchitecture_map20x20_rho1_10Agent/K3_HS0/1765556206 - End of loop ##################  
 ####### Case367 	 Computation time:1.7309620380401611 	 Step58/58	- AllReachGoal-False

2025-12-12 23:55:03,674 - PaperAgentLogger - INFO - current rateReachGoal: 0
2025-12-12 23:55:03,691 - PaperAgentLogger - DEBUG - New map
2025-12-12 23:55:04,677 - PaperAgentLogger - INFO - ################## PaperArchitecture_map20x20_rho1_10Agent/K3_HS0/1765556206 - End of loop ##################  
 ####### Case368 	 Computation time:0.9852566719055176 	 Step33/48	- AllReachGoal-True

2025-12-12 23:55:04,678 - PaperAgentLogger - INFO - current rateReachGoal: 0
2025-12-12 23:55:04,696 - PaperAgentLogger - DEBUG - New map
2025-12-12 23:55:06,246 - PaperAgentLogger - INFO - ################## PaperArchitecture_map20x20_rho1_10Agent/K3_HS0/1765556206 - End of loop ##################  
 ####### Case369 	 Computation time:1.5499041080474854 	 Step50/50	- AllReachGoal-False

2025-12-12 23:55:06,247 - PaperAgentLogger - INFO - current rateReachGoal: 0
2025-12-12 23:55:06,266 - PaperAgentLogger - DEBUG - New map
2025-12-12 23:55:07,875 - PaperAgentLogger - INFO - ################## PaperArchitecture_map20x20_rho1_10Agent/K3_HS0/1765556206 - End of loop ##################  
 ####### Case370 	 Computation time:1.6082262992858887 	 Step54/54	- AllReachGoal-False

2025-12-12 23:55:07,875 - PaperAgentLogger - INFO - current rateReachGoal: 0
2025-12-12 23:55:07,894 - PaperAgentLogger - DEBUG - New map
2025-12-12 23:55:08,852 - PaperAgentLogger - INFO - ################## PaperArchitecture_map20x20_rho1_10Agent/K3_HS0/1765556206 - End of loop ##################  
 ####### Case371 	 Computation time:0.9574832916259766 	 Step32/60	- AllReachGoal-True

2025-12-12 23:55:08,853 - PaperAgentLogger - INFO - current rateReachGoal: 0
2025-12-12 23:55:08,871 - PaperAgentLogger - DEBUG - New map
2025-12-12 23:55:10,271 - PaperAgentLogger - INFO - ################## PaperArchitecture_map20x20_rho1_10Agent/K3_HS0/1765556206 - End of loop ##################  
 ####### Case372 	 Computation time:1.3995707035064697 	 Step47/48	- AllReachGoal-True

2025-12-12 23:55:10,272 - PaperAgentLogger - INFO - current rateReachGoal: 0
2025-12-12 23:55:10,289 - PaperAgentLogger - DEBUG - New map
2025-12-12 23:55:11,157 - PaperAgentLogger - INFO - ################## PaperArchitecture_map20x20_rho1_10Agent/K3_HS0/1765556206 - End of loop ##################  
 ####### Case373 	 Computation time:0.8672027587890625 	 Step29/50	- AllReachGoal-True

2025-12-12 23:55:11,157 - PaperAgentLogger - INFO - current rateReachGoal: 0
2025-12-12 23:55:11,177 - PaperAgentLogger - DEBUG - New map
2025-12-12 23:55:13,187 - PaperAgentLogger - INFO - ################## PaperArchitecture_map20x20_rho1_10Agent/K3_HS0/1765556206 - End of loop ##################  
 ####### Case374 	 Computation time:2.0090928077697754 	 Step66/66	- AllReachGoal-False

2025-12-12 23:55:13,189 - PaperAgentLogger - INFO - current rateReachGoal: 0
2025-12-12 23:55:13,207 - PaperAgentLogger - DEBUG - New map
2025-12-12 23:55:14,809 - PaperAgentLogger - INFO - ################## PaperArchitecture_map20x20_rho1_10Agent/K3_HS0/1765556206 - End of loop ##################  
 ####### Case375 	 Computation time:1.60146164894104 	 Step52/52	- AllReachGoal-False

2025-12-12 23:55:14,810 - PaperAgentLogger - INFO - current rateReachGoal: 0
2025-12-12 23:55:14,828 - PaperAgentLogger - DEBUG - New map
2025-12-12 23:55:15,691 - PaperAgentLogger - INFO - ################## PaperArchitecture_map20x20_rho1_10Agent/K3_HS0/1765556206 - End of loop ##################  
 ####### Case376 	 Computation time:0.8615128993988037 	 Step27/54	- AllReachGoal-True

2025-12-12 23:55:15,691 - PaperAgentLogger - INFO - current rateReachGoal: 0
2025-12-12 23:55:15,711 - PaperAgentLogger - DEBUG - New map
2025-12-12 23:55:17,631 - PaperAgentLogger - INFO - ################## PaperArchitecture_map20x20_rho1_10Agent/K3_HS0/1765556206 - End of loop ##################  
 ####### Case377 	 Computation time:1.9200525283813477 	 Step62/62	- AllReachGoal-False

2025-12-12 23:55:17,632 - PaperAgentLogger - INFO - current rateReachGoal: 0
2025-12-12 23:55:17,650 - PaperAgentLogger - DEBUG - New map
2025-12-12 23:55:18,948 - PaperAgentLogger - INFO - ################## PaperArchitecture_map20x20_rho1_10Agent/K3_HS0/1765556206 - End of loop ##################  
 ####### Case378 	 Computation time:1.2982721328735352 	 Step42/54	- AllReachGoal-True

2025-12-12 23:55:18,949 - PaperAgentLogger - INFO - current rateReachGoal: 0
2025-12-12 23:55:18,968 - PaperAgentLogger - DEBUG - New map
2025-12-12 23:55:19,993 - PaperAgentLogger - INFO - ################## PaperArchitecture_map20x20_rho1_10Agent/K3_HS0/1765556206 - End of loop ##################  
 ####### Case379 	 Computation time:1.0237667560577393 	 Step31/54	- AllReachGoal-True

2025-12-12 23:55:19,993 - PaperAgentLogger - INFO - current rateReachGoal: 0
2025-12-12 23:55:20,012 - PaperAgentLogger - DEBUG - New map
2025-12-12 23:55:21,719 - PaperAgentLogger - INFO - ################## PaperArchitecture_map20x20_rho1_10Agent/K3_HS0/1765556206 - End of loop ##################  
 ####### Case380 	 Computation time:1.7058463096618652 	 Step56/56	- AllReachGoal-False

2025-12-12 23:55:21,719 - PaperAgentLogger - INFO - current rateReachGoal: 0
2025-12-12 23:55:21,737 - PaperAgentLogger - DEBUG - New map
2025-12-12 23:55:22,833 - PaperAgentLogger - INFO - ################## PaperArchitecture_map20x20_rho1_10Agent/K3_HS0/1765556206 - End of loop ##################  
 ####### Case381 	 Computation time:1.095733404159546 	 Step35/54	- AllReachGoal-True

2025-12-12 23:55:22,834 - PaperAgentLogger - INFO - current rateReachGoal: 0
2025-12-12 23:55:22,853 - PaperAgentLogger - DEBUG - New map
2025-12-12 23:55:24,854 - PaperAgentLogger - INFO - ################## PaperArchitecture_map20x20_rho1_10Agent/K3_HS0/1765556206 - End of loop ##################  
 ####### Case382 	 Computation time:1.999889850616455 	 Step64/64	- AllReachGoal-False

2025-12-12 23:55:24,854 - PaperAgentLogger - INFO - current rateReachGoal: 0
2025-12-12 23:55:24,873 - PaperAgentLogger - DEBUG - New map
2025-12-12 23:55:26,623 - PaperAgentLogger - INFO - ################## PaperArchitecture_map20x20_rho1_10Agent/K3_HS0/1765556206 - End of loop ##################  
 ####### Case383 	 Computation time:1.7489585876464844 	 Step54/54	- AllReachGoal-False

2025-12-12 23:55:26,624 - PaperAgentLogger - INFO - current rateReachGoal: 0
2025-12-12 23:55:26,641 - PaperAgentLogger - DEBUG - New map
2025-12-12 23:55:28,491 - PaperAgentLogger - INFO - ################## PaperArchitecture_map20x20_rho1_10Agent/K3_HS0/1765556206 - End of loop ##################  
 ####### Case384 	 Computation time:1.8484385013580322 	 Step56/56	- AllReachGoal-False

2025-12-12 23:55:28,491 - PaperAgentLogger - INFO - current rateReachGoal: 0
2025-12-12 23:55:28,510 - PaperAgentLogger - DEBUG - New map
2025-12-12 23:55:29,479 - PaperAgentLogger - INFO - ################## PaperArchitecture_map20x20_rho1_10Agent/K3_HS0/1765556206 - End of loop ##################  
 ####### Case385 	 Computation time:0.9681508541107178 	 Step30/60	- AllReachGoal-True

2025-12-12 23:55:29,479 - PaperAgentLogger - INFO - current rateReachGoal: 0
2025-12-12 23:55:29,498 - PaperAgentLogger - DEBUG - New map
2025-12-12 23:55:31,249 - PaperAgentLogger - INFO - ################## PaperArchitecture_map20x20_rho1_10Agent/K3_HS0/1765556206 - End of loop ##################  
 ####### Case386 	 Computation time:1.7501347064971924 	 Step56/56	- AllReachGoal-False

2025-12-12 23:55:31,249 - PaperAgentLogger - INFO - current rateReachGoal: 0
2025-12-12 23:55:31,269 - PaperAgentLogger - DEBUG - New map
2025-12-12 23:55:32,637 - PaperAgentLogger - INFO - ################## PaperArchitecture_map20x20_rho1_10Agent/K3_HS0/1765556206 - End of loop ##################  
 ####### Case387 	 Computation time:1.3672418594360352 	 Step42/58	- AllReachGoal-True

2025-12-12 23:55:32,638 - PaperAgentLogger - INFO - current rateReachGoal: 0
2025-12-12 23:55:32,653 - PaperAgentLogger - DEBUG - New map
2025-12-12 23:55:33,406 - PaperAgentLogger - INFO - ################## PaperArchitecture_map20x20_rho1_10Agent/K3_HS0/1765556206 - End of loop ##################  
 ####### Case388 	 Computation time:0.7516365051269531 	 Step24/44	- AllReachGoal-True

2025-12-12 23:55:33,406 - PaperAgentLogger - INFO - current rateReachGoal: 0
2025-12-12 23:55:33,424 - PaperAgentLogger - DEBUG - New map
2025-12-12 23:55:34,441 - PaperAgentLogger - INFO - ################## PaperArchitecture_map20x20_rho1_10Agent/K3_HS0/1765556206 - End of loop ##################  
 ####### Case389 	 Computation time:1.0163257122039795 	 Step31/48	- AllReachGoal-True

2025-12-12 23:55:34,442 - PaperAgentLogger - INFO - current rateReachGoal: 0
2025-12-12 23:55:34,460 - PaperAgentLogger - DEBUG - New map
2025-12-12 23:55:35,302 - PaperAgentLogger - INFO - ################## PaperArchitecture_map20x20_rho1_10Agent/K3_HS0/1765556206 - End of loop ##################  
 ####### Case390 	 Computation time:0.8415837287902832 	 Step27/50	- AllReachGoal-True

2025-12-12 23:55:35,303 - PaperAgentLogger - INFO - current rateReachGoal: 0
2025-12-12 23:55:35,324 - PaperAgentLogger - DEBUG - New map
2025-12-12 23:55:37,232 - PaperAgentLogger - INFO - ################## PaperArchitecture_map20x20_rho1_10Agent/K3_HS0/1765556206 - End of loop ##################  
 ####### Case391 	 Computation time:1.9068946838378906 	 Step64/64	- AllReachGoal-False

2025-12-12 23:55:37,233 - PaperAgentLogger - INFO - current rateReachGoal: 0
2025-12-12 23:55:37,249 - PaperAgentLogger - DEBUG - New map
2025-12-12 23:55:38,092 - PaperAgentLogger - INFO - ################## PaperArchitecture_map20x20_rho1_10Agent/K3_HS0/1765556206 - End of loop ##################  
 ####### Case392 	 Computation time:0.8417882919311523 	 Step28/42	- AllReachGoal-True

2025-12-12 23:55:38,092 - PaperAgentLogger - INFO - current rateReachGoal: 0
2025-12-12 23:55:38,112 - PaperAgentLogger - DEBUG - New map
2025-12-12 23:55:39,065 - PaperAgentLogger - INFO - ################## PaperArchitecture_map20x20_rho1_10Agent/K3_HS0/1765556206 - End of loop ##################  
 ####### Case393 	 Computation time:0.9521901607513428 	 Step32/64	- AllReachGoal-True

2025-12-12 23:55:39,066 - PaperAgentLogger - INFO - current rateReachGoal: 0
2025-12-12 23:55:39,084 - PaperAgentLogger - DEBUG - New map
2025-12-12 23:55:39,954 - PaperAgentLogger - INFO - ################## PaperArchitecture_map20x20_rho1_10Agent/K3_HS0/1765556206 - End of loop ##################  
 ####### Case394 	 Computation time:0.868727445602417 	 Step29/58	- AllReachGoal-True

2025-12-12 23:55:39,954 - PaperAgentLogger - INFO - current rateReachGoal: 0
2025-12-12 23:55:39,974 - PaperAgentLogger - DEBUG - New map
2025-12-12 23:55:40,925 - PaperAgentLogger - INFO - ################## PaperArchitecture_map20x20_rho1_10Agent/K3_HS0/1765556206 - End of loop ##################  
 ####### Case395 	 Computation time:0.9508817195892334 	 Step30/58	- AllReachGoal-True

2025-12-12 23:55:40,926 - PaperAgentLogger - INFO - current rateReachGoal: 0
2025-12-12 23:55:40,946 - PaperAgentLogger - DEBUG - New map
2025-12-12 23:55:42,787 - PaperAgentLogger - INFO - ################## PaperArchitecture_map20x20_rho1_10Agent/K3_HS0/1765556206 - End of loop ##################  
 ####### Case396 	 Computation time:1.8406572341918945 	 Step62/62	- AllReachGoal-False

2025-12-12 23:55:42,788 - PaperAgentLogger - INFO - current rateReachGoal: 0
2025-12-12 23:55:42,806 - PaperAgentLogger - DEBUG - New map
2025-12-12 23:55:44,347 - PaperAgentLogger - INFO - ################## PaperArchitecture_map20x20_rho1_10Agent/K3_HS0/1765556206 - End of loop ##################  
 ####### Case397 	 Computation time:1.540236234664917 	 Step52/52	- AllReachGoal-False

2025-12-12 23:55:44,347 - PaperAgentLogger - INFO - current rateReachGoal: 0
2025-12-12 23:55:44,365 - PaperAgentLogger - DEBUG - New map
2025-12-12 23:55:45,941 - PaperAgentLogger - INFO - ################## PaperArchitecture_map20x20_rho1_10Agent/K3_HS0/1765556206 - End of loop ##################  
 ####### Case398 	 Computation time:1.5757904052734375 	 Step52/52	- AllReachGoal-False

2025-12-12 23:55:45,942 - PaperAgentLogger - INFO - current rateReachGoal: 0
2025-12-12 23:55:45,960 - PaperAgentLogger - DEBUG - New map
2025-12-12 23:55:46,823 - PaperAgentLogger - INFO - ################## PaperArchitecture_map20x20_rho1_10Agent/K3_HS0/1765556206 - End of loop ##################  
 ####### Case399 	 Computation time:0.8628311157226562 	 Step29/54	- AllReachGoal-True

2025-12-12 23:55:46,824 - PaperAgentLogger - INFO - current rateReachGoal: 0
2025-12-12 23:55:46,842 - PaperAgentLogger - DEBUG - New map
2025-12-12 23:55:47,733 - PaperAgentLogger - INFO - ################## PaperArchitecture_map20x20_rho1_10Agent/K3_HS0/1765556206 - End of loop ##################  
 ####### Case400 	 Computation time:0.890404462814331 	 Step30/56	- AllReachGoal-True

2025-12-12 23:55:47,734 - PaperAgentLogger - INFO - current rateReachGoal: 0
2025-12-12 23:55:47,753 - PaperAgentLogger - DEBUG - New map
2025-12-12 23:55:48,642 - PaperAgentLogger - INFO - ################## PaperArchitecture_map20x20_rho1_10Agent/K3_HS0/1765556206 - End of loop ##################  
 ####### Case401 	 Computation time:0.8882567882537842 	 Step30/58	- AllReachGoal-True

2025-12-12 23:55:48,643 - PaperAgentLogger - INFO - current rateReachGoal: 0
2025-12-12 23:55:48,662 - PaperAgentLogger - DEBUG - New map
2025-12-12 23:55:49,552 - PaperAgentLogger - INFO - ################## PaperArchitecture_map20x20_rho1_10Agent/K3_HS0/1765556206 - End of loop ##################  
 ####### Case402 	 Computation time:0.8901574611663818 	 Step30/60	- AllReachGoal-True

2025-12-12 23:55:49,553 - PaperAgentLogger - INFO - current rateReachGoal: 0
2025-12-12 23:55:49,573 - PaperAgentLogger - DEBUG - New map
2025-12-12 23:55:50,800 - PaperAgentLogger - INFO - ################## PaperArchitecture_map20x20_rho1_10Agent/K3_HS0/1765556206 - End of loop ##################  
 ####### Case403 	 Computation time:1.226304054260254 	 Step38/68	- AllReachGoal-True

2025-12-12 23:55:50,801 - PaperAgentLogger - INFO - current rateReachGoal: 0
2025-12-12 23:55:50,820 - PaperAgentLogger - DEBUG - New map
2025-12-12 23:55:52,247 - PaperAgentLogger - INFO - ################## PaperArchitecture_map20x20_rho1_10Agent/K3_HS0/1765556206 - End of loop ##################  
 ####### Case404 	 Computation time:1.426220417022705 	 Step48/60	- AllReachGoal-True

2025-12-12 23:55:52,248 - PaperAgentLogger - INFO - current rateReachGoal: 0
2025-12-12 23:55:52,266 - PaperAgentLogger - DEBUG - New map
2025-12-12 23:55:53,821 - PaperAgentLogger - INFO - ################## PaperArchitecture_map20x20_rho1_10Agent/K3_HS0/1765556206 - End of loop ##################  
 ####### Case405 	 Computation time:1.5546205043792725 	 Step52/52	- AllReachGoal-False

2025-12-12 23:55:53,822 - PaperAgentLogger - INFO - current rateReachGoal: 0
2025-12-12 23:55:53,841 - PaperAgentLogger - DEBUG - New map
2025-12-12 23:55:54,871 - PaperAgentLogger - INFO - ################## PaperArchitecture_map20x20_rho1_10Agent/K3_HS0/1765556206 - End of loop ##################  
 ####### Case406 	 Computation time:1.029111623764038 	 Step33/62	- AllReachGoal-True

2025-12-12 23:55:54,872 - PaperAgentLogger - INFO - current rateReachGoal: 0
2025-12-12 23:55:54,889 - PaperAgentLogger - DEBUG - New map
2025-12-12 23:55:55,753 - PaperAgentLogger - INFO - ################## PaperArchitecture_map20x20_rho1_10Agent/K3_HS0/1765556206 - End of loop ##################  
 ####### Case407 	 Computation time:0.8633694648742676 	 Step29/54	- AllReachGoal-True

2025-12-12 23:55:55,753 - PaperAgentLogger - INFO - current rateReachGoal: 0
2025-12-12 23:55:55,773 - PaperAgentLogger - DEBUG - New map
2025-12-12 23:55:56,722 - PaperAgentLogger - INFO - ################## PaperArchitecture_map20x20_rho1_10Agent/K3_HS0/1765556206 - End of loop ##################  
 ####### Case408 	 Computation time:0.9480061531066895 	 Step32/64	- AllReachGoal-True

2025-12-12 23:55:56,722 - PaperAgentLogger - INFO - current rateReachGoal: 0
2025-12-12 23:55:56,740 - PaperAgentLogger - DEBUG - New map
2025-12-12 23:55:57,904 - PaperAgentLogger - INFO - ################## PaperArchitecture_map20x20_rho1_10Agent/K3_HS0/1765556206 - End of loop ##################  
 ####### Case409 	 Computation time:1.163703203201294 	 Step39/52	- AllReachGoal-True

2025-12-12 23:55:57,905 - PaperAgentLogger - INFO - current rateReachGoal: 0
2025-12-12 23:55:57,926 - PaperAgentLogger - DEBUG - New map
2025-12-12 23:55:58,731 - PaperAgentLogger - INFO - ################## PaperArchitecture_map20x20_rho1_10Agent/K3_HS0/1765556206 - End of loop ##################  
 ####### Case410 	 Computation time:0.8042848110198975 	 Step27/50	- AllReachGoal-True

2025-12-12 23:55:58,732 - PaperAgentLogger - INFO - current rateReachGoal: 0
2025-12-12 23:55:58,749 - PaperAgentLogger - DEBUG - New map
2025-12-12 23:55:59,930 - PaperAgentLogger - INFO - ################## PaperArchitecture_map20x20_rho1_10Agent/K3_HS0/1765556206 - End of loop ##################  
 ####### Case411 	 Computation time:1.1801233291625977 	 Step40/48	- AllReachGoal-True

2025-12-12 23:55:59,932 - PaperAgentLogger - INFO - current rateReachGoal: 0
2025-12-12 23:55:59,948 - PaperAgentLogger - DEBUG - New map
2025-12-12 23:56:00,659 - PaperAgentLogger - INFO - ################## PaperArchitecture_map20x20_rho1_10Agent/K3_HS0/1765556206 - End of loop ##################  
 ####### Case412 	 Computation time:0.7101032733917236 	 Step24/44	- AllReachGoal-True

2025-12-12 23:56:00,660 - PaperAgentLogger - INFO - current rateReachGoal: 0
2025-12-12 23:56:00,678 - PaperAgentLogger - DEBUG - New map
2025-12-12 23:56:02,441 - PaperAgentLogger - INFO - ################## PaperArchitecture_map20x20_rho1_10Agent/K3_HS0/1765556206 - End of loop ##################  
 ####### Case413 	 Computation time:1.7624034881591797 	 Step58/58	- AllReachGoal-False

2025-12-12 23:56:02,442 - PaperAgentLogger - INFO - current rateReachGoal: 0
2025-12-12 23:56:02,463 - PaperAgentLogger - DEBUG - New map
2025-12-12 23:56:04,846 - PaperAgentLogger - INFO - ################## PaperArchitecture_map20x20_rho1_10Agent/K3_HS0/1765556206 - End of loop ##################  
 ####### Case414 	 Computation time:2.381948471069336 	 Step74/74	- AllReachGoal-False

2025-12-12 23:56:04,846 - PaperAgentLogger - INFO - current rateReachGoal: 0
2025-12-12 23:56:04,865 - PaperAgentLogger - DEBUG - New map
2025-12-12 23:56:06,077 - PaperAgentLogger - INFO - ################## PaperArchitecture_map20x20_rho1_10Agent/K3_HS0/1765556206 - End of loop ##################  
 ####### Case415 	 Computation time:1.2113587856292725 	 Step37/52	- AllReachGoal-True

2025-12-12 23:56:06,078 - PaperAgentLogger - INFO - current rateReachGoal: 0
2025-12-12 23:56:06,096 - PaperAgentLogger - DEBUG - New map
2025-12-12 23:56:06,954 - PaperAgentLogger - INFO - ################## PaperArchitecture_map20x20_rho1_10Agent/K3_HS0/1765556206 - End of loop ##################  
 ####### Case416 	 Computation time:0.8573043346405029 	 Step26/52	- AllReachGoal-True

2025-12-12 23:56:06,955 - PaperAgentLogger - INFO - current rateReachGoal: 0
2025-12-12 23:56:06,972 - PaperAgentLogger - DEBUG - New map
2025-12-12 23:56:08,449 - PaperAgentLogger - INFO - ################## PaperArchitecture_map20x20_rho1_10Agent/K3_HS0/1765556206 - End of loop ##################  
 ####### Case417 	 Computation time:1.4761574268341064 	 Step46/46	- AllReachGoal-False

2025-12-12 23:56:08,450 - PaperAgentLogger - INFO - current rateReachGoal: 0
2025-12-12 23:56:08,470 - PaperAgentLogger - DEBUG - New map
2025-12-12 23:56:10,323 - PaperAgentLogger - INFO - ################## PaperArchitecture_map20x20_rho1_10Agent/K3_HS0/1765556206 - End of loop ##################  
 ####### Case418 	 Computation time:1.8527195453643799 	 Step62/62	- AllReachGoal-False

2025-12-12 23:56:10,324 - PaperAgentLogger - INFO - current rateReachGoal: 0
2025-12-12 23:56:10,345 - PaperAgentLogger - DEBUG - New map
2025-12-12 23:56:12,363 - PaperAgentLogger - INFO - ################## PaperArchitecture_map20x20_rho1_10Agent/K3_HS0/1765556206 - End of loop ##################  
 ####### Case419 	 Computation time:2.0175976753234863 	 Step68/68	- AllReachGoal-False

2025-12-12 23:56:12,364 - PaperAgentLogger - INFO - current rateReachGoal: 0
2025-12-12 23:56:12,383 - PaperAgentLogger - DEBUG - New map
2025-12-12 23:56:14,346 - PaperAgentLogger - INFO - ################## PaperArchitecture_map20x20_rho1_10Agent/K3_HS0/1765556206 - End of loop ##################  
 ####### Case420 	 Computation time:1.9624886512756348 	 Step62/62	- AllReachGoal-False

2025-12-12 23:56:14,347 - PaperAgentLogger - INFO - current rateReachGoal: 0
2025-12-12 23:56:14,367 - PaperAgentLogger - DEBUG - New map
2025-12-12 23:56:15,417 - PaperAgentLogger - INFO - ################## PaperArchitecture_map20x20_rho1_10Agent/K3_HS0/1765556206 - End of loop ##################  
 ####### Case421 	 Computation time:1.0495796203613281 	 Step32/62	- AllReachGoal-True

2025-12-12 23:56:15,418 - PaperAgentLogger - INFO - current rateReachGoal: 0
2025-12-12 23:56:15,434 - PaperAgentLogger - DEBUG - New map
2025-12-12 23:56:16,924 - PaperAgentLogger - INFO - ################## PaperArchitecture_map20x20_rho1_10Agent/K3_HS0/1765556206 - End of loop ##################  
 ####### Case422 	 Computation time:1.4888145923614502 	 Step46/46	- AllReachGoal-False

2025-12-12 23:56:16,924 - PaperAgentLogger - INFO - current rateReachGoal: 0
2025-12-12 23:56:16,945 - PaperAgentLogger - DEBUG - New map
2025-12-12 23:56:19,046 - PaperAgentLogger - INFO - ################## PaperArchitecture_map20x20_rho1_10Agent/K3_HS0/1765556206 - End of loop ##################  
 ####### Case423 	 Computation time:2.101038932800293 	 Step66/70	- AllReachGoal-True

2025-12-12 23:56:19,047 - PaperAgentLogger - INFO - current rateReachGoal: 0
2025-12-12 23:56:19,066 - PaperAgentLogger - DEBUG - New map
2025-12-12 23:56:19,997 - PaperAgentLogger - INFO - ################## PaperArchitecture_map20x20_rho1_10Agent/K3_HS0/1765556206 - End of loop ##################  
 ####### Case424 	 Computation time:0.9308857917785645 	 Step29/58	- AllReachGoal-True

2025-12-12 23:56:19,998 - PaperAgentLogger - INFO - current rateReachGoal: 0
2025-12-12 23:56:20,015 - PaperAgentLogger - DEBUG - New map
2025-12-12 23:56:21,524 - PaperAgentLogger - INFO - ################## PaperArchitecture_map20x20_rho1_10Agent/K3_HS0/1765556206 - End of loop ##################  
 ####### Case425 	 Computation time:1.5089070796966553 	 Step48/48	- AllReachGoal-False

2025-12-12 23:56:21,525 - PaperAgentLogger - INFO - current rateReachGoal: 0
2025-12-12 23:56:21,542 - PaperAgentLogger - DEBUG - New map
2025-12-12 23:56:22,867 - PaperAgentLogger - INFO - ################## PaperArchitecture_map20x20_rho1_10Agent/K3_HS0/1765556206 - End of loop ##################  
 ####### Case426 	 Computation time:1.3242120742797852 	 Step44/44	- AllReachGoal-False

2025-12-12 23:56:22,867 - PaperAgentLogger - INFO - current rateReachGoal: 0
2025-12-12 23:56:22,886 - PaperAgentLogger - DEBUG - New map
2025-12-12 23:56:23,732 - PaperAgentLogger - INFO - ################## PaperArchitecture_map20x20_rho1_10Agent/K3_HS0/1765556206 - End of loop ##################  
 ####### Case427 	 Computation time:0.8450791835784912 	 Step28/56	- AllReachGoal-True

2025-12-12 23:56:23,732 - PaperAgentLogger - INFO - current rateReachGoal: 0
2025-12-12 23:56:23,751 - PaperAgentLogger - DEBUG - New map
2025-12-12 23:56:25,400 - PaperAgentLogger - INFO - ################## PaperArchitecture_map20x20_rho1_10Agent/K3_HS0/1765556206 - End of loop ##################  
 ####### Case428 	 Computation time:1.6478745937347412 	 Step56/56	- AllReachGoal-False

2025-12-12 23:56:25,400 - PaperAgentLogger - INFO - current rateReachGoal: 0
2025-12-12 23:56:25,419 - PaperAgentLogger - DEBUG - New map
2025-12-12 23:56:26,422 - PaperAgentLogger - INFO - ################## PaperArchitecture_map20x20_rho1_10Agent/K3_HS0/1765556206 - End of loop ##################  
 ####### Case429 	 Computation time:1.0018131732940674 	 Step34/64	- AllReachGoal-True

2025-12-12 23:56:26,423 - PaperAgentLogger - INFO - current rateReachGoal: 0
2025-12-12 23:56:26,441 - PaperAgentLogger - DEBUG - New map
2025-12-12 23:56:27,300 - PaperAgentLogger - INFO - ################## PaperArchitecture_map20x20_rho1_10Agent/K3_HS0/1765556206 - End of loop ##################  
 ####### Case430 	 Computation time:0.8584194183349609 	 Step29/54	- AllReachGoal-True

2025-12-12 23:56:27,300 - PaperAgentLogger - INFO - current rateReachGoal: 0
2025-12-12 23:56:27,322 - PaperAgentLogger - DEBUG - New map
2025-12-12 23:56:29,202 - PaperAgentLogger - INFO - ################## PaperArchitecture_map20x20_rho1_10Agent/K3_HS0/1765556206 - End of loop ##################  
 ####### Case431 	 Computation time:1.8793745040893555 	 Step64/74	- AllReachGoal-True

2025-12-12 23:56:29,203 - PaperAgentLogger - INFO - current rateReachGoal: 0
2025-12-12 23:56:29,222 - PaperAgentLogger - DEBUG - New map
2025-12-12 23:56:30,986 - PaperAgentLogger - INFO - ################## PaperArchitecture_map20x20_rho1_10Agent/K3_HS0/1765556206 - End of loop ##################  
 ####### Case432 	 Computation time:1.7626352310180664 	 Step60/60	- AllReachGoal-False

2025-12-12 23:56:30,988 - PaperAgentLogger - INFO - current rateReachGoal: 0
2025-12-12 23:56:31,005 - PaperAgentLogger - DEBUG - New map
2025-12-12 23:56:31,808 - PaperAgentLogger - INFO - ################## PaperArchitecture_map20x20_rho1_10Agent/K3_HS0/1765556206 - End of loop ##################  
 ####### Case433 	 Computation time:0.802377462387085 	 Step27/54	- AllReachGoal-True

2025-12-12 23:56:31,809 - PaperAgentLogger - INFO - current rateReachGoal: 0
2025-12-12 23:56:31,828 - PaperAgentLogger - DEBUG - New map
2025-12-12 23:56:32,664 - PaperAgentLogger - INFO - ################## PaperArchitecture_map20x20_rho1_10Agent/K3_HS0/1765556206 - End of loop ##################  
 ####### Case434 	 Computation time:0.8353097438812256 	 Step28/56	- AllReachGoal-True

2025-12-12 23:56:32,665 - PaperAgentLogger - INFO - current rateReachGoal: 0
2025-12-12 23:56:32,684 - PaperAgentLogger - DEBUG - New map
2025-12-12 23:56:33,631 - PaperAgentLogger - INFO - ################## PaperArchitecture_map20x20_rho1_10Agent/K3_HS0/1765556206 - End of loop ##################  
 ####### Case435 	 Computation time:0.9471945762634277 	 Step32/58	- AllReachGoal-True

2025-12-12 23:56:33,632 - PaperAgentLogger - INFO - current rateReachGoal: 0
2025-12-12 23:56:33,651 - PaperAgentLogger - DEBUG - New map
2025-12-12 23:56:35,726 - PaperAgentLogger - INFO - ################## PaperArchitecture_map20x20_rho1_10Agent/K3_HS0/1765556206 - End of loop ##################  
 ####### Case436 	 Computation time:2.0736687183380127 	 Step70/70	- AllReachGoal-False

2025-12-12 23:56:35,726 - PaperAgentLogger - INFO - current rateReachGoal: 0
2025-12-12 23:56:35,745 - PaperAgentLogger - DEBUG - New map
2025-12-12 23:56:36,741 - PaperAgentLogger - INFO - ################## PaperArchitecture_map20x20_rho1_10Agent/K3_HS0/1765556206 - End of loop ##################  
 ####### Case437 	 Computation time:0.9948410987854004 	 Step32/58	- AllReachGoal-True

2025-12-12 23:56:36,741 - PaperAgentLogger - INFO - current rateReachGoal: 0
2025-12-12 23:56:36,759 - PaperAgentLogger - DEBUG - New map
2025-12-12 23:56:38,265 - PaperAgentLogger - INFO - ################## PaperArchitecture_map20x20_rho1_10Agent/K3_HS0/1765556206 - End of loop ##################  
 ####### Case438 	 Computation time:1.5052073001861572 	 Step50/50	- AllReachGoal-False

2025-12-12 23:56:38,266 - PaperAgentLogger - INFO - current rateReachGoal: 0
2025-12-12 23:56:38,285 - PaperAgentLogger - DEBUG - New map
2025-12-12 23:56:39,373 - PaperAgentLogger - INFO - ################## PaperArchitecture_map20x20_rho1_10Agent/K3_HS0/1765556206 - End of loop ##################  
 ####### Case439 	 Computation time:1.0875775814056396 	 Step36/56	- AllReachGoal-True

2025-12-12 23:56:39,374 - PaperAgentLogger - INFO - current rateReachGoal: 0
2025-12-12 23:56:39,392 - PaperAgentLogger - DEBUG - New map
2025-12-12 23:56:40,342 - PaperAgentLogger - INFO - ################## PaperArchitecture_map20x20_rho1_10Agent/K3_HS0/1765556206 - End of loop ##################  
 ####### Case440 	 Computation time:0.9492456912994385 	 Step29/54	- AllReachGoal-True

2025-12-12 23:56:40,343 - PaperAgentLogger - INFO - current rateReachGoal: 0
2025-12-12 23:56:40,360 - PaperAgentLogger - DEBUG - New map
2025-12-12 23:56:41,803 - PaperAgentLogger - INFO - ################## PaperArchitecture_map20x20_rho1_10Agent/K3_HS0/1765556206 - End of loop ##################  
 ####### Case441 	 Computation time:1.4427087306976318 	 Step46/46	- AllReachGoal-False

2025-12-12 23:56:41,805 - PaperAgentLogger - INFO - current rateReachGoal: 0
2025-12-12 23:56:41,824 - PaperAgentLogger - DEBUG - New map
2025-12-12 23:56:43,050 - PaperAgentLogger - INFO - ################## PaperArchitecture_map20x20_rho1_10Agent/K3_HS0/1765556206 - End of loop ##################  
 ####### Case442 	 Computation time:1.225829839706421 	 Step38/56	- AllReachGoal-True

2025-12-12 23:56:43,051 - PaperAgentLogger - INFO - current rateReachGoal: 0
2025-12-12 23:56:43,072 - PaperAgentLogger - DEBUG - New map
2025-12-12 23:56:44,411 - PaperAgentLogger - INFO - ################## PaperArchitecture_map20x20_rho1_10Agent/K3_HS0/1765556206 - End of loop ##################  
 ####### Case443 	 Computation time:1.33882474899292 	 Step43/62	- AllReachGoal-True

2025-12-12 23:56:44,412 - PaperAgentLogger - INFO - current rateReachGoal: 0
2025-12-12 23:56:44,430 - PaperAgentLogger - DEBUG - New map
2025-12-12 23:56:45,499 - PaperAgentLogger - INFO - ################## PaperArchitecture_map20x20_rho1_10Agent/K3_HS0/1765556206 - End of loop ##################  
 ####### Case444 	 Computation time:1.0684878826141357 	 Step34/58	- AllReachGoal-True

2025-12-12 23:56:45,500 - PaperAgentLogger - INFO - current rateReachGoal: 0
2025-12-12 23:56:45,518 - PaperAgentLogger - DEBUG - New map
2025-12-12 23:56:46,439 - PaperAgentLogger - INFO - ################## PaperArchitecture_map20x20_rho1_10Agent/K3_HS0/1765556206 - End of loop ##################  
 ####### Case445 	 Computation time:0.9205126762390137 	 Step28/50	- AllReachGoal-True

2025-12-12 23:56:46,440 - PaperAgentLogger - INFO - current rateReachGoal: 0
2025-12-12 23:56:46,458 - PaperAgentLogger - DEBUG - New map
2025-12-12 23:56:47,575 - PaperAgentLogger - INFO - ################## PaperArchitecture_map20x20_rho1_10Agent/K3_HS0/1765556206 - End of loop ##################  
 ####### Case446 	 Computation time:1.1163735389709473 	 Step34/52	- AllReachGoal-True

2025-12-12 23:56:47,575 - PaperAgentLogger - INFO - current rateReachGoal: 0
2025-12-12 23:56:47,593 - PaperAgentLogger - DEBUG - New map
2025-12-12 23:56:48,917 - PaperAgentLogger - INFO - ################## PaperArchitecture_map20x20_rho1_10Agent/K3_HS0/1765556206 - End of loop ##################  
 ####### Case447 	 Computation time:1.322617769241333 	 Step42/46	- AllReachGoal-True

2025-12-12 23:56:48,917 - PaperAgentLogger - INFO - current rateReachGoal: 0
2025-12-12 23:56:48,935 - PaperAgentLogger - DEBUG - New map
2025-12-12 23:56:50,322 - PaperAgentLogger - INFO - ################## PaperArchitecture_map20x20_rho1_10Agent/K3_HS0/1765556206 - End of loop ##################  
 ####### Case448 	 Computation time:1.3871684074401855 	 Step46/46	- AllReachGoal-False

2025-12-12 23:56:50,323 - PaperAgentLogger - INFO - current rateReachGoal: 0
2025-12-12 23:56:50,340 - PaperAgentLogger - DEBUG - New map
2025-12-12 23:56:51,970 - PaperAgentLogger - INFO - ################## PaperArchitecture_map20x20_rho1_10Agent/K3_HS0/1765556206 - End of loop ##################  
 ####### Case449 	 Computation time:1.628669023513794 	 Step52/52	- AllReachGoal-False

2025-12-12 23:56:51,970 - PaperAgentLogger - INFO - current rateReachGoal: 0
2025-12-12 23:56:51,988 - PaperAgentLogger - DEBUG - New map
2025-12-12 23:56:54,113 - PaperAgentLogger - INFO - ################## PaperArchitecture_map20x20_rho1_10Agent/K3_HS0/1765556206 - End of loop ##################  
 ####### Case450 	 Computation time:2.124063014984131 	 Step66/66	- AllReachGoal-False

2025-12-12 23:56:54,114 - PaperAgentLogger - INFO - current rateReachGoal: 0
2025-12-12 23:56:54,132 - PaperAgentLogger - DEBUG - New map
2025-12-12 23:56:55,057 - PaperAgentLogger - INFO - ################## PaperArchitecture_map20x20_rho1_10Agent/K3_HS0/1765556206 - End of loop ##################  
 ####### Case451 	 Computation time:0.9246077537536621 	 Step28/46	- AllReachGoal-True

2025-12-12 23:56:55,057 - PaperAgentLogger - INFO - current rateReachGoal: 0
2025-12-12 23:56:55,074 - PaperAgentLogger - DEBUG - New map
2025-12-12 23:56:56,515 - PaperAgentLogger - INFO - ################## PaperArchitecture_map20x20_rho1_10Agent/K3_HS0/1765556206 - End of loop ##################  
 ####### Case452 	 Computation time:1.4401211738586426 	 Step46/46	- AllReachGoal-False

2025-12-12 23:56:56,516 - PaperAgentLogger - INFO - current rateReachGoal: 0
2025-12-12 23:56:56,534 - PaperAgentLogger - DEBUG - New map
2025-12-12 23:56:57,420 - PaperAgentLogger - INFO - ################## PaperArchitecture_map20x20_rho1_10Agent/K3_HS0/1765556206 - End of loop ##################  
 ####### Case453 	 Computation time:0.885411262512207 	 Step28/56	- AllReachGoal-True

2025-12-12 23:56:57,421 - PaperAgentLogger - INFO - current rateReachGoal: 0
2025-12-12 23:56:57,437 - PaperAgentLogger - DEBUG - New map
2025-12-12 23:56:58,903 - PaperAgentLogger - INFO - ################## PaperArchitecture_map20x20_rho1_10Agent/K3_HS0/1765556206 - End of loop ##################  
 ####### Case454 	 Computation time:1.4655063152313232 	 Step46/46	- AllReachGoal-False

2025-12-12 23:56:58,904 - PaperAgentLogger - INFO - current rateReachGoal: 0
2025-12-12 23:56:58,925 - PaperAgentLogger - DEBUG - New map
2025-12-12 23:57:00,891 - PaperAgentLogger - INFO - ################## PaperArchitecture_map20x20_rho1_10Agent/K3_HS0/1765556206 - End of loop ##################  
 ####### Case455 	 Computation time:1.9649169445037842 	 Step62/62	- AllReachGoal-False

2025-12-12 23:57:00,892 - PaperAgentLogger - INFO - current rateReachGoal: 0
2025-12-12 23:57:00,909 - PaperAgentLogger - DEBUG - New map
2025-12-12 23:57:01,745 - PaperAgentLogger - INFO - ################## PaperArchitecture_map20x20_rho1_10Agent/K3_HS0/1765556206 - End of loop ##################  
 ####### Case456 	 Computation time:0.8349013328552246 	 Step27/50	- AllReachGoal-True

2025-12-12 23:57:01,745 - PaperAgentLogger - INFO - current rateReachGoal: 0
2025-12-12 23:57:01,766 - PaperAgentLogger - DEBUG - New map
2025-12-12 23:57:02,920 - PaperAgentLogger - INFO - ################## PaperArchitecture_map20x20_rho1_10Agent/K3_HS0/1765556206 - End of loop ##################  
 ####### Case457 	 Computation time:1.1530747413635254 	 Step35/70	- AllReachGoal-True

2025-12-12 23:57:02,920 - PaperAgentLogger - INFO - current rateReachGoal: 0
2025-12-12 23:57:02,938 - PaperAgentLogger - DEBUG - New map
2025-12-12 23:57:03,820 - PaperAgentLogger - INFO - ################## PaperArchitecture_map20x20_rho1_10Agent/K3_HS0/1765556206 - End of loop ##################  
 ####### Case458 	 Computation time:0.881854772567749 	 Step27/54	- AllReachGoal-True

2025-12-12 23:57:03,821 - PaperAgentLogger - INFO - current rateReachGoal: 0
2025-12-12 23:57:03,840 - PaperAgentLogger - DEBUG - New map
2025-12-12 23:57:05,583 - PaperAgentLogger - INFO - ################## PaperArchitecture_map20x20_rho1_10Agent/K3_HS0/1765556206 - End of loop ##################  
 ####### Case459 	 Computation time:1.7423336505889893 	 Step58/58	- AllReachGoal-False

2025-12-12 23:57:05,584 - PaperAgentLogger - INFO - current rateReachGoal: 0
2025-12-12 23:57:05,601 - PaperAgentLogger - DEBUG - New map
2025-12-12 23:57:06,536 - PaperAgentLogger - INFO - ################## PaperArchitecture_map20x20_rho1_10Agent/K3_HS0/1765556206 - End of loop ##################  
 ####### Case460 	 Computation time:0.9338905811309814 	 Step29/56	- AllReachGoal-True

2025-12-12 23:57:06,536 - PaperAgentLogger - INFO - current rateReachGoal: 0
2025-12-12 23:57:06,553 - PaperAgentLogger - DEBUG - New map
2025-12-12 23:57:08,011 - PaperAgentLogger - INFO - ################## PaperArchitecture_map20x20_rho1_10Agent/K3_HS0/1765556206 - End of loop ##################  
 ####### Case461 	 Computation time:1.4579801559448242 	 Step44/44	- AllReachGoal-False

2025-12-12 23:57:08,012 - PaperAgentLogger - INFO - current rateReachGoal: 0
2025-12-12 23:57:08,030 - PaperAgentLogger - DEBUG - New map
2025-12-12 23:57:08,996 - PaperAgentLogger - INFO - ################## PaperArchitecture_map20x20_rho1_10Agent/K3_HS0/1765556206 - End of loop ##################  
 ####### Case462 	 Computation time:0.9655716419219971 	 Step31/50	- AllReachGoal-True

2025-12-12 23:57:08,997 - PaperAgentLogger - INFO - current rateReachGoal: 0
2025-12-12 23:57:09,015 - PaperAgentLogger - DEBUG - New map
2025-12-12 23:57:10,196 - PaperAgentLogger - INFO - ################## PaperArchitecture_map20x20_rho1_10Agent/K3_HS0/1765556206 - End of loop ##################  
 ####### Case463 	 Computation time:1.1803975105285645 	 Step36/52	- AllReachGoal-True

2025-12-12 23:57:10,197 - PaperAgentLogger - INFO - current rateReachGoal: 0
2025-12-12 23:57:10,214 - PaperAgentLogger - DEBUG - New map
2025-12-12 23:57:11,861 - PaperAgentLogger - INFO - ################## PaperArchitecture_map20x20_rho1_10Agent/K3_HS0/1765556206 - End of loop ##################  
 ####### Case464 	 Computation time:1.6470978260040283 	 Step52/52	- AllReachGoal-False

2025-12-12 23:57:11,864 - PaperAgentLogger - INFO - current rateReachGoal: 0
2025-12-12 23:57:11,882 - PaperAgentLogger - DEBUG - New map
2025-12-12 23:57:13,477 - PaperAgentLogger - INFO - ################## PaperArchitecture_map20x20_rho1_10Agent/K3_HS0/1765556206 - End of loop ##################  
 ####### Case465 	 Computation time:1.5937728881835938 	 Step54/54	- AllReachGoal-False

2025-12-12 23:57:13,477 - PaperAgentLogger - INFO - current rateReachGoal: 0
2025-12-12 23:57:13,496 - PaperAgentLogger - DEBUG - New map
2025-12-12 23:57:14,461 - PaperAgentLogger - INFO - ################## PaperArchitecture_map20x20_rho1_10Agent/K3_HS0/1765556206 - End of loop ##################  
 ####### Case466 	 Computation time:0.9648702144622803 	 Step32/52	- AllReachGoal-True

2025-12-12 23:57:14,462 - PaperAgentLogger - INFO - current rateReachGoal: 0
2025-12-12 23:57:14,480 - PaperAgentLogger - DEBUG - New map
2025-12-12 23:57:15,282 - PaperAgentLogger - INFO - ################## PaperArchitecture_map20x20_rho1_10Agent/K3_HS0/1765556206 - End of loop ##################  
 ####### Case467 	 Computation time:0.8006930351257324 	 Step27/52	- AllReachGoal-True

2025-12-12 23:57:15,282 - PaperAgentLogger - INFO - current rateReachGoal: 0
2025-12-12 23:57:15,303 - PaperAgentLogger - DEBUG - New map
2025-12-12 23:57:17,495 - PaperAgentLogger - INFO - ################## PaperArchitecture_map20x20_rho1_10Agent/K3_HS0/1765556206 - End of loop ##################  
 ####### Case468 	 Computation time:2.1920154094696045 	 Step74/74	- AllReachGoal-False

2025-12-12 23:57:17,496 - PaperAgentLogger - INFO - current rateReachGoal: 0
2025-12-12 23:57:17,515 - PaperAgentLogger - DEBUG - New map
2025-12-12 23:57:18,379 - PaperAgentLogger - INFO - ################## PaperArchitecture_map20x20_rho1_10Agent/K3_HS0/1765556206 - End of loop ##################  
 ####### Case469 	 Computation time:0.8633179664611816 	 Step29/58	- AllReachGoal-True

2025-12-12 23:57:18,379 - PaperAgentLogger - INFO - current rateReachGoal: 0
2025-12-12 23:57:18,398 - PaperAgentLogger - DEBUG - New map
2025-12-12 23:57:19,413 - PaperAgentLogger - INFO - ################## PaperArchitecture_map20x20_rho1_10Agent/K3_HS0/1765556206 - End of loop ##################  
 ####### Case470 	 Computation time:1.0143687725067139 	 Step34/54	- AllReachGoal-True

2025-12-12 23:57:19,414 - PaperAgentLogger - INFO - current rateReachGoal: 0
2025-12-12 23:57:19,433 - PaperAgentLogger - DEBUG - New map
2025-12-12 23:57:20,416 - PaperAgentLogger - INFO - ################## PaperArchitecture_map20x20_rho1_10Agent/K3_HS0/1765556206 - End of loop ##################  
 ####### Case471 	 Computation time:0.9817047119140625 	 Step33/60	- AllReachGoal-True

2025-12-12 23:57:20,416 - PaperAgentLogger - INFO - current rateReachGoal: 0
2025-12-12 23:57:20,434 - PaperAgentLogger - DEBUG - New map
2025-12-12 23:57:22,115 - PaperAgentLogger - INFO - ################## PaperArchitecture_map20x20_rho1_10Agent/K3_HS0/1765556206 - End of loop ##################  
 ####### Case472 	 Computation time:1.6798450946807861 	 Step56/56	- AllReachGoal-False

2025-12-12 23:57:22,115 - PaperAgentLogger - INFO - current rateReachGoal: 0
2025-12-12 23:57:22,136 - PaperAgentLogger - DEBUG - New map
2025-12-12 23:57:23,283 - PaperAgentLogger - INFO - ################## PaperArchitecture_map20x20_rho1_10Agent/K3_HS0/1765556206 - End of loop ##################  
 ####### Case473 	 Computation time:1.1465106010437012 	 Step36/64	- AllReachGoal-True

2025-12-12 23:57:23,284 - PaperAgentLogger - INFO - current rateReachGoal: 0
2025-12-12 23:57:23,303 - PaperAgentLogger - DEBUG - New map
2025-12-12 23:57:24,259 - PaperAgentLogger - INFO - ################## PaperArchitecture_map20x20_rho1_10Agent/K3_HS0/1765556206 - End of loop ##################  
 ####### Case474 	 Computation time:0.9560465812683105 	 Step30/60	- AllReachGoal-True

2025-12-12 23:57:24,260 - PaperAgentLogger - INFO - current rateReachGoal: 0
2025-12-12 23:57:24,280 - PaperAgentLogger - DEBUG - New map
2025-12-12 23:57:25,262 - PaperAgentLogger - INFO - ################## PaperArchitecture_map20x20_rho1_10Agent/K3_HS0/1765556206 - End of loop ##################  
 ####### Case475 	 Computation time:0.9814646244049072 	 Step31/62	- AllReachGoal-True

2025-12-12 23:57:25,263 - PaperAgentLogger - INFO - current rateReachGoal: 0
2025-12-12 23:57:25,278 - PaperAgentLogger - DEBUG - New map
2025-12-12 23:57:25,941 - PaperAgentLogger - INFO - ################## PaperArchitecture_map20x20_rho1_10Agent/K3_HS0/1765556206 - End of loop ##################  
 ####### Case476 	 Computation time:0.6621885299682617 	 Step22/42	- AllReachGoal-True

2025-12-12 23:57:25,942 - PaperAgentLogger - INFO - current rateReachGoal: 0
2025-12-12 23:57:25,962 - PaperAgentLogger - DEBUG - New map
2025-12-12 23:57:27,634 - PaperAgentLogger - INFO - ################## PaperArchitecture_map20x20_rho1_10Agent/K3_HS0/1765556206 - End of loop ##################  
 ####### Case477 	 Computation time:1.6717438697814941 	 Step52/64	- AllReachGoal-True

2025-12-12 23:57:27,635 - PaperAgentLogger - INFO - current rateReachGoal: 0
2025-12-12 23:57:27,653 - PaperAgentLogger - DEBUG - New map
2025-12-12 23:57:28,998 - PaperAgentLogger - INFO - ################## PaperArchitecture_map20x20_rho1_10Agent/K3_HS0/1765556206 - End of loop ##################  
 ####### Case478 	 Computation time:1.3443198204040527 	 Step41/50	- AllReachGoal-True

2025-12-12 23:57:28,998 - PaperAgentLogger - INFO - current rateReachGoal: 0
2025-12-12 23:57:29,015 - PaperAgentLogger - DEBUG - New map
2025-12-12 23:57:30,610 - PaperAgentLogger - INFO - ################## PaperArchitecture_map20x20_rho1_10Agent/K3_HS0/1765556206 - End of loop ##################  
 ####### Case479 	 Computation time:1.5940062999725342 	 Step50/50	- AllReachGoal-False

2025-12-12 23:57:30,611 - PaperAgentLogger - INFO - current rateReachGoal: 0
2025-12-12 23:57:30,631 - PaperAgentLogger - DEBUG - New map
2025-12-12 23:57:32,479 - PaperAgentLogger - INFO - ################## PaperArchitecture_map20x20_rho1_10Agent/K3_HS0/1765556206 - End of loop ##################  
 ####### Case480 	 Computation time:1.8475162982940674 	 Step62/62	- AllReachGoal-False

2025-12-12 23:57:32,480 - PaperAgentLogger - INFO - current rateReachGoal: 0
2025-12-12 23:57:32,497 - PaperAgentLogger - DEBUG - New map
2025-12-12 23:57:33,824 - PaperAgentLogger - INFO - ################## PaperArchitecture_map20x20_rho1_10Agent/K3_HS0/1765556206 - End of loop ##################  
 ####### Case481 	 Computation time:1.3263742923736572 	 Step44/44	- AllReachGoal-False

2025-12-12 23:57:33,825 - PaperAgentLogger - INFO - current rateReachGoal: 0
2025-12-12 23:57:33,842 - PaperAgentLogger - DEBUG - New map
2025-12-12 23:57:35,397 - PaperAgentLogger - INFO - ################## PaperArchitecture_map20x20_rho1_10Agent/K3_HS0/1765556206 - End of loop ##################  
 ####### Case482 	 Computation time:1.5538294315338135 	 Step52/52	- AllReachGoal-False

2025-12-12 23:57:35,397 - PaperAgentLogger - INFO - current rateReachGoal: 0
2025-12-12 23:57:35,416 - PaperAgentLogger - DEBUG - New map
2025-12-12 23:57:36,289 - PaperAgentLogger - INFO - ################## PaperArchitecture_map20x20_rho1_10Agent/K3_HS0/1765556206 - End of loop ##################  
 ####### Case483 	 Computation time:0.8719608783721924 	 Step29/54	- AllReachGoal-True

2025-12-12 23:57:36,289 - PaperAgentLogger - INFO - current rateReachGoal: 0
2025-12-12 23:57:36,308 - PaperAgentLogger - DEBUG - New map
2025-12-12 23:57:37,985 - PaperAgentLogger - INFO - ################## PaperArchitecture_map20x20_rho1_10Agent/K3_HS0/1765556206 - End of loop ##################  
 ####### Case484 	 Computation time:1.676262378692627 	 Step56/56	- AllReachGoal-False

2025-12-12 23:57:37,986 - PaperAgentLogger - INFO - current rateReachGoal: 0
2025-12-12 23:57:38,005 - PaperAgentLogger - DEBUG - New map
2025-12-12 23:57:39,807 - PaperAgentLogger - INFO - ################## PaperArchitecture_map20x20_rho1_10Agent/K3_HS0/1765556206 - End of loop ##################  
 ####### Case485 	 Computation time:1.801664113998413 	 Step60/60	- AllReachGoal-False

2025-12-12 23:57:39,808 - PaperAgentLogger - INFO - current rateReachGoal: 0
2025-12-12 23:57:39,826 - PaperAgentLogger - DEBUG - New map
2025-12-12 23:57:40,649 - PaperAgentLogger - INFO - ################## PaperArchitecture_map20x20_rho1_10Agent/K3_HS0/1765556206 - End of loop ##################  
 ####### Case486 	 Computation time:0.8227171897888184 	 Step26/52	- AllReachGoal-True

2025-12-12 23:57:40,651 - PaperAgentLogger - INFO - current rateReachGoal: 0
2025-12-12 23:57:40,669 - PaperAgentLogger - DEBUG - New map
2025-12-12 23:57:41,335 - PaperAgentLogger - INFO - ################## PaperArchitecture_map20x20_rho1_10Agent/K3_HS0/1765556206 - End of loop ##################  
 ####### Case487 	 Computation time:0.6652078628540039 	 Step22/42	- AllReachGoal-True

2025-12-12 23:57:41,336 - PaperAgentLogger - INFO - current rateReachGoal: 0
2025-12-12 23:57:41,353 - PaperAgentLogger - DEBUG - New map
2025-12-12 23:57:42,122 - PaperAgentLogger - INFO - ################## PaperArchitecture_map20x20_rho1_10Agent/K3_HS0/1765556206 - End of loop ##################  
 ####### Case488 	 Computation time:0.7679142951965332 	 Step24/48	- AllReachGoal-True

2025-12-12 23:57:42,122 - PaperAgentLogger - INFO - current rateReachGoal: 0
2025-12-12 23:57:42,139 - PaperAgentLogger - DEBUG - New map
2025-12-12 23:57:43,383 - PaperAgentLogger - INFO - ################## PaperArchitecture_map20x20_rho1_10Agent/K3_HS0/1765556206 - End of loop ##################  
 ####### Case489 	 Computation time:1.2433981895446777 	 Step42/42	- AllReachGoal-False

2025-12-12 23:57:43,383 - PaperAgentLogger - INFO - current rateReachGoal: 0
2025-12-12 23:57:43,402 - PaperAgentLogger - DEBUG - New map
2025-12-12 23:57:44,216 - PaperAgentLogger - INFO - ################## PaperArchitecture_map20x20_rho1_10Agent/K3_HS0/1765556206 - End of loop ##################  
 ####### Case490 	 Computation time:0.8138844966888428 	 Step27/46	- AllReachGoal-True

2025-12-12 23:57:44,217 - PaperAgentLogger - INFO - current rateReachGoal: 0
2025-12-12 23:57:44,238 - PaperAgentLogger - DEBUG - New map
2025-12-12 23:57:45,529 - PaperAgentLogger - INFO - ################## PaperArchitecture_map20x20_rho1_10Agent/K3_HS0/1765556206 - End of loop ##################  
 ####### Case491 	 Computation time:1.2906296253204346 	 Step43/66	- AllReachGoal-True

2025-12-12 23:57:45,530 - PaperAgentLogger - INFO - current rateReachGoal: 0
2025-12-12 23:57:45,552 - PaperAgentLogger - DEBUG - New map
2025-12-12 23:57:46,487 - PaperAgentLogger - INFO - ################## PaperArchitecture_map20x20_rho1_10Agent/K3_HS0/1765556206 - End of loop ##################  
 ####### Case492 	 Computation time:0.9350101947784424 	 Step31/58	- AllReachGoal-True

2025-12-12 23:57:46,490 - PaperAgentLogger - INFO - current rateReachGoal: 0
2025-12-12 23:57:46,507 - PaperAgentLogger - DEBUG - New map
2025-12-12 23:57:47,287 - PaperAgentLogger - INFO - ################## PaperArchitecture_map20x20_rho1_10Agent/K3_HS0/1765556206 - End of loop ##################  
 ####### Case493 	 Computation time:0.7802069187164307 	 Step26/44	- AllReachGoal-True

2025-12-12 23:57:47,288 - PaperAgentLogger - INFO - current rateReachGoal: 0
2025-12-12 23:57:47,309 - PaperAgentLogger - DEBUG - New map
2025-12-12 23:57:48,585 - PaperAgentLogger - INFO - ################## PaperArchitecture_map20x20_rho1_10Agent/K3_HS0/1765556206 - End of loop ##################  
 ####### Case494 	 Computation time:1.275665283203125 	 Step41/64	- AllReachGoal-True

2025-12-12 23:57:48,586 - PaperAgentLogger - INFO - current rateReachGoal: 0
2025-12-12 23:57:48,604 - PaperAgentLogger - DEBUG - New map
2025-12-12 23:57:50,249 - PaperAgentLogger - INFO - ################## PaperArchitecture_map20x20_rho1_10Agent/K3_HS0/1765556206 - End of loop ##################  
 ####### Case495 	 Computation time:1.6444706916809082 	 Step56/56	- AllReachGoal-False

2025-12-12 23:57:50,250 - PaperAgentLogger - INFO - current rateReachGoal: 0
2025-12-12 23:57:50,270 - PaperAgentLogger - DEBUG - New map
2025-12-12 23:57:51,219 - PaperAgentLogger - INFO - ################## PaperArchitecture_map20x20_rho1_10Agent/K3_HS0/1765556206 - End of loop ##################  
 ####### Case496 	 Computation time:0.9482495784759521 	 Step32/62	- AllReachGoal-True

2025-12-12 23:57:51,220 - PaperAgentLogger - INFO - current rateReachGoal: 0
2025-12-12 23:57:51,239 - PaperAgentLogger - DEBUG - New map
2025-12-12 23:57:52,890 - PaperAgentLogger - INFO - ################## PaperArchitecture_map20x20_rho1_10Agent/K3_HS0/1765556206 - End of loop ##################  
 ####### Case497 	 Computation time:1.6504933834075928 	 Step56/56	- AllReachGoal-False

2025-12-12 23:57:52,891 - PaperAgentLogger - INFO - current rateReachGoal: 0
2025-12-12 23:57:52,911 - PaperAgentLogger - DEBUG - New map
2025-12-12 23:57:53,799 - PaperAgentLogger - INFO - ################## PaperArchitecture_map20x20_rho1_10Agent/K3_HS0/1765556206 - End of loop ##################  
 ####### Case498 	 Computation time:0.8875257968902588 	 Step29/58	- AllReachGoal-True

2025-12-12 23:57:53,800 - PaperAgentLogger - INFO - current rateReachGoal: 0
2025-12-12 23:57:53,821 - PaperAgentLogger - DEBUG - New map
2025-12-12 23:57:55,825 - PaperAgentLogger - INFO - ################## PaperArchitecture_map20x20_rho1_10Agent/K3_HS0/1765556206 - End of loop ##################  
 ####### Case499 	 Computation time:2.0038986206054688 	 Step68/68	- AllReachGoal-False

2025-12-12 23:57:55,826 - PaperAgentLogger - INFO - current rateReachGoal: 0
2025-12-12 23:57:55,844 - PaperAgentLogger - DEBUG - New map
2025-12-12 23:57:56,843 - PaperAgentLogger - INFO - ################## PaperArchitecture_map20x20_rho1_10Agent/K3_HS0/1765556206 - End of loop ##################  
 ####### Case500 	 Computation time:0.9986882209777832 	 Step32/54	- AllReachGoal-True

2025-12-12 23:57:56,844 - PaperAgentLogger - INFO - current rateReachGoal: 0
2025-12-12 23:57:56,862 - PaperAgentLogger - DEBUG - New map
2025-12-12 23:57:58,335 - PaperAgentLogger - INFO - ################## PaperArchitecture_map20x20_rho1_10Agent/K3_HS0/1765556206 - End of loop ##################  
 ####### Case501 	 Computation time:1.472900390625 	 Step50/50	- AllReachGoal-False

2025-12-12 23:57:58,336 - PaperAgentLogger - INFO - current rateReachGoal: 0
2025-12-12 23:57:58,351 - PaperAgentLogger - DEBUG - New map
2025-12-12 23:57:59,602 - PaperAgentLogger - INFO - ################## PaperArchitecture_map20x20_rho1_10Agent/K3_HS0/1765556206 - End of loop ##################  
 ####### Case502 	 Computation time:1.2496616840362549 	 Step42/42	- AllReachGoal-False

2025-12-12 23:57:59,602 - PaperAgentLogger - INFO - current rateReachGoal: 0
2025-12-12 23:57:59,620 - PaperAgentLogger - DEBUG - New map
2025-12-12 23:58:01,057 - PaperAgentLogger - INFO - ################## PaperArchitecture_map20x20_rho1_10Agent/K3_HS0/1765556206 - End of loop ##################  
 ####### Case503 	 Computation time:1.4361717700958252 	 Step48/48	- AllReachGoal-False

2025-12-12 23:58:01,057 - PaperAgentLogger - INFO - current rateReachGoal: 0
2025-12-12 23:58:01,076 - PaperAgentLogger - DEBUG - New map
2025-12-12 23:58:02,177 - PaperAgentLogger - INFO - ################## PaperArchitecture_map20x20_rho1_10Agent/K3_HS0/1765556206 - End of loop ##################  
 ####### Case504 	 Computation time:1.1003773212432861 	 Step37/62	- AllReachGoal-True

2025-12-12 23:58:02,178 - PaperAgentLogger - INFO - current rateReachGoal: 0
2025-12-12 23:58:02,196 - PaperAgentLogger - DEBUG - New map
2025-12-12 23:58:03,323 - PaperAgentLogger - INFO - ################## PaperArchitecture_map20x20_rho1_10Agent/K3_HS0/1765556206 - End of loop ##################  
 ####### Case505 	 Computation time:1.1264843940734863 	 Step37/48	- AllReachGoal-True

2025-12-12 23:58:03,324 - PaperAgentLogger - INFO - current rateReachGoal: 0
2025-12-12 23:58:03,344 - PaperAgentLogger - DEBUG - New map
2025-12-12 23:58:04,497 - PaperAgentLogger - INFO - ################## PaperArchitecture_map20x20_rho1_10Agent/K3_HS0/1765556206 - End of loop ##################  
 ####### Case506 	 Computation time:1.1521456241607666 	 Step37/66	- AllReachGoal-True

2025-12-12 23:58:04,498 - PaperAgentLogger - INFO - current rateReachGoal: 0
2025-12-12 23:58:04,517 - PaperAgentLogger - DEBUG - New map
2025-12-12 23:58:06,034 - PaperAgentLogger - INFO - ################## PaperArchitecture_map20x20_rho1_10Agent/K3_HS0/1765556206 - End of loop ##################  
 ####### Case507 	 Computation time:1.5166313648223877 	 Step51/62	- AllReachGoal-True

2025-12-12 23:58:06,035 - PaperAgentLogger - INFO - current rateReachGoal: 0
2025-12-12 23:58:06,051 - PaperAgentLogger - DEBUG - New map
2025-12-12 23:58:07,413 - PaperAgentLogger - INFO - ################## PaperArchitecture_map20x20_rho1_10Agent/K3_HS0/1765556206 - End of loop ##################  
 ####### Case508 	 Computation time:1.3613080978393555 	 Step46/46	- AllReachGoal-False

2025-12-12 23:58:07,414 - PaperAgentLogger - INFO - current rateReachGoal: 0
2025-12-12 23:58:07,433 - PaperAgentLogger - DEBUG - New map
2025-12-12 23:58:08,325 - PaperAgentLogger - INFO - ################## PaperArchitecture_map20x20_rho1_10Agent/K3_HS0/1765556206 - End of loop ##################  
 ####### Case509 	 Computation time:0.8912792205810547 	 Step30/52	- AllReachGoal-True

2025-12-12 23:58:08,326 - PaperAgentLogger - INFO - current rateReachGoal: 0
2025-12-12 23:58:08,343 - PaperAgentLogger - DEBUG - New map
2025-12-12 23:58:09,092 - PaperAgentLogger - INFO - ################## PaperArchitecture_map20x20_rho1_10Agent/K3_HS0/1765556206 - End of loop ##################  
 ####### Case510 	 Computation time:0.7477202415466309 	 Step25/50	- AllReachGoal-True

2025-12-12 23:58:09,092 - PaperAgentLogger - INFO - current rateReachGoal: 0
2025-12-12 23:58:09,110 - PaperAgentLogger - DEBUG - New map
2025-12-12 23:58:09,764 - PaperAgentLogger - INFO - ################## PaperArchitecture_map20x20_rho1_10Agent/K3_HS0/1765556206 - End of loop ##################  
 ####### Case511 	 Computation time:0.6533942222595215 	 Step22/40	- AllReachGoal-True

2025-12-12 23:58:09,764 - PaperAgentLogger - INFO - current rateReachGoal: 0
2025-12-12 23:58:09,784 - PaperAgentLogger - DEBUG - New map
2025-12-12 23:58:10,819 - PaperAgentLogger - INFO - ################## PaperArchitecture_map20x20_rho1_10Agent/K3_HS0/1765556206 - End of loop ##################  
 ####### Case512 	 Computation time:1.0345125198364258 	 Step35/66	- AllReachGoal-True

2025-12-12 23:58:10,819 - PaperAgentLogger - INFO - current rateReachGoal: 0
2025-12-12 23:58:10,838 - PaperAgentLogger - DEBUG - New map
2025-12-12 23:58:12,484 - PaperAgentLogger - INFO - ################## PaperArchitecture_map20x20_rho1_10Agent/K3_HS0/1765556206 - End of loop ##################  
 ####### Case513 	 Computation time:1.645136833190918 	 Step56/56	- AllReachGoal-False

2025-12-12 23:58:12,485 - PaperAgentLogger - INFO - current rateReachGoal: 0
2025-12-12 23:58:12,501 - PaperAgentLogger - DEBUG - New map
2025-12-12 23:58:13,220 - PaperAgentLogger - INFO - ################## PaperArchitecture_map20x20_rho1_10Agent/K3_HS0/1765556206 - End of loop ##################  
 ####### Case514 	 Computation time:0.7177796363830566 	 Step24/48	- AllReachGoal-True

2025-12-12 23:58:13,220 - PaperAgentLogger - INFO - current rateReachGoal: 0
2025-12-12 23:58:13,240 - PaperAgentLogger - DEBUG - New map
2025-12-12 23:58:14,160 - PaperAgentLogger - INFO - ################## PaperArchitecture_map20x20_rho1_10Agent/K3_HS0/1765556206 - End of loop ##################  
 ####### Case515 	 Computation time:0.9197654724121094 	 Step31/62	- AllReachGoal-True

2025-12-12 23:58:14,162 - PaperAgentLogger - INFO - current rateReachGoal: 0
2025-12-12 23:58:14,181 - PaperAgentLogger - DEBUG - New map
2025-12-12 23:58:15,960 - PaperAgentLogger - INFO - ################## PaperArchitecture_map20x20_rho1_10Agent/K3_HS0/1765556206 - End of loop ##################  
 ####### Case516 	 Computation time:1.7782881259918213 	 Step60/60	- AllReachGoal-False

2025-12-12 23:58:15,960 - PaperAgentLogger - INFO - current rateReachGoal: 0
2025-12-12 23:58:15,979 - PaperAgentLogger - DEBUG - New map
2025-12-12 23:58:16,874 - PaperAgentLogger - INFO - ################## PaperArchitecture_map20x20_rho1_10Agent/K3_HS0/1765556206 - End of loop ##################  
 ####### Case517 	 Computation time:0.894707202911377 	 Step30/56	- AllReachGoal-True

2025-12-12 23:58:16,875 - PaperAgentLogger - INFO - current rateReachGoal: 0
2025-12-12 23:58:16,893 - PaperAgentLogger - DEBUG - New map
2025-12-12 23:58:18,545 - PaperAgentLogger - INFO - ################## PaperArchitecture_map20x20_rho1_10Agent/K3_HS0/1765556206 - End of loop ##################  
 ####### Case518 	 Computation time:1.6511576175689697 	 Step56/56	- AllReachGoal-False

2025-12-12 23:58:18,545 - PaperAgentLogger - INFO - current rateReachGoal: 0
2025-12-12 23:58:18,565 - PaperAgentLogger - DEBUG - New map
2025-12-12 23:58:19,809 - PaperAgentLogger - INFO - ################## PaperArchitecture_map20x20_rho1_10Agent/K3_HS0/1765556206 - End of loop ##################  
 ####### Case519 	 Computation time:1.2434449195861816 	 Step42/70	- AllReachGoal-True

2025-12-12 23:58:19,810 - PaperAgentLogger - INFO - current rateReachGoal: 0
2025-12-12 23:58:19,828 - PaperAgentLogger - DEBUG - New map
2025-12-12 23:58:21,314 - PaperAgentLogger - INFO - ################## PaperArchitecture_map20x20_rho1_10Agent/K3_HS0/1765556206 - End of loop ##################  
 ####### Case520 	 Computation time:1.485527753829956 	 Step50/50	- AllReachGoal-False

2025-12-12 23:58:21,315 - PaperAgentLogger - INFO - current rateReachGoal: 0
2025-12-12 23:58:21,333 - PaperAgentLogger - DEBUG - New map
2025-12-12 23:58:22,754 - PaperAgentLogger - INFO - ################## PaperArchitecture_map20x20_rho1_10Agent/K3_HS0/1765556206 - End of loop ##################  
 ####### Case521 	 Computation time:1.4203693866729736 	 Step48/48	- AllReachGoal-False

2025-12-12 23:58:22,754 - PaperAgentLogger - INFO - current rateReachGoal: 0
2025-12-12 23:58:22,773 - PaperAgentLogger - DEBUG - New map
2025-12-12 23:58:24,370 - PaperAgentLogger - INFO - ################## PaperArchitecture_map20x20_rho1_10Agent/K3_HS0/1765556206 - End of loop ##################  
 ####### Case522 	 Computation time:1.5966098308563232 	 Step54/54	- AllReachGoal-False

2025-12-12 23:58:24,371 - PaperAgentLogger - INFO - current rateReachGoal: 0
2025-12-12 23:58:24,390 - PaperAgentLogger - DEBUG - New map
2025-12-12 23:58:25,198 - PaperAgentLogger - INFO - ################## PaperArchitecture_map20x20_rho1_10Agent/K3_HS0/1765556206 - End of loop ##################  
 ####### Case523 	 Computation time:0.8075766563415527 	 Step27/54	- AllReachGoal-True

2025-12-12 23:58:25,201 - PaperAgentLogger - INFO - current rateReachGoal: 0
2025-12-12 23:58:25,217 - PaperAgentLogger - DEBUG - New map
2025-12-12 23:58:25,850 - PaperAgentLogger - INFO - ################## PaperArchitecture_map20x20_rho1_10Agent/K3_HS0/1765556206 - End of loop ##################  
 ####### Case524 	 Computation time:0.6323225498199463 	 Step21/42	- AllReachGoal-True

2025-12-12 23:58:25,850 - PaperAgentLogger - INFO - current rateReachGoal: 0
2025-12-12 23:58:25,869 - PaperAgentLogger - DEBUG - New map
2025-12-12 23:58:26,647 - PaperAgentLogger - INFO - ################## PaperArchitecture_map20x20_rho1_10Agent/K3_HS0/1765556206 - End of loop ##################  
 ####### Case525 	 Computation time:0.7765734195709229 	 Step26/48	- AllReachGoal-True

2025-12-12 23:58:26,647 - PaperAgentLogger - INFO - current rateReachGoal: 0
2025-12-12 23:58:26,669 - PaperAgentLogger - DEBUG - New map
2025-12-12 23:58:27,737 - PaperAgentLogger - INFO - ################## PaperArchitecture_map20x20_rho1_10Agent/K3_HS0/1765556206 - End of loop ##################  
 ####### Case526 	 Computation time:1.0678343772888184 	 Step36/68	- AllReachGoal-True

2025-12-12 23:58:27,738 - PaperAgentLogger - INFO - current rateReachGoal: 0
2025-12-12 23:58:27,757 - PaperAgentLogger - DEBUG - New map
2025-12-12 23:58:28,651 - PaperAgentLogger - INFO - ################## PaperArchitecture_map20x20_rho1_10Agent/K3_HS0/1765556206 - End of loop ##################  
 ####### Case527 	 Computation time:0.8941872119903564 	 Step30/56	- AllReachGoal-True

2025-12-12 23:58:28,652 - PaperAgentLogger - INFO - current rateReachGoal: 0
2025-12-12 23:58:28,670 - PaperAgentLogger - DEBUG - New map
2025-12-12 23:58:29,480 - PaperAgentLogger - INFO - ################## PaperArchitecture_map20x20_rho1_10Agent/K3_HS0/1765556206 - End of loop ##################  
 ####### Case528 	 Computation time:0.8100895881652832 	 Step26/50	- AllReachGoal-True

2025-12-12 23:58:29,481 - PaperAgentLogger - INFO - current rateReachGoal: 0
2025-12-12 23:58:29,500 - PaperAgentLogger - DEBUG - New map
2025-12-12 23:58:30,825 - PaperAgentLogger - INFO - ################## PaperArchitecture_map20x20_rho1_10Agent/K3_HS0/1765556206 - End of loop ##################  
 ####### Case529 	 Computation time:1.3241839408874512 	 Step45/56	- AllReachGoal-True

2025-12-12 23:58:30,825 - PaperAgentLogger - INFO - current rateReachGoal: 0
2025-12-12 23:58:30,842 - PaperAgentLogger - DEBUG - New map
2025-12-12 23:58:31,557 - PaperAgentLogger - INFO - ################## PaperArchitecture_map20x20_rho1_10Agent/K3_HS0/1765556206 - End of loop ##################  
 ####### Case530 	 Computation time:0.7148845195770264 	 Step24/48	- AllReachGoal-True

2025-12-12 23:58:31,558 - PaperAgentLogger - INFO - current rateReachGoal: 0
2025-12-12 23:58:31,574 - PaperAgentLogger - DEBUG - New map
2025-12-12 23:58:32,298 - PaperAgentLogger - INFO - ################## PaperArchitecture_map20x20_rho1_10Agent/K3_HS0/1765556206 - End of loop ##################  
 ####### Case531 	 Computation time:0.7231185436248779 	 Step22/42	- AllReachGoal-True

2025-12-12 23:58:32,298 - PaperAgentLogger - INFO - current rateReachGoal: 0
2025-12-12 23:58:32,319 - PaperAgentLogger - DEBUG - New map
2025-12-12 23:58:33,458 - PaperAgentLogger - INFO - ################## PaperArchitecture_map20x20_rho1_10Agent/K3_HS0/1765556206 - End of loop ##################  
 ####### Case532 	 Computation time:1.1376323699951172 	 Step36/62	- AllReachGoal-True

2025-12-12 23:58:33,458 - PaperAgentLogger - INFO - current rateReachGoal: 0
2025-12-12 23:58:33,476 - PaperAgentLogger - DEBUG - New map
2025-12-12 23:58:34,842 - PaperAgentLogger - INFO - ################## PaperArchitecture_map20x20_rho1_10Agent/K3_HS0/1765556206 - End of loop ##################  
 ####### Case533 	 Computation time:1.3655951023101807 	 Step46/46	- AllReachGoal-False

2025-12-12 23:58:34,843 - PaperAgentLogger - INFO - current rateReachGoal: 0
2025-12-12 23:58:34,859 - PaperAgentLogger - DEBUG - New map
2025-12-12 23:58:36,291 - PaperAgentLogger - INFO - ################## PaperArchitecture_map20x20_rho1_10Agent/K3_HS0/1765556206 - End of loop ##################  
 ####### Case534 	 Computation time:1.430652141571045 	 Step48/48	- AllReachGoal-False

2025-12-12 23:58:36,293 - PaperAgentLogger - INFO - current rateReachGoal: 0
2025-12-12 23:58:36,313 - PaperAgentLogger - DEBUG - New map
2025-12-12 23:58:38,142 - PaperAgentLogger - INFO - ################## PaperArchitecture_map20x20_rho1_10Agent/K3_HS0/1765556206 - End of loop ##################  
 ####### Case535 	 Computation time:1.8289353847503662 	 Step62/62	- AllReachGoal-False

2025-12-12 23:58:38,143 - PaperAgentLogger - INFO - current rateReachGoal: 0
2025-12-12 23:58:38,163 - PaperAgentLogger - DEBUG - New map
2025-12-12 23:58:39,097 - PaperAgentLogger - INFO - ################## PaperArchitecture_map20x20_rho1_10Agent/K3_HS0/1765556206 - End of loop ##################  
 ####### Case536 	 Computation time:0.9334452152252197 	 Step31/62	- AllReachGoal-True

2025-12-12 23:58:39,097 - PaperAgentLogger - INFO - current rateReachGoal: 0
2025-12-12 23:58:39,117 - PaperAgentLogger - DEBUG - New map
2025-12-12 23:58:40,290 - PaperAgentLogger - INFO - ################## PaperArchitecture_map20x20_rho1_10Agent/K3_HS0/1765556206 - End of loop ##################  
 ####### Case537 	 Computation time:1.17228364944458 	 Step38/66	- AllReachGoal-True

2025-12-12 23:58:40,290 - PaperAgentLogger - INFO - current rateReachGoal: 0
2025-12-12 23:58:40,308 - PaperAgentLogger - DEBUG - New map
2025-12-12 23:58:41,091 - PaperAgentLogger - INFO - ################## PaperArchitecture_map20x20_rho1_10Agent/K3_HS0/1765556206 - End of loop ##################  
 ####### Case538 	 Computation time:0.7827169895172119 	 Step26/48	- AllReachGoal-True

2025-12-12 23:58:41,092 - PaperAgentLogger - INFO - current rateReachGoal: 0
2025-12-12 23:58:41,109 - PaperAgentLogger - DEBUG - New map
2025-12-12 23:58:42,471 - PaperAgentLogger - INFO - ################## PaperArchitecture_map20x20_rho1_10Agent/K3_HS0/1765556206 - End of loop ##################  
 ####### Case539 	 Computation time:1.3618509769439697 	 Step43/46	- AllReachGoal-True

2025-12-12 23:58:42,472 - PaperAgentLogger - INFO - current rateReachGoal: 0
2025-12-12 23:58:42,491 - PaperAgentLogger - DEBUG - New map
2025-12-12 23:58:43,386 - PaperAgentLogger - INFO - ################## PaperArchitecture_map20x20_rho1_10Agent/K3_HS0/1765556206 - End of loop ##################  
 ####### Case540 	 Computation time:0.8946089744567871 	 Step29/58	- AllReachGoal-True

2025-12-12 23:58:43,386 - PaperAgentLogger - INFO - current rateReachGoal: 0
2025-12-12 23:58:43,406 - PaperAgentLogger - DEBUG - New map
2025-12-12 23:58:44,952 - PaperAgentLogger - INFO - ################## PaperArchitecture_map20x20_rho1_10Agent/K3_HS0/1765556206 - End of loop ##################  
 ####### Case541 	 Computation time:1.5455653667449951 	 Step52/52	- AllReachGoal-False

2025-12-12 23:58:44,953 - PaperAgentLogger - INFO - current rateReachGoal: 0
2025-12-12 23:58:44,972 - PaperAgentLogger - DEBUG - New map
2025-12-12 23:58:46,080 - PaperAgentLogger - INFO - ################## PaperArchitecture_map20x20_rho1_10Agent/K3_HS0/1765556206 - End of loop ##################  
 ####### Case542 	 Computation time:1.1071176528930664 	 Step34/64	- AllReachGoal-True

2025-12-12 23:58:46,081 - PaperAgentLogger - INFO - current rateReachGoal: 0
2025-12-12 23:58:46,098 - PaperAgentLogger - DEBUG - New map
2025-12-12 23:58:47,734 - PaperAgentLogger - INFO - ################## PaperArchitecture_map20x20_rho1_10Agent/K3_HS0/1765556206 - End of loop ##################  
 ####### Case543 	 Computation time:1.635725498199463 	 Step52/52	- AllReachGoal-False

2025-12-12 23:58:47,736 - PaperAgentLogger - INFO - current rateReachGoal: 0
2025-12-12 23:58:47,753 - PaperAgentLogger - DEBUG - New map
2025-12-12 23:58:49,143 - PaperAgentLogger - INFO - ################## PaperArchitecture_map20x20_rho1_10Agent/K3_HS0/1765556206 - End of loop ##################  
 ####### Case544 	 Computation time:1.3891170024871826 	 Step46/46	- AllReachGoal-False

2025-12-12 23:58:49,143 - PaperAgentLogger - INFO - current rateReachGoal: 0
2025-12-12 23:58:49,162 - PaperAgentLogger - DEBUG - New map
2025-12-12 23:58:50,151 - PaperAgentLogger - INFO - ################## PaperArchitecture_map20x20_rho1_10Agent/K3_HS0/1765556206 - End of loop ##################  
 ####### Case545 	 Computation time:0.9876723289489746 	 Step31/56	- AllReachGoal-True

2025-12-12 23:58:50,151 - PaperAgentLogger - INFO - current rateReachGoal: 0
2025-12-12 23:58:50,170 - PaperAgentLogger - DEBUG - New map
2025-12-12 23:58:51,912 - PaperAgentLogger - INFO - ################## PaperArchitecture_map20x20_rho1_10Agent/K3_HS0/1765556206 - End of loop ##################  
 ####### Case546 	 Computation time:1.7419524192810059 	 Step54/54	- AllReachGoal-False

2025-12-12 23:58:51,913 - PaperAgentLogger - INFO - current rateReachGoal: 0
2025-12-12 23:58:51,932 - PaperAgentLogger - DEBUG - New map
2025-12-12 23:58:52,733 - PaperAgentLogger - INFO - ################## PaperArchitecture_map20x20_rho1_10Agent/K3_HS0/1765556206 - End of loop ##################  
 ####### Case547 	 Computation time:0.8008952140808105 	 Step27/54	- AllReachGoal-True

2025-12-12 23:58:52,735 - PaperAgentLogger - INFO - current rateReachGoal: 0
2025-12-12 23:58:52,753 - PaperAgentLogger - DEBUG - New map
2025-12-12 23:58:54,284 - PaperAgentLogger - INFO - ################## PaperArchitecture_map20x20_rho1_10Agent/K3_HS0/1765556206 - End of loop ##################  
 ####### Case548 	 Computation time:1.530003547668457 	 Step48/48	- AllReachGoal-False

2025-12-12 23:58:54,284 - PaperAgentLogger - INFO - current rateReachGoal: 0
2025-12-12 23:58:54,303 - PaperAgentLogger - DEBUG - New map
2025-12-12 23:58:56,012 - PaperAgentLogger - INFO - ################## PaperArchitecture_map20x20_rho1_10Agent/K3_HS0/1765556206 - End of loop ##################  
 ####### Case549 	 Computation time:1.7086400985717773 	 Step52/52	- AllReachGoal-False

2025-12-12 23:58:56,013 - PaperAgentLogger - INFO - current rateReachGoal: 0
2025-12-12 23:58:56,033 - PaperAgentLogger - DEBUG - New map
2025-12-12 23:58:56,881 - PaperAgentLogger - INFO - ################## PaperArchitecture_map20x20_rho1_10Agent/K3_HS0/1765556206 - End of loop ##################  
 ####### Case550 	 Computation time:0.847313404083252 	 Step29/58	- AllReachGoal-True

2025-12-12 23:58:56,881 - PaperAgentLogger - INFO - current rateReachGoal: 0
2025-12-12 23:58:56,901 - PaperAgentLogger - DEBUG - New map
2025-12-12 23:58:58,810 - PaperAgentLogger - INFO - ################## PaperArchitecture_map20x20_rho1_10Agent/K3_HS0/1765556206 - End of loop ##################  
 ####### Case551 	 Computation time:1.9083549976348877 	 Step66/66	- AllReachGoal-False

2025-12-12 23:58:58,811 - PaperAgentLogger - INFO - current rateReachGoal: 0
2025-12-12 23:58:58,829 - PaperAgentLogger - DEBUG - New map
2025-12-12 23:58:59,759 - PaperAgentLogger - INFO - ################## PaperArchitecture_map20x20_rho1_10Agent/K3_HS0/1765556206 - End of loop ##################  
 ####### Case552 	 Computation time:0.9298567771911621 	 Step32/64	- AllReachGoal-True

2025-12-12 23:58:59,760 - PaperAgentLogger - INFO - current rateReachGoal: 0
2025-12-12 23:58:59,778 - PaperAgentLogger - DEBUG - New map
2025-12-12 23:59:01,507 - PaperAgentLogger - INFO - ################## PaperArchitecture_map20x20_rho1_10Agent/K3_HS0/1765556206 - End of loop ##################  
 ####### Case553 	 Computation time:1.7285549640655518 	 Step60/60	- AllReachGoal-False

2025-12-12 23:59:01,508 - PaperAgentLogger - INFO - current rateReachGoal: 0
2025-12-12 23:59:01,526 - PaperAgentLogger - DEBUG - New map
2025-12-12 23:59:02,316 - PaperAgentLogger - INFO - ################## PaperArchitecture_map20x20_rho1_10Agent/K3_HS0/1765556206 - End of loop ##################  
 ####### Case554 	 Computation time:0.7891640663146973 	 Step27/50	- AllReachGoal-True

2025-12-12 23:59:02,316 - PaperAgentLogger - INFO - current rateReachGoal: 0
2025-12-12 23:59:02,335 - PaperAgentLogger - DEBUG - New map
2025-12-12 23:59:04,182 - PaperAgentLogger - INFO - ################## PaperArchitecture_map20x20_rho1_10Agent/K3_HS0/1765556206 - End of loop ##################  
 ####### Case555 	 Computation time:1.8462796211242676 	 Step64/64	- AllReachGoal-True

2025-12-12 23:59:04,185 - PaperAgentLogger - INFO - current rateReachGoal: 0
2025-12-12 23:59:04,201 - PaperAgentLogger - DEBUG - New map
2025-12-12 23:59:04,961 - PaperAgentLogger - INFO - ################## PaperArchitecture_map20x20_rho1_10Agent/K3_HS0/1765556206 - End of loop ##################  
 ####### Case556 	 Computation time:0.7591609954833984 	 Step26/52	- AllReachGoal-True

2025-12-12 23:59:04,962 - PaperAgentLogger - INFO - current rateReachGoal: 0
2025-12-12 23:59:04,978 - PaperAgentLogger - DEBUG - New map
2025-12-12 23:59:05,680 - PaperAgentLogger - INFO - ################## PaperArchitecture_map20x20_rho1_10Agent/K3_HS0/1765556206 - End of loop ##################  
 ####### Case557 	 Computation time:0.7016522884368896 	 Step24/48	- AllReachGoal-True

2025-12-12 23:59:05,681 - PaperAgentLogger - INFO - current rateReachGoal: 0
2025-12-12 23:59:05,700 - PaperAgentLogger - DEBUG - New map
2025-12-12 23:59:06,723 - PaperAgentLogger - INFO - ################## PaperArchitecture_map20x20_rho1_10Agent/K3_HS0/1765556206 - End of loop ##################  
 ####### Case558 	 Computation time:1.0222926139831543 	 Step35/64	- AllReachGoal-True

2025-12-12 23:59:06,724 - PaperAgentLogger - INFO - current rateReachGoal: 0
2025-12-12 23:59:06,743 - PaperAgentLogger - DEBUG - New map
2025-12-12 23:59:07,675 - PaperAgentLogger - INFO - ################## PaperArchitecture_map20x20_rho1_10Agent/K3_HS0/1765556206 - End of loop ##################  
 ####### Case559 	 Computation time:0.9320333003997803 	 Step32/60	- AllReachGoal-True

2025-12-12 23:59:07,676 - PaperAgentLogger - INFO - current rateReachGoal: 0
2025-12-12 23:59:07,695 - PaperAgentLogger - DEBUG - New map
2025-12-12 23:59:08,624 - PaperAgentLogger - INFO - ################## PaperArchitecture_map20x20_rho1_10Agent/K3_HS0/1765556206 - End of loop ##################  
 ####### Case560 	 Computation time:0.9286789894104004 	 Step31/54	- AllReachGoal-True

2025-12-12 23:59:08,625 - PaperAgentLogger - INFO - current rateReachGoal: 0
2025-12-12 23:59:08,643 - PaperAgentLogger - DEBUG - New map
2025-12-12 23:59:10,455 - PaperAgentLogger - INFO - ################## PaperArchitecture_map20x20_rho1_10Agent/K3_HS0/1765556206 - End of loop ##################  
 ####### Case561 	 Computation time:1.8113298416137695 	 Step62/62	- AllReachGoal-False

2025-12-12 23:59:10,456 - PaperAgentLogger - INFO - current rateReachGoal: 0
2025-12-12 23:59:10,473 - PaperAgentLogger - DEBUG - New map
2025-12-12 23:59:11,801 - PaperAgentLogger - INFO - ################## PaperArchitecture_map20x20_rho1_10Agent/K3_HS0/1765556206 - End of loop ##################  
 ####### Case562 	 Computation time:1.3277263641357422 	 Step46/46	- AllReachGoal-False

2025-12-12 23:59:11,802 - PaperAgentLogger - INFO - current rateReachGoal: 0
2025-12-12 23:59:11,820 - PaperAgentLogger - DEBUG - New map
2025-12-12 23:59:12,604 - PaperAgentLogger - INFO - ################## PaperArchitecture_map20x20_rho1_10Agent/K3_HS0/1765556206 - End of loop ##################  
 ####### Case563 	 Computation time:0.7831888198852539 	 Step27/54	- AllReachGoal-True

2025-12-12 23:59:12,605 - PaperAgentLogger - INFO - current rateReachGoal: 0
2025-12-12 23:59:12,620 - PaperAgentLogger - DEBUG - New map
2025-12-12 23:59:13,803 - PaperAgentLogger - INFO - ################## PaperArchitecture_map20x20_rho1_10Agent/K3_HS0/1765556206 - End of loop ##################  
 ####### Case564 	 Computation time:1.1823434829711914 	 Step37/38	- AllReachGoal-True

2025-12-12 23:59:13,804 - PaperAgentLogger - INFO - current rateReachGoal: 0
2025-12-12 23:59:13,822 - PaperAgentLogger - DEBUG - New map
2025-12-12 23:59:14,806 - PaperAgentLogger - INFO - ################## PaperArchitecture_map20x20_rho1_10Agent/K3_HS0/1765556206 - End of loop ##################  
 ####### Case565 	 Computation time:0.9827721118927002 	 Step31/58	- AllReachGoal-True

2025-12-12 23:59:14,806 - PaperAgentLogger - INFO - current rateReachGoal: 0
2025-12-12 23:59:14,827 - PaperAgentLogger - DEBUG - New map
2025-12-12 23:59:15,781 - PaperAgentLogger - INFO - ################## PaperArchitecture_map20x20_rho1_10Agent/K3_HS0/1765556206 - End of loop ##################  
 ####### Case566 	 Computation time:0.9529321193695068 	 Step31/54	- AllReachGoal-True

2025-12-12 23:59:15,783 - PaperAgentLogger - INFO - current rateReachGoal: 0
2025-12-12 23:59:15,800 - PaperAgentLogger - DEBUG - New map
2025-12-12 23:59:17,364 - PaperAgentLogger - INFO - ################## PaperArchitecture_map20x20_rho1_10Agent/K3_HS0/1765556206 - End of loop ##################  
 ####### Case567 	 Computation time:1.563511848449707 	 Step50/50	- AllReachGoal-False

2025-12-12 23:59:17,365 - PaperAgentLogger - INFO - current rateReachGoal: 0
2025-12-12 23:59:17,384 - PaperAgentLogger - DEBUG - New map
2025-12-12 23:59:18,427 - PaperAgentLogger - INFO - ################## PaperArchitecture_map20x20_rho1_10Agent/K3_HS0/1765556206 - End of loop ##################  
 ####### Case568 	 Computation time:1.0424742698669434 	 Step34/60	- AllReachGoal-True

2025-12-12 23:59:18,428 - PaperAgentLogger - INFO - current rateReachGoal: 0
2025-12-12 23:59:18,446 - PaperAgentLogger - DEBUG - New map
2025-12-12 23:59:19,933 - PaperAgentLogger - INFO - ################## PaperArchitecture_map20x20_rho1_10Agent/K3_HS0/1765556206 - End of loop ##################  
 ####### Case569 	 Computation time:1.48604154586792 	 Step46/50	- AllReachGoal-True

2025-12-12 23:59:19,933 - PaperAgentLogger - INFO - current rateReachGoal: 0
2025-12-12 23:59:19,952 - PaperAgentLogger - DEBUG - New map
2025-12-12 23:59:20,851 - PaperAgentLogger - INFO - ################## PaperArchitecture_map20x20_rho1_10Agent/K3_HS0/1765556206 - End of loop ##################  
 ####### Case570 	 Computation time:0.8986945152282715 	 Step28/56	- AllReachGoal-True

2025-12-12 23:59:20,853 - PaperAgentLogger - INFO - current rateReachGoal: 0
2025-12-12 23:59:20,871 - PaperAgentLogger - DEBUG - New map
2025-12-12 23:59:22,549 - PaperAgentLogger - INFO - ################## PaperArchitecture_map20x20_rho1_10Agent/K3_HS0/1765556206 - End of loop ##################  
 ####### Case571 	 Computation time:1.677079439163208 	 Step56/56	- AllReachGoal-False

2025-12-12 23:59:22,549 - PaperAgentLogger - INFO - current rateReachGoal: 0
2025-12-12 23:59:22,567 - PaperAgentLogger - DEBUG - New map
2025-12-12 23:59:23,893 - PaperAgentLogger - INFO - ################## PaperArchitecture_map20x20_rho1_10Agent/K3_HS0/1765556206 - End of loop ##################  
 ####### Case572 	 Computation time:1.3258781433105469 	 Step46/54	- AllReachGoal-True

2025-12-12 23:59:23,894 - PaperAgentLogger - INFO - current rateReachGoal: 0
2025-12-12 23:59:23,911 - PaperAgentLogger - DEBUG - New map
2025-12-12 23:59:24,651 - PaperAgentLogger - INFO - ################## PaperArchitecture_map20x20_rho1_10Agent/K3_HS0/1765556206 - End of loop ##################  
 ####### Case573 	 Computation time:0.7390007972717285 	 Step25/50	- AllReachGoal-True

2025-12-12 23:59:24,652 - PaperAgentLogger - INFO - current rateReachGoal: 0
2025-12-12 23:59:24,669 - PaperAgentLogger - DEBUG - New map
2025-12-12 23:59:25,426 - PaperAgentLogger - INFO - ################## PaperArchitecture_map20x20_rho1_10Agent/K3_HS0/1765556206 - End of loop ##################  
 ####### Case574 	 Computation time:0.7560288906097412 	 Step26/52	- AllReachGoal-True

2025-12-12 23:59:25,427 - PaperAgentLogger - INFO - current rateReachGoal: 0
2025-12-12 23:59:25,442 - PaperAgentLogger - DEBUG - New map
2025-12-12 23:59:26,706 - PaperAgentLogger - INFO - ################## PaperArchitecture_map20x20_rho1_10Agent/K3_HS0/1765556206 - End of loop ##################  
 ####### Case575 	 Computation time:1.2632441520690918 	 Step42/42	- AllReachGoal-False

2025-12-12 23:59:26,707 - PaperAgentLogger - INFO - current rateReachGoal: 0
2025-12-12 23:59:26,725 - PaperAgentLogger - DEBUG - New map
2025-12-12 23:59:27,671 - PaperAgentLogger - INFO - ################## PaperArchitecture_map20x20_rho1_10Agent/K3_HS0/1765556206 - End of loop ##################  
 ####### Case576 	 Computation time:0.9445490837097168 	 Step32/60	- AllReachGoal-True

2025-12-12 23:59:27,671 - PaperAgentLogger - INFO - current rateReachGoal: 0
2025-12-12 23:59:27,689 - PaperAgentLogger - DEBUG - New map
2025-12-12 23:59:28,621 - PaperAgentLogger - INFO - ################## PaperArchitecture_map20x20_rho1_10Agent/K3_HS0/1765556206 - End of loop ##################  
 ####### Case577 	 Computation time:0.9310920238494873 	 Step32/54	- AllReachGoal-True

2025-12-12 23:59:28,622 - PaperAgentLogger - INFO - current rateReachGoal: 0
2025-12-12 23:59:28,638 - PaperAgentLogger - DEBUG - New map
2025-12-12 23:59:29,972 - PaperAgentLogger - INFO - ################## PaperArchitecture_map20x20_rho1_10Agent/K3_HS0/1765556206 - End of loop ##################  
 ####### Case578 	 Computation time:1.3330810070037842 	 Step46/46	- AllReachGoal-False

2025-12-12 23:59:29,972 - PaperAgentLogger - INFO - current rateReachGoal: 0
2025-12-12 23:59:29,989 - PaperAgentLogger - DEBUG - New map
2025-12-12 23:59:31,370 - PaperAgentLogger - INFO - ################## PaperArchitecture_map20x20_rho1_10Agent/K3_HS0/1765556206 - End of loop ##################  
 ####### Case579 	 Computation time:1.3795828819274902 	 Step48/48	- AllReachGoal-False

2025-12-12 23:59:31,370 - PaperAgentLogger - INFO - current rateReachGoal: 0
2025-12-12 23:59:31,389 - PaperAgentLogger - DEBUG - New map
2025-12-12 23:59:33,004 - PaperAgentLogger - INFO - ################## PaperArchitecture_map20x20_rho1_10Agent/K3_HS0/1765556206 - End of loop ##################  
 ####### Case580 	 Computation time:1.613884449005127 	 Step56/56	- AllReachGoal-False

2025-12-12 23:59:33,004 - PaperAgentLogger - INFO - current rateReachGoal: 0
2025-12-12 23:59:33,019 - PaperAgentLogger - DEBUG - New map
2025-12-12 23:59:33,686 - PaperAgentLogger - INFO - ################## PaperArchitecture_map20x20_rho1_10Agent/K3_HS0/1765556206 - End of loop ##################  
 ####### Case581 	 Computation time:0.6665327548980713 	 Step23/40	- AllReachGoal-True

2025-12-12 23:59:33,687 - PaperAgentLogger - INFO - current rateReachGoal: 0
2025-12-12 23:59:33,705 - PaperAgentLogger - DEBUG - New map
2025-12-12 23:59:34,457 - PaperAgentLogger - INFO - ################## PaperArchitecture_map20x20_rho1_10Agent/K3_HS0/1765556206 - End of loop ##################  
 ####### Case582 	 Computation time:0.7519936561584473 	 Step26/52	- AllReachGoal-True

2025-12-12 23:59:34,458 - PaperAgentLogger - INFO - current rateReachGoal: 0
2025-12-12 23:59:34,475 - PaperAgentLogger - DEBUG - New map
2025-12-12 23:59:35,261 - PaperAgentLogger - INFO - ################## PaperArchitecture_map20x20_rho1_10Agent/K3_HS0/1765556206 - End of loop ##################  
 ####### Case583 	 Computation time:0.7850022315979004 	 Step27/48	- AllReachGoal-True

2025-12-12 23:59:35,261 - PaperAgentLogger - INFO - current rateReachGoal: 0
2025-12-12 23:59:35,279 - PaperAgentLogger - DEBUG - New map
2025-12-12 23:59:36,839 - PaperAgentLogger - INFO - ################## PaperArchitecture_map20x20_rho1_10Agent/K3_HS0/1765556206 - End of loop ##################  
 ####### Case584 	 Computation time:1.5601119995117188 	 Step54/54	- AllReachGoal-False

2025-12-12 23:59:36,840 - PaperAgentLogger - INFO - current rateReachGoal: 0
2025-12-12 23:59:36,858 - PaperAgentLogger - DEBUG - New map
2025-12-12 23:59:37,615 - PaperAgentLogger - INFO - ################## PaperArchitecture_map20x20_rho1_10Agent/K3_HS0/1765556206 - End of loop ##################  
 ####### Case585 	 Computation time:0.7564136981964111 	 Step26/54	- AllReachGoal-True

2025-12-12 23:59:37,616 - PaperAgentLogger - INFO - current rateReachGoal: 0
2025-12-12 23:59:37,632 - PaperAgentLogger - DEBUG - New map
2025-12-12 23:59:38,360 - PaperAgentLogger - INFO - ################## PaperArchitecture_map20x20_rho1_10Agent/K3_HS0/1765556206 - End of loop ##################  
 ####### Case586 	 Computation time:0.7273919582366943 	 Step25/50	- AllReachGoal-True

2025-12-12 23:59:38,362 - PaperAgentLogger - INFO - current rateReachGoal: 0
2025-12-12 23:59:38,380 - PaperAgentLogger - DEBUG - New map
2025-12-12 23:59:39,824 - PaperAgentLogger - INFO - ################## PaperArchitecture_map20x20_rho1_10Agent/K3_HS0/1765556206 - End of loop ##################  
 ####### Case587 	 Computation time:1.4441652297973633 	 Step50/50	- AllReachGoal-False

2025-12-12 23:59:39,825 - PaperAgentLogger - INFO - current rateReachGoal: 0
2025-12-12 23:59:39,841 - PaperAgentLogger - DEBUG - New map
2025-12-12 23:59:41,292 - PaperAgentLogger - INFO - ################## PaperArchitecture_map20x20_rho1_10Agent/K3_HS0/1765556206 - End of loop ##################  
 ####### Case588 	 Computation time:1.4497554302215576 	 Step50/50	- AllReachGoal-False

2025-12-12 23:59:41,293 - PaperAgentLogger - INFO - current rateReachGoal: 0
2025-12-12 23:59:41,309 - PaperAgentLogger - DEBUG - New map
2025-12-12 23:59:42,644 - PaperAgentLogger - INFO - ################## PaperArchitecture_map20x20_rho1_10Agent/K3_HS0/1765556206 - End of loop ##################  
 ####### Case589 	 Computation time:1.3340442180633545 	 Step46/46	- AllReachGoal-True

2025-12-12 23:59:42,645 - PaperAgentLogger - INFO - current rateReachGoal: 0
2025-12-12 23:59:42,664 - PaperAgentLogger - DEBUG - New map
2025-12-12 23:59:44,515 - PaperAgentLogger - INFO - ################## PaperArchitecture_map20x20_rho1_10Agent/K3_HS0/1765556206 - End of loop ##################  
 ####### Case590 	 Computation time:1.8500895500183105 	 Step64/64	- AllReachGoal-False

2025-12-12 23:59:44,517 - PaperAgentLogger - INFO - current rateReachGoal: 0
2025-12-12 23:59:44,535 - PaperAgentLogger - DEBUG - New map
2025-12-12 23:59:46,202 - PaperAgentLogger - INFO - ################## PaperArchitecture_map20x20_rho1_10Agent/K3_HS0/1765556206 - End of loop ##################  
 ####### Case591 	 Computation time:1.666189432144165 	 Step58/58	- AllReachGoal-False

2025-12-12 23:59:46,202 - PaperAgentLogger - INFO - current rateReachGoal: 0
2025-12-12 23:59:46,219 - PaperAgentLogger - DEBUG - New map
2025-12-12 23:59:47,038 - PaperAgentLogger - INFO - ################## PaperArchitecture_map20x20_rho1_10Agent/K3_HS0/1765556206 - End of loop ##################  
 ####### Case592 	 Computation time:0.8185520172119141 	 Step28/44	- AllReachGoal-True

2025-12-12 23:59:47,038 - PaperAgentLogger - INFO - current rateReachGoal: 0
2025-12-12 23:59:47,056 - PaperAgentLogger - DEBUG - New map
2025-12-12 23:59:48,615 - PaperAgentLogger - INFO - ################## PaperArchitecture_map20x20_rho1_10Agent/K3_HS0/1765556206 - End of loop ##################  
 ####### Case593 	 Computation time:1.5589184761047363 	 Step54/54	- AllReachGoal-False

2025-12-12 23:59:48,616 - PaperAgentLogger - INFO - current rateReachGoal: 0
2025-12-12 23:59:48,636 - PaperAgentLogger - DEBUG - New map
2025-12-12 23:59:50,487 - PaperAgentLogger - INFO - ################## PaperArchitecture_map20x20_rho1_10Agent/K3_HS0/1765556206 - End of loop ##################  
 ####### Case594 	 Computation time:1.8511216640472412 	 Step64/64	- AllReachGoal-False

2025-12-12 23:59:50,488 - PaperAgentLogger - INFO - current rateReachGoal: 0
2025-12-12 23:59:50,508 - PaperAgentLogger - DEBUG - New map
2025-12-12 23:59:52,132 - PaperAgentLogger - INFO - ################## PaperArchitecture_map20x20_rho1_10Agent/K3_HS0/1765556206 - End of loop ##################  
 ####### Case595 	 Computation time:1.6239137649536133 	 Step56/56	- AllReachGoal-False

2025-12-12 23:59:52,133 - PaperAgentLogger - INFO - current rateReachGoal: 0
2025-12-12 23:59:52,152 - PaperAgentLogger - DEBUG - New map
2025-12-12 23:59:53,885 - PaperAgentLogger - INFO - ################## PaperArchitecture_map20x20_rho1_10Agent/K3_HS0/1765556206 - End of loop ##################  
 ####### Case596 	 Computation time:1.7323787212371826 	 Step58/58	- AllReachGoal-False

2025-12-12 23:59:53,886 - PaperAgentLogger - INFO - current rateReachGoal: 0
2025-12-12 23:59:53,903 - PaperAgentLogger - DEBUG - New map
2025-12-12 23:59:54,620 - PaperAgentLogger - INFO - ################## PaperArchitecture_map20x20_rho1_10Agent/K3_HS0/1765556206 - End of loop ##################  
 ####### Case597 	 Computation time:0.7165560722351074 	 Step24/48	- AllReachGoal-True

2025-12-12 23:59:54,621 - PaperAgentLogger - INFO - current rateReachGoal: 0
2025-12-12 23:59:54,636 - PaperAgentLogger - DEBUG - New map
2025-12-12 23:59:55,262 - PaperAgentLogger - INFO - ################## PaperArchitecture_map20x20_rho1_10Agent/K3_HS0/1765556206 - End of loop ##################  
 ####### Case598 	 Computation time:0.6249220371246338 	 Step21/42	- AllReachGoal-True

2025-12-12 23:59:55,263 - PaperAgentLogger - INFO - current rateReachGoal: 0
2025-12-12 23:59:55,282 - PaperAgentLogger - DEBUG - New map
2025-12-12 23:59:57,251 - PaperAgentLogger - INFO - ################## PaperArchitecture_map20x20_rho1_10Agent/K3_HS0/1765556206 - End of loop ##################  
 ####### Case599 	 Computation time:1.967782974243164 	 Step68/68	- AllReachGoal-False

2025-12-12 23:59:57,252 - PaperAgentLogger - INFO - current rateReachGoal: 0
2025-12-12 23:59:57,271 - PaperAgentLogger - DEBUG - New map
2025-12-12 23:59:58,185 - PaperAgentLogger - INFO - ################## PaperArchitecture_map20x20_rho1_10Agent/K3_HS0/1765556206 - End of loop ##################  
 ####### Case600 	 Computation time:0.9131648540496826 	 Step30/60	- AllReachGoal-True

2025-12-12 23:59:58,185 - PaperAgentLogger - INFO - current rateReachGoal: 0
2025-12-12 23:59:58,203 - PaperAgentLogger - DEBUG - New map
2025-12-12 23:59:59,025 - PaperAgentLogger - INFO - ################## PaperArchitecture_map20x20_rho1_10Agent/K3_HS0/1765556206 - End of loop ##################  
 ####### Case601 	 Computation time:0.8208916187286377 	 Step26/52	- AllReachGoal-True

2025-12-12 23:59:59,025 - PaperAgentLogger - INFO - current rateReachGoal: 0
2025-12-12 23:59:59,049 - PaperAgentLogger - DEBUG - New map
2025-12-12 23:59:59,915 - PaperAgentLogger - INFO - ################## PaperArchitecture_map20x20_rho1_10Agent/K3_HS0/1765556206 - End of loop ##################  
 ####### Case602 	 Computation time:0.8658537864685059 	 Step29/56	- AllReachGoal-True

2025-12-12 23:59:59,916 - PaperAgentLogger - INFO - current rateReachGoal: 0
2025-12-12 23:59:59,935 - PaperAgentLogger - DEBUG - New map
2025-12-13 00:00:01,613 - PaperAgentLogger - INFO - ################## PaperArchitecture_map20x20_rho1_10Agent/K3_HS0/1765556206 - End of loop ##################  
 ####### Case603 	 Computation time:1.676943063735962 	 Step56/56	- AllReachGoal-False

2025-12-13 00:00:01,613 - PaperAgentLogger - INFO - current rateReachGoal: 0
2025-12-13 00:00:01,630 - PaperAgentLogger - DEBUG - New map
2025-12-13 00:00:02,933 - PaperAgentLogger - INFO - ################## PaperArchitecture_map20x20_rho1_10Agent/K3_HS0/1765556206 - End of loop ##################  
 ####### Case604 	 Computation time:1.3032097816467285 	 Step44/44	- AllReachGoal-False

2025-12-13 00:00:02,934 - PaperAgentLogger - INFO - current rateReachGoal: 0
2025-12-13 00:00:02,951 - PaperAgentLogger - DEBUG - New map
2025-12-13 00:00:03,731 - PaperAgentLogger - INFO - ################## PaperArchitecture_map20x20_rho1_10Agent/K3_HS0/1765556206 - End of loop ##################  
 ####### Case605 	 Computation time:0.7796506881713867 	 Step26/48	- AllReachGoal-True

2025-12-13 00:00:03,732 - PaperAgentLogger - INFO - current rateReachGoal: 0
2025-12-13 00:00:03,748 - PaperAgentLogger - DEBUG - New map
2025-12-13 00:00:04,791 - PaperAgentLogger - INFO - ################## PaperArchitecture_map20x20_rho1_10Agent/K3_HS0/1765556206 - End of loop ##################  
 ####### Case606 	 Computation time:1.0424692630767822 	 Step35/48	- AllReachGoal-True

2025-12-13 00:00:04,792 - PaperAgentLogger - INFO - current rateReachGoal: 0
2025-12-13 00:00:04,811 - PaperAgentLogger - DEBUG - New map
2025-12-13 00:00:05,852 - PaperAgentLogger - INFO - ################## PaperArchitecture_map20x20_rho1_10Agent/K3_HS0/1765556206 - End of loop ##################  
 ####### Case607 	 Computation time:1.039968729019165 	 Step32/60	- AllReachGoal-True

2025-12-13 00:00:05,854 - PaperAgentLogger - INFO - current rateReachGoal: 0
2025-12-13 00:00:05,871 - PaperAgentLogger - DEBUG - New map
2025-12-13 00:00:07,450 - PaperAgentLogger - INFO - ################## PaperArchitecture_map20x20_rho1_10Agent/K3_HS0/1765556206 - End of loop ##################  
 ####### Case608 	 Computation time:1.5783188343048096 	 Step50/50	- AllReachGoal-False

2025-12-13 00:00:07,451 - PaperAgentLogger - INFO - current rateReachGoal: 0
2025-12-13 00:00:07,471 - PaperAgentLogger - DEBUG - New map
2025-12-13 00:00:09,537 - PaperAgentLogger - INFO - ################## PaperArchitecture_map20x20_rho1_10Agent/K3_HS0/1765556206 - End of loop ##################  
 ####### Case609 	 Computation time:2.065934181213379 	 Step64/64	- AllReachGoal-False

2025-12-13 00:00:09,538 - PaperAgentLogger - INFO - current rateReachGoal: 0
2025-12-13 00:00:09,558 - PaperAgentLogger - DEBUG - New map
2025-12-13 00:00:10,450 - PaperAgentLogger - INFO - ################## PaperArchitecture_map20x20_rho1_10Agent/K3_HS0/1765556206 - End of loop ##################  
 ####### Case610 	 Computation time:0.8916950225830078 	 Step30/60	- AllReachGoal-True

2025-12-13 00:00:10,451 - PaperAgentLogger - INFO - current rateReachGoal: 0
2025-12-13 00:00:10,469 - PaperAgentLogger - DEBUG - New map
2025-12-13 00:00:11,254 - PaperAgentLogger - INFO - ################## PaperArchitecture_map20x20_rho1_10Agent/K3_HS0/1765556206 - End of loop ##################  
 ####### Case611 	 Computation time:0.7849075794219971 	 Step26/52	- AllReachGoal-True

2025-12-13 00:00:11,257 - PaperAgentLogger - INFO - current rateReachGoal: 0
2025-12-13 00:00:11,276 - PaperAgentLogger - DEBUG - New map
2025-12-13 00:00:13,173 - PaperAgentLogger - INFO - ################## PaperArchitecture_map20x20_rho1_10Agent/K3_HS0/1765556206 - End of loop ##################  
 ####### Case612 	 Computation time:1.8965563774108887 	 Step64/64	- AllReachGoal-False

2025-12-13 00:00:13,174 - PaperAgentLogger - INFO - current rateReachGoal: 0
2025-12-13 00:00:13,191 - PaperAgentLogger - DEBUG - New map
2025-12-13 00:00:13,933 - PaperAgentLogger - INFO - ################## PaperArchitecture_map20x20_rho1_10Agent/K3_HS0/1765556206 - End of loop ##################  
 ####### Case613 	 Computation time:0.7408688068389893 	 Step25/50	- AllReachGoal-True

2025-12-13 00:00:13,934 - PaperAgentLogger - INFO - current rateReachGoal: 0
2025-12-13 00:00:13,952 - PaperAgentLogger - DEBUG - New map
2025-12-13 00:00:15,786 - PaperAgentLogger - INFO - ################## PaperArchitecture_map20x20_rho1_10Agent/K3_HS0/1765556206 - End of loop ##################  
 ####### Case614 	 Computation time:1.8334429264068604 	 Step60/60	- AllReachGoal-False

2025-12-13 00:00:15,787 - PaperAgentLogger - INFO - current rateReachGoal: 0
2025-12-13 00:00:15,803 - PaperAgentLogger - DEBUG - New map
2025-12-13 00:00:17,168 - PaperAgentLogger - INFO - ################## PaperArchitecture_map20x20_rho1_10Agent/K3_HS0/1765556206 - End of loop ##################  
 ####### Case615 	 Computation time:1.3644311428070068 	 Step46/46	- AllReachGoal-False

2025-12-13 00:00:17,169 - PaperAgentLogger - INFO - current rateReachGoal: 0
2025-12-13 00:00:17,186 - PaperAgentLogger - DEBUG - New map
2025-12-13 00:00:18,725 - PaperAgentLogger - INFO - ################## PaperArchitecture_map20x20_rho1_10Agent/K3_HS0/1765556206 - End of loop ##################  
 ####### Case616 	 Computation time:1.5381543636322021 	 Step52/52	- AllReachGoal-False

2025-12-13 00:00:18,726 - PaperAgentLogger - INFO - current rateReachGoal: 0
2025-12-13 00:00:18,743 - PaperAgentLogger - DEBUG - New map
2025-12-13 00:00:19,473 - PaperAgentLogger - INFO - ################## PaperArchitecture_map20x20_rho1_10Agent/K3_HS0/1765556206 - End of loop ##################  
 ####### Case617 	 Computation time:0.7292418479919434 	 Step24/42	- AllReachGoal-True

2025-12-13 00:00:19,473 - PaperAgentLogger - INFO - current rateReachGoal: 0
2025-12-13 00:00:19,491 - PaperAgentLogger - DEBUG - New map
2025-12-13 00:00:21,181 - PaperAgentLogger - INFO - ################## PaperArchitecture_map20x20_rho1_10Agent/K3_HS0/1765556206 - End of loop ##################  
 ####### Case618 	 Computation time:1.6891767978668213 	 Step52/52	- AllReachGoal-False

2025-12-13 00:00:21,182 - PaperAgentLogger - INFO - current rateReachGoal: 0
2025-12-13 00:00:21,200 - PaperAgentLogger - DEBUG - New map
2025-12-13 00:00:22,688 - PaperAgentLogger - INFO - ################## PaperArchitecture_map20x20_rho1_10Agent/K3_HS0/1765556206 - End of loop ##################  
 ####### Case619 	 Computation time:1.487720012664795 	 Step48/48	- AllReachGoal-False

2025-12-13 00:00:22,689 - PaperAgentLogger - INFO - current rateReachGoal: 0
2025-12-13 00:00:22,706 - PaperAgentLogger - DEBUG - New map
2025-12-13 00:00:23,399 - PaperAgentLogger - INFO - ################## PaperArchitecture_map20x20_rho1_10Agent/K3_HS0/1765556206 - End of loop ##################  
 ####### Case620 	 Computation time:0.6925256252288818 	 Step23/44	- AllReachGoal-True

2025-12-13 00:00:23,400 - PaperAgentLogger - INFO - current rateReachGoal: 0
2025-12-13 00:00:23,416 - PaperAgentLogger - DEBUG - New map
2025-12-13 00:00:24,928 - PaperAgentLogger - INFO - ################## PaperArchitecture_map20x20_rho1_10Agent/K3_HS0/1765556206 - End of loop ##################  
 ####### Case621 	 Computation time:1.51082444190979 	 Step48/48	- AllReachGoal-False

2025-12-13 00:00:24,928 - PaperAgentLogger - INFO - current rateReachGoal: 0
2025-12-13 00:00:24,945 - PaperAgentLogger - DEBUG - New map
2025-12-13 00:00:26,383 - PaperAgentLogger - INFO - ################## PaperArchitecture_map20x20_rho1_10Agent/K3_HS0/1765556206 - End of loop ##################  
 ####### Case622 	 Computation time:1.437462329864502 	 Step47/48	- AllReachGoal-True

2025-12-13 00:00:26,384 - PaperAgentLogger - INFO - current rateReachGoal: 0
2025-12-13 00:00:26,403 - PaperAgentLogger - DEBUG - New map
2025-12-13 00:00:28,198 - PaperAgentLogger - INFO - ################## PaperArchitecture_map20x20_rho1_10Agent/K3_HS0/1765556206 - End of loop ##################  
 ####### Case623 	 Computation time:1.794424057006836 	 Step58/58	- AllReachGoal-False

2025-12-13 00:00:28,200 - PaperAgentLogger - INFO - current rateReachGoal: 0
2025-12-13 00:00:28,218 - PaperAgentLogger - DEBUG - New map
2025-12-13 00:00:30,063 - PaperAgentLogger - INFO - ################## PaperArchitecture_map20x20_rho1_10Agent/K3_HS0/1765556206 - End of loop ##################  
 ####### Case624 	 Computation time:1.8441698551177979 	 Step56/56	- AllReachGoal-False

2025-12-13 00:00:30,063 - PaperAgentLogger - INFO - current rateReachGoal: 0
2025-12-13 00:00:30,081 - PaperAgentLogger - DEBUG - New map
2025-12-13 00:00:31,641 - PaperAgentLogger - INFO - ################## PaperArchitecture_map20x20_rho1_10Agent/K3_HS0/1765556206 - End of loop ##################  
 ####### Case625 	 Computation time:1.5586633682250977 	 Step50/50	- AllReachGoal-False

2025-12-13 00:00:31,641 - PaperAgentLogger - INFO - current rateReachGoal: 0
2025-12-13 00:00:31,659 - PaperAgentLogger - DEBUG - New map
2025-12-13 00:00:33,204 - PaperAgentLogger - INFO - ################## PaperArchitecture_map20x20_rho1_10Agent/K3_HS0/1765556206 - End of loop ##################  
 ####### Case626 	 Computation time:1.5445752143859863 	 Step50/50	- AllReachGoal-False

2025-12-13 00:00:33,207 - PaperAgentLogger - INFO - current rateReachGoal: 0
2025-12-13 00:00:33,225 - PaperAgentLogger - DEBUG - New map
2025-12-13 00:00:35,010 - PaperAgentLogger - INFO - ################## PaperArchitecture_map20x20_rho1_10Agent/K3_HS0/1765556206 - End of loop ##################  
 ####### Case627 	 Computation time:1.7847840785980225 	 Step56/56	- AllReachGoal-False

2025-12-13 00:00:35,011 - PaperAgentLogger - INFO - current rateReachGoal: 0
2025-12-13 00:00:35,029 - PaperAgentLogger - DEBUG - New map
2025-12-13 00:00:36,007 - PaperAgentLogger - INFO - ################## PaperArchitecture_map20x20_rho1_10Agent/K3_HS0/1765556206 - End of loop ##################  
 ####### Case628 	 Computation time:0.9774670600891113 	 Step31/54	- AllReachGoal-True

2025-12-13 00:00:36,008 - PaperAgentLogger - INFO - current rateReachGoal: 0
2025-12-13 00:00:36,024 - PaperAgentLogger - DEBUG - New map
2025-12-13 00:00:36,673 - PaperAgentLogger - INFO - ################## PaperArchitecture_map20x20_rho1_10Agent/K3_HS0/1765556206 - End of loop ##################  
 ####### Case629 	 Computation time:0.6490347385406494 	 Step21/42	- AllReachGoal-True

2025-12-13 00:00:36,674 - PaperAgentLogger - INFO - current rateReachGoal: 0
2025-12-13 00:00:36,692 - PaperAgentLogger - DEBUG - New map
2025-12-13 00:00:38,456 - PaperAgentLogger - INFO - ################## PaperArchitecture_map20x20_rho1_10Agent/K3_HS0/1765556206 - End of loop ##################  
 ####### Case630 	 Computation time:1.7636582851409912 	 Step54/54	- AllReachGoal-False

2025-12-13 00:00:38,458 - PaperAgentLogger - INFO - current rateReachGoal: 0
2025-12-13 00:00:38,480 - PaperAgentLogger - DEBUG - New map
2025-12-13 00:00:39,796 - PaperAgentLogger - INFO - ################## PaperArchitecture_map20x20_rho1_10Agent/K3_HS0/1765556206 - End of loop ##################  
 ####### Case631 	 Computation time:1.3155176639556885 	 Step40/70	- AllReachGoal-True

2025-12-13 00:00:39,796 - PaperAgentLogger - INFO - current rateReachGoal: 0
2025-12-13 00:00:39,812 - PaperAgentLogger - DEBUG - New map
2025-12-13 00:00:41,073 - PaperAgentLogger - INFO - ################## PaperArchitecture_map20x20_rho1_10Agent/K3_HS0/1765556206 - End of loop ##################  
 ####### Case632 	 Computation time:1.260284423828125 	 Step38/38	- AllReachGoal-False

2025-12-13 00:00:41,074 - PaperAgentLogger - INFO - current rateReachGoal: 0
2025-12-13 00:00:41,093 - PaperAgentLogger - DEBUG - New map
2025-12-13 00:00:43,090 - PaperAgentLogger - INFO - ################## PaperArchitecture_map20x20_rho1_10Agent/K3_HS0/1765556206 - End of loop ##################  
 ####### Case633 	 Computation time:1.9968500137329102 	 Step62/62	- AllReachGoal-False

2025-12-13 00:00:43,091 - PaperAgentLogger - INFO - current rateReachGoal: 0
2025-12-13 00:00:43,108 - PaperAgentLogger - DEBUG - New map
2025-12-13 00:00:44,416 - PaperAgentLogger - INFO - ################## PaperArchitecture_map20x20_rho1_10Agent/K3_HS0/1765556206 - End of loop ##################  
 ####### Case634 	 Computation time:1.3071770668029785 	 Step44/44	- AllReachGoal-False

2025-12-13 00:00:44,416 - PaperAgentLogger - INFO - current rateReachGoal: 0
2025-12-13 00:00:44,435 - PaperAgentLogger - DEBUG - New map
2025-12-13 00:00:46,323 - PaperAgentLogger - INFO - ################## PaperArchitecture_map20x20_rho1_10Agent/K3_HS0/1765556206 - End of loop ##################  
 ####### Case635 	 Computation time:1.8876230716705322 	 Step64/64	- AllReachGoal-False

2025-12-13 00:00:46,324 - PaperAgentLogger - INFO - current rateReachGoal: 0
2025-12-13 00:00:46,343 - PaperAgentLogger - DEBUG - New map
2025-12-13 00:00:48,001 - PaperAgentLogger - INFO - ################## PaperArchitecture_map20x20_rho1_10Agent/K3_HS0/1765556206 - End of loop ##################  
 ####### Case636 	 Computation time:1.6571176052093506 	 Step56/56	- AllReachGoal-True

2025-12-13 00:00:48,002 - PaperAgentLogger - INFO - current rateReachGoal: 0
2025-12-13 00:00:48,023 - PaperAgentLogger - DEBUG - New map
2025-12-13 00:00:49,567 - PaperAgentLogger - INFO - ################## PaperArchitecture_map20x20_rho1_10Agent/K3_HS0/1765556206 - End of loop ##################  
 ####### Case637 	 Computation time:1.543639898300171 	 Step52/52	- AllReachGoal-False

2025-12-13 00:00:49,569 - PaperAgentLogger - INFO - current rateReachGoal: 0
2025-12-13 00:00:49,588 - PaperAgentLogger - DEBUG - New map
2025-12-13 00:00:51,542 - PaperAgentLogger - INFO - ################## PaperArchitecture_map20x20_rho1_10Agent/K3_HS0/1765556206 - End of loop ##################  
 ####### Case638 	 Computation time:1.9536666870117188 	 Step66/66	- AllReachGoal-False

2025-12-13 00:00:51,543 - PaperAgentLogger - INFO - current rateReachGoal: 0
2025-12-13 00:00:51,565 - PaperAgentLogger - DEBUG - New map
2025-12-13 00:00:53,411 - PaperAgentLogger - INFO - ################## PaperArchitecture_map20x20_rho1_10Agent/K3_HS0/1765556206 - End of loop ##################  
 ####### Case639 	 Computation time:1.8449478149414062 	 Step62/62	- AllReachGoal-False

2025-12-13 00:00:53,411 - PaperAgentLogger - INFO - current rateReachGoal: 0
2025-12-13 00:00:53,429 - PaperAgentLogger - DEBUG - New map
2025-12-13 00:00:55,094 - PaperAgentLogger - INFO - ################## PaperArchitecture_map20x20_rho1_10Agent/K3_HS0/1765556206 - End of loop ##################  
 ####### Case640 	 Computation time:1.6637160778045654 	 Step56/56	- AllReachGoal-False

2025-12-13 00:00:55,094 - PaperAgentLogger - INFO - current rateReachGoal: 0
2025-12-13 00:00:55,116 - PaperAgentLogger - DEBUG - New map
2025-12-13 00:00:57,229 - PaperAgentLogger - INFO - ################## PaperArchitecture_map20x20_rho1_10Agent/K3_HS0/1765556206 - End of loop ##################  
 ####### Case641 	 Computation time:2.112285614013672 	 Step68/68	- AllReachGoal-False

2025-12-13 00:00:57,229 - PaperAgentLogger - INFO - current rateReachGoal: 0
2025-12-13 00:00:57,250 - PaperAgentLogger - DEBUG - New map
2025-12-13 00:00:58,409 - PaperAgentLogger - INFO - ################## PaperArchitecture_map20x20_rho1_10Agent/K3_HS0/1765556206 - End of loop ##################  
 ####### Case642 	 Computation time:1.1581156253814697 	 Step39/70	- AllReachGoal-True

2025-12-13 00:00:58,409 - PaperAgentLogger - INFO - current rateReachGoal: 0
2025-12-13 00:00:58,428 - PaperAgentLogger - DEBUG - New map
2025-12-13 00:00:59,306 - PaperAgentLogger - INFO - ################## PaperArchitecture_map20x20_rho1_10Agent/K3_HS0/1765556206 - End of loop ##################  
 ####### Case643 	 Computation time:0.8772621154785156 	 Step29/54	- AllReachGoal-True

2025-12-13 00:00:59,306 - PaperAgentLogger - INFO - current rateReachGoal: 0
2025-12-13 00:00:59,323 - PaperAgentLogger - DEBUG - New map
2025-12-13 00:01:00,751 - PaperAgentLogger - INFO - ################## PaperArchitecture_map20x20_rho1_10Agent/K3_HS0/1765556206 - End of loop ##################  
 ####### Case644 	 Computation time:1.4272568225860596 	 Step48/48	- AllReachGoal-False

2025-12-13 00:01:00,751 - PaperAgentLogger - INFO - current rateReachGoal: 0
2025-12-13 00:01:00,769 - PaperAgentLogger - DEBUG - New map
2025-12-13 00:01:01,578 - PaperAgentLogger - INFO - ################## PaperArchitecture_map20x20_rho1_10Agent/K3_HS0/1765556206 - End of loop ##################  
 ####### Case645 	 Computation time:0.8085546493530273 	 Step27/54	- AllReachGoal-True

2025-12-13 00:01:01,579 - PaperAgentLogger - INFO - current rateReachGoal: 0
2025-12-13 00:01:01,596 - PaperAgentLogger - DEBUG - New map
2025-12-13 00:01:02,755 - PaperAgentLogger - INFO - ################## PaperArchitecture_map20x20_rho1_10Agent/K3_HS0/1765556206 - End of loop ##################  
 ####### Case646 	 Computation time:1.1582942008972168 	 Step39/54	- AllReachGoal-True

2025-12-13 00:01:02,755 - PaperAgentLogger - INFO - current rateReachGoal: 0
2025-12-13 00:01:02,776 - PaperAgentLogger - DEBUG - New map
2025-12-13 00:01:04,888 - PaperAgentLogger - INFO - ################## PaperArchitecture_map20x20_rho1_10Agent/K3_HS0/1765556206 - End of loop ##################  
 ####### Case647 	 Computation time:2.1110925674438477 	 Step68/68	- AllReachGoal-False

2025-12-13 00:01:04,888 - PaperAgentLogger - INFO - current rateReachGoal: 0
2025-12-13 00:01:04,907 - PaperAgentLogger - DEBUG - New map
2025-12-13 00:01:06,555 - PaperAgentLogger - INFO - ################## PaperArchitecture_map20x20_rho1_10Agent/K3_HS0/1765556206 - End of loop ##################  
 ####### Case648 	 Computation time:1.6472663879394531 	 Step52/52	- AllReachGoal-False

2025-12-13 00:01:06,555 - PaperAgentLogger - INFO - current rateReachGoal: 0
2025-12-13 00:01:06,574 - PaperAgentLogger - DEBUG - New map
2025-12-13 00:01:07,353 - PaperAgentLogger - INFO - ################## PaperArchitecture_map20x20_rho1_10Agent/K3_HS0/1765556206 - End of loop ##################  
 ####### Case649 	 Computation time:0.7790327072143555 	 Step25/48	- AllReachGoal-True

2025-12-13 00:01:07,354 - PaperAgentLogger - INFO - current rateReachGoal: 0
2025-12-13 00:01:07,371 - PaperAgentLogger - DEBUG - New map
2025-12-13 00:01:08,977 - PaperAgentLogger - INFO - ################## PaperArchitecture_map20x20_rho1_10Agent/K3_HS0/1765556206 - End of loop ##################  
 ####### Case650 	 Computation time:1.6060664653778076 	 Step50/50	- AllReachGoal-False

2025-12-13 00:01:08,978 - PaperAgentLogger - INFO - current rateReachGoal: 0
2025-12-13 00:01:08,996 - PaperAgentLogger - DEBUG - New map
2025-12-13 00:01:10,403 - PaperAgentLogger - INFO - ################## PaperArchitecture_map20x20_rho1_10Agent/K3_HS0/1765556206 - End of loop ##################  
 ####### Case651 	 Computation time:1.4071333408355713 	 Step44/44	- AllReachGoal-False

2025-12-13 00:01:10,404 - PaperAgentLogger - INFO - current rateReachGoal: 0
2025-12-13 00:01:10,424 - PaperAgentLogger - DEBUG - New map
2025-12-13 00:01:11,553 - PaperAgentLogger - INFO - ################## PaperArchitecture_map20x20_rho1_10Agent/K3_HS0/1765556206 - End of loop ##################  
 ####### Case652 	 Computation time:1.1283576488494873 	 Step36/62	- AllReachGoal-True

2025-12-13 00:01:11,553 - PaperAgentLogger - INFO - current rateReachGoal: 0
2025-12-13 00:01:11,572 - PaperAgentLogger - DEBUG - New map
2025-12-13 00:01:12,598 - PaperAgentLogger - INFO - ################## PaperArchitecture_map20x20_rho1_10Agent/K3_HS0/1765556206 - End of loop ##################  
 ####### Case653 	 Computation time:1.0251972675323486 	 Step33/54	- AllReachGoal-True

2025-12-13 00:01:12,599 - PaperAgentLogger - INFO - current rateReachGoal: 0
2025-12-13 00:01:12,618 - PaperAgentLogger - DEBUG - New map
2025-12-13 00:01:14,249 - PaperAgentLogger - INFO - ################## PaperArchitecture_map20x20_rho1_10Agent/K3_HS0/1765556206 - End of loop ##################  
 ####### Case654 	 Computation time:1.6309542655944824 	 Step52/52	- AllReachGoal-False

2025-12-13 00:01:14,250 - PaperAgentLogger - INFO - current rateReachGoal: 0
2025-12-13 00:01:14,268 - PaperAgentLogger - DEBUG - New map
2025-12-13 00:01:15,261 - PaperAgentLogger - INFO - ################## PaperArchitecture_map20x20_rho1_10Agent/K3_HS0/1765556206 - End of loop ##################  
 ####### Case655 	 Computation time:0.9926536083221436 	 Step33/58	- AllReachGoal-True

2025-12-13 00:01:15,262 - PaperAgentLogger - INFO - current rateReachGoal: 0
2025-12-13 00:01:15,279 - PaperAgentLogger - DEBUG - New map
2025-12-13 00:01:16,122 - PaperAgentLogger - INFO - ################## PaperArchitecture_map20x20_rho1_10Agent/K3_HS0/1765556206 - End of loop ##################  
 ####### Case656 	 Computation time:0.8427464962005615 	 Step28/52	- AllReachGoal-True

2025-12-13 00:01:16,123 - PaperAgentLogger - INFO - current rateReachGoal: 0
2025-12-13 00:01:16,140 - PaperAgentLogger - DEBUG - New map
2025-12-13 00:01:17,035 - PaperAgentLogger - INFO - ################## PaperArchitecture_map20x20_rho1_10Agent/K3_HS0/1765556206 - End of loop ##################  
 ####### Case657 	 Computation time:0.8949780464172363 	 Step28/48	- AllReachGoal-True

2025-12-13 00:01:17,038 - PaperAgentLogger - INFO - current rateReachGoal: 0
2025-12-13 00:01:17,054 - PaperAgentLogger - DEBUG - New map
2025-12-13 00:01:18,352 - PaperAgentLogger - INFO - ################## PaperArchitecture_map20x20_rho1_10Agent/K3_HS0/1765556206 - End of loop ##################  
 ####### Case658 	 Computation time:1.2974755764007568 	 Step41/44	- AllReachGoal-True

2025-12-13 00:01:18,353 - PaperAgentLogger - INFO - current rateReachGoal: 0
2025-12-13 00:01:18,372 - PaperAgentLogger - DEBUG - New map
2025-12-13 00:01:19,283 - PaperAgentLogger - INFO - ################## PaperArchitecture_map20x20_rho1_10Agent/K3_HS0/1765556206 - End of loop ##################  
 ####### Case659 	 Computation time:0.9102258682250977 	 Step30/56	- AllReachGoal-True

2025-12-13 00:01:19,284 - PaperAgentLogger - INFO - current rateReachGoal: 0
2025-12-13 00:01:19,301 - PaperAgentLogger - DEBUG - New map
2025-12-13 00:01:20,948 - PaperAgentLogger - INFO - ################## PaperArchitecture_map20x20_rho1_10Agent/K3_HS0/1765556206 - End of loop ##################  
 ####### Case660 	 Computation time:1.6458592414855957 	 Step52/52	- AllReachGoal-False

2025-12-13 00:01:20,948 - PaperAgentLogger - INFO - current rateReachGoal: 0
2025-12-13 00:01:20,969 - PaperAgentLogger - DEBUG - New map
2025-12-13 00:01:21,859 - PaperAgentLogger - INFO - ################## PaperArchitecture_map20x20_rho1_10Agent/K3_HS0/1765556206 - End of loop ##################  
 ####### Case661 	 Computation time:0.8896386623382568 	 Step27/48	- AllReachGoal-True

2025-12-13 00:01:21,860 - PaperAgentLogger - INFO - current rateReachGoal: 0
2025-12-13 00:01:21,878 - PaperAgentLogger - DEBUG - New map
2025-12-13 00:01:23,716 - PaperAgentLogger - INFO - ################## PaperArchitecture_map20x20_rho1_10Agent/K3_HS0/1765556206 - End of loop ##################  
 ####### Case662 	 Computation time:1.8375918865203857 	 Step56/56	- AllReachGoal-False

2025-12-13 00:01:23,717 - PaperAgentLogger - INFO - current rateReachGoal: 0
2025-12-13 00:01:23,734 - PaperAgentLogger - DEBUG - New map
2025-12-13 00:01:24,595 - PaperAgentLogger - INFO - ################## PaperArchitecture_map20x20_rho1_10Agent/K3_HS0/1765556206 - End of loop ##################  
 ####### Case663 	 Computation time:0.8599917888641357 	 Step26/52	- AllReachGoal-True

2025-12-13 00:01:24,596 - PaperAgentLogger - INFO - current rateReachGoal: 0
2025-12-13 00:01:24,615 - PaperAgentLogger - DEBUG - New map
2025-12-13 00:01:25,481 - PaperAgentLogger - INFO - ################## PaperArchitecture_map20x20_rho1_10Agent/K3_HS0/1765556206 - End of loop ##################  
 ####### Case664 	 Computation time:0.8654165267944336 	 Step28/56	- AllReachGoal-True

2025-12-13 00:01:25,482 - PaperAgentLogger - INFO - current rateReachGoal: 0
2025-12-13 00:01:25,501 - PaperAgentLogger - DEBUG - New map
2025-12-13 00:01:26,912 - PaperAgentLogger - INFO - ################## PaperArchitecture_map20x20_rho1_10Agent/K3_HS0/1765556206 - End of loop ##################  
 ####### Case665 	 Computation time:1.4105780124664307 	 Step45/60	- AllReachGoal-True

2025-12-13 00:01:26,913 - PaperAgentLogger - INFO - current rateReachGoal: 0
2025-12-13 00:01:26,933 - PaperAgentLogger - DEBUG - New map
2025-12-13 00:01:28,966 - PaperAgentLogger - INFO - ################## PaperArchitecture_map20x20_rho1_10Agent/K3_HS0/1765556206 - End of loop ##################  
 ####### Case666 	 Computation time:2.032529592514038 	 Step66/66	- AllReachGoal-False

2025-12-13 00:01:28,968 - PaperAgentLogger - INFO - current rateReachGoal: 0
2025-12-13 00:01:28,987 - PaperAgentLogger - DEBUG - New map
2025-12-13 00:01:29,848 - PaperAgentLogger - INFO - ################## PaperArchitecture_map20x20_rho1_10Agent/K3_HS0/1765556206 - End of loop ##################  
 ####### Case667 	 Computation time:0.8603188991546631 	 Step27/54	- AllReachGoal-True

2025-12-13 00:01:29,848 - PaperAgentLogger - INFO - current rateReachGoal: 0
2025-12-13 00:01:29,869 - PaperAgentLogger - DEBUG - New map
2025-12-13 00:01:30,875 - PaperAgentLogger - INFO - ################## PaperArchitecture_map20x20_rho1_10Agent/K3_HS0/1765556206 - End of loop ##################  
 ####### Case668 	 Computation time:1.00520658493042 	 Step34/66	- AllReachGoal-True

2025-12-13 00:01:30,875 - PaperAgentLogger - INFO - current rateReachGoal: 0
2025-12-13 00:01:30,891 - PaperAgentLogger - DEBUG - New map
2025-12-13 00:01:32,133 - PaperAgentLogger - INFO - ################## PaperArchitecture_map20x20_rho1_10Agent/K3_HS0/1765556206 - End of loop ##################  
 ####### Case669 	 Computation time:1.2410979270935059 	 Step42/42	- AllReachGoal-False

2025-12-13 00:01:32,133 - PaperAgentLogger - INFO - current rateReachGoal: 0
2025-12-13 00:01:32,152 - PaperAgentLogger - DEBUG - New map
2025-12-13 00:01:34,060 - PaperAgentLogger - INFO - ################## PaperArchitecture_map20x20_rho1_10Agent/K3_HS0/1765556206 - End of loop ##################  
 ####### Case670 	 Computation time:1.9073233604431152 	 Step64/64	- AllReachGoal-False

2025-12-13 00:01:34,063 - PaperAgentLogger - INFO - current rateReachGoal: 0
2025-12-13 00:01:34,081 - PaperAgentLogger - DEBUG - New map
2025-12-13 00:01:35,863 - PaperAgentLogger - INFO - ################## PaperArchitecture_map20x20_rho1_10Agent/K3_HS0/1765556206 - End of loop ##################  
 ####### Case671 	 Computation time:1.7810702323913574 	 Step56/62	- AllReachGoal-True

2025-12-13 00:01:35,863 - PaperAgentLogger - INFO - current rateReachGoal: 0
2025-12-13 00:01:35,885 - PaperAgentLogger - DEBUG - New map
2025-12-13 00:01:37,025 - PaperAgentLogger - INFO - ################## PaperArchitecture_map20x20_rho1_10Agent/K3_HS0/1765556206 - End of loop ##################  
 ####### Case672 	 Computation time:1.139338493347168 	 Step35/68	- AllReachGoal-True

2025-12-13 00:01:37,026 - PaperAgentLogger - INFO - current rateReachGoal: 0
2025-12-13 00:01:37,042 - PaperAgentLogger - DEBUG - New map
2025-12-13 00:01:38,586 - PaperAgentLogger - INFO - ################## PaperArchitecture_map20x20_rho1_10Agent/K3_HS0/1765556206 - End of loop ##################  
 ####### Case673 	 Computation time:1.5441906452178955 	 Step48/48	- AllReachGoal-False

2025-12-13 00:01:38,587 - PaperAgentLogger - INFO - current rateReachGoal: 0
2025-12-13 00:01:38,605 - PaperAgentLogger - DEBUG - New map
2025-12-13 00:01:40,100 - PaperAgentLogger - INFO - ################## PaperArchitecture_map20x20_rho1_10Agent/K3_HS0/1765556206 - End of loop ##################  
 ####### Case674 	 Computation time:1.4945080280303955 	 Step50/54	- AllReachGoal-True

2025-12-13 00:01:40,101 - PaperAgentLogger - INFO - current rateReachGoal: 0
2025-12-13 00:01:40,116 - PaperAgentLogger - DEBUG - New map
2025-12-13 00:01:41,449 - PaperAgentLogger - INFO - ################## PaperArchitecture_map20x20_rho1_10Agent/K3_HS0/1765556206 - End of loop ##################  
 ####### Case675 	 Computation time:1.331587314605713 	 Step43/44	- AllReachGoal-True

2025-12-13 00:01:41,449 - PaperAgentLogger - INFO - current rateReachGoal: 0
2025-12-13 00:01:41,466 - PaperAgentLogger - DEBUG - New map
2025-12-13 00:01:43,091 - PaperAgentLogger - INFO - ################## PaperArchitecture_map20x20_rho1_10Agent/K3_HS0/1765556206 - End of loop ##################  
 ####### Case676 	 Computation time:1.6237895488739014 	 Step50/50	- AllReachGoal-False

2025-12-13 00:01:43,091 - PaperAgentLogger - INFO - current rateReachGoal: 0
2025-12-13 00:01:43,110 - PaperAgentLogger - DEBUG - New map
2025-12-13 00:01:44,019 - PaperAgentLogger - INFO - ################## PaperArchitecture_map20x20_rho1_10Agent/K3_HS0/1765556206 - End of loop ##################  
 ####### Case677 	 Computation time:0.9089250564575195 	 Step28/50	- AllReachGoal-True

2025-12-13 00:01:44,020 - PaperAgentLogger - INFO - current rateReachGoal: 0
2025-12-13 00:01:44,038 - PaperAgentLogger - DEBUG - New map
2025-12-13 00:01:45,166 - PaperAgentLogger - INFO - ################## PaperArchitecture_map20x20_rho1_10Agent/K3_HS0/1765556206 - End of loop ##################  
 ####### Case678 	 Computation time:1.1274960041046143 	 Step35/56	- AllReachGoal-True

2025-12-13 00:01:45,169 - PaperAgentLogger - INFO - current rateReachGoal: 0
2025-12-13 00:01:45,187 - PaperAgentLogger - DEBUG - New map
2025-12-13 00:01:46,904 - PaperAgentLogger - INFO - ################## PaperArchitecture_map20x20_rho1_10Agent/K3_HS0/1765556206 - End of loop ##################  
 ####### Case679 	 Computation time:1.7157251834869385 	 Step56/56	- AllReachGoal-False

2025-12-13 00:01:46,904 - PaperAgentLogger - INFO - current rateReachGoal: 0
2025-12-13 00:01:46,922 - PaperAgentLogger - DEBUG - New map
2025-12-13 00:01:47,899 - PaperAgentLogger - INFO - ################## PaperArchitecture_map20x20_rho1_10Agent/K3_HS0/1765556206 - End of loop ##################  
 ####### Case680 	 Computation time:0.9767129421234131 	 Step32/48	- AllReachGoal-True

2025-12-13 00:01:47,900 - PaperAgentLogger - INFO - current rateReachGoal: 0
2025-12-13 00:01:47,918 - PaperAgentLogger - DEBUG - New map
2025-12-13 00:01:49,454 - PaperAgentLogger - INFO - ################## PaperArchitecture_map20x20_rho1_10Agent/K3_HS0/1765556206 - End of loop ##################  
 ####### Case681 	 Computation time:1.5356972217559814 	 Step52/52	- AllReachGoal-False

2025-12-13 00:01:49,455 - PaperAgentLogger - INFO - current rateReachGoal: 0
2025-12-13 00:01:49,470 - PaperAgentLogger - DEBUG - New map
2025-12-13 00:01:50,561 - PaperAgentLogger - INFO - ################## PaperArchitecture_map20x20_rho1_10Agent/K3_HS0/1765556206 - End of loop ##################  
 ####### Case682 	 Computation time:1.0911264419555664 	 Step36/36	- AllReachGoal-False

2025-12-13 00:01:50,562 - PaperAgentLogger - INFO - current rateReachGoal: 0
2025-12-13 00:01:50,581 - PaperAgentLogger - DEBUG - New map
2025-12-13 00:01:52,247 - PaperAgentLogger - INFO - ################## PaperArchitecture_map20x20_rho1_10Agent/K3_HS0/1765556206 - End of loop ##################  
 ####### Case683 	 Computation time:1.665642261505127 	 Step54/54	- AllReachGoal-False

2025-12-13 00:01:52,248 - PaperAgentLogger - INFO - current rateReachGoal: 0
2025-12-13 00:01:52,266 - PaperAgentLogger - DEBUG - New map
2025-12-13 00:01:54,076 - PaperAgentLogger - INFO - ################## PaperArchitecture_map20x20_rho1_10Agent/K3_HS0/1765556206 - End of loop ##################  
 ####### Case684 	 Computation time:1.809511423110962 	 Step56/56	- AllReachGoal-False

2025-12-13 00:01:54,077 - PaperAgentLogger - INFO - current rateReachGoal: 0
2025-12-13 00:01:54,096 - PaperAgentLogger - DEBUG - New map
2025-12-13 00:01:55,020 - PaperAgentLogger - INFO - ################## PaperArchitecture_map20x20_rho1_10Agent/K3_HS0/1765556206 - End of loop ##################  
 ####### Case685 	 Computation time:0.9232573509216309 	 Step31/58	- AllReachGoal-True

2025-12-13 00:01:55,021 - PaperAgentLogger - INFO - current rateReachGoal: 0
2025-12-13 00:01:55,040 - PaperAgentLogger - DEBUG - New map
2025-12-13 00:01:56,865 - PaperAgentLogger - INFO - ################## PaperArchitecture_map20x20_rho1_10Agent/K3_HS0/1765556206 - End of loop ##################  
 ####### Case686 	 Computation time:1.8251144886016846 	 Step56/56	- AllReachGoal-False

2025-12-13 00:01:56,866 - PaperAgentLogger - INFO - current rateReachGoal: 0
2025-12-13 00:01:56,887 - PaperAgentLogger - DEBUG - New map
2025-12-13 00:01:57,910 - PaperAgentLogger - INFO - ################## PaperArchitecture_map20x20_rho1_10Agent/K3_HS0/1765556206 - End of loop ##################  
 ####### Case687 	 Computation time:1.022252082824707 	 Step31/60	- AllReachGoal-True

2025-12-13 00:01:57,911 - PaperAgentLogger - INFO - current rateReachGoal: 0
2025-12-13 00:01:57,929 - PaperAgentLogger - DEBUG - New map
2025-12-13 00:01:59,174 - PaperAgentLogger - INFO - ################## PaperArchitecture_map20x20_rho1_10Agent/K3_HS0/1765556206 - End of loop ##################  
 ####### Case688 	 Computation time:1.2443885803222656 	 Step41/54	- AllReachGoal-True

2025-12-13 00:01:59,175 - PaperAgentLogger - INFO - current rateReachGoal: 0
2025-12-13 00:01:59,196 - PaperAgentLogger - DEBUG - New map
2025-12-13 00:02:00,255 - PaperAgentLogger - INFO - ################## PaperArchitecture_map20x20_rho1_10Agent/K3_HS0/1765556206 - End of loop ##################  
 ####### Case689 	 Computation time:1.0586469173431396 	 Step32/56	- AllReachGoal-True

2025-12-13 00:02:00,256 - PaperAgentLogger - INFO - current rateReachGoal: 0
2025-12-13 00:02:00,273 - PaperAgentLogger - DEBUG - New map
2025-12-13 00:02:01,085 - PaperAgentLogger - INFO - ################## PaperArchitecture_map20x20_rho1_10Agent/K3_HS0/1765556206 - End of loop ##################  
 ####### Case690 	 Computation time:0.811009407043457 	 Step26/46	- AllReachGoal-True

2025-12-13 00:02:01,085 - PaperAgentLogger - INFO - current rateReachGoal: 0
2025-12-13 00:02:01,106 - PaperAgentLogger - DEBUG - New map
2025-12-13 00:02:02,232 - PaperAgentLogger - INFO - ################## PaperArchitecture_map20x20_rho1_10Agent/K3_HS0/1765556206 - End of loop ##################  
 ####### Case691 	 Computation time:1.1258397102355957 	 Step37/72	- AllReachGoal-True

2025-12-13 00:02:02,235 - PaperAgentLogger - INFO - current rateReachGoal: 0
2025-12-13 00:02:02,254 - PaperAgentLogger - DEBUG - New map
2025-12-13 00:02:03,930 - PaperAgentLogger - INFO - ################## PaperArchitecture_map20x20_rho1_10Agent/K3_HS0/1765556206 - End of loop ##################  
 ####### Case692 	 Computation time:1.6752662658691406 	 Step52/66	- AllReachGoal-True

2025-12-13 00:02:03,931 - PaperAgentLogger - INFO - current rateReachGoal: 0
2025-12-13 00:02:03,952 - PaperAgentLogger - DEBUG - New map
2025-12-13 00:02:05,675 - PaperAgentLogger - INFO - ################## PaperArchitecture_map20x20_rho1_10Agent/K3_HS0/1765556206 - End of loop ##################  
 ####### Case693 	 Computation time:1.7230396270751953 	 Step54/54	- AllReachGoal-False

2025-12-13 00:02:05,676 - PaperAgentLogger - INFO - current rateReachGoal: 0
2025-12-13 00:02:05,694 - PaperAgentLogger - DEBUG - New map
2025-12-13 00:02:06,587 - PaperAgentLogger - INFO - ################## PaperArchitecture_map20x20_rho1_10Agent/K3_HS0/1765556206 - End of loop ##################  
 ####### Case694 	 Computation time:0.8919172286987305 	 Step27/50	- AllReachGoal-True

2025-12-13 00:02:06,587 - PaperAgentLogger - INFO - current rateReachGoal: 0
2025-12-13 00:02:06,605 - PaperAgentLogger - DEBUG - New map
2025-12-13 00:02:08,106 - PaperAgentLogger - INFO - ################## PaperArchitecture_map20x20_rho1_10Agent/K3_HS0/1765556206 - End of loop ##################  
 ####### Case695 	 Computation time:1.5005815029144287 	 Step48/48	- AllReachGoal-False

2025-12-13 00:02:08,107 - PaperAgentLogger - INFO - current rateReachGoal: 0
2025-12-13 00:02:08,126 - PaperAgentLogger - DEBUG - New map
2025-12-13 00:02:09,015 - PaperAgentLogger - INFO - ################## PaperArchitecture_map20x20_rho1_10Agent/K3_HS0/1765556206 - End of loop ##################  
 ####### Case696 	 Computation time:0.8883240222930908 	 Step28/54	- AllReachGoal-True

2025-12-13 00:02:09,016 - PaperAgentLogger - INFO - current rateReachGoal: 0
2025-12-13 00:02:09,031 - PaperAgentLogger - DEBUG - New map
2025-12-13 00:02:09,726 - PaperAgentLogger - INFO - ################## PaperArchitecture_map20x20_rho1_10Agent/K3_HS0/1765556206 - End of loop ##################  
 ####### Case697 	 Computation time:0.6950933933258057 	 Step22/40	- AllReachGoal-True

2025-12-13 00:02:09,727 - PaperAgentLogger - INFO - current rateReachGoal: 0
2025-12-13 00:02:09,747 - PaperAgentLogger - DEBUG - New map
2025-12-13 00:02:11,758 - PaperAgentLogger - INFO - ################## PaperArchitecture_map20x20_rho1_10Agent/K3_HS0/1765556206 - End of loop ##################  
 ####### Case698 	 Computation time:2.0102648735046387 	 Step64/64	- AllReachGoal-False

2025-12-13 00:02:11,758 - PaperAgentLogger - INFO - current rateReachGoal: 0
2025-12-13 00:02:11,776 - PaperAgentLogger - DEBUG - New map
2025-12-13 00:02:13,424 - PaperAgentLogger - INFO - ################## PaperArchitecture_map20x20_rho1_10Agent/K3_HS0/1765556206 - End of loop ##################  
 ####### Case699 	 Computation time:1.6469950675964355 	 Step50/50	- AllReachGoal-False

2025-12-13 00:02:13,426 - PaperAgentLogger - INFO - current rateReachGoal: 0
2025-12-13 00:02:13,448 - PaperAgentLogger - DEBUG - New map
2025-12-13 00:02:14,574 - PaperAgentLogger - INFO - ################## PaperArchitecture_map20x20_rho1_10Agent/K3_HS0/1765556206 - End of loop ##################  
 ####### Case700 	 Computation time:1.1259651184082031 	 Step36/72	- AllReachGoal-True

2025-12-13 00:02:14,575 - PaperAgentLogger - INFO - current rateReachGoal: 0
2025-12-13 00:02:14,592 - PaperAgentLogger - DEBUG - New map
2025-12-13 00:02:15,275 - PaperAgentLogger - INFO - ################## PaperArchitecture_map20x20_rho1_10Agent/K3_HS0/1765556206 - End of loop ##################  
 ####### Case701 	 Computation time:0.6820569038391113 	 Step23/46	- AllReachGoal-True

2025-12-13 00:02:15,276 - PaperAgentLogger - INFO - current rateReachGoal: 0
2025-12-13 00:02:15,295 - PaperAgentLogger - DEBUG - New map
2025-12-13 00:02:16,512 - PaperAgentLogger - INFO - ################## PaperArchitecture_map20x20_rho1_10Agent/K3_HS0/1765556206 - End of loop ##################  
 ####### Case702 	 Computation time:1.215792179107666 	 Step40/60	- AllReachGoal-True

2025-12-13 00:02:16,512 - PaperAgentLogger - INFO - current rateReachGoal: 0
2025-12-13 00:02:16,530 - PaperAgentLogger - DEBUG - New map
2025-12-13 00:02:17,242 - PaperAgentLogger - INFO - ################## PaperArchitecture_map20x20_rho1_10Agent/K3_HS0/1765556206 - End of loop ##################  
 ####### Case703 	 Computation time:0.7121438980102539 	 Step23/42	- AllReachGoal-True

2025-12-13 00:02:17,243 - PaperAgentLogger - INFO - current rateReachGoal: 0
2025-12-13 00:02:17,262 - PaperAgentLogger - DEBUG - New map
2025-12-13 00:02:18,177 - PaperAgentLogger - INFO - ################## PaperArchitecture_map20x20_rho1_10Agent/K3_HS0/1765556206 - End of loop ##################  
 ####### Case704 	 Computation time:0.9144167900085449 	 Step31/58	- AllReachGoal-True

2025-12-13 00:02:18,177 - PaperAgentLogger - INFO - current rateReachGoal: 0
2025-12-13 00:02:18,198 - PaperAgentLogger - DEBUG - New map
2025-12-13 00:02:20,165 - PaperAgentLogger - INFO - ################## PaperArchitecture_map20x20_rho1_10Agent/K3_HS0/1765556206 - End of loop ##################  
 ####### Case705 	 Computation time:1.96641206741333 	 Step66/66	- AllReachGoal-False

2025-12-13 00:02:20,166 - PaperAgentLogger - INFO - current rateReachGoal: 0
2025-12-13 00:02:20,185 - PaperAgentLogger - DEBUG - New map
2025-12-13 00:02:21,107 - PaperAgentLogger - INFO - ################## PaperArchitecture_map20x20_rho1_10Agent/K3_HS0/1765556206 - End of loop ##################  
 ####### Case706 	 Computation time:0.921919584274292 	 Step30/60	- AllReachGoal-True

2025-12-13 00:02:21,108 - PaperAgentLogger - INFO - current rateReachGoal: 0
2025-12-13 00:02:21,127 - PaperAgentLogger - DEBUG - New map
2025-12-13 00:02:21,925 - PaperAgentLogger - INFO - ################## PaperArchitecture_map20x20_rho1_10Agent/K3_HS0/1765556206 - End of loop ##################  
 ####### Case707 	 Computation time:0.7971060276031494 	 Step27/54	- AllReachGoal-True

2025-12-13 00:02:21,925 - PaperAgentLogger - INFO - current rateReachGoal: 0
2025-12-13 00:02:21,943 - PaperAgentLogger - DEBUG - New map
2025-12-13 00:02:23,295 - PaperAgentLogger - INFO - ################## PaperArchitecture_map20x20_rho1_10Agent/K3_HS0/1765556206 - End of loop ##################  
 ####### Case708 	 Computation time:1.3517701625823975 	 Step45/54	- AllReachGoal-True

2025-12-13 00:02:23,296 - PaperAgentLogger - INFO - current rateReachGoal: 0
2025-12-13 00:02:23,313 - PaperAgentLogger - DEBUG - New map
2025-12-13 00:02:24,055 - PaperAgentLogger - INFO - ################## PaperArchitecture_map20x20_rho1_10Agent/K3_HS0/1765556206 - End of loop ##################  
 ####### Case709 	 Computation time:0.7410390377044678 	 Step25/50	- AllReachGoal-True

2025-12-13 00:02:24,055 - PaperAgentLogger - INFO - current rateReachGoal: 0
2025-12-13 00:02:24,074 - PaperAgentLogger - DEBUG - New map
2025-12-13 00:02:25,782 - PaperAgentLogger - INFO - ################## PaperArchitecture_map20x20_rho1_10Agent/K3_HS0/1765556206 - End of loop ##################  
 ####### Case710 	 Computation time:1.7077560424804688 	 Step58/58	- AllReachGoal-False

2025-12-13 00:02:25,783 - PaperAgentLogger - INFO - current rateReachGoal: 0
2025-12-13 00:02:25,803 - PaperAgentLogger - DEBUG - New map
2025-12-13 00:02:27,089 - PaperAgentLogger - INFO - ################## PaperArchitecture_map20x20_rho1_10Agent/K3_HS0/1765556206 - End of loop ##################  
 ####### Case711 	 Computation time:1.2856428623199463 	 Step43/58	- AllReachGoal-True

2025-12-13 00:02:27,090 - PaperAgentLogger - INFO - current rateReachGoal: 0
2025-12-13 00:02:27,105 - PaperAgentLogger - DEBUG - New map
2025-12-13 00:02:28,026 - PaperAgentLogger - INFO - ################## PaperArchitecture_map20x20_rho1_10Agent/K3_HS0/1765556206 - End of loop ##################  
 ####### Case712 	 Computation time:0.9201691150665283 	 Step31/44	- AllReachGoal-True

2025-12-13 00:02:28,027 - PaperAgentLogger - INFO - current rateReachGoal: 0
2025-12-13 00:02:28,047 - PaperAgentLogger - DEBUG - New map
2025-12-13 00:02:30,138 - PaperAgentLogger - INFO - ################## PaperArchitecture_map20x20_rho1_10Agent/K3_HS0/1765556206 - End of loop ##################  
 ####### Case713 	 Computation time:2.0898144245147705 	 Step66/66	- AllReachGoal-False

2025-12-13 00:02:30,138 - PaperAgentLogger - INFO - current rateReachGoal: 0
2025-12-13 00:02:30,153 - PaperAgentLogger - DEBUG - New map
2025-12-13 00:02:31,332 - PaperAgentLogger - INFO - ################## PaperArchitecture_map20x20_rho1_10Agent/K3_HS0/1765556206 - End of loop ##################  
 ####### Case714 	 Computation time:1.1778748035430908 	 Step40/40	- AllReachGoal-False

2025-12-13 00:02:31,334 - PaperAgentLogger - INFO - current rateReachGoal: 0
2025-12-13 00:02:31,352 - PaperAgentLogger - DEBUG - New map
2025-12-13 00:02:32,842 - PaperAgentLogger - INFO - ################## PaperArchitecture_map20x20_rho1_10Agent/K3_HS0/1765556206 - End of loop ##################  
 ####### Case715 	 Computation time:1.4894506931304932 	 Step46/46	- AllReachGoal-False

2025-12-13 00:02:32,843 - PaperAgentLogger - INFO - current rateReachGoal: 0
2025-12-13 00:02:32,860 - PaperAgentLogger - DEBUG - New map
2025-12-13 00:02:33,584 - PaperAgentLogger - INFO - ################## PaperArchitecture_map20x20_rho1_10Agent/K3_HS0/1765556206 - End of loop ##################  
 ####### Case716 	 Computation time:0.7238302230834961 	 Step22/44	- AllReachGoal-True

2025-12-13 00:02:33,585 - PaperAgentLogger - INFO - current rateReachGoal: 0
2025-12-13 00:02:33,602 - PaperAgentLogger - DEBUG - New map
2025-12-13 00:02:34,290 - PaperAgentLogger - INFO - ################## PaperArchitecture_map20x20_rho1_10Agent/K3_HS0/1765556206 - End of loop ##################  
 ####### Case717 	 Computation time:0.6876494884490967 	 Step23/46	- AllReachGoal-True

2025-12-13 00:02:34,291 - PaperAgentLogger - INFO - current rateReachGoal: 0
2025-12-13 00:02:34,308 - PaperAgentLogger - DEBUG - New map
2025-12-13 00:02:35,902 - PaperAgentLogger - INFO - ################## PaperArchitecture_map20x20_rho1_10Agent/K3_HS0/1765556206 - End of loop ##################  
 ####### Case718 	 Computation time:1.5931487083435059 	 Step54/54	- AllReachGoal-False

2025-12-13 00:02:35,902 - PaperAgentLogger - INFO - current rateReachGoal: 0
2025-12-13 00:02:35,919 - PaperAgentLogger - DEBUG - New map
2025-12-13 00:02:36,751 - PaperAgentLogger - INFO - ################## PaperArchitecture_map20x20_rho1_10Agent/K3_HS0/1765556206 - End of loop ##################  
 ####### Case719 	 Computation time:0.8307595252990723 	 Step28/54	- AllReachGoal-True

2025-12-13 00:02:36,753 - PaperAgentLogger - INFO - current rateReachGoal: 0
2025-12-13 00:02:36,769 - PaperAgentLogger - DEBUG - New map
2025-12-13 00:02:37,508 - PaperAgentLogger - INFO - ################## PaperArchitecture_map20x20_rho1_10Agent/K3_HS0/1765556206 - End of loop ##################  
 ####### Case720 	 Computation time:0.7376618385314941 	 Step25/46	- AllReachGoal-True

2025-12-13 00:02:37,508 - PaperAgentLogger - INFO - current rateReachGoal: 0
2025-12-13 00:02:37,526 - PaperAgentLogger - DEBUG - New map
2025-12-13 00:02:38,268 - PaperAgentLogger - INFO - ################## PaperArchitecture_map20x20_rho1_10Agent/K3_HS0/1765556206 - End of loop ##################  
 ####### Case721 	 Computation time:0.7410013675689697 	 Step25/50	- AllReachGoal-True

2025-12-13 00:02:38,268 - PaperAgentLogger - INFO - current rateReachGoal: 0
2025-12-13 00:02:38,284 - PaperAgentLogger - DEBUG - New map
2025-12-13 00:02:39,028 - PaperAgentLogger - INFO - ################## PaperArchitecture_map20x20_rho1_10Agent/K3_HS0/1765556206 - End of loop ##################  
 ####### Case722 	 Computation time:0.7433087825775146 	 Step25/46	- AllReachGoal-True

2025-12-13 00:02:39,029 - PaperAgentLogger - INFO - current rateReachGoal: 0
2025-12-13 00:02:39,049 - PaperAgentLogger - DEBUG - New map
2025-12-13 00:02:40,082 - PaperAgentLogger - INFO - ################## PaperArchitecture_map20x20_rho1_10Agent/K3_HS0/1765556206 - End of loop ##################  
 ####### Case723 	 Computation time:1.033038854598999 	 Step35/66	- AllReachGoal-True

2025-12-13 00:02:40,083 - PaperAgentLogger - INFO - current rateReachGoal: 0
2025-12-13 00:02:40,099 - PaperAgentLogger - DEBUG - New map
2025-12-13 00:02:40,757 - PaperAgentLogger - INFO - ################## PaperArchitecture_map20x20_rho1_10Agent/K3_HS0/1765556206 - End of loop ##################  
 ####### Case724 	 Computation time:0.6574854850769043 	 Step22/44	- AllReachGoal-True

2025-12-13 00:02:40,758 - PaperAgentLogger - INFO - current rateReachGoal: 0
2025-12-13 00:02:40,774 - PaperAgentLogger - DEBUG - New map
2025-12-13 00:02:42,245 - PaperAgentLogger - INFO - ################## PaperArchitecture_map20x20_rho1_10Agent/K3_HS0/1765556206 - End of loop ##################  
 ####### Case725 	 Computation time:1.4704790115356445 	 Step48/48	- AllReachGoal-False

2025-12-13 00:02:42,248 - PaperAgentLogger - INFO - current rateReachGoal: 0
2025-12-13 00:02:42,265 - PaperAgentLogger - DEBUG - New map
2025-12-13 00:02:43,925 - PaperAgentLogger - INFO - ################## PaperArchitecture_map20x20_rho1_10Agent/K3_HS0/1765556206 - End of loop ##################  
 ####### Case726 	 Computation time:1.6592962741851807 	 Step52/52	- AllReachGoal-False

2025-12-13 00:02:43,925 - PaperAgentLogger - INFO - current rateReachGoal: 0
2025-12-13 00:02:43,942 - PaperAgentLogger - DEBUG - New map
2025-12-13 00:02:44,680 - PaperAgentLogger - INFO - ################## PaperArchitecture_map20x20_rho1_10Agent/K3_HS0/1765556206 - End of loop ##################  
 ####### Case727 	 Computation time:0.7383103370666504 	 Step23/46	- AllReachGoal-True

2025-12-13 00:02:44,681 - PaperAgentLogger - INFO - current rateReachGoal: 0
2025-12-13 00:02:44,700 - PaperAgentLogger - DEBUG - New map
2025-12-13 00:02:46,681 - PaperAgentLogger - INFO - ################## PaperArchitecture_map20x20_rho1_10Agent/K3_HS0/1765556206 - End of loop ##################  
 ####### Case728 	 Computation time:1.9795997142791748 	 Step64/64	- AllReachGoal-False

2025-12-13 00:02:46,681 - PaperAgentLogger - INFO - current rateReachGoal: 0
2025-12-13 00:02:46,699 - PaperAgentLogger - DEBUG - New map
2025-12-13 00:02:47,473 - PaperAgentLogger - INFO - ################## PaperArchitecture_map20x20_rho1_10Agent/K3_HS0/1765556206 - End of loop ##################  
 ####### Case729 	 Computation time:0.7738661766052246 	 Step25/50	- AllReachGoal-True

2025-12-13 00:02:47,474 - PaperAgentLogger - INFO - current rateReachGoal: 0
2025-12-13 00:02:47,493 - PaperAgentLogger - DEBUG - New map
2025-12-13 00:02:48,447 - PaperAgentLogger - INFO - ################## PaperArchitecture_map20x20_rho1_10Agent/K3_HS0/1765556206 - End of loop ##################  
 ####### Case730 	 Computation time:0.953345775604248 	 Step32/54	- AllReachGoal-True

2025-12-13 00:02:48,448 - PaperAgentLogger - INFO - current rateReachGoal: 0
2025-12-13 00:02:48,466 - PaperAgentLogger - DEBUG - New map
2025-12-13 00:02:50,284 - PaperAgentLogger - INFO - ################## PaperArchitecture_map20x20_rho1_10Agent/K3_HS0/1765556206 - End of loop ##################  
 ####### Case731 	 Computation time:1.8170554637908936 	 Step56/56	- AllReachGoal-False

2025-12-13 00:02:50,285 - PaperAgentLogger - INFO - current rateReachGoal: 0
2025-12-13 00:02:50,302 - PaperAgentLogger - DEBUG - New map
2025-12-13 00:02:51,832 - PaperAgentLogger - INFO - ################## PaperArchitecture_map20x20_rho1_10Agent/K3_HS0/1765556206 - End of loop ##################  
 ####### Case732 	 Computation time:1.5291523933410645 	 Step48/48	- AllReachGoal-False

2025-12-13 00:02:51,832 - PaperAgentLogger - INFO - current rateReachGoal: 0
2025-12-13 00:02:51,850 - PaperAgentLogger - DEBUG - New map
2025-12-13 00:02:52,677 - PaperAgentLogger - INFO - ################## PaperArchitecture_map20x20_rho1_10Agent/K3_HS0/1765556206 - End of loop ##################  
 ####### Case733 	 Computation time:0.8266294002532959 	 Step28/50	- AllReachGoal-True

2025-12-13 00:02:52,679 - PaperAgentLogger - INFO - current rateReachGoal: 0
2025-12-13 00:02:52,697 - PaperAgentLogger - DEBUG - New map
2025-12-13 00:02:54,351 - PaperAgentLogger - INFO - ################## PaperArchitecture_map20x20_rho1_10Agent/K3_HS0/1765556206 - End of loop ##################  
 ####### Case734 	 Computation time:1.6539514064788818 	 Step56/56	- AllReachGoal-False

2025-12-13 00:02:54,352 - PaperAgentLogger - INFO - current rateReachGoal: 0
2025-12-13 00:02:54,370 - PaperAgentLogger - DEBUG - New map
2025-12-13 00:02:55,148 - PaperAgentLogger - INFO - ################## PaperArchitecture_map20x20_rho1_10Agent/K3_HS0/1765556206 - End of loop ##################  
 ####### Case735 	 Computation time:0.7779340744018555 	 Step26/48	- AllReachGoal-True

2025-12-13 00:02:55,149 - PaperAgentLogger - INFO - current rateReachGoal: 0
2025-12-13 00:02:55,167 - PaperAgentLogger - DEBUG - New map
2025-12-13 00:02:56,316 - PaperAgentLogger - INFO - ################## PaperArchitecture_map20x20_rho1_10Agent/K3_HS0/1765556206 - End of loop ##################  
 ####### Case736 	 Computation time:1.1479876041412354 	 Step36/52	- AllReachGoal-True

2025-12-13 00:02:56,316 - PaperAgentLogger - INFO - current rateReachGoal: 0
2025-12-13 00:02:56,334 - PaperAgentLogger - DEBUG - New map
2025-12-13 00:02:57,125 - PaperAgentLogger - INFO - ################## PaperArchitecture_map20x20_rho1_10Agent/K3_HS0/1765556206 - End of loop ##################  
 ####### Case737 	 Computation time:0.7896971702575684 	 Step24/48	- AllReachGoal-True

2025-12-13 00:02:57,126 - PaperAgentLogger - INFO - current rateReachGoal: 0
2025-12-13 00:02:57,142 - PaperAgentLogger - DEBUG - New map
2025-12-13 00:02:58,635 - PaperAgentLogger - INFO - ################## PaperArchitecture_map20x20_rho1_10Agent/K3_HS0/1765556206 - End of loop ##################  
 ####### Case738 	 Computation time:1.4918112754821777 	 Step48/48	- AllReachGoal-False

2025-12-13 00:02:58,636 - PaperAgentLogger - INFO - current rateReachGoal: 0
2025-12-13 00:02:58,656 - PaperAgentLogger - DEBUG - New map
2025-12-13 00:03:00,737 - PaperAgentLogger - INFO - ################## PaperArchitecture_map20x20_rho1_10Agent/K3_HS0/1765556206 - End of loop ##################  
 ####### Case739 	 Computation time:2.0795137882232666 	 Step64/64	- AllReachGoal-False

2025-12-13 00:03:00,738 - PaperAgentLogger - INFO - current rateReachGoal: 0
2025-12-13 00:03:00,756 - PaperAgentLogger - DEBUG - New map
2025-12-13 00:03:02,505 - PaperAgentLogger - INFO - ################## PaperArchitecture_map20x20_rho1_10Agent/K3_HS0/1765556206 - End of loop ##################  
 ####### Case740 	 Computation time:1.748781681060791 	 Step58/58	- AllReachGoal-False

2025-12-13 00:03:02,506 - PaperAgentLogger - INFO - current rateReachGoal: 0
2025-12-13 00:03:02,524 - PaperAgentLogger - DEBUG - New map
2025-12-13 00:03:03,605 - PaperAgentLogger - INFO - ################## PaperArchitecture_map20x20_rho1_10Agent/K3_HS0/1765556206 - End of loop ##################  
 ####### Case741 	 Computation time:1.0807363986968994 	 Step33/50	- AllReachGoal-True

2025-12-13 00:03:03,606 - PaperAgentLogger - INFO - current rateReachGoal: 0
2025-12-13 00:03:03,624 - PaperAgentLogger - DEBUG - New map
2025-12-13 00:03:04,518 - PaperAgentLogger - INFO - ################## PaperArchitecture_map20x20_rho1_10Agent/K3_HS0/1765556206 - End of loop ##################  
 ####### Case742 	 Computation time:0.8930466175079346 	 Step27/54	- AllReachGoal-True

2025-12-13 00:03:04,519 - PaperAgentLogger - INFO - current rateReachGoal: 0
2025-12-13 00:03:04,535 - PaperAgentLogger - DEBUG - New map
2025-12-13 00:03:05,646 - PaperAgentLogger - INFO - ################## PaperArchitecture_map20x20_rho1_10Agent/K3_HS0/1765556206 - End of loop ##################  
 ####### Case743 	 Computation time:1.1106774806976318 	 Step35/48	- AllReachGoal-True

2025-12-13 00:03:05,647 - PaperAgentLogger - INFO - current rateReachGoal: 0
2025-12-13 00:03:05,664 - PaperAgentLogger - DEBUG - New map
2025-12-13 00:03:06,476 - PaperAgentLogger - INFO - ################## PaperArchitecture_map20x20_rho1_10Agent/K3_HS0/1765556206 - End of loop ##################  
 ####### Case744 	 Computation time:0.8122425079345703 	 Step27/48	- AllReachGoal-True

2025-12-13 00:03:06,477 - PaperAgentLogger - INFO - current rateReachGoal: 0
2025-12-13 00:03:06,495 - PaperAgentLogger - DEBUG - New map
2025-12-13 00:03:08,262 - PaperAgentLogger - INFO - ################## PaperArchitecture_map20x20_rho1_10Agent/K3_HS0/1765556206 - End of loop ##################  
 ####### Case745 	 Computation time:1.7656190395355225 	 Step54/54	- AllReachGoal-False

2025-12-13 00:03:08,262 - PaperAgentLogger - INFO - current rateReachGoal: 0
2025-12-13 00:03:08,281 - PaperAgentLogger - DEBUG - New map
2025-12-13 00:03:10,118 - PaperAgentLogger - INFO - ################## PaperArchitecture_map20x20_rho1_10Agent/K3_HS0/1765556206 - End of loop ##################  
 ####### Case746 	 Computation time:1.8366930484771729 	 Step56/56	- AllReachGoal-False

2025-12-13 00:03:10,121 - PaperAgentLogger - INFO - current rateReachGoal: 0
2025-12-13 00:03:10,138 - PaperAgentLogger - DEBUG - New map
2025-12-13 00:03:11,333 - PaperAgentLogger - INFO - ################## PaperArchitecture_map20x20_rho1_10Agent/K3_HS0/1765556206 - End of loop ##################  
 ####### Case747 	 Computation time:1.1943116188049316 	 Step39/50	- AllReachGoal-True

2025-12-13 00:03:11,334 - PaperAgentLogger - INFO - current rateReachGoal: 0
2025-12-13 00:03:11,352 - PaperAgentLogger - DEBUG - New map
2025-12-13 00:03:13,151 - PaperAgentLogger - INFO - ################## PaperArchitecture_map20x20_rho1_10Agent/K3_HS0/1765556206 - End of loop ##################  
 ####### Case748 	 Computation time:1.7977540493011475 	 Step58/58	- AllReachGoal-False

2025-12-13 00:03:13,152 - PaperAgentLogger - INFO - current rateReachGoal: 0
2025-12-13 00:03:13,170 - PaperAgentLogger - DEBUG - New map
2025-12-13 00:03:14,030 - PaperAgentLogger - INFO - ################## PaperArchitecture_map20x20_rho1_10Agent/K3_HS0/1765556206 - End of loop ##################  
 ####### Case749 	 Computation time:0.8589296340942383 	 Step27/54	- AllReachGoal-True

2025-12-13 00:03:14,031 - PaperAgentLogger - INFO - current rateReachGoal: 0
2025-12-13 00:03:14,049 - PaperAgentLogger - DEBUG - New map
2025-12-13 00:03:15,062 - PaperAgentLogger - INFO - ################## PaperArchitecture_map20x20_rho1_10Agent/K3_HS0/1765556206 - End of loop ##################  
 ####### Case750 	 Computation time:1.0127928256988525 	 Step33/54	- AllReachGoal-True

2025-12-13 00:03:15,063 - PaperAgentLogger - INFO - current rateReachGoal: 0
2025-12-13 00:03:15,081 - PaperAgentLogger - DEBUG - New map
2025-12-13 00:03:15,965 - PaperAgentLogger - INFO - ################## PaperArchitecture_map20x20_rho1_10Agent/K3_HS0/1765556206 - End of loop ##################  
 ####### Case751 	 Computation time:0.8837761878967285 	 Step28/56	- AllReachGoal-True

2025-12-13 00:03:15,966 - PaperAgentLogger - INFO - current rateReachGoal: 0
2025-12-13 00:03:15,983 - PaperAgentLogger - DEBUG - New map
2025-12-13 00:03:16,857 - PaperAgentLogger - INFO - ################## PaperArchitecture_map20x20_rho1_10Agent/K3_HS0/1765556206 - End of loop ##################  
 ####### Case752 	 Computation time:0.8729965686798096 	 Step29/46	- AllReachGoal-True

2025-12-13 00:03:16,858 - PaperAgentLogger - INFO - current rateReachGoal: 0
2025-12-13 00:03:16,874 - PaperAgentLogger - DEBUG - New map
2025-12-13 00:03:17,540 - PaperAgentLogger - INFO - ################## PaperArchitecture_map20x20_rho1_10Agent/K3_HS0/1765556206 - End of loop ##################  
 ####### Case753 	 Computation time:0.6661648750305176 	 Step23/46	- AllReachGoal-True

2025-12-13 00:03:17,541 - PaperAgentLogger - INFO - current rateReachGoal: 0
2025-12-13 00:03:17,556 - PaperAgentLogger - DEBUG - New map
2025-12-13 00:03:18,260 - PaperAgentLogger - INFO - ################## PaperArchitecture_map20x20_rho1_10Agent/K3_HS0/1765556206 - End of loop ##################  
 ####### Case754 	 Computation time:0.7029154300689697 	 Step23/40	- AllReachGoal-True

2025-12-13 00:03:18,261 - PaperAgentLogger - INFO - current rateReachGoal: 0
2025-12-13 00:03:18,276 - PaperAgentLogger - DEBUG - New map
2025-12-13 00:03:18,916 - PaperAgentLogger - INFO - ################## PaperArchitecture_map20x20_rho1_10Agent/K3_HS0/1765556206 - End of loop ##################  
 ####### Case755 	 Computation time:0.6397707462310791 	 Step22/42	- AllReachGoal-True

2025-12-13 00:03:18,917 - PaperAgentLogger - INFO - current rateReachGoal: 0
2025-12-13 00:03:18,936 - PaperAgentLogger - DEBUG - New map
2025-12-13 00:03:19,945 - PaperAgentLogger - INFO - ################## PaperArchitecture_map20x20_rho1_10Agent/K3_HS0/1765556206 - End of loop ##################  
 ####### Case756 	 Computation time:1.0083775520324707 	 Step32/64	- AllReachGoal-True

2025-12-13 00:03:19,946 - PaperAgentLogger - INFO - current rateReachGoal: 0
2025-12-13 00:03:19,964 - PaperAgentLogger - DEBUG - New map
2025-12-13 00:03:20,925 - PaperAgentLogger - INFO - ################## PaperArchitecture_map20x20_rho1_10Agent/K3_HS0/1765556206 - End of loop ##################  
 ####### Case757 	 Computation time:0.9604580402374268 	 Step33/56	- AllReachGoal-True

2025-12-13 00:03:20,926 - PaperAgentLogger - INFO - current rateReachGoal: 0
2025-12-13 00:03:20,941 - PaperAgentLogger - DEBUG - New map
2025-12-13 00:03:22,194 - PaperAgentLogger - INFO - ################## PaperArchitecture_map20x20_rho1_10Agent/K3_HS0/1765556206 - End of loop ##################  
 ####### Case758 	 Computation time:1.2526612281799316 	 Step42/42	- AllReachGoal-False

2025-12-13 00:03:22,195 - PaperAgentLogger - INFO - current rateReachGoal: 0
2025-12-13 00:03:22,212 - PaperAgentLogger - DEBUG - New map
2025-12-13 00:03:23,023 - PaperAgentLogger - INFO - ################## PaperArchitecture_map20x20_rho1_10Agent/K3_HS0/1765556206 - End of loop ##################  
 ####### Case759 	 Computation time:0.8111674785614014 	 Step26/46	- AllReachGoal-True

2025-12-13 00:03:23,024 - PaperAgentLogger - INFO - current rateReachGoal: 0
2025-12-13 00:03:23,041 - PaperAgentLogger - DEBUG - New map
2025-12-13 00:03:24,553 - PaperAgentLogger - INFO - ################## PaperArchitecture_map20x20_rho1_10Agent/K3_HS0/1765556206 - End of loop ##################  
 ####### Case760 	 Computation time:1.5116925239562988 	 Step48/48	- AllReachGoal-False

2025-12-13 00:03:24,554 - PaperAgentLogger - INFO - current rateReachGoal: 0
2025-12-13 00:03:24,572 - PaperAgentLogger - DEBUG - New map
2025-12-13 00:03:26,460 - PaperAgentLogger - INFO - ################## PaperArchitecture_map20x20_rho1_10Agent/K3_HS0/1765556206 - End of loop ##################  
 ####### Case761 	 Computation time:1.8868286609649658 	 Step60/60	- AllReachGoal-False

2025-12-13 00:03:26,460 - PaperAgentLogger - INFO - current rateReachGoal: 0
2025-12-13 00:03:26,478 - PaperAgentLogger - DEBUG - New map
2025-12-13 00:03:27,883 - PaperAgentLogger - INFO - ################## PaperArchitecture_map20x20_rho1_10Agent/K3_HS0/1765556206 - End of loop ##################  
 ####### Case762 	 Computation time:1.4046475887298584 	 Step48/48	- AllReachGoal-False

2025-12-13 00:03:27,884 - PaperAgentLogger - INFO - current rateReachGoal: 0
2025-12-13 00:03:27,903 - PaperAgentLogger - DEBUG - New map
2025-12-13 00:03:29,619 - PaperAgentLogger - INFO - ################## PaperArchitecture_map20x20_rho1_10Agent/K3_HS0/1765556206 - End of loop ##################  
 ####### Case763 	 Computation time:1.7156798839569092 	 Step56/56	- AllReachGoal-False

2025-12-13 00:03:29,620 - PaperAgentLogger - INFO - current rateReachGoal: 0
2025-12-13 00:03:29,640 - PaperAgentLogger - DEBUG - New map
2025-12-13 00:03:31,707 - PaperAgentLogger - INFO - ################## PaperArchitecture_map20x20_rho1_10Agent/K3_HS0/1765556206 - End of loop ##################  
 ####### Case764 	 Computation time:2.0657474994659424 	 Step70/70	- AllReachGoal-False

2025-12-13 00:03:31,708 - PaperAgentLogger - INFO - current rateReachGoal: 0
2025-12-13 00:03:31,727 - PaperAgentLogger - DEBUG - New map
2025-12-13 00:03:32,565 - PaperAgentLogger - INFO - ################## PaperArchitecture_map20x20_rho1_10Agent/K3_HS0/1765556206 - End of loop ##################  
 ####### Case765 	 Computation time:0.837444543838501 	 Step29/52	- AllReachGoal-True

2025-12-13 00:03:32,565 - PaperAgentLogger - INFO - current rateReachGoal: 0
2025-12-13 00:03:32,585 - PaperAgentLogger - DEBUG - New map
2025-12-13 00:03:34,516 - PaperAgentLogger - INFO - ################## PaperArchitecture_map20x20_rho1_10Agent/K3_HS0/1765556206 - End of loop ##################  
 ####### Case766 	 Computation time:1.9307267665863037 	 Step62/62	- AllReachGoal-False

2025-12-13 00:03:34,517 - PaperAgentLogger - INFO - current rateReachGoal: 0
2025-12-13 00:03:34,533 - PaperAgentLogger - DEBUG - New map
2025-12-13 00:03:35,403 - PaperAgentLogger - INFO - ################## PaperArchitecture_map20x20_rho1_10Agent/K3_HS0/1765556206 - End of loop ##################  
 ####### Case767 	 Computation time:0.8694946765899658 	 Step30/46	- AllReachGoal-True

2025-12-13 00:03:35,404 - PaperAgentLogger - INFO - current rateReachGoal: 0
2025-12-13 00:03:35,420 - PaperAgentLogger - DEBUG - New map
2025-12-13 00:03:36,809 - PaperAgentLogger - INFO - ################## PaperArchitecture_map20x20_rho1_10Agent/K3_HS0/1765556206 - End of loop ##################  
 ####### Case768 	 Computation time:1.388045072555542 	 Step48/48	- AllReachGoal-False

2025-12-13 00:03:36,809 - PaperAgentLogger - INFO - current rateReachGoal: 0
2025-12-13 00:03:36,828 - PaperAgentLogger - DEBUG - New map
2025-12-13 00:03:38,374 - PaperAgentLogger - INFO - ################## PaperArchitecture_map20x20_rho1_10Agent/K3_HS0/1765556206 - End of loop ##################  
 ####### Case769 	 Computation time:1.5461702346801758 	 Step54/54	- AllReachGoal-False

2025-12-13 00:03:38,375 - PaperAgentLogger - INFO - current rateReachGoal: 0
2025-12-13 00:03:38,393 - PaperAgentLogger - DEBUG - New map
2025-12-13 00:03:39,941 - PaperAgentLogger - INFO - ################## PaperArchitecture_map20x20_rho1_10Agent/K3_HS0/1765556206 - End of loop ##################  
 ####### Case770 	 Computation time:1.5475287437438965 	 Step54/54	- AllReachGoal-False

2025-12-13 00:03:39,943 - PaperAgentLogger - INFO - current rateReachGoal: 0
2025-12-13 00:03:39,960 - PaperAgentLogger - DEBUG - New map
2025-12-13 00:03:41,218 - PaperAgentLogger - INFO - ################## PaperArchitecture_map20x20_rho1_10Agent/K3_HS0/1765556206 - End of loop ##################  
 ####### Case771 	 Computation time:1.2567501068115234 	 Step42/48	- AllReachGoal-True

2025-12-13 00:03:41,218 - PaperAgentLogger - INFO - current rateReachGoal: 0
2025-12-13 00:03:41,235 - PaperAgentLogger - DEBUG - New map
2025-12-13 00:03:42,113 - PaperAgentLogger - INFO - ################## PaperArchitecture_map20x20_rho1_10Agent/K3_HS0/1765556206 - End of loop ##################  
 ####### Case772 	 Computation time:0.8772902488708496 	 Step28/48	- AllReachGoal-True

2025-12-13 00:03:42,113 - PaperAgentLogger - INFO - current rateReachGoal: 0
2025-12-13 00:03:42,133 - PaperAgentLogger - DEBUG - New map
2025-12-13 00:03:44,055 - PaperAgentLogger - INFO - ################## PaperArchitecture_map20x20_rho1_10Agent/K3_HS0/1765556206 - End of loop ##################  
 ####### Case773 	 Computation time:1.9206912517547607 	 Step66/66	- AllReachGoal-False

2025-12-13 00:03:44,055 - PaperAgentLogger - INFO - current rateReachGoal: 0
2025-12-13 00:03:44,073 - PaperAgentLogger - DEBUG - New map
2025-12-13 00:03:44,906 - PaperAgentLogger - INFO - ################## PaperArchitecture_map20x20_rho1_10Agent/K3_HS0/1765556206 - End of loop ##################  
 ####### Case774 	 Computation time:0.8326747417449951 	 Step27/54	- AllReachGoal-True

2025-12-13 00:03:44,907 - PaperAgentLogger - INFO - current rateReachGoal: 0
2025-12-13 00:03:44,927 - PaperAgentLogger - DEBUG - New map
2025-12-13 00:03:45,968 - PaperAgentLogger - INFO - ################## PaperArchitecture_map20x20_rho1_10Agent/K3_HS0/1765556206 - End of loop ##################  
 ####### Case775 	 Computation time:1.039644479751587 	 Step36/68	- AllReachGoal-True

2025-12-13 00:03:45,968 - PaperAgentLogger - INFO - current rateReachGoal: 0
2025-12-13 00:03:45,984 - PaperAgentLogger - DEBUG - New map
2025-12-13 00:03:46,639 - PaperAgentLogger - INFO - ################## PaperArchitecture_map20x20_rho1_10Agent/K3_HS0/1765556206 - End of loop ##################  
 ####### Case776 	 Computation time:0.6548612117767334 	 Step22/44	- AllReachGoal-True

2025-12-13 00:03:46,640 - PaperAgentLogger - INFO - current rateReachGoal: 0
2025-12-13 00:03:46,658 - PaperAgentLogger - DEBUG - New map
2025-12-13 00:03:47,530 - PaperAgentLogger - INFO - ################## PaperArchitecture_map20x20_rho1_10Agent/K3_HS0/1765556206 - End of loop ##################  
 ####### Case777 	 Computation time:0.8716895580291748 	 Step29/54	- AllReachGoal-True

2025-12-13 00:03:47,531 - PaperAgentLogger - INFO - current rateReachGoal: 0
2025-12-13 00:03:47,547 - PaperAgentLogger - DEBUG - New map
2025-12-13 00:03:48,450 - PaperAgentLogger - INFO - ################## PaperArchitecture_map20x20_rho1_10Agent/K3_HS0/1765556206 - End of loop ##################  
 ####### Case778 	 Computation time:0.9017536640167236 	 Step28/50	- AllReachGoal-True

2025-12-13 00:03:48,450 - PaperAgentLogger - INFO - current rateReachGoal: 0
2025-12-13 00:03:48,468 - PaperAgentLogger - DEBUG - New map
2025-12-13 00:03:50,026 - PaperAgentLogger - INFO - ################## PaperArchitecture_map20x20_rho1_10Agent/K3_HS0/1765556206 - End of loop ##################  
 ####### Case779 	 Computation time:1.5574259757995605 	 Step52/52	- AllReachGoal-False

2025-12-13 00:03:50,027 - PaperAgentLogger - INFO - current rateReachGoal: 0
2025-12-13 00:03:50,046 - PaperAgentLogger - DEBUG - New map
2025-12-13 00:03:51,901 - PaperAgentLogger - INFO - ################## PaperArchitecture_map20x20_rho1_10Agent/K3_HS0/1765556206 - End of loop ##################  
 ####### Case780 	 Computation time:1.8549752235412598 	 Step60/60	- AllReachGoal-False

2025-12-13 00:03:51,902 - PaperAgentLogger - INFO - current rateReachGoal: 0
2025-12-13 00:03:51,921 - PaperAgentLogger - DEBUG - New map
2025-12-13 00:03:53,924 - PaperAgentLogger - INFO - ################## PaperArchitecture_map20x20_rho1_10Agent/K3_HS0/1765556206 - End of loop ##################  
 ####### Case781 	 Computation time:2.0023245811462402 	 Step64/64	- AllReachGoal-False

2025-12-13 00:03:53,925 - PaperAgentLogger - INFO - current rateReachGoal: 0
2025-12-13 00:03:53,944 - PaperAgentLogger - DEBUG - New map
2025-12-13 00:03:55,352 - PaperAgentLogger - INFO - ################## PaperArchitecture_map20x20_rho1_10Agent/K3_HS0/1765556206 - End of loop ##################  
 ####### Case782 	 Computation time:1.4077045917510986 	 Step47/58	- AllReachGoal-True

2025-12-13 00:03:55,353 - PaperAgentLogger - INFO - current rateReachGoal: 0
2025-12-13 00:03:55,373 - PaperAgentLogger - DEBUG - New map
2025-12-13 00:03:56,329 - PaperAgentLogger - INFO - ################## PaperArchitecture_map20x20_rho1_10Agent/K3_HS0/1765556206 - End of loop ##################  
 ####### Case783 	 Computation time:0.9552309513092041 	 Step33/66	- AllReachGoal-True

2025-12-13 00:03:56,329 - PaperAgentLogger - INFO - current rateReachGoal: 0
2025-12-13 00:03:56,349 - PaperAgentLogger - DEBUG - New map
2025-12-13 00:03:57,897 - PaperAgentLogger - INFO - ################## PaperArchitecture_map20x20_rho1_10Agent/K3_HS0/1765556206 - End of loop ##################  
 ####### Case784 	 Computation time:1.5470209121704102 	 Step50/50	- AllReachGoal-False

2025-12-13 00:03:57,897 - PaperAgentLogger - INFO - current rateReachGoal: 0
2025-12-13 00:03:57,915 - PaperAgentLogger - DEBUG - New map
2025-12-13 00:03:59,528 - PaperAgentLogger - INFO - ################## PaperArchitecture_map20x20_rho1_10Agent/K3_HS0/1765556206 - End of loop ##################  
 ####### Case785 	 Computation time:1.6119146347045898 	 Step52/52	- AllReachGoal-False

2025-12-13 00:03:59,528 - PaperAgentLogger - INFO - current rateReachGoal: 0
2025-12-13 00:03:59,548 - PaperAgentLogger - DEBUG - New map
2025-12-13 00:04:01,136 - PaperAgentLogger - INFO - ################## PaperArchitecture_map20x20_rho1_10Agent/K3_HS0/1765556206 - End of loop ##################  
 ####### Case786 	 Computation time:1.5877902507781982 	 Step50/50	- AllReachGoal-False

2025-12-13 00:04:01,137 - PaperAgentLogger - INFO - current rateReachGoal: 0
2025-12-13 00:04:01,153 - PaperAgentLogger - DEBUG - New map
2025-12-13 00:04:02,500 - PaperAgentLogger - INFO - ################## PaperArchitecture_map20x20_rho1_10Agent/K3_HS0/1765556206 - End of loop ##################  
 ####### Case787 	 Computation time:1.3471412658691406 	 Step44/44	- AllReachGoal-False

2025-12-13 00:04:02,503 - PaperAgentLogger - INFO - current rateReachGoal: 0
2025-12-13 00:04:02,519 - PaperAgentLogger - DEBUG - New map
2025-12-13 00:04:03,773 - PaperAgentLogger - INFO - ################## PaperArchitecture_map20x20_rho1_10Agent/K3_HS0/1765556206 - End of loop ##################  
 ####### Case788 	 Computation time:1.2542624473571777 	 Step40/40	- AllReachGoal-False

2025-12-13 00:04:03,774 - PaperAgentLogger - INFO - current rateReachGoal: 0
2025-12-13 00:04:03,790 - PaperAgentLogger - DEBUG - New map
2025-12-13 00:04:05,271 - PaperAgentLogger - INFO - ################## PaperArchitecture_map20x20_rho1_10Agent/K3_HS0/1765556206 - End of loop ##################  
 ####### Case789 	 Computation time:1.4798839092254639 	 Step48/48	- AllReachGoal-False

2025-12-13 00:04:05,272 - PaperAgentLogger - INFO - current rateReachGoal: 0
2025-12-13 00:04:05,290 - PaperAgentLogger - DEBUG - New map
2025-12-13 00:04:06,929 - PaperAgentLogger - INFO - ################## PaperArchitecture_map20x20_rho1_10Agent/K3_HS0/1765556206 - End of loop ##################  
 ####### Case790 	 Computation time:1.6390039920806885 	 Step52/52	- AllReachGoal-False

2025-12-13 00:04:06,930 - PaperAgentLogger - INFO - current rateReachGoal: 0
2025-12-13 00:04:06,948 - PaperAgentLogger - DEBUG - New map
2025-12-13 00:04:07,897 - PaperAgentLogger - INFO - ################## PaperArchitecture_map20x20_rho1_10Agent/K3_HS0/1765556206 - End of loop ##################  
 ####### Case791 	 Computation time:0.9480719566345215 	 Step32/60	- AllReachGoal-True

2025-12-13 00:04:07,899 - PaperAgentLogger - INFO - current rateReachGoal: 0
2025-12-13 00:04:07,916 - PaperAgentLogger - DEBUG - New map
2025-12-13 00:04:09,349 - PaperAgentLogger - INFO - ################## PaperArchitecture_map20x20_rho1_10Agent/K3_HS0/1765556206 - End of loop ##################  
 ####### Case792 	 Computation time:1.4329676628112793 	 Step46/46	- AllReachGoal-False

2025-12-13 00:04:09,350 - PaperAgentLogger - INFO - current rateReachGoal: 0
2025-12-13 00:04:09,367 - PaperAgentLogger - DEBUG - New map
2025-12-13 00:04:10,686 - PaperAgentLogger - INFO - ################## PaperArchitecture_map20x20_rho1_10Agent/K3_HS0/1765556206 - End of loop ##################  
 ####### Case793 	 Computation time:1.318467378616333 	 Step46/46	- AllReachGoal-False

2025-12-13 00:04:10,687 - PaperAgentLogger - INFO - current rateReachGoal: 0
2025-12-13 00:04:10,704 - PaperAgentLogger - DEBUG - New map
2025-12-13 00:04:12,221 - PaperAgentLogger - INFO - ################## PaperArchitecture_map20x20_rho1_10Agent/K3_HS0/1765556206 - End of loop ##################  
 ####### Case794 	 Computation time:1.5161194801330566 	 Step52/52	- AllReachGoal-False

2025-12-13 00:04:12,221 - PaperAgentLogger - INFO - current rateReachGoal: 0
2025-12-13 00:04:12,239 - PaperAgentLogger - DEBUG - New map
2025-12-13 00:04:13,496 - PaperAgentLogger - INFO - ################## PaperArchitecture_map20x20_rho1_10Agent/K3_HS0/1765556206 - End of loop ##################  
 ####### Case795 	 Computation time:1.2567667961120605 	 Step43/46	- AllReachGoal-True

2025-12-13 00:04:13,497 - PaperAgentLogger - INFO - current rateReachGoal: 0
2025-12-13 00:04:13,516 - PaperAgentLogger - DEBUG - New map
2025-12-13 00:04:14,361 - PaperAgentLogger - INFO - ################## PaperArchitecture_map20x20_rho1_10Agent/K3_HS0/1765556206 - End of loop ##################  
 ####### Case796 	 Computation time:0.8436305522918701 	 Step28/50	- AllReachGoal-True

2025-12-13 00:04:14,361 - PaperAgentLogger - INFO - current rateReachGoal: 0
2025-12-13 00:04:14,377 - PaperAgentLogger - DEBUG - New map
2025-12-13 00:04:15,615 - PaperAgentLogger - INFO - ################## PaperArchitecture_map20x20_rho1_10Agent/K3_HS0/1765556206 - End of loop ##################  
 ####### Case797 	 Computation time:1.2373743057250977 	 Step40/40	- AllReachGoal-False

2025-12-13 00:04:15,615 - PaperAgentLogger - INFO - current rateReachGoal: 0
2025-12-13 00:04:15,633 - PaperAgentLogger - DEBUG - New map
2025-12-13 00:04:16,463 - PaperAgentLogger - INFO - ################## PaperArchitecture_map20x20_rho1_10Agent/K3_HS0/1765556206 - End of loop ##################  
 ####### Case798 	 Computation time:0.8293530941009521 	 Step28/56	- AllReachGoal-True

2025-12-13 00:04:16,464 - PaperAgentLogger - INFO - current rateReachGoal: 0
2025-12-13 00:04:16,481 - PaperAgentLogger - DEBUG - New map
2025-12-13 00:04:18,028 - PaperAgentLogger - INFO - ################## PaperArchitecture_map20x20_rho1_10Agent/K3_HS0/1765556206 - End of loop ##################  
 ####### Case799 	 Computation time:1.5464975833892822 	 Step52/52	- AllReachGoal-False

2025-12-13 00:04:18,029 - PaperAgentLogger - INFO - current rateReachGoal: 0
2025-12-13 00:04:18,046 - PaperAgentLogger - DEBUG - New map
2025-12-13 00:04:18,866 - PaperAgentLogger - INFO - ################## PaperArchitecture_map20x20_rho1_10Agent/K3_HS0/1765556206 - End of loop ##################  
 ####### Case800 	 Computation time:0.8195860385894775 	 Step25/50	- AllReachGoal-True

2025-12-13 00:04:18,868 - PaperAgentLogger - INFO - current rateReachGoal: 0
2025-12-13 00:04:18,885 - PaperAgentLogger - DEBUG - New map
2025-12-13 00:04:20,386 - PaperAgentLogger - INFO - ################## PaperArchitecture_map20x20_rho1_10Agent/K3_HS0/1765556206 - End of loop ##################  
 ####### Case801 	 Computation time:1.499932050704956 	 Step48/48	- AllReachGoal-False

2025-12-13 00:04:20,387 - PaperAgentLogger - INFO - current rateReachGoal: 0
2025-12-13 00:04:20,405 - PaperAgentLogger - DEBUG - New map
2025-12-13 00:04:22,103 - PaperAgentLogger - INFO - ################## PaperArchitecture_map20x20_rho1_10Agent/K3_HS0/1765556206 - End of loop ##################  
 ####### Case802 	 Computation time:1.6973075866699219 	 Step54/54	- AllReachGoal-False

2025-12-13 00:04:22,103 - PaperAgentLogger - INFO - current rateReachGoal: 0
2025-12-13 00:04:22,120 - PaperAgentLogger - DEBUG - New map
2025-12-13 00:04:23,440 - PaperAgentLogger - INFO - ################## PaperArchitecture_map20x20_rho1_10Agent/K3_HS0/1765556206 - End of loop ##################  
 ####### Case803 	 Computation time:1.3189990520477295 	 Step44/44	- AllReachGoal-False

2025-12-13 00:04:23,440 - PaperAgentLogger - INFO - current rateReachGoal: 0
2025-12-13 00:04:23,459 - PaperAgentLogger - DEBUG - New map
2025-12-13 00:04:25,182 - PaperAgentLogger - INFO - ################## PaperArchitecture_map20x20_rho1_10Agent/K3_HS0/1765556206 - End of loop ##################  
 ####### Case804 	 Computation time:1.722348928451538 	 Step58/58	- AllReachGoal-False

2025-12-13 00:04:25,183 - PaperAgentLogger - INFO - current rateReachGoal: 0
2025-12-13 00:04:25,201 - PaperAgentLogger - DEBUG - New map
2025-12-13 00:04:26,241 - PaperAgentLogger - INFO - ################## PaperArchitecture_map20x20_rho1_10Agent/K3_HS0/1765556206 - End of loop ##################  
 ####### Case805 	 Computation time:1.0393860340118408 	 Step32/60	- AllReachGoal-True

2025-12-13 00:04:26,242 - PaperAgentLogger - INFO - current rateReachGoal: 0
2025-12-13 00:04:26,260 - PaperAgentLogger - DEBUG - New map
2025-12-13 00:04:27,475 - PaperAgentLogger - INFO - ################## PaperArchitecture_map20x20_rho1_10Agent/K3_HS0/1765556206 - End of loop ##################  
 ####### Case806 	 Computation time:1.2151744365692139 	 Step37/52	- AllReachGoal-True

2025-12-13 00:04:27,476 - PaperAgentLogger - INFO - current rateReachGoal: 0
2025-12-13 00:04:27,493 - PaperAgentLogger - DEBUG - New map
2025-12-13 00:04:29,185 - PaperAgentLogger - INFO - ################## PaperArchitecture_map20x20_rho1_10Agent/K3_HS0/1765556206 - End of loop ##################  
 ####### Case807 	 Computation time:1.6916954517364502 	 Step54/54	- AllReachGoal-False

2025-12-13 00:04:29,186 - PaperAgentLogger - INFO - current rateReachGoal: 0
2025-12-13 00:04:29,204 - PaperAgentLogger - DEBUG - New map
2025-12-13 00:04:30,381 - PaperAgentLogger - INFO - ################## PaperArchitecture_map20x20_rho1_10Agent/K3_HS0/1765556206 - End of loop ##################  
 ####### Case808 	 Computation time:1.1764636039733887 	 Step39/52	- AllReachGoal-True

2025-12-13 00:04:30,383 - PaperAgentLogger - INFO - current rateReachGoal: 0
2025-12-13 00:04:30,402 - PaperAgentLogger - DEBUG - New map
2025-12-13 00:04:32,145 - PaperAgentLogger - INFO - ################## PaperArchitecture_map20x20_rho1_10Agent/K3_HS0/1765556206 - End of loop ##################  
 ####### Case809 	 Computation time:1.74275541305542 	 Step54/54	- AllReachGoal-False

2025-12-13 00:04:32,146 - PaperAgentLogger - INFO - current rateReachGoal: 0
2025-12-13 00:04:32,163 - PaperAgentLogger - DEBUG - New map
2025-12-13 00:04:32,981 - PaperAgentLogger - INFO - ################## PaperArchitecture_map20x20_rho1_10Agent/K3_HS0/1765556206 - End of loop ##################  
 ####### Case810 	 Computation time:0.8182532787322998 	 Step25/46	- AllReachGoal-True

2025-12-13 00:04:32,982 - PaperAgentLogger - INFO - current rateReachGoal: 0
2025-12-13 00:04:33,000 - PaperAgentLogger - DEBUG - New map
2025-12-13 00:04:33,981 - PaperAgentLogger - INFO - ################## PaperArchitecture_map20x20_rho1_10Agent/K3_HS0/1765556206 - End of loop ##################  
 ####### Case811 	 Computation time:0.9798932075500488 	 Step30/56	- AllReachGoal-True

2025-12-13 00:04:33,982 - PaperAgentLogger - INFO - current rateReachGoal: 0
2025-12-13 00:04:34,003 - PaperAgentLogger - DEBUG - New map
2025-12-13 00:04:36,051 - PaperAgentLogger - INFO - ################## PaperArchitecture_map20x20_rho1_10Agent/K3_HS0/1765556206 - End of loop ##################  
 ####### Case812 	 Computation time:2.047567129135132 	 Step64/64	- AllReachGoal-False

2025-12-13 00:04:36,053 - PaperAgentLogger - INFO - current rateReachGoal: 0
2025-12-13 00:04:36,070 - PaperAgentLogger - DEBUG - New map
2025-12-13 00:04:36,868 - PaperAgentLogger - INFO - ################## PaperArchitecture_map20x20_rho1_10Agent/K3_HS0/1765556206 - End of loop ##################  
 ####### Case813 	 Computation time:0.7970218658447266 	 Step26/52	- AllReachGoal-True

2025-12-13 00:04:36,869 - PaperAgentLogger - INFO - current rateReachGoal: 0
2025-12-13 00:04:36,887 - PaperAgentLogger - DEBUG - New map
2025-12-13 00:04:38,613 - PaperAgentLogger - INFO - ################## PaperArchitecture_map20x20_rho1_10Agent/K3_HS0/1765556206 - End of loop ##################  
 ####### Case814 	 Computation time:1.7254393100738525 	 Step56/56	- AllReachGoal-False

2025-12-13 00:04:38,614 - PaperAgentLogger - INFO - current rateReachGoal: 0
2025-12-13 00:04:38,632 - PaperAgentLogger - DEBUG - New map
2025-12-13 00:04:39,408 - PaperAgentLogger - INFO - ################## PaperArchitecture_map20x20_rho1_10Agent/K3_HS0/1765556206 - End of loop ##################  
 ####### Case815 	 Computation time:0.7753608226776123 	 Step26/52	- AllReachGoal-True

2025-12-13 00:04:39,408 - PaperAgentLogger - INFO - current rateReachGoal: 0
2025-12-13 00:04:39,427 - PaperAgentLogger - DEBUG - New map
2025-12-13 00:04:40,328 - PaperAgentLogger - INFO - ################## PaperArchitecture_map20x20_rho1_10Agent/K3_HS0/1765556206 - End of loop ##################  
 ####### Case816 	 Computation time:0.9007022380828857 	 Step28/56	- AllReachGoal-True

2025-12-13 00:04:40,329 - PaperAgentLogger - INFO - current rateReachGoal: 0
2025-12-13 00:04:40,349 - PaperAgentLogger - DEBUG - New map
2025-12-13 00:04:41,270 - PaperAgentLogger - INFO - ################## PaperArchitecture_map20x20_rho1_10Agent/K3_HS0/1765556206 - End of loop ##################  
 ####### Case817 	 Computation time:0.9212820529937744 	 Step29/54	- AllReachGoal-True

2025-12-13 00:04:41,273 - PaperAgentLogger - INFO - current rateReachGoal: 0
2025-12-13 00:04:41,292 - PaperAgentLogger - DEBUG - New map
2025-12-13 00:04:42,410 - PaperAgentLogger - INFO - ################## PaperArchitecture_map20x20_rho1_10Agent/K3_HS0/1765556206 - End of loop ##################  
 ####### Case818 	 Computation time:1.1177353858947754 	 Step37/66	- AllReachGoal-True

2025-12-13 00:04:42,411 - PaperAgentLogger - INFO - current rateReachGoal: 0
2025-12-13 00:04:42,428 - PaperAgentLogger - DEBUG - New map
2025-12-13 00:04:43,191 - PaperAgentLogger - INFO - ################## PaperArchitecture_map20x20_rho1_10Agent/K3_HS0/1765556206 - End of loop ##################  
 ####### Case819 	 Computation time:0.7630338668823242 	 Step25/44	- AllReachGoal-True

2025-12-13 00:04:43,192 - PaperAgentLogger - INFO - current rateReachGoal: 0
2025-12-13 00:04:43,211 - PaperAgentLogger - DEBUG - New map
2025-12-13 00:04:45,175 - PaperAgentLogger - INFO - ################## PaperArchitecture_map20x20_rho1_10Agent/K3_HS0/1765556206 - End of loop ##################  
 ####### Case820 	 Computation time:1.9637055397033691 	 Step62/62	- AllReachGoal-False

2025-12-13 00:04:45,176 - PaperAgentLogger - INFO - current rateReachGoal: 0
2025-12-13 00:04:45,193 - PaperAgentLogger - DEBUG - New map
2025-12-13 00:04:45,980 - PaperAgentLogger - INFO - ################## PaperArchitecture_map20x20_rho1_10Agent/K3_HS0/1765556206 - End of loop ##################  
 ####### Case821 	 Computation time:0.7865233421325684 	 Step24/44	- AllReachGoal-True

2025-12-13 00:04:45,981 - PaperAgentLogger - INFO - current rateReachGoal: 0
2025-12-13 00:04:45,999 - PaperAgentLogger - DEBUG - New map
2025-12-13 00:04:46,852 - PaperAgentLogger - INFO - ################## PaperArchitecture_map20x20_rho1_10Agent/K3_HS0/1765556206 - End of loop ##################  
 ####### Case822 	 Computation time:0.8527591228485107 	 Step26/52	- AllReachGoal-True

2025-12-13 00:04:46,853 - PaperAgentLogger - INFO - current rateReachGoal: 0
2025-12-13 00:04:46,870 - PaperAgentLogger - DEBUG - New map
2025-12-13 00:04:48,404 - PaperAgentLogger - INFO - ################## PaperArchitecture_map20x20_rho1_10Agent/K3_HS0/1765556206 - End of loop ##################  
 ####### Case823 	 Computation time:1.5333688259124756 	 Step48/50	- AllReachGoal-True

2025-12-13 00:04:48,405 - PaperAgentLogger - INFO - current rateReachGoal: 0
2025-12-13 00:04:48,423 - PaperAgentLogger - DEBUG - New map
2025-12-13 00:04:49,817 - PaperAgentLogger - INFO - ################## PaperArchitecture_map20x20_rho1_10Agent/K3_HS0/1765556206 - End of loop ##################  
 ####### Case824 	 Computation time:1.3931753635406494 	 Step43/54	- AllReachGoal-True

2025-12-13 00:04:49,818 - PaperAgentLogger - INFO - current rateReachGoal: 0
2025-12-13 00:04:49,835 - PaperAgentLogger - DEBUG - New map
2025-12-13 00:04:50,924 - PaperAgentLogger - INFO - ################## PaperArchitecture_map20x20_rho1_10Agent/K3_HS0/1765556206 - End of loop ##################  
 ####### Case825 	 Computation time:1.08866286277771 	 Step34/48	- AllReachGoal-True

2025-12-13 00:04:50,925 - PaperAgentLogger - INFO - current rateReachGoal: 0
2025-12-13 00:04:50,941 - PaperAgentLogger - DEBUG - New map
2025-12-13 00:04:51,725 - PaperAgentLogger - INFO - ################## PaperArchitecture_map20x20_rho1_10Agent/K3_HS0/1765556206 - End of loop ##################  
 ####### Case826 	 Computation time:0.7828860282897949 	 Step25/50	- AllReachGoal-True

2025-12-13 00:04:51,725 - PaperAgentLogger - INFO - current rateReachGoal: 0
2025-12-13 00:04:51,742 - PaperAgentLogger - DEBUG - New map
2025-12-13 00:04:52,532 - PaperAgentLogger - INFO - ################## PaperArchitecture_map20x20_rho1_10Agent/K3_HS0/1765556206 - End of loop ##################  
 ####### Case827 	 Computation time:0.7894666194915771 	 Step24/48	- AllReachGoal-True

2025-12-13 00:04:52,533 - PaperAgentLogger - INFO - current rateReachGoal: 0
2025-12-13 00:04:52,550 - PaperAgentLogger - DEBUG - New map
2025-12-13 00:04:53,890 - PaperAgentLogger - INFO - ################## PaperArchitecture_map20x20_rho1_10Agent/K3_HS0/1765556206 - End of loop ##################  
 ####### Case828 	 Computation time:1.339475154876709 	 Step43/44	- AllReachGoal-True

2025-12-13 00:04:53,891 - PaperAgentLogger - INFO - current rateReachGoal: 0
2025-12-13 00:04:53,910 - PaperAgentLogger - DEBUG - New map
2025-12-13 00:04:54,994 - PaperAgentLogger - INFO - ################## PaperArchitecture_map20x20_rho1_10Agent/K3_HS0/1765556206 - End of loop ##################  
 ####### Case829 	 Computation time:1.0839834213256836 	 Step37/56	- AllReachGoal-True

2025-12-13 00:04:54,995 - PaperAgentLogger - INFO - current rateReachGoal: 0
2025-12-13 00:04:55,016 - PaperAgentLogger - DEBUG - New map
2025-12-13 00:04:56,991 - PaperAgentLogger - INFO - ################## PaperArchitecture_map20x20_rho1_10Agent/K3_HS0/1765556206 - End of loop ##################  
 ####### Case830 	 Computation time:1.975109577178955 	 Step68/68	- AllReachGoal-False

2025-12-13 00:04:56,992 - PaperAgentLogger - INFO - current rateReachGoal: 0
2025-12-13 00:04:57,013 - PaperAgentLogger - DEBUG - New map
2025-12-13 00:04:57,956 - PaperAgentLogger - INFO - ################## PaperArchitecture_map20x20_rho1_10Agent/K3_HS0/1765556206 - End of loop ##################  
 ####### Case831 	 Computation time:0.942218542098999 	 Step32/64	- AllReachGoal-True

2025-12-13 00:04:57,958 - PaperAgentLogger - INFO - current rateReachGoal: 0
2025-12-13 00:04:57,976 - PaperAgentLogger - DEBUG - New map
2025-12-13 00:04:59,153 - PaperAgentLogger - INFO - ################## PaperArchitecture_map20x20_rho1_10Agent/K3_HS0/1765556206 - End of loop ##################  
 ####### Case832 	 Computation time:1.1768269538879395 	 Step40/50	- AllReachGoal-True

2025-12-13 00:04:59,154 - PaperAgentLogger - INFO - current rateReachGoal: 0
2025-12-13 00:04:59,172 - PaperAgentLogger - DEBUG - New map
2025-12-13 00:05:00,749 - PaperAgentLogger - INFO - ################## PaperArchitecture_map20x20_rho1_10Agent/K3_HS0/1765556206 - End of loop ##################  
 ####### Case833 	 Computation time:1.5762503147125244 	 Step54/58	- AllReachGoal-True

2025-12-13 00:05:00,749 - PaperAgentLogger - INFO - current rateReachGoal: 0
2025-12-13 00:05:00,769 - PaperAgentLogger - DEBUG - New map
2025-12-13 00:05:02,343 - PaperAgentLogger - INFO - ################## PaperArchitecture_map20x20_rho1_10Agent/K3_HS0/1765556206 - End of loop ##################  
 ####### Case834 	 Computation time:1.5743494033813477 	 Step54/54	- AllReachGoal-False

2025-12-13 00:05:02,344 - PaperAgentLogger - INFO - current rateReachGoal: 0
2025-12-13 00:05:02,362 - PaperAgentLogger - DEBUG - New map
2025-12-13 00:05:03,712 - PaperAgentLogger - INFO - ################## PaperArchitecture_map20x20_rho1_10Agent/K3_HS0/1765556206 - End of loop ##################  
 ####### Case835 	 Computation time:1.349398136138916 	 Step46/46	- AllReachGoal-False

2025-12-13 00:05:03,712 - PaperAgentLogger - INFO - current rateReachGoal: 0
2025-12-13 00:05:03,731 - PaperAgentLogger - DEBUG - New map
2025-12-13 00:05:05,371 - PaperAgentLogger - INFO - ################## PaperArchitecture_map20x20_rho1_10Agent/K3_HS0/1765556206 - End of loop ##################  
 ####### Case836 	 Computation time:1.6393725872039795 	 Step56/56	- AllReachGoal-False

2025-12-13 00:05:05,372 - PaperAgentLogger - INFO - current rateReachGoal: 0
2025-12-13 00:05:05,391 - PaperAgentLogger - DEBUG - New map
2025-12-13 00:05:07,028 - PaperAgentLogger - INFO - ################## PaperArchitecture_map20x20_rho1_10Agent/K3_HS0/1765556206 - End of loop ##################  
 ####### Case837 	 Computation time:1.6367616653442383 	 Step56/56	- AllReachGoal-False

2025-12-13 00:05:07,029 - PaperAgentLogger - INFO - current rateReachGoal: 0
2025-12-13 00:05:07,047 - PaperAgentLogger - DEBUG - New map
2025-12-13 00:05:08,657 - PaperAgentLogger - INFO - ################## PaperArchitecture_map20x20_rho1_10Agent/K3_HS0/1765556206 - End of loop ##################  
 ####### Case838 	 Computation time:1.6087160110473633 	 Step55/58	- AllReachGoal-True

2025-12-13 00:05:08,657 - PaperAgentLogger - INFO - current rateReachGoal: 0
2025-12-13 00:05:08,677 - PaperAgentLogger - DEBUG - New map
2025-12-13 00:05:10,551 - PaperAgentLogger - INFO - ################## PaperArchitecture_map20x20_rho1_10Agent/K3_HS0/1765556206 - End of loop ##################  
 ####### Case839 	 Computation time:1.8729918003082275 	 Step64/64	- AllReachGoal-False

2025-12-13 00:05:10,551 - PaperAgentLogger - INFO - current rateReachGoal: 0
2025-12-13 00:05:10,568 - PaperAgentLogger - DEBUG - New map
2025-12-13 00:05:11,915 - PaperAgentLogger - INFO - ################## PaperArchitecture_map20x20_rho1_10Agent/K3_HS0/1765556206 - End of loop ##################  
 ####### Case840 	 Computation time:1.3464901447296143 	 Step46/46	- AllReachGoal-False

2025-12-13 00:05:11,916 - PaperAgentLogger - INFO - current rateReachGoal: 0
2025-12-13 00:05:11,934 - PaperAgentLogger - DEBUG - New map
2025-12-13 00:05:13,426 - PaperAgentLogger - INFO - ################## PaperArchitecture_map20x20_rho1_10Agent/K3_HS0/1765556206 - End of loop ##################  
 ####### Case841 	 Computation time:1.491650104522705 	 Step50/50	- AllReachGoal-False

2025-12-13 00:05:13,427 - PaperAgentLogger - INFO - current rateReachGoal: 0
2025-12-13 00:05:13,444 - PaperAgentLogger - DEBUG - New map
2025-12-13 00:05:14,185 - PaperAgentLogger - INFO - ################## PaperArchitecture_map20x20_rho1_10Agent/K3_HS0/1765556206 - End of loop ##################  
 ####### Case842 	 Computation time:0.740264892578125 	 Step25/50	- AllReachGoal-True

2025-12-13 00:05:14,185 - PaperAgentLogger - INFO - current rateReachGoal: 0
2025-12-13 00:05:14,205 - PaperAgentLogger - DEBUG - New map
2025-12-13 00:05:15,795 - PaperAgentLogger - INFO - ################## PaperArchitecture_map20x20_rho1_10Agent/K3_HS0/1765556206 - End of loop ##################  
 ####### Case843 	 Computation time:1.5897066593170166 	 Step53/62	- AllReachGoal-True

2025-12-13 00:05:15,798 - PaperAgentLogger - INFO - current rateReachGoal: 0
2025-12-13 00:05:15,815 - PaperAgentLogger - DEBUG - New map
2025-12-13 00:05:16,555 - PaperAgentLogger - INFO - ################## PaperArchitecture_map20x20_rho1_10Agent/K3_HS0/1765556206 - End of loop ##################  
 ####### Case844 	 Computation time:0.7390413284301758 	 Step25/48	- AllReachGoal-True

2025-12-13 00:05:16,555 - PaperAgentLogger - INFO - current rateReachGoal: 0
2025-12-13 00:05:16,576 - PaperAgentLogger - DEBUG - New map
2025-12-13 00:05:17,637 - PaperAgentLogger - INFO - ################## PaperArchitecture_map20x20_rho1_10Agent/K3_HS0/1765556206 - End of loop ##################  
 ####### Case845 	 Computation time:1.060431957244873 	 Step36/68	- AllReachGoal-True

2025-12-13 00:05:17,637 - PaperAgentLogger - INFO - current rateReachGoal: 0
2025-12-13 00:05:17,655 - PaperAgentLogger - DEBUG - New map
2025-12-13 00:05:18,397 - PaperAgentLogger - INFO - ################## PaperArchitecture_map20x20_rho1_10Agent/K3_HS0/1765556206 - End of loop ##################  
 ####### Case846 	 Computation time:0.7410171031951904 	 Step25/50	- AllReachGoal-True

2025-12-13 00:05:18,397 - PaperAgentLogger - INFO - current rateReachGoal: 0
2025-12-13 00:05:18,416 - PaperAgentLogger - DEBUG - New map
2025-12-13 00:05:20,123 - PaperAgentLogger - INFO - ################## PaperArchitecture_map20x20_rho1_10Agent/K3_HS0/1765556206 - End of loop ##################  
 ####### Case847 	 Computation time:1.706399917602539 	 Step58/58	- AllReachGoal-False

2025-12-13 00:05:20,124 - PaperAgentLogger - INFO - current rateReachGoal: 0
2025-12-13 00:05:20,140 - PaperAgentLogger - DEBUG - New map
2025-12-13 00:05:21,551 - PaperAgentLogger - INFO - ################## PaperArchitecture_map20x20_rho1_10Agent/K3_HS0/1765556206 - End of loop ##################  
 ####### Case848 	 Computation time:1.4105162620544434 	 Step48/48	- AllReachGoal-False

2025-12-13 00:05:21,552 - PaperAgentLogger - INFO - current rateReachGoal: 0
2025-12-13 00:05:21,571 - PaperAgentLogger - DEBUG - New map
2025-12-13 00:05:23,185 - PaperAgentLogger - INFO - ################## PaperArchitecture_map20x20_rho1_10Agent/K3_HS0/1765556206 - End of loop ##################  
 ####### Case849 	 Computation time:1.613372802734375 	 Step55/56	- AllReachGoal-True

2025-12-13 00:05:23,185 - PaperAgentLogger - INFO - current rateReachGoal: 0
2025-12-13 00:05:23,202 - PaperAgentLogger - DEBUG - New map
2025-12-13 00:05:24,616 - PaperAgentLogger - INFO - ################## PaperArchitecture_map20x20_rho1_10Agent/K3_HS0/1765556206 - End of loop ##################  
 ####### Case850 	 Computation time:1.4136948585510254 	 Step46/46	- AllReachGoal-False

2025-12-13 00:05:24,617 - PaperAgentLogger - INFO - current rateReachGoal: 0
2025-12-13 00:05:24,633 - PaperAgentLogger - DEBUG - New map
2025-12-13 00:05:25,847 - PaperAgentLogger - INFO - ################## PaperArchitecture_map20x20_rho1_10Agent/K3_HS0/1765556206 - End of loop ##################  
 ####### Case851 	 Computation time:1.2132046222686768 	 Step38/38	- AllReachGoal-False

2025-12-13 00:05:25,848 - PaperAgentLogger - INFO - current rateReachGoal: 0
2025-12-13 00:05:25,864 - PaperAgentLogger - DEBUG - New map
2025-12-13 00:05:26,709 - PaperAgentLogger - INFO - ################## PaperArchitecture_map20x20_rho1_10Agent/K3_HS0/1765556206 - End of loop ##################  
 ####### Case852 	 Computation time:0.8446545600891113 	 Step26/42	- AllReachGoal-True

2025-12-13 00:05:26,711 - PaperAgentLogger - INFO - current rateReachGoal: 0
2025-12-13 00:05:26,729 - PaperAgentLogger - DEBUG - New map
2025-12-13 00:05:28,486 - PaperAgentLogger - INFO - ################## PaperArchitecture_map20x20_rho1_10Agent/K3_HS0/1765556206 - End of loop ##################  
 ####### Case853 	 Computation time:1.756894826889038 	 Step56/56	- AllReachGoal-False

2025-12-13 00:05:28,487 - PaperAgentLogger - INFO - current rateReachGoal: 0
2025-12-13 00:05:28,505 - PaperAgentLogger - DEBUG - New map
2025-12-13 00:05:29,588 - PaperAgentLogger - INFO - ################## PaperArchitecture_map20x20_rho1_10Agent/K3_HS0/1765556206 - End of loop ##################  
 ####### Case854 	 Computation time:1.0817694664001465 	 Step34/52	- AllReachGoal-True

2025-12-13 00:05:29,588 - PaperAgentLogger - INFO - current rateReachGoal: 0
2025-12-13 00:05:29,609 - PaperAgentLogger - DEBUG - New map
2025-12-13 00:05:30,701 - PaperAgentLogger - INFO - ################## PaperArchitecture_map20x20_rho1_10Agent/K3_HS0/1765556206 - End of loop ##################  
 ####### Case855 	 Computation time:1.0919091701507568 	 Step35/60	- AllReachGoal-True

2025-12-13 00:05:30,702 - PaperAgentLogger - INFO - current rateReachGoal: 0
2025-12-13 00:05:30,719 - PaperAgentLogger - DEBUG - New map
2025-12-13 00:05:31,517 - PaperAgentLogger - INFO - ################## PaperArchitecture_map20x20_rho1_10Agent/K3_HS0/1765556206 - End of loop ##################  
 ####### Case856 	 Computation time:0.7973484992980957 	 Step24/48	- AllReachGoal-True

2025-12-13 00:05:31,517 - PaperAgentLogger - INFO - current rateReachGoal: 0
2025-12-13 00:05:31,538 - PaperAgentLogger - DEBUG - New map
2025-12-13 00:05:33,599 - PaperAgentLogger - INFO - ################## PaperArchitecture_map20x20_rho1_10Agent/K3_HS0/1765556206 - End of loop ##################  
 ####### Case857 	 Computation time:2.060729742050171 	 Step64/64	- AllReachGoal-False

2025-12-13 00:05:33,600 - PaperAgentLogger - INFO - current rateReachGoal: 0
2025-12-13 00:05:33,616 - PaperAgentLogger - DEBUG - New map
2025-12-13 00:05:34,968 - PaperAgentLogger - INFO - ################## PaperArchitecture_map20x20_rho1_10Agent/K3_HS0/1765556206 - End of loop ##################  
 ####### Case858 	 Computation time:1.3507263660430908 	 Step42/42	- AllReachGoal-False

2025-12-13 00:05:34,968 - PaperAgentLogger - INFO - current rateReachGoal: 0
2025-12-13 00:05:34,988 - PaperAgentLogger - DEBUG - New map
2025-12-13 00:05:37,070 - PaperAgentLogger - INFO - ################## PaperArchitecture_map20x20_rho1_10Agent/K3_HS0/1765556206 - End of loop ##################  
 ####### Case859 	 Computation time:2.0812196731567383 	 Step68/68	- AllReachGoal-False

2025-12-13 00:05:37,071 - PaperAgentLogger - INFO - current rateReachGoal: 0
2025-12-13 00:05:37,090 - PaperAgentLogger - DEBUG - New map
2025-12-13 00:05:38,014 - PaperAgentLogger - INFO - ################## PaperArchitecture_map20x20_rho1_10Agent/K3_HS0/1765556206 - End of loop ##################  
 ####### Case860 	 Computation time:0.923957347869873 	 Step29/56	- AllReachGoal-True

2025-12-13 00:05:38,015 - PaperAgentLogger - INFO - current rateReachGoal: 0
2025-12-13 00:05:38,031 - PaperAgentLogger - DEBUG - New map
2025-12-13 00:05:38,839 - PaperAgentLogger - INFO - ################## PaperArchitecture_map20x20_rho1_10Agent/K3_HS0/1765556206 - End of loop ##################  
 ####### Case861 	 Computation time:0.8065593242645264 	 Step24/44	- AllReachGoal-True

2025-12-13 00:05:38,841 - PaperAgentLogger - INFO - current rateReachGoal: 0
2025-12-13 00:05:38,859 - PaperAgentLogger - DEBUG - New map
2025-12-13 00:05:39,898 - PaperAgentLogger - INFO - ################## PaperArchitecture_map20x20_rho1_10Agent/K3_HS0/1765556206 - End of loop ##################  
 ####### Case862 	 Computation time:1.0381226539611816 	 Step31/56	- AllReachGoal-True

2025-12-13 00:05:39,898 - PaperAgentLogger - INFO - current rateReachGoal: 0
2025-12-13 00:05:39,917 - PaperAgentLogger - DEBUG - New map
2025-12-13 00:05:40,795 - PaperAgentLogger - INFO - ################## PaperArchitecture_map20x20_rho1_10Agent/K3_HS0/1765556206 - End of loop ##################  
 ####### Case863 	 Computation time:0.8774569034576416 	 Step28/56	- AllReachGoal-True

2025-12-13 00:05:40,796 - PaperAgentLogger - INFO - current rateReachGoal: 0
2025-12-13 00:05:40,813 - PaperAgentLogger - DEBUG - New map
2025-12-13 00:05:41,586 - PaperAgentLogger - INFO - ################## PaperArchitecture_map20x20_rho1_10Agent/K3_HS0/1765556206 - End of loop ##################  
 ####### Case864 	 Computation time:0.7723884582519531 	 Step23/42	- AllReachGoal-True

2025-12-13 00:05:41,586 - PaperAgentLogger - INFO - current rateReachGoal: 0
2025-12-13 00:05:41,605 - PaperAgentLogger - DEBUG - New map
2025-12-13 00:05:43,310 - PaperAgentLogger - INFO - ################## PaperArchitecture_map20x20_rho1_10Agent/K3_HS0/1765556206 - End of loop ##################  
 ####### Case865 	 Computation time:1.7045862674713135 	 Step54/54	- AllReachGoal-False

2025-12-13 00:05:43,311 - PaperAgentLogger - INFO - current rateReachGoal: 0
2025-12-13 00:05:43,332 - PaperAgentLogger - DEBUG - New map
2025-12-13 00:05:44,843 - PaperAgentLogger - INFO - ################## PaperArchitecture_map20x20_rho1_10Agent/K3_HS0/1765556206 - End of loop ##################  
 ####### Case866 	 Computation time:1.5105104446411133 	 Step50/50	- AllReachGoal-False

2025-12-13 00:05:44,843 - PaperAgentLogger - INFO - current rateReachGoal: 0
2025-12-13 00:05:44,863 - PaperAgentLogger - DEBUG - New map
2025-12-13 00:05:46,245 - PaperAgentLogger - INFO - ################## PaperArchitecture_map20x20_rho1_10Agent/K3_HS0/1765556206 - End of loop ##################  
 ####### Case867 	 Computation time:1.3811485767364502 	 Step46/46	- AllReachGoal-False

2025-12-13 00:05:46,245 - PaperAgentLogger - INFO - current rateReachGoal: 0
2025-12-13 00:05:46,266 - PaperAgentLogger - DEBUG - New map
2025-12-13 00:05:48,009 - PaperAgentLogger - INFO - ################## PaperArchitecture_map20x20_rho1_10Agent/K3_HS0/1765556206 - End of loop ##################  
 ####### Case868 	 Computation time:1.7419860363006592 	 Step58/58	- AllReachGoal-False

2025-12-13 00:05:48,009 - PaperAgentLogger - INFO - current rateReachGoal: 0
2025-12-13 00:05:48,030 - PaperAgentLogger - DEBUG - New map
2025-12-13 00:05:49,011 - PaperAgentLogger - INFO - ################## PaperArchitecture_map20x20_rho1_10Agent/K3_HS0/1765556206 - End of loop ##################  
 ####### Case869 	 Computation time:0.9801900386810303 	 Step32/64	- AllReachGoal-True

2025-12-13 00:05:49,012 - PaperAgentLogger - INFO - current rateReachGoal: 0
2025-12-13 00:05:49,032 - PaperAgentLogger - DEBUG - New map
2025-12-13 00:05:50,961 - PaperAgentLogger - INFO - ################## PaperArchitecture_map20x20_rho1_10Agent/K3_HS0/1765556206 - End of loop ##################  
 ####### Case870 	 Computation time:1.9279541969299316 	 Step64/64	- AllReachGoal-False

2025-12-13 00:05:50,961 - PaperAgentLogger - INFO - current rateReachGoal: 0
2025-12-13 00:05:50,978 - PaperAgentLogger - DEBUG - New map
2025-12-13 00:05:52,504 - PaperAgentLogger - INFO - ################## PaperArchitecture_map20x20_rho1_10Agent/K3_HS0/1765556206 - End of loop ##################  
 ####### Case871 	 Computation time:1.524744987487793 	 Step50/50	- AllReachGoal-False

2025-12-13 00:05:52,504 - PaperAgentLogger - INFO - current rateReachGoal: 0
2025-12-13 00:05:52,524 - PaperAgentLogger - DEBUG - New map
2025-12-13 00:05:54,563 - PaperAgentLogger - INFO - ################## PaperArchitecture_map20x20_rho1_10Agent/K3_HS0/1765556206 - End of loop ##################  
 ####### Case872 	 Computation time:2.0380327701568604 	 Step64/64	- AllReachGoal-False

2025-12-13 00:05:54,564 - PaperAgentLogger - INFO - current rateReachGoal: 0
2025-12-13 00:05:54,583 - PaperAgentLogger - DEBUG - New map
2025-12-13 00:05:56,704 - PaperAgentLogger - INFO - ################## PaperArchitecture_map20x20_rho1_10Agent/K3_HS0/1765556206 - End of loop ##################  
 ####### Case873 	 Computation time:2.1201913356781006 	 Step68/68	- AllReachGoal-False

2025-12-13 00:05:56,705 - PaperAgentLogger - INFO - current rateReachGoal: 0
2025-12-13 00:05:56,722 - PaperAgentLogger - DEBUG - New map
2025-12-13 00:05:57,527 - PaperAgentLogger - INFO - ################## PaperArchitecture_map20x20_rho1_10Agent/K3_HS0/1765556206 - End of loop ##################  
 ####### Case874 	 Computation time:0.8044548034667969 	 Step25/50	- AllReachGoal-True

2025-12-13 00:05:57,528 - PaperAgentLogger - INFO - current rateReachGoal: 0
2025-12-13 00:05:57,544 - PaperAgentLogger - DEBUG - New map
2025-12-13 00:05:58,798 - PaperAgentLogger - INFO - ################## PaperArchitecture_map20x20_rho1_10Agent/K3_HS0/1765556206 - End of loop ##################  
 ####### Case875 	 Computation time:1.2533352375030518 	 Step41/42	- AllReachGoal-True

2025-12-13 00:05:58,799 - PaperAgentLogger - INFO - current rateReachGoal: 0
2025-12-13 00:05:58,818 - PaperAgentLogger - DEBUG - New map
2025-12-13 00:06:00,800 - PaperAgentLogger - INFO - ################## PaperArchitecture_map20x20_rho1_10Agent/K3_HS0/1765556206 - End of loop ##################  
 ####### Case876 	 Computation time:1.9817936420440674 	 Step62/62	- AllReachGoal-False

2025-12-13 00:06:00,801 - PaperAgentLogger - INFO - current rateReachGoal: 0
2025-12-13 00:06:00,820 - PaperAgentLogger - DEBUG - New map
2025-12-13 00:06:01,640 - PaperAgentLogger - INFO - ################## PaperArchitecture_map20x20_rho1_10Agent/K3_HS0/1765556206 - End of loop ##################  
 ####### Case877 	 Computation time:0.8202953338623047 	 Step25/48	- AllReachGoal-True

2025-12-13 00:06:01,641 - PaperAgentLogger - INFO - current rateReachGoal: 0
2025-12-13 00:06:01,658 - PaperAgentLogger - DEBUG - New map
2025-12-13 00:06:02,808 - PaperAgentLogger - INFO - ################## PaperArchitecture_map20x20_rho1_10Agent/K3_HS0/1765556206 - End of loop ##################  
 ####### Case878 	 Computation time:1.1490774154663086 	 Step35/44	- AllReachGoal-True

2025-12-13 00:06:02,809 - PaperAgentLogger - INFO - current rateReachGoal: 0
2025-12-13 00:06:02,827 - PaperAgentLogger - DEBUG - New map
2025-12-13 00:06:04,422 - PaperAgentLogger - INFO - ################## PaperArchitecture_map20x20_rho1_10Agent/K3_HS0/1765556206 - End of loop ##################  
 ####### Case879 	 Computation time:1.5948145389556885 	 Step50/50	- AllReachGoal-False

2025-12-13 00:06:04,423 - PaperAgentLogger - INFO - current rateReachGoal: 0
2025-12-13 00:06:04,441 - PaperAgentLogger - DEBUG - New map
2025-12-13 00:06:05,983 - PaperAgentLogger - INFO - ################## PaperArchitecture_map20x20_rho1_10Agent/K3_HS0/1765556206 - End of loop ##################  
 ####### Case880 	 Computation time:1.541266918182373 	 Step47/54	- AllReachGoal-True

2025-12-13 00:06:05,985 - PaperAgentLogger - INFO - current rateReachGoal: 0
2025-12-13 00:06:06,005 - PaperAgentLogger - DEBUG - New map
2025-12-13 00:06:07,677 - PaperAgentLogger - INFO - ################## PaperArchitecture_map20x20_rho1_10Agent/K3_HS0/1765556206 - End of loop ##################  
 ####### Case881 	 Computation time:1.6718120574951172 	 Step52/54	- AllReachGoal-True

2025-12-13 00:06:07,678 - PaperAgentLogger - INFO - current rateReachGoal: 0
2025-12-13 00:06:07,698 - PaperAgentLogger - DEBUG - New map
2025-12-13 00:06:08,653 - PaperAgentLogger - INFO - ################## PaperArchitecture_map20x20_rho1_10Agent/K3_HS0/1765556206 - End of loop ##################  
 ####### Case882 	 Computation time:0.954688549041748 	 Step30/60	- AllReachGoal-True

2025-12-13 00:06:08,654 - PaperAgentLogger - INFO - current rateReachGoal: 0
2025-12-13 00:06:08,673 - PaperAgentLogger - DEBUG - New map
2025-12-13 00:06:10,444 - PaperAgentLogger - INFO - ################## PaperArchitecture_map20x20_rho1_10Agent/K3_HS0/1765556206 - End of loop ##################  
 ####### Case883 	 Computation time:1.770768165588379 	 Step54/54	- AllReachGoal-False

2025-12-13 00:06:10,445 - PaperAgentLogger - INFO - current rateReachGoal: 0
2025-12-13 00:06:10,464 - PaperAgentLogger - DEBUG - New map
2025-12-13 00:06:11,386 - PaperAgentLogger - INFO - ################## PaperArchitecture_map20x20_rho1_10Agent/K3_HS0/1765556206 - End of loop ##################  
 ####### Case884 	 Computation time:0.9215378761291504 	 Step28/56	- AllReachGoal-True

2025-12-13 00:06:11,387 - PaperAgentLogger - INFO - current rateReachGoal: 0
2025-12-13 00:06:11,405 - PaperAgentLogger - DEBUG - New map
2025-12-13 00:06:12,355 - PaperAgentLogger - INFO - ################## PaperArchitecture_map20x20_rho1_10Agent/K3_HS0/1765556206 - End of loop ##################  
 ####### Case885 	 Computation time:0.9484796524047852 	 Step30/60	- AllReachGoal-True

2025-12-13 00:06:12,355 - PaperAgentLogger - INFO - current rateReachGoal: 0
2025-12-13 00:06:12,375 - PaperAgentLogger - DEBUG - New map
2025-12-13 00:06:13,982 - PaperAgentLogger - INFO - ################## PaperArchitecture_map20x20_rho1_10Agent/K3_HS0/1765556206 - End of loop ##################  
 ####### Case886 	 Computation time:1.606907844543457 	 Step50/50	- AllReachGoal-False

2025-12-13 00:06:13,983 - PaperAgentLogger - INFO - current rateReachGoal: 0
2025-12-13 00:06:13,999 - PaperAgentLogger - DEBUG - New map
2025-12-13 00:06:14,688 - PaperAgentLogger - INFO - ################## PaperArchitecture_map20x20_rho1_10Agent/K3_HS0/1765556206 - End of loop ##################  
 ####### Case887 	 Computation time:0.6881880760192871 	 Step21/42	- AllReachGoal-True

2025-12-13 00:06:14,689 - PaperAgentLogger - INFO - current rateReachGoal: 0
2025-12-13 00:06:14,707 - PaperAgentLogger - DEBUG - New map
2025-12-13 00:06:16,334 - PaperAgentLogger - INFO - ################## PaperArchitecture_map20x20_rho1_10Agent/K3_HS0/1765556206 - End of loop ##################  
 ####### Case888 	 Computation time:1.6268548965454102 	 Step50/50	- AllReachGoal-False

2025-12-13 00:06:16,335 - PaperAgentLogger - INFO - current rateReachGoal: 0
2025-12-13 00:06:16,354 - PaperAgentLogger - DEBUG - New map
2025-12-13 00:06:18,102 - PaperAgentLogger - INFO - ################## PaperArchitecture_map20x20_rho1_10Agent/K3_HS0/1765556206 - End of loop ##################  
 ####### Case889 	 Computation time:1.7475063800811768 	 Step56/56	- AllReachGoal-False

2025-12-13 00:06:18,103 - PaperAgentLogger - INFO - current rateReachGoal: 0
2025-12-13 00:06:18,124 - PaperAgentLogger - DEBUG - New map
2025-12-13 00:06:19,207 - PaperAgentLogger - INFO - ################## PaperArchitecture_map20x20_rho1_10Agent/K3_HS0/1765556206 - End of loop ##################  
 ####### Case890 	 Computation time:1.0824594497680664 	 Step35/64	- AllReachGoal-True

2025-12-13 00:06:19,207 - PaperAgentLogger - INFO - current rateReachGoal: 0
2025-12-13 00:06:19,228 - PaperAgentLogger - DEBUG - New map
2025-12-13 00:06:20,312 - PaperAgentLogger - INFO - ################## PaperArchitecture_map20x20_rho1_10Agent/K3_HS0/1765556206 - End of loop ##################  
 ####### Case891 	 Computation time:1.0838723182678223 	 Step34/68	- AllReachGoal-True

2025-12-13 00:06:20,313 - PaperAgentLogger - INFO - current rateReachGoal: 0
2025-12-13 00:06:20,330 - PaperAgentLogger - DEBUG - New map
2025-12-13 00:06:22,123 - PaperAgentLogger - INFO - ################## PaperArchitecture_map20x20_rho1_10Agent/K3_HS0/1765556206 - End of loop ##################  
 ####### Case892 	 Computation time:1.7922446727752686 	 Step54/54	- AllReachGoal-False

2025-12-13 00:06:22,124 - PaperAgentLogger - INFO - current rateReachGoal: 0
2025-12-13 00:06:22,142 - PaperAgentLogger - DEBUG - New map
2025-12-13 00:06:22,886 - PaperAgentLogger - INFO - ################## PaperArchitecture_map20x20_rho1_10Agent/K3_HS0/1765556206 - End of loop ##################  
 ####### Case893 	 Computation time:0.743389368057251 	 Step23/46	- AllReachGoal-True

2025-12-13 00:06:22,887 - PaperAgentLogger - INFO - current rateReachGoal: 0
2025-12-13 00:06:22,907 - PaperAgentLogger - DEBUG - New map
2025-12-13 00:06:25,002 - PaperAgentLogger - INFO - ################## PaperArchitecture_map20x20_rho1_10Agent/K3_HS0/1765556206 - End of loop ##################  
 ####### Case894 	 Computation time:2.094456195831299 	 Step68/68	- AllReachGoal-False

2025-12-13 00:06:25,003 - PaperAgentLogger - INFO - current rateReachGoal: 0
2025-12-13 00:06:25,021 - PaperAgentLogger - DEBUG - New map
2025-12-13 00:06:25,775 - PaperAgentLogger - INFO - ################## PaperArchitecture_map20x20_rho1_10Agent/K3_HS0/1765556206 - End of loop ##################  
 ####### Case895 	 Computation time:0.7529568672180176 	 Step25/50	- AllReachGoal-True

2025-12-13 00:06:25,775 - PaperAgentLogger - INFO - current rateReachGoal: 0
2025-12-13 00:06:25,792 - PaperAgentLogger - DEBUG - New map
2025-12-13 00:06:27,244 - PaperAgentLogger - INFO - ################## PaperArchitecture_map20x20_rho1_10Agent/K3_HS0/1765556206 - End of loop ##################  
 ####### Case896 	 Computation time:1.4516620635986328 	 Step48/48	- AllReachGoal-False

2025-12-13 00:06:27,245 - PaperAgentLogger - INFO - current rateReachGoal: 0
2025-12-13 00:06:27,264 - PaperAgentLogger - DEBUG - New map
2025-12-13 00:06:27,991 - PaperAgentLogger - INFO - ################## PaperArchitecture_map20x20_rho1_10Agent/K3_HS0/1765556206 - End of loop ##################  
 ####### Case897 	 Computation time:0.7265763282775879 	 Step24/48	- AllReachGoal-True

2025-12-13 00:06:27,991 - PaperAgentLogger - INFO - current rateReachGoal: 0
2025-12-13 00:06:28,009 - PaperAgentLogger - DEBUG - New map
2025-12-13 00:06:29,684 - PaperAgentLogger - INFO - ################## PaperArchitecture_map20x20_rho1_10Agent/K3_HS0/1765556206 - End of loop ##################  
 ####### Case898 	 Computation time:1.6744062900543213 	 Step56/56	- AllReachGoal-False

2025-12-13 00:06:29,685 - PaperAgentLogger - INFO - current rateReachGoal: 0
2025-12-13 00:06:29,704 - PaperAgentLogger - DEBUG - New map
2025-12-13 00:06:30,552 - PaperAgentLogger - INFO - ################## PaperArchitecture_map20x20_rho1_10Agent/K3_HS0/1765556206 - End of loop ##################  
 ####### Case899 	 Computation time:0.8473379611968994 	 Step28/56	- AllReachGoal-True

2025-12-13 00:06:30,553 - PaperAgentLogger - INFO - current rateReachGoal: 0
2025-12-13 00:06:30,571 - PaperAgentLogger - DEBUG - New map
2025-12-13 00:06:31,439 - PaperAgentLogger - INFO - ################## PaperArchitecture_map20x20_rho1_10Agent/K3_HS0/1765556206 - End of loop ##################  
 ####### Case900 	 Computation time:0.8672435283660889 	 Step29/50	- AllReachGoal-True

2025-12-13 00:06:31,440 - PaperAgentLogger - INFO - current rateReachGoal: 0
2025-12-13 00:06:31,460 - PaperAgentLogger - DEBUG - New map
2025-12-13 00:06:32,356 - PaperAgentLogger - INFO - ################## PaperArchitecture_map20x20_rho1_10Agent/K3_HS0/1765556206 - End of loop ##################  
 ####### Case901 	 Computation time:0.8956904411315918 	 Step30/60	- AllReachGoal-True

2025-12-13 00:06:32,357 - PaperAgentLogger - INFO - current rateReachGoal: 0
2025-12-13 00:06:32,373 - PaperAgentLogger - DEBUG - New map
2025-12-13 00:06:33,649 - PaperAgentLogger - INFO - ################## PaperArchitecture_map20x20_rho1_10Agent/K3_HS0/1765556206 - End of loop ##################  
 ####### Case902 	 Computation time:1.2755656242370605 	 Step42/42	- AllReachGoal-False

2025-12-13 00:06:33,649 - PaperAgentLogger - INFO - current rateReachGoal: 0
2025-12-13 00:06:33,668 - PaperAgentLogger - DEBUG - New map
2025-12-13 00:06:35,382 - PaperAgentLogger - INFO - ################## PaperArchitecture_map20x20_rho1_10Agent/K3_HS0/1765556206 - End of loop ##################  
 ####### Case903 	 Computation time:1.712742567062378 	 Step58/58	- AllReachGoal-False

2025-12-13 00:06:35,383 - PaperAgentLogger - INFO - current rateReachGoal: 0
2025-12-13 00:06:35,401 - PaperAgentLogger - DEBUG - New map
2025-12-13 00:06:36,811 - PaperAgentLogger - INFO - ################## PaperArchitecture_map20x20_rho1_10Agent/K3_HS0/1765556206 - End of loop ##################  
 ####### Case904 	 Computation time:1.4094324111938477 	 Step46/62	- AllReachGoal-True

2025-12-13 00:06:36,812 - PaperAgentLogger - INFO - current rateReachGoal: 0
2025-12-13 00:06:36,830 - PaperAgentLogger - DEBUG - New map
2025-12-13 00:06:38,408 - PaperAgentLogger - INFO - ################## PaperArchitecture_map20x20_rho1_10Agent/K3_HS0/1765556206 - End of loop ##################  
 ####### Case905 	 Computation time:1.5778052806854248 	 Step52/52	- AllReachGoal-False

2025-12-13 00:06:38,409 - PaperAgentLogger - INFO - current rateReachGoal: 0
2025-12-13 00:06:38,426 - PaperAgentLogger - DEBUG - New map
2025-12-13 00:06:39,734 - PaperAgentLogger - INFO - ################## PaperArchitecture_map20x20_rho1_10Agent/K3_HS0/1765556206 - End of loop ##################  
 ####### Case906 	 Computation time:1.3080408573150635 	 Step44/44	- AllReachGoal-False

2025-12-13 00:06:39,735 - PaperAgentLogger - INFO - current rateReachGoal: 0
2025-12-13 00:06:39,753 - PaperAgentLogger - DEBUG - New map
2025-12-13 00:06:40,767 - PaperAgentLogger - INFO - ################## PaperArchitecture_map20x20_rho1_10Agent/K3_HS0/1765556206 - End of loop ##################  
 ####### Case907 	 Computation time:1.013519525527954 	 Step34/52	- AllReachGoal-True

2025-12-13 00:06:40,768 - PaperAgentLogger - INFO - current rateReachGoal: 0
2025-12-13 00:06:40,784 - PaperAgentLogger - DEBUG - New map
2025-12-13 00:06:42,400 - PaperAgentLogger - INFO - ################## PaperArchitecture_map20x20_rho1_10Agent/K3_HS0/1765556206 - End of loop ##################  
 ####### Case908 	 Computation time:1.6158852577209473 	 Step50/50	- AllReachGoal-False

2025-12-13 00:06:42,401 - PaperAgentLogger - INFO - current rateReachGoal: 0
2025-12-13 00:06:42,420 - PaperAgentLogger - DEBUG - New map
2025-12-13 00:06:44,258 - PaperAgentLogger - INFO - ################## PaperArchitecture_map20x20_rho1_10Agent/K3_HS0/1765556206 - End of loop ##################  
 ####### Case909 	 Computation time:1.8371155261993408 	 Step56/56	- AllReachGoal-False

2025-12-13 00:06:44,258 - PaperAgentLogger - INFO - current rateReachGoal: 0
2025-12-13 00:06:44,276 - PaperAgentLogger - DEBUG - New map
2025-12-13 00:06:45,060 - PaperAgentLogger - INFO - ################## PaperArchitecture_map20x20_rho1_10Agent/K3_HS0/1765556206 - End of loop ##################  
 ####### Case910 	 Computation time:0.7829182147979736 	 Step26/48	- AllReachGoal-True

2025-12-13 00:06:45,060 - PaperAgentLogger - INFO - current rateReachGoal: 0
2025-12-13 00:06:45,080 - PaperAgentLogger - DEBUG - New map
2025-12-13 00:06:46,067 - PaperAgentLogger - INFO - ################## PaperArchitecture_map20x20_rho1_10Agent/K3_HS0/1765556206 - End of loop ##################  
 ####### Case911 	 Computation time:0.986168622970581 	 Step31/62	- AllReachGoal-True

2025-12-13 00:06:46,067 - PaperAgentLogger - INFO - current rateReachGoal: 0
2025-12-13 00:06:46,083 - PaperAgentLogger - DEBUG - New map
2025-12-13 00:06:47,375 - PaperAgentLogger - INFO - ################## PaperArchitecture_map20x20_rho1_10Agent/K3_HS0/1765556206 - End of loop ##################  
 ####### Case912 	 Computation time:1.2921810150146484 	 Step40/40	- AllReachGoal-False

2025-12-13 00:06:47,376 - PaperAgentLogger - INFO - current rateReachGoal: 0
2025-12-13 00:06:47,396 - PaperAgentLogger - DEBUG - New map
2025-12-13 00:06:48,839 - PaperAgentLogger - INFO - ################## PaperArchitecture_map20x20_rho1_10Agent/K3_HS0/1765556206 - End of loop ##################  
 ####### Case913 	 Computation time:1.441816806793213 	 Step46/68	- AllReachGoal-True

2025-12-13 00:06:48,839 - PaperAgentLogger - INFO - current rateReachGoal: 0
2025-12-13 00:06:48,855 - PaperAgentLogger - DEBUG - New map
2025-12-13 00:06:49,782 - PaperAgentLogger - INFO - ################## PaperArchitecture_map20x20_rho1_10Agent/K3_HS0/1765556206 - End of loop ##################  
 ####### Case914 	 Computation time:0.9268581867218018 	 Step31/42	- AllReachGoal-True

2025-12-13 00:06:49,783 - PaperAgentLogger - INFO - current rateReachGoal: 0
2025-12-13 00:06:49,799 - PaperAgentLogger - DEBUG - New map
2025-12-13 00:06:50,505 - PaperAgentLogger - INFO - ################## PaperArchitecture_map20x20_rho1_10Agent/K3_HS0/1765556206 - End of loop ##################  
 ####### Case915 	 Computation time:0.7058780193328857 	 Step23/46	- AllReachGoal-True

2025-12-13 00:06:50,506 - PaperAgentLogger - INFO - current rateReachGoal: 0
2025-12-13 00:06:50,525 - PaperAgentLogger - DEBUG - New map
2025-12-13 00:06:52,365 - PaperAgentLogger - INFO - ################## PaperArchitecture_map20x20_rho1_10Agent/K3_HS0/1765556206 - End of loop ##################  
 ####### Case916 	 Computation time:1.8396551609039307 	 Step58/58	- AllReachGoal-False

2025-12-13 00:06:52,366 - PaperAgentLogger - INFO - current rateReachGoal: 0
2025-12-13 00:06:52,382 - PaperAgentLogger - DEBUG - New map
2025-12-13 00:06:53,118 - PaperAgentLogger - INFO - ################## PaperArchitecture_map20x20_rho1_10Agent/K3_HS0/1765556206 - End of loop ##################  
 ####### Case917 	 Computation time:0.7354710102081299 	 Step23/44	- AllReachGoal-True

2025-12-13 00:06:53,119 - PaperAgentLogger - INFO - current rateReachGoal: 0
2025-12-13 00:06:53,137 - PaperAgentLogger - DEBUG - New map
2025-12-13 00:06:54,147 - PaperAgentLogger - INFO - ################## PaperArchitecture_map20x20_rho1_10Agent/K3_HS0/1765556206 - End of loop ##################  
 ####### Case918 	 Computation time:1.0100250244140625 	 Step32/48	- AllReachGoal-True

2025-12-13 00:06:54,150 - PaperAgentLogger - INFO - current rateReachGoal: 0
2025-12-13 00:06:54,168 - PaperAgentLogger - DEBUG - New map
2025-12-13 00:06:56,076 - PaperAgentLogger - INFO - ################## PaperArchitecture_map20x20_rho1_10Agent/K3_HS0/1765556206 - End of loop ##################  
 ####### Case919 	 Computation time:1.907402515411377 	 Step60/60	- AllReachGoal-False

2025-12-13 00:06:56,076 - PaperAgentLogger - INFO - current rateReachGoal: 0
2025-12-13 00:06:56,092 - PaperAgentLogger - DEBUG - New map
2025-12-13 00:06:57,602 - PaperAgentLogger - INFO - ################## PaperArchitecture_map20x20_rho1_10Agent/K3_HS0/1765556206 - End of loop ##################  
 ####### Case920 	 Computation time:1.5086696147918701 	 Step46/46	- AllReachGoal-False

2025-12-13 00:06:57,603 - PaperAgentLogger - INFO - current rateReachGoal: 0
2025-12-13 00:06:57,624 - PaperAgentLogger - DEBUG - New map
2025-12-13 00:06:58,771 - PaperAgentLogger - INFO - ################## PaperArchitecture_map20x20_rho1_10Agent/K3_HS0/1765556206 - End of loop ##################  
 ####### Case921 	 Computation time:1.14689040184021 	 Step35/68	- AllReachGoal-True

2025-12-13 00:06:58,772 - PaperAgentLogger - INFO - current rateReachGoal: 0
2025-12-13 00:06:58,791 - PaperAgentLogger - DEBUG - New map
2025-12-13 00:07:00,630 - PaperAgentLogger - INFO - ################## PaperArchitecture_map20x20_rho1_10Agent/K3_HS0/1765556206 - End of loop ##################  
 ####### Case922 	 Computation time:1.8385591506958008 	 Step56/56	- AllReachGoal-False

2025-12-13 00:07:00,631 - PaperAgentLogger - INFO - current rateReachGoal: 0
2025-12-13 00:07:00,647 - PaperAgentLogger - DEBUG - New map
2025-12-13 00:07:01,258 - PaperAgentLogger - INFO - ################## PaperArchitecture_map20x20_rho1_10Agent/K3_HS0/1765556206 - End of loop ##################  
 ####### Case923 	 Computation time:0.6104519367218018 	 Step20/40	- AllReachGoal-True

2025-12-13 00:07:01,259 - PaperAgentLogger - INFO - current rateReachGoal: 0
2025-12-13 00:07:01,277 - PaperAgentLogger - DEBUG - New map
2025-12-13 00:07:02,137 - PaperAgentLogger - INFO - ################## PaperArchitecture_map20x20_rho1_10Agent/K3_HS0/1765556206 - End of loop ##################  
 ####### Case924 	 Computation time:0.8597874641418457 	 Step26/48	- AllReachGoal-True

2025-12-13 00:07:02,138 - PaperAgentLogger - INFO - current rateReachGoal: 0
2025-12-13 00:07:02,156 - PaperAgentLogger - DEBUG - New map
2025-12-13 00:07:02,987 - PaperAgentLogger - INFO - ################## PaperArchitecture_map20x20_rho1_10Agent/K3_HS0/1765556206 - End of loop ##################  
 ####### Case925 	 Computation time:0.8307487964630127 	 Step25/50	- AllReachGoal-True

2025-12-13 00:07:02,988 - PaperAgentLogger - INFO - current rateReachGoal: 0
2025-12-13 00:07:03,009 - PaperAgentLogger - DEBUG - New map
2025-12-13 00:07:04,329 - PaperAgentLogger - INFO - ################## PaperArchitecture_map20x20_rho1_10Agent/K3_HS0/1765556206 - End of loop ##################  
 ####### Case926 	 Computation time:1.319443941116333 	 Step40/76	- AllReachGoal-True

2025-12-13 00:07:04,330 - PaperAgentLogger - INFO - current rateReachGoal: 0
2025-12-13 00:07:04,351 - PaperAgentLogger - DEBUG - New map
2025-12-13 00:07:05,249 - PaperAgentLogger - INFO - ################## PaperArchitecture_map20x20_rho1_10Agent/K3_HS0/1765556206 - End of loop ##################  
 ####### Case927 	 Computation time:0.8974690437316895 	 Step29/54	- AllReachGoal-True

2025-12-13 00:07:05,250 - PaperAgentLogger - INFO - current rateReachGoal: 0
2025-12-13 00:07:05,268 - PaperAgentLogger - DEBUG - New map
2025-12-13 00:07:06,982 - PaperAgentLogger - INFO - ################## PaperArchitecture_map20x20_rho1_10Agent/K3_HS0/1765556206 - End of loop ##################  
 ####### Case928 	 Computation time:1.7143597602844238 	 Step52/52	- AllReachGoal-False

2025-12-13 00:07:06,983 - PaperAgentLogger - INFO - current rateReachGoal: 0
2025-12-13 00:07:07,002 - PaperAgentLogger - DEBUG - New map
2025-12-13 00:07:08,905 - PaperAgentLogger - INFO - ################## PaperArchitecture_map20x20_rho1_10Agent/K3_HS0/1765556206 - End of loop ##################  
 ####### Case929 	 Computation time:1.9027574062347412 	 Step58/58	- AllReachGoal-False

2025-12-13 00:07:08,906 - PaperAgentLogger - INFO - current rateReachGoal: 0
2025-12-13 00:07:08,922 - PaperAgentLogger - DEBUG - New map
2025-12-13 00:07:10,197 - PaperAgentLogger - INFO - ################## PaperArchitecture_map20x20_rho1_10Agent/K3_HS0/1765556206 - End of loop ##################  
 ####### Case930 	 Computation time:1.274827480316162 	 Step42/42	- AllReachGoal-False

2025-12-13 00:07:10,198 - PaperAgentLogger - INFO - current rateReachGoal: 0
2025-12-13 00:07:10,219 - PaperAgentLogger - DEBUG - New map
2025-12-13 00:07:11,450 - PaperAgentLogger - INFO - ################## PaperArchitecture_map20x20_rho1_10Agent/K3_HS0/1765556206 - End of loop ##################  
 ####### Case931 	 Computation time:1.2302799224853516 	 Step40/66	- AllReachGoal-True

2025-12-13 00:07:11,451 - PaperAgentLogger - INFO - current rateReachGoal: 0
2025-12-13 00:07:11,468 - PaperAgentLogger - DEBUG - New map
2025-12-13 00:07:12,430 - PaperAgentLogger - INFO - ################## PaperArchitecture_map20x20_rho1_10Agent/K3_HS0/1765556206 - End of loop ##################  
 ####### Case932 	 Computation time:0.9614624977111816 	 Step31/52	- AllReachGoal-True

2025-12-13 00:07:12,433 - PaperAgentLogger - INFO - current rateReachGoal: 0
2025-12-13 00:07:12,452 - PaperAgentLogger - DEBUG - New map
2025-12-13 00:07:13,377 - PaperAgentLogger - INFO - ################## PaperArchitecture_map20x20_rho1_10Agent/K3_HS0/1765556206 - End of loop ##################  
 ####### Case933 	 Computation time:0.9251651763916016 	 Step30/60	- AllReachGoal-True

2025-12-13 00:07:13,378 - PaperAgentLogger - INFO - current rateReachGoal: 0
2025-12-13 00:07:13,395 - PaperAgentLogger - DEBUG - New map
2025-12-13 00:07:14,322 - PaperAgentLogger - INFO - ################## PaperArchitecture_map20x20_rho1_10Agent/K3_HS0/1765556206 - End of loop ##################  
 ####### Case934 	 Computation time:0.9265899658203125 	 Step31/52	- AllReachGoal-True

2025-12-13 00:07:14,323 - PaperAgentLogger - INFO - current rateReachGoal: 0
2025-12-13 00:07:14,339 - PaperAgentLogger - DEBUG - New map
2025-12-13 00:07:15,602 - PaperAgentLogger - INFO - ################## PaperArchitecture_map20x20_rho1_10Agent/K3_HS0/1765556206 - End of loop ##################  
 ####### Case935 	 Computation time:1.2630274295806885 	 Step42/42	- AllReachGoal-False

2025-12-13 00:07:15,603 - PaperAgentLogger - INFO - current rateReachGoal: 0
2025-12-13 00:07:15,621 - PaperAgentLogger - DEBUG - New map
2025-12-13 00:07:16,577 - PaperAgentLogger - INFO - ################## PaperArchitecture_map20x20_rho1_10Agent/K3_HS0/1765556206 - End of loop ##################  
 ####### Case936 	 Computation time:0.9551653861999512 	 Step32/54	- AllReachGoal-True

2025-12-13 00:07:16,578 - PaperAgentLogger - INFO - current rateReachGoal: 0
2025-12-13 00:07:16,596 - PaperAgentLogger - DEBUG - New map
2025-12-13 00:07:17,510 - PaperAgentLogger - INFO - ################## PaperArchitecture_map20x20_rho1_10Agent/K3_HS0/1765556206 - End of loop ##################  
 ####### Case937 	 Computation time:0.9135701656341553 	 Step28/56	- AllReachGoal-True

2025-12-13 00:07:17,513 - PaperAgentLogger - INFO - current rateReachGoal: 0
2025-12-13 00:07:17,530 - PaperAgentLogger - DEBUG - New map
2025-12-13 00:07:19,007 - PaperAgentLogger - INFO - ################## PaperArchitecture_map20x20_rho1_10Agent/K3_HS0/1765556206 - End of loop ##################  
 ####### Case938 	 Computation time:1.4761860370635986 	 Step50/50	- AllReachGoal-False

2025-12-13 00:07:19,008 - PaperAgentLogger - INFO - current rateReachGoal: 0
2025-12-13 00:07:19,025 - PaperAgentLogger - DEBUG - New map
2025-12-13 00:07:19,824 - PaperAgentLogger - INFO - ################## PaperArchitecture_map20x20_rho1_10Agent/K3_HS0/1765556206 - End of loop ##################  
 ####### Case939 	 Computation time:0.7987499237060547 	 Step27/50	- AllReachGoal-True

2025-12-13 00:07:19,825 - PaperAgentLogger - INFO - current rateReachGoal: 0
2025-12-13 00:07:19,843 - PaperAgentLogger - DEBUG - New map
2025-12-13 00:07:21,376 - PaperAgentLogger - INFO - ################## PaperArchitecture_map20x20_rho1_10Agent/K3_HS0/1765556206 - End of loop ##################  
 ####### Case940 	 Computation time:1.532637357711792 	 Step52/52	- AllReachGoal-False

2025-12-13 00:07:21,377 - PaperAgentLogger - INFO - current rateReachGoal: 0
2025-12-13 00:07:21,395 - PaperAgentLogger - DEBUG - New map
2025-12-13 00:07:22,289 - PaperAgentLogger - INFO - ################## PaperArchitecture_map20x20_rho1_10Agent/K3_HS0/1765556206 - End of loop ##################  
 ####### Case941 	 Computation time:0.8933360576629639 	 Step30/52	- AllReachGoal-True

2025-12-13 00:07:22,290 - PaperAgentLogger - INFO - current rateReachGoal: 0
2025-12-13 00:07:22,309 - PaperAgentLogger - DEBUG - New map
2025-12-13 00:07:24,133 - PaperAgentLogger - INFO - ################## PaperArchitecture_map20x20_rho1_10Agent/K3_HS0/1765556206 - End of loop ##################  
 ####### Case942 	 Computation time:1.8225843906402588 	 Step60/60	- AllReachGoal-False

2025-12-13 00:07:24,133 - PaperAgentLogger - INFO - current rateReachGoal: 0
2025-12-13 00:07:24,150 - PaperAgentLogger - DEBUG - New map
2025-12-13 00:07:25,203 - PaperAgentLogger - INFO - ################## PaperArchitecture_map20x20_rho1_10Agent/K3_HS0/1765556206 - End of loop ##################  
 ####### Case943 	 Computation time:1.0525078773498535 	 Step32/50	- AllReachGoal-True

2025-12-13 00:07:25,204 - PaperAgentLogger - INFO - current rateReachGoal: 0
2025-12-13 00:07:25,225 - PaperAgentLogger - DEBUG - New map
2025-12-13 00:07:27,210 - PaperAgentLogger - INFO - ################## PaperArchitecture_map20x20_rho1_10Agent/K3_HS0/1765556206 - End of loop ##################  
 ####### Case944 	 Computation time:1.9843463897705078 	 Step61/66	- AllReachGoal-True

2025-12-13 00:07:27,211 - PaperAgentLogger - INFO - current rateReachGoal: 0
2025-12-13 00:07:27,229 - PaperAgentLogger - DEBUG - New map
2025-12-13 00:07:28,800 - PaperAgentLogger - INFO - ################## PaperArchitecture_map20x20_rho1_10Agent/K3_HS0/1765556206 - End of loop ##################  
 ####### Case945 	 Computation time:1.5699381828308105 	 Step48/48	- AllReachGoal-False

2025-12-13 00:07:28,800 - PaperAgentLogger - INFO - current rateReachGoal: 0
2025-12-13 00:07:28,817 - PaperAgentLogger - DEBUG - New map
2025-12-13 00:07:30,515 - PaperAgentLogger - INFO - ################## PaperArchitecture_map20x20_rho1_10Agent/K3_HS0/1765556206 - End of loop ##################  
 ####### Case946 	 Computation time:1.6971614360809326 	 Step52/52	- AllReachGoal-False

2025-12-13 00:07:30,516 - PaperAgentLogger - INFO - current rateReachGoal: 0
2025-12-13 00:07:30,533 - PaperAgentLogger - DEBUG - New map
2025-12-13 00:07:32,256 - PaperAgentLogger - INFO - ################## PaperArchitecture_map20x20_rho1_10Agent/K3_HS0/1765556206 - End of loop ##################  
 ####### Case947 	 Computation time:1.7216086387634277 	 Step52/52	- AllReachGoal-False

2025-12-13 00:07:32,256 - PaperAgentLogger - INFO - current rateReachGoal: 0
2025-12-13 00:07:32,275 - PaperAgentLogger - DEBUG - New map
2025-12-13 00:07:33,305 - PaperAgentLogger - INFO - ################## PaperArchitecture_map20x20_rho1_10Agent/K3_HS0/1765556206 - End of loop ##################  
 ####### Case948 	 Computation time:1.0293207168579102 	 Step33/58	- AllReachGoal-True

2025-12-13 00:07:33,306 - PaperAgentLogger - INFO - current rateReachGoal: 0
2025-12-13 00:07:33,324 - PaperAgentLogger - DEBUG - New map
2025-12-13 00:07:34,193 - PaperAgentLogger - INFO - ################## PaperArchitecture_map20x20_rho1_10Agent/K3_HS0/1765556206 - End of loop ##################  
 ####### Case949 	 Computation time:0.8684961795806885 	 Step29/54	- AllReachGoal-True

2025-12-13 00:07:34,194 - PaperAgentLogger - INFO - current rateReachGoal: 0
2025-12-13 00:07:34,213 - PaperAgentLogger - DEBUG - New map
2025-12-13 00:07:35,224 - PaperAgentLogger - INFO - ################## PaperArchitecture_map20x20_rho1_10Agent/K3_HS0/1765556206 - End of loop ##################  
 ####### Case950 	 Computation time:1.0098819732666016 	 Step31/58	- AllReachGoal-True

2025-12-13 00:07:35,224 - PaperAgentLogger - INFO - current rateReachGoal: 0
2025-12-13 00:07:35,245 - PaperAgentLogger - DEBUG - New map
2025-12-13 00:07:37,116 - PaperAgentLogger - INFO - ################## PaperArchitecture_map20x20_rho1_10Agent/K3_HS0/1765556206 - End of loop ##################  
 ####### Case951 	 Computation time:1.869786024093628 	 Step60/60	- AllReachGoal-False

2025-12-13 00:07:37,117 - PaperAgentLogger - INFO - current rateReachGoal: 0
2025-12-13 00:07:37,134 - PaperAgentLogger - DEBUG - New map
2025-12-13 00:07:38,188 - PaperAgentLogger - INFO - ################## PaperArchitecture_map20x20_rho1_10Agent/K3_HS0/1765556206 - End of loop ##################  
 ####### Case952 	 Computation time:1.0532422065734863 	 Step36/58	- AllReachGoal-True

2025-12-13 00:07:38,189 - PaperAgentLogger - INFO - current rateReachGoal: 0
2025-12-13 00:07:38,207 - PaperAgentLogger - DEBUG - New map
2025-12-13 00:07:39,089 - PaperAgentLogger - INFO - ################## PaperArchitecture_map20x20_rho1_10Agent/K3_HS0/1765556206 - End of loop ##################  
 ####### Case953 	 Computation time:0.8815147876739502 	 Step27/50	- AllReachGoal-True

2025-12-13 00:07:39,090 - PaperAgentLogger - INFO - current rateReachGoal: 0
2025-12-13 00:07:39,106 - PaperAgentLogger - DEBUG - New map
2025-12-13 00:07:39,847 - PaperAgentLogger - INFO - ################## PaperArchitecture_map20x20_rho1_10Agent/K3_HS0/1765556206 - End of loop ##################  
 ####### Case954 	 Computation time:0.7408115863800049 	 Step23/44	- AllReachGoal-True

2025-12-13 00:07:39,848 - PaperAgentLogger - INFO - current rateReachGoal: 0
2025-12-13 00:07:39,866 - PaperAgentLogger - DEBUG - New map
2025-12-13 00:07:40,725 - PaperAgentLogger - INFO - ################## PaperArchitecture_map20x20_rho1_10Agent/K3_HS0/1765556206 - End of loop ##################  
 ####### Case955 	 Computation time:0.8589415550231934 	 Step29/52	- AllReachGoal-True

2025-12-13 00:07:40,726 - PaperAgentLogger - INFO - current rateReachGoal: 0
2025-12-13 00:07:40,741 - PaperAgentLogger - DEBUG - New map
2025-12-13 00:07:41,483 - PaperAgentLogger - INFO - ################## PaperArchitecture_map20x20_rho1_10Agent/K3_HS0/1765556206 - End of loop ##################  
 ####### Case956 	 Computation time:0.7410295009613037 	 Step24/44	- AllReachGoal-True

2025-12-13 00:07:41,484 - PaperAgentLogger - INFO - current rateReachGoal: 0
2025-12-13 00:07:41,501 - PaperAgentLogger - DEBUG - New map
2025-12-13 00:07:43,023 - PaperAgentLogger - INFO - ################## PaperArchitecture_map20x20_rho1_10Agent/K3_HS0/1765556206 - End of loop ##################  
 ####### Case957 	 Computation time:1.5209052562713623 	 Step47/48	- AllReachGoal-True

2025-12-13 00:07:43,023 - PaperAgentLogger - INFO - current rateReachGoal: 0
2025-12-13 00:07:43,041 - PaperAgentLogger - DEBUG - New map
2025-12-13 00:07:44,458 - PaperAgentLogger - INFO - ################## PaperArchitecture_map20x20_rho1_10Agent/K3_HS0/1765556206 - End of loop ##################  
 ####### Case958 	 Computation time:1.4162883758544922 	 Step48/48	- AllReachGoal-False

2025-12-13 00:07:44,459 - PaperAgentLogger - INFO - current rateReachGoal: 0
2025-12-13 00:07:44,479 - PaperAgentLogger - DEBUG - New map
2025-12-13 00:07:46,098 - PaperAgentLogger - INFO - ################## PaperArchitecture_map20x20_rho1_10Agent/K3_HS0/1765556206 - End of loop ##################  
 ####### Case959 	 Computation time:1.6185357570648193 	 Step51/70	- AllReachGoal-True

2025-12-13 00:07:46,099 - PaperAgentLogger - INFO - current rateReachGoal: 0
2025-12-13 00:07:46,117 - PaperAgentLogger - DEBUG - New map
2025-12-13 00:07:47,694 - PaperAgentLogger - INFO - ################## PaperArchitecture_map20x20_rho1_10Agent/K3_HS0/1765556206 - End of loop ##################  
 ####### Case960 	 Computation time:1.5762591361999512 	 Step50/50	- AllReachGoal-False

2025-12-13 00:07:47,694 - PaperAgentLogger - INFO - current rateReachGoal: 0
2025-12-13 00:07:47,714 - PaperAgentLogger - DEBUG - New map
2025-12-13 00:07:48,757 - PaperAgentLogger - INFO - ################## PaperArchitecture_map20x20_rho1_10Agent/K3_HS0/1765556206 - End of loop ##################  
 ####### Case961 	 Computation time:1.0416629314422607 	 Step32/64	- AllReachGoal-True

2025-12-13 00:07:48,757 - PaperAgentLogger - INFO - current rateReachGoal: 0
2025-12-13 00:07:48,775 - PaperAgentLogger - DEBUG - New map
2025-12-13 00:07:49,751 - PaperAgentLogger - INFO - ################## PaperArchitecture_map20x20_rho1_10Agent/K3_HS0/1765556206 - End of loop ##################  
 ####### Case962 	 Computation time:0.9748327732086182 	 Step30/60	- AllReachGoal-True

2025-12-13 00:07:49,751 - PaperAgentLogger - INFO - current rateReachGoal: 0
2025-12-13 00:07:49,768 - PaperAgentLogger - DEBUG - New map
2025-12-13 00:07:50,589 - PaperAgentLogger - INFO - ################## PaperArchitecture_map20x20_rho1_10Agent/K3_HS0/1765556206 - End of loop ##################  
 ####### Case963 	 Computation time:0.8194365501403809 	 Step25/50	- AllReachGoal-True

2025-12-13 00:07:50,590 - PaperAgentLogger - INFO - current rateReachGoal: 0
2025-12-13 00:07:50,607 - PaperAgentLogger - DEBUG - New map
2025-12-13 00:07:51,528 - PaperAgentLogger - INFO - ################## PaperArchitecture_map20x20_rho1_10Agent/K3_HS0/1765556206 - End of loop ##################  
 ####### Case964 	 Computation time:0.9201602935791016 	 Step28/52	- AllReachGoal-True

2025-12-13 00:07:51,529 - PaperAgentLogger - INFO - current rateReachGoal: 0
2025-12-13 00:07:51,546 - PaperAgentLogger - DEBUG - New map
2025-12-13 00:07:53,151 - PaperAgentLogger - INFO - ################## PaperArchitecture_map20x20_rho1_10Agent/K3_HS0/1765556206 - End of loop ##################  
 ####### Case965 	 Computation time:1.6049909591674805 	 Step54/54	- AllReachGoal-False

2025-12-13 00:07:53,152 - PaperAgentLogger - INFO - current rateReachGoal: 0
2025-12-13 00:07:53,171 - PaperAgentLogger - DEBUG - New map
2025-12-13 00:07:54,178 - PaperAgentLogger - INFO - ################## PaperArchitecture_map20x20_rho1_10Agent/K3_HS0/1765556206 - End of loop ##################  
 ####### Case966 	 Computation time:1.006894588470459 	 Step31/62	- AllReachGoal-True

2025-12-13 00:07:54,181 - PaperAgentLogger - INFO - current rateReachGoal: 0
2025-12-13 00:07:54,203 - PaperAgentLogger - DEBUG - New map
2025-12-13 00:07:55,381 - PaperAgentLogger - INFO - ################## PaperArchitecture_map20x20_rho1_10Agent/K3_HS0/1765556206 - End of loop ##################  
 ####### Case967 	 Computation time:1.1775386333465576 	 Step39/74	- AllReachGoal-True

2025-12-13 00:07:55,382 - PaperAgentLogger - INFO - current rateReachGoal: 0
2025-12-13 00:07:55,400 - PaperAgentLogger - DEBUG - New map
2025-12-13 00:07:56,916 - PaperAgentLogger - INFO - ################## PaperArchitecture_map20x20_rho1_10Agent/K3_HS0/1765556206 - End of loop ##################  
 ####### Case968 	 Computation time:1.5146527290344238 	 Step52/52	- AllReachGoal-False

2025-12-13 00:07:56,916 - PaperAgentLogger - INFO - current rateReachGoal: 0
2025-12-13 00:07:56,935 - PaperAgentLogger - DEBUG - New map
2025-12-13 00:07:58,699 - PaperAgentLogger - INFO - ################## PaperArchitecture_map20x20_rho1_10Agent/K3_HS0/1765556206 - End of loop ##################  
 ####### Case969 	 Computation time:1.7632691860198975 	 Step60/60	- AllReachGoal-False

2025-12-13 00:07:58,700 - PaperAgentLogger - INFO - current rateReachGoal: 0
2025-12-13 00:07:58,718 - PaperAgentLogger - DEBUG - New map
2025-12-13 00:07:59,803 - PaperAgentLogger - INFO - ################## PaperArchitecture_map20x20_rho1_10Agent/K3_HS0/1765556206 - End of loop ##################  
 ####### Case970 	 Computation time:1.0843172073364258 	 Step37/58	- AllReachGoal-True

2025-12-13 00:07:59,804 - PaperAgentLogger - INFO - current rateReachGoal: 0
2025-12-13 00:07:59,824 - PaperAgentLogger - DEBUG - New map
2025-12-13 00:08:01,679 - PaperAgentLogger - INFO - ################## PaperArchitecture_map20x20_rho1_10Agent/K3_HS0/1765556206 - End of loop ##################  
 ####### Case971 	 Computation time:1.8546593189239502 	 Step64/64	- AllReachGoal-False

2025-12-13 00:08:01,679 - PaperAgentLogger - INFO - current rateReachGoal: 0
2025-12-13 00:08:01,697 - PaperAgentLogger - DEBUG - New map
2025-12-13 00:08:02,983 - PaperAgentLogger - INFO - ################## PaperArchitecture_map20x20_rho1_10Agent/K3_HS0/1765556206 - End of loop ##################  
 ####### Case972 	 Computation time:1.285879135131836 	 Step44/44	- AllReachGoal-False

2025-12-13 00:08:02,984 - PaperAgentLogger - INFO - current rateReachGoal: 0
2025-12-13 00:08:03,005 - PaperAgentLogger - DEBUG - New map
2025-12-13 00:08:04,920 - PaperAgentLogger - INFO - ################## PaperArchitecture_map20x20_rho1_10Agent/K3_HS0/1765556206 - End of loop ##################  
 ####### Case973 	 Computation time:1.914656400680542 	 Step62/62	- AllReachGoal-False

2025-12-13 00:08:04,922 - PaperAgentLogger - INFO - current rateReachGoal: 0
2025-12-13 00:08:04,941 - PaperAgentLogger - DEBUG - New map
2025-12-13 00:08:06,168 - PaperAgentLogger - INFO - ################## PaperArchitecture_map20x20_rho1_10Agent/K3_HS0/1765556206 - End of loop ##################  
 ####### Case974 	 Computation time:1.2266201972961426 	 Step42/56	- AllReachGoal-True

2025-12-13 00:08:06,169 - PaperAgentLogger - INFO - current rateReachGoal: 0
2025-12-13 00:08:06,186 - PaperAgentLogger - DEBUG - New map
2025-12-13 00:08:07,455 - PaperAgentLogger - INFO - ################## PaperArchitecture_map20x20_rho1_10Agent/K3_HS0/1765556206 - End of loop ##################  
 ####### Case975 	 Computation time:1.2689459323883057 	 Step42/42	- AllReachGoal-False

2025-12-13 00:08:07,456 - PaperAgentLogger - INFO - current rateReachGoal: 0
2025-12-13 00:08:07,473 - PaperAgentLogger - DEBUG - New map
2025-12-13 00:08:08,235 - PaperAgentLogger - INFO - ################## PaperArchitecture_map20x20_rho1_10Agent/K3_HS0/1765556206 - End of loop ##################  
 ####### Case976 	 Computation time:0.7617931365966797 	 Step26/52	- AllReachGoal-True

2025-12-13 00:08:08,236 - PaperAgentLogger - INFO - current rateReachGoal: 0
2025-12-13 00:08:08,253 - PaperAgentLogger - DEBUG - New map
2025-12-13 00:08:09,719 - PaperAgentLogger - INFO - ################## PaperArchitecture_map20x20_rho1_10Agent/K3_HS0/1765556206 - End of loop ##################  
 ####### Case977 	 Computation time:1.4652047157287598 	 Step50/50	- AllReachGoal-False

2025-12-13 00:08:09,720 - PaperAgentLogger - INFO - current rateReachGoal: 0
2025-12-13 00:08:09,737 - PaperAgentLogger - DEBUG - New map
2025-12-13 00:08:11,313 - PaperAgentLogger - INFO - ################## PaperArchitecture_map20x20_rho1_10Agent/K3_HS0/1765556206 - End of loop ##################  
 ####### Case978 	 Computation time:1.5756795406341553 	 Step52/52	- AllReachGoal-False

2025-12-13 00:08:11,314 - PaperAgentLogger - INFO - current rateReachGoal: 0
2025-12-13 00:08:11,333 - PaperAgentLogger - DEBUG - New map
2025-12-13 00:08:13,078 - PaperAgentLogger - INFO - ################## PaperArchitecture_map20x20_rho1_10Agent/K3_HS0/1765556206 - End of loop ##################  
 ####### Case979 	 Computation time:1.7448055744171143 	 Step56/56	- AllReachGoal-False

2025-12-13 00:08:13,079 - PaperAgentLogger - INFO - current rateReachGoal: 0
2025-12-13 00:08:13,095 - PaperAgentLogger - DEBUG - New map
2025-12-13 00:08:14,374 - PaperAgentLogger - INFO - ################## PaperArchitecture_map20x20_rho1_10Agent/K3_HS0/1765556206 - End of loop ##################  
 ####### Case980 	 Computation time:1.2786273956298828 	 Step44/44	- AllReachGoal-False

2025-12-13 00:08:14,375 - PaperAgentLogger - INFO - current rateReachGoal: 0
2025-12-13 00:08:14,394 - PaperAgentLogger - DEBUG - New map
2025-12-13 00:08:16,224 - PaperAgentLogger - INFO - ################## PaperArchitecture_map20x20_rho1_10Agent/K3_HS0/1765556206 - End of loop ##################  
 ####### Case981 	 Computation time:1.829803705215454 	 Step58/58	- AllReachGoal-False

2025-12-13 00:08:16,225 - PaperAgentLogger - INFO - current rateReachGoal: 0
2025-12-13 00:08:16,242 - PaperAgentLogger - DEBUG - New map
2025-12-13 00:08:17,706 - PaperAgentLogger - INFO - ################## PaperArchitecture_map20x20_rho1_10Agent/K3_HS0/1765556206 - End of loop ##################  
 ####### Case982 	 Computation time:1.4634077548980713 	 Step48/48	- AllReachGoal-False

2025-12-13 00:08:17,707 - PaperAgentLogger - INFO - current rateReachGoal: 0
2025-12-13 00:08:17,724 - PaperAgentLogger - DEBUG - New map
2025-12-13 00:08:18,801 - PaperAgentLogger - INFO - ################## PaperArchitecture_map20x20_rho1_10Agent/K3_HS0/1765556206 - End of loop ##################  
 ####### Case983 	 Computation time:1.0763130187988281 	 Step35/52	- AllReachGoal-True

2025-12-13 00:08:18,801 - PaperAgentLogger - INFO - current rateReachGoal: 0
2025-12-13 00:08:18,820 - PaperAgentLogger - DEBUG - New map
2025-12-13 00:08:20,719 - PaperAgentLogger - INFO - ################## PaperArchitecture_map20x20_rho1_10Agent/K3_HS0/1765556206 - End of loop ##################  
 ####### Case984 	 Computation time:1.8980791568756104 	 Step62/62	- AllReachGoal-False

2025-12-13 00:08:20,720 - PaperAgentLogger - INFO - current rateReachGoal: 0
2025-12-13 00:08:20,741 - PaperAgentLogger - DEBUG - New map
2025-12-13 00:08:22,738 - PaperAgentLogger - INFO - ################## PaperArchitecture_map20x20_rho1_10Agent/K3_HS0/1765556206 - End of loop ##################  
 ####### Case985 	 Computation time:1.9964401721954346 	 Step66/66	- AllReachGoal-False

2025-12-13 00:08:22,740 - PaperAgentLogger - INFO - current rateReachGoal: 0
2025-12-13 00:08:22,758 - PaperAgentLogger - DEBUG - New map
2025-12-13 00:08:24,543 - PaperAgentLogger - INFO - ################## PaperArchitecture_map20x20_rho1_10Agent/K3_HS0/1765556206 - End of loop ##################  
 ####### Case986 	 Computation time:1.7849533557891846 	 Step58/58	- AllReachGoal-False

2025-12-13 00:08:24,544 - PaperAgentLogger - INFO - current rateReachGoal: 0
2025-12-13 00:08:24,563 - PaperAgentLogger - DEBUG - New map
2025-12-13 00:08:26,274 - PaperAgentLogger - INFO - ################## PaperArchitecture_map20x20_rho1_10Agent/K3_HS0/1765556206 - End of loop ##################  
 ####### Case987 	 Computation time:1.7108409404754639 	 Step54/54	- AllReachGoal-False

2025-12-13 00:08:26,275 - PaperAgentLogger - INFO - current rateReachGoal: 0
2025-12-13 00:08:26,294 - PaperAgentLogger - DEBUG - New map
2025-12-13 00:08:27,329 - PaperAgentLogger - INFO - ################## PaperArchitecture_map20x20_rho1_10Agent/K3_HS0/1765556206 - End of loop ##################  
 ####### Case988 	 Computation time:1.0343282222747803 	 Step33/62	- AllReachGoal-True

2025-12-13 00:08:27,330 - PaperAgentLogger - INFO - current rateReachGoal: 0
2025-12-13 00:08:27,346 - PaperAgentLogger - DEBUG - New map
2025-12-13 00:08:28,087 - PaperAgentLogger - INFO - ################## PaperArchitecture_map20x20_rho1_10Agent/K3_HS0/1765556206 - End of loop ##################  
 ####### Case989 	 Computation time:0.7401881217956543 	 Step23/42	- AllReachGoal-True

2025-12-13 00:08:28,089 - PaperAgentLogger - INFO - current rateReachGoal: 0
2025-12-13 00:08:28,107 - PaperAgentLogger - DEBUG - New map
2025-12-13 00:08:29,823 - PaperAgentLogger - INFO - ################## PaperArchitecture_map20x20_rho1_10Agent/K3_HS0/1765556206 - End of loop ##################  
 ####### Case990 	 Computation time:1.7155265808105469 	 Step54/54	- AllReachGoal-False

2025-12-13 00:08:29,824 - PaperAgentLogger - INFO - current rateReachGoal: 0
2025-12-13 00:08:29,841 - PaperAgentLogger - DEBUG - New map
2025-12-13 00:08:31,331 - PaperAgentLogger - INFO - ################## PaperArchitecture_map20x20_rho1_10Agent/K3_HS0/1765556206 - End of loop ##################  
 ####### Case991 	 Computation time:1.4892020225524902 	 Step48/48	- AllReachGoal-False

2025-12-13 00:08:31,332 - PaperAgentLogger - INFO - current rateReachGoal: 0
2025-12-13 00:08:31,348 - PaperAgentLogger - DEBUG - New map
2025-12-13 00:08:32,738 - PaperAgentLogger - INFO - ################## PaperArchitecture_map20x20_rho1_10Agent/K3_HS0/1765556206 - End of loop ##################  
 ####### Case992 	 Computation time:1.3891592025756836 	 Step48/48	- AllReachGoal-False

2025-12-13 00:08:32,739 - PaperAgentLogger - INFO - current rateReachGoal: 0
2025-12-13 00:08:32,759 - PaperAgentLogger - DEBUG - New map
2025-12-13 00:08:34,044 - PaperAgentLogger - INFO - ################## PaperArchitecture_map20x20_rho1_10Agent/K3_HS0/1765556206 - End of loop ##################  
 ####### Case993 	 Computation time:1.2844619750976562 	 Step41/62	- AllReachGoal-True

2025-12-13 00:08:34,044 - PaperAgentLogger - INFO - current rateReachGoal: 0
2025-12-13 00:08:34,062 - PaperAgentLogger - DEBUG - New map
2025-12-13 00:08:34,793 - PaperAgentLogger - INFO - ################## PaperArchitecture_map20x20_rho1_10Agent/K3_HS0/1765556206 - End of loop ##################  
 ####### Case994 	 Computation time:0.730353593826294 	 Step25/50	- AllReachGoal-True

2025-12-13 00:08:34,794 - PaperAgentLogger - INFO - current rateReachGoal: 0
2025-12-13 00:08:34,811 - PaperAgentLogger - DEBUG - New map
2025-12-13 00:08:36,293 - PaperAgentLogger - INFO - ################## PaperArchitecture_map20x20_rho1_10Agent/K3_HS0/1765556206 - End of loop ##################  
 ####### Case995 	 Computation time:1.481675386428833 	 Step49/52	- AllReachGoal-True

2025-12-13 00:08:36,294 - PaperAgentLogger - INFO - current rateReachGoal: 0
2025-12-13 00:08:36,317 - PaperAgentLogger - DEBUG - New map
2025-12-13 00:08:38,167 - PaperAgentLogger - INFO - ################## PaperArchitecture_map20x20_rho1_10Agent/K3_HS0/1765556206 - End of loop ##################  
 ####### Case996 	 Computation time:1.850356101989746 	 Step60/60	- AllReachGoal-False

2025-12-13 00:08:38,168 - PaperAgentLogger - INFO - current rateReachGoal: 0
2025-12-13 00:08:38,185 - PaperAgentLogger - DEBUG - New map
2025-12-13 00:08:39,462 - PaperAgentLogger - INFO - ################## PaperArchitecture_map20x20_rho1_10Agent/K3_HS0/1765556206 - End of loop ##################  
 ####### Case997 	 Computation time:1.2764043807983398 	 Step44/44	- AllReachGoal-False

2025-12-13 00:08:39,463 - PaperAgentLogger - INFO - current rateReachGoal: 0
2025-12-13 00:08:39,478 - PaperAgentLogger - DEBUG - New map
2025-12-13 00:08:40,125 - PaperAgentLogger - INFO - ################## PaperArchitecture_map20x20_rho1_10Agent/K3_HS0/1765556206 - End of loop ##################  
 ####### Case998 	 Computation time:0.645963191986084 	 Step22/42	- AllReachGoal-True

2025-12-13 00:08:40,125 - PaperAgentLogger - INFO - current rateReachGoal: 0
2025-12-13 00:08:40,142 - PaperAgentLogger - DEBUG - New map
2025-12-13 00:08:41,161 - PaperAgentLogger - INFO - ################## PaperArchitecture_map20x20_rho1_10Agent/K3_HS0/1765556206 - End of loop ##################  
 ####### Case999 	 Computation time:1.0185790061950684 	 Step35/50	- AllReachGoal-True

2025-12-13 00:08:41,162 - PaperAgentLogger - INFO - current rateReachGoal: 0
2025-12-13 00:08:41,179 - PaperAgentLogger - DEBUG - New map
2025-12-13 00:08:42,444 - PaperAgentLogger - INFO - ################## PaperArchitecture_map20x20_rho1_10Agent/K3_HS0/1765556206 - End of loop ##################  
 ####### Case1000 	 Computation time:1.2641098499298096 	 Step40/50	- AllReachGoal-True

2025-12-13 00:08:42,445 - PaperAgentLogger - INFO - current rateReachGoal: 0
2025-12-13 00:08:42,464 - PaperAgentLogger - DEBUG - New map
2025-12-13 00:08:44,312 - PaperAgentLogger - INFO - ################## PaperArchitecture_map20x20_rho1_10Agent/K3_HS0/1765556206 - End of loop ##################  
 ####### Case1001 	 Computation time:1.8474926948547363 	 Step58/58	- AllReachGoal-False

2025-12-13 00:08:44,313 - PaperAgentLogger - INFO - current rateReachGoal: 0
2025-12-13 00:08:44,330 - PaperAgentLogger - DEBUG - New map
2025-12-13 00:08:45,187 - PaperAgentLogger - INFO - ################## PaperArchitecture_map20x20_rho1_10Agent/K3_HS0/1765556206 - End of loop ##################  
 ####### Case1002 	 Computation time:0.8565506935119629 	 Step29/58	- AllReachGoal-True

2025-12-13 00:08:45,190 - PaperAgentLogger - INFO - current rateReachGoal: 0
2025-12-13 00:08:45,206 - PaperAgentLogger - DEBUG - New map
2025-12-13 00:08:45,977 - PaperAgentLogger - INFO - ################## PaperArchitecture_map20x20_rho1_10Agent/K3_HS0/1765556206 - End of loop ##################  
 ####### Case1003 	 Computation time:0.7702646255493164 	 Step26/44	- AllReachGoal-True

2025-12-13 00:08:45,977 - PaperAgentLogger - INFO - current rateReachGoal: 0
2025-12-13 00:08:45,996 - PaperAgentLogger - DEBUG - New map
2025-12-13 00:08:46,816 - PaperAgentLogger - INFO - ################## PaperArchitecture_map20x20_rho1_10Agent/K3_HS0/1765556206 - End of loop ##################  
 ####### Case1004 	 Computation time:0.8190553188323975 	 Step26/52	- AllReachGoal-True

2025-12-13 00:08:46,816 - PaperAgentLogger - INFO - current rateReachGoal: 0
2025-12-13 00:08:46,835 - PaperAgentLogger - DEBUG - New map
2025-12-13 00:08:48,592 - PaperAgentLogger - INFO - ################## PaperArchitecture_map20x20_rho1_10Agent/K3_HS0/1765556206 - End of loop ##################  
 ####### Case1005 	 Computation time:1.7558295726776123 	 Step58/58	- AllReachGoal-False

2025-12-13 00:08:48,592 - PaperAgentLogger - INFO - current rateReachGoal: 0
2025-12-13 00:08:48,615 - PaperAgentLogger - DEBUG - New map
2025-12-13 00:08:50,914 - PaperAgentLogger - INFO - ################## PaperArchitecture_map20x20_rho1_10Agent/K3_HS0/1765556206 - End of loop ##################  
 ####### Case1006 	 Computation time:2.2988369464874268 	 Step74/74	- AllReachGoal-False

2025-12-13 00:08:50,915 - PaperAgentLogger - INFO - current rateReachGoal: 0
2025-12-13 00:08:50,935 - PaperAgentLogger - DEBUG - New map
2025-12-13 00:08:52,141 - PaperAgentLogger - INFO - ################## PaperArchitecture_map20x20_rho1_10Agent/K3_HS0/1765556206 - End of loop ##################  
 ####### Case1007 	 Computation time:1.2060973644256592 	 Step39/66	- AllReachGoal-True

2025-12-13 00:08:52,142 - PaperAgentLogger - INFO - current rateReachGoal: 0
2025-12-13 00:08:52,161 - PaperAgentLogger - DEBUG - New map
2025-12-13 00:08:53,406 - PaperAgentLogger - INFO - ################## PaperArchitecture_map20x20_rho1_10Agent/K3_HS0/1765556206 - End of loop ##################  
 ####### Case1008 	 Computation time:1.2446796894073486 	 Step38/58	- AllReachGoal-True

2025-12-13 00:08:53,407 - PaperAgentLogger - INFO - current rateReachGoal: 0
2025-12-13 00:08:53,424 - PaperAgentLogger - DEBUG - New map
2025-12-13 00:08:54,963 - PaperAgentLogger - INFO - ################## PaperArchitecture_map20x20_rho1_10Agent/K3_HS0/1765556206 - End of loop ##################  
 ####### Case1009 	 Computation time:1.5389049053192139 	 Step52/52	- AllReachGoal-False

2025-12-13 00:08:54,964 - PaperAgentLogger - INFO - current rateReachGoal: 0
2025-12-13 00:08:54,983 - PaperAgentLogger - DEBUG - New map
2025-12-13 00:08:56,161 - PaperAgentLogger - INFO - ################## PaperArchitecture_map20x20_rho1_10Agent/K3_HS0/1765556206 - End of loop ##################  
 ####### Case1010 	 Computation time:1.1769695281982422 	 Step36/58	- AllReachGoal-True

2025-12-13 00:08:56,163 - PaperAgentLogger - INFO - current rateReachGoal: 0
2025-12-13 00:08:56,181 - PaperAgentLogger - DEBUG - New map
2025-12-13 00:08:57,929 - PaperAgentLogger - INFO - ################## PaperArchitecture_map20x20_rho1_10Agent/K3_HS0/1765556206 - End of loop ##################  
 ####### Case1011 	 Computation time:1.747631549835205 	 Step54/54	- AllReachGoal-False

2025-12-13 00:08:57,930 - PaperAgentLogger - INFO - current rateReachGoal: 0
2025-12-13 00:08:57,945 - PaperAgentLogger - DEBUG - New map
2025-12-13 00:08:58,788 - PaperAgentLogger - INFO - ################## PaperArchitecture_map20x20_rho1_10Agent/K3_HS0/1765556206 - End of loop ##################  
 ####### Case1012 	 Computation time:0.8424601554870605 	 Step26/42	- AllReachGoal-True

2025-12-13 00:08:58,789 - PaperAgentLogger - INFO - current rateReachGoal: 0
2025-12-13 00:08:58,806 - PaperAgentLogger - DEBUG - New map
2025-12-13 00:08:59,626 - PaperAgentLogger - INFO - ################## PaperArchitecture_map20x20_rho1_10Agent/K3_HS0/1765556206 - End of loop ##################  
 ####### Case1013 	 Computation time:0.8203051090240479 	 Step27/50	- AllReachGoal-True

2025-12-13 00:08:59,627 - PaperAgentLogger - INFO - current rateReachGoal: 0
2025-12-13 00:08:59,646 - PaperAgentLogger - DEBUG - New map
2025-12-13 00:09:00,664 - PaperAgentLogger - INFO - ################## PaperArchitecture_map20x20_rho1_10Agent/K3_HS0/1765556206 - End of loop ##################  
 ####### Case1014 	 Computation time:1.0170092582702637 	 Step31/60	- AllReachGoal-True

2025-12-13 00:09:00,665 - PaperAgentLogger - INFO - current rateReachGoal: 0
2025-12-13 00:09:00,683 - PaperAgentLogger - DEBUG - New map
2025-12-13 00:09:02,465 - PaperAgentLogger - INFO - ################## PaperArchitecture_map20x20_rho1_10Agent/K3_HS0/1765556206 - End of loop ##################  
 ####### Case1015 	 Computation time:1.7815215587615967 	 Step58/58	- AllReachGoal-False

2025-12-13 00:09:02,466 - PaperAgentLogger - INFO - current rateReachGoal: 0
2025-12-13 00:09:02,482 - PaperAgentLogger - DEBUG - New map
2025-12-13 00:09:03,868 - PaperAgentLogger - INFO - ################## PaperArchitecture_map20x20_rho1_10Agent/K3_HS0/1765556206 - End of loop ##################  
 ####### Case1016 	 Computation time:1.38554048538208 	 Step46/46	- AllReachGoal-False

2025-12-13 00:09:03,869 - PaperAgentLogger - INFO - current rateReachGoal: 0
2025-12-13 00:09:03,888 - PaperAgentLogger - DEBUG - New map
2025-12-13 00:09:04,941 - PaperAgentLogger - INFO - ################## PaperArchitecture_map20x20_rho1_10Agent/K3_HS0/1765556206 - End of loop ##################  
 ####### Case1017 	 Computation time:1.0523808002471924 	 Step33/64	- AllReachGoal-True

2025-12-13 00:09:04,942 - PaperAgentLogger - INFO - current rateReachGoal: 0
2025-12-13 00:09:04,961 - PaperAgentLogger - DEBUG - New map
2025-12-13 00:09:06,015 - PaperAgentLogger - INFO - ################## PaperArchitecture_map20x20_rho1_10Agent/K3_HS0/1765556206 - End of loop ##################  
 ####### Case1018 	 Computation time:1.052532434463501 	 Step32/60	- AllReachGoal-True

2025-12-13 00:09:06,015 - PaperAgentLogger - INFO - current rateReachGoal: 0
2025-12-13 00:09:06,034 - PaperAgentLogger - DEBUG - New map
2025-12-13 00:09:07,608 - PaperAgentLogger - INFO - ################## PaperArchitecture_map20x20_rho1_10Agent/K3_HS0/1765556206 - End of loop ##################  
 ####### Case1019 	 Computation time:1.573115348815918 	 Step50/50	- AllReachGoal-False

2025-12-13 00:09:07,611 - PaperAgentLogger - INFO - current rateReachGoal: 0
2025-12-13 00:09:07,627 - PaperAgentLogger - DEBUG - New map
2025-12-13 00:09:09,306 - PaperAgentLogger - INFO - ################## PaperArchitecture_map20x20_rho1_10Agent/K3_HS0/1765556206 - End of loop ##################  
 ####### Case1020 	 Computation time:1.6780047416687012 	 Step52/52	- AllReachGoal-False

2025-12-13 00:09:09,307 - PaperAgentLogger - INFO - current rateReachGoal: 0
2025-12-13 00:09:09,327 - PaperAgentLogger - DEBUG - New map
2025-12-13 00:09:11,287 - PaperAgentLogger - INFO - ################## PaperArchitecture_map20x20_rho1_10Agent/K3_HS0/1765556206 - End of loop ##################  
 ####### Case1021 	 Computation time:1.9594590663909912 	 Step62/62	- AllReachGoal-False

2025-12-13 00:09:11,288 - PaperAgentLogger - INFO - current rateReachGoal: 0
2025-12-13 00:09:11,305 - PaperAgentLogger - DEBUG - New map
2025-12-13 00:09:12,146 - PaperAgentLogger - INFO - ################## PaperArchitecture_map20x20_rho1_10Agent/K3_HS0/1765556206 - End of loop ##################  
 ####### Case1022 	 Computation time:0.8410553932189941 	 Step26/46	- AllReachGoal-True

2025-12-13 00:09:12,147 - PaperAgentLogger - INFO - current rateReachGoal: 0
2025-12-13 00:09:12,166 - PaperAgentLogger - DEBUG - New map
2025-12-13 00:09:13,630 - PaperAgentLogger - INFO - ################## PaperArchitecture_map20x20_rho1_10Agent/K3_HS0/1765556206 - End of loop ##################  
 ####### Case1023 	 Computation time:1.4634616374969482 	 Step49/60	- AllReachGoal-True

2025-12-13 00:09:13,631 - PaperAgentLogger - INFO - current rateReachGoal: 0
2025-12-13 00:09:13,649 - PaperAgentLogger - DEBUG - New map
2025-12-13 00:09:15,031 - PaperAgentLogger - INFO - ################## PaperArchitecture_map20x20_rho1_10Agent/K3_HS0/1765556206 - End of loop ##################  
 ####### Case1024 	 Computation time:1.3818013668060303 	 Step46/46	- AllReachGoal-False

2025-12-13 00:09:15,032 - PaperAgentLogger - INFO - current rateReachGoal: 0
2025-12-13 00:09:15,049 - PaperAgentLogger - DEBUG - New map
2025-12-13 00:09:16,668 - PaperAgentLogger - INFO - ################## PaperArchitecture_map20x20_rho1_10Agent/K3_HS0/1765556206 - End of loop ##################  
 ####### Case1025 	 Computation time:1.6185853481292725 	 Step52/52	- AllReachGoal-False

2025-12-13 00:09:16,669 - PaperAgentLogger - INFO - current rateReachGoal: 0
2025-12-13 00:09:16,689 - PaperAgentLogger - DEBUG - New map
2025-12-13 00:09:17,944 - PaperAgentLogger - INFO - ################## PaperArchitecture_map20x20_rho1_10Agent/K3_HS0/1765556206 - End of loop ##################  
 ####### Case1026 	 Computation time:1.253901720046997 	 Step42/66	- AllReachGoal-True

2025-12-13 00:09:17,945 - PaperAgentLogger - INFO - current rateReachGoal: 0
2025-12-13 00:09:17,962 - PaperAgentLogger - DEBUG - New map
2025-12-13 00:09:18,915 - PaperAgentLogger - INFO - ################## PaperArchitecture_map20x20_rho1_10Agent/K3_HS0/1765556206 - End of loop ##################  
 ####### Case1027 	 Computation time:0.9524543285369873 	 Step29/48	- AllReachGoal-True

2025-12-13 00:09:18,917 - PaperAgentLogger - INFO - current rateReachGoal: 0
2025-12-13 00:09:18,933 - PaperAgentLogger - DEBUG - New map
2025-12-13 00:09:19,713 - PaperAgentLogger - INFO - ################## PaperArchitecture_map20x20_rho1_10Agent/K3_HS0/1765556206 - End of loop ##################  
 ####### Case1028 	 Computation time:0.7790720462799072 	 Step25/46	- AllReachGoal-True

2025-12-13 00:09:19,713 - PaperAgentLogger - INFO - current rateReachGoal: 0
2025-12-13 00:09:19,731 - PaperAgentLogger - DEBUG - New map
2025-12-13 00:09:21,435 - PaperAgentLogger - INFO - ################## PaperArchitecture_map20x20_rho1_10Agent/K3_HS0/1765556206 - End of loop ##################  
 ####### Case1029 	 Computation time:1.703944444656372 	 Step52/52	- AllReachGoal-False

2025-12-13 00:09:21,436 - PaperAgentLogger - INFO - current rateReachGoal: 0
2025-12-13 00:09:21,455 - PaperAgentLogger - DEBUG - New map
2025-12-13 00:09:22,440 - PaperAgentLogger - INFO - ################## PaperArchitecture_map20x20_rho1_10Agent/K3_HS0/1765556206 - End of loop ##################  
 ####### Case1030 	 Computation time:0.9844021797180176 	 Step31/62	- AllReachGoal-True

2025-12-13 00:09:22,440 - PaperAgentLogger - INFO - current rateReachGoal: 0
2025-12-13 00:09:22,460 - PaperAgentLogger - DEBUG - New map
2025-12-13 00:09:23,499 - PaperAgentLogger - INFO - ################## PaperArchitecture_map20x20_rho1_10Agent/K3_HS0/1765556206 - End of loop ##################  
 ####### Case1031 	 Computation time:1.037693738937378 	 Step32/60	- AllReachGoal-True

2025-12-13 00:09:23,499 - PaperAgentLogger - INFO - current rateReachGoal: 0
2025-12-13 00:09:23,519 - PaperAgentLogger - DEBUG - New map
2025-12-13 00:09:25,131 - PaperAgentLogger - INFO - ################## PaperArchitecture_map20x20_rho1_10Agent/K3_HS0/1765556206 - End of loop ##################  
 ####### Case1032 	 Computation time:1.6116020679473877 	 Step54/54	- AllReachGoal-False

2025-12-13 00:09:25,132 - PaperAgentLogger - INFO - current rateReachGoal: 0
2025-12-13 00:09:25,149 - PaperAgentLogger - DEBUG - New map
2025-12-13 00:09:25,953 - PaperAgentLogger - INFO - ################## PaperArchitecture_map20x20_rho1_10Agent/K3_HS0/1765556206 - End of loop ##################  
 ####### Case1033 	 Computation time:0.8036308288574219 	 Step27/50	- AllReachGoal-True

2025-12-13 00:09:25,954 - PaperAgentLogger - INFO - current rateReachGoal: 0
2025-12-13 00:09:25,971 - PaperAgentLogger - DEBUG - New map
2025-12-13 00:09:27,564 - PaperAgentLogger - INFO - ################## PaperArchitecture_map20x20_rho1_10Agent/K3_HS0/1765556206 - End of loop ##################  
 ####### Case1034 	 Computation time:1.5926549434661865 	 Step54/54	- AllReachGoal-False

2025-12-13 00:09:27,565 - PaperAgentLogger - INFO - current rateReachGoal: 0
2025-12-13 00:09:27,582 - PaperAgentLogger - DEBUG - New map
2025-12-13 00:09:28,766 - PaperAgentLogger - INFO - ################## PaperArchitecture_map20x20_rho1_10Agent/K3_HS0/1765556206 - End of loop ##################  
 ####### Case1035 	 Computation time:1.1836669445037842 	 Step40/48	- AllReachGoal-True

2025-12-13 00:09:28,767 - PaperAgentLogger - INFO - current rateReachGoal: 0
2025-12-13 00:09:28,786 - PaperAgentLogger - DEBUG - New map
2025-12-13 00:09:29,646 - PaperAgentLogger - INFO - ################## PaperArchitecture_map20x20_rho1_10Agent/K3_HS0/1765556206 - End of loop ##################  
 ####### Case1036 	 Computation time:0.8591277599334717 	 Step29/56	- AllReachGoal-True

2025-12-13 00:09:29,647 - PaperAgentLogger - INFO - current rateReachGoal: 0
2025-12-13 00:09:29,665 - PaperAgentLogger - DEBUG - New map
2025-12-13 00:09:31,319 - PaperAgentLogger - INFO - ################## PaperArchitecture_map20x20_rho1_10Agent/K3_HS0/1765556206 - End of loop ##################  
 ####### Case1037 	 Computation time:1.6536750793457031 	 Step56/56	- AllReachGoal-False

2025-12-13 00:09:31,319 - PaperAgentLogger - INFO - current rateReachGoal: 0
2025-12-13 00:09:31,337 - PaperAgentLogger - DEBUG - New map
2025-12-13 00:09:32,282 - PaperAgentLogger - INFO - ################## PaperArchitecture_map20x20_rho1_10Agent/K3_HS0/1765556206 - End of loop ##################  
 ####### Case1038 	 Computation time:0.944345235824585 	 Step32/48	- AllReachGoal-True

2025-12-13 00:09:32,283 - PaperAgentLogger - INFO - current rateReachGoal: 0
2025-12-13 00:09:32,305 - PaperAgentLogger - DEBUG - New map
2025-12-13 00:09:34,256 - PaperAgentLogger - INFO - ################## PaperArchitecture_map20x20_rho1_10Agent/K3_HS0/1765556206 - End of loop ##################  
 ####### Case1039 	 Computation time:1.951249122619629 	 Step66/66	- AllReachGoal-False

2025-12-13 00:09:34,257 - PaperAgentLogger - INFO - current rateReachGoal: 0
2025-12-13 00:09:34,276 - PaperAgentLogger - DEBUG - New map
2025-12-13 00:09:35,249 - PaperAgentLogger - INFO - ################## PaperArchitecture_map20x20_rho1_10Agent/K3_HS0/1765556206 - End of loop ##################  
 ####### Case1040 	 Computation time:0.9720168113708496 	 Step33/64	- AllReachGoal-True

2025-12-13 00:09:35,249 - PaperAgentLogger - INFO - current rateReachGoal: 0
2025-12-13 00:09:35,267 - PaperAgentLogger - DEBUG - New map
2025-12-13 00:09:36,105 - PaperAgentLogger - INFO - ################## PaperArchitecture_map20x20_rho1_10Agent/K3_HS0/1765556206 - End of loop ##################  
 ####### Case1041 	 Computation time:0.8372206687927246 	 Step27/54	- AllReachGoal-True

2025-12-13 00:09:36,106 - PaperAgentLogger - INFO - current rateReachGoal: 0
2025-12-13 00:09:36,124 - PaperAgentLogger - DEBUG - New map
2025-12-13 00:09:37,362 - PaperAgentLogger - INFO - ################## PaperArchitecture_map20x20_rho1_10Agent/K3_HS0/1765556206 - End of loop ##################  
 ####### Case1042 	 Computation time:1.2372901439666748 	 Step40/58	- AllReachGoal-True

2025-12-13 00:09:37,364 - PaperAgentLogger - INFO - current rateReachGoal: 0
2025-12-13 00:09:37,383 - PaperAgentLogger - DEBUG - New map
2025-12-13 00:09:38,368 - PaperAgentLogger - INFO - ################## PaperArchitecture_map20x20_rho1_10Agent/K3_HS0/1765556206 - End of loop ##################  
 ####### Case1043 	 Computation time:0.9844920635223389 	 Step30/60	- AllReachGoal-True

2025-12-13 00:09:38,369 - PaperAgentLogger - INFO - current rateReachGoal: 0
2025-12-13 00:09:38,386 - PaperAgentLogger - DEBUG - New map
2025-12-13 00:09:39,952 - PaperAgentLogger - INFO - ################## PaperArchitecture_map20x20_rho1_10Agent/K3_HS0/1765556206 - End of loop ##################  
 ####### Case1044 	 Computation time:1.565155029296875 	 Step48/48	- AllReachGoal-False

2025-12-13 00:09:39,953 - PaperAgentLogger - INFO - current rateReachGoal: 0
2025-12-13 00:09:39,971 - PaperAgentLogger - DEBUG - New map
2025-12-13 00:09:41,667 - PaperAgentLogger - INFO - ################## PaperArchitecture_map20x20_rho1_10Agent/K3_HS0/1765556206 - End of loop ##################  
 ####### Case1045 	 Computation time:1.6950185298919678 	 Step56/56	- AllReachGoal-False

2025-12-13 00:09:41,668 - PaperAgentLogger - INFO - current rateReachGoal: 0
2025-12-13 00:09:41,685 - PaperAgentLogger - DEBUG - New map
2025-12-13 00:09:43,220 - PaperAgentLogger - INFO - ################## PaperArchitecture_map20x20_rho1_10Agent/K3_HS0/1765556206 - End of loop ##################  
 ####### Case1046 	 Computation time:1.5338973999023438 	 Step48/48	- AllReachGoal-False

2025-12-13 00:09:43,222 - PaperAgentLogger - INFO - current rateReachGoal: 0
2025-12-13 00:09:43,239 - PaperAgentLogger - DEBUG - New map
2025-12-13 00:09:44,159 - PaperAgentLogger - INFO - ################## PaperArchitecture_map20x20_rho1_10Agent/K3_HS0/1765556206 - End of loop ##################  
 ####### Case1047 	 Computation time:0.9197099208831787 	 Step28/50	- AllReachGoal-True

2025-12-13 00:09:44,160 - PaperAgentLogger - INFO - current rateReachGoal: 0
2025-12-13 00:09:44,176 - PaperAgentLogger - DEBUG - New map
2025-12-13 00:09:45,568 - PaperAgentLogger - INFO - ################## PaperArchitecture_map20x20_rho1_10Agent/K3_HS0/1765556206 - End of loop ##################  
 ####### Case1048 	 Computation time:1.3910419940948486 	 Step46/46	- AllReachGoal-False

2025-12-13 00:09:45,568 - PaperAgentLogger - INFO - current rateReachGoal: 0
2025-12-13 00:09:45,584 - PaperAgentLogger - DEBUG - New map
2025-12-13 00:09:46,686 - PaperAgentLogger - INFO - ################## PaperArchitecture_map20x20_rho1_10Agent/K3_HS0/1765556206 - End of loop ##################  
 ####### Case1049 	 Computation time:1.101353406906128 	 Step37/44	- AllReachGoal-True

2025-12-13 00:09:46,687 - PaperAgentLogger - INFO - current rateReachGoal: 0
2025-12-13 00:09:46,704 - PaperAgentLogger - DEBUG - New map
2025-12-13 00:09:48,497 - PaperAgentLogger - INFO - ################## PaperArchitecture_map20x20_rho1_10Agent/K3_HS0/1765556206 - End of loop ##################  
 ####### Case1050 	 Computation time:1.7917540073394775 	 Step56/56	- AllReachGoal-False

2025-12-13 00:09:48,497 - PaperAgentLogger - INFO - current rateReachGoal: 0
2025-12-13 00:09:48,514 - PaperAgentLogger - DEBUG - New map
2025-12-13 00:09:49,235 - PaperAgentLogger - INFO - ################## PaperArchitecture_map20x20_rho1_10Agent/K3_HS0/1765556206 - End of loop ##################  
 ####### Case1051 	 Computation time:0.7204420566558838 	 Step24/46	- AllReachGoal-True

2025-12-13 00:09:49,236 - PaperAgentLogger - INFO - current rateReachGoal: 0
2025-12-13 00:09:49,255 - PaperAgentLogger - DEBUG - New map
2025-12-13 00:09:50,207 - PaperAgentLogger - INFO - ################## PaperArchitecture_map20x20_rho1_10Agent/K3_HS0/1765556206 - End of loop ##################  
 ####### Case1052 	 Computation time:0.9518976211547852 	 Step32/62	- AllReachGoal-True

2025-12-13 00:09:50,208 - PaperAgentLogger - INFO - current rateReachGoal: 0
2025-12-13 00:09:50,224 - PaperAgentLogger - DEBUG - New map
2025-12-13 00:09:51,762 - PaperAgentLogger - INFO - ################## PaperArchitecture_map20x20_rho1_10Agent/K3_HS0/1765556206 - End of loop ##################  
 ####### Case1053 	 Computation time:1.5368139743804932 	 Step50/50	- AllReachGoal-False

2025-12-13 00:09:51,763 - PaperAgentLogger - INFO - current rateReachGoal: 0
2025-12-13 00:09:51,780 - PaperAgentLogger - DEBUG - New map
2025-12-13 00:09:53,251 - PaperAgentLogger - INFO - ################## PaperArchitecture_map20x20_rho1_10Agent/K3_HS0/1765556206 - End of loop ##################  
 ####### Case1054 	 Computation time:1.471069097518921 	 Step46/46	- AllReachGoal-False

2025-12-13 00:09:53,252 - PaperAgentLogger - INFO - current rateReachGoal: 0
2025-12-13 00:09:53,272 - PaperAgentLogger - DEBUG - New map
2025-12-13 00:09:54,275 - PaperAgentLogger - INFO - ################## PaperArchitecture_map20x20_rho1_10Agent/K3_HS0/1765556206 - End of loop ##################  
 ####### Case1055 	 Computation time:1.0028622150421143 	 Step34/60	- AllReachGoal-True

2025-12-13 00:09:54,277 - PaperAgentLogger - INFO - current rateReachGoal: 0
2025-12-13 00:09:54,292 - PaperAgentLogger - DEBUG - New map
2025-12-13 00:09:54,859 - PaperAgentLogger - INFO - ################## PaperArchitecture_map20x20_rho1_10Agent/K3_HS0/1765556206 - End of loop ##################  
 ####### Case1056 	 Computation time:0.5657291412353516 	 Step19/36	- AllReachGoal-True

2025-12-13 00:09:54,859 - PaperAgentLogger - INFO - current rateReachGoal: 0
2025-12-13 00:09:54,877 - PaperAgentLogger - DEBUG - New map
2025-12-13 00:09:56,478 - PaperAgentLogger - INFO - ################## PaperArchitecture_map20x20_rho1_10Agent/K3_HS0/1765556206 - End of loop ##################  
 ####### Case1057 	 Computation time:1.6004767417907715 	 Step52/52	- AllReachGoal-False

2025-12-13 00:09:56,479 - PaperAgentLogger - INFO - current rateReachGoal: 0
2025-12-13 00:09:56,496 - PaperAgentLogger - DEBUG - New map
2025-12-13 00:09:58,143 - PaperAgentLogger - INFO - ################## PaperArchitecture_map20x20_rho1_10Agent/K3_HS0/1765556206 - End of loop ##################  
 ####### Case1058 	 Computation time:1.64691162109375 	 Step50/50	- AllReachGoal-False

2025-12-13 00:09:58,144 - PaperAgentLogger - INFO - current rateReachGoal: 0
2025-12-13 00:09:58,163 - PaperAgentLogger - DEBUG - New map
2025-12-13 00:09:59,219 - PaperAgentLogger - INFO - ################## PaperArchitecture_map20x20_rho1_10Agent/K3_HS0/1765556206 - End of loop ##################  
 ####### Case1059 	 Computation time:1.0552809238433838 	 Step32/62	- AllReachGoal-True

2025-12-13 00:09:59,220 - PaperAgentLogger - INFO - current rateReachGoal: 0
2025-12-13 00:09:59,237 - PaperAgentLogger - DEBUG - New map
2025-12-13 00:10:00,837 - PaperAgentLogger - INFO - ################## PaperArchitecture_map20x20_rho1_10Agent/K3_HS0/1765556206 - End of loop ##################  
 ####### Case1060 	 Computation time:1.5998930931091309 	 Step50/50	- AllReachGoal-False

2025-12-13 00:10:00,838 - PaperAgentLogger - INFO - current rateReachGoal: 0
2025-12-13 00:10:00,855 - PaperAgentLogger - DEBUG - New map
2025-12-13 00:10:02,435 - PaperAgentLogger - INFO - ################## PaperArchitecture_map20x20_rho1_10Agent/K3_HS0/1765556206 - End of loop ##################  
 ####### Case1061 	 Computation time:1.5788567066192627 	 Step50/50	- AllReachGoal-False

2025-12-13 00:10:02,435 - PaperAgentLogger - INFO - current rateReachGoal: 0
2025-12-13 00:10:02,453 - PaperAgentLogger - DEBUG - New map
2025-12-13 00:10:04,098 - PaperAgentLogger - INFO - ################## PaperArchitecture_map20x20_rho1_10Agent/K3_HS0/1765556206 - End of loop ##################  
 ####### Case1062 	 Computation time:1.6442041397094727 	 Step52/52	- AllReachGoal-False

2025-12-13 00:10:04,098 - PaperAgentLogger - INFO - current rateReachGoal: 0
2025-12-13 00:10:04,116 - PaperAgentLogger - DEBUG - New map
2025-12-13 00:10:05,601 - PaperAgentLogger - INFO - ################## PaperArchitecture_map20x20_rho1_10Agent/K3_HS0/1765556206 - End of loop ##################  
 ####### Case1063 	 Computation time:1.4841878414154053 	 Step50/50	- AllReachGoal-False

2025-12-13 00:10:05,601 - PaperAgentLogger - INFO - current rateReachGoal: 0
2025-12-13 00:10:05,619 - PaperAgentLogger - DEBUG - New map
2025-12-13 00:10:07,222 - PaperAgentLogger - INFO - ################## PaperArchitecture_map20x20_rho1_10Agent/K3_HS0/1765556206 - End of loop ##################  
 ####### Case1064 	 Computation time:1.602346420288086 	 Step54/54	- AllReachGoal-False

2025-12-13 00:10:07,223 - PaperAgentLogger - INFO - current rateReachGoal: 0
2025-12-13 00:10:07,240 - PaperAgentLogger - DEBUG - New map
2025-12-13 00:10:08,670 - PaperAgentLogger - INFO - ################## PaperArchitecture_map20x20_rho1_10Agent/K3_HS0/1765556206 - End of loop ##################  
 ####### Case1065 	 Computation time:1.4290626049041748 	 Step48/48	- AllReachGoal-False

2025-12-13 00:10:08,670 - PaperAgentLogger - INFO - current rateReachGoal: 0
2025-12-13 00:10:08,689 - PaperAgentLogger - DEBUG - New map
2025-12-13 00:10:10,407 - PaperAgentLogger - INFO - ################## PaperArchitecture_map20x20_rho1_10Agent/K3_HS0/1765556206 - End of loop ##################  
 ####### Case1066 	 Computation time:1.717184066772461 	 Step58/58	- AllReachGoal-False

2025-12-13 00:10:10,408 - PaperAgentLogger - INFO - current rateReachGoal: 0
2025-12-13 00:10:10,425 - PaperAgentLogger - DEBUG - New map
2025-12-13 00:10:11,729 - PaperAgentLogger - INFO - ################## PaperArchitecture_map20x20_rho1_10Agent/K3_HS0/1765556206 - End of loop ##################  
 ####### Case1067 	 Computation time:1.3037898540496826 	 Step44/44	- AllReachGoal-False

2025-12-13 00:10:11,730 - PaperAgentLogger - INFO - current rateReachGoal: 0
2025-12-13 00:10:11,747 - PaperAgentLogger - DEBUG - New map
2025-12-13 00:10:13,230 - PaperAgentLogger - INFO - ################## PaperArchitecture_map20x20_rho1_10Agent/K3_HS0/1765556206 - End of loop ##################  
 ####### Case1068 	 Computation time:1.4819297790527344 	 Step50/50	- AllReachGoal-False

2025-12-13 00:10:13,230 - PaperAgentLogger - INFO - current rateReachGoal: 0
2025-12-13 00:10:13,247 - PaperAgentLogger - DEBUG - New map
2025-12-13 00:10:14,021 - PaperAgentLogger - INFO - ################## PaperArchitecture_map20x20_rho1_10Agent/K3_HS0/1765556206 - End of loop ##################  
 ####### Case1069 	 Computation time:0.7735257148742676 	 Step26/52	- AllReachGoal-True

2025-12-13 00:10:14,022 - PaperAgentLogger - INFO - current rateReachGoal: 0
2025-12-13 00:10:14,040 - PaperAgentLogger - DEBUG - New map
2025-12-13 00:10:15,789 - PaperAgentLogger - INFO - ################## PaperArchitecture_map20x20_rho1_10Agent/K3_HS0/1765556206 - End of loop ##################  
 ####### Case1070 	 Computation time:1.74881911277771 	 Step56/56	- AllReachGoal-False

2025-12-13 00:10:15,790 - PaperAgentLogger - INFO - current rateReachGoal: 0
2025-12-13 00:10:15,808 - PaperAgentLogger - DEBUG - New map
2025-12-13 00:10:17,228 - PaperAgentLogger - INFO - ################## PaperArchitecture_map20x20_rho1_10Agent/K3_HS0/1765556206 - End of loop ##################  
 ####### Case1071 	 Computation time:1.419635534286499 	 Step48/48	- AllReachGoal-False

2025-12-13 00:10:17,229 - PaperAgentLogger - INFO - current rateReachGoal: 0
2025-12-13 00:10:17,244 - PaperAgentLogger - DEBUG - New map
2025-12-13 00:10:17,812 - PaperAgentLogger - INFO - ################## PaperArchitecture_map20x20_rho1_10Agent/K3_HS0/1765556206 - End of loop ##################  
 ####### Case1072 	 Computation time:0.567579984664917 	 Step19/38	- AllReachGoal-True

2025-12-13 00:10:17,813 - PaperAgentLogger - INFO - current rateReachGoal: 0
2025-12-13 00:10:17,833 - PaperAgentLogger - DEBUG - New map
2025-12-13 00:10:19,870 - PaperAgentLogger - INFO - ################## PaperArchitecture_map20x20_rho1_10Agent/K3_HS0/1765556206 - End of loop ##################  
 ####### Case1073 	 Computation time:2.036508560180664 	 Step68/68	- AllReachGoal-False

2025-12-13 00:10:19,871 - PaperAgentLogger - INFO - current rateReachGoal: 0
2025-12-13 00:10:19,888 - PaperAgentLogger - DEBUG - New map
2025-12-13 00:10:20,694 - PaperAgentLogger - INFO - ################## PaperArchitecture_map20x20_rho1_10Agent/K3_HS0/1765556206 - End of loop ##################  
 ####### Case1074 	 Computation time:0.8050017356872559 	 Step27/54	- AllReachGoal-True

2025-12-13 00:10:20,695 - PaperAgentLogger - INFO - current rateReachGoal: 0
2025-12-13 00:10:20,712 - PaperAgentLogger - DEBUG - New map
2025-12-13 00:10:21,399 - PaperAgentLogger - INFO - ################## PaperArchitecture_map20x20_rho1_10Agent/K3_HS0/1765556206 - End of loop ##################  
 ####### Case1075 	 Computation time:0.6861896514892578 	 Step23/44	- AllReachGoal-True

2025-12-13 00:10:21,399 - PaperAgentLogger - INFO - current rateReachGoal: 0
2025-12-13 00:10:21,416 - PaperAgentLogger - DEBUG - New map
2025-12-13 00:10:22,238 - PaperAgentLogger - INFO - ################## PaperArchitecture_map20x20_rho1_10Agent/K3_HS0/1765556206 - End of loop ##################  
 ####### Case1076 	 Computation time:0.8215162754058838 	 Step26/50	- AllReachGoal-True

2025-12-13 00:10:22,239 - PaperAgentLogger - INFO - current rateReachGoal: 0
2025-12-13 00:10:22,257 - PaperAgentLogger - DEBUG - New map
2025-12-13 00:10:23,536 - PaperAgentLogger - INFO - ################## PaperArchitecture_map20x20_rho1_10Agent/K3_HS0/1765556206 - End of loop ##################  
 ####### Case1077 	 Computation time:1.2777619361877441 	 Step41/58	- AllReachGoal-True

2025-12-13 00:10:23,536 - PaperAgentLogger - INFO - current rateReachGoal: 0
2025-12-13 00:10:23,555 - PaperAgentLogger - DEBUG - New map
2025-12-13 00:10:24,426 - PaperAgentLogger - INFO - ################## PaperArchitecture_map20x20_rho1_10Agent/K3_HS0/1765556206 - End of loop ##################  
 ####### Case1078 	 Computation time:0.871182918548584 	 Step27/54	- AllReachGoal-True

2025-12-13 00:10:24,427 - PaperAgentLogger - INFO - current rateReachGoal: 0
2025-12-13 00:10:24,447 - PaperAgentLogger - DEBUG - New map
2025-12-13 00:10:25,741 - PaperAgentLogger - INFO - ################## PaperArchitecture_map20x20_rho1_10Agent/K3_HS0/1765556206 - End of loop ##################  
 ####### Case1079 	 Computation time:1.2936558723449707 	 Step43/64	- AllReachGoal-True

2025-12-13 00:10:25,742 - PaperAgentLogger - INFO - current rateReachGoal: 0
2025-12-13 00:10:25,758 - PaperAgentLogger - DEBUG - New map
2025-12-13 00:10:26,508 - PaperAgentLogger - INFO - ################## PaperArchitecture_map20x20_rho1_10Agent/K3_HS0/1765556206 - End of loop ##################  
 ####### Case1080 	 Computation time:0.7498416900634766 	 Step25/50	- AllReachGoal-True

2025-12-13 00:10:26,509 - PaperAgentLogger - INFO - current rateReachGoal: 0
2025-12-13 00:10:26,528 - PaperAgentLogger - DEBUG - New map
2025-12-13 00:10:28,531 - PaperAgentLogger - INFO - ################## PaperArchitecture_map20x20_rho1_10Agent/K3_HS0/1765556206 - End of loop ##################  
 ####### Case1081 	 Computation time:2.0023269653320312 	 Step64/64	- AllReachGoal-False

2025-12-13 00:10:28,532 - PaperAgentLogger - INFO - current rateReachGoal: 0
2025-12-13 00:10:28,548 - PaperAgentLogger - DEBUG - New map
2025-12-13 00:10:29,958 - PaperAgentLogger - INFO - ################## PaperArchitecture_map20x20_rho1_10Agent/K3_HS0/1765556206 - End of loop ##################  
 ####### Case1082 	 Computation time:1.4097709655761719 	 Step46/46	- AllReachGoal-False

2025-12-13 00:10:29,959 - PaperAgentLogger - INFO - current rateReachGoal: 0
2025-12-13 00:10:29,978 - PaperAgentLogger - DEBUG - New map
2025-12-13 00:10:30,922 - PaperAgentLogger - INFO - ################## PaperArchitecture_map20x20_rho1_10Agent/K3_HS0/1765556206 - End of loop ##################  
 ####### Case1083 	 Computation time:0.942913293838501 	 Step30/60	- AllReachGoal-True

2025-12-13 00:10:30,924 - PaperAgentLogger - INFO - current rateReachGoal: 0
2025-12-13 00:10:30,943 - PaperAgentLogger - DEBUG - New map
2025-12-13 00:10:33,062 - PaperAgentLogger - INFO - ################## PaperArchitecture_map20x20_rho1_10Agent/K3_HS0/1765556206 - End of loop ##################  
 ####### Case1084 	 Computation time:2.1184418201446533 	 Step66/66	- AllReachGoal-False

2025-12-13 00:10:33,063 - PaperAgentLogger - INFO - current rateReachGoal: 0
2025-12-13 00:10:33,080 - PaperAgentLogger - DEBUG - New map
2025-12-13 00:10:34,474 - PaperAgentLogger - INFO - ################## PaperArchitecture_map20x20_rho1_10Agent/K3_HS0/1765556206 - End of loop ##################  
 ####### Case1085 	 Computation time:1.3937702178955078 	 Step46/46	- AllReachGoal-False

2025-12-13 00:10:34,475 - PaperAgentLogger - INFO - current rateReachGoal: 0
2025-12-13 00:10:34,495 - PaperAgentLogger - DEBUG - New map
2025-12-13 00:10:35,594 - PaperAgentLogger - INFO - ################## PaperArchitecture_map20x20_rho1_10Agent/K3_HS0/1765556206 - End of loop ##################  
 ####### Case1086 	 Computation time:1.0985560417175293 	 Step37/66	- AllReachGoal-True

2025-12-13 00:10:35,595 - PaperAgentLogger - INFO - current rateReachGoal: 0
2025-12-13 00:10:35,612 - PaperAgentLogger - DEBUG - New map
2025-12-13 00:10:37,100 - PaperAgentLogger - INFO - ################## PaperArchitecture_map20x20_rho1_10Agent/K3_HS0/1765556206 - End of loop ##################  
 ####### Case1087 	 Computation time:1.487442970275879 	 Step48/48	- AllReachGoal-False

2025-12-13 00:10:37,101 - PaperAgentLogger - INFO - current rateReachGoal: 0
2025-12-13 00:10:37,117 - PaperAgentLogger - DEBUG - New map
2025-12-13 00:10:37,841 - PaperAgentLogger - INFO - ################## PaperArchitecture_map20x20_rho1_10Agent/K3_HS0/1765556206 - End of loop ##################  
 ####### Case1088 	 Computation time:0.7232301235198975 	 Step24/46	- AllReachGoal-True

2025-12-13 00:10:37,842 - PaperAgentLogger - INFO - current rateReachGoal: 0
2025-12-13 00:10:37,860 - PaperAgentLogger - DEBUG - New map
2025-12-13 00:10:39,489 - PaperAgentLogger - INFO - ################## PaperArchitecture_map20x20_rho1_10Agent/K3_HS0/1765556206 - End of loop ##################  
 ####### Case1089 	 Computation time:1.6283173561096191 	 Step52/52	- AllReachGoal-False

2025-12-13 00:10:39,489 - PaperAgentLogger - INFO - current rateReachGoal: 0
2025-12-13 00:10:39,508 - PaperAgentLogger - DEBUG - New map
2025-12-13 00:10:41,186 - PaperAgentLogger - INFO - ################## PaperArchitecture_map20x20_rho1_10Agent/K3_HS0/1765556206 - End of loop ##################  
 ####### Case1090 	 Computation time:1.6778161525726318 	 Step52/52	- AllReachGoal-False

2025-12-13 00:10:41,187 - PaperAgentLogger - INFO - current rateReachGoal: 0
2025-12-13 00:10:41,206 - PaperAgentLogger - DEBUG - New map
2025-12-13 00:10:42,076 - PaperAgentLogger - INFO - ################## PaperArchitecture_map20x20_rho1_10Agent/K3_HS0/1765556206 - End of loop ##################  
 ####### Case1091 	 Computation time:0.8694460391998291 	 Step29/56	- AllReachGoal-True

2025-12-13 00:10:42,077 - PaperAgentLogger - INFO - current rateReachGoal: 0
2025-12-13 00:10:42,094 - PaperAgentLogger - DEBUG - New map
2025-12-13 00:10:43,569 - PaperAgentLogger - INFO - ################## PaperArchitecture_map20x20_rho1_10Agent/K3_HS0/1765556206 - End of loop ##################  
 ####### Case1092 	 Computation time:1.4737446308135986 	 Step48/56	- AllReachGoal-True

2025-12-13 00:10:43,569 - PaperAgentLogger - INFO - current rateReachGoal: 0
2025-12-13 00:10:43,591 - PaperAgentLogger - DEBUG - New map
2025-12-13 00:10:44,457 - PaperAgentLogger - INFO - ################## PaperArchitecture_map20x20_rho1_10Agent/K3_HS0/1765556206 - End of loop ##################  
 ####### Case1093 	 Computation time:0.8650565147399902 	 Step29/52	- AllReachGoal-True

2025-12-13 00:10:44,458 - PaperAgentLogger - INFO - current rateReachGoal: 0
2025-12-13 00:10:44,474 - PaperAgentLogger - DEBUG - New map
2025-12-13 00:10:45,247 - PaperAgentLogger - INFO - ################## PaperArchitecture_map20x20_rho1_10Agent/K3_HS0/1765556206 - End of loop ##################  
 ####### Case1094 	 Computation time:0.7719130516052246 	 Step26/48	- AllReachGoal-True

2025-12-13 00:10:45,248 - PaperAgentLogger - INFO - current rateReachGoal: 0
2025-12-13 00:10:45,268 - PaperAgentLogger - DEBUG - New map
2025-12-13 00:10:46,365 - PaperAgentLogger - INFO - ################## PaperArchitecture_map20x20_rho1_10Agent/K3_HS0/1765556206 - End of loop ##################  
 ####### Case1095 	 Computation time:1.0964491367340088 	 Step37/70	- AllReachGoal-True

2025-12-13 00:10:46,366 - PaperAgentLogger - INFO - current rateReachGoal: 0
2025-12-13 00:10:46,386 - PaperAgentLogger - DEBUG - New map
2025-12-13 00:10:48,448 - PaperAgentLogger - INFO - ################## PaperArchitecture_map20x20_rho1_10Agent/K3_HS0/1765556206 - End of loop ##################  
 ####### Case1096 	 Computation time:2.0608861446380615 	 Step68/68	- AllReachGoal-False

2025-12-13 00:10:48,448 - PaperAgentLogger - INFO - current rateReachGoal: 0
2025-12-13 00:10:48,466 - PaperAgentLogger - DEBUG - New map
2025-12-13 00:10:49,830 - PaperAgentLogger - INFO - ################## PaperArchitecture_map20x20_rho1_10Agent/K3_HS0/1765556206 - End of loop ##################  
 ####### Case1097 	 Computation time:1.3641014099121094 	 Step46/46	- AllReachGoal-False

2025-12-13 00:10:49,831 - PaperAgentLogger - INFO - current rateReachGoal: 0
2025-12-13 00:10:49,848 - PaperAgentLogger - DEBUG - New map
2025-12-13 00:10:50,917 - PaperAgentLogger - INFO - ################## PaperArchitecture_map20x20_rho1_10Agent/K3_HS0/1765556206 - End of loop ##################  
 ####### Case1098 	 Computation time:1.0684618949890137 	 Step36/46	- AllReachGoal-True

2025-12-13 00:10:50,918 - PaperAgentLogger - INFO - current rateReachGoal: 0
2025-12-13 00:10:50,935 - PaperAgentLogger - DEBUG - New map
2025-12-13 00:10:51,655 - PaperAgentLogger - INFO - ################## PaperArchitecture_map20x20_rho1_10Agent/K3_HS0/1765556206 - End of loop ##################  
 ####### Case1099 	 Computation time:0.7195253372192383 	 Step24/46	- AllReachGoal-True

2025-12-13 00:10:51,656 - PaperAgentLogger - INFO - current rateReachGoal: 0
2025-12-13 00:10:51,675 - PaperAgentLogger - DEBUG - New map
2025-12-13 00:10:52,599 - PaperAgentLogger - INFO - ################## PaperArchitecture_map20x20_rho1_10Agent/K3_HS0/1765556206 - End of loop ##################  
 ####### Case1100 	 Computation time:0.92372727394104 	 Step31/58	- AllReachGoal-True

2025-12-13 00:10:52,600 - PaperAgentLogger - INFO - current rateReachGoal: 0
2025-12-13 00:10:52,619 - PaperAgentLogger - DEBUG - New map
2025-12-13 00:10:53,606 - PaperAgentLogger - INFO - ################## PaperArchitecture_map20x20_rho1_10Agent/K3_HS0/1765556206 - End of loop ##################  
 ####### Case1101 	 Computation time:0.9864413738250732 	 Step33/62	- AllReachGoal-True

2025-12-13 00:10:53,607 - PaperAgentLogger - INFO - current rateReachGoal: 0
2025-12-13 00:10:53,625 - PaperAgentLogger - DEBUG - New map
2025-12-13 00:10:54,438 - PaperAgentLogger - INFO - ################## PaperArchitecture_map20x20_rho1_10Agent/K3_HS0/1765556206 - End of loop ##################  
 ####### Case1102 	 Computation time:0.8129003047943115 	 Step27/54	- AllReachGoal-True

2025-12-13 00:10:54,439 - PaperAgentLogger - INFO - current rateReachGoal: 0
2025-12-13 00:10:54,457 - PaperAgentLogger - DEBUG - New map
2025-12-13 00:10:56,003 - PaperAgentLogger - INFO - ################## PaperArchitecture_map20x20_rho1_10Agent/K3_HS0/1765556206 - End of loop ##################  
 ####### Case1103 	 Computation time:1.5452589988708496 	 Step52/52	- AllReachGoal-False

2025-12-13 00:10:56,004 - PaperAgentLogger - INFO - current rateReachGoal: 0
2025-12-13 00:10:56,021 - PaperAgentLogger - DEBUG - New map
2025-12-13 00:10:56,744 - PaperAgentLogger - INFO - ################## PaperArchitecture_map20x20_rho1_10Agent/K3_HS0/1765556206 - End of loop ##################  
 ####### Case1104 	 Computation time:0.721855640411377 	 Step24/48	- AllReachGoal-True

2025-12-13 00:10:56,744 - PaperAgentLogger - INFO - current rateReachGoal: 0
2025-12-13 00:10:56,764 - PaperAgentLogger - DEBUG - New map
2025-12-13 00:10:58,263 - PaperAgentLogger - INFO - ################## PaperArchitecture_map20x20_rho1_10Agent/K3_HS0/1765556206 - End of loop ##################  
 ####### Case1105 	 Computation time:1.4989254474639893 	 Step49/64	- AllReachGoal-True

2025-12-13 00:10:58,264 - PaperAgentLogger - INFO - current rateReachGoal: 0
2025-12-13 00:10:58,282 - PaperAgentLogger - DEBUG - New map
2025-12-13 00:10:59,122 - PaperAgentLogger - INFO - ################## PaperArchitecture_map20x20_rho1_10Agent/K3_HS0/1765556206 - End of loop ##################  
 ####### Case1106 	 Computation time:0.8393540382385254 	 Step26/52	- AllReachGoal-True

2025-12-13 00:10:59,123 - PaperAgentLogger - INFO - current rateReachGoal: 0
2025-12-13 00:10:59,139 - PaperAgentLogger - DEBUG - New map
2025-12-13 00:10:59,888 - PaperAgentLogger - INFO - ################## PaperArchitecture_map20x20_rho1_10Agent/K3_HS0/1765556206 - End of loop ##################  
 ####### Case1107 	 Computation time:0.7486653327941895 	 Step25/46	- AllReachGoal-True

2025-12-13 00:10:59,889 - PaperAgentLogger - INFO - current rateReachGoal: 0
2025-12-13 00:10:59,907 - PaperAgentLogger - DEBUG - New map
2025-12-13 00:11:00,955 - PaperAgentLogger - INFO - ################## PaperArchitecture_map20x20_rho1_10Agent/K3_HS0/1765556206 - End of loop ##################  
 ####### Case1108 	 Computation time:1.0480356216430664 	 Step32/48	- AllReachGoal-True

2025-12-13 00:11:00,956 - PaperAgentLogger - INFO - current rateReachGoal: 0
2025-12-13 00:11:00,978 - PaperAgentLogger - DEBUG - New map
2025-12-13 00:11:03,156 - PaperAgentLogger - INFO - ################## PaperArchitecture_map20x20_rho1_10Agent/K3_HS0/1765556206 - End of loop ##################  
 ####### Case1109 	 Computation time:2.1780104637145996 	 Step70/70	- AllReachGoal-False

2025-12-13 00:11:03,157 - PaperAgentLogger - INFO - current rateReachGoal: 0
2025-12-13 00:11:03,174 - PaperAgentLogger - DEBUG - New map
2025-12-13 00:11:04,589 - PaperAgentLogger - INFO - ################## PaperArchitecture_map20x20_rho1_10Agent/K3_HS0/1765556206 - End of loop ##################  
 ####### Case1110 	 Computation time:1.4140982627868652 	 Step44/44	- AllReachGoal-False

2025-12-13 00:11:04,589 - PaperAgentLogger - INFO - current rateReachGoal: 0
2025-12-13 00:11:04,605 - PaperAgentLogger - DEBUG - New map
2025-12-13 00:11:06,124 - PaperAgentLogger - INFO - ################## PaperArchitecture_map20x20_rho1_10Agent/K3_HS0/1765556206 - End of loop ##################  
 ####### Case1111 	 Computation time:1.518367052078247 	 Step48/48	- AllReachGoal-False

2025-12-13 00:11:06,125 - PaperAgentLogger - INFO - current rateReachGoal: 0
2025-12-13 00:11:06,143 - PaperAgentLogger - DEBUG - New map
2025-12-13 00:11:06,966 - PaperAgentLogger - INFO - ################## PaperArchitecture_map20x20_rho1_10Agent/K3_HS0/1765556206 - End of loop ##################  
 ####### Case1112 	 Computation time:0.8224711418151855 	 Step25/46	- AllReachGoal-True

2025-12-13 00:11:06,967 - PaperAgentLogger - INFO - current rateReachGoal: 0
2025-12-13 00:11:06,984 - PaperAgentLogger - DEBUG - New map
2025-12-13 00:11:08,449 - PaperAgentLogger - INFO - ################## PaperArchitecture_map20x20_rho1_10Agent/K3_HS0/1765556206 - End of loop ##################  
 ####### Case1113 	 Computation time:1.4649901390075684 	 Step46/46	- AllReachGoal-False

2025-12-13 00:11:08,452 - PaperAgentLogger - INFO - current rateReachGoal: 0
2025-12-13 00:11:08,470 - PaperAgentLogger - DEBUG - New map
2025-12-13 00:11:10,134 - PaperAgentLogger - INFO - ################## PaperArchitecture_map20x20_rho1_10Agent/K3_HS0/1765556206 - End of loop ##################  
 ####### Case1114 	 Computation time:1.6640405654907227 	 Step52/52	- AllReachGoal-False

2025-12-13 00:11:10,135 - PaperAgentLogger - INFO - current rateReachGoal: 0
2025-12-13 00:11:10,152 - PaperAgentLogger - DEBUG - New map
2025-12-13 00:11:10,866 - PaperAgentLogger - INFO - ################## PaperArchitecture_map20x20_rho1_10Agent/K3_HS0/1765556206 - End of loop ##################  
 ####### Case1115 	 Computation time:0.7127795219421387 	 Step23/42	- AllReachGoal-True

2025-12-13 00:11:10,866 - PaperAgentLogger - INFO - current rateReachGoal: 0
2025-12-13 00:11:10,887 - PaperAgentLogger - DEBUG - New map
2025-12-13 00:11:11,976 - PaperAgentLogger - INFO - ################## PaperArchitecture_map20x20_rho1_10Agent/K3_HS0/1765556206 - End of loop ##################  
 ####### Case1116 	 Computation time:1.0887329578399658 	 Step33/66	- AllReachGoal-True

2025-12-13 00:11:11,977 - PaperAgentLogger - INFO - current rateReachGoal: 0
2025-12-13 00:11:11,995 - PaperAgentLogger - DEBUG - New map
2025-12-13 00:11:12,804 - PaperAgentLogger - INFO - ################## PaperArchitecture_map20x20_rho1_10Agent/K3_HS0/1765556206 - End of loop ##################  
 ####### Case1117 	 Computation time:0.8089385032653809 	 Step27/54	- AllReachGoal-True

2025-12-13 00:11:12,805 - PaperAgentLogger - INFO - current rateReachGoal: 0
2025-12-13 00:11:12,822 - PaperAgentLogger - DEBUG - New map
2025-12-13 00:11:13,753 - PaperAgentLogger - INFO - ################## PaperArchitecture_map20x20_rho1_10Agent/K3_HS0/1765556206 - End of loop ##################  
 ####### Case1118 	 Computation time:0.9310195446014404 	 Step28/52	- AllReachGoal-True

2025-12-13 00:11:13,756 - PaperAgentLogger - INFO - current rateReachGoal: 0
2025-12-13 00:11:13,771 - PaperAgentLogger - DEBUG - New map
2025-12-13 00:11:15,097 - PaperAgentLogger - INFO - ################## PaperArchitecture_map20x20_rho1_10Agent/K3_HS0/1765556206 - End of loop ##################  
 ####### Case1119 	 Computation time:1.3252058029174805 	 Step42/42	- AllReachGoal-False

2025-12-13 00:11:15,098 - PaperAgentLogger - INFO - current rateReachGoal: 0
2025-12-13 00:11:15,116 - PaperAgentLogger - DEBUG - New map
2025-12-13 00:11:15,916 - PaperAgentLogger - INFO - ################## PaperArchitecture_map20x20_rho1_10Agent/K3_HS0/1765556206 - End of loop ##################  
 ####### Case1120 	 Computation time:0.7993662357330322 	 Step26/52	- AllReachGoal-True

2025-12-13 00:11:15,917 - PaperAgentLogger - INFO - current rateReachGoal: 0
2025-12-13 00:11:15,933 - PaperAgentLogger - DEBUG - New map
2025-12-13 00:11:16,730 - PaperAgentLogger - INFO - ################## PaperArchitecture_map20x20_rho1_10Agent/K3_HS0/1765556206 - End of loop ##################  
 ####### Case1121 	 Computation time:0.7958681583404541 	 Step25/48	- AllReachGoal-True

2025-12-13 00:11:16,730 - PaperAgentLogger - INFO - current rateReachGoal: 0
2025-12-13 00:11:16,748 - PaperAgentLogger - DEBUG - New map
2025-12-13 00:11:18,523 - PaperAgentLogger - INFO - ################## PaperArchitecture_map20x20_rho1_10Agent/K3_HS0/1765556206 - End of loop ##################  
 ####### Case1122 	 Computation time:1.7742228507995605 	 Step54/54	- AllReachGoal-False

2025-12-13 00:11:18,524 - PaperAgentLogger - INFO - current rateReachGoal: 0
2025-12-13 00:11:18,542 - PaperAgentLogger - DEBUG - New map
2025-12-13 00:11:20,251 - PaperAgentLogger - INFO - ################## PaperArchitecture_map20x20_rho1_10Agent/K3_HS0/1765556206 - End of loop ##################  
 ####### Case1123 	 Computation time:1.708616018295288 	 Step52/52	- AllReachGoal-False

2025-12-13 00:11:20,252 - PaperAgentLogger - INFO - current rateReachGoal: 0
2025-12-13 00:11:20,270 - PaperAgentLogger - DEBUG - New map
2025-12-13 00:11:21,097 - PaperAgentLogger - INFO - ################## PaperArchitecture_map20x20_rho1_10Agent/K3_HS0/1765556206 - End of loop ##################  
 ####### Case1124 	 Computation time:0.8266036510467529 	 Step25/48	- AllReachGoal-True

2025-12-13 00:11:21,098 - PaperAgentLogger - INFO - current rateReachGoal: 0
2025-12-13 00:11:21,115 - PaperAgentLogger - DEBUG - New map
2025-12-13 00:11:22,016 - PaperAgentLogger - INFO - ################## PaperArchitecture_map20x20_rho1_10Agent/K3_HS0/1765556206 - End of loop ##################  
 ####### Case1125 	 Computation time:0.9011189937591553 	 Step28/52	- AllReachGoal-True

2025-12-13 00:11:22,017 - PaperAgentLogger - INFO - current rateReachGoal: 0
2025-12-13 00:11:22,035 - PaperAgentLogger - DEBUG - New map
2025-12-13 00:11:22,975 - PaperAgentLogger - INFO - ################## PaperArchitecture_map20x20_rho1_10Agent/K3_HS0/1765556206 - End of loop ##################  
 ####### Case1126 	 Computation time:0.9392335414886475 	 Step29/54	- AllReachGoal-True

2025-12-13 00:11:22,976 - PaperAgentLogger - INFO - current rateReachGoal: 0
2025-12-13 00:11:22,996 - PaperAgentLogger - DEBUG - New map
2025-12-13 00:11:24,049 - PaperAgentLogger - INFO - ################## PaperArchitecture_map20x20_rho1_10Agent/K3_HS0/1765556206 - End of loop ##################  
 ####### Case1127 	 Computation time:1.0524938106536865 	 Step35/70	- AllReachGoal-True

2025-12-13 00:11:24,050 - PaperAgentLogger - INFO - current rateReachGoal: 0
2025-12-13 00:11:24,069 - PaperAgentLogger - DEBUG - New map
2025-12-13 00:11:25,792 - PaperAgentLogger - INFO - ################## PaperArchitecture_map20x20_rho1_10Agent/K3_HS0/1765556206 - End of loop ##################  
 ####### Case1128 	 Computation time:1.7229721546173096 	 Step58/58	- AllReachGoal-False

2025-12-13 00:11:25,793 - PaperAgentLogger - INFO - current rateReachGoal: 0
2025-12-13 00:11:25,809 - PaperAgentLogger - DEBUG - New map
2025-12-13 00:11:26,409 - PaperAgentLogger - INFO - ################## PaperArchitecture_map20x20_rho1_10Agent/K3_HS0/1765556206 - End of loop ##################  
 ####### Case1129 	 Computation time:0.5998666286468506 	 Step20/40	- AllReachGoal-True

2025-12-13 00:11:26,410 - PaperAgentLogger - INFO - current rateReachGoal: 0
2025-12-13 00:11:26,428 - PaperAgentLogger - DEBUG - New map
2025-12-13 00:11:27,351 - PaperAgentLogger - INFO - ################## PaperArchitecture_map20x20_rho1_10Agent/K3_HS0/1765556206 - End of loop ##################  
 ####### Case1130 	 Computation time:0.921790599822998 	 Step30/58	- AllReachGoal-True

2025-12-13 00:11:27,351 - PaperAgentLogger - INFO - current rateReachGoal: 0
2025-12-13 00:11:27,370 - PaperAgentLogger - DEBUG - New map
2025-12-13 00:11:28,795 - PaperAgentLogger - INFO - ################## PaperArchitecture_map20x20_rho1_10Agent/K3_HS0/1765556206 - End of loop ##################  
 ####### Case1131 	 Computation time:1.4245574474334717 	 Step48/58	- AllReachGoal-True

2025-12-13 00:11:28,796 - PaperAgentLogger - INFO - current rateReachGoal: 0
2025-12-13 00:11:28,815 - PaperAgentLogger - DEBUG - New map
2025-12-13 00:11:29,631 - PaperAgentLogger - INFO - ################## PaperArchitecture_map20x20_rho1_10Agent/K3_HS0/1765556206 - End of loop ##################  
 ####### Case1132 	 Computation time:0.8152623176574707 	 Step27/54	- AllReachGoal-True

2025-12-13 00:11:29,632 - PaperAgentLogger - INFO - current rateReachGoal: 0
2025-12-13 00:11:29,649 - PaperAgentLogger - DEBUG - New map
2025-12-13 00:11:30,479 - PaperAgentLogger - INFO - ################## PaperArchitecture_map20x20_rho1_10Agent/K3_HS0/1765556206 - End of loop ##################  
 ####### Case1133 	 Computation time:0.8299992084503174 	 Step26/48	- AllReachGoal-True

2025-12-13 00:11:30,480 - PaperAgentLogger - INFO - current rateReachGoal: 0
2025-12-13 00:11:30,499 - PaperAgentLogger - DEBUG - New map
2025-12-13 00:11:32,199 - PaperAgentLogger - INFO - ################## PaperArchitecture_map20x20_rho1_10Agent/K3_HS0/1765556206 - End of loop ##################  
 ####### Case1134 	 Computation time:1.7000465393066406 	 Step56/56	- AllReachGoal-False

2025-12-13 00:11:32,200 - PaperAgentLogger - INFO - current rateReachGoal: 0
2025-12-13 00:11:32,218 - PaperAgentLogger - DEBUG - New map
2025-12-13 00:11:33,115 - PaperAgentLogger - INFO - ################## PaperArchitecture_map20x20_rho1_10Agent/K3_HS0/1765556206 - End of loop ##################  
 ####### Case1135 	 Computation time:0.8963792324066162 	 Step30/58	- AllReachGoal-True

2025-12-13 00:11:33,116 - PaperAgentLogger - INFO - current rateReachGoal: 0
2025-12-13 00:11:33,135 - PaperAgentLogger - DEBUG - New map
2025-12-13 00:11:34,752 - PaperAgentLogger - INFO - ################## PaperArchitecture_map20x20_rho1_10Agent/K3_HS0/1765556206 - End of loop ##################  
 ####### Case1136 	 Computation time:1.6162984371185303 	 Step54/54	- AllReachGoal-False

2025-12-13 00:11:34,753 - PaperAgentLogger - INFO - current rateReachGoal: 0
2025-12-13 00:11:34,770 - PaperAgentLogger - DEBUG - New map
2025-12-13 00:11:36,293 - PaperAgentLogger - INFO - ################## PaperArchitecture_map20x20_rho1_10Agent/K3_HS0/1765556206 - End of loop ##################  
 ####### Case1137 	 Computation time:1.5222697257995605 	 Step50/50	- AllReachGoal-False

2025-12-13 00:11:36,293 - PaperAgentLogger - INFO - current rateReachGoal: 0
2025-12-13 00:11:36,316 - PaperAgentLogger - DEBUG - New map
2025-12-13 00:11:38,560 - PaperAgentLogger - INFO - ################## PaperArchitecture_map20x20_rho1_10Agent/K3_HS0/1765556206 - End of loop ##################  
 ####### Case1138 	 Computation time:2.243812322616577 	 Step72/72	- AllReachGoal-False

2025-12-13 00:11:38,561 - PaperAgentLogger - INFO - current rateReachGoal: 0
2025-12-13 00:11:38,579 - PaperAgentLogger - DEBUG - New map
2025-12-13 00:11:40,015 - PaperAgentLogger - INFO - ################## PaperArchitecture_map20x20_rho1_10Agent/K3_HS0/1765556206 - End of loop ##################  
 ####### Case1139 	 Computation time:1.435854196548462 	 Step48/48	- AllReachGoal-False

2025-12-13 00:11:40,016 - PaperAgentLogger - INFO - current rateReachGoal: 0
2025-12-13 00:11:40,035 - PaperAgentLogger - DEBUG - New map
2025-12-13 00:11:41,819 - PaperAgentLogger - INFO - ################## PaperArchitecture_map20x20_rho1_10Agent/K3_HS0/1765556206 - End of loop ##################  
 ####### Case1140 	 Computation time:1.7836272716522217 	 Step60/60	- AllReachGoal-False

2025-12-13 00:11:41,820 - PaperAgentLogger - INFO - current rateReachGoal: 0
2025-12-13 00:11:41,839 - PaperAgentLogger - DEBUG - New map
2025-12-13 00:11:43,696 - PaperAgentLogger - INFO - ################## PaperArchitecture_map20x20_rho1_10Agent/K3_HS0/1765556206 - End of loop ##################  
 ####### Case1141 	 Computation time:1.856184959411621 	 Step62/62	- AllReachGoal-False

2025-12-13 00:11:43,698 - PaperAgentLogger - INFO - current rateReachGoal: 0
2025-12-13 00:11:43,715 - PaperAgentLogger - DEBUG - New map
2025-12-13 00:11:44,404 - PaperAgentLogger - INFO - ################## PaperArchitecture_map20x20_rho1_10Agent/K3_HS0/1765556206 - End of loop ##################  
 ####### Case1142 	 Computation time:0.6891689300537109 	 Step23/46	- AllReachGoal-True

2025-12-13 00:11:44,405 - PaperAgentLogger - INFO - current rateReachGoal: 0
2025-12-13 00:11:44,425 - PaperAgentLogger - DEBUG - New map
2025-12-13 00:11:46,541 - PaperAgentLogger - INFO - ################## PaperArchitecture_map20x20_rho1_10Agent/K3_HS0/1765556206 - End of loop ##################  
 ####### Case1143 	 Computation time:2.1158666610717773 	 Step68/68	- AllReachGoal-False

2025-12-13 00:11:46,542 - PaperAgentLogger - INFO - current rateReachGoal: 0
2025-12-13 00:11:46,560 - PaperAgentLogger - DEBUG - New map
2025-12-13 00:11:47,341 - PaperAgentLogger - INFO - ################## PaperArchitecture_map20x20_rho1_10Agent/K3_HS0/1765556206 - End of loop ##################  
 ####### Case1144 	 Computation time:0.7810370922088623 	 Step26/52	- AllReachGoal-True

2025-12-13 00:11:47,342 - PaperAgentLogger - INFO - current rateReachGoal: 0
2025-12-13 00:11:47,359 - PaperAgentLogger - DEBUG - New map
2025-12-13 00:11:48,126 - PaperAgentLogger - INFO - ################## PaperArchitecture_map20x20_rho1_10Agent/K3_HS0/1765556206 - End of loop ##################  
 ####### Case1145 	 Computation time:0.7665615081787109 	 Step24/50	- AllReachGoal-True

2025-12-13 00:11:48,127 - PaperAgentLogger - INFO - current rateReachGoal: 0
2025-12-13 00:11:48,143 - PaperAgentLogger - DEBUG - New map
2025-12-13 00:11:49,355 - PaperAgentLogger - INFO - ################## PaperArchitecture_map20x20_rho1_10Agent/K3_HS0/1765556206 - End of loop ##################  
 ####### Case1146 	 Computation time:1.2109935283660889 	 Step39/46	- AllReachGoal-True

2025-12-13 00:11:49,357 - PaperAgentLogger - INFO - current rateReachGoal: 0
2025-12-13 00:11:49,374 - PaperAgentLogger - DEBUG - New map
2025-12-13 00:11:50,052 - PaperAgentLogger - INFO - ################## PaperArchitecture_map20x20_rho1_10Agent/K3_HS0/1765556206 - End of loop ##################  
 ####### Case1147 	 Computation time:0.6774799823760986 	 Step21/42	- AllReachGoal-True

2025-12-13 00:11:50,052 - PaperAgentLogger - INFO - current rateReachGoal: 0
2025-12-13 00:11:50,074 - PaperAgentLogger - DEBUG - New map
2025-12-13 00:11:52,270 - PaperAgentLogger - INFO - ################## PaperArchitecture_map20x20_rho1_10Agent/K3_HS0/1765556206 - End of loop ##################  
 ####### Case1148 	 Computation time:2.1953446865081787 	 Step70/70	- AllReachGoal-False

2025-12-13 00:11:52,271 - PaperAgentLogger - INFO - current rateReachGoal: 0
2025-12-13 00:11:52,290 - PaperAgentLogger - DEBUG - New map
2025-12-13 00:11:53,187 - PaperAgentLogger - INFO - ################## PaperArchitecture_map20x20_rho1_10Agent/K3_HS0/1765556206 - End of loop ##################  
 ####### Case1149 	 Computation time:0.8967151641845703 	 Step29/54	- AllReachGoal-True

2025-12-13 00:11:53,188 - PaperAgentLogger - INFO - current rateReachGoal: 0
2025-12-13 00:11:53,206 - PaperAgentLogger - DEBUG - New map
2025-12-13 00:11:54,855 - PaperAgentLogger - INFO - ################## PaperArchitecture_map20x20_rho1_10Agent/K3_HS0/1765556206 - End of loop ##################  
 ####### Case1150 	 Computation time:1.6488192081451416 	 Step52/52	- AllReachGoal-False

2025-12-13 00:11:54,857 - PaperAgentLogger - INFO - current rateReachGoal: 0
2025-12-13 00:11:54,880 - PaperAgentLogger - DEBUG - New map
2025-12-13 00:11:56,745 - PaperAgentLogger - INFO - ################## PaperArchitecture_map20x20_rho1_10Agent/K3_HS0/1765556206 - End of loop ##################  
 ####### Case1151 	 Computation time:1.8644680976867676 	 Step62/62	- AllReachGoal-False

2025-12-13 00:11:56,746 - PaperAgentLogger - INFO - current rateReachGoal: 0
2025-12-13 00:11:56,764 - PaperAgentLogger - DEBUG - New map
2025-12-13 00:11:58,537 - PaperAgentLogger - INFO - ################## PaperArchitecture_map20x20_rho1_10Agent/K3_HS0/1765556206 - End of loop ##################  
 ####### Case1152 	 Computation time:1.7725820541381836 	 Step58/58	- AllReachGoal-False

2025-12-13 00:11:58,538 - PaperAgentLogger - INFO - current rateReachGoal: 0
2025-12-13 00:11:58,555 - PaperAgentLogger - DEBUG - New map
2025-12-13 00:11:59,955 - PaperAgentLogger - INFO - ################## PaperArchitecture_map20x20_rho1_10Agent/K3_HS0/1765556206 - End of loop ##################  
 ####### Case1153 	 Computation time:1.3997485637664795 	 Step46/46	- AllReachGoal-False

2025-12-13 00:11:59,958 - PaperAgentLogger - INFO - current rateReachGoal: 0
2025-12-13 00:11:59,979 - PaperAgentLogger - DEBUG - New map
2025-12-13 00:12:01,719 - PaperAgentLogger - INFO - ################## PaperArchitecture_map20x20_rho1_10Agent/K3_HS0/1765556206 - End of loop ##################  
 ####### Case1154 	 Computation time:1.7395365238189697 	 Step56/56	- AllReachGoal-False

2025-12-13 00:12:01,720 - PaperAgentLogger - INFO - current rateReachGoal: 0
2025-12-13 00:12:01,738 - PaperAgentLogger - DEBUG - New map
2025-12-13 00:12:02,632 - PaperAgentLogger - INFO - ################## PaperArchitecture_map20x20_rho1_10Agent/K3_HS0/1765556206 - End of loop ##################  
 ####### Case1155 	 Computation time:0.8936517238616943 	 Step29/54	- AllReachGoal-True

2025-12-13 00:12:02,633 - PaperAgentLogger - INFO - current rateReachGoal: 0
2025-12-13 00:12:02,649 - PaperAgentLogger - DEBUG - New map
2025-12-13 00:12:03,528 - PaperAgentLogger - INFO - ################## PaperArchitecture_map20x20_rho1_10Agent/K3_HS0/1765556206 - End of loop ##################  
 ####### Case1156 	 Computation time:0.8784427642822266 	 Step27/52	- AllReachGoal-True

2025-12-13 00:12:03,529 - PaperAgentLogger - INFO - current rateReachGoal: 0
2025-12-13 00:12:03,549 - PaperAgentLogger - DEBUG - New map
2025-12-13 00:12:04,417 - PaperAgentLogger - INFO - ################## PaperArchitecture_map20x20_rho1_10Agent/K3_HS0/1765556206 - End of loop ##################  
 ####### Case1157 	 Computation time:0.8669874668121338 	 Step28/56	- AllReachGoal-True

2025-12-13 00:12:04,417 - PaperAgentLogger - INFO - current rateReachGoal: 0
2025-12-13 00:12:04,435 - PaperAgentLogger - DEBUG - New map
2025-12-13 00:12:06,045 - PaperAgentLogger - INFO - ################## PaperArchitecture_map20x20_rho1_10Agent/K3_HS0/1765556206 - End of loop ##################  
 ####### Case1158 	 Computation time:1.6093897819519043 	 Step54/54	- AllReachGoal-False

2025-12-13 00:12:06,046 - PaperAgentLogger - INFO - current rateReachGoal: 0
2025-12-13 00:12:06,064 - PaperAgentLogger - DEBUG - New map
2025-12-13 00:12:07,769 - PaperAgentLogger - INFO - ################## PaperArchitecture_map20x20_rho1_10Agent/K3_HS0/1765556206 - End of loop ##################  
 ####### Case1159 	 Computation time:1.7042791843414307 	 Step56/56	- AllReachGoal-False

2025-12-13 00:12:07,770 - PaperAgentLogger - INFO - current rateReachGoal: 0
2025-12-13 00:12:07,788 - PaperAgentLogger - DEBUG - New map
2025-12-13 00:12:08,659 - PaperAgentLogger - INFO - ################## PaperArchitecture_map20x20_rho1_10Agent/K3_HS0/1765556206 - End of loop ##################  
 ####### Case1160 	 Computation time:0.8706028461456299 	 Step29/54	- AllReachGoal-True

2025-12-13 00:12:08,659 - PaperAgentLogger - INFO - current rateReachGoal: 0
2025-12-13 00:12:08,677 - PaperAgentLogger - DEBUG - New map
2025-12-13 00:12:10,052 - PaperAgentLogger - INFO - ################## PaperArchitecture_map20x20_rho1_10Agent/K3_HS0/1765556206 - End of loop ##################  
 ####### Case1161 	 Computation time:1.3742399215698242 	 Step46/46	- AllReachGoal-False

2025-12-13 00:12:10,053 - PaperAgentLogger - INFO - current rateReachGoal: 0
2025-12-13 00:12:10,068 - PaperAgentLogger - DEBUG - New map
2025-12-13 00:12:10,707 - PaperAgentLogger - INFO - ################## PaperArchitecture_map20x20_rho1_10Agent/K3_HS0/1765556206 - End of loop ##################  
 ####### Case1162 	 Computation time:0.6384413242340088 	 Step21/40	- AllReachGoal-True

2025-12-13 00:12:10,708 - PaperAgentLogger - INFO - current rateReachGoal: 0
2025-12-13 00:12:10,727 - PaperAgentLogger - DEBUG - New map
2025-12-13 00:12:11,723 - PaperAgentLogger - INFO - ################## PaperArchitecture_map20x20_rho1_10Agent/K3_HS0/1765556206 - End of loop ##################  
 ####### Case1163 	 Computation time:0.995110034942627 	 Step33/66	- AllReachGoal-True

2025-12-13 00:12:11,724 - PaperAgentLogger - INFO - current rateReachGoal: 0
2025-12-13 00:12:11,741 - PaperAgentLogger - DEBUG - New map
2025-12-13 00:12:13,240 - PaperAgentLogger - INFO - ################## PaperArchitecture_map20x20_rho1_10Agent/K3_HS0/1765556206 - End of loop ##################  
 ####### Case1164 	 Computation time:1.4986674785614014 	 Step50/50	- AllReachGoal-False

2025-12-13 00:12:13,241 - PaperAgentLogger - INFO - current rateReachGoal: 0
2025-12-13 00:12:13,259 - PaperAgentLogger - DEBUG - New map
2025-12-13 00:12:14,071 - PaperAgentLogger - INFO - ################## PaperArchitecture_map20x20_rho1_10Agent/K3_HS0/1765556206 - End of loop ##################  
 ####### Case1165 	 Computation time:0.8114206790924072 	 Step27/54	- AllReachGoal-True

2025-12-13 00:12:14,072 - PaperAgentLogger - INFO - current rateReachGoal: 0
2025-12-13 00:12:14,093 - PaperAgentLogger - DEBUG - New map
2025-12-13 00:12:15,144 - PaperAgentLogger - INFO - ################## PaperArchitecture_map20x20_rho1_10Agent/K3_HS0/1765556206 - End of loop ##################  
 ####### Case1166 	 Computation time:1.0506443977355957 	 Step35/70	- AllReachGoal-True

2025-12-13 00:12:15,145 - PaperAgentLogger - INFO - current rateReachGoal: 0
2025-12-13 00:12:15,163 - PaperAgentLogger - DEBUG - New map
2025-12-13 00:12:16,230 - PaperAgentLogger - INFO - ################## PaperArchitecture_map20x20_rho1_10Agent/K3_HS0/1765556206 - End of loop ##################  
 ####### Case1167 	 Computation time:1.065427541732788 	 Step34/56	- AllReachGoal-True

2025-12-13 00:12:16,230 - PaperAgentLogger - INFO - current rateReachGoal: 0
2025-12-13 00:12:16,248 - PaperAgentLogger - DEBUG - New map
2025-12-13 00:12:17,212 - PaperAgentLogger - INFO - ################## PaperArchitecture_map20x20_rho1_10Agent/K3_HS0/1765556206 - End of loop ##################  
 ####### Case1168 	 Computation time:0.9629042148590088 	 Step32/56	- AllReachGoal-True

2025-12-13 00:12:17,214 - PaperAgentLogger - INFO - current rateReachGoal: 0
2025-12-13 00:12:17,235 - PaperAgentLogger - DEBUG - New map
2025-12-13 00:12:19,304 - PaperAgentLogger - INFO - ################## PaperArchitecture_map20x20_rho1_10Agent/K3_HS0/1765556206 - End of loop ##################  
 ####### Case1169 	 Computation time:2.068721055984497 	 Step68/68	- AllReachGoal-False

2025-12-13 00:12:19,305 - PaperAgentLogger - INFO - current rateReachGoal: 0
2025-12-13 00:12:19,322 - PaperAgentLogger - DEBUG - New map
2025-12-13 00:12:20,756 - PaperAgentLogger - INFO - ################## PaperArchitecture_map20x20_rho1_10Agent/K3_HS0/1765556206 - End of loop ##################  
 ####### Case1170 	 Computation time:1.4336178302764893 	 Step46/46	- AllReachGoal-False

2025-12-13 00:12:20,757 - PaperAgentLogger - INFO - current rateReachGoal: 0
2025-12-13 00:12:20,774 - PaperAgentLogger - DEBUG - New map
2025-12-13 00:12:22,268 - PaperAgentLogger - INFO - ################## PaperArchitecture_map20x20_rho1_10Agent/K3_HS0/1765556206 - End of loop ##################  
 ####### Case1171 	 Computation time:1.493229627609253 	 Step48/48	- AllReachGoal-False

2025-12-13 00:12:22,270 - PaperAgentLogger - INFO - current rateReachGoal: 0
2025-12-13 00:12:22,288 - PaperAgentLogger - DEBUG - New map
2025-12-13 00:12:23,878 - PaperAgentLogger - INFO - ################## PaperArchitecture_map20x20_rho1_10Agent/K3_HS0/1765556206 - End of loop ##################  
 ####### Case1172 	 Computation time:1.5897786617279053 	 Step52/52	- AllReachGoal-False

2025-12-13 00:12:23,879 - PaperAgentLogger - INFO - current rateReachGoal: 0
2025-12-13 00:12:23,896 - PaperAgentLogger - DEBUG - New map
2025-12-13 00:12:24,859 - PaperAgentLogger - INFO - ################## PaperArchitecture_map20x20_rho1_10Agent/K3_HS0/1765556206 - End of loop ##################  
 ####### Case1173 	 Computation time:0.9621903896331787 	 Step32/50	- AllReachGoal-True

2025-12-13 00:12:24,860 - PaperAgentLogger - INFO - current rateReachGoal: 0
2025-12-13 00:12:24,877 - PaperAgentLogger - DEBUG - New map
2025-12-13 00:12:25,629 - PaperAgentLogger - INFO - ################## PaperArchitecture_map20x20_rho1_10Agent/K3_HS0/1765556206 - End of loop ##################  
 ####### Case1174 	 Computation time:0.750607967376709 	 Step25/46	- AllReachGoal-True

2025-12-13 00:12:25,629 - PaperAgentLogger - INFO - current rateReachGoal: 0
2025-12-13 00:12:25,649 - PaperAgentLogger - DEBUG - New map
2025-12-13 00:12:26,553 - PaperAgentLogger - INFO - ################## PaperArchitecture_map20x20_rho1_10Agent/K3_HS0/1765556206 - End of loop ##################  
 ####### Case1175 	 Computation time:0.9032754898071289 	 Step30/56	- AllReachGoal-True

2025-12-13 00:12:26,553 - PaperAgentLogger - INFO - current rateReachGoal: 0
2025-12-13 00:12:26,570 - PaperAgentLogger - DEBUG - New map
2025-12-13 00:12:27,499 - PaperAgentLogger - INFO - ################## PaperArchitecture_map20x20_rho1_10Agent/K3_HS0/1765556206 - End of loop ##################  
 ####### Case1176 	 Computation time:0.9285891056060791 	 Step31/52	- AllReachGoal-True

2025-12-13 00:12:27,500 - PaperAgentLogger - INFO - current rateReachGoal: 0
2025-12-13 00:12:27,518 - PaperAgentLogger - DEBUG - New map
2025-12-13 00:12:28,561 - PaperAgentLogger - INFO - ################## PaperArchitecture_map20x20_rho1_10Agent/K3_HS0/1765556206 - End of loop ##################  
 ####### Case1177 	 Computation time:1.0420246124267578 	 Step35/52	- AllReachGoal-True

2025-12-13 00:12:28,562 - PaperAgentLogger - INFO - current rateReachGoal: 0
2025-12-13 00:12:28,580 - PaperAgentLogger - DEBUG - New map
2025-12-13 00:12:30,130 - PaperAgentLogger - INFO - ################## PaperArchitecture_map20x20_rho1_10Agent/K3_HS0/1765556206 - End of loop ##################  
 ####### Case1178 	 Computation time:1.5490000247955322 	 Step52/52	- AllReachGoal-False

2025-12-13 00:12:30,130 - PaperAgentLogger - INFO - current rateReachGoal: 0
2025-12-13 00:12:30,150 - PaperAgentLogger - DEBUG - New map
2025-12-13 00:12:31,947 - PaperAgentLogger - INFO - ################## PaperArchitecture_map20x20_rho1_10Agent/K3_HS0/1765556206 - End of loop ##################  
 ####### Case1179 	 Computation time:1.7963371276855469 	 Step60/60	- AllReachGoal-False

2025-12-13 00:12:31,948 - PaperAgentLogger - INFO - current rateReachGoal: 0
2025-12-13 00:12:31,965 - PaperAgentLogger - DEBUG - New map
2025-12-13 00:12:33,739 - PaperAgentLogger - INFO - ################## PaperArchitecture_map20x20_rho1_10Agent/K3_HS0/1765556206 - End of loop ##################  
 ####### Case1180 	 Computation time:1.7728402614593506 	 Step56/56	- AllReachGoal-False

2025-12-13 00:12:33,740 - PaperAgentLogger - INFO - current rateReachGoal: 0
2025-12-13 00:12:33,758 - PaperAgentLogger - DEBUG - New map
2025-12-13 00:12:34,785 - PaperAgentLogger - INFO - ################## PaperArchitecture_map20x20_rho1_10Agent/K3_HS0/1765556206 - End of loop ##################  
 ####### Case1181 	 Computation time:1.0263922214508057 	 Step32/58	- AllReachGoal-True

2025-12-13 00:12:34,786 - PaperAgentLogger - INFO - current rateReachGoal: 0
2025-12-13 00:12:34,803 - PaperAgentLogger - DEBUG - New map
2025-12-13 00:12:35,551 - PaperAgentLogger - INFO - ################## PaperArchitecture_map20x20_rho1_10Agent/K3_HS0/1765556206 - End of loop ##################  
 ####### Case1182 	 Computation time:0.7473113536834717 	 Step23/46	- AllReachGoal-True

2025-12-13 00:12:35,551 - PaperAgentLogger - INFO - current rateReachGoal: 0
2025-12-13 00:12:35,569 - PaperAgentLogger - DEBUG - New map
2025-12-13 00:12:36,411 - PaperAgentLogger - INFO - ################## PaperArchitecture_map20x20_rho1_10Agent/K3_HS0/1765556206 - End of loop ##################  
 ####### Case1183 	 Computation time:0.8411455154418945 	 Step25/50	- AllReachGoal-True

2025-12-13 00:12:36,412 - PaperAgentLogger - INFO - current rateReachGoal: 0
2025-12-13 00:12:36,432 - PaperAgentLogger - DEBUG - New map
2025-12-13 00:12:37,519 - PaperAgentLogger - INFO - ################## PaperArchitecture_map20x20_rho1_10Agent/K3_HS0/1765556206 - End of loop ##################  
 ####### Case1184 	 Computation time:1.0874345302581787 	 Step34/64	- AllReachGoal-True

2025-12-13 00:12:37,520 - PaperAgentLogger - INFO - current rateReachGoal: 0
2025-12-13 00:12:37,537 - PaperAgentLogger - DEBUG - New map
2025-12-13 00:12:39,252 - PaperAgentLogger - INFO - ################## PaperArchitecture_map20x20_rho1_10Agent/K3_HS0/1765556206 - End of loop ##################  
 ####### Case1185 	 Computation time:1.714524507522583 	 Step54/54	- AllReachGoal-False

2025-12-13 00:12:39,255 - PaperAgentLogger - INFO - current rateReachGoal: 0
2025-12-13 00:12:39,272 - PaperAgentLogger - DEBUG - New map
2025-12-13 00:12:40,770 - PaperAgentLogger - INFO - ################## PaperArchitecture_map20x20_rho1_10Agent/K3_HS0/1765556206 - End of loop ##################  
 ####### Case1186 	 Computation time:1.497746467590332 	 Step50/50	- AllReachGoal-False

2025-12-13 00:12:40,771 - PaperAgentLogger - INFO - current rateReachGoal: 0
2025-12-13 00:12:40,788 - PaperAgentLogger - DEBUG - New map
2025-12-13 00:12:41,662 - PaperAgentLogger - INFO - ################## PaperArchitecture_map20x20_rho1_10Agent/K3_HS0/1765556206 - End of loop ##################  
 ####### Case1187 	 Computation time:0.873396635055542 	 Step29/48	- AllReachGoal-True

2025-12-13 00:12:41,663 - PaperAgentLogger - INFO - current rateReachGoal: 0
2025-12-13 00:12:41,681 - PaperAgentLogger - DEBUG - New map
2025-12-13 00:12:43,366 - PaperAgentLogger - INFO - ################## PaperArchitecture_map20x20_rho1_10Agent/K3_HS0/1765556206 - End of loop ##################  
 ####### Case1188 	 Computation time:1.685133934020996 	 Step52/52	- AllReachGoal-False

2025-12-13 00:12:43,367 - PaperAgentLogger - INFO - current rateReachGoal: 0
2025-12-13 00:12:43,383 - PaperAgentLogger - DEBUG - New map
2025-12-13 00:12:44,696 - PaperAgentLogger - INFO - ################## PaperArchitecture_map20x20_rho1_10Agent/K3_HS0/1765556206 - End of loop ##################  
 ####### Case1189 	 Computation time:1.3119516372680664 	 Step44/44	- AllReachGoal-False

2025-12-13 00:12:44,697 - PaperAgentLogger - INFO - current rateReachGoal: 0
2025-12-13 00:12:44,717 - PaperAgentLogger - DEBUG - New map
2025-12-13 00:12:45,681 - PaperAgentLogger - INFO - ################## PaperArchitecture_map20x20_rho1_10Agent/K3_HS0/1765556206 - End of loop ##################  
 ####### Case1190 	 Computation time:0.9636268615722656 	 Step32/64	- AllReachGoal-True

2025-12-13 00:12:45,681 - PaperAgentLogger - INFO - current rateReachGoal: 0
2025-12-13 00:12:45,699 - PaperAgentLogger - DEBUG - New map
2025-12-13 00:12:46,392 - PaperAgentLogger - INFO - ################## PaperArchitecture_map20x20_rho1_10Agent/K3_HS0/1765556206 - End of loop ##################  
 ####### Case1191 	 Computation time:0.6924560070037842 	 Step23/46	- AllReachGoal-True

2025-12-13 00:12:46,392 - PaperAgentLogger - INFO - current rateReachGoal: 0
2025-12-13 00:12:46,410 - PaperAgentLogger - DEBUG - New map
2025-12-13 00:12:47,666 - PaperAgentLogger - INFO - ################## PaperArchitecture_map20x20_rho1_10Agent/K3_HS0/1765556206 - End of loop ##################  
 ####### Case1192 	 Computation time:1.2558848857879639 	 Step42/52	- AllReachGoal-True

2025-12-13 00:12:47,667 - PaperAgentLogger - INFO - current rateReachGoal: 0
2025-12-13 00:12:47,687 - PaperAgentLogger - DEBUG - New map
2025-12-13 00:12:48,821 - PaperAgentLogger - INFO - ################## PaperArchitecture_map20x20_rho1_10Agent/K3_HS0/1765556206 - End of loop ##################  
 ####### Case1193 	 Computation time:1.13350248336792 	 Step36/62	- AllReachGoal-True

2025-12-13 00:12:48,822 - PaperAgentLogger - INFO - current rateReachGoal: 0
2025-12-13 00:12:48,840 - PaperAgentLogger - DEBUG - New map
2025-12-13 00:12:49,856 - PaperAgentLogger - INFO - ################## PaperArchitecture_map20x20_rho1_10Agent/K3_HS0/1765556206 - End of loop ##################  
 ####### Case1194 	 Computation time:1.0150470733642578 	 Step34/56	- AllReachGoal-True

2025-12-13 00:12:49,858 - PaperAgentLogger - INFO - current rateReachGoal: 0
2025-12-13 00:12:49,878 - PaperAgentLogger - DEBUG - New map
2025-12-13 00:12:50,807 - PaperAgentLogger - INFO - ################## PaperArchitecture_map20x20_rho1_10Agent/K3_HS0/1765556206 - End of loop ##################  
 ####### Case1195 	 Computation time:0.9289412498474121 	 Step31/62	- AllReachGoal-True

2025-12-13 00:12:50,808 - PaperAgentLogger - INFO - current rateReachGoal: 0
2025-12-13 00:12:50,830 - PaperAgentLogger - DEBUG - New map
2025-12-13 00:12:51,825 - PaperAgentLogger - INFO - ################## PaperArchitecture_map20x20_rho1_10Agent/K3_HS0/1765556206 - End of loop ##################  
 ####### Case1196 	 Computation time:0.994098424911499 	 Step33/62	- AllReachGoal-True

2025-12-13 00:12:51,826 - PaperAgentLogger - INFO - current rateReachGoal: 0
2025-12-13 00:12:51,844 - PaperAgentLogger - DEBUG - New map
2025-12-13 00:12:52,662 - PaperAgentLogger - INFO - ################## PaperArchitecture_map20x20_rho1_10Agent/K3_HS0/1765556206 - End of loop ##################  
 ####### Case1197 	 Computation time:0.818152904510498 	 Step27/52	- AllReachGoal-True

2025-12-13 00:12:52,663 - PaperAgentLogger - INFO - current rateReachGoal: 0
2025-12-13 00:12:52,681 - PaperAgentLogger - DEBUG - New map
2025-12-13 00:12:53,517 - PaperAgentLogger - INFO - ################## PaperArchitecture_map20x20_rho1_10Agent/K3_HS0/1765556206 - End of loop ##################  
 ####### Case1198 	 Computation time:0.8351433277130127 	 Step26/52	- AllReachGoal-True

2025-12-13 00:12:53,518 - PaperAgentLogger - INFO - current rateReachGoal: 0
2025-12-13 00:12:53,536 - PaperAgentLogger - DEBUG - New map
2025-12-13 00:12:54,884 - PaperAgentLogger - INFO - ################## PaperArchitecture_map20x20_rho1_10Agent/K3_HS0/1765556206 - End of loop ##################  
 ####### Case1199 	 Computation time:1.346745491027832 	 Step45/56	- AllReachGoal-True

2025-12-13 00:12:54,886 - PaperAgentLogger - INFO - current rateReachGoal: 0
2025-12-13 00:12:54,903 - PaperAgentLogger - DEBUG - New map
2025-12-13 00:12:55,562 - PaperAgentLogger - INFO - ################## PaperArchitecture_map20x20_rho1_10Agent/K3_HS0/1765556206 - End of loop ##################  
 ####### Case1200 	 Computation time:0.6581583023071289 	 Step22/44	- AllReachGoal-True

2025-12-13 00:12:55,562 - PaperAgentLogger - INFO - current rateReachGoal: 0
2025-12-13 00:12:55,581 - PaperAgentLogger - DEBUG - New map
2025-12-13 00:12:56,518 - PaperAgentLogger - INFO - ################## PaperArchitecture_map20x20_rho1_10Agent/K3_HS0/1765556206 - End of loop ##################  
 ####### Case1201 	 Computation time:0.9366605281829834 	 Step31/58	- AllReachGoal-True

2025-12-13 00:12:56,519 - PaperAgentLogger - INFO - current rateReachGoal: 0
2025-12-13 00:12:56,537 - PaperAgentLogger - DEBUG - New map
2025-12-13 00:12:57,544 - PaperAgentLogger - INFO - ################## PaperArchitecture_map20x20_rho1_10Agent/K3_HS0/1765556206 - End of loop ##################  
 ####### Case1202 	 Computation time:1.0068027973175049 	 Step34/52	- AllReachGoal-True

2025-12-13 00:12:57,545 - PaperAgentLogger - INFO - current rateReachGoal: 0
2025-12-13 00:12:57,565 - PaperAgentLogger - DEBUG - New map
2025-12-13 00:12:59,523 - PaperAgentLogger - INFO - ################## PaperArchitecture_map20x20_rho1_10Agent/K3_HS0/1765556206 - End of loop ##################  
 ####### Case1203 	 Computation time:1.9577255249023438 	 Step66/66	- AllReachGoal-False

2025-12-13 00:12:59,524 - PaperAgentLogger - INFO - current rateReachGoal: 0
2025-12-13 00:12:59,541 - PaperAgentLogger - DEBUG - New map
2025-12-13 00:13:01,148 - PaperAgentLogger - INFO - ################## PaperArchitecture_map20x20_rho1_10Agent/K3_HS0/1765556206 - End of loop ##################  
 ####### Case1204 	 Computation time:1.6067674160003662 	 Step54/54	- AllReachGoal-False

2025-12-13 00:13:01,149 - PaperAgentLogger - INFO - current rateReachGoal: 0
2025-12-13 00:13:01,166 - PaperAgentLogger - DEBUG - New map
2025-12-13 00:13:01,935 - PaperAgentLogger - INFO - ################## PaperArchitecture_map20x20_rho1_10Agent/K3_HS0/1765556206 - End of loop ##################  
 ####### Case1205 	 Computation time:0.768284797668457 	 Step24/48	- AllReachGoal-True

2025-12-13 00:13:01,936 - PaperAgentLogger - INFO - current rateReachGoal: 0
2025-12-13 00:13:01,953 - PaperAgentLogger - DEBUG - New map
2025-12-13 00:13:02,641 - PaperAgentLogger - INFO - ################## PaperArchitecture_map20x20_rho1_10Agent/K3_HS0/1765556206 - End of loop ##################  
 ####### Case1206 	 Computation time:0.6870012283325195 	 Step23/46	- AllReachGoal-True

2025-12-13 00:13:02,641 - PaperAgentLogger - INFO - current rateReachGoal: 0
2025-12-13 00:13:02,659 - PaperAgentLogger - DEBUG - New map
2025-12-13 00:13:03,491 - PaperAgentLogger - INFO - ################## PaperArchitecture_map20x20_rho1_10Agent/K3_HS0/1765556206 - End of loop ##################  
 ####### Case1207 	 Computation time:0.8308961391448975 	 Step28/54	- AllReachGoal-True

2025-12-13 00:13:03,491 - PaperAgentLogger - INFO - current rateReachGoal: 0
2025-12-13 00:13:03,508 - PaperAgentLogger - DEBUG - New map
2025-12-13 00:13:04,399 - PaperAgentLogger - INFO - ################## PaperArchitecture_map20x20_rho1_10Agent/K3_HS0/1765556206 - End of loop ##################  
 ####### Case1208 	 Computation time:0.8895845413208008 	 Step30/60	- AllReachGoal-True

2025-12-13 00:13:04,399 - PaperAgentLogger - INFO - current rateReachGoal: 0
2025-12-13 00:13:04,419 - PaperAgentLogger - DEBUG - New map
2025-12-13 00:13:06,186 - PaperAgentLogger - INFO - ################## PaperArchitecture_map20x20_rho1_10Agent/K3_HS0/1765556206 - End of loop ##################  
 ####### Case1209 	 Computation time:1.7670934200286865 	 Step60/60	- AllReachGoal-False

2025-12-13 00:13:06,189 - PaperAgentLogger - INFO - current rateReachGoal: 0
2025-12-13 00:13:06,207 - PaperAgentLogger - DEBUG - New map
2025-12-13 00:13:08,040 - PaperAgentLogger - INFO - ################## PaperArchitecture_map20x20_rho1_10Agent/K3_HS0/1765556206 - End of loop ##################  
 ####### Case1210 	 Computation time:1.832120418548584 	 Step62/62	- AllReachGoal-False

2025-12-13 00:13:08,040 - PaperAgentLogger - INFO - current rateReachGoal: 0
2025-12-13 00:13:08,058 - PaperAgentLogger - DEBUG - New map
2025-12-13 00:13:08,799 - PaperAgentLogger - INFO - ################## PaperArchitecture_map20x20_rho1_10Agent/K3_HS0/1765556206 - End of loop ##################  
 ####### Case1211 	 Computation time:0.7409865856170654 	 Step25/44	- AllReachGoal-True

2025-12-13 00:13:08,800 - PaperAgentLogger - INFO - current rateReachGoal: 0
2025-12-13 00:13:08,817 - PaperAgentLogger - DEBUG - New map
2025-12-13 00:13:09,622 - PaperAgentLogger - INFO - ################## PaperArchitecture_map20x20_rho1_10Agent/K3_HS0/1765556206 - End of loop ##################  
 ####### Case1212 	 Computation time:0.8046524524688721 	 Step27/48	- AllReachGoal-True

2025-12-13 00:13:09,623 - PaperAgentLogger - INFO - current rateReachGoal: 0
2025-12-13 00:13:09,642 - PaperAgentLogger - DEBUG - New map
2025-12-13 00:13:11,483 - PaperAgentLogger - INFO - ################## PaperArchitecture_map20x20_rho1_10Agent/K3_HS0/1765556206 - End of loop ##################  
 ####### Case1213 	 Computation time:1.8405542373657227 	 Step62/62	- AllReachGoal-False

2025-12-13 00:13:11,484 - PaperAgentLogger - INFO - current rateReachGoal: 0
2025-12-13 00:13:11,504 - PaperAgentLogger - DEBUG - New map
2025-12-13 00:13:13,213 - PaperAgentLogger - INFO - ################## PaperArchitecture_map20x20_rho1_10Agent/K3_HS0/1765556206 - End of loop ##################  
 ####### Case1214 	 Computation time:1.7082486152648926 	 Step58/58	- AllReachGoal-False

2025-12-13 00:13:13,213 - PaperAgentLogger - INFO - current rateReachGoal: 0
2025-12-13 00:13:13,233 - PaperAgentLogger - DEBUG - New map
2025-12-13 00:13:14,223 - PaperAgentLogger - INFO - ################## PaperArchitecture_map20x20_rho1_10Agent/K3_HS0/1765556206 - End of loop ##################  
 ####### Case1215 	 Computation time:0.9900429248809814 	 Step31/52	- AllReachGoal-True

2025-12-13 00:13:14,224 - PaperAgentLogger - INFO - current rateReachGoal: 0
2025-12-13 00:13:14,242 - PaperAgentLogger - DEBUG - New map
2025-12-13 00:13:15,167 - PaperAgentLogger - INFO - ################## PaperArchitecture_map20x20_rho1_10Agent/K3_HS0/1765556206 - End of loop ##################  
 ####### Case1216 	 Computation time:0.9243423938751221 	 Step31/56	- AllReachGoal-True

2025-12-13 00:13:15,168 - PaperAgentLogger - INFO - current rateReachGoal: 0
2025-12-13 00:13:15,185 - PaperAgentLogger - DEBUG - New map
2025-12-13 00:13:16,555 - PaperAgentLogger - INFO - ################## PaperArchitecture_map20x20_rho1_10Agent/K3_HS0/1765556206 - End of loop ##################  
 ####### Case1217 	 Computation time:1.3693933486938477 	 Step46/46	- AllReachGoal-False

2025-12-13 00:13:16,557 - PaperAgentLogger - INFO - current rateReachGoal: 0
2025-12-13 00:13:16,575 - PaperAgentLogger - DEBUG - New map
2025-12-13 00:13:17,971 - PaperAgentLogger - INFO - ################## PaperArchitecture_map20x20_rho1_10Agent/K3_HS0/1765556206 - End of loop ##################  
 ####### Case1218 	 Computation time:1.3948333263397217 	 Step47/52	- AllReachGoal-True

2025-12-13 00:13:17,971 - PaperAgentLogger - INFO - current rateReachGoal: 0
2025-12-13 00:13:17,989 - PaperAgentLogger - DEBUG - New map
2025-12-13 00:13:19,545 - PaperAgentLogger - INFO - ################## PaperArchitecture_map20x20_rho1_10Agent/K3_HS0/1765556206 - End of loop ##################  
 ####### Case1219 	 Computation time:1.556145429611206 	 Step52/52	- AllReachGoal-False

2025-12-13 00:13:19,546 - PaperAgentLogger - INFO - current rateReachGoal: 0
2025-12-13 00:13:19,567 - PaperAgentLogger - DEBUG - New map
2025-12-13 00:13:21,418 - PaperAgentLogger - INFO - ################## PaperArchitecture_map20x20_rho1_10Agent/K3_HS0/1765556206 - End of loop ##################  
 ####### Case1220 	 Computation time:1.8498530387878418 	 Step62/62	- AllReachGoal-False

2025-12-13 00:13:21,418 - PaperAgentLogger - INFO - current rateReachGoal: 0
2025-12-13 00:13:21,437 - PaperAgentLogger - DEBUG - New map
2025-12-13 00:13:22,805 - PaperAgentLogger - INFO - ################## PaperArchitecture_map20x20_rho1_10Agent/K3_HS0/1765556206 - End of loop ##################  
 ####### Case1221 	 Computation time:1.367983102798462 	 Step46/46	- AllReachGoal-False

2025-12-13 00:13:22,806 - PaperAgentLogger - INFO - current rateReachGoal: 0
2025-12-13 00:13:22,824 - PaperAgentLogger - DEBUG - New map
2025-12-13 00:13:23,708 - PaperAgentLogger - INFO - ################## PaperArchitecture_map20x20_rho1_10Agent/K3_HS0/1765556206 - End of loop ##################  
 ####### Case1222 	 Computation time:0.883631706237793 	 Step29/50	- AllReachGoal-True

2025-12-13 00:13:23,709 - PaperAgentLogger - INFO - current rateReachGoal: 0
2025-12-13 00:13:23,725 - PaperAgentLogger - DEBUG - New map
2025-12-13 00:13:24,358 - PaperAgentLogger - INFO - ################## PaperArchitecture_map20x20_rho1_10Agent/K3_HS0/1765556206 - End of loop ##################  
 ####### Case1223 	 Computation time:0.6327493190765381 	 Step21/42	- AllReachGoal-True

2025-12-13 00:13:24,359 - PaperAgentLogger - INFO - current rateReachGoal: 0
2025-12-13 00:13:24,376 - PaperAgentLogger - DEBUG - New map
2025-12-13 00:13:25,157 - PaperAgentLogger - INFO - ################## PaperArchitecture_map20x20_rho1_10Agent/K3_HS0/1765556206 - End of loop ##################  
 ####### Case1224 	 Computation time:0.7805743217468262 	 Step26/52	- AllReachGoal-True

2025-12-13 00:13:25,158 - PaperAgentLogger - INFO - current rateReachGoal: 0
2025-12-13 00:13:25,177 - PaperAgentLogger - DEBUG - New map
2025-12-13 00:13:25,980 - PaperAgentLogger - INFO - ################## PaperArchitecture_map20x20_rho1_10Agent/K3_HS0/1765556206 - End of loop ##################  
 ####### Case1225 	 Computation time:0.8034238815307617 	 Step27/54	- AllReachGoal-True

2025-12-13 00:13:25,981 - PaperAgentLogger - INFO - current rateReachGoal: 0
2025-12-13 00:13:25,999 - PaperAgentLogger - DEBUG - New map
2025-12-13 00:13:26,806 - PaperAgentLogger - INFO - ################## PaperArchitecture_map20x20_rho1_10Agent/K3_HS0/1765556206 - End of loop ##################  
 ####### Case1226 	 Computation time:0.8063437938690186 	 Step27/50	- AllReachGoal-True

2025-12-13 00:13:26,807 - PaperAgentLogger - INFO - current rateReachGoal: 0
2025-12-13 00:13:26,825 - PaperAgentLogger - DEBUG - New map
2025-12-13 00:13:27,598 - PaperAgentLogger - INFO - ################## PaperArchitecture_map20x20_rho1_10Agent/K3_HS0/1765556206 - End of loop ##################  
 ####### Case1227 	 Computation time:0.7726600170135498 	 Step25/50	- AllReachGoal-True

2025-12-13 00:13:27,599 - PaperAgentLogger - INFO - current rateReachGoal: 0
2025-12-13 00:13:27,617 - PaperAgentLogger - DEBUG - New map
2025-12-13 00:13:28,813 - PaperAgentLogger - INFO - ################## PaperArchitecture_map20x20_rho1_10Agent/K3_HS0/1765556206 - End of loop ##################  
 ####### Case1228 	 Computation time:1.195124864578247 	 Step39/56	- AllReachGoal-True

2025-12-13 00:13:28,814 - PaperAgentLogger - INFO - current rateReachGoal: 0
2025-12-13 00:13:28,832 - PaperAgentLogger - DEBUG - New map
2025-12-13 00:13:29,695 - PaperAgentLogger - INFO - ################## PaperArchitecture_map20x20_rho1_10Agent/K3_HS0/1765556206 - End of loop ##################  
 ####### Case1229 	 Computation time:0.8626301288604736 	 Step28/52	- AllReachGoal-True

2025-12-13 00:13:29,696 - PaperAgentLogger - INFO - current rateReachGoal: 0
2025-12-13 00:13:29,712 - PaperAgentLogger - DEBUG - New map
2025-12-13 00:13:30,426 - PaperAgentLogger - INFO - ################## PaperArchitecture_map20x20_rho1_10Agent/K3_HS0/1765556206 - End of loop ##################  
 ####### Case1230 	 Computation time:0.7132241725921631 	 Step24/46	- AllReachGoal-True

2025-12-13 00:13:30,427 - PaperAgentLogger - INFO - current rateReachGoal: 0
2025-12-13 00:13:30,447 - PaperAgentLogger - DEBUG - New map
2025-12-13 00:13:32,362 - PaperAgentLogger - INFO - ################## PaperArchitecture_map20x20_rho1_10Agent/K3_HS0/1765556206 - End of loop ##################  
 ####### Case1231 	 Computation time:1.9141089916229248 	 Step64/64	- AllReachGoal-False

2025-12-13 00:13:32,362 - PaperAgentLogger - INFO - current rateReachGoal: 0
2025-12-13 00:13:32,382 - PaperAgentLogger - DEBUG - New map
2025-12-13 00:13:33,283 - PaperAgentLogger - INFO - ################## PaperArchitecture_map20x20_rho1_10Agent/K3_HS0/1765556206 - End of loop ##################  
 ####### Case1232 	 Computation time:0.9007611274719238 	 Step30/60	- AllReachGoal-True

2025-12-13 00:13:33,284 - PaperAgentLogger - INFO - current rateReachGoal: 0
2025-12-13 00:13:33,303 - PaperAgentLogger - DEBUG - New map
2025-12-13 00:13:34,145 - PaperAgentLogger - INFO - ################## PaperArchitecture_map20x20_rho1_10Agent/K3_HS0/1765556206 - End of loop ##################  
 ####### Case1233 	 Computation time:0.8407595157623291 	 Step28/54	- AllReachGoal-True

2025-12-13 00:13:34,147 - PaperAgentLogger - INFO - current rateReachGoal: 0
2025-12-13 00:13:34,167 - PaperAgentLogger - DEBUG - New map
2025-12-13 00:13:35,254 - PaperAgentLogger - INFO - ################## PaperArchitecture_map20x20_rho1_10Agent/K3_HS0/1765556206 - End of loop ##################  
 ####### Case1234 	 Computation time:1.0865285396575928 	 Step36/72	- AllReachGoal-True

2025-12-13 00:13:35,255 - PaperAgentLogger - INFO - current rateReachGoal: 0
2025-12-13 00:13:35,272 - PaperAgentLogger - DEBUG - New map
2025-12-13 00:13:36,055 - PaperAgentLogger - INFO - ################## PaperArchitecture_map20x20_rho1_10Agent/K3_HS0/1765556206 - End of loop ##################  
 ####### Case1235 	 Computation time:0.7832515239715576 	 Step26/44	- AllReachGoal-True

2025-12-13 00:13:36,056 - PaperAgentLogger - INFO - current rateReachGoal: 0
2025-12-13 00:13:36,074 - PaperAgentLogger - DEBUG - New map
2025-12-13 00:13:36,865 - PaperAgentLogger - INFO - ################## PaperArchitecture_map20x20_rho1_10Agent/K3_HS0/1765556206 - End of loop ##################  
 ####### Case1236 	 Computation time:0.790705680847168 	 Step26/48	- AllReachGoal-True

2025-12-13 00:13:36,866 - PaperAgentLogger - INFO - current rateReachGoal: 0
2025-12-13 00:13:36,884 - PaperAgentLogger - DEBUG - New map
2025-12-13 00:13:37,671 - PaperAgentLogger - INFO - ################## PaperArchitecture_map20x20_rho1_10Agent/K3_HS0/1765556206 - End of loop ##################  
 ####### Case1237 	 Computation time:0.7862699031829834 	 Step26/52	- AllReachGoal-True

2025-12-13 00:13:37,672 - PaperAgentLogger - INFO - current rateReachGoal: 0
2025-12-13 00:13:37,690 - PaperAgentLogger - DEBUG - New map
2025-12-13 00:13:38,699 - PaperAgentLogger - INFO - ################## PaperArchitecture_map20x20_rho1_10Agent/K3_HS0/1765556206 - End of loop ##################  
 ####### Case1238 	 Computation time:1.00799560546875 	 Step34/58	- AllReachGoal-True

2025-12-13 00:13:38,699 - PaperAgentLogger - INFO - current rateReachGoal: 0
2025-12-13 00:13:38,720 - PaperAgentLogger - DEBUG - New map
2025-12-13 00:13:39,769 - PaperAgentLogger - INFO - ################## PaperArchitecture_map20x20_rho1_10Agent/K3_HS0/1765556206 - End of loop ##################  
 ####### Case1239 	 Computation time:1.0486164093017578 	 Step35/66	- AllReachGoal-True

2025-12-13 00:13:39,769 - PaperAgentLogger - INFO - current rateReachGoal: 0
2025-12-13 00:13:39,787 - PaperAgentLogger - DEBUG - New map
2025-12-13 00:13:40,569 - PaperAgentLogger - INFO - ################## PaperArchitecture_map20x20_rho1_10Agent/K3_HS0/1765556206 - End of loop ##################  
 ####### Case1240 	 Computation time:0.7809724807739258 	 Step26/50	- AllReachGoal-True

2025-12-13 00:13:40,569 - PaperAgentLogger - INFO - current rateReachGoal: 0
2025-12-13 00:13:40,587 - PaperAgentLogger - DEBUG - New map
2025-12-13 00:13:42,198 - PaperAgentLogger - INFO - ################## PaperArchitecture_map20x20_rho1_10Agent/K3_HS0/1765556206 - End of loop ##################  
 ####### Case1241 	 Computation time:1.6112306118011475 	 Step54/54	- AllReachGoal-False

2025-12-13 00:13:42,199 - PaperAgentLogger - INFO - current rateReachGoal: 0
2025-12-13 00:13:42,220 - PaperAgentLogger - DEBUG - New map
2025-12-13 00:13:43,152 - PaperAgentLogger - INFO - ################## PaperArchitecture_map20x20_rho1_10Agent/K3_HS0/1765556206 - End of loop ##################  
 ####### Case1242 	 Computation time:0.9323058128356934 	 Step31/62	- AllReachGoal-True

2025-12-13 00:13:43,153 - PaperAgentLogger - INFO - current rateReachGoal: 0
2025-12-13 00:13:43,171 - PaperAgentLogger - DEBUG - New map
2025-12-13 00:13:44,011 - PaperAgentLogger - INFO - ################## PaperArchitecture_map20x20_rho1_10Agent/K3_HS0/1765556206 - End of loop ##################  
 ####### Case1243 	 Computation time:0.8394594192504883 	 Step28/50	- AllReachGoal-True

2025-12-13 00:13:44,011 - PaperAgentLogger - INFO - current rateReachGoal: 0
2025-12-13 00:13:44,029 - PaperAgentLogger - DEBUG - New map
2025-12-13 00:13:44,906 - PaperAgentLogger - INFO - ################## PaperArchitecture_map20x20_rho1_10Agent/K3_HS0/1765556206 - End of loop ##################  
 ####### Case1244 	 Computation time:0.8766911029815674 	 Step28/50	- AllReachGoal-True

2025-12-13 00:13:44,909 - PaperAgentLogger - INFO - current rateReachGoal: 0
2025-12-13 00:13:44,926 - PaperAgentLogger - DEBUG - New map
2025-12-13 00:13:45,844 - PaperAgentLogger - INFO - ################## PaperArchitecture_map20x20_rho1_10Agent/K3_HS0/1765556206 - End of loop ##################  
 ####### Case1245 	 Computation time:0.9177658557891846 	 Step28/44	- AllReachGoal-True

2025-12-13 00:13:45,845 - PaperAgentLogger - INFO - current rateReachGoal: 0
2025-12-13 00:13:45,865 - PaperAgentLogger - DEBUG - New map
2025-12-13 00:13:46,824 - PaperAgentLogger - INFO - ################## PaperArchitecture_map20x20_rho1_10Agent/K3_HS0/1765556206 - End of loop ##################  
 ####### Case1246 	 Computation time:0.9586071968078613 	 Step32/64	- AllReachGoal-True

2025-12-13 00:13:46,825 - PaperAgentLogger - INFO - current rateReachGoal: 0
2025-12-13 00:13:46,844 - PaperAgentLogger - DEBUG - New map
2025-12-13 00:13:48,388 - PaperAgentLogger - INFO - ################## PaperArchitecture_map20x20_rho1_10Agent/K3_HS0/1765556206 - End of loop ##################  
 ####### Case1247 	 Computation time:1.5433759689331055 	 Step50/50	- AllReachGoal-False

2025-12-13 00:13:48,389 - PaperAgentLogger - INFO - current rateReachGoal: 0
2025-12-13 00:13:48,407 - PaperAgentLogger - DEBUG - New map
2025-12-13 00:13:50,135 - PaperAgentLogger - INFO - ################## PaperArchitecture_map20x20_rho1_10Agent/K3_HS0/1765556206 - End of loop ##################  
 ####### Case1248 	 Computation time:1.7279481887817383 	 Step58/58	- AllReachGoal-False

2025-12-13 00:13:50,138 - PaperAgentLogger - INFO - current rateReachGoal: 0
2025-12-13 00:13:50,159 - PaperAgentLogger - DEBUG - New map
2025-12-13 00:13:52,103 - PaperAgentLogger - INFO - ################## PaperArchitecture_map20x20_rho1_10Agent/K3_HS0/1765556206 - End of loop ##################  
 ####### Case1249 	 Computation time:1.9437165260314941 	 Step66/66	- AllReachGoal-False

2025-12-13 00:13:52,104 - PaperAgentLogger - INFO - current rateReachGoal: 0
2025-12-13 00:13:52,121 - PaperAgentLogger - DEBUG - New map
2025-12-13 00:13:53,082 - PaperAgentLogger - INFO - ################## PaperArchitecture_map20x20_rho1_10Agent/K3_HS0/1765556206 - End of loop ##################  
 ####### Case1250 	 Computation time:0.960634708404541 	 Step30/52	- AllReachGoal-True

2025-12-13 00:13:53,083 - PaperAgentLogger - INFO - current rateReachGoal: 0
2025-12-13 00:13:53,101 - PaperAgentLogger - DEBUG - New map
2025-12-13 00:13:53,867 - PaperAgentLogger - INFO - ################## PaperArchitecture_map20x20_rho1_10Agent/K3_HS0/1765556206 - End of loop ##################  
 ####### Case1251 	 Computation time:0.7653243541717529 	 Step25/50	- AllReachGoal-True

2025-12-13 00:13:53,868 - PaperAgentLogger - INFO - current rateReachGoal: 0
2025-12-13 00:13:53,887 - PaperAgentLogger - DEBUG - New map
2025-12-13 00:13:54,771 - PaperAgentLogger - INFO - ################## PaperArchitecture_map20x20_rho1_10Agent/K3_HS0/1765556206 - End of loop ##################  
 ####### Case1252 	 Computation time:0.8836414813995361 	 Step29/56	- AllReachGoal-True

2025-12-13 00:13:54,772 - PaperAgentLogger - INFO - current rateReachGoal: 0
2025-12-13 00:13:54,790 - PaperAgentLogger - DEBUG - New map
2025-12-13 00:13:56,473 - PaperAgentLogger - INFO - ################## PaperArchitecture_map20x20_rho1_10Agent/K3_HS0/1765556206 - End of loop ##################  
 ####### Case1253 	 Computation time:1.6821086406707764 	 Step54/54	- AllReachGoal-False

2025-12-13 00:13:56,474 - PaperAgentLogger - INFO - current rateReachGoal: 0
2025-12-13 00:13:56,493 - PaperAgentLogger - DEBUG - New map
2025-12-13 00:13:58,166 - PaperAgentLogger - INFO - ################## PaperArchitecture_map20x20_rho1_10Agent/K3_HS0/1765556206 - End of loop ##################  
 ####### Case1254 	 Computation time:1.672621726989746 	 Step54/54	- AllReachGoal-False

2025-12-13 00:13:58,167 - PaperAgentLogger - INFO - current rateReachGoal: 0
2025-12-13 00:13:58,186 - PaperAgentLogger - DEBUG - New map
2025-12-13 00:13:59,534 - PaperAgentLogger - INFO - ################## PaperArchitecture_map20x20_rho1_10Agent/K3_HS0/1765556206 - End of loop ##################  
 ####### Case1255 	 Computation time:1.347597360610962 	 Step45/62	- AllReachGoal-True

2025-12-13 00:13:59,535 - PaperAgentLogger - INFO - current rateReachGoal: 0
2025-12-13 00:13:59,551 - PaperAgentLogger - DEBUG - New map
2025-12-13 00:14:00,424 - PaperAgentLogger - INFO - ################## PaperArchitecture_map20x20_rho1_10Agent/K3_HS0/1765556206 - End of loop ##################  
 ####### Case1256 	 Computation time:0.8719761371612549 	 Step29/48	- AllReachGoal-True

2025-12-13 00:14:00,424 - PaperAgentLogger - INFO - current rateReachGoal: 0
2025-12-13 00:14:00,443 - PaperAgentLogger - DEBUG - New map
2025-12-13 00:14:01,605 - PaperAgentLogger - INFO - ################## PaperArchitecture_map20x20_rho1_10Agent/K3_HS0/1765556206 - End of loop ##################  
 ####### Case1257 	 Computation time:1.1609513759613037 	 Step38/56	- AllReachGoal-True

2025-12-13 00:14:01,607 - PaperAgentLogger - INFO - current rateReachGoal: 0
2025-12-13 00:14:01,625 - PaperAgentLogger - DEBUG - New map
2025-12-13 00:14:03,241 - PaperAgentLogger - INFO - ################## PaperArchitecture_map20x20_rho1_10Agent/K3_HS0/1765556206 - End of loop ##################  
 ####### Case1258 	 Computation time:1.6157259941101074 	 Step52/52	- AllReachGoal-False

2025-12-13 00:14:03,242 - PaperAgentLogger - INFO - current rateReachGoal: 0
2025-12-13 00:14:03,259 - PaperAgentLogger - DEBUG - New map
2025-12-13 00:14:04,257 - PaperAgentLogger - INFO - ################## PaperArchitecture_map20x20_rho1_10Agent/K3_HS0/1765556206 - End of loop ##################  
 ####### Case1259 	 Computation time:0.9977190494537354 	 Step30/50	- AllReachGoal-True

2025-12-13 00:14:04,258 - PaperAgentLogger - INFO - current rateReachGoal: 0
2025-12-13 00:14:04,278 - PaperAgentLogger - DEBUG - New map
2025-12-13 00:14:06,389 - PaperAgentLogger - INFO - ################## PaperArchitecture_map20x20_rho1_10Agent/K3_HS0/1765556206 - End of loop ##################  
 ####### Case1260 	 Computation time:2.1101174354553223 	 Step66/66	- AllReachGoal-False

2025-12-13 00:14:06,390 - PaperAgentLogger - INFO - current rateReachGoal: 0
2025-12-13 00:14:06,410 - PaperAgentLogger - DEBUG - New map
2025-12-13 00:14:08,413 - PaperAgentLogger - INFO - ################## PaperArchitecture_map20x20_rho1_10Agent/K3_HS0/1765556206 - End of loop ##################  
 ####### Case1261 	 Computation time:2.002797842025757 	 Step64/64	- AllReachGoal-False

2025-12-13 00:14:08,414 - PaperAgentLogger - INFO - current rateReachGoal: 0
2025-12-13 00:14:08,432 - PaperAgentLogger - DEBUG - New map
2025-12-13 00:14:09,989 - PaperAgentLogger - INFO - ################## PaperArchitecture_map20x20_rho1_10Agent/K3_HS0/1765556206 - End of loop ##################  
 ####### Case1262 	 Computation time:1.5561420917510986 	 Step52/52	- AllReachGoal-False

2025-12-13 00:14:09,989 - PaperAgentLogger - INFO - current rateReachGoal: 0
2025-12-13 00:14:10,006 - PaperAgentLogger - DEBUG - New map
2025-12-13 00:14:11,380 - PaperAgentLogger - INFO - ################## PaperArchitecture_map20x20_rho1_10Agent/K3_HS0/1765556206 - End of loop ##################  
 ####### Case1263 	 Computation time:1.372823715209961 	 Step46/46	- AllReachGoal-False

2025-12-13 00:14:11,380 - PaperAgentLogger - INFO - current rateReachGoal: 0
2025-12-13 00:14:11,399 - PaperAgentLogger - DEBUG - New map
2025-12-13 00:14:12,974 - PaperAgentLogger - INFO - ################## PaperArchitecture_map20x20_rho1_10Agent/K3_HS0/1765556206 - End of loop ##################  
 ####### Case1264 	 Computation time:1.574092149734497 	 Step51/58	- AllReachGoal-True

2025-12-13 00:14:12,975 - PaperAgentLogger - INFO - current rateReachGoal: 0
2025-12-13 00:14:12,994 - PaperAgentLogger - DEBUG - New map
2025-12-13 00:14:13,855 - PaperAgentLogger - INFO - ################## PaperArchitecture_map20x20_rho1_10Agent/K3_HS0/1765556206 - End of loop ##################  
 ####### Case1265 	 Computation time:0.860560417175293 	 Step28/56	- AllReachGoal-True

2025-12-13 00:14:13,857 - PaperAgentLogger - INFO - current rateReachGoal: 0
2025-12-13 00:14:13,876 - PaperAgentLogger - DEBUG - New map
2025-12-13 00:14:15,544 - PaperAgentLogger - INFO - ################## PaperArchitecture_map20x20_rho1_10Agent/K3_HS0/1765556206 - End of loop ##################  
 ####### Case1266 	 Computation time:1.6682202816009521 	 Step56/56	- AllReachGoal-False

2025-12-13 00:14:15,545 - PaperAgentLogger - INFO - current rateReachGoal: 0
2025-12-13 00:14:15,565 - PaperAgentLogger - DEBUG - New map
2025-12-13 00:14:17,295 - PaperAgentLogger - INFO - ################## PaperArchitecture_map20x20_rho1_10Agent/K3_HS0/1765556206 - End of loop ##################  
 ####### Case1267 	 Computation time:1.7294397354125977 	 Step58/58	- AllReachGoal-False

2025-12-13 00:14:17,295 - PaperAgentLogger - INFO - current rateReachGoal: 0
2025-12-13 00:14:17,315 - PaperAgentLogger - DEBUG - New map
2025-12-13 00:14:18,999 - PaperAgentLogger - INFO - ################## PaperArchitecture_map20x20_rho1_10Agent/K3_HS0/1765556206 - End of loop ##################  
 ####### Case1268 	 Computation time:1.6838123798370361 	 Step56/56	- AllReachGoal-False

2025-12-13 00:14:19,001 - PaperAgentLogger - INFO - current rateReachGoal: 0
2025-12-13 00:14:19,019 - PaperAgentLogger - DEBUG - New map
2025-12-13 00:14:20,578 - PaperAgentLogger - INFO - ################## PaperArchitecture_map20x20_rho1_10Agent/K3_HS0/1765556206 - End of loop ##################  
 ####### Case1269 	 Computation time:1.558783769607544 	 Step52/52	- AllReachGoal-False

2025-12-13 00:14:20,579 - PaperAgentLogger - INFO - current rateReachGoal: 0
2025-12-13 00:14:20,596 - PaperAgentLogger - DEBUG - New map
2025-12-13 00:14:22,149 - PaperAgentLogger - INFO - ################## PaperArchitecture_map20x20_rho1_10Agent/K3_HS0/1765556206 - End of loop ##################  
 ####### Case1270 	 Computation time:1.5524616241455078 	 Step52/52	- AllReachGoal-False

2025-12-13 00:14:22,150 - PaperAgentLogger - INFO - current rateReachGoal: 0
2025-12-13 00:14:22,166 - PaperAgentLogger - DEBUG - New map
2025-12-13 00:14:23,042 - PaperAgentLogger - INFO - ################## PaperArchitecture_map20x20_rho1_10Agent/K3_HS0/1765556206 - End of loop ##################  
 ####### Case1271 	 Computation time:0.8751447200775146 	 Step29/46	- AllReachGoal-True

2025-12-13 00:14:23,042 - PaperAgentLogger - INFO - current rateReachGoal: 0
2025-12-13 00:14:23,059 - PaperAgentLogger - DEBUG - New map
2025-12-13 00:14:23,726 - PaperAgentLogger - INFO - ################## PaperArchitecture_map20x20_rho1_10Agent/K3_HS0/1765556206 - End of loop ##################  
 ####### Case1272 	 Computation time:0.665726900100708 	 Step22/44	- AllReachGoal-True

2025-12-13 00:14:23,726 - PaperAgentLogger - INFO - current rateReachGoal: 0
2025-12-13 00:14:23,742 - PaperAgentLogger - DEBUG - New map
2025-12-13 00:14:24,558 - PaperAgentLogger - INFO - ################## PaperArchitecture_map20x20_rho1_10Agent/K3_HS0/1765556206 - End of loop ##################  
 ####### Case1273 	 Computation time:0.8150033950805664 	 Step27/46	- AllReachGoal-True

2025-12-13 00:14:24,559 - PaperAgentLogger - INFO - current rateReachGoal: 0
2025-12-13 00:14:24,576 - PaperAgentLogger - DEBUG - New map
2025-12-13 00:14:25,359 - PaperAgentLogger - INFO - ################## PaperArchitecture_map20x20_rho1_10Agent/K3_HS0/1765556206 - End of loop ##################  
 ####### Case1274 	 Computation time:0.782463788986206 	 Step26/48	- AllReachGoal-True

2025-12-13 00:14:25,360 - PaperAgentLogger - INFO - current rateReachGoal: 0
2025-12-13 00:14:25,378 - PaperAgentLogger - DEBUG - New map
2025-12-13 00:14:27,051 - PaperAgentLogger - INFO - ################## PaperArchitecture_map20x20_rho1_10Agent/K3_HS0/1765556206 - End of loop ##################  
 ####### Case1275 	 Computation time:1.6726391315460205 	 Step56/56	- AllReachGoal-False

2025-12-13 00:14:27,052 - PaperAgentLogger - INFO - current rateReachGoal: 0
2025-12-13 00:14:27,073 - PaperAgentLogger - DEBUG - New map
2025-12-13 00:14:27,979 - PaperAgentLogger - INFO - ################## PaperArchitecture_map20x20_rho1_10Agent/K3_HS0/1765556206 - End of loop ##################  
 ####### Case1276 	 Computation time:0.905958890914917 	 Step30/60	- AllReachGoal-True

2025-12-13 00:14:27,980 - PaperAgentLogger - INFO - current rateReachGoal: 0
2025-12-13 00:14:27,999 - PaperAgentLogger - DEBUG - New map
2025-12-13 00:14:29,110 - PaperAgentLogger - INFO - ################## PaperArchitecture_map20x20_rho1_10Agent/K3_HS0/1765556206 - End of loop ##################  
 ####### Case1277 	 Computation time:1.1101582050323486 	 Step34/68	- AllReachGoal-True

2025-12-13 00:14:29,111 - PaperAgentLogger - INFO - current rateReachGoal: 0
2025-12-13 00:14:29,129 - PaperAgentLogger - DEBUG - New map
2025-12-13 00:14:30,860 - PaperAgentLogger - INFO - ################## PaperArchitecture_map20x20_rho1_10Agent/K3_HS0/1765556206 - End of loop ##################  
 ####### Case1278 	 Computation time:1.7296984195709229 	 Step58/58	- AllReachGoal-False

2025-12-13 00:14:30,861 - PaperAgentLogger - INFO - current rateReachGoal: 0
2025-12-13 00:14:30,879 - PaperAgentLogger - DEBUG - New map
2025-12-13 00:14:32,392 - PaperAgentLogger - INFO - ################## PaperArchitecture_map20x20_rho1_10Agent/K3_HS0/1765556206 - End of loop ##################  
 ####### Case1279 	 Computation time:1.5132503509521484 	 Step50/50	- AllReachGoal-False

2025-12-13 00:14:32,393 - PaperAgentLogger - INFO - current rateReachGoal: 0
2025-12-13 00:14:32,410 - PaperAgentLogger - DEBUG - New map
2025-12-13 00:14:33,724 - PaperAgentLogger - INFO - ################## PaperArchitecture_map20x20_rho1_10Agent/K3_HS0/1765556206 - End of loop ##################  
 ####### Case1280 	 Computation time:1.3134222030639648 	 Step44/44	- AllReachGoal-False

2025-12-13 00:14:33,724 - PaperAgentLogger - INFO - current rateReachGoal: 0
2025-12-13 00:14:33,743 - PaperAgentLogger - DEBUG - New map
2025-12-13 00:14:35,235 - PaperAgentLogger - INFO - ################## PaperArchitecture_map20x20_rho1_10Agent/K3_HS0/1765556206 - End of loop ##################  
 ####### Case1281 	 Computation time:1.4906659126281738 	 Step50/62	- AllReachGoal-True

2025-12-13 00:14:35,235 - PaperAgentLogger - INFO - current rateReachGoal: 0
2025-12-13 00:14:35,256 - PaperAgentLogger - DEBUG - New map
2025-12-13 00:14:37,303 - PaperAgentLogger - INFO - ################## PaperArchitecture_map20x20_rho1_10Agent/K3_HS0/1765556206 - End of loop ##################  
 ####### Case1282 	 Computation time:2.0466549396514893 	 Step66/66	- AllReachGoal-False

2025-12-13 00:14:37,304 - PaperAgentLogger - INFO - current rateReachGoal: 0
2025-12-13 00:14:37,323 - PaperAgentLogger - DEBUG - New map
2025-12-13 00:14:38,242 - PaperAgentLogger - INFO - ################## PaperArchitecture_map20x20_rho1_10Agent/K3_HS0/1765556206 - End of loop ##################  
 ####### Case1283 	 Computation time:0.917980432510376 	 Step30/60	- AllReachGoal-True

2025-12-13 00:14:38,243 - PaperAgentLogger - INFO - current rateReachGoal: 0
2025-12-13 00:14:38,259 - PaperAgentLogger - DEBUG - New map
2025-12-13 00:14:39,008 - PaperAgentLogger - INFO - ################## PaperArchitecture_map20x20_rho1_10Agent/K3_HS0/1765556206 - End of loop ##################  
 ####### Case1284 	 Computation time:0.7483973503112793 	 Step24/44	- AllReachGoal-True

2025-12-13 00:14:39,008 - PaperAgentLogger - INFO - current rateReachGoal: 0
2025-12-13 00:14:39,027 - PaperAgentLogger - DEBUG - New map
2025-12-13 00:14:40,728 - PaperAgentLogger - INFO - ################## PaperArchitecture_map20x20_rho1_10Agent/K3_HS0/1765556206 - End of loop ##################  
 ####### Case1285 	 Computation time:1.7005584239959717 	 Step54/54	- AllReachGoal-False

2025-12-13 00:14:40,729 - PaperAgentLogger - INFO - current rateReachGoal: 0
2025-12-13 00:14:40,745 - PaperAgentLogger - DEBUG - New map
2025-12-13 00:14:42,267 - PaperAgentLogger - INFO - ################## PaperArchitecture_map20x20_rho1_10Agent/K3_HS0/1765556206 - End of loop ##################  
 ####### Case1286 	 Computation time:1.521512508392334 	 Step48/48	- AllReachGoal-False

2025-12-13 00:14:42,268 - PaperAgentLogger - INFO - current rateReachGoal: 0
2025-12-13 00:14:42,289 - PaperAgentLogger - DEBUG - New map
2025-12-13 00:14:44,224 - PaperAgentLogger - INFO - ################## PaperArchitecture_map20x20_rho1_10Agent/K3_HS0/1765556206 - End of loop ##################  
 ####### Case1287 	 Computation time:1.9339759349822998 	 Step64/64	- AllReachGoal-False

2025-12-13 00:14:44,224 - PaperAgentLogger - INFO - current rateReachGoal: 0
2025-12-13 00:14:44,243 - PaperAgentLogger - DEBUG - New map
2025-12-13 00:14:45,479 - PaperAgentLogger - INFO - ################## PaperArchitecture_map20x20_rho1_10Agent/K3_HS0/1765556206 - End of loop ##################  
 ####### Case1288 	 Computation time:1.235185146331787 	 Step40/64	- AllReachGoal-True

2025-12-13 00:14:45,480 - PaperAgentLogger - INFO - current rateReachGoal: 0
2025-12-13 00:14:45,498 - PaperAgentLogger - DEBUG - New map
2025-12-13 00:14:46,339 - PaperAgentLogger - INFO - ################## PaperArchitecture_map20x20_rho1_10Agent/K3_HS0/1765556206 - End of loop ##################  
 ####### Case1289 	 Computation time:0.8411233425140381 	 Step25/50	- AllReachGoal-True

2025-12-13 00:14:46,340 - PaperAgentLogger - INFO - current rateReachGoal: 0
2025-12-13 00:14:46,357 - PaperAgentLogger - DEBUG - New map
2025-12-13 00:14:47,828 - PaperAgentLogger - INFO - ################## PaperArchitecture_map20x20_rho1_10Agent/K3_HS0/1765556206 - End of loop ##################  
 ####### Case1290 	 Computation time:1.4700119495391846 	 Step46/46	- AllReachGoal-False

2025-12-13 00:14:47,829 - PaperAgentLogger - INFO - current rateReachGoal: 0
2025-12-13 00:14:47,846 - PaperAgentLogger - DEBUG - New map
2025-12-13 00:14:48,653 - PaperAgentLogger - INFO - ################## PaperArchitecture_map20x20_rho1_10Agent/K3_HS0/1765556206 - End of loop ##################  
 ####### Case1291 	 Computation time:0.8065390586853027 	 Step26/52	- AllReachGoal-True

2025-12-13 00:14:48,654 - PaperAgentLogger - INFO - current rateReachGoal: 0
2025-12-13 00:14:48,673 - PaperAgentLogger - DEBUG - New map
2025-12-13 00:14:50,476 - PaperAgentLogger - INFO - ################## PaperArchitecture_map20x20_rho1_10Agent/K3_HS0/1765556206 - End of loop ##################  
 ####### Case1292 	 Computation time:1.8031902313232422 	 Step56/56	- AllReachGoal-False

2025-12-13 00:14:50,477 - PaperAgentLogger - INFO - current rateReachGoal: 0
2025-12-13 00:14:50,495 - PaperAgentLogger - DEBUG - New map
2025-12-13 00:14:52,143 - PaperAgentLogger - INFO - ################## PaperArchitecture_map20x20_rho1_10Agent/K3_HS0/1765556206 - End of loop ##################  
 ####### Case1293 	 Computation time:1.6471781730651855 	 Step52/52	- AllReachGoal-False

2025-12-13 00:14:52,144 - PaperAgentLogger - INFO - current rateReachGoal: 0
2025-12-13 00:14:52,162 - PaperAgentLogger - DEBUG - New map
2025-12-13 00:14:54,091 - PaperAgentLogger - INFO - ################## PaperArchitecture_map20x20_rho1_10Agent/K3_HS0/1765556206 - End of loop ##################  
 ####### Case1294 	 Computation time:1.9278321266174316 	 Step60/60	- AllReachGoal-False

2025-12-13 00:14:54,091 - PaperAgentLogger - INFO - current rateReachGoal: 0
2025-12-13 00:14:54,111 - PaperAgentLogger - DEBUG - New map
2025-12-13 00:14:55,178 - PaperAgentLogger - INFO - ################## PaperArchitecture_map20x20_rho1_10Agent/K3_HS0/1765556206 - End of loop ##################  
 ####### Case1295 	 Computation time:1.0664775371551514 	 Step33/58	- AllReachGoal-True

2025-12-13 00:14:55,179 - PaperAgentLogger - INFO - current rateReachGoal: 0
2025-12-13 00:14:55,197 - PaperAgentLogger - DEBUG - New map
2025-12-13 00:14:56,519 - PaperAgentLogger - INFO - ################## PaperArchitecture_map20x20_rho1_10Agent/K3_HS0/1765556206 - End of loop ##################  
 ####### Case1296 	 Computation time:1.3219521045684814 	 Step41/52	- AllReachGoal-True

2025-12-13 00:14:56,520 - PaperAgentLogger - INFO - current rateReachGoal: 0
2025-12-13 00:14:56,538 - PaperAgentLogger - DEBUG - New map
2025-12-13 00:14:58,055 - PaperAgentLogger - INFO - ################## PaperArchitecture_map20x20_rho1_10Agent/K3_HS0/1765556206 - End of loop ##################  
 ####### Case1297 	 Computation time:1.517103910446167 	 Step46/46	- AllReachGoal-False

2025-12-13 00:14:58,056 - PaperAgentLogger - INFO - current rateReachGoal: 0
2025-12-13 00:14:58,075 - PaperAgentLogger - DEBUG - New map
2025-12-13 00:15:00,010 - PaperAgentLogger - INFO - ################## PaperArchitecture_map20x20_rho1_10Agent/K3_HS0/1765556206 - End of loop ##################  
 ####### Case1298 	 Computation time:1.9344396591186523 	 Step60/60	- AllReachGoal-False

2025-12-13 00:15:00,010 - PaperAgentLogger - INFO - current rateReachGoal: 0
2025-12-13 00:15:00,029 - PaperAgentLogger - DEBUG - New map
2025-12-13 00:15:00,926 - PaperAgentLogger - INFO - ################## PaperArchitecture_map20x20_rho1_10Agent/K3_HS0/1765556206 - End of loop ##################  
 ####### Case1299 	 Computation time:0.896507978439331 	 Step27/50	- AllReachGoal-True

2025-12-13 00:15:00,927 - PaperAgentLogger - INFO - current rateReachGoal: 0
2025-12-13 00:15:00,945 - PaperAgentLogger - DEBUG - New map
2025-12-13 00:15:01,810 - PaperAgentLogger - INFO - ################## PaperArchitecture_map20x20_rho1_10Agent/K3_HS0/1765556206 - End of loop ##################  
 ####### Case1300 	 Computation time:0.8643677234649658 	 Step28/52	- AllReachGoal-True

2025-12-13 00:15:01,813 - PaperAgentLogger - INFO - current rateReachGoal: 0
2025-12-13 00:15:01,830 - PaperAgentLogger - DEBUG - New map
2025-12-13 00:15:03,310 - PaperAgentLogger - INFO - ################## PaperArchitecture_map20x20_rho1_10Agent/K3_HS0/1765556206 - End of loop ##################  
 ####### Case1301 	 Computation time:1.4789869785308838 	 Step48/48	- AllReachGoal-False

2025-12-13 00:15:03,311 - PaperAgentLogger - INFO - current rateReachGoal: 0
2025-12-13 00:15:03,330 - PaperAgentLogger - DEBUG - New map
2025-12-13 00:15:04,373 - PaperAgentLogger - INFO - ################## PaperArchitecture_map20x20_rho1_10Agent/K3_HS0/1765556206 - End of loop ##################  
 ####### Case1302 	 Computation time:1.0422534942626953 	 Step35/68	- AllReachGoal-True

2025-12-13 00:15:04,374 - PaperAgentLogger - INFO - current rateReachGoal: 0
2025-12-13 00:15:04,391 - PaperAgentLogger - DEBUG - New map
2025-12-13 00:15:05,871 - PaperAgentLogger - INFO - ################## PaperArchitecture_map20x20_rho1_10Agent/K3_HS0/1765556206 - End of loop ##################  
 ####### Case1303 	 Computation time:1.4799230098724365 	 Step50/50	- AllReachGoal-False

2025-12-13 00:15:05,872 - PaperAgentLogger - INFO - current rateReachGoal: 0
2025-12-13 00:15:05,890 - PaperAgentLogger - DEBUG - New map
2025-12-13 00:15:07,465 - PaperAgentLogger - INFO - ################## PaperArchitecture_map20x20_rho1_10Agent/K3_HS0/1765556206 - End of loop ##################  
 ####### Case1304 	 Computation time:1.575275182723999 	 Step52/52	- AllReachGoal-False

2025-12-13 00:15:07,466 - PaperAgentLogger - INFO - current rateReachGoal: 0
2025-12-13 00:15:07,486 - PaperAgentLogger - DEBUG - New map
2025-12-13 00:15:09,455 - PaperAgentLogger - INFO - ################## PaperArchitecture_map20x20_rho1_10Agent/K3_HS0/1765556206 - End of loop ##################  
 ####### Case1305 	 Computation time:1.9687035083770752 	 Step60/60	- AllReachGoal-False

2025-12-13 00:15:09,456 - PaperAgentLogger - INFO - current rateReachGoal: 0
2025-12-13 00:15:09,475 - PaperAgentLogger - DEBUG - New map
2025-12-13 00:15:10,530 - PaperAgentLogger - INFO - ################## PaperArchitecture_map20x20_rho1_10Agent/K3_HS0/1765556206 - End of loop ##################  
 ####### Case1306 	 Computation time:1.0540728569030762 	 Step32/52	- AllReachGoal-True

2025-12-13 00:15:10,530 - PaperAgentLogger - INFO - current rateReachGoal: 0
2025-12-13 00:15:10,547 - PaperAgentLogger - DEBUG - New map
2025-12-13 00:15:11,470 - PaperAgentLogger - INFO - ################## PaperArchitecture_map20x20_rho1_10Agent/K3_HS0/1765556206 - End of loop ##################  
 ####### Case1307 	 Computation time:0.9223368167877197 	 Step31/54	- AllReachGoal-True

2025-12-13 00:15:11,471 - PaperAgentLogger - INFO - current rateReachGoal: 0
2025-12-13 00:15:11,492 - PaperAgentLogger - DEBUG - New map
2025-12-13 00:15:12,123 - PaperAgentLogger - INFO - ################## PaperArchitecture_map20x20_rho1_10Agent/K3_HS0/1765556206 - End of loop ##################  
 ####### Case1308 	 Computation time:0.6295037269592285 	 Step21/42	- AllReachGoal-True

2025-12-13 00:15:12,123 - PaperAgentLogger - INFO - current rateReachGoal: 0
2025-12-13 00:15:12,141 - PaperAgentLogger - DEBUG - New map
2025-12-13 00:15:12,920 - PaperAgentLogger - INFO - ################## PaperArchitecture_map20x20_rho1_10Agent/K3_HS0/1765556206 - End of loop ##################  
 ####### Case1309 	 Computation time:0.7778701782226562 	 Step26/52	- AllReachGoal-True

2025-12-13 00:15:12,922 - PaperAgentLogger - INFO - current rateReachGoal: 0
2025-12-13 00:15:12,941 - PaperAgentLogger - DEBUG - New map
2025-12-13 00:15:13,774 - PaperAgentLogger - INFO - ################## PaperArchitecture_map20x20_rho1_10Agent/K3_HS0/1765556206 - End of loop ##################  
 ####### Case1310 	 Computation time:0.8325748443603516 	 Step28/56	- AllReachGoal-True

2025-12-13 00:15:13,775 - PaperAgentLogger - INFO - current rateReachGoal: 0
2025-12-13 00:15:13,795 - PaperAgentLogger - DEBUG - New map
2025-12-13 00:15:15,391 - PaperAgentLogger - INFO - ################## PaperArchitecture_map20x20_rho1_10Agent/K3_HS0/1765556206 - End of loop ##################  
 ####### Case1311 	 Computation time:1.5948984622955322 	 Step54/54	- AllReachGoal-False

2025-12-13 00:15:15,392 - PaperAgentLogger - INFO - current rateReachGoal: 0
2025-12-13 00:15:15,409 - PaperAgentLogger - DEBUG - New map
2025-12-13 00:15:17,005 - PaperAgentLogger - INFO - ################## PaperArchitecture_map20x20_rho1_10Agent/K3_HS0/1765556206 - End of loop ##################  
 ####### Case1312 	 Computation time:1.595371961593628 	 Step50/50	- AllReachGoal-False

2025-12-13 00:15:17,006 - PaperAgentLogger - INFO - current rateReachGoal: 0
2025-12-13 00:15:17,024 - PaperAgentLogger - DEBUG - New map
2025-12-13 00:15:17,797 - PaperAgentLogger - INFO - ################## PaperArchitecture_map20x20_rho1_10Agent/K3_HS0/1765556206 - End of loop ##################  
 ####### Case1313 	 Computation time:0.7722682952880859 	 Step26/52	- AllReachGoal-True

2025-12-13 00:15:17,797 - PaperAgentLogger - INFO - current rateReachGoal: 0
2025-12-13 00:15:17,816 - PaperAgentLogger - DEBUG - New map
2025-12-13 00:15:19,571 - PaperAgentLogger - INFO - ################## PaperArchitecture_map20x20_rho1_10Agent/K3_HS0/1765556206 - End of loop ##################  
 ####### Case1314 	 Computation time:1.7539503574371338 	 Step56/56	- AllReachGoal-False

2025-12-13 00:15:19,572 - PaperAgentLogger - INFO - current rateReachGoal: 0
2025-12-13 00:15:19,591 - PaperAgentLogger - DEBUG - New map
2025-12-13 00:15:20,685 - PaperAgentLogger - INFO - ################## PaperArchitecture_map20x20_rho1_10Agent/K3_HS0/1765556206 - End of loop ##################  
 ####### Case1315 	 Computation time:1.0928843021392822 	 Step37/70	- AllReachGoal-True

2025-12-13 00:15:20,685 - PaperAgentLogger - INFO - current rateReachGoal: 0
2025-12-13 00:15:20,702 - PaperAgentLogger - DEBUG - New map
2025-12-13 00:15:22,312 - PaperAgentLogger - INFO - ################## PaperArchitecture_map20x20_rho1_10Agent/K3_HS0/1765556206 - End of loop ##################  
 ####### Case1316 	 Computation time:1.6093318462371826 	 Step54/54	- AllReachGoal-False

2025-12-13 00:15:22,313 - PaperAgentLogger - INFO - current rateReachGoal: 0
2025-12-13 00:15:22,332 - PaperAgentLogger - DEBUG - New map
2025-12-13 00:15:23,256 - PaperAgentLogger - INFO - ################## PaperArchitecture_map20x20_rho1_10Agent/K3_HS0/1765556206 - End of loop ##################  
 ####### Case1317 	 Computation time:0.923590898513794 	 Step31/56	- AllReachGoal-True

2025-12-13 00:15:23,257 - PaperAgentLogger - INFO - current rateReachGoal: 0
2025-12-13 00:15:23,276 - PaperAgentLogger - DEBUG - New map
2025-12-13 00:15:24,307 - PaperAgentLogger - INFO - ################## PaperArchitecture_map20x20_rho1_10Agent/K3_HS0/1765556206 - End of loop ##################  
 ####### Case1318 	 Computation time:1.0299606323242188 	 Step33/56	- AllReachGoal-True

2025-12-13 00:15:24,307 - PaperAgentLogger - INFO - current rateReachGoal: 0
2025-12-13 00:15:24,328 - PaperAgentLogger - DEBUG - New map
2025-12-13 00:15:25,277 - PaperAgentLogger - INFO - ################## PaperArchitecture_map20x20_rho1_10Agent/K3_HS0/1765556206 - End of loop ##################  
 ####### Case1319 	 Computation time:0.9477200508117676 	 Step31/62	- AllReachGoal-True

2025-12-13 00:15:25,279 - PaperAgentLogger - INFO - current rateReachGoal: 0
2025-12-13 00:15:25,298 - PaperAgentLogger - DEBUG - New map
2025-12-13 00:15:27,265 - PaperAgentLogger - INFO - ################## PaperArchitecture_map20x20_rho1_10Agent/K3_HS0/1765556206 - End of loop ##################  
 ####### Case1320 	 Computation time:1.9664082527160645 	 Step64/64	- AllReachGoal-False

2025-12-13 00:15:27,266 - PaperAgentLogger - INFO - current rateReachGoal: 0
2025-12-13 00:15:27,285 - PaperAgentLogger - DEBUG - New map
2025-12-13 00:15:29,161 - PaperAgentLogger - INFO - ################## PaperArchitecture_map20x20_rho1_10Agent/K3_HS0/1765556206 - End of loop ##################  
 ####### Case1321 	 Computation time:1.8757646083831787 	 Step58/58	- AllReachGoal-False

2025-12-13 00:15:29,162 - PaperAgentLogger - INFO - current rateReachGoal: 0
2025-12-13 00:15:29,179 - PaperAgentLogger - DEBUG - New map
2025-12-13 00:15:29,875 - PaperAgentLogger - INFO - ################## PaperArchitecture_map20x20_rho1_10Agent/K3_HS0/1765556206 - End of loop ##################  
 ####### Case1322 	 Computation time:0.6950862407684326 	 Step21/42	- AllReachGoal-True

2025-12-13 00:15:29,875 - PaperAgentLogger - INFO - current rateReachGoal: 0
2025-12-13 00:15:29,894 - PaperAgentLogger - DEBUG - New map
2025-12-13 00:15:31,646 - PaperAgentLogger - INFO - ################## PaperArchitecture_map20x20_rho1_10Agent/K3_HS0/1765556206 - End of loop ##################  
 ####### Case1323 	 Computation time:1.7518095970153809 	 Step56/56	- AllReachGoal-False

2025-12-13 00:15:31,647 - PaperAgentLogger - INFO - current rateReachGoal: 0
2025-12-13 00:15:31,665 - PaperAgentLogger - DEBUG - New map
2025-12-13 00:15:32,619 - PaperAgentLogger - INFO - ################## PaperArchitecture_map20x20_rho1_10Agent/K3_HS0/1765556206 - End of loop ##################  
 ####### Case1324 	 Computation time:0.9528138637542725 	 Step32/56	- AllReachGoal-True

2025-12-13 00:15:32,619 - PaperAgentLogger - INFO - current rateReachGoal: 0
2025-12-13 00:15:32,643 - PaperAgentLogger - DEBUG - New map
2025-12-13 00:15:33,641 - PaperAgentLogger - INFO - ################## PaperArchitecture_map20x20_rho1_10Agent/K3_HS0/1765556206 - End of loop ##################  
 ####### Case1325 	 Computation time:0.9975860118865967 	 Step30/54	- AllReachGoal-True

2025-12-13 00:15:33,642 - PaperAgentLogger - INFO - current rateReachGoal: 0
2025-12-13 00:15:33,660 - PaperAgentLogger - DEBUG - New map
2025-12-13 00:15:35,333 - PaperAgentLogger - INFO - ################## PaperArchitecture_map20x20_rho1_10Agent/K3_HS0/1765556206 - End of loop ##################  
 ####### Case1326 	 Computation time:1.6729891300201416 	 Step54/54	- AllReachGoal-False

2025-12-13 00:15:35,334 - PaperAgentLogger - INFO - current rateReachGoal: 0
2025-12-13 00:15:35,354 - PaperAgentLogger - DEBUG - New map
2025-12-13 00:15:36,933 - PaperAgentLogger - INFO - ################## PaperArchitecture_map20x20_rho1_10Agent/K3_HS0/1765556206 - End of loop ##################  
 ####### Case1327 	 Computation time:1.5789663791656494 	 Step52/52	- AllReachGoal-False

2025-12-13 00:15:36,936 - PaperAgentLogger - INFO - current rateReachGoal: 0
2025-12-13 00:15:36,954 - PaperAgentLogger - DEBUG - New map
2025-12-13 00:15:38,460 - PaperAgentLogger - INFO - ################## PaperArchitecture_map20x20_rho1_10Agent/K3_HS0/1765556206 - End of loop ##################  
 ####### Case1328 	 Computation time:1.5049166679382324 	 Step50/50	- AllReachGoal-False

2025-12-13 00:15:38,460 - PaperAgentLogger - INFO - current rateReachGoal: 0
2025-12-13 00:15:38,482 - PaperAgentLogger - DEBUG - New map
2025-12-13 00:15:39,609 - PaperAgentLogger - INFO - ################## PaperArchitecture_map20x20_rho1_10Agent/K3_HS0/1765556206 - End of loop ##################  
 ####### Case1329 	 Computation time:1.1266899108886719 	 Step38/76	- AllReachGoal-True

2025-12-13 00:15:39,610 - PaperAgentLogger - INFO - current rateReachGoal: 0
2025-12-13 00:15:39,627 - PaperAgentLogger - DEBUG - New map
2025-12-13 00:15:40,633 - PaperAgentLogger - INFO - ################## PaperArchitecture_map20x20_rho1_10Agent/K3_HS0/1765556206 - End of loop ##################  
 ####### Case1330 	 Computation time:1.0060639381408691 	 Step34/52	- AllReachGoal-True

2025-12-13 00:15:40,634 - PaperAgentLogger - INFO - current rateReachGoal: 0
2025-12-13 00:15:40,654 - PaperAgentLogger - DEBUG - New map
2025-12-13 00:15:41,631 - PaperAgentLogger - INFO - ################## PaperArchitecture_map20x20_rho1_10Agent/K3_HS0/1765556206 - End of loop ##################  
 ####### Case1331 	 Computation time:0.9757938385009766 	 Step33/66	- AllReachGoal-True

2025-12-13 00:15:41,631 - PaperAgentLogger - INFO - current rateReachGoal: 0
2025-12-13 00:15:41,650 - PaperAgentLogger - DEBUG - New map
2025-12-13 00:15:42,480 - PaperAgentLogger - INFO - ################## PaperArchitecture_map20x20_rho1_10Agent/K3_HS0/1765556206 - End of loop ##################  
 ####### Case1332 	 Computation time:0.8298320770263672 	 Step28/52	- AllReachGoal-True

2025-12-13 00:15:42,482 - PaperAgentLogger - INFO - current rateReachGoal: 0
2025-12-13 00:15:42,500 - PaperAgentLogger - DEBUG - New map
2025-12-13 00:15:43,953 - PaperAgentLogger - INFO - ################## PaperArchitecture_map20x20_rho1_10Agent/K3_HS0/1765556206 - End of loop ##################  
 ####### Case1333 	 Computation time:1.4524075984954834 	 Step48/48	- AllReachGoal-False

2025-12-13 00:15:43,953 - PaperAgentLogger - INFO - current rateReachGoal: 0
2025-12-13 00:15:43,970 - PaperAgentLogger - DEBUG - New map
2025-12-13 00:15:45,504 - PaperAgentLogger - INFO - ################## PaperArchitecture_map20x20_rho1_10Agent/K3_HS0/1765556206 - End of loop ##################  
 ####### Case1334 	 Computation time:1.5333285331726074 	 Step52/52	- AllReachGoal-False

2025-12-13 00:15:45,505 - PaperAgentLogger - INFO - current rateReachGoal: 0
2025-12-13 00:15:45,524 - PaperAgentLogger - DEBUG - New map
2025-12-13 00:15:47,420 - PaperAgentLogger - INFO - ################## PaperArchitecture_map20x20_rho1_10Agent/K3_HS0/1765556206 - End of loop ##################  
 ####### Case1335 	 Computation time:1.895240068435669 	 Step62/62	- AllReachGoal-False

2025-12-13 00:15:47,420 - PaperAgentLogger - INFO - current rateReachGoal: 0
2025-12-13 00:15:47,438 - PaperAgentLogger - DEBUG - New map
2025-12-13 00:15:48,852 - PaperAgentLogger - INFO - ################## PaperArchitecture_map20x20_rho1_10Agent/K3_HS0/1765556206 - End of loop ##################  
 ####### Case1336 	 Computation time:1.413017749786377 	 Step48/48	- AllReachGoal-False

2025-12-13 00:15:48,852 - PaperAgentLogger - INFO - current rateReachGoal: 0
2025-12-13 00:15:48,869 - PaperAgentLogger - DEBUG - New map
2025-12-13 00:15:49,587 - PaperAgentLogger - INFO - ################## PaperArchitecture_map20x20_rho1_10Agent/K3_HS0/1765556206 - End of loop ##################  
 ####### Case1337 	 Computation time:0.717731237411499 	 Step24/42	- AllReachGoal-True

2025-12-13 00:15:49,588 - PaperAgentLogger - INFO - current rateReachGoal: 0
2025-12-13 00:15:49,606 - PaperAgentLogger - DEBUG - New map
2025-12-13 00:15:50,380 - PaperAgentLogger - INFO - ################## PaperArchitecture_map20x20_rho1_10Agent/K3_HS0/1765556206 - End of loop ##################  
 ####### Case1338 	 Computation time:0.7734100818634033 	 Step26/54	- AllReachGoal-True

2025-12-13 00:15:50,381 - PaperAgentLogger - INFO - current rateReachGoal: 0
2025-12-13 00:15:50,400 - PaperAgentLogger - DEBUG - New map
2025-12-13 00:15:51,288 - PaperAgentLogger - INFO - ################## PaperArchitecture_map20x20_rho1_10Agent/K3_HS0/1765556206 - End of loop ##################  
 ####### Case1339 	 Computation time:0.8874046802520752 	 Step30/60	- AllReachGoal-True

2025-12-13 00:15:51,288 - PaperAgentLogger - INFO - current rateReachGoal: 0
2025-12-13 00:15:51,307 - PaperAgentLogger - DEBUG - New map
2025-12-13 00:15:52,966 - PaperAgentLogger - INFO - ################## PaperArchitecture_map20x20_rho1_10Agent/K3_HS0/1765556206 - End of loop ##################  
 ####### Case1340 	 Computation time:1.6577122211456299 	 Step56/56	- AllReachGoal-False

2025-12-13 00:15:52,966 - PaperAgentLogger - INFO - current rateReachGoal: 0
2025-12-13 00:15:52,985 - PaperAgentLogger - DEBUG - New map
2025-12-13 00:15:53,872 - PaperAgentLogger - INFO - ################## PaperArchitecture_map20x20_rho1_10Agent/K3_HS0/1765556206 - End of loop ##################  
 ####### Case1341 	 Computation time:0.8862972259521484 	 Step30/58	- AllReachGoal-True

2025-12-13 00:15:53,874 - PaperAgentLogger - INFO - current rateReachGoal: 0
2025-12-13 00:15:53,892 - PaperAgentLogger - DEBUG - New map
2025-12-13 00:15:55,434 - PaperAgentLogger - INFO - ################## PaperArchitecture_map20x20_rho1_10Agent/K3_HS0/1765556206 - End of loop ##################  
 ####### Case1342 	 Computation time:1.5410394668579102 	 Step52/52	- AllReachGoal-False

2025-12-13 00:15:55,434 - PaperAgentLogger - INFO - current rateReachGoal: 0
2025-12-13 00:15:55,451 - PaperAgentLogger - DEBUG - New map
2025-12-13 00:15:56,980 - PaperAgentLogger - INFO - ################## PaperArchitecture_map20x20_rho1_10Agent/K3_HS0/1765556206 - End of loop ##################  
 ####### Case1343 	 Computation time:1.5289223194122314 	 Step48/48	- AllReachGoal-True

2025-12-13 00:15:56,981 - PaperAgentLogger - INFO - current rateReachGoal: 0
2025-12-13 00:15:57,004 - PaperAgentLogger - DEBUG - New map
2025-12-13 00:15:59,338 - PaperAgentLogger - INFO - ################## PaperArchitecture_map20x20_rho1_10Agent/K3_HS0/1765556206 - End of loop ##################  
 ####### Case1344 	 Computation time:2.3329946994781494 	 Step78/78	- AllReachGoal-False

2025-12-13 00:15:59,338 - PaperAgentLogger - INFO - current rateReachGoal: 0
2025-12-13 00:15:59,357 - PaperAgentLogger - DEBUG - New map
2025-12-13 00:16:00,604 - PaperAgentLogger - INFO - ################## PaperArchitecture_map20x20_rho1_10Agent/K3_HS0/1765556206 - End of loop ##################  
 ####### Case1345 	 Computation time:1.2458934783935547 	 Step38/60	- AllReachGoal-True

2025-12-13 00:16:00,606 - PaperAgentLogger - INFO - current rateReachGoal: 0
2025-12-13 00:16:00,622 - PaperAgentLogger - DEBUG - New map
2025-12-13 00:16:02,026 - PaperAgentLogger - INFO - ################## PaperArchitecture_map20x20_rho1_10Agent/K3_HS0/1765556206 - End of loop ##################  
 ####### Case1346 	 Computation time:1.4026660919189453 	 Step43/52	- AllReachGoal-True

2025-12-13 00:16:02,026 - PaperAgentLogger - INFO - current rateReachGoal: 0
2025-12-13 00:16:02,042 - PaperAgentLogger - DEBUG - New map
2025-12-13 00:16:02,739 - PaperAgentLogger - INFO - ################## PaperArchitecture_map20x20_rho1_10Agent/K3_HS0/1765556206 - End of loop ##################  
 ####### Case1347 	 Computation time:0.6962113380432129 	 Step21/40	- AllReachGoal-True

2025-12-13 00:16:02,740 - PaperAgentLogger - INFO - current rateReachGoal: 0
2025-12-13 00:16:02,758 - PaperAgentLogger - DEBUG - New map
2025-12-13 00:16:04,429 - PaperAgentLogger - INFO - ################## PaperArchitecture_map20x20_rho1_10Agent/K3_HS0/1765556206 - End of loop ##################  
 ####### Case1348 	 Computation time:1.6711268424987793 	 Step54/54	- AllReachGoal-False

2025-12-13 00:16:04,430 - PaperAgentLogger - INFO - current rateReachGoal: 0
2025-12-13 00:16:04,450 - PaperAgentLogger - DEBUG - New map
2025-12-13 00:16:06,225 - PaperAgentLogger - INFO - ################## PaperArchitecture_map20x20_rho1_10Agent/K3_HS0/1765556206 - End of loop ##################  
 ####### Case1349 	 Computation time:1.7753326892852783 	 Step60/60	- AllReachGoal-False

2025-12-13 00:16:06,228 - PaperAgentLogger - INFO - current rateReachGoal: 0
2025-12-13 00:16:06,248 - PaperAgentLogger - DEBUG - New map
2025-12-13 00:16:08,149 - PaperAgentLogger - INFO - ################## PaperArchitecture_map20x20_rho1_10Agent/K3_HS0/1765556206 - End of loop ##################  
 ####### Case1350 	 Computation time:1.8997843265533447 	 Step64/64	- AllReachGoal-False

2025-12-13 00:16:08,149 - PaperAgentLogger - INFO - current rateReachGoal: 0
2025-12-13 00:16:08,165 - PaperAgentLogger - DEBUG - New map
2025-12-13 00:16:08,774 - PaperAgentLogger - INFO - ################## PaperArchitecture_map20x20_rho1_10Agent/K3_HS0/1765556206 - End of loop ##################  
 ####### Case1351 	 Computation time:0.6086089611053467 	 Step20/42	- AllReachGoal-True

2025-12-13 00:16:08,775 - PaperAgentLogger - INFO - current rateReachGoal: 0
2025-12-13 00:16:08,792 - PaperAgentLogger - DEBUG - New map
2025-12-13 00:16:09,489 - PaperAgentLogger - INFO - ################## PaperArchitecture_map20x20_rho1_10Agent/K3_HS0/1765556206 - End of loop ##################  
 ####### Case1352 	 Computation time:0.6963260173797607 	 Step23/46	- AllReachGoal-True

2025-12-13 00:16:09,490 - PaperAgentLogger - INFO - current rateReachGoal: 0
2025-12-13 00:16:09,509 - PaperAgentLogger - DEBUG - New map
2025-12-13 00:16:10,771 - PaperAgentLogger - INFO - ################## PaperArchitecture_map20x20_rho1_10Agent/K3_HS0/1765556206 - End of loop ##################  
 ####### Case1353 	 Computation time:1.261031150817871 	 Step41/50	- AllReachGoal-True

2025-12-13 00:16:10,771 - PaperAgentLogger - INFO - current rateReachGoal: 0
2025-12-13 00:16:10,787 - PaperAgentLogger - DEBUG - New map
2025-12-13 00:16:12,050 - PaperAgentLogger - INFO - ################## PaperArchitecture_map20x20_rho1_10Agent/K3_HS0/1765556206 - End of loop ##################  
 ####### Case1354 	 Computation time:1.2624871730804443 	 Step42/42	- AllReachGoal-False

2025-12-13 00:16:12,051 - PaperAgentLogger - INFO - current rateReachGoal: 0
2025-12-13 00:16:12,068 - PaperAgentLogger - DEBUG - New map
2025-12-13 00:16:13,624 - PaperAgentLogger - INFO - ################## PaperArchitecture_map20x20_rho1_10Agent/K3_HS0/1765556206 - End of loop ##################  
 ####### Case1355 	 Computation time:1.555302619934082 	 Step52/52	- AllReachGoal-False

2025-12-13 00:16:13,625 - PaperAgentLogger - INFO - current rateReachGoal: 0
2025-12-13 00:16:13,641 - PaperAgentLogger - DEBUG - New map
2025-12-13 00:16:15,020 - PaperAgentLogger - INFO - ################## PaperArchitecture_map20x20_rho1_10Agent/K3_HS0/1765556206 - End of loop ##################  
 ####### Case1356 	 Computation time:1.3783588409423828 	 Step46/46	- AllReachGoal-False

2025-12-13 00:16:15,021 - PaperAgentLogger - INFO - current rateReachGoal: 0
2025-12-13 00:16:15,038 - PaperAgentLogger - DEBUG - New map
2025-12-13 00:16:15,794 - PaperAgentLogger - INFO - ################## PaperArchitecture_map20x20_rho1_10Agent/K3_HS0/1765556206 - End of loop ##################  
 ####### Case1357 	 Computation time:0.7558126449584961 	 Step25/50	- AllReachGoal-True

2025-12-13 00:16:15,795 - PaperAgentLogger - INFO - current rateReachGoal: 0
2025-12-13 00:16:15,811 - PaperAgentLogger - DEBUG - New map
2025-12-13 00:16:17,064 - PaperAgentLogger - INFO - ################## PaperArchitecture_map20x20_rho1_10Agent/K3_HS0/1765556206 - End of loop ##################  
 ####### Case1358 	 Computation time:1.2522823810577393 	 Step42/42	- AllReachGoal-False

2025-12-13 00:16:17,066 - PaperAgentLogger - INFO - current rateReachGoal: 0
2025-12-13 00:16:17,084 - PaperAgentLogger - DEBUG - New map
2025-12-13 00:16:18,753 - PaperAgentLogger - INFO - ################## PaperArchitecture_map20x20_rho1_10Agent/K3_HS0/1765556206 - End of loop ##################  
 ####### Case1359 	 Computation time:1.667978048324585 	 Step56/56	- AllReachGoal-False

2025-12-13 00:16:18,754 - PaperAgentLogger - INFO - current rateReachGoal: 0
2025-12-13 00:16:18,773 - PaperAgentLogger - DEBUG - New map
2025-12-13 00:16:19,699 - PaperAgentLogger - INFO - ################## PaperArchitecture_map20x20_rho1_10Agent/K3_HS0/1765556206 - End of loop ##################  
 ####### Case1360 	 Computation time:0.9256694316864014 	 Step31/62	- AllReachGoal-True

2025-12-13 00:16:19,700 - PaperAgentLogger - INFO - current rateReachGoal: 0
2025-12-13 00:16:19,719 - PaperAgentLogger - DEBUG - New map
2025-12-13 00:16:20,703 - PaperAgentLogger - INFO - ################## PaperArchitecture_map20x20_rho1_10Agent/K3_HS0/1765556206 - End of loop ##################  
 ####### Case1361 	 Computation time:0.9833412170410156 	 Step33/54	- AllReachGoal-True

2025-12-13 00:16:20,704 - PaperAgentLogger - INFO - current rateReachGoal: 0
2025-12-13 00:16:20,719 - PaperAgentLogger - DEBUG - New map
2025-12-13 00:16:21,970 - PaperAgentLogger - INFO - ################## PaperArchitecture_map20x20_rho1_10Agent/K3_HS0/1765556206 - End of loop ##################  
 ####### Case1362 	 Computation time:1.25044584274292 	 Step42/42	- AllReachGoal-False

2025-12-13 00:16:21,971 - PaperAgentLogger - INFO - current rateReachGoal: 0
2025-12-13 00:16:21,990 - PaperAgentLogger - DEBUG - New map
2025-12-13 00:16:22,887 - PaperAgentLogger - INFO - ################## PaperArchitecture_map20x20_rho1_10Agent/K3_HS0/1765556206 - End of loop ##################  
 ####### Case1363 	 Computation time:0.8965575695037842 	 Step30/60	- AllReachGoal-True

2025-12-13 00:16:22,888 - PaperAgentLogger - INFO - current rateReachGoal: 0
2025-12-13 00:16:22,905 - PaperAgentLogger - DEBUG - New map
2025-12-13 00:16:23,747 - PaperAgentLogger - INFO - ################## PaperArchitecture_map20x20_rho1_10Agent/K3_HS0/1765556206 - End of loop ##################  
 ####### Case1364 	 Computation time:0.8407251834869385 	 Step28/52	- AllReachGoal-True

2025-12-13 00:16:23,747 - PaperAgentLogger - INFO - current rateReachGoal: 0
2025-12-13 00:16:23,766 - PaperAgentLogger - DEBUG - New map
2025-12-13 00:16:25,612 - PaperAgentLogger - INFO - ################## PaperArchitecture_map20x20_rho1_10Agent/K3_HS0/1765556206 - End of loop ##################  
 ####### Case1365 	 Computation time:1.8455350399017334 	 Step62/62	- AllReachGoal-False

2025-12-13 00:16:25,613 - PaperAgentLogger - INFO - current rateReachGoal: 0
2025-12-13 00:16:25,633 - PaperAgentLogger - DEBUG - New map
2025-12-13 00:16:27,348 - PaperAgentLogger - INFO - ################## PaperArchitecture_map20x20_rho1_10Agent/K3_HS0/1765556206 - End of loop ##################  
 ####### Case1366 	 Computation time:1.7143869400024414 	 Step56/56	- AllReachGoal-False

2025-12-13 00:16:27,348 - PaperAgentLogger - INFO - current rateReachGoal: 0
2025-12-13 00:16:27,367 - PaperAgentLogger - DEBUG - New map
2025-12-13 00:16:28,409 - PaperAgentLogger - INFO - ################## PaperArchitecture_map20x20_rho1_10Agent/K3_HS0/1765556206 - End of loop ##################  
 ####### Case1367 	 Computation time:1.0414173603057861 	 Step34/64	- AllReachGoal-True

2025-12-13 00:16:28,410 - PaperAgentLogger - INFO - current rateReachGoal: 0
2025-12-13 00:16:28,431 - PaperAgentLogger - DEBUG - New map
2025-12-13 00:16:29,484 - PaperAgentLogger - INFO - ################## PaperArchitecture_map20x20_rho1_10Agent/K3_HS0/1765556206 - End of loop ##################  
 ####### Case1368 	 Computation time:1.053027868270874 	 Step35/66	- AllReachGoal-True

2025-12-13 00:16:29,485 - PaperAgentLogger - INFO - current rateReachGoal: 0
2025-12-13 00:16:29,501 - PaperAgentLogger - DEBUG - New map
2025-12-13 00:16:30,937 - PaperAgentLogger - INFO - ################## PaperArchitecture_map20x20_rho1_10Agent/K3_HS0/1765556206 - End of loop ##################  
 ####### Case1369 	 Computation time:1.4354124069213867 	 Step48/48	- AllReachGoal-False

2025-12-13 00:16:30,938 - PaperAgentLogger - INFO - current rateReachGoal: 0
2025-12-13 00:16:30,959 - PaperAgentLogger - DEBUG - New map
2025-12-13 00:16:32,868 - PaperAgentLogger - INFO - ################## PaperArchitecture_map20x20_rho1_10Agent/K3_HS0/1765556206 - End of loop ##################  
 ####### Case1370 	 Computation time:1.9088776111602783 	 Step64/64	- AllReachGoal-False

2025-12-13 00:16:32,869 - PaperAgentLogger - INFO - current rateReachGoal: 0
2025-12-13 00:16:32,888 - PaperAgentLogger - DEBUG - New map
2025-12-13 00:16:33,837 - PaperAgentLogger - INFO - ################## PaperArchitecture_map20x20_rho1_10Agent/K3_HS0/1765556206 - End of loop ##################  
 ####### Case1371 	 Computation time:0.9482896327972412 	 Step31/58	- AllReachGoal-True

2025-12-13 00:16:33,839 - PaperAgentLogger - INFO - current rateReachGoal: 0
2025-12-13 00:16:33,858 - PaperAgentLogger - DEBUG - New map
2025-12-13 00:16:35,588 - PaperAgentLogger - INFO - ################## PaperArchitecture_map20x20_rho1_10Agent/K3_HS0/1765556206 - End of loop ##################  
 ####### Case1372 	 Computation time:1.7295076847076416 	 Step58/58	- AllReachGoal-False

2025-12-13 00:16:35,589 - PaperAgentLogger - INFO - current rateReachGoal: 0
2025-12-13 00:16:35,607 - PaperAgentLogger - DEBUG - New map
2025-12-13 00:16:36,659 - PaperAgentLogger - INFO - ################## PaperArchitecture_map20x20_rho1_10Agent/K3_HS0/1765556206 - End of loop ##################  
 ####### Case1373 	 Computation time:1.05110502243042 	 Step35/52	- AllReachGoal-True

2025-12-13 00:16:36,659 - PaperAgentLogger - INFO - current rateReachGoal: 0
2025-12-13 00:16:36,678 - PaperAgentLogger - DEBUG - New map
2025-12-13 00:16:38,589 - PaperAgentLogger - INFO - ################## PaperArchitecture_map20x20_rho1_10Agent/K3_HS0/1765556206 - End of loop ##################  
 ####### Case1374 	 Computation time:1.9102404117584229 	 Step64/64	- AllReachGoal-False

2025-12-13 00:16:38,590 - PaperAgentLogger - INFO - current rateReachGoal: 0
2025-12-13 00:16:38,609 - PaperAgentLogger - DEBUG - New map
2025-12-13 00:16:40,353 - PaperAgentLogger - INFO - ################## PaperArchitecture_map20x20_rho1_10Agent/K3_HS0/1765556206 - End of loop ##################  
 ####### Case1375 	 Computation time:1.74314546585083 	 Step58/58	- AllReachGoal-False

2025-12-13 00:16:40,354 - PaperAgentLogger - INFO - current rateReachGoal: 0
2025-12-13 00:16:40,373 - PaperAgentLogger - DEBUG - New map
2025-12-13 00:16:41,276 - PaperAgentLogger - INFO - ################## PaperArchitecture_map20x20_rho1_10Agent/K3_HS0/1765556206 - End of loop ##################  
 ####### Case1376 	 Computation time:0.9026010036468506 	 Step30/56	- AllReachGoal-True

2025-12-13 00:16:41,276 - PaperAgentLogger - INFO - current rateReachGoal: 0
2025-12-13 00:16:41,296 - PaperAgentLogger - DEBUG - New map
2025-12-13 00:16:43,181 - PaperAgentLogger - INFO - ################## PaperArchitecture_map20x20_rho1_10Agent/K3_HS0/1765556206 - End of loop ##################  
 ####### Case1377 	 Computation time:1.8845596313476562 	 Step62/62	- AllReachGoal-False

2025-12-13 00:16:43,182 - PaperAgentLogger - INFO - current rateReachGoal: 0
2025-12-13 00:16:43,199 - PaperAgentLogger - DEBUG - New map
2025-12-13 00:16:44,513 - PaperAgentLogger - INFO - ################## PaperArchitecture_map20x20_rho1_10Agent/K3_HS0/1765556206 - End of loop ##################  
 ####### Case1378 	 Computation time:1.313382863998413 	 Step44/44	- AllReachGoal-False

2025-12-13 00:16:44,514 - PaperAgentLogger - INFO - current rateReachGoal: 0
2025-12-13 00:16:44,533 - PaperAgentLogger - DEBUG - New map
2025-12-13 00:16:46,328 - PaperAgentLogger - INFO - ################## PaperArchitecture_map20x20_rho1_10Agent/K3_HS0/1765556206 - End of loop ##################  
 ####### Case1379 	 Computation time:1.7949175834655762 	 Step56/56	- AllReachGoal-False

2025-12-13 00:16:46,331 - PaperAgentLogger - INFO - current rateReachGoal: 0
2025-12-13 00:16:46,349 - PaperAgentLogger - DEBUG - New map
2025-12-13 00:16:48,147 - PaperAgentLogger - INFO - ################## PaperArchitecture_map20x20_rho1_10Agent/K3_HS0/1765556206 - End of loop ##################  
 ####### Case1380 	 Computation time:1.7980573177337646 	 Step56/56	- AllReachGoal-False

2025-12-13 00:16:48,148 - PaperAgentLogger - INFO - current rateReachGoal: 0
2025-12-13 00:16:48,166 - PaperAgentLogger - DEBUG - New map
2025-12-13 00:16:49,226 - PaperAgentLogger - INFO - ################## PaperArchitecture_map20x20_rho1_10Agent/K3_HS0/1765556206 - End of loop ##################  
 ####### Case1381 	 Computation time:1.0598046779632568 	 Step32/52	- AllReachGoal-True

2025-12-13 00:16:49,227 - PaperAgentLogger - INFO - current rateReachGoal: 0
2025-12-13 00:16:49,244 - PaperAgentLogger - DEBUG - New map
2025-12-13 00:16:50,286 - PaperAgentLogger - INFO - ################## PaperArchitecture_map20x20_rho1_10Agent/K3_HS0/1765556206 - End of loop ##################  
 ####### Case1382 	 Computation time:1.040985345840454 	 Step32/52	- AllReachGoal-True

2025-12-13 00:16:50,287 - PaperAgentLogger - INFO - current rateReachGoal: 0
2025-12-13 00:16:50,303 - PaperAgentLogger - DEBUG - New map
2025-12-13 00:16:51,701 - PaperAgentLogger - INFO - ################## PaperArchitecture_map20x20_rho1_10Agent/K3_HS0/1765556206 - End of loop ##################  
 ####### Case1383 	 Computation time:1.397212028503418 	 Step44/44	- AllReachGoal-False

2025-12-13 00:16:51,703 - PaperAgentLogger - INFO - current rateReachGoal: 0
2025-12-13 00:16:51,721 - PaperAgentLogger - DEBUG - New map
2025-12-13 00:16:53,559 - PaperAgentLogger - INFO - ################## PaperArchitecture_map20x20_rho1_10Agent/K3_HS0/1765556206 - End of loop ##################  
 ####### Case1384 	 Computation time:1.837101697921753 	 Step58/58	- AllReachGoal-False

2025-12-13 00:16:53,560 - PaperAgentLogger - INFO - current rateReachGoal: 0
2025-12-13 00:16:53,577 - PaperAgentLogger - DEBUG - New map
2025-12-13 00:16:54,420 - PaperAgentLogger - INFO - ################## PaperArchitecture_map20x20_rho1_10Agent/K3_HS0/1765556206 - End of loop ##################  
 ####### Case1385 	 Computation time:0.8427374362945557 	 Step27/54	- AllReachGoal-True

2025-12-13 00:16:54,421 - PaperAgentLogger - INFO - current rateReachGoal: 0
2025-12-13 00:16:54,439 - PaperAgentLogger - DEBUG - New map
2025-12-13 00:16:56,364 - PaperAgentLogger - INFO - ################## PaperArchitecture_map20x20_rho1_10Agent/K3_HS0/1765556206 - End of loop ##################  
 ####### Case1386 	 Computation time:1.9242336750030518 	 Step58/58	- AllReachGoal-False

2025-12-13 00:16:56,365 - PaperAgentLogger - INFO - current rateReachGoal: 0
2025-12-13 00:16:56,384 - PaperAgentLogger - DEBUG - New map
2025-12-13 00:16:57,330 - PaperAgentLogger - INFO - ################## PaperArchitecture_map20x20_rho1_10Agent/K3_HS0/1765556206 - End of loop ##################  
 ####### Case1387 	 Computation time:0.9458560943603516 	 Step30/58	- AllReachGoal-True

2025-12-13 00:16:57,333 - PaperAgentLogger - INFO - current rateReachGoal: 0
2025-12-13 00:16:57,350 - PaperAgentLogger - DEBUG - New map
2025-12-13 00:16:59,107 - PaperAgentLogger - INFO - ################## PaperArchitecture_map20x20_rho1_10Agent/K3_HS0/1765556206 - End of loop ##################  
 ####### Case1388 	 Computation time:1.7559800148010254 	 Step56/56	- AllReachGoal-False

2025-12-13 00:16:59,107 - PaperAgentLogger - INFO - current rateReachGoal: 0
2025-12-13 00:16:59,125 - PaperAgentLogger - DEBUG - New map
2025-12-13 00:17:00,404 - PaperAgentLogger - INFO - ################## PaperArchitecture_map20x20_rho1_10Agent/K3_HS0/1765556206 - End of loop ##################  
 ####### Case1389 	 Computation time:1.2784028053283691 	 Step40/54	- AllReachGoal-True

2025-12-13 00:17:00,405 - PaperAgentLogger - INFO - current rateReachGoal: 0
2025-12-13 00:17:00,423 - PaperAgentLogger - DEBUG - New map
2025-12-13 00:17:02,095 - PaperAgentLogger - INFO - ################## PaperArchitecture_map20x20_rho1_10Agent/K3_HS0/1765556206 - End of loop ##################  
 ####### Case1390 	 Computation time:1.6707262992858887 	 Step54/54	- AllReachGoal-False

2025-12-13 00:17:02,096 - PaperAgentLogger - INFO - current rateReachGoal: 0
2025-12-13 00:17:02,114 - PaperAgentLogger - DEBUG - New map
2025-12-13 00:17:04,163 - PaperAgentLogger - INFO - ################## PaperArchitecture_map20x20_rho1_10Agent/K3_HS0/1765556206 - End of loop ##################  
 ####### Case1391 	 Computation time:2.0482969284057617 	 Step62/62	- AllReachGoal-False

2025-12-13 00:17:04,164 - PaperAgentLogger - INFO - current rateReachGoal: 0
2025-12-13 00:17:04,181 - PaperAgentLogger - DEBUG - New map
2025-12-13 00:17:05,631 - PaperAgentLogger - INFO - ################## PaperArchitecture_map20x20_rho1_10Agent/K3_HS0/1765556206 - End of loop ##################  
 ####### Case1392 	 Computation time:1.4499032497406006 	 Step46/46	- AllReachGoal-False

2025-12-13 00:17:05,632 - PaperAgentLogger - INFO - current rateReachGoal: 0
2025-12-13 00:17:05,649 - PaperAgentLogger - DEBUG - New map
2025-12-13 00:17:07,086 - PaperAgentLogger - INFO - ################## PaperArchitecture_map20x20_rho1_10Agent/K3_HS0/1765556206 - End of loop ##################  
 ####### Case1393 	 Computation time:1.4368829727172852 	 Step48/48	- AllReachGoal-False

2025-12-13 00:17:07,087 - PaperAgentLogger - INFO - current rateReachGoal: 0
2025-12-13 00:17:07,105 - PaperAgentLogger - DEBUG - New map
2025-12-13 00:17:08,009 - PaperAgentLogger - INFO - ################## PaperArchitecture_map20x20_rho1_10Agent/K3_HS0/1765556206 - End of loop ##################  
 ####### Case1394 	 Computation time:0.9033768177032471 	 Step30/50	- AllReachGoal-True

2025-12-13 00:17:08,010 - PaperAgentLogger - INFO - current rateReachGoal: 0
2025-12-13 00:17:08,026 - PaperAgentLogger - DEBUG - New map
2025-12-13 00:17:08,900 - PaperAgentLogger - INFO - ################## PaperArchitecture_map20x20_rho1_10Agent/K3_HS0/1765556206 - End of loop ##################  
 ####### Case1395 	 Computation time:0.8731920719146729 	 Step29/44	- AllReachGoal-True

2025-12-13 00:17:08,900 - PaperAgentLogger - INFO - current rateReachGoal: 0
2025-12-13 00:17:08,918 - PaperAgentLogger - DEBUG - New map
2025-12-13 00:17:10,467 - PaperAgentLogger - INFO - ################## PaperArchitecture_map20x20_rho1_10Agent/K3_HS0/1765556206 - End of loop ##################  
 ####### Case1396 	 Computation time:1.5483787059783936 	 Step52/52	- AllReachGoal-False

2025-12-13 00:17:10,468 - PaperAgentLogger - INFO - current rateReachGoal: 0
2025-12-13 00:17:10,484 - PaperAgentLogger - DEBUG - New map
2025-12-13 00:17:11,240 - PaperAgentLogger - INFO - ################## PaperArchitecture_map20x20_rho1_10Agent/K3_HS0/1765556206 - End of loop ##################  
 ####### Case1397 	 Computation time:0.7553741931915283 	 Step25/46	- AllReachGoal-True

2025-12-13 00:17:11,240 - PaperAgentLogger - INFO - current rateReachGoal: 0
2025-12-13 00:17:11,258 - PaperAgentLogger - DEBUG - New map
2025-12-13 00:17:12,478 - PaperAgentLogger - INFO - ################## PaperArchitecture_map20x20_rho1_10Agent/K3_HS0/1765556206 - End of loop ##################  
 ####### Case1398 	 Computation time:1.2192416191101074 	 Step39/46	- AllReachGoal-True

2025-12-13 00:17:12,479 - PaperAgentLogger - INFO - current rateReachGoal: 0
2025-12-13 00:17:12,498 - PaperAgentLogger - DEBUG - New map
2025-12-13 00:17:14,337 - PaperAgentLogger - INFO - ################## PaperArchitecture_map20x20_rho1_10Agent/K3_HS0/1765556206 - End of loop ##################  
 ####### Case1399 	 Computation time:1.8380191326141357 	 Step60/60	- AllReachGoal-False

2025-12-13 00:17:14,337 - PaperAgentLogger - INFO - current rateReachGoal: 0
2025-12-13 00:17:14,356 - PaperAgentLogger - DEBUG - New map
2025-12-13 00:17:15,217 - PaperAgentLogger - INFO - ################## PaperArchitecture_map20x20_rho1_10Agent/K3_HS0/1765556206 - End of loop ##################  
 ####### Case1400 	 Computation time:0.8601815700531006 	 Step29/56	- AllReachGoal-True

2025-12-13 00:17:15,217 - PaperAgentLogger - INFO - current rateReachGoal: 0
2025-12-13 00:17:15,233 - PaperAgentLogger - DEBUG - New map
2025-12-13 00:17:15,961 - PaperAgentLogger - INFO - ################## PaperArchitecture_map20x20_rho1_10Agent/K3_HS0/1765556206 - End of loop ##################  
 ####### Case1401 	 Computation time:0.7276110649108887 	 Step22/36	- AllReachGoal-True

2025-12-13 00:17:15,963 - PaperAgentLogger - INFO - current rateReachGoal: 0
2025-12-13 00:17:15,981 - PaperAgentLogger - DEBUG - New map
2025-12-13 00:17:17,224 - PaperAgentLogger - INFO - ################## PaperArchitecture_map20x20_rho1_10Agent/K3_HS0/1765556206 - End of loop ##################  
 ####### Case1402 	 Computation time:1.2423884868621826 	 Step42/54	- AllReachGoal-True

2025-12-13 00:17:17,225 - PaperAgentLogger - INFO - current rateReachGoal: 0
2025-12-13 00:17:17,241 - PaperAgentLogger - DEBUG - New map
2025-12-13 00:17:18,216 - PaperAgentLogger - INFO - ################## PaperArchitecture_map20x20_rho1_10Agent/K3_HS0/1765556206 - End of loop ##################  
 ####### Case1403 	 Computation time:0.9746456146240234 	 Step33/40	- AllReachGoal-True

2025-12-13 00:17:18,217 - PaperAgentLogger - INFO - current rateReachGoal: 0
2025-12-13 00:17:18,235 - PaperAgentLogger - DEBUG - New map
2025-12-13 00:17:19,272 - PaperAgentLogger - INFO - ################## PaperArchitecture_map20x20_rho1_10Agent/K3_HS0/1765556206 - End of loop ##################  
 ####### Case1404 	 Computation time:1.036698341369629 	 Step35/52	- AllReachGoal-True

2025-12-13 00:17:19,273 - PaperAgentLogger - INFO - current rateReachGoal: 0
2025-12-13 00:17:19,290 - PaperAgentLogger - DEBUG - New map
2025-12-13 00:17:20,032 - PaperAgentLogger - INFO - ################## PaperArchitecture_map20x20_rho1_10Agent/K3_HS0/1765556206 - End of loop ##################  
 ####### Case1405 	 Computation time:0.7418873310089111 	 Step25/46	- AllReachGoal-True

2025-12-13 00:17:20,033 - PaperAgentLogger - INFO - current rateReachGoal: 0
2025-12-13 00:17:20,051 - PaperAgentLogger - DEBUG - New map
2025-12-13 00:17:20,975 - PaperAgentLogger - INFO - ################## PaperArchitecture_map20x20_rho1_10Agent/K3_HS0/1765556206 - End of loop ##################  
 ####### Case1406 	 Computation time:0.9233589172363281 	 Step31/56	- AllReachGoal-True

2025-12-13 00:17:20,978 - PaperAgentLogger - INFO - current rateReachGoal: 0
2025-12-13 00:17:20,995 - PaperAgentLogger - DEBUG - New map
2025-12-13 00:17:21,707 - PaperAgentLogger - INFO - ################## PaperArchitecture_map20x20_rho1_10Agent/K3_HS0/1765556206 - End of loop ##################  
 ####### Case1407 	 Computation time:0.7110109329223633 	 Step24/48	- AllReachGoal-True

2025-12-13 00:17:21,707 - PaperAgentLogger - INFO - current rateReachGoal: 0
2025-12-13 00:17:21,724 - PaperAgentLogger - DEBUG - New map
2025-12-13 00:17:22,522 - PaperAgentLogger - INFO - ################## PaperArchitecture_map20x20_rho1_10Agent/K3_HS0/1765556206 - End of loop ##################  
 ####### Case1408 	 Computation time:0.7969882488250732 	 Step27/50	- AllReachGoal-True

2025-12-13 00:17:22,523 - PaperAgentLogger - INFO - current rateReachGoal: 0
2025-12-13 00:17:22,540 - PaperAgentLogger - DEBUG - New map
2025-12-13 00:17:24,071 - PaperAgentLogger - INFO - ################## PaperArchitecture_map20x20_rho1_10Agent/K3_HS0/1765556206 - End of loop ##################  
 ####### Case1409 	 Computation time:1.5312814712524414 	 Step52/52	- AllReachGoal-False

2025-12-13 00:17:24,072 - PaperAgentLogger - INFO - current rateReachGoal: 0
2025-12-13 00:17:24,090 - PaperAgentLogger - DEBUG - New map
2025-12-13 00:17:24,970 - PaperAgentLogger - INFO - ################## PaperArchitecture_map20x20_rho1_10Agent/K3_HS0/1765556206 - End of loop ##################  
 ####### Case1410 	 Computation time:0.8794033527374268 	 Step27/50	- AllReachGoal-True

2025-12-13 00:17:24,971 - PaperAgentLogger - INFO - current rateReachGoal: 0
2025-12-13 00:17:24,991 - PaperAgentLogger - DEBUG - New map
2025-12-13 00:17:27,108 - PaperAgentLogger - INFO - ################## PaperArchitecture_map20x20_rho1_10Agent/K3_HS0/1765556206 - End of loop ##################  
 ####### Case1411 	 Computation time:2.1160972118377686 	 Step72/72	- AllReachGoal-False

2025-12-13 00:17:27,109 - PaperAgentLogger - INFO - current rateReachGoal: 0
2025-12-13 00:17:27,125 - PaperAgentLogger - DEBUG - New map
2025-12-13 00:17:28,095 - PaperAgentLogger - INFO - ################## PaperArchitecture_map20x20_rho1_10Agent/K3_HS0/1765556206 - End of loop ##################  
 ####### Case1412 	 Computation time:0.9692955017089844 	 Step31/48	- AllReachGoal-True

2025-12-13 00:17:28,096 - PaperAgentLogger - INFO - current rateReachGoal: 0
2025-12-13 00:17:28,113 - PaperAgentLogger - DEBUG - New map
2025-12-13 00:17:29,502 - PaperAgentLogger - INFO - ################## PaperArchitecture_map20x20_rho1_10Agent/K3_HS0/1765556206 - End of loop ##################  
 ####### Case1413 	 Computation time:1.3887393474578857 	 Step46/46	- AllReachGoal-False

2025-12-13 00:17:29,503 - PaperAgentLogger - INFO - current rateReachGoal: 0
2025-12-13 00:17:29,523 - PaperAgentLogger - DEBUG - New map
2025-12-13 00:17:31,224 - PaperAgentLogger - INFO - ################## PaperArchitecture_map20x20_rho1_10Agent/K3_HS0/1765556206 - End of loop ##################  
 ####### Case1414 	 Computation time:1.7005832195281982 	 Step57/70	- AllReachGoal-True

2025-12-13 00:17:31,225 - PaperAgentLogger - INFO - current rateReachGoal: 0
2025-12-13 00:17:31,242 - PaperAgentLogger - DEBUG - New map
2025-12-13 00:17:31,921 - PaperAgentLogger - INFO - ################## PaperArchitecture_map20x20_rho1_10Agent/K3_HS0/1765556206 - End of loop ##################  
 ####### Case1415 	 Computation time:0.6792385578155518 	 Step23/46	- AllReachGoal-True

2025-12-13 00:17:31,922 - PaperAgentLogger - INFO - current rateReachGoal: 0
2025-12-13 00:17:31,940 - PaperAgentLogger - DEBUG - New map
2025-12-13 00:17:32,771 - PaperAgentLogger - INFO - ################## PaperArchitecture_map20x20_rho1_10Agent/K3_HS0/1765556206 - End of loop ##################  
 ####### Case1416 	 Computation time:0.8312313556671143 	 Step28/56	- AllReachGoal-True

2025-12-13 00:17:32,772 - PaperAgentLogger - INFO - current rateReachGoal: 0
2025-12-13 00:17:32,791 - PaperAgentLogger - DEBUG - New map
2025-12-13 00:17:33,621 - PaperAgentLogger - INFO - ################## PaperArchitecture_map20x20_rho1_10Agent/K3_HS0/1765556206 - End of loop ##################  
 ####### Case1417 	 Computation time:0.8297863006591797 	 Step28/56	- AllReachGoal-True

2025-12-13 00:17:33,622 - PaperAgentLogger - INFO - current rateReachGoal: 0
2025-12-13 00:17:33,642 - PaperAgentLogger - DEBUG - New map
2025-12-13 00:17:34,672 - PaperAgentLogger - INFO - ################## PaperArchitecture_map20x20_rho1_10Agent/K3_HS0/1765556206 - End of loop ##################  
 ####### Case1418 	 Computation time:1.0302670001983643 	 Step35/60	- AllReachGoal-True

2025-12-13 00:17:34,673 - PaperAgentLogger - INFO - current rateReachGoal: 0
2025-12-13 00:17:34,692 - PaperAgentLogger - DEBUG - New map
2025-12-13 00:17:35,608 - PaperAgentLogger - INFO - ################## PaperArchitecture_map20x20_rho1_10Agent/K3_HS0/1765556206 - End of loop ##################  
 ####### Case1419 	 Computation time:0.9157352447509766 	 Step28/56	- AllReachGoal-True

2025-12-13 00:17:35,609 - PaperAgentLogger - INFO - current rateReachGoal: 0
2025-12-13 00:17:35,626 - PaperAgentLogger - DEBUG - New map
2025-12-13 00:17:37,058 - PaperAgentLogger - INFO - ################## PaperArchitecture_map20x20_rho1_10Agent/K3_HS0/1765556206 - End of loop ##################  
 ####### Case1420 	 Computation time:1.4308500289916992 	 Step48/48	- AllReachGoal-False

2025-12-13 00:17:37,058 - PaperAgentLogger - INFO - current rateReachGoal: 0
2025-12-13 00:17:37,076 - PaperAgentLogger - DEBUG - New map
2025-12-13 00:17:38,898 - PaperAgentLogger - INFO - ################## PaperArchitecture_map20x20_rho1_10Agent/K3_HS0/1765556206 - End of loop ##################  
 ####### Case1421 	 Computation time:1.8216655254364014 	 Step56/56	- AllReachGoal-False

2025-12-13 00:17:38,899 - PaperAgentLogger - INFO - current rateReachGoal: 0
2025-12-13 00:17:38,916 - PaperAgentLogger - DEBUG - New map
2025-12-13 00:17:39,745 - PaperAgentLogger - INFO - ################## PaperArchitecture_map20x20_rho1_10Agent/K3_HS0/1765556206 - End of loop ##################  
 ####### Case1422 	 Computation time:0.8285541534423828 	 Step25/46	- AllReachGoal-True

2025-12-13 00:17:39,745 - PaperAgentLogger - INFO - current rateReachGoal: 0
2025-12-13 00:17:39,763 - PaperAgentLogger - DEBUG - New map
2025-12-13 00:17:40,631 - PaperAgentLogger - INFO - ################## PaperArchitecture_map20x20_rho1_10Agent/K3_HS0/1765556206 - End of loop ##################  
 ####### Case1423 	 Computation time:0.8669068813323975 	 Step27/52	- AllReachGoal-True

2025-12-13 00:17:40,631 - PaperAgentLogger - INFO - current rateReachGoal: 0
2025-12-13 00:17:40,651 - PaperAgentLogger - DEBUG - New map
2025-12-13 00:17:41,730 - PaperAgentLogger - INFO - ################## PaperArchitecture_map20x20_rho1_10Agent/K3_HS0/1765556206 - End of loop ##################  
 ####### Case1424 	 Computation time:1.0782115459442139 	 Step35/66	- AllReachGoal-True

2025-12-13 00:17:41,731 - PaperAgentLogger - INFO - current rateReachGoal: 0
2025-12-13 00:17:41,750 - PaperAgentLogger - DEBUG - New map
2025-12-13 00:17:43,405 - PaperAgentLogger - INFO - ################## PaperArchitecture_map20x20_rho1_10Agent/K3_HS0/1765556206 - End of loop ##################  
 ####### Case1425 	 Computation time:1.6545941829681396 	 Step52/52	- AllReachGoal-False

2025-12-13 00:17:43,406 - PaperAgentLogger - INFO - current rateReachGoal: 0
2025-12-13 00:17:43,423 - PaperAgentLogger - DEBUG - New map
2025-12-13 00:17:44,183 - PaperAgentLogger - INFO - ################## PaperArchitecture_map20x20_rho1_10Agent/K3_HS0/1765556206 - End of loop ##################  
 ####### Case1426 	 Computation time:0.7594506740570068 	 Step23/42	- AllReachGoal-True

2025-12-13 00:17:44,185 - PaperAgentLogger - INFO - current rateReachGoal: 0
2025-12-13 00:17:44,203 - PaperAgentLogger - DEBUG - New map
2025-12-13 00:17:45,106 - PaperAgentLogger - INFO - ################## PaperArchitecture_map20x20_rho1_10Agent/K3_HS0/1765556206 - End of loop ##################  
 ####### Case1427 	 Computation time:0.9026899337768555 	 Step28/52	- AllReachGoal-True

2025-12-13 00:17:45,107 - PaperAgentLogger - INFO - current rateReachGoal: 0
2025-12-13 00:17:45,126 - PaperAgentLogger - DEBUG - New map
2025-12-13 00:17:46,106 - PaperAgentLogger - INFO - ################## PaperArchitecture_map20x20_rho1_10Agent/K3_HS0/1765556206 - End of loop ##################  
 ####### Case1428 	 Computation time:0.9796962738037109 	 Step32/60	- AllReachGoal-True

2025-12-13 00:17:46,107 - PaperAgentLogger - INFO - current rateReachGoal: 0
2025-12-13 00:17:46,129 - PaperAgentLogger - DEBUG - New map
2025-12-13 00:17:47,386 - PaperAgentLogger - INFO - ################## PaperArchitecture_map20x20_rho1_10Agent/K3_HS0/1765556206 - End of loop ##################  
 ####### Case1429 	 Computation time:1.2568471431732178 	 Step41/56	- AllReachGoal-True

2025-12-13 00:17:47,387 - PaperAgentLogger - INFO - current rateReachGoal: 0
2025-12-13 00:17:47,407 - PaperAgentLogger - DEBUG - New map
2025-12-13 00:17:48,756 - PaperAgentLogger - INFO - ################## PaperArchitecture_map20x20_rho1_10Agent/K3_HS0/1765556206 - End of loop ##################  
 ####### Case1430 	 Computation time:1.3488492965698242 	 Step44/66	- AllReachGoal-True

2025-12-13 00:17:48,757 - PaperAgentLogger - INFO - current rateReachGoal: 0
2025-12-13 00:17:48,775 - PaperAgentLogger - DEBUG - New map
2025-12-13 00:17:49,694 - PaperAgentLogger - INFO - ################## PaperArchitecture_map20x20_rho1_10Agent/K3_HS0/1765556206 - End of loop ##################  
 ####### Case1431 	 Computation time:0.9174704551696777 	 Step29/54	- AllReachGoal-True

2025-12-13 00:17:49,694 - PaperAgentLogger - INFO - current rateReachGoal: 0
2025-12-13 00:17:49,710 - PaperAgentLogger - DEBUG - New map
2025-12-13 00:17:50,463 - PaperAgentLogger - INFO - ################## PaperArchitecture_map20x20_rho1_10Agent/K3_HS0/1765556206 - End of loop ##################  
 ####### Case1432 	 Computation time:0.7528116703033447 	 Step23/38	- AllReachGoal-True

2025-12-13 00:17:50,464 - PaperAgentLogger - INFO - current rateReachGoal: 0
2025-12-13 00:17:50,482 - PaperAgentLogger - DEBUG - New map
2025-12-13 00:17:51,305 - PaperAgentLogger - INFO - ################## PaperArchitecture_map20x20_rho1_10Agent/K3_HS0/1765556206 - End of loop ##################  
 ####### Case1433 	 Computation time:0.8232219219207764 	 Step25/48	- AllReachGoal-True

2025-12-13 00:17:51,306 - PaperAgentLogger - INFO - current rateReachGoal: 0
2025-12-13 00:17:51,324 - PaperAgentLogger - DEBUG - New map
2025-12-13 00:17:52,925 - PaperAgentLogger - INFO - ################## PaperArchitecture_map20x20_rho1_10Agent/K3_HS0/1765556206 - End of loop ##################  
 ####### Case1434 	 Computation time:1.6005043983459473 	 Step54/54	- AllReachGoal-False

2025-12-13 00:17:52,926 - PaperAgentLogger - INFO - current rateReachGoal: 0
2025-12-13 00:17:52,943 - PaperAgentLogger - DEBUG - New map
2025-12-13 00:17:53,800 - PaperAgentLogger - INFO - ################## PaperArchitecture_map20x20_rho1_10Agent/K3_HS0/1765556206 - End of loop ##################  
 ####### Case1435 	 Computation time:0.8558990955352783 	 Step29/58	- AllReachGoal-True

2025-12-13 00:17:53,800 - PaperAgentLogger - INFO - current rateReachGoal: 0
2025-12-13 00:17:53,816 - PaperAgentLogger - DEBUG - New map
2025-12-13 00:17:55,260 - PaperAgentLogger - INFO - ################## PaperArchitecture_map20x20_rho1_10Agent/K3_HS0/1765556206 - End of loop ##################  
 ####### Case1436 	 Computation time:1.4426987171173096 	 Step44/44	- AllReachGoal-False

2025-12-13 00:17:55,262 - PaperAgentLogger - INFO - current rateReachGoal: 0
2025-12-13 00:17:55,281 - PaperAgentLogger - DEBUG - New map
2025-12-13 00:17:56,835 - PaperAgentLogger - INFO - ################## PaperArchitecture_map20x20_rho1_10Agent/K3_HS0/1765556206 - End of loop ##################  
 ####### Case1437 	 Computation time:1.5537238121032715 	 Step52/52	- AllReachGoal-False

2025-12-13 00:17:56,836 - PaperAgentLogger - INFO - current rateReachGoal: 0
2025-12-13 00:17:56,852 - PaperAgentLogger - DEBUG - New map
2025-12-13 00:17:58,148 - PaperAgentLogger - INFO - ################## PaperArchitecture_map20x20_rho1_10Agent/K3_HS0/1765556206 - End of loop ##################  
 ####### Case1438 	 Computation time:1.2956182956695557 	 Step44/44	- AllReachGoal-False

2025-12-13 00:17:58,149 - PaperAgentLogger - INFO - current rateReachGoal: 0
2025-12-13 00:17:58,165 - PaperAgentLogger - DEBUG - New map
2025-12-13 00:17:58,912 - PaperAgentLogger - INFO - ################## PaperArchitecture_map20x20_rho1_10Agent/K3_HS0/1765556206 - End of loop ##################  
 ####### Case1439 	 Computation time:0.7457280158996582 	 Step25/50	- AllReachGoal-True

2025-12-13 00:17:58,912 - PaperAgentLogger - INFO - current rateReachGoal: 0
2025-12-13 00:17:58,930 - PaperAgentLogger - DEBUG - New map
2025-12-13 00:17:59,674 - PaperAgentLogger - INFO - ################## PaperArchitecture_map20x20_rho1_10Agent/K3_HS0/1765556206 - End of loop ##################  
 ####### Case1440 	 Computation time:0.7444088459014893 	 Step25/50	- AllReachGoal-True

2025-12-13 00:17:59,675 - PaperAgentLogger - INFO - current rateReachGoal: 0
2025-12-13 00:17:59,692 - PaperAgentLogger - DEBUG - New map
2025-12-13 00:18:00,993 - PaperAgentLogger - INFO - ################## PaperArchitecture_map20x20_rho1_10Agent/K3_HS0/1765556206 - End of loop ##################  
 ####### Case1441 	 Computation time:1.3007094860076904 	 Step44/44	- AllReachGoal-False

2025-12-13 00:18:00,994 - PaperAgentLogger - INFO - current rateReachGoal: 0
2025-12-13 00:18:01,010 - PaperAgentLogger - DEBUG - New map
2025-12-13 00:18:01,964 - PaperAgentLogger - INFO - ################## PaperArchitecture_map20x20_rho1_10Agent/K3_HS0/1765556206 - End of loop ##################  
 ####### Case1442 	 Computation time:0.9532232284545898 	 Step32/48	- AllReachGoal-True

2025-12-13 00:18:01,965 - PaperAgentLogger - INFO - current rateReachGoal: 0
2025-12-13 00:18:01,983 - PaperAgentLogger - DEBUG - New map
2025-12-13 00:18:03,579 - PaperAgentLogger - INFO - ################## PaperArchitecture_map20x20_rho1_10Agent/K3_HS0/1765556206 - End of loop ##################  
 ####### Case1443 	 Computation time:1.5951735973358154 	 Step54/54	- AllReachGoal-False

2025-12-13 00:18:03,580 - PaperAgentLogger - INFO - current rateReachGoal: 0
2025-12-13 00:18:03,601 - PaperAgentLogger - DEBUG - New map
2025-12-13 00:18:05,478 - PaperAgentLogger - INFO - ################## PaperArchitecture_map20x20_rho1_10Agent/K3_HS0/1765556206 - End of loop ##################  
 ####### Case1444 	 Computation time:1.8767385482788086 	 Step60/60	- AllReachGoal-False

2025-12-13 00:18:05,479 - PaperAgentLogger - INFO - current rateReachGoal: 0
2025-12-13 00:18:05,496 - PaperAgentLogger - DEBUG - New map
2025-12-13 00:18:06,324 - PaperAgentLogger - INFO - ################## PaperArchitecture_map20x20_rho1_10Agent/K3_HS0/1765556206 - End of loop ##################  
 ####### Case1445 	 Computation time:0.8268601894378662 	 Step27/50	- AllReachGoal-True

2025-12-13 00:18:06,326 - PaperAgentLogger - INFO - current rateReachGoal: 0
2025-12-13 00:18:06,346 - PaperAgentLogger - DEBUG - New map
2025-12-13 00:18:08,298 - PaperAgentLogger - INFO - ################## PaperArchitecture_map20x20_rho1_10Agent/K3_HS0/1765556206 - End of loop ##################  
 ####### Case1446 	 Computation time:1.9516785144805908 	 Step64/64	- AllReachGoal-False

2025-12-13 00:18:08,299 - PaperAgentLogger - INFO - current rateReachGoal: 0
2025-12-13 00:18:08,316 - PaperAgentLogger - DEBUG - New map
2025-12-13 00:18:09,258 - PaperAgentLogger - INFO - ################## PaperArchitecture_map20x20_rho1_10Agent/K3_HS0/1765556206 - End of loop ##################  
 ####### Case1447 	 Computation time:0.9421956539154053 	 Step30/42	- AllReachGoal-True

2025-12-13 00:18:09,259 - PaperAgentLogger - INFO - current rateReachGoal: 0
2025-12-13 00:18:09,276 - PaperAgentLogger - DEBUG - New map
2025-12-13 00:18:10,904 - PaperAgentLogger - INFO - ################## PaperArchitecture_map20x20_rho1_10Agent/K3_HS0/1765556206 - End of loop ##################  
 ####### Case1448 	 Computation time:1.6269230842590332 	 Step52/52	- AllReachGoal-False

2025-12-13 00:18:10,904 - PaperAgentLogger - INFO - current rateReachGoal: 0
2025-12-13 00:18:10,925 - PaperAgentLogger - DEBUG - New map
2025-12-13 00:18:11,917 - PaperAgentLogger - INFO - ################## PaperArchitecture_map20x20_rho1_10Agent/K3_HS0/1765556206 - End of loop ##################  
 ####### Case1449 	 Computation time:0.9908335208892822 	 Step30/60	- AllReachGoal-True

2025-12-13 00:18:11,919 - PaperAgentLogger - INFO - current rateReachGoal: 0
2025-12-13 00:18:11,936 - PaperAgentLogger - DEBUG - New map
2025-12-13 00:18:12,926 - PaperAgentLogger - INFO - ################## PaperArchitecture_map20x20_rho1_10Agent/K3_HS0/1765556206 - End of loop ##################  
 ####### Case1450 	 Computation time:0.9886527061462402 	 Step30/50	- AllReachGoal-True

2025-12-13 00:18:12,926 - PaperAgentLogger - INFO - current rateReachGoal: 0
2025-12-13 00:18:12,944 - PaperAgentLogger - DEBUG - New map
2025-12-13 00:18:14,510 - PaperAgentLogger - INFO - ################## PaperArchitecture_map20x20_rho1_10Agent/K3_HS0/1765556206 - End of loop ##################  
 ####### Case1451 	 Computation time:1.5658438205718994 	 Step48/48	- AllReachGoal-False

2025-12-13 00:18:14,511 - PaperAgentLogger - INFO - current rateReachGoal: 0
2025-12-13 00:18:14,529 - PaperAgentLogger - DEBUG - New map
2025-12-13 00:18:15,786 - PaperAgentLogger - INFO - ################## PaperArchitecture_map20x20_rho1_10Agent/K3_HS0/1765556206 - End of loop ##################  
 ####### Case1452 	 Computation time:1.2559854984283447 	 Step39/54	- AllReachGoal-True

2025-12-13 00:18:15,787 - PaperAgentLogger - INFO - current rateReachGoal: 0
2025-12-13 00:18:15,803 - PaperAgentLogger - DEBUG - New map
2025-12-13 00:18:17,337 - PaperAgentLogger - INFO - ################## PaperArchitecture_map20x20_rho1_10Agent/K3_HS0/1765556206 - End of loop ##################  
 ####### Case1453 	 Computation time:1.5328741073608398 	 Step46/46	- AllReachGoal-False

2025-12-13 00:18:17,339 - PaperAgentLogger - INFO - current rateReachGoal: 0
2025-12-13 00:18:17,359 - PaperAgentLogger - DEBUG - New map
2025-12-13 00:18:19,016 - PaperAgentLogger - INFO - ################## PaperArchitecture_map20x20_rho1_10Agent/K3_HS0/1765556206 - End of loop ##################  
 ####### Case1454 	 Computation time:1.6566381454467773 	 Step52/52	- AllReachGoal-False

2025-12-13 00:18:19,017 - PaperAgentLogger - INFO - current rateReachGoal: 0
2025-12-13 00:18:19,034 - PaperAgentLogger - DEBUG - New map
2025-12-13 00:18:19,933 - PaperAgentLogger - INFO - ################## PaperArchitecture_map20x20_rho1_10Agent/K3_HS0/1765556206 - End of loop ##################  
 ####### Case1455 	 Computation time:0.8981902599334717 	 Step27/42	- AllReachGoal-True

2025-12-13 00:18:19,933 - PaperAgentLogger - INFO - current rateReachGoal: 0
2025-12-13 00:18:19,951 - PaperAgentLogger - DEBUG - New map
2025-12-13 00:18:20,864 - PaperAgentLogger - INFO - ################## PaperArchitecture_map20x20_rho1_10Agent/K3_HS0/1765556206 - End of loop ##################  
 ####### Case1456 	 Computation time:0.9121201038360596 	 Step29/54	- AllReachGoal-True

2025-12-13 00:18:20,865 - PaperAgentLogger - INFO - current rateReachGoal: 0
2025-12-13 00:18:20,885 - PaperAgentLogger - DEBUG - New map
2025-12-13 00:18:22,963 - PaperAgentLogger - INFO - ################## PaperArchitecture_map20x20_rho1_10Agent/K3_HS0/1765556206 - End of loop ##################  
 ####### Case1457 	 Computation time:2.078200578689575 	 Step66/66	- AllReachGoal-False

2025-12-13 00:18:22,966 - PaperAgentLogger - INFO - current rateReachGoal: 0
2025-12-13 00:18:22,987 - PaperAgentLogger - DEBUG - New map
2025-12-13 00:18:24,939 - PaperAgentLogger - INFO - ################## PaperArchitecture_map20x20_rho1_10Agent/K3_HS0/1765556206 - End of loop ##################  
 ####### Case1458 	 Computation time:1.951263666152954 	 Step60/60	- AllReachGoal-False

2025-12-13 00:18:24,940 - PaperAgentLogger - INFO - current rateReachGoal: 0
2025-12-13 00:18:24,959 - PaperAgentLogger - DEBUG - New map
2025-12-13 00:18:25,924 - PaperAgentLogger - INFO - ################## PaperArchitecture_map20x20_rho1_10Agent/K3_HS0/1765556206 - End of loop ##################  
 ####### Case1459 	 Computation time:0.9644870758056641 	 Step32/60	- AllReachGoal-True

2025-12-13 00:18:25,925 - PaperAgentLogger - INFO - current rateReachGoal: 0
2025-12-13 00:18:25,940 - PaperAgentLogger - DEBUG - New map
2025-12-13 00:18:26,619 - PaperAgentLogger - INFO - ################## PaperArchitecture_map20x20_rho1_10Agent/K3_HS0/1765556206 - End of loop ##################  
 ####### Case1460 	 Computation time:0.6781163215637207 	 Step22/42	- AllReachGoal-True

2025-12-13 00:18:26,620 - PaperAgentLogger - INFO - current rateReachGoal: 0
2025-12-13 00:18:26,638 - PaperAgentLogger - DEBUG - New map
2025-12-13 00:18:27,614 - PaperAgentLogger - INFO - ################## PaperArchitecture_map20x20_rho1_10Agent/K3_HS0/1765556206 - End of loop ##################  
 ####### Case1461 	 Computation time:0.9750807285308838 	 Step31/54	- AllReachGoal-True

2025-12-13 00:18:27,615 - PaperAgentLogger - INFO - current rateReachGoal: 0
2025-12-13 00:18:27,630 - PaperAgentLogger - DEBUG - New map
2025-12-13 00:18:28,958 - PaperAgentLogger - INFO - ################## PaperArchitecture_map20x20_rho1_10Agent/K3_HS0/1765556206 - End of loop ##################  
 ####### Case1462 	 Computation time:1.327526569366455 	 Step40/40	- AllReachGoal-False

2025-12-13 00:18:28,958 - PaperAgentLogger - INFO - current rateReachGoal: 0
2025-12-13 00:18:28,976 - PaperAgentLogger - DEBUG - New map
2025-12-13 00:18:29,884 - PaperAgentLogger - INFO - ################## PaperArchitecture_map20x20_rho1_10Agent/K3_HS0/1765556206 - End of loop ##################  
 ####### Case1463 	 Computation time:0.9079835414886475 	 Step29/50	- AllReachGoal-True

2025-12-13 00:18:29,885 - PaperAgentLogger - INFO - current rateReachGoal: 0
2025-12-13 00:18:29,905 - PaperAgentLogger - DEBUG - New map
2025-12-13 00:18:31,605 - PaperAgentLogger - INFO - ################## PaperArchitecture_map20x20_rho1_10Agent/K3_HS0/1765556206 - End of loop ##################  
 ####### Case1464 	 Computation time:1.6996781826019287 	 Step54/54	- AllReachGoal-False

2025-12-13 00:18:31,606 - PaperAgentLogger - INFO - current rateReachGoal: 0
2025-12-13 00:18:31,626 - PaperAgentLogger - DEBUG - New map
2025-12-13 00:18:33,676 - PaperAgentLogger - INFO - ################## PaperArchitecture_map20x20_rho1_10Agent/K3_HS0/1765556206 - End of loop ##################  
 ####### Case1465 	 Computation time:2.0492613315582275 	 Step63/68	- AllReachGoal-True

2025-12-13 00:18:33,677 - PaperAgentLogger - INFO - current rateReachGoal: 0
2025-12-13 00:18:33,694 - PaperAgentLogger - DEBUG - New map
2025-12-13 00:18:34,477 - PaperAgentLogger - INFO - ################## PaperArchitecture_map20x20_rho1_10Agent/K3_HS0/1765556206 - End of loop ##################  
 ####### Case1466 	 Computation time:0.7822830677032471 	 Step25/50	- AllReachGoal-True

2025-12-13 00:18:34,480 - PaperAgentLogger - INFO - current rateReachGoal: 0
2025-12-13 00:18:34,499 - PaperAgentLogger - DEBUG - New map
2025-12-13 00:18:36,435 - PaperAgentLogger - INFO - ################## PaperArchitecture_map20x20_rho1_10Agent/K3_HS0/1765556206 - End of loop ##################  
 ####### Case1467 	 Computation time:1.935487985610962 	 Step64/64	- AllReachGoal-False

2025-12-13 00:18:36,436 - PaperAgentLogger - INFO - current rateReachGoal: 0
2025-12-13 00:18:36,453 - PaperAgentLogger - DEBUG - New map
2025-12-13 00:18:37,942 - PaperAgentLogger - INFO - ################## PaperArchitecture_map20x20_rho1_10Agent/K3_HS0/1765556206 - End of loop ##################  
 ####### Case1468 	 Computation time:1.4878349304199219 	 Step50/50	- AllReachGoal-False

2025-12-13 00:18:37,942 - PaperAgentLogger - INFO - current rateReachGoal: 0
2025-12-13 00:18:37,960 - PaperAgentLogger - DEBUG - New map
2025-12-13 00:18:39,444 - PaperAgentLogger - INFO - ################## PaperArchitecture_map20x20_rho1_10Agent/K3_HS0/1765556206 - End of loop ##################  
 ####### Case1469 	 Computation time:1.4826552867889404 	 Step50/50	- AllReachGoal-False

2025-12-13 00:18:39,444 - PaperAgentLogger - INFO - current rateReachGoal: 0
2025-12-13 00:18:39,462 - PaperAgentLogger - DEBUG - New map
2025-12-13 00:18:41,181 - PaperAgentLogger - INFO - ################## PaperArchitecture_map20x20_rho1_10Agent/K3_HS0/1765556206 - End of loop ##################  
 ####### Case1470 	 Computation time:1.7181005477905273 	 Step54/54	- AllReachGoal-False

2025-12-13 00:18:41,182 - PaperAgentLogger - INFO - current rateReachGoal: 0
2025-12-13 00:18:41,199 - PaperAgentLogger - DEBUG - New map
2025-12-13 00:18:42,454 - PaperAgentLogger - INFO - ################## PaperArchitecture_map20x20_rho1_10Agent/K3_HS0/1765556206 - End of loop ##################  
 ####### Case1471 	 Computation time:1.254638671875 	 Step42/42	- AllReachGoal-False

2025-12-13 00:18:42,455 - PaperAgentLogger - INFO - current rateReachGoal: 0
2025-12-13 00:18:42,471 - PaperAgentLogger - DEBUG - New map
2025-12-13 00:18:43,105 - PaperAgentLogger - INFO - ################## PaperArchitecture_map20x20_rho1_10Agent/K3_HS0/1765556206 - End of loop ##################  
 ####### Case1472 	 Computation time:0.6333177089691162 	 Step21/42	- AllReachGoal-True

2025-12-13 00:18:43,105 - PaperAgentLogger - INFO - current rateReachGoal: 0
2025-12-13 00:18:43,124 - PaperAgentLogger - DEBUG - New map
2025-12-13 00:18:45,100 - PaperAgentLogger - INFO - ################## PaperArchitecture_map20x20_rho1_10Agent/K3_HS0/1765556206 - End of loop ##################  
 ####### Case1473 	 Computation time:1.9756832122802734 	 Step64/64	- AllReachGoal-False

2025-12-13 00:18:45,101 - PaperAgentLogger - INFO - current rateReachGoal: 0
2025-12-13 00:18:45,118 - PaperAgentLogger - DEBUG - New map
2025-12-13 00:18:46,079 - PaperAgentLogger - INFO - ################## PaperArchitecture_map20x20_rho1_10Agent/K3_HS0/1765556206 - End of loop ##################  
 ####### Case1474 	 Computation time:0.960097074508667 	 Step32/58	- AllReachGoal-True

2025-12-13 00:18:46,080 - PaperAgentLogger - INFO - current rateReachGoal: 0
2025-12-13 00:18:46,100 - PaperAgentLogger - DEBUG - New map
2025-12-13 00:18:47,938 - PaperAgentLogger - INFO - ################## PaperArchitecture_map20x20_rho1_10Agent/K3_HS0/1765556206 - End of loop ##################  
 ####### Case1475 	 Computation time:1.838266372680664 	 Step62/62	- AllReachGoal-False

2025-12-13 00:18:47,939 - PaperAgentLogger - INFO - current rateReachGoal: 0
2025-12-13 00:18:47,956 - PaperAgentLogger - DEBUG - New map
2025-12-13 00:18:48,708 - PaperAgentLogger - INFO - ################## PaperArchitecture_map20x20_rho1_10Agent/K3_HS0/1765556206 - End of loop ##################  
 ####### Case1476 	 Computation time:0.751528263092041 	 Step25/50	- AllReachGoal-True

2025-12-13 00:18:48,709 - PaperAgentLogger - INFO - current rateReachGoal: 0
2025-12-13 00:18:48,727 - PaperAgentLogger - DEBUG - New map
2025-12-13 00:18:49,683 - PaperAgentLogger - INFO - ################## PaperArchitecture_map20x20_rho1_10Agent/K3_HS0/1765556206 - End of loop ##################  
 ####### Case1477 	 Computation time:0.9559369087219238 	 Step29/48	- AllReachGoal-True

2025-12-13 00:18:49,684 - PaperAgentLogger - INFO - current rateReachGoal: 0
2025-12-13 00:18:49,702 - PaperAgentLogger - DEBUG - New map
2025-12-13 00:18:51,335 - PaperAgentLogger - INFO - ################## PaperArchitecture_map20x20_rho1_10Agent/K3_HS0/1765556206 - End of loop ##################  
 ####### Case1478 	 Computation time:1.6318845748901367 	 Step54/54	- AllReachGoal-False

2025-12-13 00:18:51,336 - PaperAgentLogger - INFO - current rateReachGoal: 0
2025-12-13 00:18:51,355 - PaperAgentLogger - DEBUG - New map
2025-12-13 00:18:53,283 - PaperAgentLogger - INFO - ################## PaperArchitecture_map20x20_rho1_10Agent/K3_HS0/1765556206 - End of loop ##################  
 ####### Case1479 	 Computation time:1.9275200366973877 	 Step64/66	- AllReachGoal-True

2025-12-13 00:18:53,285 - PaperAgentLogger - INFO - current rateReachGoal: 0
2025-12-13 00:18:53,305 - PaperAgentLogger - DEBUG - New map
2025-12-13 00:18:55,109 - PaperAgentLogger - INFO - ################## PaperArchitecture_map20x20_rho1_10Agent/K3_HS0/1765556206 - End of loop ##################  
 ####### Case1480 	 Computation time:1.803863763809204 	 Step58/58	- AllReachGoal-False

2025-12-13 00:18:55,110 - PaperAgentLogger - INFO - current rateReachGoal: 0
2025-12-13 00:18:55,128 - PaperAgentLogger - DEBUG - New map
2025-12-13 00:18:55,935 - PaperAgentLogger - INFO - ################## PaperArchitecture_map20x20_rho1_10Agent/K3_HS0/1765556206 - End of loop ##################  
 ####### Case1481 	 Computation time:0.8060510158538818 	 Step27/54	- AllReachGoal-True

2025-12-13 00:18:55,936 - PaperAgentLogger - INFO - current rateReachGoal: 0
2025-12-13 00:18:55,954 - PaperAgentLogger - DEBUG - New map
2025-12-13 00:18:56,816 - PaperAgentLogger - INFO - ################## PaperArchitecture_map20x20_rho1_10Agent/K3_HS0/1765556206 - End of loop ##################  
 ####### Case1482 	 Computation time:0.8613953590393066 	 Step29/56	- AllReachGoal-True

2025-12-13 00:18:56,816 - PaperAgentLogger - INFO - current rateReachGoal: 0
2025-12-13 00:18:56,838 - PaperAgentLogger - DEBUG - New map
2025-12-13 00:18:58,992 - PaperAgentLogger - INFO - ################## PaperArchitecture_map20x20_rho1_10Agent/K3_HS0/1765556206 - End of loop ##################  
 ####### Case1483 	 Computation time:2.153134346008301 	 Step70/70	- AllReachGoal-False

2025-12-13 00:18:58,993 - PaperAgentLogger - INFO - current rateReachGoal: 0
2025-12-13 00:18:59,012 - PaperAgentLogger - DEBUG - New map
2025-12-13 00:19:00,622 - PaperAgentLogger - INFO - ################## PaperArchitecture_map20x20_rho1_10Agent/K3_HS0/1765556206 - End of loop ##################  
 ####### Case1484 	 Computation time:1.6091465950012207 	 Step54/54	- AllReachGoal-False

2025-12-13 00:19:00,622 - PaperAgentLogger - INFO - current rateReachGoal: 0
2025-12-13 00:19:00,642 - PaperAgentLogger - DEBUG - New map
2025-12-13 00:19:01,654 - PaperAgentLogger - INFO - ################## PaperArchitecture_map20x20_rho1_10Agent/K3_HS0/1765556206 - End of loop ##################  
 ####### Case1485 	 Computation time:1.011474609375 	 Step34/68	- AllReachGoal-True

2025-12-13 00:19:01,654 - PaperAgentLogger - INFO - current rateReachGoal: 0
2025-12-13 00:19:01,675 - PaperAgentLogger - DEBUG - New map
2025-12-13 00:19:02,857 - PaperAgentLogger - INFO - ################## PaperArchitecture_map20x20_rho1_10Agent/K3_HS0/1765556206 - End of loop ##################  
 ####### Case1486 	 Computation time:1.1813247203826904 	 Step36/72	- AllReachGoal-True

2025-12-13 00:19:02,858 - PaperAgentLogger - INFO - current rateReachGoal: 0
2025-12-13 00:19:02,875 - PaperAgentLogger - DEBUG - New map
2025-12-13 00:19:03,642 - PaperAgentLogger - INFO - ################## PaperArchitecture_map20x20_rho1_10Agent/K3_HS0/1765556206 - End of loop ##################  
 ####### Case1487 	 Computation time:0.7662699222564697 	 Step23/46	- AllReachGoal-True

2025-12-13 00:19:03,643 - PaperAgentLogger - INFO - current rateReachGoal: 0
2025-12-13 00:19:03,661 - PaperAgentLogger - DEBUG - New map
2025-12-13 00:19:05,161 - PaperAgentLogger - INFO - ################## PaperArchitecture_map20x20_rho1_10Agent/K3_HS0/1765556206 - End of loop ##################  
 ####### Case1488 	 Computation time:1.4989397525787354 	 Step46/54	- AllReachGoal-True

2025-12-13 00:19:05,161 - PaperAgentLogger - INFO - current rateReachGoal: 0
2025-12-13 00:19:05,181 - PaperAgentLogger - DEBUG - New map
2025-12-13 00:19:07,034 - PaperAgentLogger - INFO - ################## PaperArchitecture_map20x20_rho1_10Agent/K3_HS0/1765556206 - End of loop ##################  
 ####### Case1489 	 Computation time:1.852524757385254 	 Step57/60	- AllReachGoal-True

2025-12-13 00:19:07,035 - PaperAgentLogger - INFO - current rateReachGoal: 0
2025-12-13 00:19:07,052 - PaperAgentLogger - DEBUG - New map
2025-12-13 00:19:08,746 - PaperAgentLogger - INFO - ################## PaperArchitecture_map20x20_rho1_10Agent/K3_HS0/1765556206 - End of loop ##################  
 ####### Case1490 	 Computation time:1.6930441856384277 	 Step52/52	- AllReachGoal-False

2025-12-13 00:19:08,747 - PaperAgentLogger - INFO - current rateReachGoal: 0
2025-12-13 00:19:08,764 - PaperAgentLogger - DEBUG - New map
2025-12-13 00:19:10,170 - PaperAgentLogger - INFO - ################## PaperArchitecture_map20x20_rho1_10Agent/K3_HS0/1765556206 - End of loop ##################  
 ####### Case1491 	 Computation time:1.4052963256835938 	 Step46/46	- AllReachGoal-False

2025-12-13 00:19:10,170 - PaperAgentLogger - INFO - current rateReachGoal: 0
2025-12-13 00:19:10,189 - PaperAgentLogger - DEBUG - New map
2025-12-13 00:19:11,922 - PaperAgentLogger - INFO - ################## PaperArchitecture_map20x20_rho1_10Agent/K3_HS0/1765556206 - End of loop ##################  
 ####### Case1492 	 Computation time:1.7328863143920898 	 Step56/56	- AllReachGoal-False

2025-12-13 00:19:11,923 - PaperAgentLogger - INFO - current rateReachGoal: 0
2025-12-13 00:19:11,942 - PaperAgentLogger - DEBUG - New map
2025-12-13 00:19:13,235 - PaperAgentLogger - INFO - ################## PaperArchitecture_map20x20_rho1_10Agent/K3_HS0/1765556206 - End of loop ##################  
 ####### Case1493 	 Computation time:1.292504072189331 	 Step42/60	- AllReachGoal-True

2025-12-13 00:19:13,236 - PaperAgentLogger - INFO - current rateReachGoal: 0
2025-12-13 00:19:13,254 - PaperAgentLogger - DEBUG - New map
2025-12-13 00:19:14,827 - PaperAgentLogger - INFO - ################## PaperArchitecture_map20x20_rho1_10Agent/K3_HS0/1765556206 - End of loop ##################  
 ####### Case1494 	 Computation time:1.5726163387298584 	 Step52/52	- AllReachGoal-False

2025-12-13 00:19:14,828 - PaperAgentLogger - INFO - current rateReachGoal: 0
2025-12-13 00:19:14,848 - PaperAgentLogger - DEBUG - New map
2025-12-13 00:19:16,689 - PaperAgentLogger - INFO - ################## PaperArchitecture_map20x20_rho1_10Agent/K3_HS0/1765556206 - End of loop ##################  
 ####### Case1495 	 Computation time:1.8405556678771973 	 Step62/62	- AllReachGoal-False

2025-12-13 00:19:16,689 - PaperAgentLogger - INFO - current rateReachGoal: 0
2025-12-13 00:19:16,705 - PaperAgentLogger - DEBUG - New map
2025-12-13 00:19:18,024 - PaperAgentLogger - INFO - ################## PaperArchitecture_map20x20_rho1_10Agent/K3_HS0/1765556206 - End of loop ##################  
 ####### Case1496 	 Computation time:1.31827712059021 	 Step44/44	- AllReachGoal-False

2025-12-13 00:19:18,025 - PaperAgentLogger - INFO - current rateReachGoal: 0
2025-12-13 00:19:18,044 - PaperAgentLogger - DEBUG - New map
2025-12-13 00:19:19,712 - PaperAgentLogger - INFO - ################## PaperArchitecture_map20x20_rho1_10Agent/K3_HS0/1765556206 - End of loop ##################  
 ####### Case1497 	 Computation time:1.6673202514648438 	 Step56/56	- AllReachGoal-False

2025-12-13 00:19:19,713 - PaperAgentLogger - INFO - current rateReachGoal: 0
2025-12-13 00:19:19,733 - PaperAgentLogger - DEBUG - New map
2025-12-13 00:19:21,344 - PaperAgentLogger - INFO - ################## PaperArchitecture_map20x20_rho1_10Agent/K3_HS0/1765556206 - End of loop ##################  
 ####### Case1498 	 Computation time:1.6099514961242676 	 Step54/70	- AllReachGoal-True

2025-12-13 00:19:21,344 - PaperAgentLogger - INFO - current rateReachGoal: 0
2025-12-13 00:19:21,363 - PaperAgentLogger - DEBUG - New map
2025-12-13 00:19:23,007 - PaperAgentLogger - INFO - ################## PaperArchitecture_map20x20_rho1_10Agent/K3_HS0/1765556206 - End of loop ##################  
 ####### Case1499 	 Computation time:1.6436185836791992 	 Step52/52	- AllReachGoal-False

2025-12-13 00:19:23,008 - PaperAgentLogger - INFO - current rateReachGoal: 0
2025-12-13 00:19:23,026 - PaperAgentLogger - DEBUG - New map
2025-12-13 00:19:24,695 - PaperAgentLogger - INFO - ################## PaperArchitecture_map20x20_rho1_10Agent/K3_HS0/1765556206 - End of loop ##################  
 ####### Case1500 	 Computation time:1.6681854724884033 	 Step52/52	- AllReachGoal-False

2025-12-13 00:19:24,696 - PaperAgentLogger - INFO - current rateReachGoal: 0
2025-12-13 00:19:24,714 - PaperAgentLogger - DEBUG - New map
2025-12-13 00:19:25,633 - PaperAgentLogger - INFO - ################## PaperArchitecture_map20x20_rho1_10Agent/K3_HS0/1765556206 - End of loop ##################  
 ####### Case1501 	 Computation time:0.9185519218444824 	 Step30/56	- AllReachGoal-True

2025-12-13 00:19:25,634 - PaperAgentLogger - INFO - current rateReachGoal: 0
2025-12-13 00:19:25,651 - PaperAgentLogger - DEBUG - New map
2025-12-13 00:19:26,357 - PaperAgentLogger - INFO - ################## PaperArchitecture_map20x20_rho1_10Agent/K3_HS0/1765556206 - End of loop ##################  
 ####### Case1502 	 Computation time:0.7053749561309814 	 Step24/46	- AllReachGoal-True

2025-12-13 00:19:26,357 - PaperAgentLogger - INFO - current rateReachGoal: 0
2025-12-13 00:19:26,373 - PaperAgentLogger - DEBUG - New map
2025-12-13 00:19:27,152 - PaperAgentLogger - INFO - ################## PaperArchitecture_map20x20_rho1_10Agent/K3_HS0/1765556206 - End of loop ##################  
 ####### Case1503 	 Computation time:0.7790007591247559 	 Step24/46	- AllReachGoal-True

2025-12-13 00:19:27,153 - PaperAgentLogger - INFO - current rateReachGoal: 0
2025-12-13 00:19:27,170 - PaperAgentLogger - DEBUG - New map
2025-12-13 00:19:28,817 - PaperAgentLogger - INFO - ################## PaperArchitecture_map20x20_rho1_10Agent/K3_HS0/1765556206 - End of loop ##################  
 ####### Case1504 	 Computation time:1.6461668014526367 	 Step56/56	- AllReachGoal-False

2025-12-13 00:19:28,818 - PaperAgentLogger - INFO - current rateReachGoal: 0
2025-12-13 00:19:28,836 - PaperAgentLogger - DEBUG - New map
2025-12-13 00:19:29,685 - PaperAgentLogger - INFO - ################## PaperArchitecture_map20x20_rho1_10Agent/K3_HS0/1765556206 - End of loop ##################  
 ####### Case1505 	 Computation time:0.8483657836914062 	 Step29/56	- AllReachGoal-True

2025-12-13 00:19:29,686 - PaperAgentLogger - INFO - current rateReachGoal: 0
2025-12-13 00:19:29,704 - PaperAgentLogger - DEBUG - New map
2025-12-13 00:19:30,527 - PaperAgentLogger - INFO - ################## PaperArchitecture_map20x20_rho1_10Agent/K3_HS0/1765556206 - End of loop ##################  
 ####### Case1506 	 Computation time:0.822040319442749 	 Step28/54	- AllReachGoal-True

2025-12-13 00:19:30,527 - PaperAgentLogger - INFO - current rateReachGoal: 0
2025-12-13 00:19:30,545 - PaperAgentLogger - DEBUG - New map
2025-12-13 00:19:31,943 - PaperAgentLogger - INFO - ################## PaperArchitecture_map20x20_rho1_10Agent/K3_HS0/1765556206 - End of loop ##################  
 ####### Case1507 	 Computation time:1.3971741199493408 	 Step48/48	- AllReachGoal-False

2025-12-13 00:19:31,944 - PaperAgentLogger - INFO - current rateReachGoal: 0
2025-12-13 00:19:31,961 - PaperAgentLogger - DEBUG - New map
2025-12-13 00:19:32,782 - PaperAgentLogger - INFO - ################## PaperArchitecture_map20x20_rho1_10Agent/K3_HS0/1765556206 - End of loop ##################  
 ####### Case1508 	 Computation time:0.8203456401824951 	 Step25/48	- AllReachGoal-True

2025-12-13 00:19:32,783 - PaperAgentLogger - INFO - current rateReachGoal: 0
2025-12-13 00:19:32,800 - PaperAgentLogger - DEBUG - New map
2025-12-13 00:19:33,624 - PaperAgentLogger - INFO - ################## PaperArchitecture_map20x20_rho1_10Agent/K3_HS0/1765556206 - End of loop ##################  
 ####### Case1509 	 Computation time:0.8240406513214111 	 Step28/48	- AllReachGoal-True

2025-12-13 00:19:33,625 - PaperAgentLogger - INFO - current rateReachGoal: 0
2025-12-13 00:19:33,645 - PaperAgentLogger - DEBUG - New map
2025-12-13 00:19:35,578 - PaperAgentLogger - INFO - ################## PaperArchitecture_map20x20_rho1_10Agent/K3_HS0/1765556206 - End of loop ##################  
 ####### Case1510 	 Computation time:1.9323651790618896 	 Step62/62	- AllReachGoal-False

2025-12-13 00:19:35,578 - PaperAgentLogger - INFO - current rateReachGoal: 0
2025-12-13 00:19:35,596 - PaperAgentLogger - DEBUG - New map
2025-12-13 00:19:37,283 - PaperAgentLogger - INFO - ################## PaperArchitecture_map20x20_rho1_10Agent/K3_HS0/1765556206 - End of loop ##################  
 ####### Case1511 	 Computation time:1.6863138675689697 	 Step52/52	- AllReachGoal-False

2025-12-13 00:19:37,284 - PaperAgentLogger - INFO - current rateReachGoal: 0
2025-12-13 00:19:37,300 - PaperAgentLogger - DEBUG - New map
2025-12-13 00:19:37,914 - PaperAgentLogger - INFO - ################## PaperArchitecture_map20x20_rho1_10Agent/K3_HS0/1765556206 - End of loop ##################  
 ####### Case1512 	 Computation time:0.6138627529144287 	 Step19/38	- AllReachGoal-True

2025-12-13 00:19:37,915 - PaperAgentLogger - INFO - current rateReachGoal: 0
2025-12-13 00:19:37,933 - PaperAgentLogger - DEBUG - New map
2025-12-13 00:19:38,846 - PaperAgentLogger - INFO - ################## PaperArchitecture_map20x20_rho1_10Agent/K3_HS0/1765556206 - End of loop ##################  
 ####### Case1513 	 Computation time:0.9127693176269531 	 Step28/56	- AllReachGoal-True

2025-12-13 00:19:38,847 - PaperAgentLogger - INFO - current rateReachGoal: 0
2025-12-13 00:19:38,866 - PaperAgentLogger - DEBUG - New map
2025-12-13 00:19:39,908 - PaperAgentLogger - INFO - ################## PaperArchitecture_map20x20_rho1_10Agent/K3_HS0/1765556206 - End of loop ##################  
 ####### Case1514 	 Computation time:1.0422778129577637 	 Step32/58	- AllReachGoal-True

2025-12-13 00:19:39,909 - PaperAgentLogger - INFO - current rateReachGoal: 0
2025-12-13 00:19:39,929 - PaperAgentLogger - DEBUG - New map
2025-12-13 00:19:41,905 - PaperAgentLogger - INFO - ################## PaperArchitecture_map20x20_rho1_10Agent/K3_HS0/1765556206 - End of loop ##################  
 ####### Case1515 	 Computation time:1.9757936000823975 	 Step66/66	- AllReachGoal-False

2025-12-13 00:19:41,906 - PaperAgentLogger - INFO - current rateReachGoal: 0
2025-12-13 00:19:41,923 - PaperAgentLogger - DEBUG - New map
2025-12-13 00:19:42,675 - PaperAgentLogger - INFO - ################## PaperArchitecture_map20x20_rho1_10Agent/K3_HS0/1765556206 - End of loop ##################  
 ####### Case1516 	 Computation time:0.7512714862823486 	 Step23/46	- AllReachGoal-True

2025-12-13 00:19:42,676 - PaperAgentLogger - INFO - current rateReachGoal: 0
2025-12-13 00:19:42,693 - PaperAgentLogger - DEBUG - New map
2025-12-13 00:19:44,306 - PaperAgentLogger - INFO - ################## PaperArchitecture_map20x20_rho1_10Agent/K3_HS0/1765556206 - End of loop ##################  
 ####### Case1517 	 Computation time:1.6128692626953125 	 Step50/50	- AllReachGoal-False

2025-12-13 00:19:44,307 - PaperAgentLogger - INFO - current rateReachGoal: 0
2025-12-13 00:19:44,326 - PaperAgentLogger - DEBUG - New map
2025-12-13 00:19:45,333 - PaperAgentLogger - INFO - ################## PaperArchitecture_map20x20_rho1_10Agent/K3_HS0/1765556206 - End of loop ##################  
 ####### Case1518 	 Computation time:1.0066194534301758 	 Step31/58	- AllReachGoal-True

2025-12-13 00:19:45,334 - PaperAgentLogger - INFO - current rateReachGoal: 0
2025-12-13 00:19:45,352 - PaperAgentLogger - DEBUG - New map
2025-12-13 00:19:46,334 - PaperAgentLogger - INFO - ################## PaperArchitecture_map20x20_rho1_10Agent/K3_HS0/1765556206 - End of loop ##################  
 ####### Case1519 	 Computation time:0.9816772937774658 	 Step33/56	- AllReachGoal-True

2025-12-13 00:19:46,335 - PaperAgentLogger - INFO - current rateReachGoal: 0
2025-12-13 00:19:46,353 - PaperAgentLogger - DEBUG - New map
2025-12-13 00:19:47,151 - PaperAgentLogger - INFO - ################## PaperArchitecture_map20x20_rho1_10Agent/K3_HS0/1765556206 - End of loop ##################  
 ####### Case1520 	 Computation time:0.7981383800506592 	 Step26/48	- AllReachGoal-True

2025-12-13 00:19:47,154 - PaperAgentLogger - INFO - current rateReachGoal: 0
2025-12-13 00:19:47,170 - PaperAgentLogger - DEBUG - New map
2025-12-13 00:19:47,963 - PaperAgentLogger - INFO - ################## PaperArchitecture_map20x20_rho1_10Agent/K3_HS0/1765556206 - End of loop ##################  
 ####### Case1521 	 Computation time:0.7921936511993408 	 Step26/50	- AllReachGoal-True

2025-12-13 00:19:47,964 - PaperAgentLogger - INFO - current rateReachGoal: 0
2025-12-13 00:19:47,980 - PaperAgentLogger - DEBUG - New map
2025-12-13 00:19:48,707 - PaperAgentLogger - INFO - ################## PaperArchitecture_map20x20_rho1_10Agent/K3_HS0/1765556206 - End of loop ##################  
 ####### Case1522 	 Computation time:0.7254931926727295 	 Step22/44	- AllReachGoal-True

2025-12-13 00:19:48,707 - PaperAgentLogger - INFO - current rateReachGoal: 0
2025-12-13 00:19:48,723 - PaperAgentLogger - DEBUG - New map
2025-12-13 00:19:49,448 - PaperAgentLogger - INFO - ################## PaperArchitecture_map20x20_rho1_10Agent/K3_HS0/1765556206 - End of loop ##################  
 ####### Case1523 	 Computation time:0.7245879173278809 	 Step23/46	- AllReachGoal-True

2025-12-13 00:19:49,449 - PaperAgentLogger - INFO - current rateReachGoal: 0
2025-12-13 00:19:49,467 - PaperAgentLogger - DEBUG - New map
2025-12-13 00:19:50,637 - PaperAgentLogger - INFO - ################## PaperArchitecture_map20x20_rho1_10Agent/K3_HS0/1765556206 - End of loop ##################  
 ####### Case1524 	 Computation time:1.1687662601470947 	 Step37/60	- AllReachGoal-True

2025-12-13 00:19:50,638 - PaperAgentLogger - INFO - current rateReachGoal: 0
2025-12-13 00:19:50,655 - PaperAgentLogger - DEBUG - New map
2025-12-13 00:19:51,363 - PaperAgentLogger - INFO - ################## PaperArchitecture_map20x20_rho1_10Agent/K3_HS0/1765556206 - End of loop ##################  
 ####### Case1525 	 Computation time:0.7072553634643555 	 Step24/48	- AllReachGoal-True

2025-12-13 00:19:51,364 - PaperAgentLogger - INFO - current rateReachGoal: 0
2025-12-13 00:19:51,382 - PaperAgentLogger - DEBUG - New map
2025-12-13 00:19:52,285 - PaperAgentLogger - INFO - ################## PaperArchitecture_map20x20_rho1_10Agent/K3_HS0/1765556206 - End of loop ##################  
 ####### Case1526 	 Computation time:0.9023756980895996 	 Step29/54	- AllReachGoal-True

2025-12-13 00:19:52,287 - PaperAgentLogger - INFO - current rateReachGoal: 0
2025-12-13 00:19:52,306 - PaperAgentLogger - DEBUG - New map
2025-12-13 00:19:53,309 - PaperAgentLogger - INFO - ################## PaperArchitecture_map20x20_rho1_10Agent/K3_HS0/1765556206 - End of loop ##################  
 ####### Case1527 	 Computation time:1.002211570739746 	 Step31/62	- AllReachGoal-True

2025-12-13 00:19:53,310 - PaperAgentLogger - INFO - current rateReachGoal: 0
2025-12-13 00:19:53,330 - PaperAgentLogger - DEBUG - New map
2025-12-13 00:19:54,733 - PaperAgentLogger - INFO - ################## PaperArchitecture_map20x20_rho1_10Agent/K3_HS0/1765556206 - End of loop ##################  
 ####### Case1528 	 Computation time:1.4026925563812256 	 Step45/68	- AllReachGoal-True

2025-12-13 00:19:54,734 - PaperAgentLogger - INFO - current rateReachGoal: 0
2025-12-13 00:19:54,752 - PaperAgentLogger - DEBUG - New map
2025-12-13 00:19:56,291 - PaperAgentLogger - INFO - ################## PaperArchitecture_map20x20_rho1_10Agent/K3_HS0/1765556206 - End of loop ##################  
 ####### Case1529 	 Computation time:1.5382404327392578 	 Step52/52	- AllReachGoal-False

2025-12-13 00:19:56,292 - PaperAgentLogger - INFO - current rateReachGoal: 0
2025-12-13 00:19:56,310 - PaperAgentLogger - DEBUG - New map
2025-12-13 00:19:57,275 - PaperAgentLogger - INFO - ################## PaperArchitecture_map20x20_rho1_10Agent/K3_HS0/1765556206 - End of loop ##################  
 ####### Case1530 	 Computation time:0.9634723663330078 	 Step33/62	- AllReachGoal-True

2025-12-13 00:19:57,275 - PaperAgentLogger - INFO - current rateReachGoal: 0
2025-12-13 00:19:57,290 - PaperAgentLogger - DEBUG - New map
2025-12-13 00:19:57,820 - PaperAgentLogger - INFO - ################## PaperArchitecture_map20x20_rho1_10Agent/K3_HS0/1765556206 - End of loop ##################  
 ####### Case1531 	 Computation time:0.5294463634490967 	 Step18/36	- AllReachGoal-True

2025-12-13 00:19:57,820 - PaperAgentLogger - INFO - current rateReachGoal: 0
2025-12-13 00:19:57,836 - PaperAgentLogger - DEBUG - New map
2025-12-13 00:19:58,457 - PaperAgentLogger - INFO - ################## PaperArchitecture_map20x20_rho1_10Agent/K3_HS0/1765556206 - End of loop ##################  
 ####### Case1532 	 Computation time:0.620323896408081 	 Step21/38	- AllReachGoal-True

2025-12-13 00:19:58,458 - PaperAgentLogger - INFO - current rateReachGoal: 0
2025-12-13 00:19:58,480 - PaperAgentLogger - DEBUG - New map
2025-12-13 00:20:00,277 - PaperAgentLogger - INFO - ################## PaperArchitecture_map20x20_rho1_10Agent/K3_HS0/1765556206 - End of loop ##################  
 ####### Case1533 	 Computation time:1.7960925102233887 	 Step62/62	- AllReachGoal-False

2025-12-13 00:20:00,278 - PaperAgentLogger - INFO - current rateReachGoal: 0
2025-12-13 00:20:00,299 - PaperAgentLogger - DEBUG - New map
2025-12-13 00:20:01,376 - PaperAgentLogger - INFO - ################## PaperArchitecture_map20x20_rho1_10Agent/K3_HS0/1765556206 - End of loop ##################  
 ####### Case1534 	 Computation time:1.076223373413086 	 Step37/68	- AllReachGoal-True

2025-12-13 00:20:01,377 - PaperAgentLogger - INFO - current rateReachGoal: 0
2025-12-13 00:20:01,393 - PaperAgentLogger - DEBUG - New map
2025-12-13 00:20:02,796 - PaperAgentLogger - INFO - ################## PaperArchitecture_map20x20_rho1_10Agent/K3_HS0/1765556206 - End of loop ##################  
 ####### Case1535 	 Computation time:1.402113914489746 	 Step48/48	- AllReachGoal-False

2025-12-13 00:20:02,797 - PaperAgentLogger - INFO - current rateReachGoal: 0
2025-12-13 00:20:02,816 - PaperAgentLogger - DEBUG - New map
2025-12-13 00:20:04,504 - PaperAgentLogger - INFO - ################## PaperArchitecture_map20x20_rho1_10Agent/K3_HS0/1765556206 - End of loop ##################  
 ####### Case1536 	 Computation time:1.6874444484710693 	 Step58/58	- AllReachGoal-False

2025-12-13 00:20:04,505 - PaperAgentLogger - INFO - current rateReachGoal: 0
2025-12-13 00:20:04,523 - PaperAgentLogger - DEBUG - New map
2025-12-13 00:20:05,994 - PaperAgentLogger - INFO - ################## PaperArchitecture_map20x20_rho1_10Agent/K3_HS0/1765556206 - End of loop ##################  
 ####### Case1537 	 Computation time:1.469951868057251 	 Step50/50	- AllReachGoal-False

2025-12-13 00:20:05,994 - PaperAgentLogger - INFO - current rateReachGoal: 0
2025-12-13 00:20:06,012 - PaperAgentLogger - DEBUG - New map
2025-12-13 00:20:06,691 - PaperAgentLogger - INFO - ################## PaperArchitecture_map20x20_rho1_10Agent/K3_HS0/1765556206 - End of loop ##################  
 ####### Case1538 	 Computation time:0.6788396835327148 	 Step23/46	- AllReachGoal-True

2025-12-13 00:20:06,692 - PaperAgentLogger - INFO - current rateReachGoal: 0
2025-12-13 00:20:06,707 - PaperAgentLogger - DEBUG - New map
2025-12-13 00:20:07,938 - PaperAgentLogger - INFO - ################## PaperArchitecture_map20x20_rho1_10Agent/K3_HS0/1765556206 - End of loop ##################  
 ####### Case1539 	 Computation time:1.2307536602020264 	 Step42/42	- AllReachGoal-False

2025-12-13 00:20:07,941 - PaperAgentLogger - INFO - current rateReachGoal: 0
2025-12-13 00:20:07,959 - PaperAgentLogger - DEBUG - New map
2025-12-13 00:20:09,648 - PaperAgentLogger - INFO - ################## PaperArchitecture_map20x20_rho1_10Agent/K3_HS0/1765556206 - End of loop ##################  
 ####### Case1540 	 Computation time:1.688880205154419 	 Step58/58	- AllReachGoal-False

2025-12-13 00:20:09,649 - PaperAgentLogger - INFO - current rateReachGoal: 0
2025-12-13 00:20:09,669 - PaperAgentLogger - DEBUG - New map
2025-12-13 00:20:10,712 - PaperAgentLogger - INFO - ################## PaperArchitecture_map20x20_rho1_10Agent/K3_HS0/1765556206 - End of loop ##################  
 ####### Case1541 	 Computation time:1.0427381992340088 	 Step34/66	- AllReachGoal-True

2025-12-13 00:20:10,713 - PaperAgentLogger - INFO - current rateReachGoal: 0
2025-12-13 00:20:10,729 - PaperAgentLogger - DEBUG - New map
2025-12-13 00:20:11,463 - PaperAgentLogger - INFO - ################## PaperArchitecture_map20x20_rho1_10Agent/K3_HS0/1765556206 - End of loop ##################  
 ####### Case1542 	 Computation time:0.7335665225982666 	 Step25/50	- AllReachGoal-True

2025-12-13 00:20:11,464 - PaperAgentLogger - INFO - current rateReachGoal: 0
2025-12-13 00:20:11,483 - PaperAgentLogger - DEBUG - New map
2025-12-13 00:20:12,363 - PaperAgentLogger - INFO - ################## PaperArchitecture_map20x20_rho1_10Agent/K3_HS0/1765556206 - End of loop ##################  
 ####### Case1543 	 Computation time:0.8789243698120117 	 Step30/60	- AllReachGoal-True

2025-12-13 00:20:12,363 - PaperAgentLogger - INFO - current rateReachGoal: 0
2025-12-13 00:20:12,381 - PaperAgentLogger - DEBUG - New map
2025-12-13 00:20:13,181 - PaperAgentLogger - INFO - ################## PaperArchitecture_map20x20_rho1_10Agent/K3_HS0/1765556206 - End of loop ##################  
 ####### Case1544 	 Computation time:0.7995865345001221 	 Step27/52	- AllReachGoal-True

2025-12-13 00:20:13,182 - PaperAgentLogger - INFO - current rateReachGoal: 0
2025-12-13 00:20:13,199 - PaperAgentLogger - DEBUG - New map
2025-12-13 00:20:13,888 - PaperAgentLogger - INFO - ################## PaperArchitecture_map20x20_rho1_10Agent/K3_HS0/1765556206 - End of loop ##################  
 ####### Case1545 	 Computation time:0.6891558170318604 	 Step23/44	- AllReachGoal-True

2025-12-13 00:20:13,889 - PaperAgentLogger - INFO - current rateReachGoal: 0
2025-12-13 00:20:13,909 - PaperAgentLogger - DEBUG - New map
2025-12-13 00:20:14,672 - PaperAgentLogger - INFO - ################## PaperArchitecture_map20x20_rho1_10Agent/K3_HS0/1765556206 - End of loop ##################  
 ####### Case1546 	 Computation time:0.761812686920166 	 Step26/52	- AllReachGoal-True

2025-12-13 00:20:14,672 - PaperAgentLogger - INFO - current rateReachGoal: 0
2025-12-13 00:20:14,690 - PaperAgentLogger - DEBUG - New map
2025-12-13 00:20:15,913 - PaperAgentLogger - INFO - ################## PaperArchitecture_map20x20_rho1_10Agent/K3_HS0/1765556206 - End of loop ##################  
 ####### Case1547 	 Computation time:1.2223803997039795 	 Step38/56	- AllReachGoal-True

2025-12-13 00:20:15,914 - PaperAgentLogger - INFO - current rateReachGoal: 0
2025-12-13 00:20:15,931 - PaperAgentLogger - DEBUG - New map
2025-12-13 00:20:16,678 - PaperAgentLogger - INFO - ################## PaperArchitecture_map20x20_rho1_10Agent/K3_HS0/1765556206 - End of loop ##################  
 ####### Case1548 	 Computation time:0.7471072673797607 	 Step24/48	- AllReachGoal-True

2025-12-13 00:20:16,679 - PaperAgentLogger - INFO - current rateReachGoal: 0
2025-12-13 00:20:16,695 - PaperAgentLogger - DEBUG - New map
2025-12-13 00:20:18,251 - PaperAgentLogger - INFO - ################## PaperArchitecture_map20x20_rho1_10Agent/K3_HS0/1765556206 - End of loop ##################  
 ####### Case1549 	 Computation time:1.5548131465911865 	 Step48/48	- AllReachGoal-False

2025-12-13 00:20:18,251 - PaperAgentLogger - INFO - current rateReachGoal: 0
2025-12-13 00:20:18,270 - PaperAgentLogger - DEBUG - New map
2025-12-13 00:20:19,444 - PaperAgentLogger - INFO - ################## PaperArchitecture_map20x20_rho1_10Agent/K3_HS0/1765556206 - End of loop ##################  
 ####### Case1550 	 Computation time:1.1739060878753662 	 Step38/64	- AllReachGoal-True

2025-12-13 00:20:19,445 - PaperAgentLogger - INFO - current rateReachGoal: 0
2025-12-13 00:20:19,463 - PaperAgentLogger - DEBUG - New map
2025-12-13 00:20:20,345 - PaperAgentLogger - INFO - ################## PaperArchitecture_map20x20_rho1_10Agent/K3_HS0/1765556206 - End of loop ##################  
 ####### Case1551 	 Computation time:0.8813338279724121 	 Step30/54	- AllReachGoal-True

2025-12-13 00:20:20,345 - PaperAgentLogger - INFO - current rateReachGoal: 0
2025-12-13 00:20:20,362 - PaperAgentLogger - DEBUG - New map
2025-12-13 00:20:21,888 - PaperAgentLogger - INFO - ################## PaperArchitecture_map20x20_rho1_10Agent/K3_HS0/1765556206 - End of loop ##################  
 ####### Case1552 	 Computation time:1.525984287261963 	 Step52/52	- AllReachGoal-False

2025-12-13 00:20:21,889 - PaperAgentLogger - INFO - current rateReachGoal: 0
2025-12-13 00:20:21,908 - PaperAgentLogger - DEBUG - New map
2025-12-13 00:20:22,761 - PaperAgentLogger - INFO - ################## PaperArchitecture_map20x20_rho1_10Agent/K3_HS0/1765556206 - End of loop ##################  
 ####### Case1553 	 Computation time:0.8528783321380615 	 Step26/52	- AllReachGoal-True

2025-12-13 00:20:22,762 - PaperAgentLogger - INFO - current rateReachGoal: 0
2025-12-13 00:20:22,779 - PaperAgentLogger - DEBUG - New map
2025-12-13 00:20:24,000 - PaperAgentLogger - INFO - ################## PaperArchitecture_map20x20_rho1_10Agent/K3_HS0/1765556206 - End of loop ##################  
 ####### Case1554 	 Computation time:1.2201015949249268 	 Step39/56	- AllReachGoal-True

2025-12-13 00:20:24,000 - PaperAgentLogger - INFO - current rateReachGoal: 0
2025-12-13 00:20:24,018 - PaperAgentLogger - DEBUG - New map
2025-12-13 00:20:25,491 - PaperAgentLogger - INFO - ################## PaperArchitecture_map20x20_rho1_10Agent/K3_HS0/1765556206 - End of loop ##################  
 ####### Case1555 	 Computation time:1.4720871448516846 	 Step50/50	- AllReachGoal-False

2025-12-13 00:20:25,492 - PaperAgentLogger - INFO - current rateReachGoal: 0
2025-12-13 00:20:25,508 - PaperAgentLogger - DEBUG - New map
2025-12-13 00:20:26,853 - PaperAgentLogger - INFO - ################## PaperArchitecture_map20x20_rho1_10Agent/K3_HS0/1765556206 - End of loop ##################  
 ####### Case1556 	 Computation time:1.3445556163787842 	 Step46/46	- AllReachGoal-False

2025-12-13 00:20:26,854 - PaperAgentLogger - INFO - current rateReachGoal: 0
2025-12-13 00:20:26,874 - PaperAgentLogger - DEBUG - New map
2025-12-13 00:20:27,875 - PaperAgentLogger - INFO - ################## PaperArchitecture_map20x20_rho1_10Agent/K3_HS0/1765556206 - End of loop ##################  
 ####### Case1557 	 Computation time:1.000967025756836 	 Step34/64	- AllReachGoal-True

2025-12-13 00:20:27,876 - PaperAgentLogger - INFO - current rateReachGoal: 0
2025-12-13 00:20:27,894 - PaperAgentLogger - DEBUG - New map
2025-12-13 00:20:28,665 - PaperAgentLogger - INFO - ################## PaperArchitecture_map20x20_rho1_10Agent/K3_HS0/1765556206 - End of loop ##################  
 ####### Case1558 	 Computation time:0.7706890106201172 	 Step26/52	- AllReachGoal-True

2025-12-13 00:20:28,668 - PaperAgentLogger - INFO - current rateReachGoal: 0
2025-12-13 00:20:28,687 - PaperAgentLogger - DEBUG - New map
2025-12-13 00:20:29,572 - PaperAgentLogger - INFO - ################## PaperArchitecture_map20x20_rho1_10Agent/K3_HS0/1765556206 - End of loop ##################  
 ####### Case1559 	 Computation time:0.8841409683227539 	 Step30/58	- AllReachGoal-True

2025-12-13 00:20:29,572 - PaperAgentLogger - INFO - current rateReachGoal: 0
2025-12-13 00:20:29,591 - PaperAgentLogger - DEBUG - New map
2025-12-13 00:20:30,564 - PaperAgentLogger - INFO - ################## PaperArchitecture_map20x20_rho1_10Agent/K3_HS0/1765556206 - End of loop ##################  
 ####### Case1560 	 Computation time:0.9722998142242432 	 Step33/60	- AllReachGoal-True

2025-12-13 00:20:30,565 - PaperAgentLogger - INFO - current rateReachGoal: 0
2025-12-13 00:20:30,582 - PaperAgentLogger - DEBUG - New map
2025-12-13 00:20:32,016 - PaperAgentLogger - INFO - ################## PaperArchitecture_map20x20_rho1_10Agent/K3_HS0/1765556206 - End of loop ##################  
 ####### Case1561 	 Computation time:1.4335088729858398 	 Step48/48	- AllReachGoal-False

2025-12-13 00:20:32,017 - PaperAgentLogger - INFO - current rateReachGoal: 0
2025-12-13 00:20:32,035 - PaperAgentLogger - DEBUG - New map
2025-12-13 00:20:33,620 - PaperAgentLogger - INFO - ################## PaperArchitecture_map20x20_rho1_10Agent/K3_HS0/1765556206 - End of loop ##################  
 ####### Case1562 	 Computation time:1.5837481021881104 	 Step54/54	- AllReachGoal-False

2025-12-13 00:20:33,620 - PaperAgentLogger - INFO - current rateReachGoal: 0
2025-12-13 00:20:33,638 - PaperAgentLogger - DEBUG - New map
2025-12-13 00:20:34,659 - PaperAgentLogger - INFO - ################## PaperArchitecture_map20x20_rho1_10Agent/K3_HS0/1765556206 - End of loop ##################  
 ####### Case1563 	 Computation time:1.0202744007110596 	 Step34/52	- AllReachGoal-True

2025-12-13 00:20:34,660 - PaperAgentLogger - INFO - current rateReachGoal: 0
2025-12-13 00:20:34,677 - PaperAgentLogger - DEBUG - New map
2025-12-13 00:20:36,203 - PaperAgentLogger - INFO - ################## PaperArchitecture_map20x20_rho1_10Agent/K3_HS0/1765556206 - End of loop ##################  
 ####### Case1564 	 Computation time:1.52555251121521 	 Step52/52	- AllReachGoal-False

2025-12-13 00:20:36,204 - PaperAgentLogger - INFO - current rateReachGoal: 0
2025-12-13 00:20:36,224 - PaperAgentLogger - DEBUG - New map
2025-12-13 00:20:38,206 - PaperAgentLogger - INFO - ################## PaperArchitecture_map20x20_rho1_10Agent/K3_HS0/1765556206 - End of loop ##################  
 ####### Case1565 	 Computation time:1.9810121059417725 	 Step68/68	- AllReachGoal-False

2025-12-13 00:20:38,207 - PaperAgentLogger - INFO - current rateReachGoal: 0
2025-12-13 00:20:38,223 - PaperAgentLogger - DEBUG - New map
2025-12-13 00:20:39,569 - PaperAgentLogger - INFO - ################## PaperArchitecture_map20x20_rho1_10Agent/K3_HS0/1765556206 - End of loop ##################  
 ####### Case1566 	 Computation time:1.3449394702911377 	 Step46/46	- AllReachGoal-False

2025-12-13 00:20:39,569 - PaperAgentLogger - INFO - current rateReachGoal: 0
2025-12-13 00:20:39,586 - PaperAgentLogger - DEBUG - New map
2025-12-13 00:20:40,878 - PaperAgentLogger - INFO - ################## PaperArchitecture_map20x20_rho1_10Agent/K3_HS0/1765556206 - End of loop ##################  
 ####### Case1567 	 Computation time:1.2915077209472656 	 Step44/44	- AllReachGoal-False

2025-12-13 00:20:40,879 - PaperAgentLogger - INFO - current rateReachGoal: 0
2025-12-13 00:20:40,899 - PaperAgentLogger - DEBUG - New map
2025-12-13 00:20:41,941 - PaperAgentLogger - INFO - ################## PaperArchitecture_map20x20_rho1_10Agent/K3_HS0/1765556206 - End of loop ##################  
 ####### Case1568 	 Computation time:1.0416195392608643 	 Step32/64	- AllReachGoal-True

2025-12-13 00:20:41,942 - PaperAgentLogger - INFO - current rateReachGoal: 0
2025-12-13 00:20:41,960 - PaperAgentLogger - DEBUG - New map
2025-12-13 00:20:42,777 - PaperAgentLogger - INFO - ################## PaperArchitecture_map20x20_rho1_10Agent/K3_HS0/1765556206 - End of loop ##################  
 ####### Case1569 	 Computation time:0.8171076774597168 	 Step25/50	- AllReachGoal-True

2025-12-13 00:20:42,778 - PaperAgentLogger - INFO - current rateReachGoal: 0
2025-12-13 00:20:42,797 - PaperAgentLogger - DEBUG - New map
2025-12-13 00:20:43,643 - PaperAgentLogger - INFO - ################## PaperArchitecture_map20x20_rho1_10Agent/K3_HS0/1765556206 - End of loop ##################  
 ####### Case1570 	 Computation time:0.8455722332000732 	 Step28/54	- AllReachGoal-True

2025-12-13 00:20:43,644 - PaperAgentLogger - INFO - current rateReachGoal: 0
2025-12-13 00:20:43,663 - PaperAgentLogger - DEBUG - New map
2025-12-13 00:20:45,512 - PaperAgentLogger - INFO - ################## PaperArchitecture_map20x20_rho1_10Agent/K3_HS0/1765556206 - End of loop ##################  
 ####### Case1571 	 Computation time:1.8483216762542725 	 Step62/62	- AllReachGoal-False

2025-12-13 00:20:45,513 - PaperAgentLogger - INFO - current rateReachGoal: 0
2025-12-13 00:20:45,529 - PaperAgentLogger - DEBUG - New map
2025-12-13 00:20:46,318 - PaperAgentLogger - INFO - ################## PaperArchitecture_map20x20_rho1_10Agent/K3_HS0/1765556206 - End of loop ##################  
 ####### Case1572 	 Computation time:0.7880699634552002 	 Step24/48	- AllReachGoal-True

2025-12-13 00:20:46,320 - PaperAgentLogger - INFO - current rateReachGoal: 0
2025-12-13 00:20:46,341 - PaperAgentLogger - DEBUG - New map
2025-12-13 00:20:48,236 - PaperAgentLogger - INFO - ################## PaperArchitecture_map20x20_rho1_10Agent/K3_HS0/1765556206 - End of loop ##################  
 ####### Case1573 	 Computation time:1.8940742015838623 	 Step64/70	- AllReachGoal-True

2025-12-13 00:20:48,236 - PaperAgentLogger - INFO - current rateReachGoal: 0
2025-12-13 00:20:48,253 - PaperAgentLogger - DEBUG - New map
2025-12-13 00:20:49,721 - PaperAgentLogger - INFO - ################## PaperArchitecture_map20x20_rho1_10Agent/K3_HS0/1765556206 - End of loop ##################  
 ####### Case1574 	 Computation time:1.4673149585723877 	 Step48/48	- AllReachGoal-False

2025-12-13 00:20:49,722 - PaperAgentLogger - INFO - current rateReachGoal: 0
2025-12-13 00:20:49,741 - PaperAgentLogger - DEBUG - New map
2025-12-13 00:20:50,627 - PaperAgentLogger - INFO - ################## PaperArchitecture_map20x20_rho1_10Agent/K3_HS0/1765556206 - End of loop ##################  
 ####### Case1575 	 Computation time:0.8859376907348633 	 Step30/60	- AllReachGoal-True

2025-12-13 00:20:50,628 - PaperAgentLogger - INFO - current rateReachGoal: 0
2025-12-13 00:20:50,648 - PaperAgentLogger - DEBUG - New map
2025-12-13 00:20:52,579 - PaperAgentLogger - INFO - ################## PaperArchitecture_map20x20_rho1_10Agent/K3_HS0/1765556206 - End of loop ##################  
 ####### Case1576 	 Computation time:1.9306840896606445 	 Step66/66	- AllReachGoal-False

2025-12-13 00:20:52,580 - PaperAgentLogger - INFO - current rateReachGoal: 0
2025-12-13 00:20:52,597 - PaperAgentLogger - DEBUG - New map
2025-12-13 00:20:53,574 - PaperAgentLogger - INFO - ################## PaperArchitecture_map20x20_rho1_10Agent/K3_HS0/1765556206 - End of loop ##################  
 ####### Case1577 	 Computation time:0.9761171340942383 	 Step33/54	- AllReachGoal-True

2025-12-13 00:20:53,575 - PaperAgentLogger - INFO - current rateReachGoal: 0
2025-12-13 00:20:53,593 - PaperAgentLogger - DEBUG - New map
2025-12-13 00:20:54,377 - PaperAgentLogger - INFO - ################## PaperArchitecture_map20x20_rho1_10Agent/K3_HS0/1765556206 - End of loop ##################  
 ####### Case1578 	 Computation time:0.7833693027496338 	 Step26/52	- AllReachGoal-True

2025-12-13 00:20:54,377 - PaperAgentLogger - INFO - current rateReachGoal: 0
2025-12-13 00:20:54,395 - PaperAgentLogger - DEBUG - New map
2025-12-13 00:20:55,260 - PaperAgentLogger - INFO - ################## PaperArchitecture_map20x20_rho1_10Agent/K3_HS0/1765556206 - End of loop ##################  
 ####### Case1579 	 Computation time:0.8640661239624023 	 Step29/56	- AllReachGoal-True

2025-12-13 00:20:55,261 - PaperAgentLogger - INFO - current rateReachGoal: 0
2025-12-13 00:20:55,278 - PaperAgentLogger - DEBUG - New map
2025-12-13 00:20:56,046 - PaperAgentLogger - INFO - ################## PaperArchitecture_map20x20_rho1_10Agent/K3_HS0/1765556206 - End of loop ##################  
 ####### Case1580 	 Computation time:0.7678384780883789 	 Step26/52	- AllReachGoal-True

2025-12-13 00:20:56,047 - PaperAgentLogger - INFO - current rateReachGoal: 0
2025-12-13 00:20:56,065 - PaperAgentLogger - DEBUG - New map
2025-12-13 00:20:57,152 - PaperAgentLogger - INFO - ################## PaperArchitecture_map20x20_rho1_10Agent/K3_HS0/1765556206 - End of loop ##################  
 ####### Case1581 	 Computation time:1.0867760181427002 	 Step37/52	- AllReachGoal-True

2025-12-13 00:20:57,153 - PaperAgentLogger - INFO - current rateReachGoal: 0
2025-12-13 00:20:57,171 - PaperAgentLogger - DEBUG - New map
2025-12-13 00:20:57,936 - PaperAgentLogger - INFO - ################## PaperArchitecture_map20x20_rho1_10Agent/K3_HS0/1765556206 - End of loop ##################  
 ####### Case1582 	 Computation time:0.7645509243011475 	 Step26/52	- AllReachGoal-True

2025-12-13 00:20:57,937 - PaperAgentLogger - INFO - current rateReachGoal: 0
2025-12-13 00:20:57,957 - PaperAgentLogger - DEBUG - New map
2025-12-13 00:20:59,244 - PaperAgentLogger - INFO - ################## PaperArchitecture_map20x20_rho1_10Agent/K3_HS0/1765556206 - End of loop ##################  
 ####### Case1583 	 Computation time:1.287236213684082 	 Step44/66	- AllReachGoal-True

2025-12-13 00:20:59,245 - PaperAgentLogger - INFO - current rateReachGoal: 0
2025-12-13 00:20:59,264 - PaperAgentLogger - DEBUG - New map
2025-12-13 00:21:00,307 - PaperAgentLogger - INFO - ################## PaperArchitecture_map20x20_rho1_10Agent/K3_HS0/1765556206 - End of loop ##################  
 ####### Case1584 	 Computation time:1.0419135093688965 	 Step34/62	- AllReachGoal-True

2025-12-13 00:21:00,309 - PaperAgentLogger - INFO - current rateReachGoal: 0
2025-12-13 00:21:00,328 - PaperAgentLogger - DEBUG - New map
2025-12-13 00:21:02,081 - PaperAgentLogger - INFO - ################## PaperArchitecture_map20x20_rho1_10Agent/K3_HS0/1765556206 - End of loop ##################  
 ####### Case1585 	 Computation time:1.7530267238616943 	 Step60/60	- AllReachGoal-False

2025-12-13 00:21:02,082 - PaperAgentLogger - INFO - current rateReachGoal: 0
2025-12-13 00:21:02,098 - PaperAgentLogger - DEBUG - New map
2025-12-13 00:21:02,838 - PaperAgentLogger - INFO - ################## PaperArchitecture_map20x20_rho1_10Agent/K3_HS0/1765556206 - End of loop ##################  
 ####### Case1586 	 Computation time:0.7386260032653809 	 Step25/46	- AllReachGoal-True

2025-12-13 00:21:02,838 - PaperAgentLogger - INFO - current rateReachGoal: 0
2025-12-13 00:21:02,858 - PaperAgentLogger - DEBUG - New map
2025-12-13 00:21:04,720 - PaperAgentLogger - INFO - ################## PaperArchitecture_map20x20_rho1_10Agent/K3_HS0/1765556206 - End of loop ##################  
 ####### Case1587 	 Computation time:1.8617668151855469 	 Step64/64	- AllReachGoal-False

2025-12-13 00:21:04,721 - PaperAgentLogger - INFO - current rateReachGoal: 0
2025-12-13 00:21:04,740 - PaperAgentLogger - DEBUG - New map
2025-12-13 00:21:06,447 - PaperAgentLogger - INFO - ################## PaperArchitecture_map20x20_rho1_10Agent/K3_HS0/1765556206 - End of loop ##################  
 ####### Case1588 	 Computation time:1.7065880298614502 	 Step58/58	- AllReachGoal-False

2025-12-13 00:21:06,448 - PaperAgentLogger - INFO - current rateReachGoal: 0
2025-12-13 00:21:06,467 - PaperAgentLogger - DEBUG - New map
2025-12-13 00:21:07,495 - PaperAgentLogger - INFO - ################## PaperArchitecture_map20x20_rho1_10Agent/K3_HS0/1765556206 - End of loop ##################  
 ####### Case1589 	 Computation time:1.0274250507354736 	 Step34/64	- AllReachGoal-True

2025-12-13 00:21:07,495 - PaperAgentLogger - INFO - current rateReachGoal: 0
2025-12-13 00:21:07,512 - PaperAgentLogger - DEBUG - New map
2025-12-13 00:21:08,771 - PaperAgentLogger - INFO - ################## PaperArchitecture_map20x20_rho1_10Agent/K3_HS0/1765556206 - End of loop ##################  
 ####### Case1590 	 Computation time:1.2589330673217773 	 Step42/42	- AllReachGoal-False

2025-12-13 00:21:08,772 - PaperAgentLogger - INFO - current rateReachGoal: 0
2025-12-13 00:21:08,790 - PaperAgentLogger - DEBUG - New map
2025-12-13 00:21:09,638 - PaperAgentLogger - INFO - ################## PaperArchitecture_map20x20_rho1_10Agent/K3_HS0/1765556206 - End of loop ##################  
 ####### Case1591 	 Computation time:0.8472437858581543 	 Step28/46	- AllReachGoal-True

2025-12-13 00:21:09,639 - PaperAgentLogger - INFO - current rateReachGoal: 0
2025-12-13 00:21:09,661 - PaperAgentLogger - DEBUG - New map
2025-12-13 00:21:10,452 - PaperAgentLogger - INFO - ################## PaperArchitecture_map20x20_rho1_10Agent/K3_HS0/1765556206 - End of loop ##################  
 ####### Case1592 	 Computation time:0.7902159690856934 	 Step26/50	- AllReachGoal-True

2025-12-13 00:21:10,453 - PaperAgentLogger - INFO - current rateReachGoal: 0
2025-12-13 00:21:10,471 - PaperAgentLogger - DEBUG - New map
2025-12-13 00:21:11,301 - PaperAgentLogger - INFO - ################## PaperArchitecture_map20x20_rho1_10Agent/K3_HS0/1765556206 - End of loop ##################  
 ####### Case1593 	 Computation time:0.8294200897216797 	 Step28/52	- AllReachGoal-True

2025-12-13 00:21:11,301 - PaperAgentLogger - INFO - current rateReachGoal: 0
2025-12-13 00:21:11,318 - PaperAgentLogger - DEBUG - New map
2025-12-13 00:21:12,006 - PaperAgentLogger - INFO - ################## PaperArchitecture_map20x20_rho1_10Agent/K3_HS0/1765556206 - End of loop ##################  
 ####### Case1594 	 Computation time:0.6873505115509033 	 Step23/46	- AllReachGoal-True

2025-12-13 00:21:12,008 - PaperAgentLogger - INFO - current rateReachGoal: 0
2025-12-13 00:21:12,026 - PaperAgentLogger - DEBUG - New map
2025-12-13 00:21:12,828 - PaperAgentLogger - INFO - ################## PaperArchitecture_map20x20_rho1_10Agent/K3_HS0/1765556206 - End of loop ##################  
 ####### Case1595 	 Computation time:0.8012945652008057 	 Step27/50	- AllReachGoal-True

2025-12-13 00:21:12,828 - PaperAgentLogger - INFO - current rateReachGoal: 0
2025-12-13 00:21:12,847 - PaperAgentLogger - DEBUG - New map
2025-12-13 00:21:14,429 - PaperAgentLogger - INFO - ################## PaperArchitecture_map20x20_rho1_10Agent/K3_HS0/1765556206 - End of loop ##################  
 ####### Case1596 	 Computation time:1.5818603038787842 	 Step54/54	- AllReachGoal-False

2025-12-13 00:21:14,430 - PaperAgentLogger - INFO - current rateReachGoal: 0
2025-12-13 00:21:14,450 - PaperAgentLogger - DEBUG - New map
2025-12-13 00:21:15,374 - PaperAgentLogger - INFO - ################## PaperArchitecture_map20x20_rho1_10Agent/K3_HS0/1765556206 - End of loop ##################  
 ####### Case1597 	 Computation time:0.9241337776184082 	 Step31/62	- AllReachGoal-True

2025-12-13 00:21:15,375 - PaperAgentLogger - INFO - current rateReachGoal: 0
2025-12-13 00:21:15,392 - PaperAgentLogger - DEBUG - New map
2025-12-13 00:21:17,105 - PaperAgentLogger - INFO - ################## PaperArchitecture_map20x20_rho1_10Agent/K3_HS0/1765556206 - End of loop ##################  
 ####### Case1598 	 Computation time:1.7125048637390137 	 Step54/54	- AllReachGoal-False

2025-12-13 00:21:17,107 - PaperAgentLogger - INFO - current rateReachGoal: 0
2025-12-13 00:21:17,127 - PaperAgentLogger - DEBUG - New map
2025-12-13 00:21:18,046 - PaperAgentLogger - INFO - ################## PaperArchitecture_map20x20_rho1_10Agent/K3_HS0/1765556206 - End of loop ##################  
 ####### Case1599 	 Computation time:0.9189736843109131 	 Step30/58	- AllReachGoal-True

2025-12-13 00:21:18,047 - PaperAgentLogger - INFO - current rateReachGoal: 0
2025-12-13 00:21:18,063 - PaperAgentLogger - DEBUG - New map
2025-12-13 00:21:18,843 - PaperAgentLogger - INFO - ################## PaperArchitecture_map20x20_rho1_10Agent/K3_HS0/1765556206 - End of loop ##################  
 ####### Case1600 	 Computation time:0.7792894840240479 	 Step26/48	- AllReachGoal-True

2025-12-13 00:21:18,844 - PaperAgentLogger - INFO - current rateReachGoal: 0
2025-12-13 00:21:18,864 - PaperAgentLogger - DEBUG - New map
2025-12-13 00:21:19,945 - PaperAgentLogger - INFO - ################## PaperArchitecture_map20x20_rho1_10Agent/K3_HS0/1765556206 - End of loop ##################  
 ####### Case1601 	 Computation time:1.0807220935821533 	 Step34/64	- AllReachGoal-True

2025-12-13 00:21:19,946 - PaperAgentLogger - INFO - current rateReachGoal: 0
2025-12-13 00:21:19,967 - PaperAgentLogger - DEBUG - New map
2025-12-13 00:21:20,781 - PaperAgentLogger - INFO - ################## PaperArchitecture_map20x20_rho1_10Agent/K3_HS0/1765556206 - End of loop ##################  
 ####### Case1602 	 Computation time:0.8129334449768066 	 Step26/52	- AllReachGoal-True

2025-12-13 00:21:20,781 - PaperAgentLogger - INFO - current rateReachGoal: 0
2025-12-13 00:21:20,799 - PaperAgentLogger - DEBUG - New map
2025-12-13 00:21:21,718 - PaperAgentLogger - INFO - ################## PaperArchitecture_map20x20_rho1_10Agent/K3_HS0/1765556206 - End of loop ##################  
 ####### Case1603 	 Computation time:0.9178056716918945 	 Step28/56	- AllReachGoal-True

2025-12-13 00:21:21,718 - PaperAgentLogger - INFO - current rateReachGoal: 0
2025-12-13 00:21:21,740 - PaperAgentLogger - DEBUG - New map
2025-12-13 00:21:22,976 - PaperAgentLogger - INFO - ################## PaperArchitecture_map20x20_rho1_10Agent/K3_HS0/1765556206 - End of loop ##################  
 ####### Case1604 	 Computation time:1.2357873916625977 	 Step38/56	- AllReachGoal-True

2025-12-13 00:21:22,977 - PaperAgentLogger - INFO - current rateReachGoal: 0
2025-12-13 00:21:22,998 - PaperAgentLogger - DEBUG - New map
2025-12-13 00:21:24,836 - PaperAgentLogger - INFO - ################## PaperArchitecture_map20x20_rho1_10Agent/K3_HS0/1765556206 - End of loop ##################  
 ####### Case1605 	 Computation time:1.837869644165039 	 Step56/56	- AllReachGoal-False

2025-12-13 00:21:24,837 - PaperAgentLogger - INFO - current rateReachGoal: 0
2025-12-13 00:21:24,856 - PaperAgentLogger - DEBUG - New map
2025-12-13 00:21:26,346 - PaperAgentLogger - INFO - ################## PaperArchitecture_map20x20_rho1_10Agent/K3_HS0/1765556206 - End of loop ##################  
 ####### Case1606 	 Computation time:1.4894981384277344 	 Step46/46	- AllReachGoal-False

2025-12-13 00:21:26,347 - PaperAgentLogger - INFO - current rateReachGoal: 0
2025-12-13 00:21:26,364 - PaperAgentLogger - DEBUG - New map
2025-12-13 00:21:28,125 - PaperAgentLogger - INFO - ################## PaperArchitecture_map20x20_rho1_10Agent/K3_HS0/1765556206 - End of loop ##################  
 ####### Case1607 	 Computation time:1.7597923278808594 	 Step56/56	- AllReachGoal-False

2025-12-13 00:21:28,127 - PaperAgentLogger - INFO - current rateReachGoal: 0
2025-12-13 00:21:28,147 - PaperAgentLogger - DEBUG - New map
2025-12-13 00:21:29,100 - PaperAgentLogger - INFO - ################## PaperArchitecture_map20x20_rho1_10Agent/K3_HS0/1765556206 - End of loop ##################  
 ####### Case1608 	 Computation time:0.9529461860656738 	 Step29/58	- AllReachGoal-True

2025-12-13 00:21:29,101 - PaperAgentLogger - INFO - current rateReachGoal: 0
2025-12-13 00:21:29,119 - PaperAgentLogger - DEBUG - New map
2025-12-13 00:21:30,018 - PaperAgentLogger - INFO - ################## PaperArchitecture_map20x20_rho1_10Agent/K3_HS0/1765556206 - End of loop ##################  
 ####### Case1609 	 Computation time:0.8983283042907715 	 Step29/54	- AllReachGoal-True

2025-12-13 00:21:30,019 - PaperAgentLogger - INFO - current rateReachGoal: 0
2025-12-13 00:21:30,037 - PaperAgentLogger - DEBUG - New map
2025-12-13 00:21:31,055 - PaperAgentLogger - INFO - ################## PaperArchitecture_map20x20_rho1_10Agent/K3_HS0/1765556206 - End of loop ##################  
 ####### Case1610 	 Computation time:1.0173227787017822 	 Step31/52	- AllReachGoal-True

2025-12-13 00:21:31,056 - PaperAgentLogger - INFO - current rateReachGoal: 0
2025-12-13 00:21:31,074 - PaperAgentLogger - DEBUG - New map
2025-12-13 00:21:32,125 - PaperAgentLogger - INFO - ################## PaperArchitecture_map20x20_rho1_10Agent/K3_HS0/1765556206 - End of loop ##################  
 ####### Case1611 	 Computation time:1.0501267910003662 	 Step34/52	- AllReachGoal-True

2025-12-13 00:21:32,125 - PaperAgentLogger - INFO - current rateReachGoal: 0
2025-12-13 00:21:32,141 - PaperAgentLogger - DEBUG - New map
2025-12-13 00:21:32,837 - PaperAgentLogger - INFO - ################## PaperArchitecture_map20x20_rho1_10Agent/K3_HS0/1765556206 - End of loop ##################  
 ####### Case1612 	 Computation time:0.695136547088623 	 Step21/38	- AllReachGoal-True

2025-12-13 00:21:32,838 - PaperAgentLogger - INFO - current rateReachGoal: 0
2025-12-13 00:21:32,853 - PaperAgentLogger - DEBUG - New map
2025-12-13 00:21:33,855 - PaperAgentLogger - INFO - ################## PaperArchitecture_map20x20_rho1_10Agent/K3_HS0/1765556206 - End of loop ##################  
 ####### Case1613 	 Computation time:1.0012555122375488 	 Step34/46	- AllReachGoal-True

2025-12-13 00:21:33,856 - PaperAgentLogger - INFO - current rateReachGoal: 0
2025-12-13 00:21:33,874 - PaperAgentLogger - DEBUG - New map
2025-12-13 00:21:34,909 - PaperAgentLogger - INFO - ################## PaperArchitecture_map20x20_rho1_10Agent/K3_HS0/1765556206 - End of loop ##################  
 ####### Case1614 	 Computation time:1.0338327884674072 	 Step35/56	- AllReachGoal-True

2025-12-13 00:21:34,909 - PaperAgentLogger - INFO - current rateReachGoal: 0
2025-12-13 00:21:34,930 - PaperAgentLogger - DEBUG - New map
2025-12-13 00:21:35,904 - PaperAgentLogger - INFO - ################## PaperArchitecture_map20x20_rho1_10Agent/K3_HS0/1765556206 - End of loop ##################  
 ####### Case1615 	 Computation time:0.9739902019500732 	 Step33/50	- AllReachGoal-True

2025-12-13 00:21:35,905 - PaperAgentLogger - INFO - current rateReachGoal: 0
2025-12-13 00:21:35,923 - PaperAgentLogger - DEBUG - New map
2025-12-13 00:21:36,996 - PaperAgentLogger - INFO - ################## PaperArchitecture_map20x20_rho1_10Agent/K3_HS0/1765556206 - End of loop ##################  
 ####### Case1616 	 Computation time:1.0728509426116943 	 Step36/56	- AllReachGoal-True

2025-12-13 00:21:36,997 - PaperAgentLogger - INFO - current rateReachGoal: 0
2025-12-13 00:21:37,014 - PaperAgentLogger - DEBUG - New map
2025-12-13 00:21:38,415 - PaperAgentLogger - INFO - ################## PaperArchitecture_map20x20_rho1_10Agent/K3_HS0/1765556206 - End of loop ##################  
 ####### Case1617 	 Computation time:1.4007346630096436 	 Step48/48	- AllReachGoal-False

2025-12-13 00:21:38,416 - PaperAgentLogger - INFO - current rateReachGoal: 0
2025-12-13 00:21:38,433 - PaperAgentLogger - DEBUG - New map
2025-12-13 00:21:39,952 - PaperAgentLogger - INFO - ################## PaperArchitecture_map20x20_rho1_10Agent/K3_HS0/1765556206 - End of loop ##################  
 ####### Case1618 	 Computation time:1.5183658599853516 	 Step48/48	- AllReachGoal-False

2025-12-13 00:21:39,953 - PaperAgentLogger - INFO - current rateReachGoal: 0
2025-12-13 00:21:39,970 - PaperAgentLogger - DEBUG - New map
2025-12-13 00:21:41,848 - PaperAgentLogger - INFO - ################## PaperArchitecture_map20x20_rho1_10Agent/K3_HS0/1765556206 - End of loop ##################  
 ####### Case1619 	 Computation time:1.877110481262207 	 Step58/58	- AllReachGoal-False

2025-12-13 00:21:41,849 - PaperAgentLogger - INFO - current rateReachGoal: 0
2025-12-13 00:21:41,868 - PaperAgentLogger - DEBUG - New map
2025-12-13 00:21:43,493 - PaperAgentLogger - INFO - ################## PaperArchitecture_map20x20_rho1_10Agent/K3_HS0/1765556206 - End of loop ##################  
 ####### Case1620 	 Computation time:1.6244261264801025 	 Step51/58	- AllReachGoal-True

2025-12-13 00:21:43,494 - PaperAgentLogger - INFO - current rateReachGoal: 0
2025-12-13 00:21:43,511 - PaperAgentLogger - DEBUG - New map
2025-12-13 00:21:44,263 - PaperAgentLogger - INFO - ################## PaperArchitecture_map20x20_rho1_10Agent/K3_HS0/1765556206 - End of loop ##################  
 ####### Case1621 	 Computation time:0.7511506080627441 	 Step23/46	- AllReachGoal-True

2025-12-13 00:21:44,263 - PaperAgentLogger - INFO - current rateReachGoal: 0
2025-12-13 00:21:44,279 - PaperAgentLogger - DEBUG - New map
2025-12-13 00:21:45,002 - PaperAgentLogger - INFO - ################## PaperArchitecture_map20x20_rho1_10Agent/K3_HS0/1765556206 - End of loop ##################  
 ####### Case1622 	 Computation time:0.722008466720581 	 Step22/44	- AllReachGoal-True

2025-12-13 00:21:45,004 - PaperAgentLogger - INFO - current rateReachGoal: 0
2025-12-13 00:21:45,023 - PaperAgentLogger - DEBUG - New map
2025-12-13 00:21:46,976 - PaperAgentLogger - INFO - ################## PaperArchitecture_map20x20_rho1_10Agent/K3_HS0/1765556206 - End of loop ##################  
 ####### Case1623 	 Computation time:1.9522705078125 	 Step60/60	- AllReachGoal-False

2025-12-13 00:21:46,976 - PaperAgentLogger - INFO - current rateReachGoal: 0
2025-12-13 00:21:46,995 - PaperAgentLogger - DEBUG - New map
2025-12-13 00:21:48,014 - PaperAgentLogger - INFO - ################## PaperArchitecture_map20x20_rho1_10Agent/K3_HS0/1765556206 - End of loop ##################  
 ####### Case1624 	 Computation time:1.0189435482025146 	 Step31/56	- AllReachGoal-True

2025-12-13 00:21:48,015 - PaperAgentLogger - INFO - current rateReachGoal: 0
2025-12-13 00:21:48,034 - PaperAgentLogger - DEBUG - New map
2025-12-13 00:21:49,973 - PaperAgentLogger - INFO - ################## PaperArchitecture_map20x20_rho1_10Agent/K3_HS0/1765556206 - End of loop ##################  
 ####### Case1625 	 Computation time:1.938143014907837 	 Step62/62	- AllReachGoal-False

2025-12-13 00:21:49,974 - PaperAgentLogger - INFO - current rateReachGoal: 0
2025-12-13 00:21:49,995 - PaperAgentLogger - DEBUG - New map
2025-12-13 00:21:52,431 - PaperAgentLogger - INFO - ################## PaperArchitecture_map20x20_rho1_10Agent/K3_HS0/1765556206 - End of loop ##################  
 ####### Case1626 	 Computation time:2.435404062271118 	 Step76/76	- AllReachGoal-False

2025-12-13 00:21:52,431 - PaperAgentLogger - INFO - current rateReachGoal: 0
2025-12-13 00:21:52,453 - PaperAgentLogger - DEBUG - New map
2025-12-13 00:21:54,731 - PaperAgentLogger - INFO - ################## PaperArchitecture_map20x20_rho1_10Agent/K3_HS0/1765556206 - End of loop ##################  
 ####### Case1627 	 Computation time:2.2779791355133057 	 Step72/72	- AllReachGoal-False

2025-12-13 00:21:54,732 - PaperAgentLogger - INFO - current rateReachGoal: 0
2025-12-13 00:21:54,749 - PaperAgentLogger - DEBUG - New map
2025-12-13 00:21:56,366 - PaperAgentLogger - INFO - ################## PaperArchitecture_map20x20_rho1_10Agent/K3_HS0/1765556206 - End of loop ##################  
 ####### Case1628 	 Computation time:1.6158778667449951 	 Step52/52	- AllReachGoal-False

2025-12-13 00:21:56,366 - PaperAgentLogger - INFO - current rateReachGoal: 0
2025-12-13 00:21:56,383 - PaperAgentLogger - DEBUG - New map
2025-12-13 00:21:57,813 - PaperAgentLogger - INFO - ################## PaperArchitecture_map20x20_rho1_10Agent/K3_HS0/1765556206 - End of loop ##################  
 ####### Case1629 	 Computation time:1.429048776626587 	 Step46/46	- AllReachGoal-False

2025-12-13 00:21:57,815 - PaperAgentLogger - INFO - current rateReachGoal: 0
2025-12-13 00:21:57,833 - PaperAgentLogger - DEBUG - New map
2025-12-13 00:21:58,622 - PaperAgentLogger - INFO - ################## PaperArchitecture_map20x20_rho1_10Agent/K3_HS0/1765556206 - End of loop ##################  
 ####### Case1630 	 Computation time:0.7881007194519043 	 Step24/46	- AllReachGoal-True

2025-12-13 00:21:58,622 - PaperAgentLogger - INFO - current rateReachGoal: 0
2025-12-13 00:21:58,639 - PaperAgentLogger - DEBUG - New map
2025-12-13 00:21:59,444 - PaperAgentLogger - INFO - ################## PaperArchitecture_map20x20_rho1_10Agent/K3_HS0/1765556206 - End of loop ##################  
 ####### Case1631 	 Computation time:0.8043739795684814 	 Step27/48	- AllReachGoal-True

2025-12-13 00:21:59,445 - PaperAgentLogger - INFO - current rateReachGoal: 0
2025-12-13 00:21:59,462 - PaperAgentLogger - DEBUG - New map
2025-12-13 00:22:01,190 - PaperAgentLogger - INFO - ################## PaperArchitecture_map20x20_rho1_10Agent/K3_HS0/1765556206 - End of loop ##################  
 ####### Case1632 	 Computation time:1.7275950908660889 	 Step53/54	- AllReachGoal-True

2025-12-13 00:22:01,191 - PaperAgentLogger - INFO - current rateReachGoal: 0
2025-12-13 00:22:01,209 - PaperAgentLogger - DEBUG - New map
2025-12-13 00:22:01,963 - PaperAgentLogger - INFO - ################## PaperArchitecture_map20x20_rho1_10Agent/K3_HS0/1765556206 - End of loop ##################  
 ####### Case1633 	 Computation time:0.7534706592559814 	 Step24/48	- AllReachGoal-True

2025-12-13 00:22:01,964 - PaperAgentLogger - INFO - current rateReachGoal: 0
2025-12-13 00:22:01,984 - PaperAgentLogger - DEBUG - New map
2025-12-13 00:22:04,255 - PaperAgentLogger - INFO - ################## PaperArchitecture_map20x20_rho1_10Agent/K3_HS0/1765556206 - End of loop ##################  
 ####### Case1634 	 Computation time:2.2710931301116943 	 Step70/70	- AllReachGoal-False

2025-12-13 00:22:04,256 - PaperAgentLogger - INFO - current rateReachGoal: 0
2025-12-13 00:22:04,272 - PaperAgentLogger - DEBUG - New map
2025-12-13 00:22:04,983 - PaperAgentLogger - INFO - ################## PaperArchitecture_map20x20_rho1_10Agent/K3_HS0/1765556206 - End of loop ##################  
 ####### Case1635 	 Computation time:0.7101750373840332 	 Step22/38	- AllReachGoal-True

2025-12-13 00:22:04,984 - PaperAgentLogger - INFO - current rateReachGoal: 0
2025-12-13 00:22:05,002 - PaperAgentLogger - DEBUG - New map
2025-12-13 00:22:06,522 - PaperAgentLogger - INFO - ################## PaperArchitecture_map20x20_rho1_10Agent/K3_HS0/1765556206 - End of loop ##################  
 ####### Case1636 	 Computation time:1.5195820331573486 	 Step52/54	- AllReachGoal-True

2025-12-13 00:22:06,522 - PaperAgentLogger - INFO - current rateReachGoal: 0
2025-12-13 00:22:06,539 - PaperAgentLogger - DEBUG - New map
2025-12-13 00:22:07,332 - PaperAgentLogger - INFO - ################## PaperArchitecture_map20x20_rho1_10Agent/K3_HS0/1765556206 - End of loop ##################  
 ####### Case1637 	 Computation time:0.7928714752197266 	 Step27/50	- AllReachGoal-True

2025-12-13 00:22:07,333 - PaperAgentLogger - INFO - current rateReachGoal: 0
2025-12-13 00:22:07,350 - PaperAgentLogger - DEBUG - New map
2025-12-13 00:22:08,191 - PaperAgentLogger - INFO - ################## PaperArchitecture_map20x20_rho1_10Agent/K3_HS0/1765556206 - End of loop ##################  
 ####### Case1638 	 Computation time:0.8398787975311279 	 Step26/44	- AllReachGoal-True

2025-12-13 00:22:08,192 - PaperAgentLogger - INFO - current rateReachGoal: 0
2025-12-13 00:22:08,210 - PaperAgentLogger - DEBUG - New map
2025-12-13 00:22:09,745 - PaperAgentLogger - INFO - ################## PaperArchitecture_map20x20_rho1_10Agent/K3_HS0/1765556206 - End of loop ##################  
 ####### Case1639 	 Computation time:1.534562349319458 	 Step48/48	- AllReachGoal-False

2025-12-13 00:22:09,745 - PaperAgentLogger - INFO - current rateReachGoal: 0
2025-12-13 00:22:09,762 - PaperAgentLogger - DEBUG - New map
2025-12-13 00:22:10,482 - PaperAgentLogger - INFO - ################## PaperArchitecture_map20x20_rho1_10Agent/K3_HS0/1765556206 - End of loop ##################  
 ####### Case1640 	 Computation time:0.7199552059173584 	 Step22/42	- AllReachGoal-True

2025-12-13 00:22:10,483 - PaperAgentLogger - INFO - current rateReachGoal: 0
2025-12-13 00:22:10,499 - PaperAgentLogger - DEBUG - New map
2025-12-13 00:22:11,913 - PaperAgentLogger - INFO - ################## PaperArchitecture_map20x20_rho1_10Agent/K3_HS0/1765556206 - End of loop ##################  
 ####### Case1641 	 Computation time:1.4128937721252441 	 Step48/48	- AllReachGoal-False

2025-12-13 00:22:11,913 - PaperAgentLogger - INFO - current rateReachGoal: 0
2025-12-13 00:22:11,930 - PaperAgentLogger - DEBUG - New map
2025-12-13 00:22:12,644 - PaperAgentLogger - INFO - ################## PaperArchitecture_map20x20_rho1_10Agent/K3_HS0/1765556206 - End of loop ##################  
 ####### Case1642 	 Computation time:0.7132387161254883 	 Step24/48	- AllReachGoal-True

2025-12-13 00:22:12,645 - PaperAgentLogger - INFO - current rateReachGoal: 0
2025-12-13 00:22:12,661 - PaperAgentLogger - DEBUG - New map
2025-12-13 00:22:14,005 - PaperAgentLogger - INFO - ################## PaperArchitecture_map20x20_rho1_10Agent/K3_HS0/1765556206 - End of loop ##################  
 ####### Case1643 	 Computation time:1.3429045677185059 	 Step44/44	- AllReachGoal-False

2025-12-13 00:22:14,005 - PaperAgentLogger - INFO - current rateReachGoal: 0
2025-12-13 00:22:14,023 - PaperAgentLogger - DEBUG - New map
2025-12-13 00:22:14,882 - PaperAgentLogger - INFO - ################## PaperArchitecture_map20x20_rho1_10Agent/K3_HS0/1765556206 - End of loop ##################  
 ####### Case1644 	 Computation time:0.8582336902618408 	 Step29/54	- AllReachGoal-True

2025-12-13 00:22:14,884 - PaperAgentLogger - INFO - current rateReachGoal: 0
2025-12-13 00:22:14,901 - PaperAgentLogger - DEBUG - New map
2025-12-13 00:22:15,699 - PaperAgentLogger - INFO - ################## PaperArchitecture_map20x20_rho1_10Agent/K3_HS0/1765556206 - End of loop ##################  
 ####### Case1645 	 Computation time:0.7971882820129395 	 Step27/54	- AllReachGoal-True

2025-12-13 00:22:15,700 - PaperAgentLogger - INFO - current rateReachGoal: 0
2025-12-13 00:22:15,720 - PaperAgentLogger - DEBUG - New map
2025-12-13 00:22:16,748 - PaperAgentLogger - INFO - ################## PaperArchitecture_map20x20_rho1_10Agent/K3_HS0/1765556206 - End of loop ##################  
 ####### Case1646 	 Computation time:1.0274763107299805 	 Step35/66	- AllReachGoal-True

2025-12-13 00:22:16,749 - PaperAgentLogger - INFO - current rateReachGoal: 0
2025-12-13 00:22:16,766 - PaperAgentLogger - DEBUG - New map
2025-12-13 00:22:18,059 - PaperAgentLogger - INFO - ################## PaperArchitecture_map20x20_rho1_10Agent/K3_HS0/1765556206 - End of loop ##################  
 ####### Case1647 	 Computation time:1.2924067974090576 	 Step44/44	- AllReachGoal-False

2025-12-13 00:22:18,060 - PaperAgentLogger - INFO - current rateReachGoal: 0
2025-12-13 00:22:18,079 - PaperAgentLogger - DEBUG - New map
2025-12-13 00:22:19,094 - PaperAgentLogger - INFO - ################## PaperArchitecture_map20x20_rho1_10Agent/K3_HS0/1765556206 - End of loop ##################  
 ####### Case1648 	 Computation time:1.0139961242675781 	 Step31/56	- AllReachGoal-True

2025-12-13 00:22:19,095 - PaperAgentLogger - INFO - current rateReachGoal: 0
2025-12-13 00:22:19,110 - PaperAgentLogger - DEBUG - New map
2025-12-13 00:22:20,290 - PaperAgentLogger - INFO - ################## PaperArchitecture_map20x20_rho1_10Agent/K3_HS0/1765556206 - End of loop ##################  
 ####### Case1649 	 Computation time:1.1793420314788818 	 Step40/40	- AllReachGoal-False

2025-12-13 00:22:20,292 - PaperAgentLogger - INFO - current rateReachGoal: 0
2025-12-13 00:22:20,312 - PaperAgentLogger - DEBUG - New map
2025-12-13 00:22:21,129 - PaperAgentLogger - INFO - ################## PaperArchitecture_map20x20_rho1_10Agent/K3_HS0/1765556206 - End of loop ##################  
 ####### Case1650 	 Computation time:0.8161680698394775 	 Step27/54	- AllReachGoal-True

2025-12-13 00:22:21,129 - PaperAgentLogger - INFO - current rateReachGoal: 0
2025-12-13 00:22:21,146 - PaperAgentLogger - DEBUG - New map
2025-12-13 00:22:21,929 - PaperAgentLogger - INFO - ################## PaperArchitecture_map20x20_rho1_10Agent/K3_HS0/1765556206 - End of loop ##################  
 ####### Case1651 	 Computation time:0.7822926044464111 	 Step26/52	- AllReachGoal-True

2025-12-13 00:22:21,930 - PaperAgentLogger - INFO - current rateReachGoal: 0
2025-12-13 00:22:21,949 - PaperAgentLogger - DEBUG - New map
2025-12-13 00:22:23,629 - PaperAgentLogger - INFO - ################## PaperArchitecture_map20x20_rho1_10Agent/K3_HS0/1765556206 - End of loop ##################  
 ####### Case1652 	 Computation time:1.6800215244293213 	 Step56/56	- AllReachGoal-False

2025-12-13 00:22:23,630 - PaperAgentLogger - INFO - current rateReachGoal: 0
2025-12-13 00:22:23,649 - PaperAgentLogger - DEBUG - New map
2025-12-13 00:22:25,173 - PaperAgentLogger - INFO - ################## PaperArchitecture_map20x20_rho1_10Agent/K3_HS0/1765556206 - End of loop ##################  
 ####### Case1653 	 Computation time:1.523921251296997 	 Step50/50	- AllReachGoal-False

2025-12-13 00:22:25,174 - PaperAgentLogger - INFO - current rateReachGoal: 0
2025-12-13 00:22:25,194 - PaperAgentLogger - DEBUG - New map
2025-12-13 00:22:27,135 - PaperAgentLogger - INFO - ################## PaperArchitecture_map20x20_rho1_10Agent/K3_HS0/1765556206 - End of loop ##################  
 ####### Case1654 	 Computation time:1.94059157371521 	 Step64/64	- AllReachGoal-False

2025-12-13 00:22:27,136 - PaperAgentLogger - INFO - current rateReachGoal: 0
2025-12-13 00:22:27,153 - PaperAgentLogger - DEBUG - New map
2025-12-13 00:22:27,889 - PaperAgentLogger - INFO - ################## PaperArchitecture_map20x20_rho1_10Agent/K3_HS0/1765556206 - End of loop ##################  
 ####### Case1655 	 Computation time:0.7358531951904297 	 Step24/44	- AllReachGoal-True

2025-12-13 00:22:27,890 - PaperAgentLogger - INFO - current rateReachGoal: 0
2025-12-13 00:22:27,908 - PaperAgentLogger - DEBUG - New map
2025-12-13 00:22:29,554 - PaperAgentLogger - INFO - ################## PaperArchitecture_map20x20_rho1_10Agent/K3_HS0/1765556206 - End of loop ##################  
 ####### Case1656 	 Computation time:1.6456356048583984 	 Step52/52	- AllReachGoal-False

2025-12-13 00:22:29,555 - PaperAgentLogger - INFO - current rateReachGoal: 0
2025-12-13 00:22:29,576 - PaperAgentLogger - DEBUG - New map
2025-12-13 00:22:30,753 - PaperAgentLogger - INFO - ################## PaperArchitecture_map20x20_rho1_10Agent/K3_HS0/1765556206 - End of loop ##################  
 ####### Case1657 	 Computation time:1.1761963367462158 	 Step38/64	- AllReachGoal-True

2025-12-13 00:22:30,754 - PaperAgentLogger - INFO - current rateReachGoal: 0
2025-12-13 00:22:30,772 - PaperAgentLogger - DEBUG - New map
2025-12-13 00:22:32,063 - PaperAgentLogger - INFO - ################## PaperArchitecture_map20x20_rho1_10Agent/K3_HS0/1765556206 - End of loop ##################  
 ####### Case1658 	 Computation time:1.289461374282837 	 Step42/54	- AllReachGoal-True

2025-12-13 00:22:32,063 - PaperAgentLogger - INFO - current rateReachGoal: 0
2025-12-13 00:22:32,081 - PaperAgentLogger - DEBUG - New map
2025-12-13 00:22:32,918 - PaperAgentLogger - INFO - ################## PaperArchitecture_map20x20_rho1_10Agent/K3_HS0/1765556206 - End of loop ##################  
 ####### Case1659 	 Computation time:0.8365128040313721 	 Step25/48	- AllReachGoal-True

2025-12-13 00:22:32,919 - PaperAgentLogger - INFO - current rateReachGoal: 0
2025-12-13 00:22:32,935 - PaperAgentLogger - DEBUG - New map
2025-12-13 00:22:34,207 - PaperAgentLogger - INFO - ################## PaperArchitecture_map20x20_rho1_10Agent/K3_HS0/1765556206 - End of loop ##################  
 ####### Case1660 	 Computation time:1.2720646858215332 	 Step42/42	- AllReachGoal-False

2025-12-13 00:22:34,208 - PaperAgentLogger - INFO - current rateReachGoal: 0
2025-12-13 00:22:34,229 - PaperAgentLogger - DEBUG - New map
2025-12-13 00:22:35,941 - PaperAgentLogger - INFO - ################## PaperArchitecture_map20x20_rho1_10Agent/K3_HS0/1765556206 - End of loop ##################  
 ####### Case1661 	 Computation time:1.7114741802215576 	 Step54/60	- AllReachGoal-True

2025-12-13 00:22:35,942 - PaperAgentLogger - INFO - current rateReachGoal: 0
2025-12-13 00:22:35,960 - PaperAgentLogger - DEBUG - New map
2025-12-13 00:22:37,621 - PaperAgentLogger - INFO - ################## PaperArchitecture_map20x20_rho1_10Agent/K3_HS0/1765556206 - End of loop ##################  
 ####### Case1662 	 Computation time:1.6611762046813965 	 Step52/52	- AllReachGoal-False

2025-12-13 00:22:37,622 - PaperAgentLogger - INFO - current rateReachGoal: 0
2025-12-13 00:22:37,641 - PaperAgentLogger - DEBUG - New map
2025-12-13 00:22:39,477 - PaperAgentLogger - INFO - ################## PaperArchitecture_map20x20_rho1_10Agent/K3_HS0/1765556206 - End of loop ##################  
 ####### Case1663 	 Computation time:1.8351924419403076 	 Step56/56	- AllReachGoal-False

2025-12-13 00:22:39,478 - PaperAgentLogger - INFO - current rateReachGoal: 0
2025-12-13 00:22:39,496 - PaperAgentLogger - DEBUG - New map
2025-12-13 00:22:41,262 - PaperAgentLogger - INFO - ################## PaperArchitecture_map20x20_rho1_10Agent/K3_HS0/1765556206 - End of loop ##################  
 ####### Case1664 	 Computation time:1.764906883239746 	 Step54/54	- AllReachGoal-False

2025-12-13 00:22:41,263 - PaperAgentLogger - INFO - current rateReachGoal: 0
2025-12-13 00:22:41,280 - PaperAgentLogger - DEBUG - New map
2025-12-13 00:22:42,126 - PaperAgentLogger - INFO - ################## PaperArchitecture_map20x20_rho1_10Agent/K3_HS0/1765556206 - End of loop ##################  
 ####### Case1665 	 Computation time:0.8455109596252441 	 Step27/48	- AllReachGoal-True

2025-12-13 00:22:42,127 - PaperAgentLogger - INFO - current rateReachGoal: 0
2025-12-13 00:22:42,146 - PaperAgentLogger - DEBUG - New map
2025-12-13 00:22:43,942 - PaperAgentLogger - INFO - ################## PaperArchitecture_map20x20_rho1_10Agent/K3_HS0/1765556206 - End of loop ##################  
 ####### Case1666 	 Computation time:1.7953763008117676 	 Step54/54	- AllReachGoal-False

2025-12-13 00:22:43,943 - PaperAgentLogger - INFO - current rateReachGoal: 0
2025-12-13 00:22:43,960 - PaperAgentLogger - DEBUG - New map
2025-12-13 00:22:45,550 - PaperAgentLogger - INFO - ################## PaperArchitecture_map20x20_rho1_10Agent/K3_HS0/1765556206 - End of loop ##################  
 ####### Case1667 	 Computation time:1.5892791748046875 	 Step48/48	- AllReachGoal-False

2025-12-13 00:22:45,551 - PaperAgentLogger - INFO - current rateReachGoal: 0
2025-12-13 00:22:45,571 - PaperAgentLogger - DEBUG - New map
2025-12-13 00:22:46,424 - PaperAgentLogger - INFO - ################## PaperArchitecture_map20x20_rho1_10Agent/K3_HS0/1765556206 - End of loop ##################  
 ####### Case1668 	 Computation time:0.8524162769317627 	 Step25/50	- AllReachGoal-True

2025-12-13 00:22:46,424 - PaperAgentLogger - INFO - current rateReachGoal: 0
2025-12-13 00:22:46,442 - PaperAgentLogger - DEBUG - New map
2025-12-13 00:22:47,355 - PaperAgentLogger - INFO - ################## PaperArchitecture_map20x20_rho1_10Agent/K3_HS0/1765556206 - End of loop ##################  
 ####### Case1669 	 Computation time:0.9128894805908203 	 Step28/46	- AllReachGoal-True

2025-12-13 00:22:47,356 - PaperAgentLogger - INFO - current rateReachGoal: 0
2025-12-13 00:22:47,372 - PaperAgentLogger - DEBUG - New map
2025-12-13 00:22:48,464 - PaperAgentLogger - INFO - ################## PaperArchitecture_map20x20_rho1_10Agent/K3_HS0/1765556206 - End of loop ##################  
 ####### Case1670 	 Computation time:1.0910658836364746 	 Step35/48	- AllReachGoal-True

2025-12-13 00:22:48,465 - PaperAgentLogger - INFO - current rateReachGoal: 0
2025-12-13 00:22:48,482 - PaperAgentLogger - DEBUG - New map
2025-12-13 00:22:50,128 - PaperAgentLogger - INFO - ################## PaperArchitecture_map20x20_rho1_10Agent/K3_HS0/1765556206 - End of loop ##################  
 ####### Case1671 	 Computation time:1.6455507278442383 	 Step50/50	- AllReachGoal-False

2025-12-13 00:22:50,129 - PaperAgentLogger - INFO - current rateReachGoal: 0
2025-12-13 00:22:50,149 - PaperAgentLogger - DEBUG - New map
2025-12-13 00:22:51,914 - PaperAgentLogger - INFO - ################## PaperArchitecture_map20x20_rho1_10Agent/K3_HS0/1765556206 - End of loop ##################  
 ####### Case1672 	 Computation time:1.764937400817871 	 Step58/58	- AllReachGoal-False

2025-12-13 00:22:51,915 - PaperAgentLogger - INFO - current rateReachGoal: 0
2025-12-13 00:22:51,934 - PaperAgentLogger - DEBUG - New map
2025-12-13 00:22:53,497 - PaperAgentLogger - INFO - ################## PaperArchitecture_map20x20_rho1_10Agent/K3_HS0/1765556206 - End of loop ##################  
 ####### Case1673 	 Computation time:1.562530517578125 	 Step52/52	- AllReachGoal-False

2025-12-13 00:22:53,498 - PaperAgentLogger - INFO - current rateReachGoal: 0
2025-12-13 00:22:53,517 - PaperAgentLogger - DEBUG - New map
2025-12-13 00:22:55,192 - PaperAgentLogger - INFO - ################## PaperArchitecture_map20x20_rho1_10Agent/K3_HS0/1765556206 - End of loop ##################  
 ####### Case1674 	 Computation time:1.674302339553833 	 Step56/56	- AllReachGoal-False

2025-12-13 00:22:55,192 - PaperAgentLogger - INFO - current rateReachGoal: 0
2025-12-13 00:22:55,210 - PaperAgentLogger - DEBUG - New map
2025-12-13 00:22:55,937 - PaperAgentLogger - INFO - ################## PaperArchitecture_map20x20_rho1_10Agent/K3_HS0/1765556206 - End of loop ##################  
 ####### Case1675 	 Computation time:0.7265434265136719 	 Step24/44	- AllReachGoal-True

2025-12-13 00:22:55,937 - PaperAgentLogger - INFO - current rateReachGoal: 0
2025-12-13 00:22:55,956 - PaperAgentLogger - DEBUG - New map
2025-12-13 00:22:57,664 - PaperAgentLogger - INFO - ################## PaperArchitecture_map20x20_rho1_10Agent/K3_HS0/1765556206 - End of loop ##################  
 ####### Case1676 	 Computation time:1.7080068588256836 	 Step56/56	- AllReachGoal-False

2025-12-13 00:22:57,665 - PaperAgentLogger - INFO - current rateReachGoal: 0
2025-12-13 00:22:57,685 - PaperAgentLogger - DEBUG - New map
2025-12-13 00:22:59,477 - PaperAgentLogger - INFO - ################## PaperArchitecture_map20x20_rho1_10Agent/K3_HS0/1765556206 - End of loop ##################  
 ####### Case1677 	 Computation time:1.791858196258545 	 Step60/60	- AllReachGoal-False

2025-12-13 00:22:59,478 - PaperAgentLogger - INFO - current rateReachGoal: 0
2025-12-13 00:22:59,495 - PaperAgentLogger - DEBUG - New map
2025-12-13 00:23:00,189 - PaperAgentLogger - INFO - ################## PaperArchitecture_map20x20_rho1_10Agent/K3_HS0/1765556206 - End of loop ##################  
 ####### Case1678 	 Computation time:0.692711353302002 	 Step23/46	- AllReachGoal-True

2025-12-13 00:23:00,189 - PaperAgentLogger - INFO - current rateReachGoal: 0
2025-12-13 00:23:00,207 - PaperAgentLogger - DEBUG - New map
2025-12-13 00:23:02,032 - PaperAgentLogger - INFO - ################## PaperArchitecture_map20x20_rho1_10Agent/K3_HS0/1765556206 - End of loop ##################  
 ####### Case1679 	 Computation time:1.8240554332733154 	 Step60/60	- AllReachGoal-False

2025-12-13 00:23:02,033 - PaperAgentLogger - INFO - current rateReachGoal: 0
2025-12-13 00:23:02,052 - PaperAgentLogger - DEBUG - New map
2025-12-13 00:23:03,856 - PaperAgentLogger - INFO - ################## PaperArchitecture_map20x20_rho1_10Agent/K3_HS0/1765556206 - End of loop ##################  
 ####### Case1680 	 Computation time:1.8037045001983643 	 Step60/60	- AllReachGoal-False

2025-12-13 00:23:03,857 - PaperAgentLogger - INFO - current rateReachGoal: 0
2025-12-13 00:23:03,874 - PaperAgentLogger - DEBUG - New map
2025-12-13 00:23:04,814 - PaperAgentLogger - INFO - ################## PaperArchitecture_map20x20_rho1_10Agent/K3_HS0/1765556206 - End of loop ##################  
 ####### Case1681 	 Computation time:0.9393670558929443 	 Step28/46	- AllReachGoal-True

2025-12-13 00:23:04,815 - PaperAgentLogger - INFO - current rateReachGoal: 0
2025-12-13 00:23:04,834 - PaperAgentLogger - DEBUG - New map
2025-12-13 00:23:06,329 - PaperAgentLogger - INFO - ################## PaperArchitecture_map20x20_rho1_10Agent/K3_HS0/1765556206 - End of loop ##################  
 ####### Case1682 	 Computation time:1.495131015777588 	 Step46/46	- AllReachGoal-False

2025-12-13 00:23:06,330 - PaperAgentLogger - INFO - current rateReachGoal: 0
2025-12-13 00:23:06,348 - PaperAgentLogger - DEBUG - New map
2025-12-13 00:23:07,816 - PaperAgentLogger - INFO - ################## PaperArchitecture_map20x20_rho1_10Agent/K3_HS0/1765556206 - End of loop ##################  
 ####### Case1683 	 Computation time:1.4673047065734863 	 Step49/52	- AllReachGoal-True

2025-12-13 00:23:07,816 - PaperAgentLogger - INFO - current rateReachGoal: 0
2025-12-13 00:23:07,835 - PaperAgentLogger - DEBUG - New map
2025-12-13 00:23:09,628 - PaperAgentLogger - INFO - ################## PaperArchitecture_map20x20_rho1_10Agent/K3_HS0/1765556206 - End of loop ##################  
 ####### Case1684 	 Computation time:1.7926602363586426 	 Step60/60	- AllReachGoal-False

2025-12-13 00:23:09,629 - PaperAgentLogger - INFO - current rateReachGoal: 0
2025-12-13 00:23:09,647 - PaperAgentLogger - DEBUG - New map
2025-12-13 00:23:10,458 - PaperAgentLogger - INFO - ################## PaperArchitecture_map20x20_rho1_10Agent/K3_HS0/1765556206 - End of loop ##################  
 ####### Case1685 	 Computation time:0.8102264404296875 	 Step27/56	- AllReachGoal-True

2025-12-13 00:23:10,458 - PaperAgentLogger - INFO - current rateReachGoal: 0
2025-12-13 00:23:10,477 - PaperAgentLogger - DEBUG - New map
2025-12-13 00:23:11,291 - PaperAgentLogger - INFO - ################## PaperArchitecture_map20x20_rho1_10Agent/K3_HS0/1765556206 - End of loop ##################  
 ####### Case1686 	 Computation time:0.8134932518005371 	 Step27/52	- AllReachGoal-True

2025-12-13 00:23:11,292 - PaperAgentLogger - INFO - current rateReachGoal: 0
2025-12-13 00:23:11,307 - PaperAgentLogger - DEBUG - New map
2025-12-13 00:23:12,092 - PaperAgentLogger - INFO - ################## PaperArchitecture_map20x20_rho1_10Agent/K3_HS0/1765556206 - End of loop ##################  
 ####### Case1687 	 Computation time:0.783806324005127 	 Step26/44	- AllReachGoal-True

2025-12-13 00:23:12,093 - PaperAgentLogger - INFO - current rateReachGoal: 0
2025-12-13 00:23:12,110 - PaperAgentLogger - DEBUG - New map
2025-12-13 00:23:13,480 - PaperAgentLogger - INFO - ################## PaperArchitecture_map20x20_rho1_10Agent/K3_HS0/1765556206 - End of loop ##################  
 ####### Case1688 	 Computation time:1.3693888187408447 	 Step46/54	- AllReachGoal-True

2025-12-13 00:23:13,481 - PaperAgentLogger - INFO - current rateReachGoal: 0
2025-12-13 00:23:13,499 - PaperAgentLogger - DEBUG - New map
2025-12-13 00:23:14,339 - PaperAgentLogger - INFO - ################## PaperArchitecture_map20x20_rho1_10Agent/K3_HS0/1765556206 - End of loop ##################  
 ####### Case1689 	 Computation time:0.8391151428222656 	 Step28/54	- AllReachGoal-True

2025-12-13 00:23:14,339 - PaperAgentLogger - INFO - current rateReachGoal: 0
2025-12-13 00:23:14,359 - PaperAgentLogger - DEBUG - New map
2025-12-13 00:23:15,861 - PaperAgentLogger - INFO - ################## PaperArchitecture_map20x20_rho1_10Agent/K3_HS0/1765556206 - End of loop ##################  
 ####### Case1690 	 Computation time:1.500847339630127 	 Step47/62	- AllReachGoal-True

2025-12-13 00:23:15,861 - PaperAgentLogger - INFO - current rateReachGoal: 0
2025-12-13 00:23:15,880 - PaperAgentLogger - DEBUG - New map
2025-12-13 00:23:17,065 - PaperAgentLogger - INFO - ################## PaperArchitecture_map20x20_rho1_10Agent/K3_HS0/1765556206 - End of loop ##################  
 ####### Case1691 	 Computation time:1.184114694595337 	 Step36/50	- AllReachGoal-True

2025-12-13 00:23:17,065 - PaperAgentLogger - INFO - current rateReachGoal: 0
2025-12-13 00:23:17,085 - PaperAgentLogger - DEBUG - New map
2025-12-13 00:23:18,056 - PaperAgentLogger - INFO - ################## PaperArchitecture_map20x20_rho1_10Agent/K3_HS0/1765556206 - End of loop ##################  
 ####### Case1692 	 Computation time:0.9711308479309082 	 Step29/58	- AllReachGoal-True

2025-12-13 00:23:18,057 - PaperAgentLogger - INFO - current rateReachGoal: 0
2025-12-13 00:23:18,077 - PaperAgentLogger - DEBUG - New map
2025-12-13 00:23:19,015 - PaperAgentLogger - INFO - ################## PaperArchitecture_map20x20_rho1_10Agent/K3_HS0/1765556206 - End of loop ##################  
 ####### Case1693 	 Computation time:0.9373891353607178 	 Step30/60	- AllReachGoal-True

2025-12-13 00:23:19,016 - PaperAgentLogger - INFO - current rateReachGoal: 0
2025-12-13 00:23:19,034 - PaperAgentLogger - DEBUG - New map
2025-12-13 00:23:20,236 - PaperAgentLogger - INFO - ################## PaperArchitecture_map20x20_rho1_10Agent/K3_HS0/1765556206 - End of loop ##################  
 ####### Case1694 	 Computation time:1.2009470462799072 	 Step36/54	- AllReachGoal-True

2025-12-13 00:23:20,237 - PaperAgentLogger - INFO - current rateReachGoal: 0
2025-12-13 00:23:20,256 - PaperAgentLogger - DEBUG - New map
2025-12-13 00:23:21,832 - PaperAgentLogger - INFO - ################## PaperArchitecture_map20x20_rho1_10Agent/K3_HS0/1765556206 - End of loop ##################  
 ####### Case1695 	 Computation time:1.5753881931304932 	 Step48/48	- AllReachGoal-False

2025-12-13 00:23:21,833 - PaperAgentLogger - INFO - current rateReachGoal: 0
2025-12-13 00:23:21,850 - PaperAgentLogger - DEBUG - New map
2025-12-13 00:23:22,744 - PaperAgentLogger - INFO - ################## PaperArchitecture_map20x20_rho1_10Agent/K3_HS0/1765556206 - End of loop ##################  
 ####### Case1696 	 Computation time:0.8939054012298584 	 Step29/48	- AllReachGoal-True

2025-12-13 00:23:22,745 - PaperAgentLogger - INFO - current rateReachGoal: 0
2025-12-13 00:23:22,763 - PaperAgentLogger - DEBUG - New map
2025-12-13 00:23:23,569 - PaperAgentLogger - INFO - ################## PaperArchitecture_map20x20_rho1_10Agent/K3_HS0/1765556206 - End of loop ##################  
 ####### Case1697 	 Computation time:0.805509090423584 	 Step25/50	- AllReachGoal-True

2025-12-13 00:23:23,570 - PaperAgentLogger - INFO - current rateReachGoal: 0
2025-12-13 00:23:23,587 - PaperAgentLogger - DEBUG - New map
2025-12-13 00:23:25,316 - PaperAgentLogger - INFO - ################## PaperArchitecture_map20x20_rho1_10Agent/K3_HS0/1765556206 - End of loop ##################  
 ####### Case1698 	 Computation time:1.7280511856079102 	 Step54/54	- AllReachGoal-False

2025-12-13 00:23:25,316 - PaperAgentLogger - INFO - current rateReachGoal: 0
2025-12-13 00:23:25,335 - PaperAgentLogger - DEBUG - New map
2025-12-13 00:23:26,266 - PaperAgentLogger - INFO - ################## PaperArchitecture_map20x20_rho1_10Agent/K3_HS0/1765556206 - End of loop ##################  
 ####### Case1699 	 Computation time:0.9307537078857422 	 Step29/52	- AllReachGoal-True

2025-12-13 00:23:26,267 - PaperAgentLogger - INFO - current rateReachGoal: 0
2025-12-13 00:23:26,285 - PaperAgentLogger - DEBUG - New map
2025-12-13 00:23:27,783 - PaperAgentLogger - INFO - ################## PaperArchitecture_map20x20_rho1_10Agent/K3_HS0/1765556206 - End of loop ##################  
 ####### Case1700 	 Computation time:1.4976069927215576 	 Step49/54	- AllReachGoal-True

2025-12-13 00:23:27,784 - PaperAgentLogger - INFO - current rateReachGoal: 0
2025-12-13 00:23:27,803 - PaperAgentLogger - DEBUG - New map
2025-12-13 00:23:28,890 - PaperAgentLogger - INFO - ################## PaperArchitecture_map20x20_rho1_10Agent/K3_HS0/1765556206 - End of loop ##################  
 ####### Case1701 	 Computation time:1.0864567756652832 	 Step33/58	- AllReachGoal-True

2025-12-13 00:23:28,890 - PaperAgentLogger - INFO - current rateReachGoal: 0
2025-12-13 00:23:28,910 - PaperAgentLogger - DEBUG - New map
2025-12-13 00:23:29,887 - PaperAgentLogger - INFO - ################## PaperArchitecture_map20x20_rho1_10Agent/K3_HS0/1765556206 - End of loop ##################  
 ####### Case1702 	 Computation time:0.9764187335968018 	 Step30/58	- AllReachGoal-True

2025-12-13 00:23:29,887 - PaperAgentLogger - INFO - current rateReachGoal: 0
2025-12-13 00:23:29,904 - PaperAgentLogger - DEBUG - New map
2025-12-13 00:23:30,723 - PaperAgentLogger - INFO - ################## PaperArchitecture_map20x20_rho1_10Agent/K3_HS0/1765556206 - End of loop ##################  
 ####### Case1703 	 Computation time:0.8181984424591064 	 Step27/44	- AllReachGoal-True

2025-12-13 00:23:30,724 - PaperAgentLogger - INFO - current rateReachGoal: 0
2025-12-13 00:23:30,739 - PaperAgentLogger - DEBUG - New map
2025-12-13 00:23:31,394 - PaperAgentLogger - INFO - ################## PaperArchitecture_map20x20_rho1_10Agent/K3_HS0/1765556206 - End of loop ##################  
 ####### Case1704 	 Computation time:0.654292106628418 	 Step22/40	- AllReachGoal-True

2025-12-13 00:23:31,395 - PaperAgentLogger - INFO - current rateReachGoal: 0
2025-12-13 00:23:31,411 - PaperAgentLogger - DEBUG - New map
2025-12-13 00:23:32,597 - PaperAgentLogger - INFO - ################## PaperArchitecture_map20x20_rho1_10Agent/K3_HS0/1765556206 - End of loop ##################  
 ####### Case1705 	 Computation time:1.1857237815856934 	 Step40/40	- AllReachGoal-False

2025-12-13 00:23:32,598 - PaperAgentLogger - INFO - current rateReachGoal: 0
2025-12-13 00:23:32,615 - PaperAgentLogger - DEBUG - New map
2025-12-13 00:23:33,329 - PaperAgentLogger - INFO - ################## PaperArchitecture_map20x20_rho1_10Agent/K3_HS0/1765556206 - End of loop ##################  
 ####### Case1706 	 Computation time:0.7135283946990967 	 Step24/48	- AllReachGoal-True

2025-12-13 00:23:33,331 - PaperAgentLogger - INFO - current rateReachGoal: 0
2025-12-13 00:23:33,349 - PaperAgentLogger - DEBUG - New map
2025-12-13 00:23:34,565 - PaperAgentLogger - INFO - ################## PaperArchitecture_map20x20_rho1_10Agent/K3_HS0/1765556206 - End of loop ##################  
 ####### Case1707 	 Computation time:1.2152557373046875 	 Step41/52	- AllReachGoal-True

2025-12-13 00:23:34,566 - PaperAgentLogger - INFO - current rateReachGoal: 0
2025-12-13 00:23:34,582 - PaperAgentLogger - DEBUG - New map
2025-12-13 00:23:35,475 - PaperAgentLogger - INFO - ################## PaperArchitecture_map20x20_rho1_10Agent/K3_HS0/1765556206 - End of loop ##################  
 ####### Case1708 	 Computation time:0.8923203945159912 	 Step30/48	- AllReachGoal-True

2025-12-13 00:23:35,476 - PaperAgentLogger - INFO - current rateReachGoal: 0
2025-12-13 00:23:35,495 - PaperAgentLogger - DEBUG - New map
2025-12-13 00:23:37,215 - PaperAgentLogger - INFO - ################## PaperArchitecture_map20x20_rho1_10Agent/K3_HS0/1765556206 - End of loop ##################  
 ####### Case1709 	 Computation time:1.719818353652954 	 Step58/58	- AllReachGoal-False

2025-12-13 00:23:37,216 - PaperAgentLogger - INFO - current rateReachGoal: 0
2025-12-13 00:23:37,234 - PaperAgentLogger - DEBUG - New map
2025-12-13 00:23:38,930 - PaperAgentLogger - INFO - ################## PaperArchitecture_map20x20_rho1_10Agent/K3_HS0/1765556206 - End of loop ##################  
 ####### Case1710 	 Computation time:1.6963284015655518 	 Step54/54	- AllReachGoal-False

2025-12-13 00:23:38,933 - PaperAgentLogger - INFO - current rateReachGoal: 0
2025-12-13 00:23:38,948 - PaperAgentLogger - DEBUG - New map
2025-12-13 00:23:39,673 - PaperAgentLogger - INFO - ################## PaperArchitecture_map20x20_rho1_10Agent/K3_HS0/1765556206 - End of loop ##################  
 ####### Case1711 	 Computation time:0.7244901657104492 	 Step22/36	- AllReachGoal-True

2025-12-13 00:23:39,674 - PaperAgentLogger - INFO - current rateReachGoal: 0
2025-12-13 00:23:39,692 - PaperAgentLogger - DEBUG - New map
2025-12-13 00:23:40,617 - PaperAgentLogger - INFO - ################## PaperArchitecture_map20x20_rho1_10Agent/K3_HS0/1765556206 - End of loop ##################  
 ####### Case1712 	 Computation time:0.9239475727081299 	 Step29/54	- AllReachGoal-True

2025-12-13 00:23:40,617 - PaperAgentLogger - INFO - current rateReachGoal: 0
2025-12-13 00:23:40,636 - PaperAgentLogger - DEBUG - New map
2025-12-13 00:23:42,511 - PaperAgentLogger - INFO - ################## PaperArchitecture_map20x20_rho1_10Agent/K3_HS0/1765556206 - End of loop ##################  
 ####### Case1713 	 Computation time:1.874976396560669 	 Step60/60	- AllReachGoal-False

2025-12-13 00:23:42,512 - PaperAgentLogger - INFO - current rateReachGoal: 0
2025-12-13 00:23:42,530 - PaperAgentLogger - DEBUG - New map
2025-12-13 00:23:43,945 - PaperAgentLogger - INFO - ################## PaperArchitecture_map20x20_rho1_10Agent/K3_HS0/1765556206 - End of loop ##################  
 ####### Case1714 	 Computation time:1.4148592948913574 	 Step45/48	- AllReachGoal-True

2025-12-13 00:23:43,948 - PaperAgentLogger - INFO - current rateReachGoal: 0
2025-12-13 00:23:43,964 - PaperAgentLogger - DEBUG - New map
2025-12-13 00:23:45,589 - PaperAgentLogger - INFO - ################## PaperArchitecture_map20x20_rho1_10Agent/K3_HS0/1765556206 - End of loop ##################  
 ####### Case1715 	 Computation time:1.6237709522247314 	 Step52/52	- AllReachGoal-False

2025-12-13 00:23:45,589 - PaperAgentLogger - INFO - current rateReachGoal: 0
2025-12-13 00:23:45,609 - PaperAgentLogger - DEBUG - New map
2025-12-13 00:23:46,508 - PaperAgentLogger - INFO - ################## PaperArchitecture_map20x20_rho1_10Agent/K3_HS0/1765556206 - End of loop ##################  
 ####### Case1716 	 Computation time:0.8989558219909668 	 Step29/56	- AllReachGoal-True

2025-12-13 00:23:46,509 - PaperAgentLogger - INFO - current rateReachGoal: 0
2025-12-13 00:23:46,527 - PaperAgentLogger - DEBUG - New map
2025-12-13 00:23:47,917 - PaperAgentLogger - INFO - ################## PaperArchitecture_map20x20_rho1_10Agent/K3_HS0/1765556206 - End of loop ##################  
 ####### Case1717 	 Computation time:1.3892426490783691 	 Step42/58	- AllReachGoal-True

2025-12-13 00:23:47,917 - PaperAgentLogger - INFO - current rateReachGoal: 0
2025-12-13 00:23:47,934 - PaperAgentLogger - DEBUG - New map
2025-12-13 00:23:48,679 - PaperAgentLogger - INFO - ################## PaperArchitecture_map20x20_rho1_10Agent/K3_HS0/1765556206 - End of loop ##################  
 ####### Case1718 	 Computation time:0.7440590858459473 	 Step23/46	- AllReachGoal-True

2025-12-13 00:23:48,679 - PaperAgentLogger - INFO - current rateReachGoal: 0
2025-12-13 00:23:48,696 - PaperAgentLogger - DEBUG - New map
2025-12-13 00:23:50,229 - PaperAgentLogger - INFO - ################## PaperArchitecture_map20x20_rho1_10Agent/K3_HS0/1765556206 - End of loop ##################  
 ####### Case1719 	 Computation time:1.5320847034454346 	 Step50/50	- AllReachGoal-False

2025-12-13 00:23:50,230 - PaperAgentLogger - INFO - current rateReachGoal: 0
2025-12-13 00:23:50,244 - PaperAgentLogger - DEBUG - New map
2025-12-13 00:23:50,872 - PaperAgentLogger - INFO - ################## PaperArchitecture_map20x20_rho1_10Agent/K3_HS0/1765556206 - End of loop ##################  
 ####### Case1720 	 Computation time:0.6275022029876709 	 Step21/36	- AllReachGoal-True

2025-12-13 00:23:50,873 - PaperAgentLogger - INFO - current rateReachGoal: 0
2025-12-13 00:23:50,890 - PaperAgentLogger - DEBUG - New map
2025-12-13 00:23:51,728 - PaperAgentLogger - INFO - ################## PaperArchitecture_map20x20_rho1_10Agent/K3_HS0/1765556206 - End of loop ##################  
 ####### Case1721 	 Computation time:0.8370766639709473 	 Step28/52	- AllReachGoal-True

2025-12-13 00:23:51,728 - PaperAgentLogger - INFO - current rateReachGoal: 0
2025-12-13 00:23:51,750 - PaperAgentLogger - DEBUG - New map
2025-12-13 00:23:52,846 - PaperAgentLogger - INFO - ################## PaperArchitecture_map20x20_rho1_10Agent/K3_HS0/1765556206 - End of loop ##################  
 ####### Case1722 	 Computation time:1.0954291820526123 	 Step37/74	- AllReachGoal-True

2025-12-13 00:23:52,847 - PaperAgentLogger - INFO - current rateReachGoal: 0
2025-12-13 00:23:52,863 - PaperAgentLogger - DEBUG - New map
2025-12-13 00:23:53,552 - PaperAgentLogger - INFO - ################## PaperArchitecture_map20x20_rho1_10Agent/K3_HS0/1765556206 - End of loop ##################  
 ####### Case1723 	 Computation time:0.6881942749023438 	 Step23/46	- AllReachGoal-True

2025-12-13 00:23:53,552 - PaperAgentLogger - INFO - current rateReachGoal: 0
2025-12-13 00:23:53,570 - PaperAgentLogger - DEBUG - New map
2025-12-13 00:23:54,464 - PaperAgentLogger - INFO - ################## PaperArchitecture_map20x20_rho1_10Agent/K3_HS0/1765556206 - End of loop ##################  
 ####### Case1724 	 Computation time:0.8928220272064209 	 Step30/52	- AllReachGoal-True

2025-12-13 00:23:54,464 - PaperAgentLogger - INFO - current rateReachGoal: 0
2025-12-13 00:23:54,485 - PaperAgentLogger - DEBUG - New map
2025-12-13 00:23:56,581 - PaperAgentLogger - INFO - ################## PaperArchitecture_map20x20_rho1_10Agent/K3_HS0/1765556206 - End of loop ##################  
 ####### Case1725 	 Computation time:2.095057249069214 	 Step68/68	- AllReachGoal-False

2025-12-13 00:23:56,582 - PaperAgentLogger - INFO - current rateReachGoal: 0
2025-12-13 00:23:56,599 - PaperAgentLogger - DEBUG - New map
2025-12-13 00:23:57,703 - PaperAgentLogger - INFO - ################## PaperArchitecture_map20x20_rho1_10Agent/K3_HS0/1765556206 - End of loop ##################  
 ####### Case1726 	 Computation time:1.103647232055664 	 Step33/54	- AllReachGoal-True

2025-12-13 00:23:57,704 - PaperAgentLogger - INFO - current rateReachGoal: 0
2025-12-13 00:23:57,722 - PaperAgentLogger - DEBUG - New map
2025-12-13 00:23:59,062 - PaperAgentLogger - INFO - ################## PaperArchitecture_map20x20_rho1_10Agent/K3_HS0/1765556206 - End of loop ##################  
 ####### Case1727 	 Computation time:1.3391845226287842 	 Step42/42	- AllReachGoal-False

2025-12-13 00:23:59,063 - PaperAgentLogger - INFO - current rateReachGoal: 0
2025-12-13 00:23:59,079 - PaperAgentLogger - DEBUG - New map
2025-12-13 00:23:59,792 - PaperAgentLogger - INFO - ################## PaperArchitecture_map20x20_rho1_10Agent/K3_HS0/1765556206 - End of loop ##################  
 ####### Case1728 	 Computation time:0.7128188610076904 	 Step24/46	- AllReachGoal-True

2025-12-13 00:23:59,793 - PaperAgentLogger - INFO - current rateReachGoal: 0
2025-12-13 00:23:59,812 - PaperAgentLogger - DEBUG - New map
2025-12-13 00:24:01,520 - PaperAgentLogger - INFO - ################## PaperArchitecture_map20x20_rho1_10Agent/K3_HS0/1765556206 - End of loop ##################  
 ####### Case1729 	 Computation time:1.7081897258758545 	 Step52/54	- AllReachGoal-True

2025-12-13 00:24:01,521 - PaperAgentLogger - INFO - current rateReachGoal: 0
2025-12-13 00:24:01,538 - PaperAgentLogger - DEBUG - New map
2025-12-13 00:24:03,190 - PaperAgentLogger - INFO - ################## PaperArchitecture_map20x20_rho1_10Agent/K3_HS0/1765556206 - End of loop ##################  
 ####### Case1730 	 Computation time:1.6519227027893066 	 Step52/52	- AllReachGoal-False

2025-12-13 00:24:03,191 - PaperAgentLogger - INFO - current rateReachGoal: 0
2025-12-13 00:24:03,211 - PaperAgentLogger - DEBUG - New map
2025-12-13 00:24:05,200 - PaperAgentLogger - INFO - ################## PaperArchitecture_map20x20_rho1_10Agent/K3_HS0/1765556206 - End of loop ##################  
 ####### Case1731 	 Computation time:1.9884812831878662 	 Step64/64	- AllReachGoal-False

2025-12-13 00:24:05,201 - PaperAgentLogger - INFO - current rateReachGoal: 0
2025-12-13 00:24:05,219 - PaperAgentLogger - DEBUG - New map
2025-12-13 00:24:06,893 - PaperAgentLogger - INFO - ################## PaperArchitecture_map20x20_rho1_10Agent/K3_HS0/1765556206 - End of loop ##################  
 ####### Case1732 	 Computation time:1.673525333404541 	 Step52/52	- AllReachGoal-False

2025-12-13 00:24:06,894 - PaperAgentLogger - INFO - current rateReachGoal: 0
2025-12-13 00:24:06,910 - PaperAgentLogger - DEBUG - New map
2025-12-13 00:24:07,754 - PaperAgentLogger - INFO - ################## PaperArchitecture_map20x20_rho1_10Agent/K3_HS0/1765556206 - End of loop ##################  
 ####### Case1733 	 Computation time:0.8433446884155273 	 Step25/44	- AllReachGoal-True

2025-12-13 00:24:07,755 - PaperAgentLogger - INFO - current rateReachGoal: 0
2025-12-13 00:24:07,773 - PaperAgentLogger - DEBUG - New map
2025-12-13 00:24:08,723 - PaperAgentLogger - INFO - ################## PaperArchitecture_map20x20_rho1_10Agent/K3_HS0/1765556206 - End of loop ##################  
 ####### Case1734 	 Computation time:0.9486825466156006 	 Step30/56	- AllReachGoal-True

2025-12-13 00:24:08,723 - PaperAgentLogger - INFO - current rateReachGoal: 0
2025-12-13 00:24:08,744 - PaperAgentLogger - DEBUG - New map
2025-12-13 00:24:09,800 - PaperAgentLogger - INFO - ################## PaperArchitecture_map20x20_rho1_10Agent/K3_HS0/1765556206 - End of loop ##################  
 ####### Case1735 	 Computation time:1.0552568435668945 	 Step35/68	- AllReachGoal-True

2025-12-13 00:24:09,801 - PaperAgentLogger - INFO - current rateReachGoal: 0
2025-12-13 00:24:09,821 - PaperAgentLogger - DEBUG - New map
2025-12-13 00:24:10,840 - PaperAgentLogger - INFO - ################## PaperArchitecture_map20x20_rho1_10Agent/K3_HS0/1765556206 - End of loop ##################  
 ####### Case1736 	 Computation time:1.0190389156341553 	 Step31/62	- AllReachGoal-True

2025-12-13 00:24:10,841 - PaperAgentLogger - INFO - current rateReachGoal: 0
2025-12-13 00:24:10,858 - PaperAgentLogger - DEBUG - New map
2025-12-13 00:24:12,195 - PaperAgentLogger - INFO - ################## PaperArchitecture_map20x20_rho1_10Agent/K3_HS0/1765556206 - End of loop ##################  
 ####### Case1737 	 Computation time:1.3368427753448486 	 Step43/54	- AllReachGoal-True

2025-12-13 00:24:12,196 - PaperAgentLogger - INFO - current rateReachGoal: 0
2025-12-13 00:24:12,212 - PaperAgentLogger - DEBUG - New map
2025-12-13 00:24:12,987 - PaperAgentLogger - INFO - ################## PaperArchitecture_map20x20_rho1_10Agent/K3_HS0/1765556206 - End of loop ##################  
 ####### Case1738 	 Computation time:0.7745256423950195 	 Step26/46	- AllReachGoal-True

2025-12-13 00:24:12,988 - PaperAgentLogger - INFO - current rateReachGoal: 0
2025-12-13 00:24:13,005 - PaperAgentLogger - DEBUG - New map
2025-12-13 00:24:13,869 - PaperAgentLogger - INFO - ################## PaperArchitecture_map20x20_rho1_10Agent/K3_HS0/1765556206 - End of loop ##################  
 ####### Case1739 	 Computation time:0.8639552593231201 	 Step29/52	- AllReachGoal-True

2025-12-13 00:24:13,870 - PaperAgentLogger - INFO - current rateReachGoal: 0
2025-12-13 00:24:13,888 - PaperAgentLogger - DEBUG - New map
2025-12-13 00:24:15,601 - PaperAgentLogger - INFO - ################## PaperArchitecture_map20x20_rho1_10Agent/K3_HS0/1765556206 - End of loop ##################  
 ####### Case1740 	 Computation time:1.7127437591552734 	 Step58/58	- AllReachGoal-False

2025-12-13 00:24:15,602 - PaperAgentLogger - INFO - current rateReachGoal: 0
2025-12-13 00:24:15,620 - PaperAgentLogger - DEBUG - New map
2025-12-13 00:24:17,185 - PaperAgentLogger - INFO - ################## PaperArchitecture_map20x20_rho1_10Agent/K3_HS0/1765556206 - End of loop ##################  
 ####### Case1741 	 Computation time:1.564661979675293 	 Step50/50	- AllReachGoal-True

2025-12-13 00:24:17,186 - PaperAgentLogger - INFO - current rateReachGoal: 0
2025-12-13 00:24:17,205 - PaperAgentLogger - DEBUG - New map
2025-12-13 00:24:18,190 - PaperAgentLogger - INFO - ################## PaperArchitecture_map20x20_rho1_10Agent/K3_HS0/1765556206 - End of loop ##################  
 ####### Case1742 	 Computation time:0.9840004444122314 	 Step33/62	- AllReachGoal-True

2025-12-13 00:24:18,190 - PaperAgentLogger - INFO - current rateReachGoal: 0
2025-12-13 00:24:18,210 - PaperAgentLogger - DEBUG - New map
2025-12-13 00:24:19,162 - PaperAgentLogger - INFO - ################## PaperArchitecture_map20x20_rho1_10Agent/K3_HS0/1765556206 - End of loop ##################  
 ####### Case1743 	 Computation time:0.9514844417572021 	 Step32/64	- AllReachGoal-True

2025-12-13 00:24:19,165 - PaperAgentLogger - INFO - current rateReachGoal: 0
2025-12-13 00:24:19,184 - PaperAgentLogger - DEBUG - New map
2025-12-13 00:24:21,132 - PaperAgentLogger - INFO - ################## PaperArchitecture_map20x20_rho1_10Agent/K3_HS0/1765556206 - End of loop ##################  
 ####### Case1744 	 Computation time:1.946897268295288 	 Step60/60	- AllReachGoal-False

2025-12-13 00:24:21,133 - PaperAgentLogger - INFO - current rateReachGoal: 0
2025-12-13 00:24:21,149 - PaperAgentLogger - DEBUG - New map
2025-12-13 00:24:21,904 - PaperAgentLogger - INFO - ################## PaperArchitecture_map20x20_rho1_10Agent/K3_HS0/1765556206 - End of loop ##################  
 ####### Case1745 	 Computation time:0.7542886734008789 	 Step23/46	- AllReachGoal-True

2025-12-13 00:24:21,905 - PaperAgentLogger - INFO - current rateReachGoal: 0
2025-12-13 00:24:21,923 - PaperAgentLogger - DEBUG - New map
2025-12-13 00:24:23,172 - PaperAgentLogger - INFO - ################## PaperArchitecture_map20x20_rho1_10Agent/K3_HS0/1765556206 - End of loop ##################  
 ####### Case1746 	 Computation time:1.2477178573608398 	 Step42/60	- AllReachGoal-True

2025-12-13 00:24:23,172 - PaperAgentLogger - INFO - current rateReachGoal: 0
2025-12-13 00:24:23,192 - PaperAgentLogger - DEBUG - New map
2025-12-13 00:24:24,115 - PaperAgentLogger - INFO - ################## PaperArchitecture_map20x20_rho1_10Agent/K3_HS0/1765556206 - End of loop ##################  
 ####### Case1747 	 Computation time:0.9230339527130127 	 Step31/62	- AllReachGoal-True

2025-12-13 00:24:24,116 - PaperAgentLogger - INFO - current rateReachGoal: 0
2025-12-13 00:24:24,134 - PaperAgentLogger - DEBUG - New map
2025-12-13 00:24:25,739 - PaperAgentLogger - INFO - ################## PaperArchitecture_map20x20_rho1_10Agent/K3_HS0/1765556206 - End of loop ##################  
 ####### Case1748 	 Computation time:1.6042194366455078 	 Step54/54	- AllReachGoal-False

2025-12-13 00:24:25,740 - PaperAgentLogger - INFO - current rateReachGoal: 0
2025-12-13 00:24:25,759 - PaperAgentLogger - DEBUG - New map
2025-12-13 00:24:27,616 - PaperAgentLogger - INFO - ################## PaperArchitecture_map20x20_rho1_10Agent/K3_HS0/1765556206 - End of loop ##################  
 ####### Case1749 	 Computation time:1.856659173965454 	 Step62/62	- AllReachGoal-False

2025-12-13 00:24:27,617 - PaperAgentLogger - INFO - current rateReachGoal: 0
2025-12-13 00:24:27,633 - PaperAgentLogger - DEBUG - New map
2025-12-13 00:24:28,970 - PaperAgentLogger - INFO - ################## PaperArchitecture_map20x20_rho1_10Agent/K3_HS0/1765556206 - End of loop ##################  
 ####### Case1750 	 Computation time:1.3369905948638916 	 Step46/46	- AllReachGoal-False

2025-12-13 00:24:28,971 - PaperAgentLogger - INFO - current rateReachGoal: 0
2025-12-13 00:24:28,989 - PaperAgentLogger - DEBUG - New map
2025-12-13 00:24:29,832 - PaperAgentLogger - INFO - ################## PaperArchitecture_map20x20_rho1_10Agent/K3_HS0/1765556206 - End of loop ##################  
 ####### Case1751 	 Computation time:0.8422994613647461 	 Step27/54	- AllReachGoal-True

2025-12-13 00:24:29,833 - PaperAgentLogger - INFO - current rateReachGoal: 0
2025-12-13 00:24:29,851 - PaperAgentLogger - DEBUG - New map
2025-12-13 00:24:31,406 - PaperAgentLogger - INFO - ################## PaperArchitecture_map20x20_rho1_10Agent/K3_HS0/1765556206 - End of loop ##################  
 ####### Case1752 	 Computation time:1.5541408061981201 	 Step54/54	- AllReachGoal-False

2025-12-13 00:24:31,407 - PaperAgentLogger - INFO - current rateReachGoal: 0
2025-12-13 00:24:31,424 - PaperAgentLogger - DEBUG - New map
2025-12-13 00:24:32,945 - PaperAgentLogger - INFO - ################## PaperArchitecture_map20x20_rho1_10Agent/K3_HS0/1765556206 - End of loop ##################  
 ####### Case1753 	 Computation time:1.5206859111785889 	 Step48/50	- AllReachGoal-True

2025-12-13 00:24:32,946 - PaperAgentLogger - INFO - current rateReachGoal: 0
2025-12-13 00:24:32,964 - PaperAgentLogger - DEBUG - New map
2025-12-13 00:24:33,905 - PaperAgentLogger - INFO - ################## PaperArchitecture_map20x20_rho1_10Agent/K3_HS0/1765556206 - End of loop ##################  
 ####### Case1754 	 Computation time:0.9403905868530273 	 Step30/60	- AllReachGoal-True

2025-12-13 00:24:33,906 - PaperAgentLogger - INFO - current rateReachGoal: 0
2025-12-13 00:24:33,924 - PaperAgentLogger - DEBUG - New map
2025-12-13 00:24:35,578 - PaperAgentLogger - INFO - ################## PaperArchitecture_map20x20_rho1_10Agent/K3_HS0/1765556206 - End of loop ##################  
 ####### Case1755 	 Computation time:1.6533284187316895 	 Step52/52	- AllReachGoal-False

2025-12-13 00:24:35,578 - PaperAgentLogger - INFO - current rateReachGoal: 0
2025-12-13 00:24:35,596 - PaperAgentLogger - DEBUG - New map
2025-12-13 00:24:37,211 - PaperAgentLogger - INFO - ################## PaperArchitecture_map20x20_rho1_10Agent/K3_HS0/1765556206 - End of loop ##################  
 ####### Case1756 	 Computation time:1.6152076721191406 	 Step54/54	- AllReachGoal-False

2025-12-13 00:24:37,214 - PaperAgentLogger - INFO - current rateReachGoal: 0
2025-12-13 00:24:37,230 - PaperAgentLogger - DEBUG - New map
2025-12-13 00:24:37,912 - PaperAgentLogger - INFO - ################## PaperArchitecture_map20x20_rho1_10Agent/K3_HS0/1765556206 - End of loop ##################  
 ####### Case1757 	 Computation time:0.6819355487823486 	 Step21/42	- AllReachGoal-True

2025-12-13 00:24:37,913 - PaperAgentLogger - INFO - current rateReachGoal: 0
2025-12-13 00:24:37,929 - PaperAgentLogger - DEBUG - New map
2025-12-13 00:24:38,608 - PaperAgentLogger - INFO - ################## PaperArchitecture_map20x20_rho1_10Agent/K3_HS0/1765556206 - End of loop ##################  
 ####### Case1758 	 Computation time:0.6783509254455566 	 Step21/38	- AllReachGoal-True

2025-12-13 00:24:38,609 - PaperAgentLogger - INFO - current rateReachGoal: 0
2025-12-13 00:24:38,625 - PaperAgentLogger - DEBUG - New map
2025-12-13 00:24:40,017 - PaperAgentLogger - INFO - ################## PaperArchitecture_map20x20_rho1_10Agent/K3_HS0/1765556206 - End of loop ##################  
 ####### Case1759 	 Computation time:1.391465187072754 	 Step44/44	- AllReachGoal-False

2025-12-13 00:24:40,018 - PaperAgentLogger - INFO - current rateReachGoal: 0
2025-12-13 00:24:40,034 - PaperAgentLogger - DEBUG - New map
2025-12-13 00:24:41,476 - PaperAgentLogger - INFO - ################## PaperArchitecture_map20x20_rho1_10Agent/K3_HS0/1765556206 - End of loop ##################  
 ####### Case1760 	 Computation time:1.4413163661956787 	 Step50/50	- AllReachGoal-False

2025-12-13 00:24:41,477 - PaperAgentLogger - INFO - current rateReachGoal: 0
2025-12-13 00:24:41,495 - PaperAgentLogger - DEBUG - New map
2025-12-13 00:24:43,329 - PaperAgentLogger - INFO - ################## PaperArchitecture_map20x20_rho1_10Agent/K3_HS0/1765556206 - End of loop ##################  
 ####### Case1761 	 Computation time:1.8333969116210938 	 Step58/58	- AllReachGoal-False

2025-12-13 00:24:43,330 - PaperAgentLogger - INFO - current rateReachGoal: 0
2025-12-13 00:24:43,348 - PaperAgentLogger - DEBUG - New map
2025-12-13 00:24:44,184 - PaperAgentLogger - INFO - ################## PaperArchitecture_map20x20_rho1_10Agent/K3_HS0/1765556206 - End of loop ##################  
 ####### Case1762 	 Computation time:0.8359181880950928 	 Step27/50	- AllReachGoal-True

2025-12-13 00:24:44,185 - PaperAgentLogger - INFO - current rateReachGoal: 0
2025-12-13 00:24:44,201 - PaperAgentLogger - DEBUG - New map
2025-12-13 00:24:45,483 - PaperAgentLogger - INFO - ################## PaperArchitecture_map20x20_rho1_10Agent/K3_HS0/1765556206 - End of loop ##################  
 ####### Case1763 	 Computation time:1.2815330028533936 	 Step41/44	- AllReachGoal-True

2025-12-13 00:24:45,483 - PaperAgentLogger - INFO - current rateReachGoal: 0
2025-12-13 00:24:45,500 - PaperAgentLogger - DEBUG - New map
2025-12-13 00:24:46,352 - PaperAgentLogger - INFO - ################## PaperArchitecture_map20x20_rho1_10Agent/K3_HS0/1765556206 - End of loop ##################  
 ####### Case1764 	 Computation time:0.8511703014373779 	 Step27/54	- AllReachGoal-True

2025-12-13 00:24:46,353 - PaperAgentLogger - INFO - current rateReachGoal: 0
2025-12-13 00:24:46,370 - PaperAgentLogger - DEBUG - New map
2025-12-13 00:24:47,979 - PaperAgentLogger - INFO - ################## PaperArchitecture_map20x20_rho1_10Agent/K3_HS0/1765556206 - End of loop ##################  
 ####### Case1765 	 Computation time:1.6091289520263672 	 Step50/50	- AllReachGoal-False

2025-12-13 00:24:47,980 - PaperAgentLogger - INFO - current rateReachGoal: 0
2025-12-13 00:24:47,997 - PaperAgentLogger - DEBUG - New map
2025-12-13 00:24:49,577 - PaperAgentLogger - INFO - ################## PaperArchitecture_map20x20_rho1_10Agent/K3_HS0/1765556206 - End of loop ##################  
 ####### Case1766 	 Computation time:1.578791856765747 	 Step54/54	- AllReachGoal-False

2025-12-13 00:24:49,577 - PaperAgentLogger - INFO - current rateReachGoal: 0
2025-12-13 00:24:49,595 - PaperAgentLogger - DEBUG - New map
2025-12-13 00:24:50,808 - PaperAgentLogger - INFO - ################## PaperArchitecture_map20x20_rho1_10Agent/K3_HS0/1765556206 - End of loop ##################  
 ####### Case1767 	 Computation time:1.2127423286437988 	 Step42/52	- AllReachGoal-True

2025-12-13 00:24:50,809 - PaperAgentLogger - INFO - current rateReachGoal: 0
2025-12-13 00:24:50,827 - PaperAgentLogger - DEBUG - New map
2025-12-13 00:24:51,639 - PaperAgentLogger - INFO - ################## PaperArchitecture_map20x20_rho1_10Agent/K3_HS0/1765556206 - End of loop ##################  
 ####### Case1768 	 Computation time:0.8107240200042725 	 Step28/56	- AllReachGoal-True

2025-12-13 00:24:51,639 - PaperAgentLogger - INFO - current rateReachGoal: 0
2025-12-13 00:24:51,656 - PaperAgentLogger - DEBUG - New map
2025-12-13 00:24:52,918 - PaperAgentLogger - INFO - ################## PaperArchitecture_map20x20_rho1_10Agent/K3_HS0/1765556206 - End of loop ##################  
 ####### Case1769 	 Computation time:1.261298418045044 	 Step44/44	- AllReachGoal-False

2025-12-13 00:24:52,919 - PaperAgentLogger - INFO - current rateReachGoal: 0
2025-12-13 00:24:52,935 - PaperAgentLogger - DEBUG - New map
2025-12-13 00:24:53,745 - PaperAgentLogger - INFO - ################## PaperArchitecture_map20x20_rho1_10Agent/K3_HS0/1765556206 - End of loop ##################  
 ####### Case1770 	 Computation time:0.8094377517700195 	 Step28/54	- AllReachGoal-True

2025-12-13 00:24:53,746 - PaperAgentLogger - INFO - current rateReachGoal: 0
2025-12-13 00:24:53,765 - PaperAgentLogger - DEBUG - New map
2025-12-13 00:24:54,662 - PaperAgentLogger - INFO - ################## PaperArchitecture_map20x20_rho1_10Agent/K3_HS0/1765556206 - End of loop ##################  
 ####### Case1771 	 Computation time:0.896223783493042 	 Step31/56	- AllReachGoal-True

2025-12-13 00:24:54,664 - PaperAgentLogger - INFO - current rateReachGoal: 0
2025-12-13 00:24:54,683 - PaperAgentLogger - DEBUG - New map
2025-12-13 00:24:55,522 - PaperAgentLogger - INFO - ################## PaperArchitecture_map20x20_rho1_10Agent/K3_HS0/1765556206 - End of loop ##################  
 ####### Case1772 	 Computation time:0.838198184967041 	 Step29/58	- AllReachGoal-True

2025-12-13 00:24:55,523 - PaperAgentLogger - INFO - current rateReachGoal: 0
2025-12-13 00:24:55,540 - PaperAgentLogger - DEBUG - New map
2025-12-13 00:24:56,456 - PaperAgentLogger - INFO - ################## PaperArchitecture_map20x20_rho1_10Agent/K3_HS0/1765556206 - End of loop ##################  
 ####### Case1773 	 Computation time:0.9155683517456055 	 Step30/50	- AllReachGoal-True

2025-12-13 00:24:56,457 - PaperAgentLogger - INFO - current rateReachGoal: 0
2025-12-13 00:24:56,477 - PaperAgentLogger - DEBUG - New map
2025-12-13 00:24:58,443 - PaperAgentLogger - INFO - ################## PaperArchitecture_map20x20_rho1_10Agent/K3_HS0/1765556206 - End of loop ##################  
 ####### Case1774 	 Computation time:1.9655015468597412 	 Step68/68	- AllReachGoal-False

2025-12-13 00:24:58,444 - PaperAgentLogger - INFO - current rateReachGoal: 0
2025-12-13 00:24:58,461 - PaperAgentLogger - DEBUG - New map
2025-12-13 00:24:59,302 - PaperAgentLogger - INFO - ################## PaperArchitecture_map20x20_rho1_10Agent/K3_HS0/1765556206 - End of loop ##################  
 ####### Case1775 	 Computation time:0.8406083583831787 	 Step29/54	- AllReachGoal-True

2025-12-13 00:24:59,303 - PaperAgentLogger - INFO - current rateReachGoal: 0
2025-12-13 00:24:59,318 - PaperAgentLogger - DEBUG - New map
2025-12-13 00:25:00,058 - PaperAgentLogger - INFO - ################## PaperArchitecture_map20x20_rho1_10Agent/K3_HS0/1765556206 - End of loop ##################  
 ####### Case1776 	 Computation time:0.7393276691436768 	 Step23/42	- AllReachGoal-True

2025-12-13 00:25:00,061 - PaperAgentLogger - INFO - current rateReachGoal: 0
2025-12-13 00:25:00,077 - PaperAgentLogger - DEBUG - New map
2025-12-13 00:25:01,265 - PaperAgentLogger - INFO - ################## PaperArchitecture_map20x20_rho1_10Agent/K3_HS0/1765556206 - End of loop ##################  
 ####### Case1777 	 Computation time:1.1878361701965332 	 Step40/40	- AllReachGoal-False

2025-12-13 00:25:01,266 - PaperAgentLogger - INFO - current rateReachGoal: 0
2025-12-13 00:25:01,284 - PaperAgentLogger - DEBUG - New map
2025-12-13 00:25:02,128 - PaperAgentLogger - INFO - ################## PaperArchitecture_map20x20_rho1_10Agent/K3_HS0/1765556206 - End of loop ##################  
 ####### Case1778 	 Computation time:0.8432519435882568 	 Step29/58	- AllReachGoal-True

2025-12-13 00:25:02,129 - PaperAgentLogger - INFO - current rateReachGoal: 0
2025-12-13 00:25:02,145 - PaperAgentLogger - DEBUG - New map
2025-12-13 00:25:03,639 - PaperAgentLogger - INFO - ################## PaperArchitecture_map20x20_rho1_10Agent/K3_HS0/1765556206 - End of loop ##################  
 ####### Case1779 	 Computation time:1.4932045936584473 	 Step52/52	- AllReachGoal-False

2025-12-13 00:25:03,639 - PaperAgentLogger - INFO - current rateReachGoal: 0
2025-12-13 00:25:03,656 - PaperAgentLogger - DEBUG - New map
2025-12-13 00:25:04,412 - PaperAgentLogger - INFO - ################## PaperArchitecture_map20x20_rho1_10Agent/K3_HS0/1765556206 - End of loop ##################  
 ####### Case1780 	 Computation time:0.7550382614135742 	 Step26/50	- AllReachGoal-True

2025-12-13 00:25:04,413 - PaperAgentLogger - INFO - current rateReachGoal: 0
2025-12-13 00:25:04,428 - PaperAgentLogger - DEBUG - New map
2025-12-13 00:25:05,154 - PaperAgentLogger - INFO - ################## PaperArchitecture_map20x20_rho1_10Agent/K3_HS0/1765556206 - End of loop ##################  
 ####### Case1781 	 Computation time:0.7252600193023682 	 Step25/42	- AllReachGoal-True

2025-12-13 00:25:05,157 - PaperAgentLogger - INFO - current rateReachGoal: 0
2025-12-13 00:25:05,176 - PaperAgentLogger - DEBUG - New map
2025-12-13 00:25:06,162 - PaperAgentLogger - INFO - ################## PaperArchitecture_map20x20_rho1_10Agent/K3_HS0/1765556206 - End of loop ##################  
 ####### Case1782 	 Computation time:0.9850289821624756 	 Step34/66	- AllReachGoal-True

2025-12-13 00:25:06,163 - PaperAgentLogger - INFO - current rateReachGoal: 0
2025-12-13 00:25:06,180 - PaperAgentLogger - DEBUG - New map
2025-12-13 00:25:06,906 - PaperAgentLogger - INFO - ################## PaperArchitecture_map20x20_rho1_10Agent/K3_HS0/1765556206 - End of loop ##################  
 ####### Case1783 	 Computation time:0.7256855964660645 	 Step25/50	- AllReachGoal-True

2025-12-13 00:25:06,907 - PaperAgentLogger - INFO - current rateReachGoal: 0
2025-12-13 00:25:06,923 - PaperAgentLogger - DEBUG - New map
2025-12-13 00:25:08,206 - PaperAgentLogger - INFO - ################## PaperArchitecture_map20x20_rho1_10Agent/K3_HS0/1765556206 - End of loop ##################  
 ####### Case1784 	 Computation time:1.282580852508545 	 Step42/42	- AllReachGoal-False

2025-12-13 00:25:08,207 - PaperAgentLogger - INFO - current rateReachGoal: 0
2025-12-13 00:25:08,223 - PaperAgentLogger - DEBUG - New map
2025-12-13 00:25:09,496 - PaperAgentLogger - INFO - ################## PaperArchitecture_map20x20_rho1_10Agent/K3_HS0/1765556206 - End of loop ##################  
 ####### Case1785 	 Computation time:1.2728040218353271 	 Step44/44	- AllReachGoal-False

2025-12-13 00:25:09,497 - PaperAgentLogger - INFO - current rateReachGoal: 0
2025-12-13 00:25:09,516 - PaperAgentLogger - DEBUG - New map
2025-12-13 00:25:10,434 - PaperAgentLogger - INFO - ################## PaperArchitecture_map20x20_rho1_10Agent/K3_HS0/1765556206 - End of loop ##################  
 ####### Case1786 	 Computation time:0.9178249835968018 	 Step32/58	- AllReachGoal-True

2025-12-13 00:25:10,435 - PaperAgentLogger - INFO - current rateReachGoal: 0
2025-12-13 00:25:10,452 - PaperAgentLogger - DEBUG - New map
2025-12-13 00:25:11,434 - PaperAgentLogger - INFO - ################## PaperArchitecture_map20x20_rho1_10Agent/K3_HS0/1765556206 - End of loop ##################  
 ####### Case1787 	 Computation time:0.9813632965087891 	 Step34/56	- AllReachGoal-True

2025-12-13 00:25:11,435 - PaperAgentLogger - INFO - current rateReachGoal: 0
2025-12-13 00:25:11,450 - PaperAgentLogger - DEBUG - New map
2025-12-13 00:25:12,046 - PaperAgentLogger - INFO - ################## PaperArchitecture_map20x20_rho1_10Agent/K3_HS0/1765556206 - End of loop ##################  
 ####### Case1788 	 Computation time:0.5952916145324707 	 Step20/38	- AllReachGoal-True

2025-12-13 00:25:12,047 - PaperAgentLogger - INFO - current rateReachGoal: 0
2025-12-13 00:25:12,063 - PaperAgentLogger - DEBUG - New map
2025-12-13 00:25:13,131 - PaperAgentLogger - INFO - ################## PaperArchitecture_map20x20_rho1_10Agent/K3_HS0/1765556206 - End of loop ##################  
 ####### Case1789 	 Computation time:1.0677454471588135 	 Step35/44	- AllReachGoal-True

2025-12-13 00:25:13,132 - PaperAgentLogger - INFO - current rateReachGoal: 0
2025-12-13 00:25:13,150 - PaperAgentLogger - DEBUG - New map
2025-12-13 00:25:14,277 - PaperAgentLogger - INFO - ################## PaperArchitecture_map20x20_rho1_10Agent/K3_HS0/1765556206 - End of loop ##################  
 ####### Case1790 	 Computation time:1.1265006065368652 	 Step39/50	- AllReachGoal-True

2025-12-13 00:25:14,277 - PaperAgentLogger - INFO - current rateReachGoal: 0
2025-12-13 00:25:14,297 - PaperAgentLogger - DEBUG - New map
2025-12-13 00:25:16,230 - PaperAgentLogger - INFO - ################## PaperArchitecture_map20x20_rho1_10Agent/K3_HS0/1765556206 - End of loop ##################  
 ####### Case1791 	 Computation time:1.9323196411132812 	 Step66/66	- AllReachGoal-False

2025-12-13 00:25:16,232 - PaperAgentLogger - INFO - current rateReachGoal: 0
2025-12-13 00:25:16,249 - PaperAgentLogger - DEBUG - New map
2025-12-13 00:25:17,054 - PaperAgentLogger - INFO - ################## PaperArchitecture_map20x20_rho1_10Agent/K3_HS0/1765556206 - End of loop ##################  
 ####### Case1792 	 Computation time:0.8036799430847168 	 Step25/44	- AllReachGoal-True

2025-12-13 00:25:17,054 - PaperAgentLogger - INFO - current rateReachGoal: 0
2025-12-13 00:25:17,071 - PaperAgentLogger - DEBUG - New map
2025-12-13 00:25:18,470 - PaperAgentLogger - INFO - ################## PaperArchitecture_map20x20_rho1_10Agent/K3_HS0/1765556206 - End of loop ##################  
 ####### Case1793 	 Computation time:1.3989663124084473 	 Step48/48	- AllReachGoal-False

2025-12-13 00:25:18,471 - PaperAgentLogger - INFO - current rateReachGoal: 0
2025-12-13 00:25:18,487 - PaperAgentLogger - DEBUG - New map
2025-12-13 00:25:19,586 - PaperAgentLogger - INFO - ################## PaperArchitecture_map20x20_rho1_10Agent/K3_HS0/1765556206 - End of loop ##################  
 ####### Case1794 	 Computation time:1.0992074012756348 	 Step36/46	- AllReachGoal-True

2025-12-13 00:25:19,587 - PaperAgentLogger - INFO - current rateReachGoal: 0
2025-12-13 00:25:19,606 - PaperAgentLogger - DEBUG - New map
2025-12-13 00:25:20,748 - PaperAgentLogger - INFO - ################## PaperArchitecture_map20x20_rho1_10Agent/K3_HS0/1765556206 - End of loop ##################  
 ####### Case1795 	 Computation time:1.1419882774353027 	 Step38/64	- AllReachGoal-True

2025-12-13 00:25:20,749 - PaperAgentLogger - INFO - current rateReachGoal: 0
2025-12-13 00:25:20,766 - PaperAgentLogger - DEBUG - New map
2025-12-13 00:25:22,465 - PaperAgentLogger - INFO - ################## PaperArchitecture_map20x20_rho1_10Agent/K3_HS0/1765556206 - End of loop ##################  
 ####### Case1796 	 Computation time:1.698866844177246 	 Step54/54	- AllReachGoal-False

2025-12-13 00:25:22,466 - PaperAgentLogger - INFO - current rateReachGoal: 0
2025-12-13 00:25:22,484 - PaperAgentLogger - DEBUG - New map
2025-12-13 00:25:23,501 - PaperAgentLogger - INFO - ################## PaperArchitecture_map20x20_rho1_10Agent/K3_HS0/1765556206 - End of loop ##################  
 ####### Case1797 	 Computation time:1.015974760055542 	 Step33/52	- AllReachGoal-True

2025-12-13 00:25:23,501 - PaperAgentLogger - INFO - current rateReachGoal: 0
2025-12-13 00:25:23,520 - PaperAgentLogger - DEBUG - New map
2025-12-13 00:25:24,401 - PaperAgentLogger - INFO - ################## PaperArchitecture_map20x20_rho1_10Agent/K3_HS0/1765556206 - End of loop ##################  
 ####### Case1798 	 Computation time:0.880500316619873 	 Step29/56	- AllReachGoal-True

2025-12-13 00:25:24,402 - PaperAgentLogger - INFO - current rateReachGoal: 0
2025-12-13 00:25:24,418 - PaperAgentLogger - DEBUG - New map
2025-12-13 00:25:25,949 - PaperAgentLogger - INFO - ################## PaperArchitecture_map20x20_rho1_10Agent/K3_HS0/1765556206 - End of loop ##################  
 ####### Case1799 	 Computation time:1.5300238132476807 	 Step48/48	- AllReachGoal-False

2025-12-13 00:25:25,950 - PaperAgentLogger - INFO - current rateReachGoal: 0
2025-12-13 00:25:25,969 - PaperAgentLogger - DEBUG - New map
2025-12-13 00:25:26,878 - PaperAgentLogger - INFO - ################## PaperArchitecture_map20x20_rho1_10Agent/K3_HS0/1765556206 - End of loop ##################  
 ####### Case1800 	 Computation time:0.9085490703582764 	 Step28/56	- AllReachGoal-True

2025-12-13 00:25:26,879 - PaperAgentLogger - INFO - current rateReachGoal: 0
2025-12-13 00:25:26,895 - PaperAgentLogger - DEBUG - New map
2025-12-13 00:25:27,522 - PaperAgentLogger - INFO - ################## PaperArchitecture_map20x20_rho1_10Agent/K3_HS0/1765556206 - End of loop ##################  
 ####### Case1801 	 Computation time:0.6264514923095703 	 Step21/42	- AllReachGoal-True

2025-12-13 00:25:27,524 - PaperAgentLogger - INFO - current rateReachGoal: 0
2025-12-13 00:25:27,541 - PaperAgentLogger - DEBUG - New map
2025-12-13 00:25:28,875 - PaperAgentLogger - INFO - ################## PaperArchitecture_map20x20_rho1_10Agent/K3_HS0/1765556206 - End of loop ##################  
 ####### Case1802 	 Computation time:1.3332924842834473 	 Step43/50	- AllReachGoal-True

2025-12-13 00:25:28,876 - PaperAgentLogger - INFO - current rateReachGoal: 0
2025-12-13 00:25:28,894 - PaperAgentLogger - DEBUG - New map
2025-12-13 00:25:29,706 - PaperAgentLogger - INFO - ################## PaperArchitecture_map20x20_rho1_10Agent/K3_HS0/1765556206 - End of loop ##################  
 ####### Case1803 	 Computation time:0.8107359409332275 	 Step27/54	- AllReachGoal-True

2025-12-13 00:25:29,707 - PaperAgentLogger - INFO - current rateReachGoal: 0
2025-12-13 00:25:29,724 - PaperAgentLogger - DEBUG - New map
2025-12-13 00:25:30,688 - PaperAgentLogger - INFO - ################## PaperArchitecture_map20x20_rho1_10Agent/K3_HS0/1765556206 - End of loop ##################  
 ####### Case1804 	 Computation time:0.9632446765899658 	 Step30/56	- AllReachGoal-True

2025-12-13 00:25:30,689 - PaperAgentLogger - INFO - current rateReachGoal: 0
2025-12-13 00:25:30,708 - PaperAgentLogger - DEBUG - New map
2025-12-13 00:25:32,452 - PaperAgentLogger - INFO - ################## PaperArchitecture_map20x20_rho1_10Agent/K3_HS0/1765556206 - End of loop ##################  
 ####### Case1805 	 Computation time:1.7443385124206543 	 Step58/58	- AllReachGoal-False

2025-12-13 00:25:32,453 - PaperAgentLogger - INFO - current rateReachGoal: 0
2025-12-13 00:25:32,473 - PaperAgentLogger - DEBUG - New map
2025-12-13 00:25:33,488 - PaperAgentLogger - INFO - ################## PaperArchitecture_map20x20_rho1_10Agent/K3_HS0/1765556206 - End of loop ##################  
 ####### Case1806 	 Computation time:1.0152971744537354 	 Step32/64	- AllReachGoal-True

2025-12-13 00:25:33,489 - PaperAgentLogger - INFO - current rateReachGoal: 0
2025-12-13 00:25:33,509 - PaperAgentLogger - DEBUG - New map
2025-12-13 00:25:35,341 - PaperAgentLogger - INFO - ################## PaperArchitecture_map20x20_rho1_10Agent/K3_HS0/1765556206 - End of loop ##################  
 ####### Case1807 	 Computation time:1.8313419818878174 	 Step62/62	- AllReachGoal-False

2025-12-13 00:25:35,342 - PaperAgentLogger - INFO - current rateReachGoal: 0
2025-12-13 00:25:35,361 - PaperAgentLogger - DEBUG - New map
2025-12-13 00:25:36,211 - PaperAgentLogger - INFO - ################## PaperArchitecture_map20x20_rho1_10Agent/K3_HS0/1765556206 - End of loop ##################  
 ####### Case1808 	 Computation time:0.8492510318756104 	 Step28/52	- AllReachGoal-True

2025-12-13 00:25:36,211 - PaperAgentLogger - INFO - current rateReachGoal: 0
2025-12-13 00:25:36,230 - PaperAgentLogger - DEBUG - New map
2025-12-13 00:25:37,804 - PaperAgentLogger - INFO - ################## PaperArchitecture_map20x20_rho1_10Agent/K3_HS0/1765556206 - End of loop ##################  
 ####### Case1809 	 Computation time:1.5742356777191162 	 Step54/54	- AllReachGoal-False

2025-12-13 00:25:37,805 - PaperAgentLogger - INFO - current rateReachGoal: 0
2025-12-13 00:25:37,823 - PaperAgentLogger - DEBUG - New map
2025-12-13 00:25:39,189 - PaperAgentLogger - INFO - ################## PaperArchitecture_map20x20_rho1_10Agent/K3_HS0/1765556206 - End of loop ##################  
 ####### Case1810 	 Computation time:1.366096019744873 	 Step46/46	- AllReachGoal-False

2025-12-13 00:25:39,192 - PaperAgentLogger - INFO - current rateReachGoal: 0
2025-12-13 00:25:39,209 - PaperAgentLogger - DEBUG - New map
2025-12-13 00:25:39,889 - PaperAgentLogger - INFO - ################## PaperArchitecture_map20x20_rho1_10Agent/K3_HS0/1765556206 - End of loop ##################  
 ####### Case1811 	 Computation time:0.6803739070892334 	 Step23/44	- AllReachGoal-True

2025-12-13 00:25:39,890 - PaperAgentLogger - INFO - current rateReachGoal: 0
2025-12-13 00:25:39,907 - PaperAgentLogger - DEBUG - New map
2025-12-13 00:25:40,644 - PaperAgentLogger - INFO - ################## PaperArchitecture_map20x20_rho1_10Agent/K3_HS0/1765556206 - End of loop ##################  
 ####### Case1812 	 Computation time:0.7369539737701416 	 Step25/50	- AllReachGoal-True

2025-12-13 00:25:40,645 - PaperAgentLogger - INFO - current rateReachGoal: 0
2025-12-13 00:25:40,662 - PaperAgentLogger - DEBUG - New map
2025-12-13 00:25:42,183 - PaperAgentLogger - INFO - ################## PaperArchitecture_map20x20_rho1_10Agent/K3_HS0/1765556206 - End of loop ##################  
 ####### Case1813 	 Computation time:1.5197439193725586 	 Step52/52	- AllReachGoal-False

2025-12-13 00:25:42,184 - PaperAgentLogger - INFO - current rateReachGoal: 0
2025-12-13 00:25:42,199 - PaperAgentLogger - DEBUG - New map
2025-12-13 00:25:43,443 - PaperAgentLogger - INFO - ################## PaperArchitecture_map20x20_rho1_10Agent/K3_HS0/1765556206 - End of loop ##################  
 ####### Case1814 	 Computation time:1.2434370517730713 	 Step39/42	- AllReachGoal-True

2025-12-13 00:25:43,444 - PaperAgentLogger - INFO - current rateReachGoal: 0
2025-12-13 00:25:43,460 - PaperAgentLogger - DEBUG - New map
2025-12-13 00:25:44,692 - PaperAgentLogger - INFO - ################## PaperArchitecture_map20x20_rho1_10Agent/K3_HS0/1765556206 - End of loop ##################  
 ####### Case1815 	 Computation time:1.2321860790252686 	 Step42/42	- AllReachGoal-False

2025-12-13 00:25:44,693 - PaperAgentLogger - INFO - current rateReachGoal: 0
2025-12-13 00:25:44,713 - PaperAgentLogger - DEBUG - New map
2025-12-13 00:25:45,744 - PaperAgentLogger - INFO - ################## PaperArchitecture_map20x20_rho1_10Agent/K3_HS0/1765556206 - End of loop ##################  
 ####### Case1816 	 Computation time:1.0297110080718994 	 Step35/70	- AllReachGoal-True

2025-12-13 00:25:45,744 - PaperAgentLogger - INFO - current rateReachGoal: 0
2025-12-13 00:25:45,766 - PaperAgentLogger - DEBUG - New map
2025-12-13 00:25:46,912 - PaperAgentLogger - INFO - ################## PaperArchitecture_map20x20_rho1_10Agent/K3_HS0/1765556206 - End of loop ##################  
 ####### Case1817 	 Computation time:1.1453073024749756 	 Step39/74	- AllReachGoal-True

2025-12-13 00:25:46,913 - PaperAgentLogger - INFO - current rateReachGoal: 0
2025-12-13 00:25:46,932 - PaperAgentLogger - DEBUG - New map
2025-12-13 00:25:47,786 - PaperAgentLogger - INFO - ################## PaperArchitecture_map20x20_rho1_10Agent/K3_HS0/1765556206 - End of loop ##################  
 ####### Case1818 	 Computation time:0.85333251953125 	 Step29/58	- AllReachGoal-True

2025-12-13 00:25:47,786 - PaperAgentLogger - INFO - current rateReachGoal: 0
2025-12-13 00:25:47,804 - PaperAgentLogger - DEBUG - New map
2025-12-13 00:25:48,773 - PaperAgentLogger - INFO - ################## PaperArchitecture_map20x20_rho1_10Agent/K3_HS0/1765556206 - End of loop ##################  
 ####### Case1819 	 Computation time:0.9683723449707031 	 Step33/54	- AllReachGoal-True

2025-12-13 00:25:48,774 - PaperAgentLogger - INFO - current rateReachGoal: 0
2025-12-13 00:25:48,790 - PaperAgentLogger - DEBUG - New map
2025-12-13 00:25:49,467 - PaperAgentLogger - INFO - ################## PaperArchitecture_map20x20_rho1_10Agent/K3_HS0/1765556206 - End of loop ##################  
 ####### Case1820 	 Computation time:0.6770708560943604 	 Step23/42	- AllReachGoal-True

2025-12-13 00:25:49,468 - PaperAgentLogger - INFO - current rateReachGoal: 0
2025-12-13 00:25:49,486 - PaperAgentLogger - DEBUG - New map
2025-12-13 00:25:50,456 - PaperAgentLogger - INFO - ################## PaperArchitecture_map20x20_rho1_10Agent/K3_HS0/1765556206 - End of loop ##################  
 ####### Case1821 	 Computation time:0.9698402881622314 	 Step33/56	- AllReachGoal-True

2025-12-13 00:25:50,458 - PaperAgentLogger - INFO - current rateReachGoal: 0
2025-12-13 00:25:50,476 - PaperAgentLogger - DEBUG - New map
2025-12-13 00:25:51,836 - PaperAgentLogger - INFO - ################## PaperArchitecture_map20x20_rho1_10Agent/K3_HS0/1765556206 - End of loop ##################  
 ####### Case1822 	 Computation time:1.3587982654571533 	 Step46/46	- AllReachGoal-False

2025-12-13 00:25:51,836 - PaperAgentLogger - INFO - current rateReachGoal: 0
2025-12-13 00:25:51,854 - PaperAgentLogger - DEBUG - New map
2025-12-13 00:25:53,448 - PaperAgentLogger - INFO - ################## PaperArchitecture_map20x20_rho1_10Agent/K3_HS0/1765556206 - End of loop ##################  
 ####### Case1823 	 Computation time:1.5942106246948242 	 Step52/52	- AllReachGoal-False

2025-12-13 00:25:53,449 - PaperAgentLogger - INFO - current rateReachGoal: 0
2025-12-13 00:25:53,466 - PaperAgentLogger - DEBUG - New map
2025-12-13 00:25:54,976 - PaperAgentLogger - INFO - ################## PaperArchitecture_map20x20_rho1_10Agent/K3_HS0/1765556206 - End of loop ##################  
 ####### Case1824 	 Computation time:1.509530782699585 	 Step52/52	- AllReachGoal-False

2025-12-13 00:25:54,977 - PaperAgentLogger - INFO - current rateReachGoal: 0
2025-12-13 00:25:54,996 - PaperAgentLogger - DEBUG - New map
2025-12-13 00:25:56,795 - PaperAgentLogger - INFO - ################## PaperArchitecture_map20x20_rho1_10Agent/K3_HS0/1765556206 - End of loop ##################  
 ####### Case1825 	 Computation time:1.79844069480896 	 Step60/60	- AllReachGoal-False

2025-12-13 00:25:56,796 - PaperAgentLogger - INFO - current rateReachGoal: 0
2025-12-13 00:25:56,812 - PaperAgentLogger - DEBUG - New map
2025-12-13 00:25:57,499 - PaperAgentLogger - INFO - ################## PaperArchitecture_map20x20_rho1_10Agent/K3_HS0/1765556206 - End of loop ##################  
 ####### Case1826 	 Computation time:0.6870517730712891 	 Step22/44	- AllReachGoal-True

2025-12-13 00:25:57,500 - PaperAgentLogger - INFO - current rateReachGoal: 0
2025-12-13 00:25:57,518 - PaperAgentLogger - DEBUG - New map
2025-12-13 00:25:59,296 - PaperAgentLogger - INFO - ################## PaperArchitecture_map20x20_rho1_10Agent/K3_HS0/1765556206 - End of loop ##################  
 ####### Case1827 	 Computation time:1.7767665386199951 	 Step58/58	- AllReachGoal-False

2025-12-13 00:25:59,296 - PaperAgentLogger - INFO - current rateReachGoal: 0
2025-12-13 00:25:59,312 - PaperAgentLogger - DEBUG - New map
2025-12-13 00:26:00,793 - PaperAgentLogger - INFO - ################## PaperArchitecture_map20x20_rho1_10Agent/K3_HS0/1765556206 - End of loop ##################  
 ####### Case1828 	 Computation time:1.4802839756011963 	 Step48/48	- AllReachGoal-False

2025-12-13 00:26:00,794 - PaperAgentLogger - INFO - current rateReachGoal: 0
2025-12-13 00:26:00,813 - PaperAgentLogger - DEBUG - New map
2025-12-13 00:26:02,924 - PaperAgentLogger - INFO - ################## PaperArchitecture_map20x20_rho1_10Agent/K3_HS0/1765556206 - End of loop ##################  
 ####### Case1829 	 Computation time:2.110877275466919 	 Step66/66	- AllReachGoal-False

2025-12-13 00:26:02,925 - PaperAgentLogger - INFO - current rateReachGoal: 0
2025-12-13 00:26:02,943 - PaperAgentLogger - DEBUG - New map
2025-12-13 00:26:04,702 - PaperAgentLogger - INFO - ################## PaperArchitecture_map20x20_rho1_10Agent/K3_HS0/1765556206 - End of loop ##################  
 ####### Case1830 	 Computation time:1.7584760189056396 	 Step54/54	- AllReachGoal-False

2025-12-13 00:26:04,703 - PaperAgentLogger - INFO - current rateReachGoal: 0
2025-12-13 00:26:04,723 - PaperAgentLogger - DEBUG - New map
2025-12-13 00:26:05,836 - PaperAgentLogger - INFO - ################## PaperArchitecture_map20x20_rho1_10Agent/K3_HS0/1765556206 - End of loop ##################  
 ####### Case1831 	 Computation time:1.1119883060455322 	 Step34/68	- AllReachGoal-True

2025-12-13 00:26:05,838 - PaperAgentLogger - INFO - current rateReachGoal: 0
2025-12-13 00:26:05,856 - PaperAgentLogger - DEBUG - New map
2025-12-13 00:26:06,774 - PaperAgentLogger - INFO - ################## PaperArchitecture_map20x20_rho1_10Agent/K3_HS0/1765556206 - End of loop ##################  
 ####### Case1832 	 Computation time:0.9168317317962646 	 Step28/56	- AllReachGoal-True

2025-12-13 00:26:06,775 - PaperAgentLogger - INFO - current rateReachGoal: 0
2025-12-13 00:26:06,793 - PaperAgentLogger - DEBUG - New map
2025-12-13 00:26:07,774 - PaperAgentLogger - INFO - ################## PaperArchitecture_map20x20_rho1_10Agent/K3_HS0/1765556206 - End of loop ##################  
 ####### Case1833 	 Computation time:0.9800078868865967 	 Step30/56	- AllReachGoal-True

2025-12-13 00:26:07,774 - PaperAgentLogger - INFO - current rateReachGoal: 0
2025-12-13 00:26:07,791 - PaperAgentLogger - DEBUG - New map
2025-12-13 00:26:08,676 - PaperAgentLogger - INFO - ################## PaperArchitecture_map20x20_rho1_10Agent/K3_HS0/1765556206 - End of loop ##################  
 ####### Case1834 	 Computation time:0.8839390277862549 	 Step27/46	- AllReachGoal-True

2025-12-13 00:26:08,676 - PaperAgentLogger - INFO - current rateReachGoal: 0
2025-12-13 00:26:08,694 - PaperAgentLogger - DEBUG - New map
2025-12-13 00:26:09,578 - PaperAgentLogger - INFO - ################## PaperArchitecture_map20x20_rho1_10Agent/K3_HS0/1765556206 - End of loop ##################  
 ####### Case1835 	 Computation time:0.8835999965667725 	 Step27/54	- AllReachGoal-True

2025-12-13 00:26:09,579 - PaperAgentLogger - INFO - current rateReachGoal: 0
2025-12-13 00:26:09,596 - PaperAgentLogger - DEBUG - New map
2025-12-13 00:26:10,899 - PaperAgentLogger - INFO - ################## PaperArchitecture_map20x20_rho1_10Agent/K3_HS0/1765556206 - End of loop ##################  
 ####### Case1836 	 Computation time:1.3022925853729248 	 Step44/44	- AllReachGoal-False

2025-12-13 00:26:10,901 - PaperAgentLogger - INFO - current rateReachGoal: 0
2025-12-13 00:26:10,919 - PaperAgentLogger - DEBUG - New map
2025-12-13 00:26:12,494 - PaperAgentLogger - INFO - ################## PaperArchitecture_map20x20_rho1_10Agent/K3_HS0/1765556206 - End of loop ##################  
 ####### Case1837 	 Computation time:1.5746967792510986 	 Step50/50	- AllReachGoal-False

2025-12-13 00:26:12,495 - PaperAgentLogger - INFO - current rateReachGoal: 0
2025-12-13 00:26:12,513 - PaperAgentLogger - DEBUG - New map
2025-12-13 00:26:13,791 - PaperAgentLogger - INFO - ################## PaperArchitecture_map20x20_rho1_10Agent/K3_HS0/1765556206 - End of loop ##################  
 ####### Case1838 	 Computation time:1.2769873142242432 	 Step44/58	- AllReachGoal-True

2025-12-13 00:26:13,792 - PaperAgentLogger - INFO - current rateReachGoal: 0
2025-12-13 00:26:13,809 - PaperAgentLogger - DEBUG - New map
2025-12-13 00:26:15,380 - PaperAgentLogger - INFO - ################## PaperArchitecture_map20x20_rho1_10Agent/K3_HS0/1765556206 - End of loop ##################  
 ####### Case1839 	 Computation time:1.5706920623779297 	 Step54/54	- AllReachGoal-False

2025-12-13 00:26:15,381 - PaperAgentLogger - INFO - current rateReachGoal: 0
2025-12-13 00:26:15,398 - PaperAgentLogger - DEBUG - New map
2025-12-13 00:26:16,104 - PaperAgentLogger - INFO - ################## PaperArchitecture_map20x20_rho1_10Agent/K3_HS0/1765556206 - End of loop ##################  
 ####### Case1840 	 Computation time:0.7056536674499512 	 Step24/44	- AllReachGoal-True

2025-12-13 00:26:16,107 - PaperAgentLogger - INFO - current rateReachGoal: 0
2025-12-13 00:26:16,124 - PaperAgentLogger - DEBUG - New map
2025-12-13 00:26:16,890 - PaperAgentLogger - INFO - ################## PaperArchitecture_map20x20_rho1_10Agent/K3_HS0/1765556206 - End of loop ##################  
 ####### Case1841 	 Computation time:0.7646472454071045 	 Step26/50	- AllReachGoal-True

2025-12-13 00:26:16,890 - PaperAgentLogger - INFO - current rateReachGoal: 0
2025-12-13 00:26:16,906 - PaperAgentLogger - DEBUG - New map
2025-12-13 00:26:17,739 - PaperAgentLogger - INFO - ################## PaperArchitecture_map20x20_rho1_10Agent/K3_HS0/1765556206 - End of loop ##################  
 ####### Case1842 	 Computation time:0.8317551612854004 	 Step26/42	- AllReachGoal-True

2025-12-13 00:26:17,739 - PaperAgentLogger - INFO - current rateReachGoal: 0
2025-12-13 00:26:17,757 - PaperAgentLogger - DEBUG - New map
2025-12-13 00:26:18,606 - PaperAgentLogger - INFO - ################## PaperArchitecture_map20x20_rho1_10Agent/K3_HS0/1765556206 - End of loop ##################  
 ####### Case1843 	 Computation time:0.8480958938598633 	 Step29/54	- AllReachGoal-True

2025-12-13 00:26:18,607 - PaperAgentLogger - INFO - current rateReachGoal: 0
2025-12-13 00:26:18,625 - PaperAgentLogger - DEBUG - New map
2025-12-13 00:26:19,302 - PaperAgentLogger - INFO - ################## PaperArchitecture_map20x20_rho1_10Agent/K3_HS0/1765556206 - End of loop ##################  
 ####### Case1844 	 Computation time:0.676516056060791 	 Step23/46	- AllReachGoal-True

2025-12-13 00:26:19,302 - PaperAgentLogger - INFO - current rateReachGoal: 0
2025-12-13 00:26:19,323 - PaperAgentLogger - DEBUG - New map
2025-12-13 00:26:20,414 - PaperAgentLogger - INFO - ################## PaperArchitecture_map20x20_rho1_10Agent/K3_HS0/1765556206 - End of loop ##################  
 ####### Case1845 	 Computation time:1.0901188850402832 	 Step37/70	- AllReachGoal-True

2025-12-13 00:26:20,414 - PaperAgentLogger - INFO - current rateReachGoal: 0
2025-12-13 00:26:20,433 - PaperAgentLogger - DEBUG - New map
2025-12-13 00:26:21,228 - PaperAgentLogger - INFO - ################## PaperArchitecture_map20x20_rho1_10Agent/K3_HS0/1765556206 - End of loop ##################  
 ####### Case1846 	 Computation time:0.7949368953704834 	 Step27/54	- AllReachGoal-True

2025-12-13 00:26:21,231 - PaperAgentLogger - INFO - current rateReachGoal: 0
2025-12-13 00:26:21,248 - PaperAgentLogger - DEBUG - New map
2025-12-13 00:26:22,160 - PaperAgentLogger - INFO - ################## PaperArchitecture_map20x20_rho1_10Agent/K3_HS0/1765556206 - End of loop ##################  
 ####### Case1847 	 Computation time:0.9114117622375488 	 Step31/58	- AllReachGoal-True

2025-12-13 00:26:22,161 - PaperAgentLogger - INFO - current rateReachGoal: 0
2025-12-13 00:26:22,181 - PaperAgentLogger - DEBUG - New map
2025-12-13 00:26:23,105 - PaperAgentLogger - INFO - ################## PaperArchitecture_map20x20_rho1_10Agent/K3_HS0/1765556206 - End of loop ##################  
 ####### Case1848 	 Computation time:0.9237818717956543 	 Step31/62	- AllReachGoal-True

2025-12-13 00:26:23,106 - PaperAgentLogger - INFO - current rateReachGoal: 0
2025-12-13 00:26:23,126 - PaperAgentLogger - DEBUG - New map
2025-12-13 00:26:24,935 - PaperAgentLogger - INFO - ################## PaperArchitecture_map20x20_rho1_10Agent/K3_HS0/1765556206 - End of loop ##################  
 ####### Case1849 	 Computation time:1.8087162971496582 	 Step62/62	- AllReachGoal-False

2025-12-13 00:26:24,936 - PaperAgentLogger - INFO - current rateReachGoal: 0
2025-12-13 00:26:24,953 - PaperAgentLogger - DEBUG - New map
2025-12-13 00:26:26,302 - PaperAgentLogger - INFO - ################## PaperArchitecture_map20x20_rho1_10Agent/K3_HS0/1765556206 - End of loop ##################  
 ####### Case1850 	 Computation time:1.3491969108581543 	 Step46/46	- AllReachGoal-False

2025-12-13 00:26:26,305 - PaperAgentLogger - INFO - current rateReachGoal: 0
2025-12-13 00:26:26,322 - PaperAgentLogger - DEBUG - New map
2025-12-13 00:26:27,062 - PaperAgentLogger - INFO - ################## PaperArchitecture_map20x20_rho1_10Agent/K3_HS0/1765556206 - End of loop ##################  
 ####### Case1851 	 Computation time:0.7386386394500732 	 Step25/50	- AllReachGoal-True

2025-12-13 00:26:27,062 - PaperAgentLogger - INFO - current rateReachGoal: 0
2025-12-13 00:26:27,080 - PaperAgentLogger - DEBUG - New map
2025-12-13 00:26:27,900 - PaperAgentLogger - INFO - ################## PaperArchitecture_map20x20_rho1_10Agent/K3_HS0/1765556206 - End of loop ##################  
 ####### Case1852 	 Computation time:0.8189074993133545 	 Step28/56	- AllReachGoal-True

2025-12-13 00:26:27,901 - PaperAgentLogger - INFO - current rateReachGoal: 0
2025-12-13 00:26:27,920 - PaperAgentLogger - DEBUG - New map
2025-12-13 00:26:29,741 - PaperAgentLogger - INFO - ################## PaperArchitecture_map20x20_rho1_10Agent/K3_HS0/1765556206 - End of loop ##################  
 ####### Case1853 	 Computation time:1.8197379112243652 	 Step57/58	- AllReachGoal-True

2025-12-13 00:26:29,741 - PaperAgentLogger - INFO - current rateReachGoal: 0
2025-12-13 00:26:29,760 - PaperAgentLogger - DEBUG - New map
2025-12-13 00:26:31,253 - PaperAgentLogger - INFO - ################## PaperArchitecture_map20x20_rho1_10Agent/K3_HS0/1765556206 - End of loop ##################  
 ####### Case1854 	 Computation time:1.4925823211669922 	 Step50/50	- AllReachGoal-False

2025-12-13 00:26:31,254 - PaperAgentLogger - INFO - current rateReachGoal: 0
2025-12-13 00:26:31,273 - PaperAgentLogger - DEBUG - New map
2025-12-13 00:26:32,887 - PaperAgentLogger - INFO - ################## PaperArchitecture_map20x20_rho1_10Agent/K3_HS0/1765556206 - End of loop ##################  
 ####### Case1855 	 Computation time:1.6139514446258545 	 Step56/58	- AllReachGoal-True

2025-12-13 00:26:32,888 - PaperAgentLogger - INFO - current rateReachGoal: 0
2025-12-13 00:26:32,906 - PaperAgentLogger - DEBUG - New map
2025-12-13 00:26:34,470 - PaperAgentLogger - INFO - ################## PaperArchitecture_map20x20_rho1_10Agent/K3_HS0/1765556206 - End of loop ##################  
 ####### Case1856 	 Computation time:1.5628564357757568 	 Step54/54	- AllReachGoal-False

2025-12-13 00:26:34,470 - PaperAgentLogger - INFO - current rateReachGoal: 0
2025-12-13 00:26:34,486 - PaperAgentLogger - DEBUG - New map
2025-12-13 00:26:35,677 - PaperAgentLogger - INFO - ################## PaperArchitecture_map20x20_rho1_10Agent/K3_HS0/1765556206 - End of loop ##################  
 ####### Case1857 	 Computation time:1.1898369789123535 	 Step41/44	- AllReachGoal-True

2025-12-13 00:26:35,677 - PaperAgentLogger - INFO - current rateReachGoal: 0
2025-12-13 00:26:35,694 - PaperAgentLogger - DEBUG - New map
2025-12-13 00:26:36,596 - PaperAgentLogger - INFO - ################## PaperArchitecture_map20x20_rho1_10Agent/K3_HS0/1765556206 - End of loop ##################  
 ####### Case1858 	 Computation time:0.9011311531066895 	 Step29/54	- AllReachGoal-True

2025-12-13 00:26:36,596 - PaperAgentLogger - INFO - current rateReachGoal: 0
2025-12-13 00:26:36,616 - PaperAgentLogger - DEBUG - New map
2025-12-13 00:26:37,496 - PaperAgentLogger - INFO - ################## PaperArchitecture_map20x20_rho1_10Agent/K3_HS0/1765556206 - End of loop ##################  
 ####### Case1859 	 Computation time:0.8798680305480957 	 Step30/60	- AllReachGoal-True

2025-12-13 00:26:37,497 - PaperAgentLogger - INFO - current rateReachGoal: 0
2025-12-13 00:26:37,514 - PaperAgentLogger - DEBUG - New map
2025-12-13 00:26:38,360 - PaperAgentLogger - INFO - ################## PaperArchitecture_map20x20_rho1_10Agent/K3_HS0/1765556206 - End of loop ##################  
 ####### Case1860 	 Computation time:0.8457703590393066 	 Step29/56	- AllReachGoal-True

2025-12-13 00:26:38,362 - PaperAgentLogger - INFO - current rateReachGoal: 0
2025-12-13 00:26:38,379 - PaperAgentLogger - DEBUG - New map
2025-12-13 00:26:39,168 - PaperAgentLogger - INFO - ################## PaperArchitecture_map20x20_rho1_10Agent/K3_HS0/1765556206 - End of loop ##################  
 ####### Case1861 	 Computation time:0.7884857654571533 	 Step27/48	- AllReachGoal-True

2025-12-13 00:26:39,168 - PaperAgentLogger - INFO - current rateReachGoal: 0
2025-12-13 00:26:39,188 - PaperAgentLogger - DEBUG - New map
2025-12-13 00:26:41,241 - PaperAgentLogger - INFO - ################## PaperArchitecture_map20x20_rho1_10Agent/K3_HS0/1765556206 - End of loop ##################  
 ####### Case1862 	 Computation time:2.0522701740264893 	 Step70/70	- AllReachGoal-False

2025-12-13 00:26:41,241 - PaperAgentLogger - INFO - current rateReachGoal: 0
2025-12-13 00:26:41,259 - PaperAgentLogger - DEBUG - New map
2025-12-13 00:26:42,875 - PaperAgentLogger - INFO - ################## PaperArchitecture_map20x20_rho1_10Agent/K3_HS0/1765556206 - End of loop ##################  
 ####### Case1863 	 Computation time:1.6159470081329346 	 Step56/56	- AllReachGoal-False

2025-12-13 00:26:42,876 - PaperAgentLogger - INFO - current rateReachGoal: 0
2025-12-13 00:26:42,893 - PaperAgentLogger - DEBUG - New map
2025-12-13 00:26:44,299 - PaperAgentLogger - INFO - ################## PaperArchitecture_map20x20_rho1_10Agent/K3_HS0/1765556206 - End of loop ##################  
 ####### Case1864 	 Computation time:1.4051241874694824 	 Step48/48	- AllReachGoal-False

2025-12-13 00:26:44,301 - PaperAgentLogger - INFO - current rateReachGoal: 0
2025-12-13 00:26:44,318 - PaperAgentLogger - DEBUG - New map
2025-12-13 00:26:45,992 - PaperAgentLogger - INFO - ################## PaperArchitecture_map20x20_rho1_10Agent/K3_HS0/1765556206 - End of loop ##################  
 ####### Case1865 	 Computation time:1.6731619834899902 	 Step54/54	- AllReachGoal-False

2025-12-13 00:26:45,993 - PaperAgentLogger - INFO - current rateReachGoal: 0
2025-12-13 00:26:46,012 - PaperAgentLogger - DEBUG - New map
2025-12-13 00:26:47,771 - PaperAgentLogger - INFO - ################## PaperArchitecture_map20x20_rho1_10Agent/K3_HS0/1765556206 - End of loop ##################  
 ####### Case1866 	 Computation time:1.759007215499878 	 Step56/56	- AllReachGoal-False

2025-12-13 00:26:47,772 - PaperAgentLogger - INFO - current rateReachGoal: 0
2025-12-13 00:26:47,789 - PaperAgentLogger - DEBUG - New map
2025-12-13 00:26:49,341 - PaperAgentLogger - INFO - ################## PaperArchitecture_map20x20_rho1_10Agent/K3_HS0/1765556206 - End of loop ##################  
 ####### Case1867 	 Computation time:1.5507733821868896 	 Step52/52	- AllReachGoal-False

2025-12-13 00:26:49,343 - PaperAgentLogger - INFO - current rateReachGoal: 0
2025-12-13 00:26:49,361 - PaperAgentLogger - DEBUG - New map
2025-12-13 00:26:51,070 - PaperAgentLogger - INFO - ################## PaperArchitecture_map20x20_rho1_10Agent/K3_HS0/1765556206 - End of loop ##################  
 ####### Case1868 	 Computation time:1.7089595794677734 	 Step54/54	- AllReachGoal-False

2025-12-13 00:26:51,071 - PaperAgentLogger - INFO - current rateReachGoal: 0
2025-12-13 00:26:51,090 - PaperAgentLogger - DEBUG - New map
2025-12-13 00:26:52,348 - PaperAgentLogger - INFO - ################## PaperArchitecture_map20x20_rho1_10Agent/K3_HS0/1765556206 - End of loop ##################  
 ####### Case1869 	 Computation time:1.2569224834442139 	 Step42/58	- AllReachGoal-True

2025-12-13 00:26:52,348 - PaperAgentLogger - INFO - current rateReachGoal: 0
2025-12-13 00:26:52,368 - PaperAgentLogger - DEBUG - New map
2025-12-13 00:26:53,567 - PaperAgentLogger - INFO - ################## PaperArchitecture_map20x20_rho1_10Agent/K3_HS0/1765556206 - End of loop ##################  
 ####### Case1870 	 Computation time:1.1981065273284912 	 Step41/62	- AllReachGoal-True

2025-12-13 00:26:53,567 - PaperAgentLogger - INFO - current rateReachGoal: 0
2025-12-13 00:26:53,589 - PaperAgentLogger - DEBUG - New map
2025-12-13 00:26:54,654 - PaperAgentLogger - INFO - ################## PaperArchitecture_map20x20_rho1_10Agent/K3_HS0/1765556206 - End of loop ##################  
 ####### Case1871 	 Computation time:1.065065860748291 	 Step34/68	- AllReachGoal-True

2025-12-13 00:26:54,657 - PaperAgentLogger - INFO - current rateReachGoal: 0
2025-12-13 00:26:54,676 - PaperAgentLogger - DEBUG - New map
2025-12-13 00:26:56,671 - PaperAgentLogger - INFO - ################## PaperArchitecture_map20x20_rho1_10Agent/K3_HS0/1765556206 - End of loop ##################  
 ####### Case1872 	 Computation time:1.9941840171813965 	 Step64/64	- AllReachGoal-False

2025-12-13 00:26:56,672 - PaperAgentLogger - INFO - current rateReachGoal: 0
2025-12-13 00:26:56,689 - PaperAgentLogger - DEBUG - New map
2025-12-13 00:26:57,617 - PaperAgentLogger - INFO - ################## PaperArchitecture_map20x20_rho1_10Agent/K3_HS0/1765556206 - End of loop ##################  
 ####### Case1873 	 Computation time:0.9275491237640381 	 Step29/50	- AllReachGoal-True

2025-12-13 00:26:57,618 - PaperAgentLogger - INFO - current rateReachGoal: 0
2025-12-13 00:26:57,636 - PaperAgentLogger - DEBUG - New map
2025-12-13 00:26:58,509 - PaperAgentLogger - INFO - ################## PaperArchitecture_map20x20_rho1_10Agent/K3_HS0/1765556206 - End of loop ##################  
 ####### Case1874 	 Computation time:0.8721930980682373 	 Step30/52	- AllReachGoal-True

2025-12-13 00:26:58,509 - PaperAgentLogger - INFO - current rateReachGoal: 0
2025-12-13 00:26:58,526 - PaperAgentLogger - DEBUG - New map
2025-12-13 00:26:59,854 - PaperAgentLogger - INFO - ################## PaperArchitecture_map20x20_rho1_10Agent/K3_HS0/1765556206 - End of loop ##################  
 ####### Case1875 	 Computation time:1.3276829719543457 	 Step46/46	- AllReachGoal-False

2025-12-13 00:26:59,856 - PaperAgentLogger - INFO - current rateReachGoal: 0
2025-12-13 00:26:59,871 - PaperAgentLogger - DEBUG - New map
2025-12-13 00:27:00,545 - PaperAgentLogger - INFO - ################## PaperArchitecture_map20x20_rho1_10Agent/K3_HS0/1765556206 - End of loop ##################  
 ####### Case1876 	 Computation time:0.6726257801055908 	 Step23/40	- AllReachGoal-True

2025-12-13 00:27:00,545 - PaperAgentLogger - INFO - current rateReachGoal: 0
2025-12-13 00:27:00,565 - PaperAgentLogger - DEBUG - New map
2025-12-13 00:27:01,591 - PaperAgentLogger - INFO - ################## PaperArchitecture_map20x20_rho1_10Agent/K3_HS0/1765556206 - End of loop ##################  
 ####### Case1877 	 Computation time:1.0255389213562012 	 Step35/66	- AllReachGoal-True

2025-12-13 00:27:01,592 - PaperAgentLogger - INFO - current rateReachGoal: 0
2025-12-13 00:27:01,612 - PaperAgentLogger - DEBUG - New map
2025-12-13 00:27:02,780 - PaperAgentLogger - INFO - ################## PaperArchitecture_map20x20_rho1_10Agent/K3_HS0/1765556206 - End of loop ##################  
 ####### Case1878 	 Computation time:1.1682605743408203 	 Step40/64	- AllReachGoal-True

2025-12-13 00:27:02,781 - PaperAgentLogger - INFO - current rateReachGoal: 0
2025-12-13 00:27:02,799 - PaperAgentLogger - DEBUG - New map
2025-12-13 00:27:03,966 - PaperAgentLogger - INFO - ################## PaperArchitecture_map20x20_rho1_10Agent/K3_HS0/1765556206 - End of loop ##################  
 ####### Case1879 	 Computation time:1.1666975021362305 	 Step40/40	- AllReachGoal-False

2025-12-13 00:27:03,967 - PaperAgentLogger - INFO - current rateReachGoal: 0
2025-12-13 00:27:03,983 - PaperAgentLogger - DEBUG - New map
2025-12-13 00:27:04,831 - PaperAgentLogger - INFO - ################## PaperArchitecture_map20x20_rho1_10Agent/K3_HS0/1765556206 - End of loop ##################  
 ####### Case1880 	 Computation time:0.8472263813018799 	 Step29/48	- AllReachGoal-True

2025-12-13 00:27:04,832 - PaperAgentLogger - INFO - current rateReachGoal: 0
2025-12-13 00:27:04,850 - PaperAgentLogger - DEBUG - New map
2025-12-13 00:27:06,245 - PaperAgentLogger - INFO - ################## PaperArchitecture_map20x20_rho1_10Agent/K3_HS0/1765556206 - End of loop ##################  
 ####### Case1881 	 Computation time:1.3935208320617676 	 Step48/48	- AllReachGoal-False

2025-12-13 00:27:06,245 - PaperAgentLogger - INFO - current rateReachGoal: 0
2025-12-13 00:27:06,263 - PaperAgentLogger - DEBUG - New map
2025-12-13 00:27:07,773 - PaperAgentLogger - INFO - ################## PaperArchitecture_map20x20_rho1_10Agent/K3_HS0/1765556206 - End of loop ##################  
 ####### Case1882 	 Computation time:1.5098209381103516 	 Step52/52	- AllReachGoal-False

2025-12-13 00:27:07,774 - PaperAgentLogger - INFO - current rateReachGoal: 0
2025-12-13 00:27:07,791 - PaperAgentLogger - DEBUG - New map
2025-12-13 00:27:08,569 - PaperAgentLogger - INFO - ################## PaperArchitecture_map20x20_rho1_10Agent/K3_HS0/1765556206 - End of loop ##################  
 ####### Case1883 	 Computation time:0.7772049903869629 	 Step26/50	- AllReachGoal-True

2025-12-13 00:27:08,569 - PaperAgentLogger - INFO - current rateReachGoal: 0
2025-12-13 00:27:08,589 - PaperAgentLogger - DEBUG - New map
2025-12-13 00:27:10,634 - PaperAgentLogger - INFO - ################## PaperArchitecture_map20x20_rho1_10Agent/K3_HS0/1765556206 - End of loop ##################  
 ####### Case1884 	 Computation time:2.0442967414855957 	 Step66/66	- AllReachGoal-False

2025-12-13 00:27:10,634 - PaperAgentLogger - INFO - current rateReachGoal: 0
2025-12-13 00:27:10,655 - PaperAgentLogger - DEBUG - New map
2025-12-13 00:27:12,341 - PaperAgentLogger - INFO - ################## PaperArchitecture_map20x20_rho1_10Agent/K3_HS0/1765556206 - End of loop ##################  
 ####### Case1885 	 Computation time:1.685795783996582 	 Step58/58	- AllReachGoal-False

2025-12-13 00:27:12,342 - PaperAgentLogger - INFO - current rateReachGoal: 0
2025-12-13 00:27:12,360 - PaperAgentLogger - DEBUG - New map
2025-12-13 00:27:13,150 - PaperAgentLogger - INFO - ################## PaperArchitecture_map20x20_rho1_10Agent/K3_HS0/1765556206 - End of loop ##################  
 ####### Case1886 	 Computation time:0.7894454002380371 	 Step27/50	- AllReachGoal-True

2025-12-13 00:27:13,150 - PaperAgentLogger - INFO - current rateReachGoal: 0
2025-12-13 00:27:13,169 - PaperAgentLogger - DEBUG - New map
2025-12-13 00:27:13,957 - PaperAgentLogger - INFO - ################## PaperArchitecture_map20x20_rho1_10Agent/K3_HS0/1765556206 - End of loop ##################  
 ####### Case1887 	 Computation time:0.7872247695922852 	 Step27/52	- AllReachGoal-True

2025-12-13 00:27:13,957 - PaperAgentLogger - INFO - current rateReachGoal: 0
2025-12-13 00:27:13,977 - PaperAgentLogger - DEBUG - New map
2025-12-13 00:27:14,650 - PaperAgentLogger - INFO - ################## PaperArchitecture_map20x20_rho1_10Agent/K3_HS0/1765556206 - End of loop ##################  
 ####### Case1888 	 Computation time:0.6726670265197754 	 Step23/48	- AllReachGoal-True

2025-12-13 00:27:14,651 - PaperAgentLogger - INFO - current rateReachGoal: 0
2025-12-13 00:27:14,669 - PaperAgentLogger - DEBUG - New map
2025-12-13 00:27:15,483 - PaperAgentLogger - INFO - ################## PaperArchitecture_map20x20_rho1_10Agent/K3_HS0/1765556206 - End of loop ##################  
 ####### Case1889 	 Computation time:0.8133573532104492 	 Step28/52	- AllReachGoal-True

2025-12-13 00:27:15,484 - PaperAgentLogger - INFO - current rateReachGoal: 0
2025-12-13 00:27:15,503 - PaperAgentLogger - DEBUG - New map
2025-12-13 00:27:17,127 - PaperAgentLogger - INFO - ################## PaperArchitecture_map20x20_rho1_10Agent/K3_HS0/1765556206 - End of loop ##################  
 ####### Case1890 	 Computation time:1.6234169006347656 	 Step54/56	- AllReachGoal-True

2025-12-13 00:27:17,127 - PaperAgentLogger - INFO - current rateReachGoal: 0
2025-12-13 00:27:17,146 - PaperAgentLogger - DEBUG - New map
2025-12-13 00:27:18,408 - PaperAgentLogger - INFO - ################## PaperArchitecture_map20x20_rho1_10Agent/K3_HS0/1765556206 - End of loop ##################  
 ####### Case1891 	 Computation time:1.2608273029327393 	 Step39/60	- AllReachGoal-True

2025-12-13 00:27:18,409 - PaperAgentLogger - INFO - current rateReachGoal: 0
2025-12-13 00:27:18,424 - PaperAgentLogger - DEBUG - New map
2025-12-13 00:27:19,832 - PaperAgentLogger - INFO - ################## PaperArchitecture_map20x20_rho1_10Agent/K3_HS0/1765556206 - End of loop ##################  
 ####### Case1892 	 Computation time:1.4074132442474365 	 Step46/46	- AllReachGoal-False

2025-12-13 00:27:19,833 - PaperAgentLogger - INFO - current rateReachGoal: 0
2025-12-13 00:27:19,849 - PaperAgentLogger - DEBUG - New map
2025-12-13 00:27:20,631 - PaperAgentLogger - INFO - ################## PaperArchitecture_map20x20_rho1_10Agent/K3_HS0/1765556206 - End of loop ##################  
 ####### Case1893 	 Computation time:0.7812318801879883 	 Step24/46	- AllReachGoal-True

2025-12-13 00:27:20,631 - PaperAgentLogger - INFO - current rateReachGoal: 0
2025-12-13 00:27:20,650 - PaperAgentLogger - DEBUG - New map
2025-12-13 00:27:21,495 - PaperAgentLogger - INFO - ################## PaperArchitecture_map20x20_rho1_10Agent/K3_HS0/1765556206 - End of loop ##################  
 ####### Case1894 	 Computation time:0.8448131084442139 	 Step26/52	- AllReachGoal-True

2025-12-13 00:27:21,496 - PaperAgentLogger - INFO - current rateReachGoal: 0
2025-12-13 00:27:21,512 - PaperAgentLogger - DEBUG - New map
2025-12-13 00:27:23,046 - PaperAgentLogger - INFO - ################## PaperArchitecture_map20x20_rho1_10Agent/K3_HS0/1765556206 - End of loop ##################  
 ####### Case1895 	 Computation time:1.5329985618591309 	 Step50/50	- AllReachGoal-False

2025-12-13 00:27:23,047 - PaperAgentLogger - INFO - current rateReachGoal: 0
2025-12-13 00:27:23,064 - PaperAgentLogger - DEBUG - New map
2025-12-13 00:27:24,166 - PaperAgentLogger - INFO - ################## PaperArchitecture_map20x20_rho1_10Agent/K3_HS0/1765556206 - End of loop ##################  
 ####### Case1896 	 Computation time:1.1018173694610596 	 Step34/50	- AllReachGoal-True

2025-12-13 00:27:24,167 - PaperAgentLogger - INFO - current rateReachGoal: 0
2025-12-13 00:27:24,185 - PaperAgentLogger - DEBUG - New map
2025-12-13 00:27:24,828 - PaperAgentLogger - INFO - ################## PaperArchitecture_map20x20_rho1_10Agent/K3_HS0/1765556206 - End of loop ##################  
 ####### Case1897 	 Computation time:0.6433308124542236 	 Step22/44	- AllReachGoal-True

2025-12-13 00:27:24,829 - PaperAgentLogger - INFO - current rateReachGoal: 0
2025-12-13 00:27:24,847 - PaperAgentLogger - DEBUG - New map
2025-12-13 00:27:26,421 - PaperAgentLogger - INFO - ################## PaperArchitecture_map20x20_rho1_10Agent/K3_HS0/1765556206 - End of loop ##################  
 ####### Case1898 	 Computation time:1.5731945037841797 	 Step54/58	- AllReachGoal-True

2025-12-13 00:27:26,422 - PaperAgentLogger - INFO - current rateReachGoal: 0
2025-12-13 00:27:26,438 - PaperAgentLogger - DEBUG - New map
2025-12-13 00:27:27,896 - PaperAgentLogger - INFO - ################## PaperArchitecture_map20x20_rho1_10Agent/K3_HS0/1765556206 - End of loop ##################  
 ####### Case1899 	 Computation time:1.4573912620544434 	 Step50/50	- AllReachGoal-False

2025-12-13 00:27:27,897 - PaperAgentLogger - INFO - current rateReachGoal: 0
2025-12-13 00:27:27,914 - PaperAgentLogger - DEBUG - New map
2025-12-13 00:27:28,788 - PaperAgentLogger - INFO - ################## PaperArchitecture_map20x20_rho1_10Agent/K3_HS0/1765556206 - End of loop ##################  
 ####### Case1900 	 Computation time:0.873349666595459 	 Step28/52	- AllReachGoal-True

2025-12-13 00:27:28,789 - PaperAgentLogger - INFO - current rateReachGoal: 0
2025-12-13 00:27:28,807 - PaperAgentLogger - DEBUG - New map
2025-12-13 00:27:29,548 - PaperAgentLogger - INFO - ################## PaperArchitecture_map20x20_rho1_10Agent/K3_HS0/1765556206 - End of loop ##################  
 ####### Case1901 	 Computation time:0.7412216663360596 	 Step25/50	- AllReachGoal-True

2025-12-13 00:27:29,549 - PaperAgentLogger - INFO - current rateReachGoal: 0
2025-12-13 00:27:29,570 - PaperAgentLogger - DEBUG - New map
2025-12-13 00:27:30,534 - PaperAgentLogger - INFO - ################## PaperArchitecture_map20x20_rho1_10Agent/K3_HS0/1765556206 - End of loop ##################  
 ####### Case1902 	 Computation time:0.9639673233032227 	 Step32/64	- AllReachGoal-True

2025-12-13 00:27:30,535 - PaperAgentLogger - INFO - current rateReachGoal: 0
2025-12-13 00:27:30,555 - PaperAgentLogger - DEBUG - New map
2025-12-13 00:27:31,501 - PaperAgentLogger - INFO - ################## PaperArchitecture_map20x20_rho1_10Agent/K3_HS0/1765556206 - End of loop ##################  
 ####### Case1903 	 Computation time:0.9454159736633301 	 Step32/54	- AllReachGoal-True

2025-12-13 00:27:31,501 - PaperAgentLogger - INFO - current rateReachGoal: 0
2025-12-13 00:27:31,521 - PaperAgentLogger - DEBUG - New map
2025-12-13 00:27:32,486 - PaperAgentLogger - INFO - ################## PaperArchitecture_map20x20_rho1_10Agent/K3_HS0/1765556206 - End of loop ##################  
 ####### Case1904 	 Computation time:0.964369535446167 	 Step31/54	- AllReachGoal-True

2025-12-13 00:27:32,487 - PaperAgentLogger - INFO - current rateReachGoal: 0
2025-12-13 00:27:32,505 - PaperAgentLogger - DEBUG - New map
2025-12-13 00:27:33,833 - PaperAgentLogger - INFO - ################## PaperArchitecture_map20x20_rho1_10Agent/K3_HS0/1765556206 - End of loop ##################  
 ####### Case1905 	 Computation time:1.3273899555206299 	 Step41/54	- AllReachGoal-True

2025-12-13 00:27:33,834 - PaperAgentLogger - INFO - current rateReachGoal: 0
2025-12-13 00:27:33,851 - PaperAgentLogger - DEBUG - New map
2025-12-13 00:27:35,540 - PaperAgentLogger - INFO - ################## PaperArchitecture_map20x20_rho1_10Agent/K3_HS0/1765556206 - End of loop ##################  
 ####### Case1906 	 Computation time:1.6884560585021973 	 Step52/52	- AllReachGoal-True

2025-12-13 00:27:35,540 - PaperAgentLogger - INFO - current rateReachGoal: 0
2025-12-13 00:27:35,561 - PaperAgentLogger - DEBUG - New map
2025-12-13 00:27:36,565 - PaperAgentLogger - INFO - ################## PaperArchitecture_map20x20_rho1_10Agent/K3_HS0/1765556206 - End of loop ##################  
 ####### Case1907 	 Computation time:1.0029234886169434 	 Step34/64	- AllReachGoal-True

2025-12-13 00:27:36,565 - PaperAgentLogger - INFO - current rateReachGoal: 0
2025-12-13 00:27:36,583 - PaperAgentLogger - DEBUG - New map
2025-12-13 00:27:38,217 - PaperAgentLogger - INFO - ################## PaperArchitecture_map20x20_rho1_10Agent/K3_HS0/1765556206 - End of loop ##################  
 ####### Case1908 	 Computation time:1.6333932876586914 	 Step52/52	- AllReachGoal-False

2025-12-13 00:27:38,218 - PaperAgentLogger - INFO - current rateReachGoal: 0
2025-12-13 00:27:38,236 - PaperAgentLogger - DEBUG - New map
2025-12-13 00:27:39,247 - PaperAgentLogger - INFO - ################## PaperArchitecture_map20x20_rho1_10Agent/K3_HS0/1765556206 - End of loop ##################  
 ####### Case1909 	 Computation time:1.0104014873504639 	 Step34/56	- AllReachGoal-True

2025-12-13 00:27:39,249 - PaperAgentLogger - INFO - current rateReachGoal: 0
2025-12-13 00:27:39,266 - PaperAgentLogger - DEBUG - New map
2025-12-13 00:27:40,685 - PaperAgentLogger - INFO - ################## PaperArchitecture_map20x20_rho1_10Agent/K3_HS0/1765556206 - End of loop ##################  
 ####### Case1910 	 Computation time:1.4182732105255127 	 Step44/44	- AllReachGoal-False

2025-12-13 00:27:40,686 - PaperAgentLogger - INFO - current rateReachGoal: 0
2025-12-13 00:27:40,704 - PaperAgentLogger - DEBUG - New map
2025-12-13 00:27:42,213 - PaperAgentLogger - INFO - ################## PaperArchitecture_map20x20_rho1_10Agent/K3_HS0/1765556206 - End of loop ##################  
 ####### Case1911 	 Computation time:1.508037805557251 	 Step49/60	- AllReachGoal-True

2025-12-13 00:27:42,214 - PaperAgentLogger - INFO - current rateReachGoal: 0
2025-12-13 00:27:42,233 - PaperAgentLogger - DEBUG - New map
2025-12-13 00:27:43,251 - PaperAgentLogger - INFO - ################## PaperArchitecture_map20x20_rho1_10Agent/K3_HS0/1765556206 - End of loop ##################  
 ####### Case1912 	 Computation time:1.0182347297668457 	 Step31/56	- AllReachGoal-True

2025-12-13 00:27:43,252 - PaperAgentLogger - INFO - current rateReachGoal: 0
2025-12-13 00:27:43,269 - PaperAgentLogger - DEBUG - New map
2025-12-13 00:27:44,703 - PaperAgentLogger - INFO - ################## PaperArchitecture_map20x20_rho1_10Agent/K3_HS0/1765556206 - End of loop ##################  
 ####### Case1913 	 Computation time:1.4340012073516846 	 Step44/44	- AllReachGoal-False

2025-12-13 00:27:44,704 - PaperAgentLogger - INFO - current rateReachGoal: 0
2025-12-13 00:27:44,723 - PaperAgentLogger - DEBUG - New map
2025-12-13 00:27:46,547 - PaperAgentLogger - INFO - ################## PaperArchitecture_map20x20_rho1_10Agent/K3_HS0/1765556206 - End of loop ##################  
 ####### Case1914 	 Computation time:1.8234739303588867 	 Step62/62	- AllReachGoal-False

2025-12-13 00:27:46,548 - PaperAgentLogger - INFO - current rateReachGoal: 0
2025-12-13 00:27:46,568 - PaperAgentLogger - DEBUG - New map
2025-12-13 00:27:47,558 - PaperAgentLogger - INFO - ################## PaperArchitecture_map20x20_rho1_10Agent/K3_HS0/1765556206 - End of loop ##################  
 ####### Case1915 	 Computation time:0.9899377822875977 	 Step33/64	- AllReachGoal-True

2025-12-13 00:27:47,559 - PaperAgentLogger - INFO - current rateReachGoal: 0
2025-12-13 00:27:47,574 - PaperAgentLogger - DEBUG - New map
2025-12-13 00:27:48,636 - PaperAgentLogger - INFO - ################## PaperArchitecture_map20x20_rho1_10Agent/K3_HS0/1765556206 - End of loop ##################  
 ####### Case1916 	 Computation time:1.0620465278625488 	 Step36/36	- AllReachGoal-False

2025-12-13 00:27:48,637 - PaperAgentLogger - INFO - current rateReachGoal: 0
2025-12-13 00:27:48,656 - PaperAgentLogger - DEBUG - New map
2025-12-13 00:27:49,917 - PaperAgentLogger - INFO - ################## PaperArchitecture_map20x20_rho1_10Agent/K3_HS0/1765556206 - End of loop ##################  
 ####### Case1917 	 Computation time:1.2601771354675293 	 Step43/58	- AllReachGoal-True

2025-12-13 00:27:49,919 - PaperAgentLogger - INFO - current rateReachGoal: 0
2025-12-13 00:27:49,935 - PaperAgentLogger - DEBUG - New map
2025-12-13 00:27:51,178 - PaperAgentLogger - INFO - ################## PaperArchitecture_map20x20_rho1_10Agent/K3_HS0/1765556206 - End of loop ##################  
 ####### Case1918 	 Computation time:1.2424030303955078 	 Step42/42	- AllReachGoal-False

2025-12-13 00:27:51,178 - PaperAgentLogger - INFO - current rateReachGoal: 0
2025-12-13 00:27:51,198 - PaperAgentLogger - DEBUG - New map
2025-12-13 00:27:53,002 - PaperAgentLogger - INFO - ################## PaperArchitecture_map20x20_rho1_10Agent/K3_HS0/1765556206 - End of loop ##################  
 ####### Case1919 	 Computation time:1.8038127422332764 	 Step60/60	- AllReachGoal-False

2025-12-13 00:27:53,003 - PaperAgentLogger - INFO - current rateReachGoal: 0
2025-12-13 00:27:53,020 - PaperAgentLogger - DEBUG - New map
2025-12-13 00:27:54,283 - PaperAgentLogger - INFO - ################## PaperArchitecture_map20x20_rho1_10Agent/K3_HS0/1765556206 - End of loop ##################  
 ####### Case1920 	 Computation time:1.2630369663238525 	 Step43/46	- AllReachGoal-True

2025-12-13 00:27:54,284 - PaperAgentLogger - INFO - current rateReachGoal: 0
2025-12-13 00:27:54,300 - PaperAgentLogger - DEBUG - New map
2025-12-13 00:27:54,926 - PaperAgentLogger - INFO - ################## PaperArchitecture_map20x20_rho1_10Agent/K3_HS0/1765556206 - End of loop ##################  
 ####### Case1921 	 Computation time:0.6256897449493408 	 Step21/42	- AllReachGoal-True

2025-12-13 00:27:54,929 - PaperAgentLogger - INFO - current rateReachGoal: 0
2025-12-13 00:27:54,948 - PaperAgentLogger - DEBUG - New map
2025-12-13 00:27:55,802 - PaperAgentLogger - INFO - ################## PaperArchitecture_map20x20_rho1_10Agent/K3_HS0/1765556206 - End of loop ##################  
 ####### Case1922 	 Computation time:0.8537006378173828 	 Step29/52	- AllReachGoal-True

2025-12-13 00:27:55,803 - PaperAgentLogger - INFO - current rateReachGoal: 0
2025-12-13 00:27:55,820 - PaperAgentLogger - DEBUG - New map
2025-12-13 00:27:57,172 - PaperAgentLogger - INFO - ################## PaperArchitecture_map20x20_rho1_10Agent/K3_HS0/1765556206 - End of loop ##################  
 ####### Case1923 	 Computation time:1.351604700088501 	 Step46/46	- AllReachGoal-False

2025-12-13 00:27:57,173 - PaperAgentLogger - INFO - current rateReachGoal: 0
2025-12-13 00:27:57,191 - PaperAgentLogger - DEBUG - New map
2025-12-13 00:27:57,936 - PaperAgentLogger - INFO - ################## PaperArchitecture_map20x20_rho1_10Agent/K3_HS0/1765556206 - End of loop ##################  
 ####### Case1924 	 Computation time:0.7443511486053467 	 Step25/50	- AllReachGoal-True

2025-12-13 00:27:57,937 - PaperAgentLogger - INFO - current rateReachGoal: 0
2025-12-13 00:27:57,957 - PaperAgentLogger - DEBUG - New map
2025-12-13 00:27:58,998 - PaperAgentLogger - INFO - ################## PaperArchitecture_map20x20_rho1_10Agent/K3_HS0/1765556206 - End of loop ##################  
 ####### Case1925 	 Computation time:1.0406417846679688 	 Step35/66	- AllReachGoal-True

2025-12-13 00:27:58,999 - PaperAgentLogger - INFO - current rateReachGoal: 0
2025-12-13 00:27:59,017 - PaperAgentLogger - DEBUG - New map
2025-12-13 00:28:00,311 - PaperAgentLogger - INFO - ################## PaperArchitecture_map20x20_rho1_10Agent/K3_HS0/1765556206 - End of loop ##################  
 ####### Case1926 	 Computation time:1.2935550212860107 	 Step44/46	- AllReachGoal-True

2025-12-13 00:28:00,314 - PaperAgentLogger - INFO - current rateReachGoal: 0
2025-12-13 00:28:00,330 - PaperAgentLogger - DEBUG - New map
2025-12-13 00:28:01,010 - PaperAgentLogger - INFO - ################## PaperArchitecture_map20x20_rho1_10Agent/K3_HS0/1765556206 - End of loop ##################  
 ####### Case1927 	 Computation time:0.6796872615814209 	 Step23/42	- AllReachGoal-True

2025-12-13 00:28:01,011 - PaperAgentLogger - INFO - current rateReachGoal: 0
2025-12-13 00:28:01,027 - PaperAgentLogger - DEBUG - New map
2025-12-13 00:28:01,826 - PaperAgentLogger - INFO - ################## PaperArchitecture_map20x20_rho1_10Agent/K3_HS0/1765556206 - End of loop ##################  
 ####### Case1928 	 Computation time:0.7978532314300537 	 Step27/48	- AllReachGoal-True

2025-12-13 00:28:01,827 - PaperAgentLogger - INFO - current rateReachGoal: 0
2025-12-13 00:28:01,846 - PaperAgentLogger - DEBUG - New map
2025-12-13 00:28:03,024 - PaperAgentLogger - INFO - ################## PaperArchitecture_map20x20_rho1_10Agent/K3_HS0/1765556206 - End of loop ##################  
 ####### Case1929 	 Computation time:1.1776485443115234 	 Step39/62	- AllReachGoal-True

2025-12-13 00:28:03,025 - PaperAgentLogger - INFO - current rateReachGoal: 0
2025-12-13 00:28:03,042 - PaperAgentLogger - DEBUG - New map
2025-12-13 00:28:03,827 - PaperAgentLogger - INFO - ################## PaperArchitecture_map20x20_rho1_10Agent/K3_HS0/1765556206 - End of loop ##################  
 ####### Case1930 	 Computation time:0.7847142219543457 	 Step26/44	- AllReachGoal-True

2025-12-13 00:28:03,828 - PaperAgentLogger - INFO - current rateReachGoal: 0
2025-12-13 00:28:03,844 - PaperAgentLogger - DEBUG - New map
2025-12-13 00:28:04,471 - PaperAgentLogger - INFO - ################## PaperArchitecture_map20x20_rho1_10Agent/K3_HS0/1765556206 - End of loop ##################  
 ####### Case1931 	 Computation time:0.626788854598999 	 Step21/42	- AllReachGoal-True

2025-12-13 00:28:04,472 - PaperAgentLogger - INFO - current rateReachGoal: 0
2025-12-13 00:28:04,493 - PaperAgentLogger - DEBUG - New map
2025-12-13 00:28:06,488 - PaperAgentLogger - INFO - ################## PaperArchitecture_map20x20_rho1_10Agent/K3_HS0/1765556206 - End of loop ##################  
 ####### Case1932 	 Computation time:1.994570016860962 	 Step68/68	- AllReachGoal-False

2025-12-13 00:28:06,489 - PaperAgentLogger - INFO - current rateReachGoal: 0
2025-12-13 00:28:06,505 - PaperAgentLogger - DEBUG - New map
2025-12-13 00:28:07,162 - PaperAgentLogger - INFO - ################## PaperArchitecture_map20x20_rho1_10Agent/K3_HS0/1765556206 - End of loop ##################  
 ####### Case1933 	 Computation time:0.6564218997955322 	 Step21/42	- AllReachGoal-True

2025-12-13 00:28:07,162 - PaperAgentLogger - INFO - current rateReachGoal: 0
2025-12-13 00:28:07,179 - PaperAgentLogger - DEBUG - New map
2025-12-13 00:28:07,970 - PaperAgentLogger - INFO - ################## PaperArchitecture_map20x20_rho1_10Agent/K3_HS0/1765556206 - End of loop ##################  
 ####### Case1934 	 Computation time:0.7901401519775391 	 Step26/48	- AllReachGoal-True

2025-12-13 00:28:07,970 - PaperAgentLogger - INFO - current rateReachGoal: 0
2025-12-13 00:28:07,988 - PaperAgentLogger - DEBUG - New map
2025-12-13 00:28:09,948 - PaperAgentLogger - INFO - ################## PaperArchitecture_map20x20_rho1_10Agent/K3_HS0/1765556206 - End of loop ##################  
 ####### Case1935 	 Computation time:1.959519863128662 	 Step60/60	- AllReachGoal-False

2025-12-13 00:28:09,949 - PaperAgentLogger - INFO - current rateReachGoal: 0
2025-12-13 00:28:09,967 - PaperAgentLogger - DEBUG - New map
2025-12-13 00:28:10,937 - PaperAgentLogger - INFO - ################## PaperArchitecture_map20x20_rho1_10Agent/K3_HS0/1765556206 - End of loop ##################  
 ####### Case1936 	 Computation time:0.9695847034454346 	 Step31/60	- AllReachGoal-True

2025-12-13 00:28:10,938 - PaperAgentLogger - INFO - current rateReachGoal: 0
2025-12-13 00:28:10,957 - PaperAgentLogger - DEBUG - New map
2025-12-13 00:28:11,908 - PaperAgentLogger - INFO - ################## PaperArchitecture_map20x20_rho1_10Agent/K3_HS0/1765556206 - End of loop ##################  
 ####### Case1937 	 Computation time:0.949883222579956 	 Step31/62	- AllReachGoal-True

2025-12-13 00:28:11,910 - PaperAgentLogger - INFO - current rateReachGoal: 0
2025-12-13 00:28:11,928 - PaperAgentLogger - DEBUG - New map
2025-12-13 00:28:12,708 - PaperAgentLogger - INFO - ################## PaperArchitecture_map20x20_rho1_10Agent/K3_HS0/1765556206 - End of loop ##################  
 ####### Case1938 	 Computation time:0.7784879207611084 	 Step26/54	- AllReachGoal-True

2025-12-13 00:28:12,708 - PaperAgentLogger - INFO - current rateReachGoal: 0
2025-12-13 00:28:12,725 - PaperAgentLogger - DEBUG - New map
2025-12-13 00:28:14,222 - PaperAgentLogger - INFO - ################## PaperArchitecture_map20x20_rho1_10Agent/K3_HS0/1765556206 - End of loop ##################  
 ####### Case1939 	 Computation time:1.4958927631378174 	 Step50/50	- AllReachGoal-False

2025-12-13 00:28:14,223 - PaperAgentLogger - INFO - current rateReachGoal: 0
2025-12-13 00:28:14,242 - PaperAgentLogger - DEBUG - New map
2025-12-13 00:28:15,608 - PaperAgentLogger - INFO - ################## PaperArchitecture_map20x20_rho1_10Agent/K3_HS0/1765556206 - End of loop ##################  
 ####### Case1940 	 Computation time:1.3652281761169434 	 Step43/64	- AllReachGoal-True

2025-12-13 00:28:15,609 - PaperAgentLogger - INFO - current rateReachGoal: 0
2025-12-13 00:28:15,627 - PaperAgentLogger - DEBUG - New map
2025-12-13 00:28:16,511 - PaperAgentLogger - INFO - ################## PaperArchitecture_map20x20_rho1_10Agent/K3_HS0/1765556206 - End of loop ##################  
 ####### Case1941 	 Computation time:0.8829681873321533 	 Step27/52	- AllReachGoal-True

2025-12-13 00:28:16,512 - PaperAgentLogger - INFO - current rateReachGoal: 0
2025-12-13 00:28:16,529 - PaperAgentLogger - DEBUG - New map
2025-12-13 00:28:17,705 - PaperAgentLogger - INFO - ################## PaperArchitecture_map20x20_rho1_10Agent/K3_HS0/1765556206 - End of loop ##################  
 ####### Case1942 	 Computation time:1.174837589263916 	 Step36/54	- AllReachGoal-True

2025-12-13 00:28:17,705 - PaperAgentLogger - INFO - current rateReachGoal: 0
2025-12-13 00:28:17,722 - PaperAgentLogger - DEBUG - New map
2025-12-13 00:28:18,865 - PaperAgentLogger - INFO - ################## PaperArchitecture_map20x20_rho1_10Agent/K3_HS0/1765556206 - End of loop ##################  
 ####### Case1943 	 Computation time:1.1422929763793945 	 Step35/48	- AllReachGoal-True

2025-12-13 00:28:18,866 - PaperAgentLogger - INFO - current rateReachGoal: 0
2025-12-13 00:28:18,883 - PaperAgentLogger - DEBUG - New map
2025-12-13 00:28:19,691 - PaperAgentLogger - INFO - ################## PaperArchitecture_map20x20_rho1_10Agent/K3_HS0/1765556206 - End of loop ##################  
 ####### Case1944 	 Computation time:0.8072304725646973 	 Step26/48	- AllReachGoal-True

2025-12-13 00:28:19,692 - PaperAgentLogger - INFO - current rateReachGoal: 0
2025-12-13 00:28:19,711 - PaperAgentLogger - DEBUG - New map
2025-12-13 00:28:20,591 - PaperAgentLogger - INFO - ################## PaperArchitecture_map20x20_rho1_10Agent/K3_HS0/1765556206 - End of loop ##################  
 ####### Case1945 	 Computation time:0.8801608085632324 	 Step30/60	- AllReachGoal-True

2025-12-13 00:28:20,592 - PaperAgentLogger - INFO - current rateReachGoal: 0
2025-12-13 00:28:20,608 - PaperAgentLogger - DEBUG - New map
2025-12-13 00:28:21,399 - PaperAgentLogger - INFO - ################## PaperArchitecture_map20x20_rho1_10Agent/K3_HS0/1765556206 - End of loop ##################  
 ####### Case1946 	 Computation time:0.7895536422729492 	 Step24/46	- AllReachGoal-True

2025-12-13 00:28:21,399 - PaperAgentLogger - INFO - current rateReachGoal: 0
2025-12-13 00:28:21,418 - PaperAgentLogger - DEBUG - New map
2025-12-13 00:28:22,619 - PaperAgentLogger - INFO - ################## PaperArchitecture_map20x20_rho1_10Agent/K3_HS0/1765556206 - End of loop ##################  
 ####### Case1947 	 Computation time:1.2000222206115723 	 Step37/64	- AllReachGoal-True

2025-12-13 00:28:22,620 - PaperAgentLogger - INFO - current rateReachGoal: 0
2025-12-13 00:28:22,639 - PaperAgentLogger - DEBUG - New map
2025-12-13 00:28:24,623 - PaperAgentLogger - INFO - ################## PaperArchitecture_map20x20_rho1_10Agent/K3_HS0/1765556206 - End of loop ##################  
 ####### Case1948 	 Computation time:1.98392915725708 	 Step62/62	- AllReachGoal-False

2025-12-13 00:28:24,624 - PaperAgentLogger - INFO - current rateReachGoal: 0
2025-12-13 00:28:24,643 - PaperAgentLogger - DEBUG - New map
2025-12-13 00:28:25,761 - PaperAgentLogger - INFO - ################## PaperArchitecture_map20x20_rho1_10Agent/K3_HS0/1765556206 - End of loop ##################  
 ####### Case1949 	 Computation time:1.1175422668457031 	 Step38/52	- AllReachGoal-True

2025-12-13 00:28:25,762 - PaperAgentLogger - INFO - current rateReachGoal: 0
2025-12-13 00:28:25,779 - PaperAgentLogger - DEBUG - New map
2025-12-13 00:28:26,668 - PaperAgentLogger - INFO - ################## PaperArchitecture_map20x20_rho1_10Agent/K3_HS0/1765556206 - End of loop ##################  
 ####### Case1950 	 Computation time:0.8886687755584717 	 Step31/52	- AllReachGoal-True

2025-12-13 00:28:26,669 - PaperAgentLogger - INFO - current rateReachGoal: 0
2025-12-13 00:28:26,688 - PaperAgentLogger - DEBUG - New map
2025-12-13 00:28:27,501 - PaperAgentLogger - INFO - ################## PaperArchitecture_map20x20_rho1_10Agent/K3_HS0/1765556206 - End of loop ##################  
 ####### Case1951 	 Computation time:0.8126842975616455 	 Step28/56	- AllReachGoal-True

2025-12-13 00:28:27,501 - PaperAgentLogger - INFO - current rateReachGoal: 0
2025-12-13 00:28:27,518 - PaperAgentLogger - DEBUG - New map
2025-12-13 00:28:28,992 - PaperAgentLogger - INFO - ################## PaperArchitecture_map20x20_rho1_10Agent/K3_HS0/1765556206 - End of loop ##################  
 ####### Case1952 	 Computation time:1.4728567600250244 	 Step52/52	- AllReachGoal-False

2025-12-13 00:28:28,993 - PaperAgentLogger - INFO - current rateReachGoal: 0
2025-12-13 00:28:29,013 - PaperAgentLogger - DEBUG - New map
2025-12-13 00:28:30,094 - PaperAgentLogger - INFO - ################## PaperArchitecture_map20x20_rho1_10Agent/K3_HS0/1765556206 - End of loop ##################  
 ####### Case1953 	 Computation time:1.0805795192718506 	 Step38/76	- AllReachGoal-True

2025-12-13 00:28:30,094 - PaperAgentLogger - INFO - current rateReachGoal: 0
2025-12-13 00:28:30,115 - PaperAgentLogger - DEBUG - New map
2025-12-13 00:28:31,140 - PaperAgentLogger - INFO - ################## PaperArchitecture_map20x20_rho1_10Agent/K3_HS0/1765556206 - End of loop ##################  
 ####### Case1954 	 Computation time:1.0248265266418457 	 Step36/68	- AllReachGoal-True

2025-12-13 00:28:31,141 - PaperAgentLogger - INFO - current rateReachGoal: 0
2025-12-13 00:28:31,158 - PaperAgentLogger - DEBUG - New map
2025-12-13 00:28:31,932 - PaperAgentLogger - INFO - ################## PaperArchitecture_map20x20_rho1_10Agent/K3_HS0/1765556206 - End of loop ##################  
 ####### Case1955 	 Computation time:0.7729313373565674 	 Step27/54	- AllReachGoal-True

2025-12-13 00:28:31,933 - PaperAgentLogger - INFO - current rateReachGoal: 0
2025-12-13 00:28:31,948 - PaperAgentLogger - DEBUG - New map
2025-12-13 00:28:32,558 - PaperAgentLogger - INFO - ################## PaperArchitecture_map20x20_rho1_10Agent/K3_HS0/1765556206 - End of loop ##################  
 ####### Case1956 	 Computation time:0.6093440055847168 	 Step21/42	- AllReachGoal-True

2025-12-13 00:28:32,559 - PaperAgentLogger - INFO - current rateReachGoal: 0
2025-12-13 00:28:32,580 - PaperAgentLogger - DEBUG - New map
2025-12-13 00:28:33,600 - PaperAgentLogger - INFO - ################## PaperArchitecture_map20x20_rho1_10Agent/K3_HS0/1765556206 - End of loop ##################  
 ####### Case1957 	 Computation time:1.0198445320129395 	 Step36/72	- AllReachGoal-True

2025-12-13 00:28:33,601 - PaperAgentLogger - INFO - current rateReachGoal: 0
2025-12-13 00:28:33,616 - PaperAgentLogger - DEBUG - New map
2025-12-13 00:28:34,245 - PaperAgentLogger - INFO - ################## PaperArchitecture_map20x20_rho1_10Agent/K3_HS0/1765556206 - End of loop ##################  
 ####### Case1958 	 Computation time:0.6280505657196045 	 Step22/44	- AllReachGoal-True

2025-12-13 00:28:34,245 - PaperAgentLogger - INFO - current rateReachGoal: 0
2025-12-13 00:28:34,263 - PaperAgentLogger - DEBUG - New map
2025-12-13 00:28:35,786 - PaperAgentLogger - INFO - ################## PaperArchitecture_map20x20_rho1_10Agent/K3_HS0/1765556206 - End of loop ##################  
 ####### Case1959 	 Computation time:1.5223851203918457 	 Step54/54	- AllReachGoal-False

2025-12-13 00:28:35,787 - PaperAgentLogger - INFO - current rateReachGoal: 0
2025-12-13 00:28:35,804 - PaperAgentLogger - DEBUG - New map
2025-12-13 00:28:36,661 - PaperAgentLogger - INFO - ################## PaperArchitecture_map20x20_rho1_10Agent/K3_HS0/1765556206 - End of loop ##################  
 ####### Case1960 	 Computation time:0.8563454151153564 	 Step30/56	- AllReachGoal-True

2025-12-13 00:28:36,662 - PaperAgentLogger - INFO - current rateReachGoal: 0
2025-12-13 00:28:36,679 - PaperAgentLogger - DEBUG - New map
2025-12-13 00:28:37,536 - PaperAgentLogger - INFO - ################## PaperArchitecture_map20x20_rho1_10Agent/K3_HS0/1765556206 - End of loop ##################  
 ####### Case1961 	 Computation time:0.8567640781402588 	 Step30/56	- AllReachGoal-True

2025-12-13 00:28:37,537 - PaperAgentLogger - INFO - current rateReachGoal: 0
2025-12-13 00:28:37,554 - PaperAgentLogger - DEBUG - New map
2025-12-13 00:28:38,356 - PaperAgentLogger - INFO - ################## PaperArchitecture_map20x20_rho1_10Agent/K3_HS0/1765556206 - End of loop ##################  
 ####### Case1962 	 Computation time:0.8010997772216797 	 Step28/56	- AllReachGoal-True

2025-12-13 00:28:38,357 - PaperAgentLogger - INFO - current rateReachGoal: 0
2025-12-13 00:28:38,374 - PaperAgentLogger - DEBUG - New map
2025-12-13 00:28:40,187 - PaperAgentLogger - INFO - ################## PaperArchitecture_map20x20_rho1_10Agent/K3_HS0/1765556206 - End of loop ##################  
 ####### Case1963 	 Computation time:1.8120510578155518 	 Step62/62	- AllReachGoal-False

2025-12-13 00:28:40,188 - PaperAgentLogger - INFO - current rateReachGoal: 0
2025-12-13 00:28:40,206 - PaperAgentLogger - DEBUG - New map
2025-12-13 00:28:41,148 - PaperAgentLogger - INFO - ################## PaperArchitecture_map20x20_rho1_10Agent/K3_HS0/1765556206 - End of loop ##################  
 ####### Case1964 	 Computation time:0.9411101341247559 	 Step33/62	- AllReachGoal-True

2025-12-13 00:28:41,150 - PaperAgentLogger - INFO - current rateReachGoal: 0
2025-12-13 00:28:41,167 - PaperAgentLogger - DEBUG - New map
2025-12-13 00:28:41,997 - PaperAgentLogger - INFO - ################## PaperArchitecture_map20x20_rho1_10Agent/K3_HS0/1765556206 - End of loop ##################  
 ####### Case1965 	 Computation time:0.8289139270782471 	 Step29/56	- AllReachGoal-True

2025-12-13 00:28:41,998 - PaperAgentLogger - INFO - current rateReachGoal: 0
2025-12-13 00:28:42,013 - PaperAgentLogger - DEBUG - New map
2025-12-13 00:28:42,704 - PaperAgentLogger - INFO - ################## PaperArchitecture_map20x20_rho1_10Agent/K3_HS0/1765556206 - End of loop ##################  
 ####### Case1966 	 Computation time:0.6906483173370361 	 Step24/46	- AllReachGoal-True

2025-12-13 00:28:42,705 - PaperAgentLogger - INFO - current rateReachGoal: 0
2025-12-13 00:28:42,720 - PaperAgentLogger - DEBUG - New map
2025-12-13 00:28:43,329 - PaperAgentLogger - INFO - ################## PaperArchitecture_map20x20_rho1_10Agent/K3_HS0/1765556206 - End of loop ##################  
 ####### Case1967 	 Computation time:0.6078667640686035 	 Step21/40	- AllReachGoal-True

2025-12-13 00:28:43,329 - PaperAgentLogger - INFO - current rateReachGoal: 0
2025-12-13 00:28:43,348 - PaperAgentLogger - DEBUG - New map
2025-12-13 00:28:44,205 - PaperAgentLogger - INFO - ################## PaperArchitecture_map20x20_rho1_10Agent/K3_HS0/1765556206 - End of loop ##################  
 ####### Case1968 	 Computation time:0.856663703918457 	 Step30/60	- AllReachGoal-True

2025-12-13 00:28:44,206 - PaperAgentLogger - INFO - current rateReachGoal: 0
2025-12-13 00:28:44,222 - PaperAgentLogger - DEBUG - New map
2025-12-13 00:28:44,969 - PaperAgentLogger - INFO - ################## PaperArchitecture_map20x20_rho1_10Agent/K3_HS0/1765556206 - End of loop ##################  
 ####### Case1969 	 Computation time:0.7456047534942627 	 Step26/52	- AllReachGoal-True

2025-12-13 00:28:44,969 - PaperAgentLogger - INFO - current rateReachGoal: 0
2025-12-13 00:28:44,984 - PaperAgentLogger - DEBUG - New map
2025-12-13 00:28:46,115 - PaperAgentLogger - INFO - ################## PaperArchitecture_map20x20_rho1_10Agent/K3_HS0/1765556206 - End of loop ##################  
 ####### Case1970 	 Computation time:1.1308224201202393 	 Step40/40	- AllReachGoal-False

2025-12-13 00:28:46,116 - PaperAgentLogger - INFO - current rateReachGoal: 0
2025-12-13 00:28:46,132 - PaperAgentLogger - DEBUG - New map
2025-12-13 00:28:46,878 - PaperAgentLogger - INFO - ################## PaperArchitecture_map20x20_rho1_10Agent/K3_HS0/1765556206 - End of loop ##################  
 ####### Case1971 	 Computation time:0.7455761432647705 	 Step25/46	- AllReachGoal-True

2025-12-13 00:28:46,878 - PaperAgentLogger - INFO - current rateReachGoal: 0
2025-12-13 00:28:46,895 - PaperAgentLogger - DEBUG - New map
2025-12-13 00:28:47,671 - PaperAgentLogger - INFO - ################## PaperArchitecture_map20x20_rho1_10Agent/K3_HS0/1765556206 - End of loop ##################  
 ####### Case1972 	 Computation time:0.7755255699157715 	 Step25/46	- AllReachGoal-True

2025-12-13 00:28:47,672 - PaperAgentLogger - INFO - current rateReachGoal: 0
2025-12-13 00:28:47,692 - PaperAgentLogger - DEBUG - New map
2025-12-13 00:28:48,872 - PaperAgentLogger - INFO - ################## PaperArchitecture_map20x20_rho1_10Agent/K3_HS0/1765556206 - End of loop ##################  
 ####### Case1973 	 Computation time:1.1792962551116943 	 Step40/64	- AllReachGoal-True

2025-12-13 00:28:48,872 - PaperAgentLogger - INFO - current rateReachGoal: 0
2025-12-13 00:28:48,887 - PaperAgentLogger - DEBUG - New map
2025-12-13 00:28:49,434 - PaperAgentLogger - INFO - ################## PaperArchitecture_map20x20_rho1_10Agent/K3_HS0/1765556206 - End of loop ##################  
 ####### Case1974 	 Computation time:0.5465359687805176 	 Step19/38	- AllReachGoal-True

2025-12-13 00:28:49,435 - PaperAgentLogger - INFO - current rateReachGoal: 0
2025-12-13 00:28:49,451 - PaperAgentLogger - DEBUG - New map
2025-12-13 00:28:50,224 - PaperAgentLogger - INFO - ################## PaperArchitecture_map20x20_rho1_10Agent/K3_HS0/1765556206 - End of loop ##################  
 ####### Case1975 	 Computation time:0.7723391056060791 	 Step27/50	- AllReachGoal-True

2025-12-13 00:28:50,225 - PaperAgentLogger - INFO - current rateReachGoal: 0
2025-12-13 00:28:50,240 - PaperAgentLogger - DEBUG - New map
2025-12-13 00:28:50,839 - PaperAgentLogger - INFO - ################## PaperArchitecture_map20x20_rho1_10Agent/K3_HS0/1765556206 - End of loop ##################  
 ####### Case1976 	 Computation time:0.5984318256378174 	 Step21/38	- AllReachGoal-True

2025-12-13 00:28:50,839 - PaperAgentLogger - INFO - current rateReachGoal: 0
2025-12-13 00:28:50,856 - PaperAgentLogger - DEBUG - New map
2025-12-13 00:28:51,779 - PaperAgentLogger - INFO - ################## PaperArchitecture_map20x20_rho1_10Agent/K3_HS0/1765556206 - End of loop ##################  
 ####### Case1977 	 Computation time:0.9223947525024414 	 Step29/54	- AllReachGoal-True

2025-12-13 00:28:51,780 - PaperAgentLogger - INFO - current rateReachGoal: 0
2025-12-13 00:28:51,798 - PaperAgentLogger - DEBUG - New map
2025-12-13 00:28:53,039 - PaperAgentLogger - INFO - ################## PaperArchitecture_map20x20_rho1_10Agent/K3_HS0/1765556206 - End of loop ##################  
 ####### Case1978 	 Computation time:1.240424633026123 	 Step39/56	- AllReachGoal-True

2025-12-13 00:28:53,040 - PaperAgentLogger - INFO - current rateReachGoal: 0
2025-12-13 00:28:53,056 - PaperAgentLogger - DEBUG - New map
2025-12-13 00:28:54,589 - PaperAgentLogger - INFO - ################## PaperArchitecture_map20x20_rho1_10Agent/K3_HS0/1765556206 - End of loop ##################  
 ####### Case1979 	 Computation time:1.5325274467468262 	 Step50/50	- AllReachGoal-False

2025-12-13 00:28:54,590 - PaperAgentLogger - INFO - current rateReachGoal: 0
2025-12-13 00:28:54,609 - PaperAgentLogger - DEBUG - New map
2025-12-13 00:28:56,405 - PaperAgentLogger - INFO - ################## PaperArchitecture_map20x20_rho1_10Agent/K3_HS0/1765556206 - End of loop ##################  
 ####### Case1980 	 Computation time:1.7953033447265625 	 Step58/58	- AllReachGoal-False

2025-12-13 00:28:56,405 - PaperAgentLogger - INFO - current rateReachGoal: 0
2025-12-13 00:28:56,424 - PaperAgentLogger - DEBUG - New map
2025-12-13 00:28:57,756 - PaperAgentLogger - INFO - ################## PaperArchitecture_map20x20_rho1_10Agent/K3_HS0/1765556206 - End of loop ##################  
 ####### Case1981 	 Computation time:1.331458330154419 	 Step44/66	- AllReachGoal-True

2025-12-13 00:28:57,757 - PaperAgentLogger - INFO - current rateReachGoal: 0
2025-12-13 00:28:57,774 - PaperAgentLogger - DEBUG - New map
2025-12-13 00:28:59,515 - PaperAgentLogger - INFO - ################## PaperArchitecture_map20x20_rho1_10Agent/K3_HS0/1765556206 - End of loop ##################  
 ####### Case1982 	 Computation time:1.740462064743042 	 Step56/56	- AllReachGoal-False

2025-12-13 00:28:59,516 - PaperAgentLogger - INFO - current rateReachGoal: 0
2025-12-13 00:28:59,534 - PaperAgentLogger - DEBUG - New map
2025-12-13 00:29:01,130 - PaperAgentLogger - INFO - ################## PaperArchitecture_map20x20_rho1_10Agent/K3_HS0/1765556206 - End of loop ##################  
 ####### Case1983 	 Computation time:1.5953350067138672 	 Step56/56	- AllReachGoal-False

2025-12-13 00:29:01,131 - PaperAgentLogger - INFO - current rateReachGoal: 0
2025-12-13 00:29:01,148 - PaperAgentLogger - DEBUG - New map
2025-12-13 00:29:01,997 - PaperAgentLogger - INFO - ################## PaperArchitecture_map20x20_rho1_10Agent/K3_HS0/1765556206 - End of loop ##################  
 ####### Case1984 	 Computation time:0.8479397296905518 	 Step27/54	- AllReachGoal-True

2025-12-13 00:29:01,997 - PaperAgentLogger - INFO - current rateReachGoal: 0
2025-12-13 00:29:02,016 - PaperAgentLogger - DEBUG - New map
2025-12-13 00:29:03,088 - PaperAgentLogger - INFO - ################## PaperArchitecture_map20x20_rho1_10Agent/K3_HS0/1765556206 - End of loop ##################  
 ####### Case1985 	 Computation time:1.071535587310791 	 Step36/56	- AllReachGoal-True

2025-12-13 00:29:03,089 - PaperAgentLogger - INFO - current rateReachGoal: 0
2025-12-13 00:29:03,107 - PaperAgentLogger - DEBUG - New map
2025-12-13 00:29:04,222 - PaperAgentLogger - INFO - ################## PaperArchitecture_map20x20_rho1_10Agent/K3_HS0/1765556206 - End of loop ##################  
 ####### Case1986 	 Computation time:1.1147074699401855 	 Step35/56	- AllReachGoal-True

2025-12-13 00:29:04,223 - PaperAgentLogger - INFO - current rateReachGoal: 0
2025-12-13 00:29:04,242 - PaperAgentLogger - DEBUG - New map
2025-12-13 00:29:05,236 - PaperAgentLogger - INFO - ################## PaperArchitecture_map20x20_rho1_10Agent/K3_HS0/1765556206 - End of loop ##################  
 ####### Case1987 	 Computation time:0.9930870532989502 	 Step32/62	- AllReachGoal-True

2025-12-13 00:29:05,238 - PaperAgentLogger - INFO - current rateReachGoal: 0
2025-12-13 00:29:05,254 - PaperAgentLogger - DEBUG - New map
2025-12-13 00:29:05,971 - PaperAgentLogger - INFO - ################## PaperArchitecture_map20x20_rho1_10Agent/K3_HS0/1765556206 - End of loop ##################  
 ####### Case1988 	 Computation time:0.7164280414581299 	 Step25/46	- AllReachGoal-True

2025-12-13 00:29:05,972 - PaperAgentLogger - INFO - current rateReachGoal: 0
2025-12-13 00:29:05,991 - PaperAgentLogger - DEBUG - New map
2025-12-13 00:29:06,932 - PaperAgentLogger - INFO - ################## PaperArchitecture_map20x20_rho1_10Agent/K3_HS0/1765556206 - End of loop ##################  
 ####### Case1989 	 Computation time:0.9406871795654297 	 Step33/66	- AllReachGoal-True

2025-12-13 00:29:06,933 - PaperAgentLogger - INFO - current rateReachGoal: 0
2025-12-13 00:29:06,953 - PaperAgentLogger - DEBUG - New map
2025-12-13 00:29:08,881 - PaperAgentLogger - INFO - ################## PaperArchitecture_map20x20_rho1_10Agent/K3_HS0/1765556206 - End of loop ##################  
 ####### Case1990 	 Computation time:1.9272010326385498 	 Step62/66	- AllReachGoal-True

2025-12-13 00:29:08,882 - PaperAgentLogger - INFO - current rateReachGoal: 0
2025-12-13 00:29:08,900 - PaperAgentLogger - DEBUG - New map
2025-12-13 00:29:09,790 - PaperAgentLogger - INFO - ################## PaperArchitecture_map20x20_rho1_10Agent/K3_HS0/1765556206 - End of loop ##################  
 ####### Case1991 	 Computation time:0.8896851539611816 	 Step29/56	- AllReachGoal-True

2025-12-13 00:29:09,791 - PaperAgentLogger - INFO - current rateReachGoal: 0
2025-12-13 00:29:09,809 - PaperAgentLogger - DEBUG - New map
2025-12-13 00:29:11,836 - PaperAgentLogger - INFO - ################## PaperArchitecture_map20x20_rho1_10Agent/K3_HS0/1765556206 - End of loop ##################  
 ####### Case1992 	 Computation time:2.02654767036438 	 Step68/68	- AllReachGoal-False

2025-12-13 00:29:11,837 - PaperAgentLogger - INFO - current rateReachGoal: 0
2025-12-13 00:29:11,855 - PaperAgentLogger - DEBUG - New map
2025-12-13 00:29:12,570 - PaperAgentLogger - INFO - ################## PaperArchitecture_map20x20_rho1_10Agent/K3_HS0/1765556206 - End of loop ##################  
 ####### Case1993 	 Computation time:0.7149615287780762 	 Step25/48	- AllReachGoal-True

2025-12-13 00:29:12,571 - PaperAgentLogger - INFO - current rateReachGoal: 0
2025-12-13 00:29:12,588 - PaperAgentLogger - DEBUG - New map
2025-12-13 00:29:13,853 - PaperAgentLogger - INFO - ################## PaperArchitecture_map20x20_rho1_10Agent/K3_HS0/1765556206 - End of loop ##################  
 ####### Case1994 	 Computation time:1.2646756172180176 	 Step41/58	- AllReachGoal-True

2025-12-13 00:29:13,854 - PaperAgentLogger - INFO - current rateReachGoal: 0
2025-12-13 00:29:13,872 - PaperAgentLogger - DEBUG - New map
2025-12-13 00:29:14,815 - PaperAgentLogger - INFO - ################## PaperArchitecture_map20x20_rho1_10Agent/K3_HS0/1765556206 - End of loop ##################  
 ####### Case1995 	 Computation time:0.9417679309844971 	 Step33/66	- AllReachGoal-True

2025-12-13 00:29:14,816 - PaperAgentLogger - INFO - current rateReachGoal: 0
2025-12-13 00:29:14,834 - PaperAgentLogger - DEBUG - New map
2025-12-13 00:29:15,862 - PaperAgentLogger - INFO - ################## PaperArchitecture_map20x20_rho1_10Agent/K3_HS0/1765556206 - End of loop ##################  
 ####### Case1996 	 Computation time:1.0274462699890137 	 Step36/62	- AllReachGoal-True

2025-12-13 00:29:15,863 - PaperAgentLogger - INFO - current rateReachGoal: 0
2025-12-13 00:29:15,880 - PaperAgentLogger - DEBUG - New map
2025-12-13 00:29:16,655 - PaperAgentLogger - INFO - ################## PaperArchitecture_map20x20_rho1_10Agent/K3_HS0/1765556206 - End of loop ##################  
 ####### Case1997 	 Computation time:0.7744834423065186 	 Step27/54	- AllReachGoal-True

2025-12-13 00:29:16,656 - PaperAgentLogger - INFO - current rateReachGoal: 0
2025-12-13 00:29:16,673 - PaperAgentLogger - DEBUG - New map
2025-12-13 00:29:17,482 - PaperAgentLogger - INFO - ################## PaperArchitecture_map20x20_rho1_10Agent/K3_HS0/1765556206 - End of loop ##################  
 ####### Case1998 	 Computation time:0.8082864284515381 	 Step28/56	- AllReachGoal-True

2025-12-13 00:29:17,483 - PaperAgentLogger - INFO - current rateReachGoal: 0
2025-12-13 00:29:17,502 - PaperAgentLogger - DEBUG - New map
2025-12-13 00:29:18,397 - PaperAgentLogger - INFO - ################## PaperArchitecture_map20x20_rho1_10Agent/K3_HS0/1765556206 - End of loop ##################  
 ####### Case1999 	 Computation time:0.8944082260131836 	 Step31/60	- AllReachGoal-True

2025-12-13 00:29:18,398 - PaperAgentLogger - INFO - current rateReachGoal: 0
2025-12-13 00:29:18,414 - PaperAgentLogger - DEBUG - New map
2025-12-13 00:29:19,039 - PaperAgentLogger - INFO - ################## PaperArchitecture_map20x20_rho1_10Agent/K3_HS0/1765556206 - End of loop ##################  
 ####### Case2000 	 Computation time:0.6247670650482178 	 Step21/40	- AllReachGoal-True

2025-12-13 00:29:19,040 - PaperAgentLogger - INFO - current rateReachGoal: 0
2025-12-13 00:29:19,058 - PaperAgentLogger - DEBUG - New map
2025-12-13 00:29:20,045 - PaperAgentLogger - INFO - ################## PaperArchitecture_map20x20_rho1_10Agent/K3_HS0/1765556206 - End of loop ##################  
 ####### Case2001 	 Computation time:0.9865350723266602 	 Step32/52	- AllReachGoal-True

2025-12-13 00:29:20,046 - PaperAgentLogger - INFO - current rateReachGoal: 0
2025-12-13 00:29:20,064 - PaperAgentLogger - DEBUG - New map
2025-12-13 00:29:21,081 - PaperAgentLogger - INFO - ################## PaperArchitecture_map20x20_rho1_10Agent/K3_HS0/1765556206 - End of loop ##################  
 ####### Case2002 	 Computation time:1.0164055824279785 	 Step32/56	- AllReachGoal-True

2025-12-13 00:29:21,082 - PaperAgentLogger - INFO - current rateReachGoal: 0
2025-12-13 00:29:21,100 - PaperAgentLogger - DEBUG - New map
2025-12-13 00:29:22,707 - PaperAgentLogger - INFO - ################## PaperArchitecture_map20x20_rho1_10Agent/K3_HS0/1765556206 - End of loop ##################  
 ####### Case2003 	 Computation time:1.6066091060638428 	 Step54/54	- AllReachGoal-False

2025-12-13 00:29:22,710 - PaperAgentLogger - INFO - current rateReachGoal: 0
2025-12-13 00:29:22,727 - PaperAgentLogger - DEBUG - New map
2025-12-13 00:29:23,886 - PaperAgentLogger - INFO - ################## PaperArchitecture_map20x20_rho1_10Agent/K3_HS0/1765556206 - End of loop ##################  
 ####### Case2004 	 Computation time:1.158264398574829 	 Step36/54	- AllReachGoal-True

2025-12-13 00:29:23,887 - PaperAgentLogger - INFO - current rateReachGoal: 0
2025-12-13 00:29:23,905 - PaperAgentLogger - DEBUG - New map
2025-12-13 00:29:24,828 - PaperAgentLogger - INFO - ################## PaperArchitecture_map20x20_rho1_10Agent/K3_HS0/1765556206 - End of loop ##################  
 ####### Case2005 	 Computation time:0.9220929145812988 	 Step30/52	- AllReachGoal-True

2025-12-13 00:29:24,829 - PaperAgentLogger - INFO - current rateReachGoal: 0
2025-12-13 00:29:24,847 - PaperAgentLogger - DEBUG - New map
2025-12-13 00:29:25,909 - PaperAgentLogger - INFO - ################## PaperArchitecture_map20x20_rho1_10Agent/K3_HS0/1765556206 - End of loop ##################  
 ####### Case2006 	 Computation time:1.0617620944976807 	 Step32/56	- AllReachGoal-True

2025-12-13 00:29:25,910 - PaperAgentLogger - INFO - current rateReachGoal: 0
2025-12-13 00:29:25,928 - PaperAgentLogger - DEBUG - New map
2025-12-13 00:29:26,756 - PaperAgentLogger - INFO - ################## PaperArchitecture_map20x20_rho1_10Agent/K3_HS0/1765556206 - End of loop ##################  
 ####### Case2007 	 Computation time:0.8267514705657959 	 Step25/50	- AllReachGoal-True

2025-12-13 00:29:26,756 - PaperAgentLogger - INFO - current rateReachGoal: 0
2025-12-13 00:29:26,774 - PaperAgentLogger - DEBUG - New map
2025-12-13 00:29:28,377 - PaperAgentLogger - INFO - ################## PaperArchitecture_map20x20_rho1_10Agent/K3_HS0/1765556206 - End of loop ##################  
 ####### Case2008 	 Computation time:1.6017985343933105 	 Step54/54	- AllReachGoal-False

2025-12-13 00:29:28,377 - PaperAgentLogger - INFO - current rateReachGoal: 0
2025-12-13 00:29:28,395 - PaperAgentLogger - DEBUG - New map
2025-12-13 00:29:29,978 - PaperAgentLogger - INFO - ################## PaperArchitecture_map20x20_rho1_10Agent/K3_HS0/1765556206 - End of loop ##################  
 ####### Case2009 	 Computation time:1.5825221538543701 	 Step52/52	- AllReachGoal-False

2025-12-13 00:29:29,979 - PaperAgentLogger - INFO - current rateReachGoal: 0
2025-12-13 00:29:29,997 - PaperAgentLogger - DEBUG - New map
2025-12-13 00:29:30,812 - PaperAgentLogger - INFO - ################## PaperArchitecture_map20x20_rho1_10Agent/K3_HS0/1765556206 - End of loop ##################  
 ####### Case2010 	 Computation time:0.8141860961914062 	 Step27/46	- AllReachGoal-True

2025-12-13 00:29:30,812 - PaperAgentLogger - INFO - current rateReachGoal: 0
2025-12-13 00:29:30,830 - PaperAgentLogger - DEBUG - New map
2025-12-13 00:29:31,598 - PaperAgentLogger - INFO - ################## PaperArchitecture_map20x20_rho1_10Agent/K3_HS0/1765556206 - End of loop ##################  
 ####### Case2011 	 Computation time:0.767697811126709 	 Step24/46	- AllReachGoal-True

2025-12-13 00:29:31,599 - PaperAgentLogger - INFO - current rateReachGoal: 0
2025-12-13 00:29:31,617 - PaperAgentLogger - DEBUG - New map
2025-12-13 00:29:33,153 - PaperAgentLogger - INFO - ################## PaperArchitecture_map20x20_rho1_10Agent/K3_HS0/1765556206 - End of loop ##################  
 ####### Case2012 	 Computation time:1.5351121425628662 	 Step51/54	- AllReachGoal-True

2025-12-13 00:29:33,153 - PaperAgentLogger - INFO - current rateReachGoal: 0
2025-12-13 00:29:33,172 - PaperAgentLogger - DEBUG - New map
2025-12-13 00:29:34,863 - PaperAgentLogger - INFO - ################## PaperArchitecture_map20x20_rho1_10Agent/K3_HS0/1765556206 - End of loop ##################  
 ####### Case2013 	 Computation time:1.6905543804168701 	 Step54/54	- AllReachGoal-False

2025-12-13 00:29:34,864 - PaperAgentLogger - INFO - current rateReachGoal: 0
2025-12-13 00:29:34,884 - PaperAgentLogger - DEBUG - New map
2025-12-13 00:29:36,793 - PaperAgentLogger - INFO - ################## PaperArchitecture_map20x20_rho1_10Agent/K3_HS0/1765556206 - End of loop ##################  
 ####### Case2014 	 Computation time:1.9079012870788574 	 Step60/60	- AllReachGoal-False

2025-12-13 00:29:36,794 - PaperAgentLogger - INFO - current rateReachGoal: 0
2025-12-13 00:29:36,813 - PaperAgentLogger - DEBUG - New map
2025-12-13 00:29:37,659 - PaperAgentLogger - INFO - ################## PaperArchitecture_map20x20_rho1_10Agent/K3_HS0/1765556206 - End of loop ##################  
 ####### Case2015 	 Computation time:0.8457250595092773 	 Step25/46	- AllReachGoal-True

2025-12-13 00:29:37,660 - PaperAgentLogger - INFO - current rateReachGoal: 0
2025-12-13 00:29:37,681 - PaperAgentLogger - DEBUG - New map
2025-12-13 00:29:39,366 - PaperAgentLogger - INFO - ################## PaperArchitecture_map20x20_rho1_10Agent/K3_HS0/1765556206 - End of loop ##################  
 ####### Case2016 	 Computation time:1.6844274997711182 	 Step54/54	- AllReachGoal-False

2025-12-13 00:29:39,366 - PaperAgentLogger - INFO - current rateReachGoal: 0
2025-12-13 00:29:39,387 - PaperAgentLogger - DEBUG - New map
2025-12-13 00:29:41,639 - PaperAgentLogger - INFO - ################## PaperArchitecture_map20x20_rho1_10Agent/K3_HS0/1765556206 - End of loop ##################  
 ####### Case2017 	 Computation time:2.2515015602111816 	 Step68/68	- AllReachGoal-False

2025-12-13 00:29:41,640 - PaperAgentLogger - INFO - current rateReachGoal: 0
2025-12-13 00:29:41,659 - PaperAgentLogger - DEBUG - New map
2025-12-13 00:29:42,961 - PaperAgentLogger - INFO - ################## PaperArchitecture_map20x20_rho1_10Agent/K3_HS0/1765556206 - End of loop ##################  
 ####### Case2018 	 Computation time:1.3012115955352783 	 Step40/58	- AllReachGoal-True

2025-12-13 00:29:42,962 - PaperAgentLogger - INFO - current rateReachGoal: 0
2025-12-13 00:29:42,981 - PaperAgentLogger - DEBUG - New map
2025-12-13 00:29:44,410 - PaperAgentLogger - INFO - ################## PaperArchitecture_map20x20_rho1_10Agent/K3_HS0/1765556206 - End of loop ##################  
 ####### Case2019 	 Computation time:1.4291152954101562 	 Step43/62	- AllReachGoal-True

2025-12-13 00:29:44,411 - PaperAgentLogger - INFO - current rateReachGoal: 0
2025-12-13 00:29:44,429 - PaperAgentLogger - DEBUG - New map
2025-12-13 00:29:45,806 - PaperAgentLogger - INFO - ################## PaperArchitecture_map20x20_rho1_10Agent/K3_HS0/1765556206 - End of loop ##################  
 ####### Case2020 	 Computation time:1.3757367134094238 	 Step43/52	- AllReachGoal-True

2025-12-13 00:29:45,806 - PaperAgentLogger - INFO - current rateReachGoal: 0
2025-12-13 00:29:45,825 - PaperAgentLogger - DEBUG - New map
2025-12-13 00:29:46,890 - PaperAgentLogger - INFO - ################## PaperArchitecture_map20x20_rho1_10Agent/K3_HS0/1765556206 - End of loop ##################  
 ####### Case2021 	 Computation time:1.0641884803771973 	 Step32/56	- AllReachGoal-True

2025-12-13 00:29:46,892 - PaperAgentLogger - INFO - current rateReachGoal: 0
2025-12-13 00:29:46,910 - PaperAgentLogger - DEBUG - New map
2025-12-13 00:29:48,558 - PaperAgentLogger - INFO - ################## PaperArchitecture_map20x20_rho1_10Agent/K3_HS0/1765556206 - End of loop ##################  
 ####### Case2022 	 Computation time:1.6477537155151367 	 Step52/52	- AllReachGoal-False

2025-12-13 00:29:48,559 - PaperAgentLogger - INFO - current rateReachGoal: 0
2025-12-13 00:29:48,578 - PaperAgentLogger - DEBUG - New map
2025-12-13 00:29:50,515 - PaperAgentLogger - INFO - ################## PaperArchitecture_map20x20_rho1_10Agent/K3_HS0/1765556206 - End of loop ##################  
 ####### Case2023 	 Computation time:1.9360995292663574 	 Step60/60	- AllReachGoal-False

2025-12-13 00:29:50,515 - PaperAgentLogger - INFO - current rateReachGoal: 0
2025-12-13 00:29:50,535 - PaperAgentLogger - DEBUG - New map
2025-12-13 00:29:52,302 - PaperAgentLogger - INFO - ################## PaperArchitecture_map20x20_rho1_10Agent/K3_HS0/1765556206 - End of loop ##################  
 ####### Case2024 	 Computation time:1.7663872241973877 	 Step56/56	- AllReachGoal-False

2025-12-13 00:29:52,304 - PaperAgentLogger - INFO - current rateReachGoal: 0
2025-12-13 00:29:52,321 - PaperAgentLogger - DEBUG - New map
2025-12-13 00:29:53,906 - PaperAgentLogger - INFO - ################## PaperArchitecture_map20x20_rho1_10Agent/K3_HS0/1765556206 - End of loop ##################  
 ####### Case2025 	 Computation time:1.5845909118652344 	 Step52/52	- AllReachGoal-False

2025-12-13 00:29:53,907 - PaperAgentLogger - INFO - current rateReachGoal: 0
2025-12-13 00:29:53,929 - PaperAgentLogger - DEBUG - New map
2025-12-13 00:29:56,059 - PaperAgentLogger - INFO - ################## PaperArchitecture_map20x20_rho1_10Agent/K3_HS0/1765556206 - End of loop ##################  
 ####### Case2026 	 Computation time:2.1294026374816895 	 Step68/68	- AllReachGoal-False

2025-12-13 00:29:56,059 - PaperAgentLogger - INFO - current rateReachGoal: 0
2025-12-13 00:29:56,078 - PaperAgentLogger - DEBUG - New map
2025-12-13 00:29:57,676 - PaperAgentLogger - INFO - ################## PaperArchitecture_map20x20_rho1_10Agent/K3_HS0/1765556206 - End of loop ##################  
 ####### Case2027 	 Computation time:1.5980141162872314 	 Step54/54	- AllReachGoal-False

2025-12-13 00:29:57,679 - PaperAgentLogger - INFO - current rateReachGoal: 0
2025-12-13 00:29:57,696 - PaperAgentLogger - DEBUG - New map
2025-12-13 00:29:58,456 - PaperAgentLogger - INFO - ################## PaperArchitecture_map20x20_rho1_10Agent/K3_HS0/1765556206 - End of loop ##################  
 ####### Case2028 	 Computation time:0.7587127685546875 	 Step25/48	- AllReachGoal-True

2025-12-13 00:29:58,456 - PaperAgentLogger - INFO - current rateReachGoal: 0
2025-12-13 00:29:58,476 - PaperAgentLogger - DEBUG - New map
2025-12-13 00:30:00,285 - PaperAgentLogger - INFO - ################## PaperArchitecture_map20x20_rho1_10Agent/K3_HS0/1765556206 - End of loop ##################  
 ####### Case2029 	 Computation time:1.808556318283081 	 Step56/56	- AllReachGoal-False

2025-12-13 00:30:00,285 - PaperAgentLogger - INFO - current rateReachGoal: 0
2025-12-13 00:30:00,303 - PaperAgentLogger - DEBUG - New map
2025-12-13 00:30:01,199 - PaperAgentLogger - INFO - ################## PaperArchitecture_map20x20_rho1_10Agent/K3_HS0/1765556206 - End of loop ##################  
 ####### Case2030 	 Computation time:0.8953084945678711 	 Step30/60	- AllReachGoal-True

2025-12-13 00:30:01,200 - PaperAgentLogger - INFO - current rateReachGoal: 0
2025-12-13 00:30:01,219 - PaperAgentLogger - DEBUG - New map
2025-12-13 00:30:02,115 - PaperAgentLogger - INFO - ################## PaperArchitecture_map20x20_rho1_10Agent/K3_HS0/1765556206 - End of loop ##################  
 ####### Case2031 	 Computation time:0.8959906101226807 	 Step30/56	- AllReachGoal-True

2025-12-13 00:30:02,116 - PaperAgentLogger - INFO - current rateReachGoal: 0
2025-12-13 00:30:02,135 - PaperAgentLogger - DEBUG - New map
2025-12-13 00:30:03,798 - PaperAgentLogger - INFO - ################## PaperArchitecture_map20x20_rho1_10Agent/K3_HS0/1765556206 - End of loop ##################  
 ####### Case2032 	 Computation time:1.6626644134521484 	 Step56/56	- AllReachGoal-False

2025-12-13 00:30:03,799 - PaperAgentLogger - INFO - current rateReachGoal: 0
2025-12-13 00:30:03,816 - PaperAgentLogger - DEBUG - New map
2025-12-13 00:30:04,713 - PaperAgentLogger - INFO - ################## PaperArchitecture_map20x20_rho1_10Agent/K3_HS0/1765556206 - End of loop ##################  
 ####### Case2033 	 Computation time:0.8966927528381348 	 Step30/50	- AllReachGoal-True

2025-12-13 00:30:04,714 - PaperAgentLogger - INFO - current rateReachGoal: 0
2025-12-13 00:30:04,732 - PaperAgentLogger - DEBUG - New map
2025-12-13 00:30:05,710 - PaperAgentLogger - INFO - ################## PaperArchitecture_map20x20_rho1_10Agent/K3_HS0/1765556206 - End of loop ##################  
 ####### Case2034 	 Computation time:0.977285623550415 	 Step31/54	- AllReachGoal-True

2025-12-13 00:30:05,711 - PaperAgentLogger - INFO - current rateReachGoal: 0
2025-12-13 00:30:05,732 - PaperAgentLogger - DEBUG - New map
2025-12-13 00:30:07,937 - PaperAgentLogger - INFO - ################## PaperArchitecture_map20x20_rho1_10Agent/K3_HS0/1765556206 - End of loop ##################  
 ####### Case2035 	 Computation time:2.203512668609619 	 Step74/74	- AllReachGoal-False

2025-12-13 00:30:07,937 - PaperAgentLogger - INFO - current rateReachGoal: 0
2025-12-13 00:30:07,957 - PaperAgentLogger - DEBUG - New map
2025-12-13 00:30:09,668 - PaperAgentLogger - INFO - ################## PaperArchitecture_map20x20_rho1_10Agent/K3_HS0/1765556206 - End of loop ##################  
 ####### Case2036 	 Computation time:1.7110555171966553 	 Step56/62	- AllReachGoal-True

2025-12-13 00:30:09,669 - PaperAgentLogger - INFO - current rateReachGoal: 0
2025-12-13 00:30:09,687 - PaperAgentLogger - DEBUG - New map
2025-12-13 00:30:11,012 - PaperAgentLogger - INFO - ################## PaperArchitecture_map20x20_rho1_10Agent/K3_HS0/1765556206 - End of loop ##################  
 ####### Case2037 	 Computation time:1.3247652053833008 	 Step44/44	- AllReachGoal-False

2025-12-13 00:30:11,013 - PaperAgentLogger - INFO - current rateReachGoal: 0
2025-12-13 00:30:11,032 - PaperAgentLogger - DEBUG - New map
2025-12-13 00:30:12,698 - PaperAgentLogger - INFO - ################## PaperArchitecture_map20x20_rho1_10Agent/K3_HS0/1765556206 - End of loop ##################  
 ####### Case2038 	 Computation time:1.6655924320220947 	 Step56/56	- AllReachGoal-False

2025-12-13 00:30:12,699 - PaperAgentLogger - INFO - current rateReachGoal: 0
2025-12-13 00:30:12,716 - PaperAgentLogger - DEBUG - New map
2025-12-13 00:30:13,502 - PaperAgentLogger - INFO - ################## PaperArchitecture_map20x20_rho1_10Agent/K3_HS0/1765556206 - End of loop ##################  
 ####### Case2039 	 Computation time:0.7853665351867676 	 Step26/50	- AllReachGoal-True

2025-12-13 00:30:13,503 - PaperAgentLogger - INFO - current rateReachGoal: 0
2025-12-13 00:30:13,520 - PaperAgentLogger - DEBUG - New map
2025-12-13 00:30:14,248 - PaperAgentLogger - INFO - ################## PaperArchitecture_map20x20_rho1_10Agent/K3_HS0/1765556206 - End of loop ##################  
 ####### Case2040 	 Computation time:0.728386640548706 	 Step24/44	- AllReachGoal-True

2025-12-13 00:30:14,249 - PaperAgentLogger - INFO - current rateReachGoal: 0
2025-12-13 00:30:14,270 - PaperAgentLogger - DEBUG - New map
2025-12-13 00:30:15,342 - PaperAgentLogger - INFO - ################## PaperArchitecture_map20x20_rho1_10Agent/K3_HS0/1765556206 - End of loop ##################  
 ####### Case2041 	 Computation time:1.0714914798736572 	 Step36/68	- AllReachGoal-True

2025-12-13 00:30:15,345 - PaperAgentLogger - INFO - current rateReachGoal: 0
2025-12-13 00:30:15,362 - PaperAgentLogger - DEBUG - New map
2025-12-13 00:30:17,034 - PaperAgentLogger - INFO - ################## PaperArchitecture_map20x20_rho1_10Agent/K3_HS0/1765556206 - End of loop ##################  
 ####### Case2042 	 Computation time:1.6710360050201416 	 Step56/56	- AllReachGoal-False

2025-12-13 00:30:17,035 - PaperAgentLogger - INFO - current rateReachGoal: 0
2025-12-13 00:30:17,054 - PaperAgentLogger - DEBUG - New map
2025-12-13 00:30:17,986 - PaperAgentLogger - INFO - ################## PaperArchitecture_map20x20_rho1_10Agent/K3_HS0/1765556206 - End of loop ##################  
 ####### Case2043 	 Computation time:0.9312598705291748 	 Step31/62	- AllReachGoal-True

2025-12-13 00:30:17,987 - PaperAgentLogger - INFO - current rateReachGoal: 0
2025-12-13 00:30:18,008 - PaperAgentLogger - DEBUG - New map
2025-12-13 00:30:19,349 - PaperAgentLogger - INFO - ################## PaperArchitecture_map20x20_rho1_10Agent/K3_HS0/1765556206 - End of loop ##################  
 ####### Case2044 	 Computation time:1.340425968170166 	 Step45/68	- AllReachGoal-True

2025-12-13 00:30:19,349 - PaperAgentLogger - INFO - current rateReachGoal: 0
2025-12-13 00:30:19,368 - PaperAgentLogger - DEBUG - New map
2025-12-13 00:30:21,154 - PaperAgentLogger - INFO - ################## PaperArchitecture_map20x20_rho1_10Agent/K3_HS0/1765556206 - End of loop ##################  
 ####### Case2045 	 Computation time:1.785369634628296 	 Step60/60	- AllReachGoal-False

2025-12-13 00:30:21,157 - PaperAgentLogger - INFO - current rateReachGoal: 0
2025-12-13 00:30:21,175 - PaperAgentLogger - DEBUG - New map
2025-12-13 00:30:23,051 - PaperAgentLogger - INFO - ################## PaperArchitecture_map20x20_rho1_10Agent/K3_HS0/1765556206 - End of loop ##################  
 ####### Case2046 	 Computation time:1.8756816387176514 	 Step58/58	- AllReachGoal-False

2025-12-13 00:30:23,052 - PaperAgentLogger - INFO - current rateReachGoal: 0
2025-12-13 00:30:23,071 - PaperAgentLogger - DEBUG - New map
2025-12-13 00:30:25,112 - PaperAgentLogger - INFO - ################## PaperArchitecture_map20x20_rho1_10Agent/K3_HS0/1765556206 - End of loop ##################  
 ####### Case2047 	 Computation time:2.039503574371338 	 Step66/66	- AllReachGoal-False

2025-12-13 00:30:25,112 - PaperAgentLogger - INFO - current rateReachGoal: 0
2025-12-13 00:30:25,131 - PaperAgentLogger - DEBUG - New map
2025-12-13 00:30:26,146 - PaperAgentLogger - INFO - ################## PaperArchitecture_map20x20_rho1_10Agent/K3_HS0/1765556206 - End of loop ##################  
 ####### Case2048 	 Computation time:1.0146894454956055 	 Step32/52	- AllReachGoal-True

2025-12-13 00:30:26,147 - PaperAgentLogger - INFO - current rateReachGoal: 0
2025-12-13 00:30:26,163 - PaperAgentLogger - DEBUG - New map
2025-12-13 00:30:27,586 - PaperAgentLogger - INFO - ################## PaperArchitecture_map20x20_rho1_10Agent/K3_HS0/1765556206 - End of loop ##################  
 ####### Case2049 	 Computation time:1.4220480918884277 	 Step46/46	- AllReachGoal-False

2025-12-13 00:30:27,587 - PaperAgentLogger - INFO - current rateReachGoal: 0
2025-12-13 00:30:27,605 - PaperAgentLogger - DEBUG - New map
2025-12-13 00:30:28,528 - PaperAgentLogger - INFO - ################## PaperArchitecture_map20x20_rho1_10Agent/K3_HS0/1765556206 - End of loop ##################  
 ####### Case2050 	 Computation time:0.9227249622344971 	 Step28/54	- AllReachGoal-True

2025-12-13 00:30:28,529 - PaperAgentLogger - INFO - current rateReachGoal: 0
2025-12-13 00:30:28,545 - PaperAgentLogger - DEBUG - New map
2025-12-13 00:30:29,918 - PaperAgentLogger - INFO - ################## PaperArchitecture_map20x20_rho1_10Agent/K3_HS0/1765556206 - End of loop ##################  
 ####### Case2051 	 Computation time:1.3724515438079834 	 Step46/46	- AllReachGoal-False

2025-12-13 00:30:29,919 - PaperAgentLogger - INFO - current rateReachGoal: 0
2025-12-13 00:30:29,937 - PaperAgentLogger - DEBUG - New map
2025-12-13 00:30:30,797 - PaperAgentLogger - INFO - ################## PaperArchitecture_map20x20_rho1_10Agent/K3_HS0/1765556206 - End of loop ##################  
 ####### Case2052 	 Computation time:0.8600585460662842 	 Step29/54	- AllReachGoal-True

2025-12-13 00:30:30,798 - PaperAgentLogger - INFO - current rateReachGoal: 0
2025-12-13 00:30:30,816 - PaperAgentLogger - DEBUG - New map
2025-12-13 00:30:31,620 - PaperAgentLogger - INFO - ################## PaperArchitecture_map20x20_rho1_10Agent/K3_HS0/1765556206 - End of loop ##################  
 ####### Case2053 	 Computation time:0.8039233684539795 	 Step27/48	- AllReachGoal-True

2025-12-13 00:30:31,621 - PaperAgentLogger - INFO - current rateReachGoal: 0
2025-12-13 00:30:31,640 - PaperAgentLogger - DEBUG - New map
2025-12-13 00:30:32,481 - PaperAgentLogger - INFO - ################## PaperArchitecture_map20x20_rho1_10Agent/K3_HS0/1765556206 - End of loop ##################  
 ####### Case2054 	 Computation time:0.8404185771942139 	 Step28/52	- AllReachGoal-True

2025-12-13 00:30:32,481 - PaperAgentLogger - INFO - current rateReachGoal: 0
2025-12-13 00:30:32,496 - PaperAgentLogger - DEBUG - New map
2025-12-13 00:30:33,036 - PaperAgentLogger - INFO - ################## PaperArchitecture_map20x20_rho1_10Agent/K3_HS0/1765556206 - End of loop ##################  
 ####### Case2055 	 Computation time:0.5392019748687744 	 Step18/36	- AllReachGoal-True

2025-12-13 00:30:33,037 - PaperAgentLogger - INFO - current rateReachGoal: 0
2025-12-13 00:30:33,057 - PaperAgentLogger - DEBUG - New map
2025-12-13 00:30:34,162 - PaperAgentLogger - INFO - ################## PaperArchitecture_map20x20_rho1_10Agent/K3_HS0/1765556206 - End of loop ##################  
 ####### Case2056 	 Computation time:1.1038496494293213 	 Step37/64	- AllReachGoal-True

2025-12-13 00:30:34,162 - PaperAgentLogger - INFO - current rateReachGoal: 0
2025-12-13 00:30:34,182 - PaperAgentLogger - DEBUG - New map
2025-12-13 00:30:35,165 - PaperAgentLogger - INFO - ################## PaperArchitecture_map20x20_rho1_10Agent/K3_HS0/1765556206 - End of loop ##################  
 ####### Case2057 	 Computation time:0.9831509590148926 	 Step33/64	- AllReachGoal-True

2025-12-13 00:30:35,166 - PaperAgentLogger - INFO - current rateReachGoal: 0
2025-12-13 00:30:35,186 - PaperAgentLogger - DEBUG - New map
2025-12-13 00:30:36,165 - PaperAgentLogger - INFO - ################## PaperArchitecture_map20x20_rho1_10Agent/K3_HS0/1765556206 - End of loop ##################  
 ####### Case2058 	 Computation time:0.9784340858459473 	 Step33/62	- AllReachGoal-True

2025-12-13 00:30:36,166 - PaperAgentLogger - INFO - current rateReachGoal: 0
2025-12-13 00:30:36,185 - PaperAgentLogger - DEBUG - New map
2025-12-13 00:30:37,951 - PaperAgentLogger - INFO - ################## PaperArchitecture_map20x20_rho1_10Agent/K3_HS0/1765556206 - End of loop ##################  
 ####### Case2059 	 Computation time:1.7654950618743896 	 Step60/60	- AllReachGoal-False

2025-12-13 00:30:37,951 - PaperAgentLogger - INFO - current rateReachGoal: 0
2025-12-13 00:30:37,969 - PaperAgentLogger - DEBUG - New map
2025-12-13 00:30:39,556 - PaperAgentLogger - INFO - ################## PaperArchitecture_map20x20_rho1_10Agent/K3_HS0/1765556206 - End of loop ##################  
 ####### Case2060 	 Computation time:1.5863118171691895 	 Step54/54	- AllReachGoal-False

2025-12-13 00:30:39,556 - PaperAgentLogger - INFO - current rateReachGoal: 0
2025-12-13 00:30:39,578 - PaperAgentLogger - DEBUG - New map
2025-12-13 00:30:40,616 - PaperAgentLogger - INFO - ################## PaperArchitecture_map20x20_rho1_10Agent/K3_HS0/1765556206 - End of loop ##################  
 ####### Case2061 	 Computation time:1.0370924472808838 	 Step35/70	- AllReachGoal-True

2025-12-13 00:30:40,617 - PaperAgentLogger - INFO - current rateReachGoal: 0
2025-12-13 00:30:40,634 - PaperAgentLogger - DEBUG - New map
2025-12-13 00:30:41,995 - PaperAgentLogger - INFO - ################## PaperArchitecture_map20x20_rho1_10Agent/K3_HS0/1765556206 - End of loop ##################  
 ####### Case2062 	 Computation time:1.360715389251709 	 Step46/46	- AllReachGoal-False

2025-12-13 00:30:41,996 - PaperAgentLogger - INFO - current rateReachGoal: 0
2025-12-13 00:30:42,012 - PaperAgentLogger - DEBUG - New map
2025-12-13 00:30:42,725 - PaperAgentLogger - INFO - ################## PaperArchitecture_map20x20_rho1_10Agent/K3_HS0/1765556206 - End of loop ##################  
 ####### Case2063 	 Computation time:0.7129931449890137 	 Step24/44	- AllReachGoal-True

2025-12-13 00:30:42,726 - PaperAgentLogger - INFO - current rateReachGoal: 0
2025-12-13 00:30:42,744 - PaperAgentLogger - DEBUG - New map
2025-12-13 00:30:43,605 - PaperAgentLogger - INFO - ################## PaperArchitecture_map20x20_rho1_10Agent/K3_HS0/1765556206 - End of loop ##################  
 ####### Case2064 	 Computation time:0.8598313331604004 	 Step29/56	- AllReachGoal-True

2025-12-13 00:30:43,605 - PaperAgentLogger - INFO - current rateReachGoal: 0
2025-12-13 00:30:43,624 - PaperAgentLogger - DEBUG - New map
2025-12-13 00:30:44,760 - PaperAgentLogger - INFO - ################## PaperArchitecture_map20x20_rho1_10Agent/K3_HS0/1765556206 - End of loop ##################  
 ####### Case2065 	 Computation time:1.1354894638061523 	 Step38/58	- AllReachGoal-True

2025-12-13 00:30:44,761 - PaperAgentLogger - INFO - current rateReachGoal: 0
2025-12-13 00:30:44,780 - PaperAgentLogger - DEBUG - New map
2025-12-13 00:30:46,373 - PaperAgentLogger - INFO - ################## PaperArchitecture_map20x20_rho1_10Agent/K3_HS0/1765556206 - End of loop ##################  
 ####### Case2066 	 Computation time:1.592479944229126 	 Step54/54	- AllReachGoal-False

2025-12-13 00:30:46,373 - PaperAgentLogger - INFO - current rateReachGoal: 0
2025-12-13 00:30:46,393 - PaperAgentLogger - DEBUG - New map
2025-12-13 00:30:48,223 - PaperAgentLogger - INFO - ################## PaperArchitecture_map20x20_rho1_10Agent/K3_HS0/1765556206 - End of loop ##################  
 ####### Case2067 	 Computation time:1.8299200534820557 	 Step62/62	- AllReachGoal-False

2025-12-13 00:30:48,224 - PaperAgentLogger - INFO - current rateReachGoal: 0
2025-12-13 00:30:48,239 - PaperAgentLogger - DEBUG - New map
2025-12-13 00:30:49,424 - PaperAgentLogger - INFO - ################## PaperArchitecture_map20x20_rho1_10Agent/K3_HS0/1765556206 - End of loop ##################  
 ####### Case2068 	 Computation time:1.184417724609375 	 Step40/40	- AllReachGoal-False

2025-12-13 00:30:49,427 - PaperAgentLogger - INFO - current rateReachGoal: 0
2025-12-13 00:30:49,444 - PaperAgentLogger - DEBUG - New map
2025-12-13 00:30:50,250 - PaperAgentLogger - INFO - ################## PaperArchitecture_map20x20_rho1_10Agent/K3_HS0/1765556206 - End of loop ##################  
 ####### Case2069 	 Computation time:0.805833101272583 	 Step27/50	- AllReachGoal-True

2025-12-13 00:30:50,251 - PaperAgentLogger - INFO - current rateReachGoal: 0
2025-12-13 00:30:50,267 - PaperAgentLogger - DEBUG - New map
2025-12-13 00:30:51,044 - PaperAgentLogger - INFO - ################## PaperArchitecture_map20x20_rho1_10Agent/K3_HS0/1765556206 - End of loop ##################  
 ####### Case2070 	 Computation time:0.7757253646850586 	 Step26/44	- AllReachGoal-True

2025-12-13 00:30:51,044 - PaperAgentLogger - INFO - current rateReachGoal: 0
2025-12-13 00:30:51,060 - PaperAgentLogger - DEBUG - New map
2025-12-13 00:30:52,189 - PaperAgentLogger - INFO - ################## PaperArchitecture_map20x20_rho1_10Agent/K3_HS0/1765556206 - End of loop ##################  
 ####### Case2071 	 Computation time:1.127925157546997 	 Step38/38	- AllReachGoal-False

2025-12-13 00:30:52,190 - PaperAgentLogger - INFO - current rateReachGoal: 0
2025-12-13 00:30:52,208 - PaperAgentLogger - DEBUG - New map
2025-12-13 00:30:53,183 - PaperAgentLogger - INFO - ################## PaperArchitecture_map20x20_rho1_10Agent/K3_HS0/1765556206 - End of loop ##################  
 ####### Case2072 	 Computation time:0.9743032455444336 	 Step30/56	- AllReachGoal-True

2025-12-13 00:30:53,183 - PaperAgentLogger - INFO - current rateReachGoal: 0
2025-12-13 00:30:53,202 - PaperAgentLogger - DEBUG - New map
2025-12-13 00:30:54,210 - PaperAgentLogger - INFO - ################## PaperArchitecture_map20x20_rho1_10Agent/K3_HS0/1765556206 - End of loop ##################  
 ####### Case2073 	 Computation time:1.007443904876709 	 Step34/64	- AllReachGoal-True

2025-12-13 00:30:54,211 - PaperAgentLogger - INFO - current rateReachGoal: 0
2025-12-13 00:30:54,229 - PaperAgentLogger - DEBUG - New map
2025-12-13 00:30:55,186 - PaperAgentLogger - INFO - ################## PaperArchitecture_map20x20_rho1_10Agent/K3_HS0/1765556206 - End of loop ##################  
 ####### Case2074 	 Computation time:0.9561605453491211 	 Step29/56	- AllReachGoal-True

2025-12-13 00:30:55,187 - PaperAgentLogger - INFO - current rateReachGoal: 0
2025-12-13 00:30:55,207 - PaperAgentLogger - DEBUG - New map
2025-12-13 00:30:57,157 - PaperAgentLogger - INFO - ################## PaperArchitecture_map20x20_rho1_10Agent/K3_HS0/1765556206 - End of loop ##################  
 ####### Case2075 	 Computation time:1.9499073028564453 	 Step62/62	- AllReachGoal-False

2025-12-13 00:30:57,158 - PaperAgentLogger - INFO - current rateReachGoal: 0
2025-12-13 00:30:57,178 - PaperAgentLogger - DEBUG - New map
2025-12-13 00:30:58,246 - PaperAgentLogger - INFO - ################## PaperArchitecture_map20x20_rho1_10Agent/K3_HS0/1765556206 - End of loop ##################  
 ####### Case2076 	 Computation time:1.0671935081481934 	 Step36/70	- AllReachGoal-True

2025-12-13 00:30:58,246 - PaperAgentLogger - INFO - current rateReachGoal: 0
2025-12-13 00:30:58,264 - PaperAgentLogger - DEBUG - New map
2025-12-13 00:30:59,873 - PaperAgentLogger - INFO - ################## PaperArchitecture_map20x20_rho1_10Agent/K3_HS0/1765556206 - End of loop ##################  
 ####### Case2077 	 Computation time:1.6084163188934326 	 Step52/52	- AllReachGoal-False

2025-12-13 00:30:59,873 - PaperAgentLogger - INFO - current rateReachGoal: 0
2025-12-13 00:30:59,890 - PaperAgentLogger - DEBUG - New map
2025-12-13 00:31:01,423 - PaperAgentLogger - INFO - ################## PaperArchitecture_map20x20_rho1_10Agent/K3_HS0/1765556206 - End of loop ##################  
 ####### Case2078 	 Computation time:1.5323827266693115 	 Step48/48	- AllReachGoal-False

2025-12-13 00:31:01,424 - PaperAgentLogger - INFO - current rateReachGoal: 0
2025-12-13 00:31:01,442 - PaperAgentLogger - DEBUG - New map
2025-12-13 00:31:03,219 - PaperAgentLogger - INFO - ################## PaperArchitecture_map20x20_rho1_10Agent/K3_HS0/1765556206 - End of loop ##################  
 ####### Case2079 	 Computation time:1.7762060165405273 	 Step56/56	- AllReachGoal-False

2025-12-13 00:31:03,220 - PaperAgentLogger - INFO - current rateReachGoal: 0
2025-12-13 00:31:03,238 - PaperAgentLogger - DEBUG - New map
2025-12-13 00:31:04,108 - PaperAgentLogger - INFO - ################## PaperArchitecture_map20x20_rho1_10Agent/K3_HS0/1765556206 - End of loop ##################  
 ####### Case2080 	 Computation time:0.8698616027832031 	 Step28/48	- AllReachGoal-True

2025-12-13 00:31:04,109 - PaperAgentLogger - INFO - current rateReachGoal: 0
2025-12-13 00:31:04,126 - PaperAgentLogger - DEBUG - New map
2025-12-13 00:31:05,342 - PaperAgentLogger - INFO - ################## PaperArchitecture_map20x20_rho1_10Agent/K3_HS0/1765556206 - End of loop ##################  
 ####### Case2081 	 Computation time:1.2150251865386963 	 Step40/44	- AllReachGoal-True

2025-12-13 00:31:05,342 - PaperAgentLogger - INFO - current rateReachGoal: 0
2025-12-13 00:31:05,361 - PaperAgentLogger - DEBUG - New map
2025-12-13 00:31:07,233 - PaperAgentLogger - INFO - ################## PaperArchitecture_map20x20_rho1_10Agent/K3_HS0/1765556206 - End of loop ##################  
 ####### Case2082 	 Computation time:1.8709893226623535 	 Step60/60	- AllReachGoal-False

2025-12-13 00:31:07,235 - PaperAgentLogger - INFO - current rateReachGoal: 0
2025-12-13 00:31:07,252 - PaperAgentLogger - DEBUG - New map
2025-12-13 00:31:08,027 - PaperAgentLogger - INFO - ################## PaperArchitecture_map20x20_rho1_10Agent/K3_HS0/1765556206 - End of loop ##################  
 ####### Case2083 	 Computation time:0.7745051383972168 	 Step26/52	- AllReachGoal-True

2025-12-13 00:31:08,028 - PaperAgentLogger - INFO - current rateReachGoal: 0
2025-12-13 00:31:08,048 - PaperAgentLogger - DEBUG - New map
2025-12-13 00:31:09,110 - PaperAgentLogger - INFO - ################## PaperArchitecture_map20x20_rho1_10Agent/K3_HS0/1765556206 - End of loop ##################  
 ####### Case2084 	 Computation time:1.0614361763000488 	 Step33/66	- AllReachGoal-True

2025-12-13 00:31:09,111 - PaperAgentLogger - INFO - current rateReachGoal: 0
2025-12-13 00:31:09,129 - PaperAgentLogger - DEBUG - New map
2025-12-13 00:31:10,252 - PaperAgentLogger - INFO - ################## PaperArchitecture_map20x20_rho1_10Agent/K3_HS0/1765556206 - End of loop ##################  
 ####### Case2085 	 Computation time:1.122624397277832 	 Step34/60	- AllReachGoal-True

2025-12-13 00:31:10,253 - PaperAgentLogger - INFO - current rateReachGoal: 0
2025-12-13 00:31:10,277 - PaperAgentLogger - DEBUG - New map
2025-12-13 00:31:12,281 - PaperAgentLogger - INFO - ################## PaperArchitecture_map20x20_rho1_10Agent/K3_HS0/1765556206 - End of loop ##################  
 ####### Case2086 	 Computation time:2.0032074451446533 	 Step62/62	- AllReachGoal-False

2025-12-13 00:31:12,284 - PaperAgentLogger - INFO - current rateReachGoal: 0
2025-12-13 00:31:12,302 - PaperAgentLogger - DEBUG - New map
2025-12-13 00:31:13,196 - PaperAgentLogger - INFO - ################## PaperArchitecture_map20x20_rho1_10Agent/K3_HS0/1765556206 - End of loop ##################  
 ####### Case2087 	 Computation time:0.8932147026062012 	 Step27/50	- AllReachGoal-True

2025-12-13 00:31:13,196 - PaperAgentLogger - INFO - current rateReachGoal: 0
2025-12-13 00:31:13,217 - PaperAgentLogger - DEBUG - New map
2025-12-13 00:31:14,600 - PaperAgentLogger - INFO - ################## PaperArchitecture_map20x20_rho1_10Agent/K3_HS0/1765556206 - End of loop ##################  
 ####### Case2088 	 Computation time:1.3815197944641113 	 Step43/74	- AllReachGoal-True

2025-12-13 00:31:14,600 - PaperAgentLogger - INFO - current rateReachGoal: 0
2025-12-13 00:31:14,618 - PaperAgentLogger - DEBUG - New map
2025-12-13 00:31:16,170 - PaperAgentLogger - INFO - ################## PaperArchitecture_map20x20_rho1_10Agent/K3_HS0/1765556206 - End of loop ##################  
 ####### Case2089 	 Computation time:1.551253318786621 	 Step52/52	- AllReachGoal-False

2025-12-13 00:31:16,171 - PaperAgentLogger - INFO - current rateReachGoal: 0
2025-12-13 00:31:16,190 - PaperAgentLogger - DEBUG - New map
2025-12-13 00:31:17,900 - PaperAgentLogger - INFO - ################## PaperArchitecture_map20x20_rho1_10Agent/K3_HS0/1765556206 - End of loop ##################  
 ####### Case2090 	 Computation time:1.7093217372894287 	 Step58/58	- AllReachGoal-False

2025-12-13 00:31:17,900 - PaperAgentLogger - INFO - current rateReachGoal: 0
2025-12-13 00:31:17,920 - PaperAgentLogger - DEBUG - New map
2025-12-13 00:31:18,869 - PaperAgentLogger - INFO - ################## PaperArchitecture_map20x20_rho1_10Agent/K3_HS0/1765556206 - End of loop ##################  
 ####### Case2091 	 Computation time:0.9486563205718994 	 Step29/58	- AllReachGoal-True

2025-12-13 00:31:18,870 - PaperAgentLogger - INFO - current rateReachGoal: 0
2025-12-13 00:31:18,887 - PaperAgentLogger - DEBUG - New map
2025-12-13 00:31:19,686 - PaperAgentLogger - INFO - ################## PaperArchitecture_map20x20_rho1_10Agent/K3_HS0/1765556206 - End of loop ##################  
 ####### Case2092 	 Computation time:0.7983770370483398 	 Step27/54	- AllReachGoal-True

2025-12-13 00:31:19,687 - PaperAgentLogger - INFO - current rateReachGoal: 0
2025-12-13 00:31:19,706 - PaperAgentLogger - DEBUG - New map
2025-12-13 00:31:21,520 - PaperAgentLogger - INFO - ################## PaperArchitecture_map20x20_rho1_10Agent/K3_HS0/1765556206 - End of loop ##################  
 ####### Case2093 	 Computation time:1.8136286735534668 	 Step60/60	- AllReachGoal-False

2025-12-13 00:31:21,521 - PaperAgentLogger - INFO - current rateReachGoal: 0
2025-12-13 00:31:21,540 - PaperAgentLogger - DEBUG - New map
2025-12-13 00:31:22,643 - PaperAgentLogger - INFO - ################## PaperArchitecture_map20x20_rho1_10Agent/K3_HS0/1765556206 - End of loop ##################  
 ####### Case2094 	 Computation time:1.1024327278137207 	 Step34/62	- AllReachGoal-True

2025-12-13 00:31:22,644 - PaperAgentLogger - INFO - current rateReachGoal: 0
2025-12-13 00:31:22,661 - PaperAgentLogger - DEBUG - New map
2025-12-13 00:31:24,010 - PaperAgentLogger - INFO - ################## PaperArchitecture_map20x20_rho1_10Agent/K3_HS0/1765556206 - End of loop ##################  
 ####### Case2095 	 Computation time:1.3481647968292236 	 Step46/46	- AllReachGoal-False

2025-12-13 00:31:24,010 - PaperAgentLogger - INFO - current rateReachGoal: 0
2025-12-13 00:31:24,027 - PaperAgentLogger - DEBUG - New map
2025-12-13 00:31:25,444 - PaperAgentLogger - INFO - ################## PaperArchitecture_map20x20_rho1_10Agent/K3_HS0/1765556206 - End of loop ##################  
 ####### Case2096 	 Computation time:1.4167366027832031 	 Step48/48	- AllReachGoal-False

2025-12-13 00:31:25,445 - PaperAgentLogger - INFO - current rateReachGoal: 0
2025-12-13 00:31:25,463 - PaperAgentLogger - DEBUG - New map
2025-12-13 00:31:27,058 - PaperAgentLogger - INFO - ################## PaperArchitecture_map20x20_rho1_10Agent/K3_HS0/1765556206 - End of loop ##################  
 ####### Case2097 	 Computation time:1.5947606563568115 	 Step54/54	- AllReachGoal-False

2025-12-13 00:31:27,059 - PaperAgentLogger - INFO - current rateReachGoal: 0
2025-12-13 00:31:27,076 - PaperAgentLogger - DEBUG - New map
2025-12-13 00:31:27,858 - PaperAgentLogger - INFO - ################## PaperArchitecture_map20x20_rho1_10Agent/K3_HS0/1765556206 - End of loop ##################  
 ####### Case2098 	 Computation time:0.781360387802124 	 Step25/48	- AllReachGoal-True

2025-12-13 00:31:27,858 - PaperAgentLogger - INFO - current rateReachGoal: 0
2025-12-13 00:31:27,877 - PaperAgentLogger - DEBUG - New map
2025-12-13 00:31:29,510 - PaperAgentLogger - INFO - ################## PaperArchitecture_map20x20_rho1_10Agent/K3_HS0/1765556206 - End of loop ##################  
 ####### Case2099 	 Computation time:1.6329965591430664 	 Step52/52	- AllReachGoal-False

2025-12-13 00:31:29,511 - PaperAgentLogger - INFO - current rateReachGoal: 0
2025-12-13 00:31:29,530 - PaperAgentLogger - DEBUG - New map
2025-12-13 00:31:30,455 - PaperAgentLogger - INFO - ################## PaperArchitecture_map20x20_rho1_10Agent/K3_HS0/1765556206 - End of loop ##################  
 ####### Case2100 	 Computation time:0.9247467517852783 	 Step30/54	- AllReachGoal-True

2025-12-13 00:31:30,456 - PaperAgentLogger - INFO - current rateReachGoal: 0
2025-12-13 00:31:30,473 - PaperAgentLogger - DEBUG - New map
2025-12-13 00:31:31,869 - PaperAgentLogger - INFO - ################## PaperArchitecture_map20x20_rho1_10Agent/K3_HS0/1765556206 - End of loop ##################  
 ####### Case2101 	 Computation time:1.3961234092712402 	 Step48/48	- AllReachGoal-False

2025-12-13 00:31:31,870 - PaperAgentLogger - INFO - current rateReachGoal: 0
2025-12-13 00:31:31,887 - PaperAgentLogger - DEBUG - New map
2025-12-13 00:31:32,594 - PaperAgentLogger - INFO - ################## PaperArchitecture_map20x20_rho1_10Agent/K3_HS0/1765556206 - End of loop ##################  
 ####### Case2102 	 Computation time:0.7059683799743652 	 Step24/44	- AllReachGoal-True

2025-12-13 00:31:32,595 - PaperAgentLogger - INFO - current rateReachGoal: 0
2025-12-13 00:31:32,611 - PaperAgentLogger - DEBUG - New map
2025-12-13 00:31:34,067 - PaperAgentLogger - INFO - ################## PaperArchitecture_map20x20_rho1_10Agent/K3_HS0/1765556206 - End of loop ##################  
 ####### Case2103 	 Computation time:1.4549250602722168 	 Step50/50	- AllReachGoal-False

2025-12-13 00:31:34,067 - PaperAgentLogger - INFO - current rateReachGoal: 0
2025-12-13 00:31:34,088 - PaperAgentLogger - DEBUG - New map
2025-12-13 00:31:35,203 - PaperAgentLogger - INFO - ################## PaperArchitecture_map20x20_rho1_10Agent/K3_HS0/1765556206 - End of loop ##################  
 ####### Case2104 	 Computation time:1.1140656471252441 	 Step37/62	- AllReachGoal-True

2025-12-13 00:31:35,205 - PaperAgentLogger - INFO - current rateReachGoal: 0
2025-12-13 00:31:35,222 - PaperAgentLogger - DEBUG - New map
2025-12-13 00:31:36,802 - PaperAgentLogger - INFO - ################## PaperArchitecture_map20x20_rho1_10Agent/K3_HS0/1765556206 - End of loop ##################  
 ####### Case2105 	 Computation time:1.5791864395141602 	 Step50/50	- AllReachGoal-False

2025-12-13 00:31:36,802 - PaperAgentLogger - INFO - current rateReachGoal: 0
2025-12-13 00:31:36,823 - PaperAgentLogger - DEBUG - New map
2025-12-13 00:31:37,999 - PaperAgentLogger - INFO - ################## PaperArchitecture_map20x20_rho1_10Agent/K3_HS0/1765556206 - End of loop ##################  
 ####### Case2106 	 Computation time:1.1749904155731201 	 Step39/74	- AllReachGoal-True

2025-12-13 00:31:38,000 - PaperAgentLogger - INFO - current rateReachGoal: 0
2025-12-13 00:31:38,019 - PaperAgentLogger - DEBUG - New map
2025-12-13 00:31:39,685 - PaperAgentLogger - INFO - ################## PaperArchitecture_map20x20_rho1_10Agent/K3_HS0/1765556206 - End of loop ##################  
 ####### Case2107 	 Computation time:1.6658833026885986 	 Step53/62	- AllReachGoal-True

2025-12-13 00:31:39,686 - PaperAgentLogger - INFO - current rateReachGoal: 0
2025-12-13 00:31:39,703 - PaperAgentLogger - DEBUG - New map
2025-12-13 00:31:40,555 - PaperAgentLogger - INFO - ################## PaperArchitecture_map20x20_rho1_10Agent/K3_HS0/1765556206 - End of loop ##################  
 ####### Case2108 	 Computation time:0.8520944118499756 	 Step29/52	- AllReachGoal-True

2025-12-13 00:31:40,556 - PaperAgentLogger - INFO - current rateReachGoal: 0
2025-12-13 00:31:40,574 - PaperAgentLogger - DEBUG - New map
2025-12-13 00:31:41,461 - PaperAgentLogger - INFO - ################## PaperArchitecture_map20x20_rho1_10Agent/K3_HS0/1765556206 - End of loop ##################  
 ####### Case2109 	 Computation time:0.886359453201294 	 Step27/50	- AllReachGoal-True

2025-12-13 00:31:41,462 - PaperAgentLogger - INFO - current rateReachGoal: 0
2025-12-13 00:31:41,481 - PaperAgentLogger - DEBUG - New map
2025-12-13 00:31:42,449 - PaperAgentLogger - INFO - ################## PaperArchitecture_map20x20_rho1_10Agent/K3_HS0/1765556206 - End of loop ##################  
 ####### Case2110 	 Computation time:0.9673886299133301 	 Step33/62	- AllReachGoal-True

2025-12-13 00:31:42,450 - PaperAgentLogger - INFO - current rateReachGoal: 0
2025-12-13 00:31:42,467 - PaperAgentLogger - DEBUG - New map
2025-12-13 00:31:43,450 - PaperAgentLogger - INFO - ################## PaperArchitecture_map20x20_rho1_10Agent/K3_HS0/1765556206 - End of loop ##################  
 ####### Case2111 	 Computation time:0.9821126461029053 	 Step32/58	- AllReachGoal-True

2025-12-13 00:31:43,451 - PaperAgentLogger - INFO - current rateReachGoal: 0
2025-12-13 00:31:43,466 - PaperAgentLogger - DEBUG - New map
2025-12-13 00:31:44,150 - PaperAgentLogger - INFO - ################## PaperArchitecture_map20x20_rho1_10Agent/K3_HS0/1765556206 - End of loop ##################  
 ####### Case2112 	 Computation time:0.6831178665161133 	 Step21/42	- AllReachGoal-True

2025-12-13 00:31:44,151 - PaperAgentLogger - INFO - current rateReachGoal: 0
2025-12-13 00:31:44,169 - PaperAgentLogger - DEBUG - New map
2025-12-13 00:31:45,921 - PaperAgentLogger - INFO - ################## PaperArchitecture_map20x20_rho1_10Agent/K3_HS0/1765556206 - End of loop ##################  
 ####### Case2113 	 Computation time:1.751965045928955 	 Step56/56	- AllReachGoal-False

2025-12-13 00:31:45,924 - PaperAgentLogger - INFO - current rateReachGoal: 0
2025-12-13 00:31:45,942 - PaperAgentLogger - DEBUG - New map
2025-12-13 00:31:47,559 - PaperAgentLogger - INFO - ################## PaperArchitecture_map20x20_rho1_10Agent/K3_HS0/1765556206 - End of loop ##################  
 ####### Case2114 	 Computation time:1.6165647506713867 	 Step56/56	- AllReachGoal-False

2025-12-13 00:31:47,560 - PaperAgentLogger - INFO - current rateReachGoal: 0
2025-12-13 00:31:47,578 - PaperAgentLogger - DEBUG - New map
2025-12-13 00:31:49,324 - PaperAgentLogger - INFO - ################## PaperArchitecture_map20x20_rho1_10Agent/K3_HS0/1765556206 - End of loop ##################  
 ####### Case2115 	 Computation time:1.7450225353240967 	 Step60/60	- AllReachGoal-False

2025-12-13 00:31:49,324 - PaperAgentLogger - INFO - current rateReachGoal: 0
2025-12-13 00:31:49,341 - PaperAgentLogger - DEBUG - New map
2025-12-13 00:31:50,332 - PaperAgentLogger - INFO - ################## PaperArchitecture_map20x20_rho1_10Agent/K3_HS0/1765556206 - End of loop ##################  
 ####### Case2116 	 Computation time:0.9909744262695312 	 Step34/50	- AllReachGoal-True

2025-12-13 00:31:50,333 - PaperAgentLogger - INFO - current rateReachGoal: 0
2025-12-13 00:31:50,353 - PaperAgentLogger - DEBUG - New map
2025-12-13 00:31:51,420 - PaperAgentLogger - INFO - ################## PaperArchitecture_map20x20_rho1_10Agent/K3_HS0/1765556206 - End of loop ##################  
 ####### Case2117 	 Computation time:1.0660676956176758 	 Step35/68	- AllReachGoal-True

2025-12-13 00:31:51,422 - PaperAgentLogger - INFO - current rateReachGoal: 0
2025-12-13 00:31:51,441 - PaperAgentLogger - DEBUG - New map
2025-12-13 00:31:53,154 - PaperAgentLogger - INFO - ################## PaperArchitecture_map20x20_rho1_10Agent/K3_HS0/1765556206 - End of loop ##################  
 ####### Case2118 	 Computation time:1.7125623226165771 	 Step58/58	- AllReachGoal-False

2025-12-13 00:31:53,155 - PaperAgentLogger - INFO - current rateReachGoal: 0
2025-12-13 00:31:53,170 - PaperAgentLogger - DEBUG - New map
2025-12-13 00:31:54,341 - PaperAgentLogger - INFO - ################## PaperArchitecture_map20x20_rho1_10Agent/K3_HS0/1765556206 - End of loop ##################  
 ####### Case2119 	 Computation time:1.1705830097198486 	 Step40/40	- AllReachGoal-False

2025-12-13 00:31:54,342 - PaperAgentLogger - INFO - current rateReachGoal: 0
2025-12-13 00:31:54,360 - PaperAgentLogger - DEBUG - New map
2025-12-13 00:31:55,814 - PaperAgentLogger - INFO - ################## PaperArchitecture_map20x20_rho1_10Agent/K3_HS0/1765556206 - End of loop ##################  
 ####### Case2120 	 Computation time:1.4531514644622803 	 Step50/50	- AllReachGoal-False

2025-12-13 00:31:55,815 - PaperAgentLogger - INFO - current rateReachGoal: 0
2025-12-13 00:31:55,831 - PaperAgentLogger - DEBUG - New map
2025-12-13 00:31:57,165 - PaperAgentLogger - INFO - ################## PaperArchitecture_map20x20_rho1_10Agent/K3_HS0/1765556206 - End of loop ##################  
 ####### Case2121 	 Computation time:1.3327999114990234 	 Step46/46	- AllReachGoal-False

2025-12-13 00:31:57,167 - PaperAgentLogger - INFO - current rateReachGoal: 0
2025-12-13 00:31:57,184 - PaperAgentLogger - DEBUG - New map
2025-12-13 00:31:58,694 - PaperAgentLogger - INFO - ################## PaperArchitecture_map20x20_rho1_10Agent/K3_HS0/1765556206 - End of loop ##################  
 ####### Case2122 	 Computation time:1.5095131397247314 	 Step52/52	- AllReachGoal-False

2025-12-13 00:31:58,695 - PaperAgentLogger - INFO - current rateReachGoal: 0
2025-12-13 00:31:58,716 - PaperAgentLogger - DEBUG - New map
2025-12-13 00:31:59,677 - PaperAgentLogger - INFO - ################## PaperArchitecture_map20x20_rho1_10Agent/K3_HS0/1765556206 - End of loop ##################  
 ####### Case2123 	 Computation time:0.9605302810668945 	 Step33/56	- AllReachGoal-True

2025-12-13 00:31:59,677 - PaperAgentLogger - INFO - current rateReachGoal: 0
2025-12-13 00:31:59,699 - PaperAgentLogger - DEBUG - New map
2025-12-13 00:32:01,061 - PaperAgentLogger - INFO - ################## PaperArchitecture_map20x20_rho1_10Agent/K3_HS0/1765556206 - End of loop ##################  
 ####### Case2124 	 Computation time:1.360530138015747 	 Step47/50	- AllReachGoal-True

2025-12-13 00:32:01,061 - PaperAgentLogger - INFO - current rateReachGoal: 0
2025-12-13 00:32:01,078 - PaperAgentLogger - DEBUG - New map
2025-12-13 00:32:02,423 - PaperAgentLogger - INFO - ################## PaperArchitecture_map20x20_rho1_10Agent/K3_HS0/1765556206 - End of loop ##################  
 ####### Case2125 	 Computation time:1.344486951828003 	 Step46/46	- AllReachGoal-False

2025-12-13 00:32:02,425 - PaperAgentLogger - INFO - current rateReachGoal: 0
2025-12-13 00:32:02,445 - PaperAgentLogger - DEBUG - New map
2025-12-13 00:32:04,237 - PaperAgentLogger - INFO - ################## PaperArchitecture_map20x20_rho1_10Agent/K3_HS0/1765556206 - End of loop ##################  
 ####### Case2126 	 Computation time:1.7912757396697998 	 Step62/62	- AllReachGoal-False

2025-12-13 00:32:04,238 - PaperAgentLogger - INFO - current rateReachGoal: 0
2025-12-13 00:32:04,254 - PaperAgentLogger - DEBUG - New map
2025-12-13 00:32:05,698 - PaperAgentLogger - INFO - ################## PaperArchitecture_map20x20_rho1_10Agent/K3_HS0/1765556206 - End of loop ##################  
 ####### Case2127 	 Computation time:1.44329833984375 	 Step48/48	- AllReachGoal-True

2025-12-13 00:32:05,699 - PaperAgentLogger - INFO - current rateReachGoal: 0
2025-12-13 00:32:05,717 - PaperAgentLogger - DEBUG - New map
2025-12-13 00:32:06,726 - PaperAgentLogger - INFO - ################## PaperArchitecture_map20x20_rho1_10Agent/K3_HS0/1765556206 - End of loop ##################  
 ####### Case2128 	 Computation time:1.0084786415100098 	 Step33/58	- AllReachGoal-True

2025-12-13 00:32:06,727 - PaperAgentLogger - INFO - current rateReachGoal: 0
2025-12-13 00:32:06,742 - PaperAgentLogger - DEBUG - New map
2025-12-13 00:32:07,387 - PaperAgentLogger - INFO - ################## PaperArchitecture_map20x20_rho1_10Agent/K3_HS0/1765556206 - End of loop ##################  
 ####### Case2129 	 Computation time:0.6436607837677002 	 Step22/44	- AllReachGoal-True

2025-12-13 00:32:07,387 - PaperAgentLogger - INFO - current rateReachGoal: 0
2025-12-13 00:32:07,405 - PaperAgentLogger - DEBUG - New map
2025-12-13 00:32:09,156 - PaperAgentLogger - INFO - ################## PaperArchitecture_map20x20_rho1_10Agent/K3_HS0/1765556206 - End of loop ##################  
 ####### Case2130 	 Computation time:1.7499239444732666 	 Step56/56	- AllReachGoal-False

2025-12-13 00:32:09,157 - PaperAgentLogger - INFO - current rateReachGoal: 0
2025-12-13 00:32:09,177 - PaperAgentLogger - DEBUG - New map
2025-12-13 00:32:11,192 - PaperAgentLogger - INFO - ################## PaperArchitecture_map20x20_rho1_10Agent/K3_HS0/1765556206 - End of loop ##################  
 ####### Case2131 	 Computation time:2.014599084854126 	 Step68/68	- AllReachGoal-False

2025-12-13 00:32:11,192 - PaperAgentLogger - INFO - current rateReachGoal: 0
2025-12-13 00:32:11,213 - PaperAgentLogger - DEBUG - New map
2025-12-13 00:32:12,206 - PaperAgentLogger - INFO - ################## PaperArchitecture_map20x20_rho1_10Agent/K3_HS0/1765556206 - End of loop ##################  
 ####### Case2132 	 Computation time:0.9923315048217773 	 Step34/68	- AllReachGoal-True

2025-12-13 00:32:12,206 - PaperAgentLogger - INFO - current rateReachGoal: 0
2025-12-13 00:32:12,226 - PaperAgentLogger - DEBUG - New map
2025-12-13 00:32:13,071 - PaperAgentLogger - INFO - ################## PaperArchitecture_map20x20_rho1_10Agent/K3_HS0/1765556206 - End of loop ##################  
 ####### Case2133 	 Computation time:0.8444979190826416 	 Step29/56	- AllReachGoal-True

2025-12-13 00:32:13,071 - PaperAgentLogger - INFO - current rateReachGoal: 0
2025-12-13 00:32:13,090 - PaperAgentLogger - DEBUG - New map
2025-12-13 00:32:13,936 - PaperAgentLogger - INFO - ################## PaperArchitecture_map20x20_rho1_10Agent/K3_HS0/1765556206 - End of loop ##################  
 ####### Case2134 	 Computation time:0.8451642990112305 	 Step29/58	- AllReachGoal-True

2025-12-13 00:32:13,937 - PaperAgentLogger - INFO - current rateReachGoal: 0
2025-12-13 00:32:13,956 - PaperAgentLogger - DEBUG - New map
2025-12-13 00:32:15,643 - PaperAgentLogger - INFO - ################## PaperArchitecture_map20x20_rho1_10Agent/K3_HS0/1765556206 - End of loop ##################  
 ####### Case2135 	 Computation time:1.6863205432891846 	 Step58/58	- AllReachGoal-False

2025-12-13 00:32:15,644 - PaperAgentLogger - INFO - current rateReachGoal: 0
2025-12-13 00:32:15,663 - PaperAgentLogger - DEBUG - New map
2025-12-13 00:32:16,634 - PaperAgentLogger - INFO - ################## PaperArchitecture_map20x20_rho1_10Agent/K3_HS0/1765556206 - End of loop ##################  
 ####### Case2136 	 Computation time:0.9704742431640625 	 Step30/60	- AllReachGoal-True

2025-12-13 00:32:16,634 - PaperAgentLogger - INFO - current rateReachGoal: 0
2025-12-13 00:32:16,652 - PaperAgentLogger - DEBUG - New map
2025-12-13 00:32:17,467 - PaperAgentLogger - INFO - ################## PaperArchitecture_map20x20_rho1_10Agent/K3_HS0/1765556206 - End of loop ##################  
 ####### Case2137 	 Computation time:0.8148865699768066 	 Step25/46	- AllReachGoal-True

2025-12-13 00:32:17,468 - PaperAgentLogger - INFO - current rateReachGoal: 0
2025-12-13 00:32:17,485 - PaperAgentLogger - DEBUG - New map
2025-12-13 00:32:18,203 - PaperAgentLogger - INFO - ################## PaperArchitecture_map20x20_rho1_10Agent/K3_HS0/1765556206 - End of loop ##################  
 ####### Case2138 	 Computation time:0.7173953056335449 	 Step22/44	- AllReachGoal-True

2025-12-13 00:32:18,204 - PaperAgentLogger - INFO - current rateReachGoal: 0
2025-12-13 00:32:18,222 - PaperAgentLogger - DEBUG - New map
2025-12-13 00:32:19,234 - PaperAgentLogger - INFO - ################## PaperArchitecture_map20x20_rho1_10Agent/K3_HS0/1765556206 - End of loop ##################  
 ####### Case2139 	 Computation time:1.011911392211914 	 Step31/52	- AllReachGoal-True

2025-12-13 00:32:19,235 - PaperAgentLogger - INFO - current rateReachGoal: 0
2025-12-13 00:32:19,254 - PaperAgentLogger - DEBUG - New map
2025-12-13 00:32:20,177 - PaperAgentLogger - INFO - ################## PaperArchitecture_map20x20_rho1_10Agent/K3_HS0/1765556206 - End of loop ##################  
 ####### Case2140 	 Computation time:0.9228405952453613 	 Step29/56	- AllReachGoal-True

2025-12-13 00:32:20,178 - PaperAgentLogger - INFO - current rateReachGoal: 0
2025-12-13 00:32:20,195 - PaperAgentLogger - DEBUG - New map
2025-12-13 00:32:21,815 - PaperAgentLogger - INFO - ################## PaperArchitecture_map20x20_rho1_10Agent/K3_HS0/1765556206 - End of loop ##################  
 ####### Case2141 	 Computation time:1.619495153427124 	 Step52/52	- AllReachGoal-False

2025-12-13 00:32:21,816 - PaperAgentLogger - INFO - current rateReachGoal: 0
2025-12-13 00:32:21,835 - PaperAgentLogger - DEBUG - New map
2025-12-13 00:32:22,791 - PaperAgentLogger - INFO - ################## PaperArchitecture_map20x20_rho1_10Agent/K3_HS0/1765556206 - End of loop ##################  
 ####### Case2142 	 Computation time:0.9559507369995117 	 Step30/60	- AllReachGoal-True

2025-12-13 00:32:22,792 - PaperAgentLogger - INFO - current rateReachGoal: 0
2025-12-13 00:32:22,809 - PaperAgentLogger - DEBUG - New map
2025-12-13 00:32:24,076 - PaperAgentLogger - INFO - ################## PaperArchitecture_map20x20_rho1_10Agent/K3_HS0/1765556206 - End of loop ##################  
 ####### Case2143 	 Computation time:1.2658655643463135 	 Step44/44	- AllReachGoal-False

2025-12-13 00:32:24,076 - PaperAgentLogger - INFO - current rateReachGoal: 0
2025-12-13 00:32:24,094 - PaperAgentLogger - DEBUG - New map
2025-12-13 00:32:25,078 - PaperAgentLogger - INFO - ################## PaperArchitecture_map20x20_rho1_10Agent/K3_HS0/1765556206 - End of loop ##################  
 ####### Case2144 	 Computation time:0.9836561679840088 	 Step31/52	- AllReachGoal-True

2025-12-13 00:32:25,079 - PaperAgentLogger - INFO - current rateReachGoal: 0
2025-12-13 00:32:25,098 - PaperAgentLogger - DEBUG - New map
2025-12-13 00:32:25,998 - PaperAgentLogger - INFO - ################## PaperArchitecture_map20x20_rho1_10Agent/K3_HS0/1765556206 - End of loop ##################  
 ####### Case2145 	 Computation time:0.8999249935150146 	 Step30/60	- AllReachGoal-True

2025-12-13 00:32:25,999 - PaperAgentLogger - INFO - current rateReachGoal: 0
2025-12-13 00:32:26,016 - PaperAgentLogger - DEBUG - New map
2025-12-13 00:32:27,257 - PaperAgentLogger - INFO - ################## PaperArchitecture_map20x20_rho1_10Agent/K3_HS0/1765556206 - End of loop ##################  
 ####### Case2146 	 Computation time:1.2406675815582275 	 Step40/50	- AllReachGoal-True

2025-12-13 00:32:27,260 - PaperAgentLogger - INFO - current rateReachGoal: 0
2025-12-13 00:32:27,278 - PaperAgentLogger - DEBUG - New map
2025-12-13 00:32:28,255 - PaperAgentLogger - INFO - ################## PaperArchitecture_map20x20_rho1_10Agent/K3_HS0/1765556206 - End of loop ##################  
 ####### Case2147 	 Computation time:0.9765732288360596 	 Step31/56	- AllReachGoal-True

2025-12-13 00:32:28,255 - PaperAgentLogger - INFO - current rateReachGoal: 0
2025-12-13 00:32:28,274 - PaperAgentLogger - DEBUG - New map
2025-12-13 00:32:30,248 - PaperAgentLogger - INFO - ################## PaperArchitecture_map20x20_rho1_10Agent/K3_HS0/1765556206 - End of loop ##################  
 ####### Case2148 	 Computation time:1.9734573364257812 	 Step62/62	- AllReachGoal-False

2025-12-13 00:32:30,248 - PaperAgentLogger - INFO - current rateReachGoal: 0
2025-12-13 00:32:30,265 - PaperAgentLogger - DEBUG - New map
2025-12-13 00:32:31,024 - PaperAgentLogger - INFO - ################## PaperArchitecture_map20x20_rho1_10Agent/K3_HS0/1765556206 - End of loop ##################  
 ####### Case2149 	 Computation time:0.7585561275482178 	 Step24/48	- AllReachGoal-True

2025-12-13 00:32:31,025 - PaperAgentLogger - INFO - current rateReachGoal: 0
2025-12-13 00:32:31,038 - PaperAgentLogger - DEBUG - New map
2025-12-13 00:32:32,318 - PaperAgentLogger - INFO - ################## PaperArchitecture_map20x20_rho1_10Agent/K3_HS0/1765556206 - End of loop ##################  
 ####### Case2150 	 Computation time:1.2788126468658447 	 Step40/40	- AllReachGoal-False

2025-12-13 00:32:32,320 - PaperAgentLogger - INFO - current rateReachGoal: 0
2025-12-13 00:32:32,339 - PaperAgentLogger - DEBUG - New map
2025-12-13 00:32:33,195 - PaperAgentLogger - INFO - ################## PaperArchitecture_map20x20_rho1_10Agent/K3_HS0/1765556206 - End of loop ##################  
 ####### Case2151 	 Computation time:0.8554117679595947 	 Step27/50	- AllReachGoal-True

2025-12-13 00:32:33,195 - PaperAgentLogger - INFO - current rateReachGoal: 0
2025-12-13 00:32:33,212 - PaperAgentLogger - DEBUG - New map
2025-12-13 00:32:34,112 - PaperAgentLogger - INFO - ################## PaperArchitecture_map20x20_rho1_10Agent/K3_HS0/1765556206 - End of loop ##################  
 ####### Case2152 	 Computation time:0.9000475406646729 	 Step28/48	- AllReachGoal-True

2025-12-13 00:32:34,113 - PaperAgentLogger - INFO - current rateReachGoal: 0
2025-12-13 00:32:34,133 - PaperAgentLogger - DEBUG - New map
2025-12-13 00:32:36,280 - PaperAgentLogger - INFO - ################## PaperArchitecture_map20x20_rho1_10Agent/K3_HS0/1765556206 - End of loop ##################  
 ####### Case2153 	 Computation time:2.146008253097534 	 Step68/68	- AllReachGoal-False

2025-12-13 00:32:36,281 - PaperAgentLogger - INFO - current rateReachGoal: 0
2025-12-13 00:32:36,297 - PaperAgentLogger - DEBUG - New map
2025-12-13 00:32:37,702 - PaperAgentLogger - INFO - ################## PaperArchitecture_map20x20_rho1_10Agent/K3_HS0/1765556206 - End of loop ##################  
 ####### Case2154 	 Computation time:1.4039571285247803 	 Step48/48	- AllReachGoal-False

2025-12-13 00:32:37,704 - PaperAgentLogger - INFO - current rateReachGoal: 0
2025-12-13 00:32:37,723 - PaperAgentLogger - DEBUG - New map
2025-12-13 00:32:38,565 - PaperAgentLogger - INFO - ################## PaperArchitecture_map20x20_rho1_10Agent/K3_HS0/1765556206 - End of loop ##################  
 ####### Case2155 	 Computation time:0.841097354888916 	 Step28/56	- AllReachGoal-True

2025-12-13 00:32:38,565 - PaperAgentLogger - INFO - current rateReachGoal: 0
2025-12-13 00:32:38,586 - PaperAgentLogger - DEBUG - New map
2025-12-13 00:32:40,294 - PaperAgentLogger - INFO - ################## PaperArchitecture_map20x20_rho1_10Agent/K3_HS0/1765556206 - End of loop ##################  
 ####### Case2156 	 Computation time:1.7081501483917236 	 Step56/56	- AllReachGoal-False

2025-12-13 00:32:40,295 - PaperAgentLogger - INFO - current rateReachGoal: 0
2025-12-13 00:32:40,314 - PaperAgentLogger - DEBUG - New map
2025-12-13 00:32:41,259 - PaperAgentLogger - INFO - ################## PaperArchitecture_map20x20_rho1_10Agent/K3_HS0/1765556206 - End of loop ##################  
 ####### Case2157 	 Computation time:0.9438490867614746 	 Step32/60	- AllReachGoal-True

2025-12-13 00:32:41,259 - PaperAgentLogger - INFO - current rateReachGoal: 0
2025-12-13 00:32:41,279 - PaperAgentLogger - DEBUG - New map
2025-12-13 00:32:42,075 - PaperAgentLogger - INFO - ################## PaperArchitecture_map20x20_rho1_10Agent/K3_HS0/1765556206 - End of loop ##################  
 ####### Case2158 	 Computation time:0.7952203750610352 	 Step27/54	- AllReachGoal-True

2025-12-13 00:32:42,075 - PaperAgentLogger - INFO - current rateReachGoal: 0
2025-12-13 00:32:42,094 - PaperAgentLogger - DEBUG - New map
2025-12-13 00:32:42,863 - PaperAgentLogger - INFO - ################## PaperArchitecture_map20x20_rho1_10Agent/K3_HS0/1765556206 - End of loop ##################  
 ####### Case2159 	 Computation time:0.7690846920013428 	 Step26/48	- AllReachGoal-True

2025-12-13 00:32:42,865 - PaperAgentLogger - INFO - current rateReachGoal: 0
2025-12-13 00:32:42,885 - PaperAgentLogger - DEBUG - New map
2025-12-13 00:32:44,280 - PaperAgentLogger - INFO - ################## PaperArchitecture_map20x20_rho1_10Agent/K3_HS0/1765556206 - End of loop ##################  
 ####### Case2160 	 Computation time:1.3945286273956299 	 Step48/66	- AllReachGoal-True

2025-12-13 00:32:44,281 - PaperAgentLogger - INFO - current rateReachGoal: 0
2025-12-13 00:32:44,297 - PaperAgentLogger - DEBUG - New map
2025-12-13 00:32:44,979 - PaperAgentLogger - INFO - ################## PaperArchitecture_map20x20_rho1_10Agent/K3_HS0/1765556206 - End of loop ##################  
 ####### Case2161 	 Computation time:0.681520938873291 	 Step21/40	- AllReachGoal-True

2025-12-13 00:32:44,980 - PaperAgentLogger - INFO - current rateReachGoal: 0
2025-12-13 00:32:45,001 - PaperAgentLogger - DEBUG - New map
2025-12-13 00:32:45,941 - PaperAgentLogger - INFO - ################## PaperArchitecture_map20x20_rho1_10Agent/K3_HS0/1765556206 - End of loop ##################  
 ####### Case2162 	 Computation time:0.9401650428771973 	 Step29/56	- AllReachGoal-True

2025-12-13 00:32:45,942 - PaperAgentLogger - INFO - current rateReachGoal: 0
2025-12-13 00:32:45,961 - PaperAgentLogger - DEBUG - New map
2025-12-13 00:32:47,712 - PaperAgentLogger - INFO - ################## PaperArchitecture_map20x20_rho1_10Agent/K3_HS0/1765556206 - End of loop ##################  
 ####### Case2163 	 Computation time:1.7496156692504883 	 Step60/60	- AllReachGoal-False

2025-12-13 00:32:47,712 - PaperAgentLogger - INFO - current rateReachGoal: 0
2025-12-13 00:32:47,731 - PaperAgentLogger - DEBUG - New map
2025-12-13 00:32:49,419 - PaperAgentLogger - INFO - ################## PaperArchitecture_map20x20_rho1_10Agent/K3_HS0/1765556206 - End of loop ##################  
 ####### Case2164 	 Computation time:1.687391757965088 	 Step58/58	- AllReachGoal-False

2025-12-13 00:32:49,420 - PaperAgentLogger - INFO - current rateReachGoal: 0
2025-12-13 00:32:49,437 - PaperAgentLogger - DEBUG - New map
2025-12-13 00:32:50,030 - PaperAgentLogger - INFO - ################## PaperArchitecture_map20x20_rho1_10Agent/K3_HS0/1765556206 - End of loop ##################  
 ####### Case2165 	 Computation time:0.5928285121917725 	 Step20/40	- AllReachGoal-True

2025-12-13 00:32:50,031 - PaperAgentLogger - INFO - current rateReachGoal: 0
2025-12-13 00:32:50,050 - PaperAgentLogger - DEBUG - New map
2025-12-13 00:32:50,991 - PaperAgentLogger - INFO - ################## PaperArchitecture_map20x20_rho1_10Agent/K3_HS0/1765556206 - End of loop ##################  
 ####### Case2166 	 Computation time:0.9395496845245361 	 Step32/64	- AllReachGoal-True

2025-12-13 00:32:50,991 - PaperAgentLogger - INFO - current rateReachGoal: 0
2025-12-13 00:32:51,012 - PaperAgentLogger - DEBUG - New map
2025-12-13 00:32:52,216 - PaperAgentLogger - INFO - ################## PaperArchitecture_map20x20_rho1_10Agent/K3_HS0/1765556206 - End of loop ##################  
 ####### Case2167 	 Computation time:1.2031781673431396 	 Step38/72	- AllReachGoal-True

2025-12-13 00:32:52,217 - PaperAgentLogger - INFO - current rateReachGoal: 0
2025-12-13 00:32:52,238 - PaperAgentLogger - DEBUG - New map
2025-12-13 00:32:53,165 - PaperAgentLogger - INFO - ################## PaperArchitecture_map20x20_rho1_10Agent/K3_HS0/1765556206 - End of loop ##################  
 ####### Case2168 	 Computation time:0.9269800186157227 	 Step31/62	- AllReachGoal-True

2025-12-13 00:32:53,166 - PaperAgentLogger - INFO - current rateReachGoal: 0
2025-12-13 00:32:53,183 - PaperAgentLogger - DEBUG - New map
2025-12-13 00:32:54,608 - PaperAgentLogger - INFO - ################## PaperArchitecture_map20x20_rho1_10Agent/K3_HS0/1765556206 - End of loop ##################  
 ####### Case2169 	 Computation time:1.4244332313537598 	 Step46/46	- AllReachGoal-False

2025-12-13 00:32:54,610 - PaperAgentLogger - INFO - current rateReachGoal: 0
2025-12-13 00:32:54,629 - PaperAgentLogger - DEBUG - New map
2025-12-13 00:32:55,539 - PaperAgentLogger - INFO - ################## PaperArchitecture_map20x20_rho1_10Agent/K3_HS0/1765556206 - End of loop ##################  
 ####### Case2170 	 Computation time:0.9098992347717285 	 Step28/52	- AllReachGoal-True

2025-12-13 00:32:55,540 - PaperAgentLogger - INFO - current rateReachGoal: 0
2025-12-13 00:32:55,555 - PaperAgentLogger - DEBUG - New map
2025-12-13 00:32:56,782 - PaperAgentLogger - INFO - ################## PaperArchitecture_map20x20_rho1_10Agent/K3_HS0/1765556206 - End of loop ##################  
 ####### Case2171 	 Computation time:1.2263970375061035 	 Step42/42	- AllReachGoal-False

2025-12-13 00:32:56,783 - PaperAgentLogger - INFO - current rateReachGoal: 0
2025-12-13 00:32:56,801 - PaperAgentLogger - DEBUG - New map
2025-12-13 00:32:58,444 - PaperAgentLogger - INFO - ################## PaperArchitecture_map20x20_rho1_10Agent/K3_HS0/1765556206 - End of loop ##################  
 ####### Case2172 	 Computation time:1.6418869495391846 	 Step56/56	- AllReachGoal-False

2025-12-13 00:32:58,445 - PaperAgentLogger - INFO - current rateReachGoal: 0
2025-12-13 00:32:58,463 - PaperAgentLogger - DEBUG - New map
2025-12-13 00:32:59,976 - PaperAgentLogger - INFO - ################## PaperArchitecture_map20x20_rho1_10Agent/K3_HS0/1765556206 - End of loop ##################  
 ####### Case2173 	 Computation time:1.512890100479126 	 Step52/52	- AllReachGoal-False

2025-12-13 00:32:59,978 - PaperAgentLogger - INFO - current rateReachGoal: 0
2025-12-13 00:33:00,000 - PaperAgentLogger - DEBUG - New map
2025-12-13 00:33:01,263 - PaperAgentLogger - INFO - ################## PaperArchitecture_map20x20_rho1_10Agent/K3_HS0/1765556206 - End of loop ##################  
 ####### Case2174 	 Computation time:1.2620468139648438 	 Step39/74	- AllReachGoal-True

2025-12-13 00:33:01,263 - PaperAgentLogger - INFO - current rateReachGoal: 0
2025-12-13 00:33:01,281 - PaperAgentLogger - DEBUG - New map
2025-12-13 00:33:02,184 - PaperAgentLogger - INFO - ################## PaperArchitecture_map20x20_rho1_10Agent/K3_HS0/1765556206 - End of loop ##################  
 ####### Case2175 	 Computation time:0.9025301933288574 	 Step29/50	- AllReachGoal-True

2025-12-13 00:33:02,185 - PaperAgentLogger - INFO - current rateReachGoal: 0
2025-12-13 00:33:02,206 - PaperAgentLogger - DEBUG - New map
2025-12-13 00:33:03,031 - PaperAgentLogger - INFO - ################## PaperArchitecture_map20x20_rho1_10Agent/K3_HS0/1765556206 - End of loop ##################  
 ####### Case2176 	 Computation time:0.823767900466919 	 Step27/54	- AllReachGoal-True

2025-12-13 00:33:03,031 - PaperAgentLogger - INFO - current rateReachGoal: 0
2025-12-13 00:33:03,050 - PaperAgentLogger - DEBUG - New map
2025-12-13 00:33:04,155 - PaperAgentLogger - INFO - ################## PaperArchitecture_map20x20_rho1_10Agent/K3_HS0/1765556206 - End of loop ##################  
 ####### Case2177 	 Computation time:1.1048541069030762 	 Step34/54	- AllReachGoal-True

2025-12-13 00:33:04,156 - PaperAgentLogger - INFO - current rateReachGoal: 0
2025-12-13 00:33:04,175 - PaperAgentLogger - DEBUG - New map
2025-12-13 00:33:06,208 - PaperAgentLogger - INFO - ################## PaperArchitecture_map20x20_rho1_10Agent/K3_HS0/1765556206 - End of loop ##################  
 ####### Case2178 	 Computation time:2.031514883041382 	 Step66/66	- AllReachGoal-False

2025-12-13 00:33:06,208 - PaperAgentLogger - INFO - current rateReachGoal: 0
2025-12-13 00:33:06,224 - PaperAgentLogger - DEBUG - New map
2025-12-13 00:33:06,963 - PaperAgentLogger - INFO - ################## PaperArchitecture_map20x20_rho1_10Agent/K3_HS0/1765556206 - End of loop ##################  
 ####### Case2179 	 Computation time:0.7380776405334473 	 Step23/42	- AllReachGoal-True

2025-12-13 00:33:06,964 - PaperAgentLogger - INFO - current rateReachGoal: 0
2025-12-13 00:33:06,980 - PaperAgentLogger - DEBUG - New map
2025-12-13 00:33:07,833 - PaperAgentLogger - INFO - ################## PaperArchitecture_map20x20_rho1_10Agent/K3_HS0/1765556206 - End of loop ##################  
 ####### Case2180 	 Computation time:0.8527073860168457 	 Step26/50	- AllReachGoal-True

2025-12-13 00:33:07,834 - PaperAgentLogger - INFO - current rateReachGoal: 0
2025-12-13 00:33:07,852 - PaperAgentLogger - DEBUG - New map
2025-12-13 00:33:08,581 - PaperAgentLogger - INFO - ################## PaperArchitecture_map20x20_rho1_10Agent/K3_HS0/1765556206 - End of loop ##################  
 ####### Case2181 	 Computation time:0.7285830974578857 	 Step23/46	- AllReachGoal-True

2025-12-13 00:33:08,582 - PaperAgentLogger - INFO - current rateReachGoal: 0
2025-12-13 00:33:08,600 - PaperAgentLogger - DEBUG - New map
2025-12-13 00:33:09,546 - PaperAgentLogger - INFO - ################## PaperArchitecture_map20x20_rho1_10Agent/K3_HS0/1765556206 - End of loop ##################  
 ####### Case2182 	 Computation time:0.9454772472381592 	 Step29/58	- AllReachGoal-True

2025-12-13 00:33:09,547 - PaperAgentLogger - INFO - current rateReachGoal: 0
2025-12-13 00:33:09,565 - PaperAgentLogger - DEBUG - New map
2025-12-13 00:33:11,352 - PaperAgentLogger - INFO - ################## PaperArchitecture_map20x20_rho1_10Agent/K3_HS0/1765556206 - End of loop ##################  
 ####### Case2183 	 Computation time:1.7871174812316895 	 Step56/56	- AllReachGoal-False

2025-12-13 00:33:11,353 - PaperAgentLogger - INFO - current rateReachGoal: 0
2025-12-13 00:33:11,374 - PaperAgentLogger - DEBUG - New map
2025-12-13 00:33:12,388 - PaperAgentLogger - INFO - ################## PaperArchitecture_map20x20_rho1_10Agent/K3_HS0/1765556206 - End of loop ##################  
 ####### Case2184 	 Computation time:1.0126831531524658 	 Step31/58	- AllReachGoal-True

2025-12-13 00:33:12,388 - PaperAgentLogger - INFO - current rateReachGoal: 0
2025-12-13 00:33:12,405 - PaperAgentLogger - DEBUG - New map
2025-12-13 00:33:13,141 - PaperAgentLogger - INFO - ################## PaperArchitecture_map20x20_rho1_10Agent/K3_HS0/1765556206 - End of loop ##################  
 ####### Case2185 	 Computation time:0.7356083393096924 	 Step25/50	- AllReachGoal-True

2025-12-13 00:33:13,141 - PaperAgentLogger - INFO - current rateReachGoal: 0
2025-12-13 00:33:13,160 - PaperAgentLogger - DEBUG - New map
2025-12-13 00:33:14,677 - PaperAgentLogger - INFO - ################## PaperArchitecture_map20x20_rho1_10Agent/K3_HS0/1765556206 - End of loop ##################  
 ####### Case2186 	 Computation time:1.51719331741333 	 Step51/56	- AllReachGoal-True

2025-12-13 00:33:14,678 - PaperAgentLogger - INFO - current rateReachGoal: 0
2025-12-13 00:33:14,697 - PaperAgentLogger - DEBUG - New map
2025-12-13 00:33:16,717 - PaperAgentLogger - INFO - ################## PaperArchitecture_map20x20_rho1_10Agent/K3_HS0/1765556206 - End of loop ##################  
 ####### Case2187 	 Computation time:2.019819974899292 	 Step64/64	- AllReachGoal-False

2025-12-13 00:33:16,719 - PaperAgentLogger - INFO - current rateReachGoal: 0
2025-12-13 00:33:16,738 - PaperAgentLogger - DEBUG - New map
2025-12-13 00:33:18,406 - PaperAgentLogger - INFO - ################## PaperArchitecture_map20x20_rho1_10Agent/K3_HS0/1765556206 - End of loop ##################  
 ####### Case2188 	 Computation time:1.667616367340088 	 Step54/54	- AllReachGoal-False

2025-12-13 00:33:18,407 - PaperAgentLogger - INFO - current rateReachGoal: 0
2025-12-13 00:33:18,426 - PaperAgentLogger - DEBUG - New map
2025-12-13 00:33:19,505 - PaperAgentLogger - INFO - ################## PaperArchitecture_map20x20_rho1_10Agent/K3_HS0/1765556206 - End of loop ##################  
 ####### Case2189 	 Computation time:1.0784358978271484 	 Step33/66	- AllReachGoal-True

2025-12-13 00:33:19,506 - PaperAgentLogger - INFO - current rateReachGoal: 0
2025-12-13 00:33:19,525 - PaperAgentLogger - DEBUG - New map
2025-12-13 00:33:20,573 - PaperAgentLogger - INFO - ################## PaperArchitecture_map20x20_rho1_10Agent/K3_HS0/1765556206 - End of loop ##################  
 ####### Case2190 	 Computation time:1.0472018718719482 	 Step32/64	- AllReachGoal-True

2025-12-13 00:33:20,573 - PaperAgentLogger - INFO - current rateReachGoal: 0
2025-12-13 00:33:20,592 - PaperAgentLogger - DEBUG - New map
2025-12-13 00:33:21,447 - PaperAgentLogger - INFO - ################## PaperArchitecture_map20x20_rho1_10Agent/K3_HS0/1765556206 - End of loop ##################  
 ####### Case2191 	 Computation time:0.8548147678375244 	 Step26/52	- AllReachGoal-True

2025-12-13 00:33:21,448 - PaperAgentLogger - INFO - current rateReachGoal: 0
2025-12-13 00:33:21,465 - PaperAgentLogger - DEBUG - New map
2025-12-13 00:33:22,303 - PaperAgentLogger - INFO - ################## PaperArchitecture_map20x20_rho1_10Agent/K3_HS0/1765556206 - End of loop ##################  
 ####### Case2192 	 Computation time:0.8374073505401611 	 Step26/48	- AllReachGoal-True

2025-12-13 00:33:22,306 - PaperAgentLogger - INFO - current rateReachGoal: 0
2025-12-13 00:33:22,323 - PaperAgentLogger - DEBUG - New map
2025-12-13 00:33:23,266 - PaperAgentLogger - INFO - ################## PaperArchitecture_map20x20_rho1_10Agent/K3_HS0/1765556206 - End of loop ##################  
 ####### Case2193 	 Computation time:0.9430146217346191 	 Step29/52	- AllReachGoal-True

2025-12-13 00:33:23,267 - PaperAgentLogger - INFO - current rateReachGoal: 0
2025-12-13 00:33:23,286 - PaperAgentLogger - DEBUG - New map
2025-12-13 00:33:25,003 - PaperAgentLogger - INFO - ################## PaperArchitecture_map20x20_rho1_10Agent/K3_HS0/1765556206 - End of loop ##################  
 ####### Case2194 	 Computation time:1.7156825065612793 	 Step56/56	- AllReachGoal-False

2025-12-13 00:33:25,003 - PaperAgentLogger - INFO - current rateReachGoal: 0
2025-12-13 00:33:25,022 - PaperAgentLogger - DEBUG - New map
2025-12-13 00:33:26,596 - PaperAgentLogger - INFO - ################## PaperArchitecture_map20x20_rho1_10Agent/K3_HS0/1765556206 - End of loop ##################  
 ####### Case2195 	 Computation time:1.5736114978790283 	 Step54/54	- AllReachGoal-False

2025-12-13 00:33:26,597 - PaperAgentLogger - INFO - current rateReachGoal: 0
2025-12-13 00:33:26,613 - PaperAgentLogger - DEBUG - New map
2025-12-13 00:33:28,015 - PaperAgentLogger - INFO - ################## PaperArchitecture_map20x20_rho1_10Agent/K3_HS0/1765556206 - End of loop ##################  
 ####### Case2196 	 Computation time:1.4015662670135498 	 Step48/48	- AllReachGoal-False

2025-12-13 00:33:28,016 - PaperAgentLogger - INFO - current rateReachGoal: 0
2025-12-13 00:33:28,036 - PaperAgentLogger - DEBUG - New map
2025-12-13 00:33:29,759 - PaperAgentLogger - INFO - ################## PaperArchitecture_map20x20_rho1_10Agent/K3_HS0/1765556206 - End of loop ##################  
 ####### Case2197 	 Computation time:1.7217330932617188 	 Step55/68	- AllReachGoal-True

2025-12-13 00:33:29,759 - PaperAgentLogger - INFO - current rateReachGoal: 0
2025-12-13 00:33:29,776 - PaperAgentLogger - DEBUG - New map
2025-12-13 00:33:31,123 - PaperAgentLogger - INFO - ################## PaperArchitecture_map20x20_rho1_10Agent/K3_HS0/1765556206 - End of loop ##################  
 ####### Case2198 	 Computation time:1.346827507019043 	 Step42/42	- AllReachGoal-False

2025-12-13 00:33:31,124 - PaperAgentLogger - INFO - current rateReachGoal: 0
2025-12-13 00:33:31,141 - PaperAgentLogger - DEBUG - New map
2025-12-13 00:33:31,859 - PaperAgentLogger - INFO - ################## PaperArchitecture_map20x20_rho1_10Agent/K3_HS0/1765556206 - End of loop ##################  
 ####### Case2199 	 Computation time:0.7170991897583008 	 Step24/48	- AllReachGoal-True

2025-12-13 00:33:31,860 - PaperAgentLogger - INFO - current rateReachGoal: 0
2025-12-13 00:33:31,877 - PaperAgentLogger - DEBUG - New map
2025-12-13 00:33:33,411 - PaperAgentLogger - INFO - ################## PaperArchitecture_map20x20_rho1_10Agent/K3_HS0/1765556206 - End of loop ##################  
 ####### Case2200 	 Computation time:1.5328764915466309 	 Step52/52	- AllReachGoal-False

2025-12-13 00:33:33,411 - PaperAgentLogger - INFO - current rateReachGoal: 0
2025-12-13 00:33:33,429 - PaperAgentLogger - DEBUG - New map
2025-12-13 00:33:34,846 - PaperAgentLogger - INFO - ################## PaperArchitecture_map20x20_rho1_10Agent/K3_HS0/1765556206 - End of loop ##################  
 ####### Case2201 	 Computation time:1.4168601036071777 	 Step48/48	- AllReachGoal-False

2025-12-13 00:33:34,847 - PaperAgentLogger - INFO - current rateReachGoal: 0
2025-12-13 00:33:34,863 - PaperAgentLogger - DEBUG - New map
2025-12-13 00:33:35,665 - PaperAgentLogger - INFO - ################## PaperArchitecture_map20x20_rho1_10Agent/K3_HS0/1765556206 - End of loop ##################  
 ####### Case2202 	 Computation time:0.8008804321289062 	 Step25/42	- AllReachGoal-True

2025-12-13 00:33:35,666 - PaperAgentLogger - INFO - current rateReachGoal: 0
2025-12-13 00:33:35,684 - PaperAgentLogger - DEBUG - New map
2025-12-13 00:33:37,013 - PaperAgentLogger - INFO - ################## PaperArchitecture_map20x20_rho1_10Agent/K3_HS0/1765556206 - End of loop ##################  
 ####### Case2203 	 Computation time:1.3283710479736328 	 Step45/56	- AllReachGoal-True

2025-12-13 00:33:37,014 - PaperAgentLogger - INFO - current rateReachGoal: 0
2025-12-13 00:33:37,031 - PaperAgentLogger - DEBUG - New map
2025-12-13 00:33:37,931 - PaperAgentLogger - INFO - ################## PaperArchitecture_map20x20_rho1_10Agent/K3_HS0/1765556206 - End of loop ##################  
 ####### Case2204 	 Computation time:0.8991544246673584 	 Step28/50	- AllReachGoal-True

2025-12-13 00:33:37,932 - PaperAgentLogger - INFO - current rateReachGoal: 0
2025-12-13 00:33:37,950 - PaperAgentLogger - DEBUG - New map
2025-12-13 00:33:38,961 - PaperAgentLogger - INFO - ################## PaperArchitecture_map20x20_rho1_10Agent/K3_HS0/1765556206 - End of loop ##################  
 ####### Case2205 	 Computation time:1.0104517936706543 	 Step34/60	- AllReachGoal-True

2025-12-13 00:33:38,962 - PaperAgentLogger - INFO - current rateReachGoal: 0
2025-12-13 00:33:38,983 - PaperAgentLogger - DEBUG - New map
2025-12-13 00:33:41,054 - PaperAgentLogger - INFO - ################## PaperArchitecture_map20x20_rho1_10Agent/K3_HS0/1765556206 - End of loop ##################  
 ####### Case2206 	 Computation time:2.0702061653137207 	 Step70/70	- AllReachGoal-False

2025-12-13 00:33:41,054 - PaperAgentLogger - INFO - current rateReachGoal: 0
2025-12-13 00:33:41,071 - PaperAgentLogger - DEBUG - New map
2025-12-13 00:33:42,439 - PaperAgentLogger - INFO - ################## PaperArchitecture_map20x20_rho1_10Agent/K3_HS0/1765556206 - End of loop ##################  
 ####### Case2207 	 Computation time:1.3680815696716309 	 Step46/46	- AllReachGoal-False

2025-12-13 00:33:42,440 - PaperAgentLogger - INFO - current rateReachGoal: 0
2025-12-13 00:33:42,458 - PaperAgentLogger - DEBUG - New map
2025-12-13 00:33:43,566 - PaperAgentLogger - INFO - ################## PaperArchitecture_map20x20_rho1_10Agent/K3_HS0/1765556206 - End of loop ##################  
 ####### Case2208 	 Computation time:1.1079671382904053 	 Step37/54	- AllReachGoal-True

2025-12-13 00:33:43,568 - PaperAgentLogger - INFO - current rateReachGoal: 0
2025-12-13 00:33:43,587 - PaperAgentLogger - DEBUG - New map
2025-12-13 00:33:44,469 - PaperAgentLogger - INFO - ################## PaperArchitecture_map20x20_rho1_10Agent/K3_HS0/1765556206 - End of loop ##################  
 ####### Case2209 	 Computation time:0.8814408779144287 	 Step28/56	- AllReachGoal-True

2025-12-13 00:33:44,470 - PaperAgentLogger - INFO - current rateReachGoal: 0
2025-12-13 00:33:44,486 - PaperAgentLogger - DEBUG - New map
2025-12-13 00:33:45,336 - PaperAgentLogger - INFO - ################## PaperArchitecture_map20x20_rho1_10Agent/K3_HS0/1765556206 - End of loop ##################  
 ####### Case2210 	 Computation time:0.8489730358123779 	 Step28/50	- AllReachGoal-True

2025-12-13 00:33:45,336 - PaperAgentLogger - INFO - current rateReachGoal: 0
2025-12-13 00:33:45,353 - PaperAgentLogger - DEBUG - New map
2025-12-13 00:33:46,741 - PaperAgentLogger - INFO - ################## PaperArchitecture_map20x20_rho1_10Agent/K3_HS0/1765556206 - End of loop ##################  
 ####### Case2211 	 Computation time:1.386786937713623 	 Step44/44	- AllReachGoal-False

2025-12-13 00:33:46,741 - PaperAgentLogger - INFO - current rateReachGoal: 0
2025-12-13 00:33:46,759 - PaperAgentLogger - DEBUG - New map
2025-12-13 00:33:48,467 - PaperAgentLogger - INFO - ################## PaperArchitecture_map20x20_rho1_10Agent/K3_HS0/1765556206 - End of loop ##################  
 ####### Case2212 	 Computation time:1.7077465057373047 	 Step56/56	- AllReachGoal-False

2025-12-13 00:33:48,468 - PaperAgentLogger - INFO - current rateReachGoal: 0
2025-12-13 00:33:48,486 - PaperAgentLogger - DEBUG - New map
2025-12-13 00:33:50,187 - PaperAgentLogger - INFO - ################## PaperArchitecture_map20x20_rho1_10Agent/K3_HS0/1765556206 - End of loop ##################  
 ####### Case2213 	 Computation time:1.7002627849578857 	 Step52/52	- AllReachGoal-False

2025-12-13 00:33:50,187 - PaperAgentLogger - INFO - current rateReachGoal: 0
2025-12-13 00:33:50,204 - PaperAgentLogger - DEBUG - New map
2025-12-13 00:33:50,985 - PaperAgentLogger - INFO - ################## PaperArchitecture_map20x20_rho1_10Agent/K3_HS0/1765556206 - End of loop ##################  
 ####### Case2214 	 Computation time:0.7795248031616211 	 Step24/48	- AllReachGoal-True

2025-12-13 00:33:50,985 - PaperAgentLogger - INFO - current rateReachGoal: 0
2025-12-13 00:33:51,002 - PaperAgentLogger - DEBUG - New map
2025-12-13 00:33:52,643 - PaperAgentLogger - INFO - ################## PaperArchitecture_map20x20_rho1_10Agent/K3_HS0/1765556206 - End of loop ##################  
 ####### Case2215 	 Computation time:1.6402192115783691 	 Step52/52	- AllReachGoal-False

2025-12-13 00:33:52,644 - PaperAgentLogger - INFO - current rateReachGoal: 0
2025-12-13 00:33:52,661 - PaperAgentLogger - DEBUG - New map
2025-12-13 00:33:54,236 - PaperAgentLogger - INFO - ################## PaperArchitecture_map20x20_rho1_10Agent/K3_HS0/1765556206 - End of loop ##################  
 ####### Case2216 	 Computation time:1.5742714405059814 	 Step50/50	- AllReachGoal-False

2025-12-13 00:33:54,237 - PaperAgentLogger - INFO - current rateReachGoal: 0
2025-12-13 00:33:54,255 - PaperAgentLogger - DEBUG - New map
2025-12-13 00:33:55,410 - PaperAgentLogger - INFO - ################## PaperArchitecture_map20x20_rho1_10Agent/K3_HS0/1765556206 - End of loop ##################  
 ####### Case2217 	 Computation time:1.1544406414031982 	 Step35/50	- AllReachGoal-True

2025-12-13 00:33:55,411 - PaperAgentLogger - INFO - current rateReachGoal: 0
2025-12-13 00:33:55,430 - PaperAgentLogger - DEBUG - New map
2025-12-13 00:33:57,277 - PaperAgentLogger - INFO - ################## PaperArchitecture_map20x20_rho1_10Agent/K3_HS0/1765556206 - End of loop ##################  
 ####### Case2218 	 Computation time:1.8462622165679932 	 Step62/62	- AllReachGoal-False

2025-12-13 00:33:57,278 - PaperAgentLogger - INFO - current rateReachGoal: 0
2025-12-13 00:33:57,297 - PaperAgentLogger - DEBUG - New map
2025-12-13 00:33:58,133 - PaperAgentLogger - INFO - ################## PaperArchitecture_map20x20_rho1_10Agent/K3_HS0/1765556206 - End of loop ##################  
 ####### Case2219 	 Computation time:0.8361058235168457 	 Step28/52	- AllReachGoal-True

2025-12-13 00:33:58,134 - PaperAgentLogger - INFO - current rateReachGoal: 0
2025-12-13 00:33:58,153 - PaperAgentLogger - DEBUG - New map
2025-12-13 00:33:59,858 - PaperAgentLogger - INFO - ################## PaperArchitecture_map20x20_rho1_10Agent/K3_HS0/1765556206 - End of loop ##################  
 ####### Case2220 	 Computation time:1.7047042846679688 	 Step56/56	- AllReachGoal-False

2025-12-13 00:33:59,859 - PaperAgentLogger - INFO - current rateReachGoal: 0
2025-12-13 00:33:59,876 - PaperAgentLogger - DEBUG - New map
2025-12-13 00:34:00,773 - PaperAgentLogger - INFO - ################## PaperArchitecture_map20x20_rho1_10Agent/K3_HS0/1765556206 - End of loop ##################  
 ####### Case2221 	 Computation time:0.8964452743530273 	 Step30/48	- AllReachGoal-True

2025-12-13 00:34:00,774 - PaperAgentLogger - INFO - current rateReachGoal: 0
2025-12-13 00:34:00,789 - PaperAgentLogger - DEBUG - New map
2025-12-13 00:34:01,973 - PaperAgentLogger - INFO - ################## PaperArchitecture_map20x20_rho1_10Agent/K3_HS0/1765556206 - End of loop ##################  
 ####### Case2222 	 Computation time:1.1836142539978027 	 Step36/36	- AllReachGoal-False

2025-12-13 00:34:01,974 - PaperAgentLogger - INFO - current rateReachGoal: 0
2025-12-13 00:34:01,990 - PaperAgentLogger - DEBUG - New map
2025-12-13 00:34:03,060 - PaperAgentLogger - INFO - ################## PaperArchitecture_map20x20_rho1_10Agent/K3_HS0/1765556206 - End of loop ##################  
 ####### Case2223 	 Computation time:1.0697813034057617 	 Step35/44	- AllReachGoal-True

2025-12-13 00:34:03,061 - PaperAgentLogger - INFO - current rateReachGoal: 0
2025-12-13 00:34:03,080 - PaperAgentLogger - DEBUG - New map
2025-12-13 00:34:04,130 - PaperAgentLogger - INFO - ################## PaperArchitecture_map20x20_rho1_10Agent/K3_HS0/1765556206 - End of loop ##################  
 ####### Case2224 	 Computation time:1.049910306930542 	 Step33/60	- AllReachGoal-True

2025-12-13 00:34:04,131 - PaperAgentLogger - INFO - current rateReachGoal: 0
2025-12-13 00:34:04,149 - PaperAgentLogger - DEBUG - New map
2025-12-13 00:34:05,020 - PaperAgentLogger - INFO - ################## PaperArchitecture_map20x20_rho1_10Agent/K3_HS0/1765556206 - End of loop ##################  
 ####### Case2225 	 Computation time:0.869870662689209 	 Step27/48	- AllReachGoal-True

2025-12-13 00:34:05,020 - PaperAgentLogger - INFO - current rateReachGoal: 0
2025-12-13 00:34:05,039 - PaperAgentLogger - DEBUG - New map
2025-12-13 00:34:06,644 - PaperAgentLogger - INFO - ################## PaperArchitecture_map20x20_rho1_10Agent/K3_HS0/1765556206 - End of loop ##################  
 ####### Case2226 	 Computation time:1.6051361560821533 	 Step54/54	- AllReachGoal-False

2025-12-13 00:34:06,645 - PaperAgentLogger - INFO - current rateReachGoal: 0
2025-12-13 00:34:06,665 - PaperAgentLogger - DEBUG - New map
2025-12-13 00:34:07,800 - PaperAgentLogger - INFO - ################## PaperArchitecture_map20x20_rho1_10Agent/K3_HS0/1765556206 - End of loop ##################  
 ####### Case2227 	 Computation time:1.134329080581665 	 Step38/52	- AllReachGoal-True

2025-12-13 00:34:07,800 - PaperAgentLogger - INFO - current rateReachGoal: 0
2025-12-13 00:34:07,817 - PaperAgentLogger - DEBUG - New map
2025-12-13 00:34:08,942 - PaperAgentLogger - INFO - ################## PaperArchitecture_map20x20_rho1_10Agent/K3_HS0/1765556206 - End of loop ##################  
 ####### Case2228 	 Computation time:1.1236987113952637 	 Step38/44	- AllReachGoal-True

2025-12-13 00:34:08,942 - PaperAgentLogger - INFO - current rateReachGoal: 0
2025-12-13 00:34:08,961 - PaperAgentLogger - DEBUG - New map
2025-12-13 00:34:10,612 - PaperAgentLogger - INFO - ################## PaperArchitecture_map20x20_rho1_10Agent/K3_HS0/1765556206 - End of loop ##################  
 ####### Case2229 	 Computation time:1.6512866020202637 	 Step56/56	- AllReachGoal-False

2025-12-13 00:34:10,613 - PaperAgentLogger - INFO - current rateReachGoal: 0
2025-12-13 00:34:10,633 - PaperAgentLogger - DEBUG - New map
2025-12-13 00:34:12,406 - PaperAgentLogger - INFO - ################## PaperArchitecture_map20x20_rho1_10Agent/K3_HS0/1765556206 - End of loop ##################  
 ####### Case2230 	 Computation time:1.7724592685699463 	 Step60/60	- AllReachGoal-False

2025-12-13 00:34:12,407 - PaperAgentLogger - INFO - current rateReachGoal: 0
2025-12-13 00:34:12,425 - PaperAgentLogger - DEBUG - New map
2025-12-13 00:34:13,966 - PaperAgentLogger - INFO - ################## PaperArchitecture_map20x20_rho1_10Agent/K3_HS0/1765556206 - End of loop ##################  
 ####### Case2231 	 Computation time:1.5401310920715332 	 Step52/52	- AllReachGoal-False

2025-12-13 00:34:13,967 - PaperAgentLogger - INFO - current rateReachGoal: 0
2025-12-13 00:34:13,983 - PaperAgentLogger - DEBUG - New map
2025-12-13 00:34:15,226 - PaperAgentLogger - INFO - ################## PaperArchitecture_map20x20_rho1_10Agent/K3_HS0/1765556206 - End of loop ##################  
 ####### Case2232 	 Computation time:1.241727352142334 	 Step42/42	- AllReachGoal-False

2025-12-13 00:34:15,226 - PaperAgentLogger - INFO - current rateReachGoal: 0
2025-12-13 00:34:15,246 - PaperAgentLogger - DEBUG - New map
2025-12-13 00:34:17,249 - PaperAgentLogger - INFO - ################## PaperArchitecture_map20x20_rho1_10Agent/K3_HS0/1765556206 - End of loop ##################  
 ####### Case2233 	 Computation time:2.0017664432525635 	 Step66/66	- AllReachGoal-False

2025-12-13 00:34:17,249 - PaperAgentLogger - INFO - current rateReachGoal: 0
2025-12-13 00:34:17,267 - PaperAgentLogger - DEBUG - New map
2025-12-13 00:34:18,749 - PaperAgentLogger - INFO - ################## PaperArchitecture_map20x20_rho1_10Agent/K3_HS0/1765556206 - End of loop ##################  
 ####### Case2234 	 Computation time:1.4817278385162354 	 Step50/50	- AllReachGoal-False

2025-12-13 00:34:18,750 - PaperAgentLogger - INFO - current rateReachGoal: 0
2025-12-13 00:34:18,767 - PaperAgentLogger - DEBUG - New map
2025-12-13 00:34:20,385 - PaperAgentLogger - INFO - ################## PaperArchitecture_map20x20_rho1_10Agent/K3_HS0/1765556206 - End of loop ##################  
 ####### Case2235 	 Computation time:1.6175308227539062 	 Step54/54	- AllReachGoal-False

2025-12-13 00:34:20,386 - PaperAgentLogger - INFO - current rateReachGoal: 0
2025-12-13 00:34:20,403 - PaperAgentLogger - DEBUG - New map
2025-12-13 00:34:21,179 - PaperAgentLogger - INFO - ################## PaperArchitecture_map20x20_rho1_10Agent/K3_HS0/1765556206 - End of loop ##################  
 ####### Case2236 	 Computation time:0.7754876613616943 	 Step26/52	- AllReachGoal-True

2025-12-13 00:34:21,180 - PaperAgentLogger - INFO - current rateReachGoal: 0
2025-12-13 00:34:21,198 - PaperAgentLogger - DEBUG - New map
2025-12-13 00:34:22,446 - PaperAgentLogger - INFO - ################## PaperArchitecture_map20x20_rho1_10Agent/K3_HS0/1765556206 - End of loop ##################  
 ####### Case2237 	 Computation time:1.2474701404571533 	 Step42/56	- AllReachGoal-True

2025-12-13 00:34:22,449 - PaperAgentLogger - INFO - current rateReachGoal: 0
2025-12-13 00:34:22,470 - PaperAgentLogger - DEBUG - New map
2025-12-13 00:34:24,490 - PaperAgentLogger - INFO - ################## PaperArchitecture_map20x20_rho1_10Agent/K3_HS0/1765556206 - End of loop ##################  
 ####### Case2238 	 Computation time:2.019364595413208 	 Step68/68	- AllReachGoal-False

2025-12-13 00:34:24,491 - PaperAgentLogger - INFO - current rateReachGoal: 0
2025-12-13 00:34:24,507 - PaperAgentLogger - DEBUG - New map
2025-12-13 00:34:25,343 - PaperAgentLogger - INFO - ################## PaperArchitecture_map20x20_rho1_10Agent/K3_HS0/1765556206 - End of loop ##################  
 ####### Case2239 	 Computation time:0.8354358673095703 	 Step28/52	- AllReachGoal-True

2025-12-13 00:34:25,343 - PaperAgentLogger - INFO - current rateReachGoal: 0
2025-12-13 00:34:25,361 - PaperAgentLogger - DEBUG - New map
2025-12-13 00:34:26,166 - PaperAgentLogger - INFO - ################## PaperArchitecture_map20x20_rho1_10Agent/K3_HS0/1765556206 - End of loop ##################  
 ####### Case2240 	 Computation time:0.8051719665527344 	 Step27/46	- AllReachGoal-True

2025-12-13 00:34:26,167 - PaperAgentLogger - INFO - current rateReachGoal: 0
2025-12-13 00:34:26,185 - PaperAgentLogger - DEBUG - New map
2025-12-13 00:34:27,017 - PaperAgentLogger - INFO - ################## PaperArchitecture_map20x20_rho1_10Agent/K3_HS0/1765556206 - End of loop ##################  
 ####### Case2241 	 Computation time:0.8314850330352783 	 Step26/50	- AllReachGoal-True

2025-12-13 00:34:27,017 - PaperAgentLogger - INFO - current rateReachGoal: 0
2025-12-13 00:34:27,035 - PaperAgentLogger - DEBUG - New map
2025-12-13 00:34:27,829 - PaperAgentLogger - INFO - ################## PaperArchitecture_map20x20_rho1_10Agent/K3_HS0/1765556206 - End of loop ##################  
 ####### Case2242 	 Computation time:0.7937767505645752 	 Step24/48	- AllReachGoal-True

2025-12-13 00:34:27,832 - PaperAgentLogger - INFO - current rateReachGoal: 0
2025-12-13 00:34:27,851 - PaperAgentLogger - DEBUG - New map
2025-12-13 00:34:28,867 - PaperAgentLogger - INFO - ################## PaperArchitecture_map20x20_rho1_10Agent/K3_HS0/1765556206 - End of loop ##################  
 ####### Case2243 	 Computation time:1.0152411460876465 	 Step34/68	- AllReachGoal-True

2025-12-13 00:34:28,868 - PaperAgentLogger - INFO - current rateReachGoal: 0
2025-12-13 00:34:28,886 - PaperAgentLogger - DEBUG - New map
2025-12-13 00:34:29,697 - PaperAgentLogger - INFO - ################## PaperArchitecture_map20x20_rho1_10Agent/K3_HS0/1765556206 - End of loop ##################  
 ####### Case2244 	 Computation time:0.8099806308746338 	 Step27/50	- AllReachGoal-True

2025-12-13 00:34:29,697 - PaperAgentLogger - INFO - current rateReachGoal: 0
2025-12-13 00:34:29,714 - PaperAgentLogger - DEBUG - New map
2025-12-13 00:34:31,139 - PaperAgentLogger - INFO - ################## PaperArchitecture_map20x20_rho1_10Agent/K3_HS0/1765556206 - End of loop ##################  
 ####### Case2245 	 Computation time:1.4248290061950684 	 Step46/46	- AllReachGoal-False

2025-12-13 00:34:31,140 - PaperAgentLogger - INFO - current rateReachGoal: 0
2025-12-13 00:34:31,158 - PaperAgentLogger - DEBUG - New map
2025-12-13 00:34:32,119 - PaperAgentLogger - INFO - ################## PaperArchitecture_map20x20_rho1_10Agent/K3_HS0/1765556206 - End of loop ##################  
 ####### Case2246 	 Computation time:0.9604568481445312 	 Step30/52	- AllReachGoal-True

2025-12-13 00:34:32,120 - PaperAgentLogger - INFO - current rateReachGoal: 0
2025-12-13 00:34:32,139 - PaperAgentLogger - DEBUG - New map
2025-12-13 00:34:33,137 - PaperAgentLogger - INFO - ################## PaperArchitecture_map20x20_rho1_10Agent/K3_HS0/1765556206 - End of loop ##################  
 ####### Case2247 	 Computation time:0.9976706504821777 	 Step33/62	- AllReachGoal-True

2025-12-13 00:34:33,139 - PaperAgentLogger - INFO - current rateReachGoal: 0
2025-12-13 00:34:33,156 - PaperAgentLogger - DEBUG - New map
2025-12-13 00:34:34,584 - PaperAgentLogger - INFO - ################## PaperArchitecture_map20x20_rho1_10Agent/K3_HS0/1765556206 - End of loop ##################  
 ####### Case2248 	 Computation time:1.4282715320587158 	 Step46/46	- AllReachGoal-False

2025-12-13 00:34:34,585 - PaperAgentLogger - INFO - current rateReachGoal: 0
2025-12-13 00:34:34,604 - PaperAgentLogger - DEBUG - New map
2025-12-13 00:34:35,505 - PaperAgentLogger - INFO - ################## PaperArchitecture_map20x20_rho1_10Agent/K3_HS0/1765556206 - End of loop ##################  
 ####### Case2249 	 Computation time:0.9005892276763916 	 Step30/56	- AllReachGoal-True

2025-12-13 00:34:35,506 - PaperAgentLogger - INFO - current rateReachGoal: 0
2025-12-13 00:34:35,523 - PaperAgentLogger - DEBUG - New map
2025-12-13 00:34:37,202 - PaperAgentLogger - INFO - ################## PaperArchitecture_map20x20_rho1_10Agent/K3_HS0/1765556206 - End of loop ##################  
 ####### Case2250 	 Computation time:1.6783571243286133 	 Step58/58	- AllReachGoal-False

2025-12-13 00:34:37,203 - PaperAgentLogger - INFO - current rateReachGoal: 0
2025-12-13 00:34:37,221 - PaperAgentLogger - DEBUG - New map
2025-12-13 00:34:38,790 - PaperAgentLogger - INFO - ################## PaperArchitecture_map20x20_rho1_10Agent/K3_HS0/1765556206 - End of loop ##################  
 ####### Case2251 	 Computation time:1.5679352283477783 	 Step54/54	- AllReachGoal-False

2025-12-13 00:34:38,791 - PaperAgentLogger - INFO - current rateReachGoal: 0
2025-12-13 00:34:38,808 - PaperAgentLogger - DEBUG - New map
2025-12-13 00:34:40,324 - PaperAgentLogger - INFO - ################## PaperArchitecture_map20x20_rho1_10Agent/K3_HS0/1765556206 - End of loop ##################  
 ####### Case2252 	 Computation time:1.5155727863311768 	 Step52/52	- AllReachGoal-False

2025-12-13 00:34:40,325 - PaperAgentLogger - INFO - current rateReachGoal: 0
2025-12-13 00:34:40,342 - PaperAgentLogger - DEBUG - New map
2025-12-13 00:34:40,988 - PaperAgentLogger - INFO - ################## PaperArchitecture_map20x20_rho1_10Agent/K3_HS0/1765556206 - End of loop ##################  
 ####### Case2253 	 Computation time:0.6455330848693848 	 Step22/42	- AllReachGoal-True

2025-12-13 00:34:40,988 - PaperAgentLogger - INFO - current rateReachGoal: 0
2025-12-13 00:34:41,008 - PaperAgentLogger - DEBUG - New map
2025-12-13 00:34:42,027 - PaperAgentLogger - INFO - ################## PaperArchitecture_map20x20_rho1_10Agent/K3_HS0/1765556206 - End of loop ##################  
 ####### Case2254 	 Computation time:1.0184869766235352 	 Step34/58	- AllReachGoal-True

2025-12-13 00:34:42,027 - PaperAgentLogger - INFO - current rateReachGoal: 0
2025-12-13 00:34:42,044 - PaperAgentLogger - DEBUG - New map
2025-12-13 00:34:43,571 - PaperAgentLogger - INFO - ################## PaperArchitecture_map20x20_rho1_10Agent/K3_HS0/1765556206 - End of loop ##################  
 ####### Case2255 	 Computation time:1.5258708000183105 	 Step50/50	- AllReachGoal-False

2025-12-13 00:34:43,572 - PaperAgentLogger - INFO - current rateReachGoal: 0
2025-12-13 00:34:43,591 - PaperAgentLogger - DEBUG - New map
2025-12-13 00:34:44,439 - PaperAgentLogger - INFO - ################## PaperArchitecture_map20x20_rho1_10Agent/K3_HS0/1765556206 - End of loop ##################  
 ####### Case2256 	 Computation time:0.8476879596710205 	 Step29/58	- AllReachGoal-True

2025-12-13 00:34:44,441 - PaperAgentLogger - INFO - current rateReachGoal: 0
2025-12-13 00:34:44,460 - PaperAgentLogger - DEBUG - New map
2025-12-13 00:34:45,369 - PaperAgentLogger - INFO - ################## PaperArchitecture_map20x20_rho1_10Agent/K3_HS0/1765556206 - End of loop ##################  
 ####### Case2257 	 Computation time:0.9081730842590332 	 Step28/56	- AllReachGoal-True

2025-12-13 00:34:45,369 - PaperAgentLogger - INFO - current rateReachGoal: 0
2025-12-13 00:34:45,389 - PaperAgentLogger - DEBUG - New map
2025-12-13 00:34:46,299 - PaperAgentLogger - INFO - ################## PaperArchitecture_map20x20_rho1_10Agent/K3_HS0/1765556206 - End of loop ##################  
 ####### Case2258 	 Computation time:0.908926248550415 	 Step30/60	- AllReachGoal-True

2025-12-13 00:34:46,300 - PaperAgentLogger - INFO - current rateReachGoal: 0
2025-12-13 00:34:46,320 - PaperAgentLogger - DEBUG - New map
2025-12-13 00:34:47,474 - PaperAgentLogger - INFO - ################## PaperArchitecture_map20x20_rho1_10Agent/K3_HS0/1765556206 - End of loop ##################  
 ####### Case2259 	 Computation time:1.1534290313720703 	 Step39/74	- AllReachGoal-True

2025-12-13 00:34:47,475 - PaperAgentLogger - INFO - current rateReachGoal: 0
2025-12-13 00:34:47,493 - PaperAgentLogger - DEBUG - New map
2025-12-13 00:34:48,850 - PaperAgentLogger - INFO - ################## PaperArchitecture_map20x20_rho1_10Agent/K3_HS0/1765556206 - End of loop ##################  
 ####### Case2260 	 Computation time:1.3568642139434814 	 Step46/46	- AllReachGoal-False

2025-12-13 00:34:48,851 - PaperAgentLogger - INFO - current rateReachGoal: 0
2025-12-13 00:34:48,869 - PaperAgentLogger - DEBUG - New map
2025-12-13 00:34:50,007 - PaperAgentLogger - INFO - ################## PaperArchitecture_map20x20_rho1_10Agent/K3_HS0/1765556206 - End of loop ##################  
 ####### Case2261 	 Computation time:1.138002634048462 	 Step35/50	- AllReachGoal-True

2025-12-13 00:34:50,009 - PaperAgentLogger - INFO - current rateReachGoal: 0
2025-12-13 00:34:50,027 - PaperAgentLogger - DEBUG - New map
2025-12-13 00:34:51,630 - PaperAgentLogger - INFO - ################## PaperArchitecture_map20x20_rho1_10Agent/K3_HS0/1765556206 - End of loop ##################  
 ####### Case2262 	 Computation time:1.601642370223999 	 Step50/50	- AllReachGoal-False

2025-12-13 00:34:51,630 - PaperAgentLogger - INFO - current rateReachGoal: 0
2025-12-13 00:34:51,650 - PaperAgentLogger - DEBUG - New map
2025-12-13 00:34:52,744 - PaperAgentLogger - INFO - ################## PaperArchitecture_map20x20_rho1_10Agent/K3_HS0/1765556206 - End of loop ##################  
 ####### Case2263 	 Computation time:1.093897819519043 	 Step35/66	- AllReachGoal-True

2025-12-13 00:34:52,745 - PaperAgentLogger - INFO - current rateReachGoal: 0
2025-12-13 00:34:52,762 - PaperAgentLogger - DEBUG - New map
2025-12-13 00:34:53,549 - PaperAgentLogger - INFO - ################## PaperArchitecture_map20x20_rho1_10Agent/K3_HS0/1765556206 - End of loop ##################  
 ####### Case2264 	 Computation time:0.7873945236206055 	 Step25/50	- AllReachGoal-True

2025-12-13 00:34:53,550 - PaperAgentLogger - INFO - current rateReachGoal: 0
2025-12-13 00:34:53,568 - PaperAgentLogger - DEBUG - New map
2025-12-13 00:34:54,885 - PaperAgentLogger - INFO - ################## PaperArchitecture_map20x20_rho1_10Agent/K3_HS0/1765556206 - End of loop ##################  
 ####### Case2265 	 Computation time:1.3166229724884033 	 Step41/64	- AllReachGoal-True

2025-12-13 00:34:54,886 - PaperAgentLogger - INFO - current rateReachGoal: 0
2025-12-13 00:34:54,904 - PaperAgentLogger - DEBUG - New map
2025-12-13 00:34:56,398 - PaperAgentLogger - INFO - ################## PaperArchitecture_map20x20_rho1_10Agent/K3_HS0/1765556206 - End of loop ##################  
 ####### Case2266 	 Computation time:1.4931507110595703 	 Step48/48	- AllReachGoal-False

2025-12-13 00:34:56,398 - PaperAgentLogger - INFO - current rateReachGoal: 0
2025-12-13 00:34:56,415 - PaperAgentLogger - DEBUG - New map
2025-12-13 00:34:58,010 - PaperAgentLogger - INFO - ################## PaperArchitecture_map20x20_rho1_10Agent/K3_HS0/1765556206 - End of loop ##################  
 ####### Case2267 	 Computation time:1.5943870544433594 	 Step52/52	- AllReachGoal-False

2025-12-13 00:34:58,011 - PaperAgentLogger - INFO - current rateReachGoal: 0
2025-12-13 00:34:58,030 - PaperAgentLogger - DEBUG - New map
2025-12-13 00:34:59,022 - PaperAgentLogger - INFO - ################## PaperArchitecture_map20x20_rho1_10Agent/K3_HS0/1765556206 - End of loop ##################  
 ####### Case2268 	 Computation time:0.9917018413543701 	 Step33/58	- AllReachGoal-True

2025-12-13 00:34:59,023 - PaperAgentLogger - INFO - current rateReachGoal: 0
2025-12-13 00:34:59,039 - PaperAgentLogger - DEBUG - New map
2025-12-13 00:35:00,579 - PaperAgentLogger - INFO - ################## PaperArchitecture_map20x20_rho1_10Agent/K3_HS0/1765556206 - End of loop ##################  
 ####### Case2269 	 Computation time:1.5394845008850098 	 Step50/50	- AllReachGoal-False

2025-12-13 00:35:00,580 - PaperAgentLogger - INFO - current rateReachGoal: 0
2025-12-13 00:35:00,596 - PaperAgentLogger - DEBUG - New map
2025-12-13 00:35:01,318 - PaperAgentLogger - INFO - ################## PaperArchitecture_map20x20_rho1_10Agent/K3_HS0/1765556206 - End of loop ##################  
 ####### Case2270 	 Computation time:0.7217574119567871 	 Step22/40	- AllReachGoal-True

2025-12-13 00:35:01,319 - PaperAgentLogger - INFO - current rateReachGoal: 0
2025-12-13 00:35:01,336 - PaperAgentLogger - DEBUG - New map
2025-12-13 00:35:02,674 - PaperAgentLogger - INFO - ################## PaperArchitecture_map20x20_rho1_10Agent/K3_HS0/1765556206 - End of loop ##################  
 ####### Case2271 	 Computation time:1.3369214534759521 	 Step41/50	- AllReachGoal-True

2025-12-13 00:35:02,675 - PaperAgentLogger - INFO - current rateReachGoal: 0
2025-12-13 00:35:02,692 - PaperAgentLogger - DEBUG - New map
2025-12-13 00:35:04,214 - PaperAgentLogger - INFO - ################## PaperArchitecture_map20x20_rho1_10Agent/K3_HS0/1765556206 - End of loop ##################  
 ####### Case2272 	 Computation time:1.521709680557251 	 Step48/48	- AllReachGoal-False

2025-12-13 00:35:04,215 - PaperAgentLogger - INFO - current rateReachGoal: 0
2025-12-13 00:35:04,234 - PaperAgentLogger - DEBUG - New map
2025-12-13 00:35:05,058 - PaperAgentLogger - INFO - ################## PaperArchitecture_map20x20_rho1_10Agent/K3_HS0/1765556206 - End of loop ##################  
 ####### Case2273 	 Computation time:0.8230023384094238 	 Step27/46	- AllReachGoal-True

2025-12-13 00:35:05,059 - PaperAgentLogger - INFO - current rateReachGoal: 0
2025-12-13 00:35:05,077 - PaperAgentLogger - DEBUG - New map
2025-12-13 00:35:06,930 - PaperAgentLogger - INFO - ################## PaperArchitecture_map20x20_rho1_10Agent/K3_HS0/1765556206 - End of loop ##################  
 ####### Case2274 	 Computation time:1.8521947860717773 	 Step64/64	- AllReachGoal-False

2025-12-13 00:35:06,930 - PaperAgentLogger - INFO - current rateReachGoal: 0
2025-12-13 00:35:06,948 - PaperAgentLogger - DEBUG - New map
2025-12-13 00:35:07,699 - PaperAgentLogger - INFO - ################## PaperArchitecture_map20x20_rho1_10Agent/K3_HS0/1765556206 - End of loop ##################  
 ####### Case2275 	 Computation time:0.7499227523803711 	 Step25/46	- AllReachGoal-True

2025-12-13 00:35:07,701 - PaperAgentLogger - INFO - current rateReachGoal: 0
2025-12-13 00:35:07,715 - PaperAgentLogger - DEBUG - New map
2025-12-13 00:35:08,331 - PaperAgentLogger - INFO - ################## PaperArchitecture_map20x20_rho1_10Agent/K3_HS0/1765556206 - End of loop ##################  
 ####### Case2276 	 Computation time:0.6150736808776855 	 Step21/38	- AllReachGoal-True

2025-12-13 00:35:08,332 - PaperAgentLogger - INFO - current rateReachGoal: 0
2025-12-13 00:35:08,349 - PaperAgentLogger - DEBUG - New map
2025-12-13 00:35:09,858 - PaperAgentLogger - INFO - ################## PaperArchitecture_map20x20_rho1_10Agent/K3_HS0/1765556206 - End of loop ##################  
 ####### Case2277 	 Computation time:1.5090973377227783 	 Step52/52	- AllReachGoal-False

2025-12-13 00:35:09,859 - PaperAgentLogger - INFO - current rateReachGoal: 0
2025-12-13 00:35:09,875 - PaperAgentLogger - DEBUG - New map
2025-12-13 00:35:10,603 - PaperAgentLogger - INFO - ################## PaperArchitecture_map20x20_rho1_10Agent/K3_HS0/1765556206 - End of loop ##################  
 ####### Case2278 	 Computation time:0.7282698154449463 	 Step25/42	- AllReachGoal-True

2025-12-13 00:35:10,604 - PaperAgentLogger - INFO - current rateReachGoal: 0
2025-12-13 00:35:10,622 - PaperAgentLogger - DEBUG - New map
2025-12-13 00:35:11,379 - PaperAgentLogger - INFO - ################## PaperArchitecture_map20x20_rho1_10Agent/K3_HS0/1765556206 - End of loop ##################  
 ####### Case2279 	 Computation time:0.7564780712127686 	 Step26/46	- AllReachGoal-True

2025-12-13 00:35:11,380 - PaperAgentLogger - INFO - current rateReachGoal: 0
2025-12-13 00:35:11,399 - PaperAgentLogger - DEBUG - New map
2025-12-13 00:35:12,414 - PaperAgentLogger - INFO - ################## PaperArchitecture_map20x20_rho1_10Agent/K3_HS0/1765556206 - End of loop ##################  
 ####### Case2280 	 Computation time:1.014111042022705 	 Step35/66	- AllReachGoal-True

2025-12-13 00:35:12,415 - PaperAgentLogger - INFO - current rateReachGoal: 0
2025-12-13 00:35:12,434 - PaperAgentLogger - DEBUG - New map
2025-12-13 00:35:14,414 - PaperAgentLogger - INFO - ################## PaperArchitecture_map20x20_rho1_10Agent/K3_HS0/1765556206 - End of loop ##################  
 ####### Case2281 	 Computation time:1.9793343544006348 	 Step68/68	- AllReachGoal-False

2025-12-13 00:35:14,415 - PaperAgentLogger - INFO - current rateReachGoal: 0
2025-12-13 00:35:14,431 - PaperAgentLogger - DEBUG - New map
2025-12-13 00:35:15,289 - PaperAgentLogger - INFO - ################## PaperArchitecture_map20x20_rho1_10Agent/K3_HS0/1765556206 - End of loop ##################  
 ####### Case2282 	 Computation time:0.85733962059021 	 Step29/46	- AllReachGoal-True

2025-12-13 00:35:15,290 - PaperAgentLogger - INFO - current rateReachGoal: 0
2025-12-13 00:35:15,306 - PaperAgentLogger - DEBUG - New map
2025-12-13 00:35:16,055 - PaperAgentLogger - INFO - ################## PaperArchitecture_map20x20_rho1_10Agent/K3_HS0/1765556206 - End of loop ##################  
 ####### Case2283 	 Computation time:0.7486770153045654 	 Step24/44	- AllReachGoal-True

2025-12-13 00:35:16,056 - PaperAgentLogger - INFO - current rateReachGoal: 0
2025-12-13 00:35:16,076 - PaperAgentLogger - DEBUG - New map
2025-12-13 00:35:17,322 - PaperAgentLogger - INFO - ################## PaperArchitecture_map20x20_rho1_10Agent/K3_HS0/1765556206 - End of loop ##################  
 ####### Case2284 	 Computation time:1.2458181381225586 	 Step43/64	- AllReachGoal-True

2025-12-13 00:35:17,323 - PaperAgentLogger - INFO - current rateReachGoal: 0
2025-12-13 00:35:17,341 - PaperAgentLogger - DEBUG - New map
2025-12-13 00:35:18,897 - PaperAgentLogger - INFO - ################## PaperArchitecture_map20x20_rho1_10Agent/K3_HS0/1765556206 - End of loop ##################  
 ####### Case2285 	 Computation time:1.5553176403045654 	 Step51/58	- AllReachGoal-True

2025-12-13 00:35:18,898 - PaperAgentLogger - INFO - current rateReachGoal: 0
2025-12-13 00:35:18,914 - PaperAgentLogger - DEBUG - New map
2025-12-13 00:35:20,251 - PaperAgentLogger - INFO - ################## PaperArchitecture_map20x20_rho1_10Agent/K3_HS0/1765556206 - End of loop ##################  
 ####### Case2286 	 Computation time:1.3363540172576904 	 Step46/46	- AllReachGoal-False

2025-12-13 00:35:20,254 - PaperAgentLogger - INFO - current rateReachGoal: 0
2025-12-13 00:35:20,272 - PaperAgentLogger - DEBUG - New map
2025-12-13 00:35:21,118 - PaperAgentLogger - INFO - ################## PaperArchitecture_map20x20_rho1_10Agent/K3_HS0/1765556206 - End of loop ##################  
 ####### Case2287 	 Computation time:0.8456270694732666 	 Step29/56	- AllReachGoal-True

2025-12-13 00:35:21,119 - PaperAgentLogger - INFO - current rateReachGoal: 0
2025-12-13 00:35:21,134 - PaperAgentLogger - DEBUG - New map
2025-12-13 00:35:21,723 - PaperAgentLogger - INFO - ################## PaperArchitecture_map20x20_rho1_10Agent/K3_HS0/1765556206 - End of loop ##################  
 ####### Case2288 	 Computation time:0.588517427444458 	 Step20/40	- AllReachGoal-True

2025-12-13 00:35:21,724 - PaperAgentLogger - INFO - current rateReachGoal: 0
2025-12-13 00:35:21,744 - PaperAgentLogger - DEBUG - New map
2025-12-13 00:35:23,651 - PaperAgentLogger - INFO - ################## PaperArchitecture_map20x20_rho1_10Agent/K3_HS0/1765556206 - End of loop ##################  
 ####### Case2289 	 Computation time:1.907019853591919 	 Step66/66	- AllReachGoal-False

2025-12-13 00:35:23,652 - PaperAgentLogger - INFO - current rateReachGoal: 0
2025-12-13 00:35:23,672 - PaperAgentLogger - DEBUG - New map
2025-12-13 00:35:24,687 - PaperAgentLogger - INFO - ################## PaperArchitecture_map20x20_rho1_10Agent/K3_HS0/1765556206 - End of loop ##################  
 ####### Case2290 	 Computation time:1.0145437717437744 	 Step35/70	- AllReachGoal-True

2025-12-13 00:35:24,688 - PaperAgentLogger - INFO - current rateReachGoal: 0
2025-12-13 00:35:24,705 - PaperAgentLogger - DEBUG - New map
2025-12-13 00:35:25,757 - PaperAgentLogger - INFO - ################## PaperArchitecture_map20x20_rho1_10Agent/K3_HS0/1765556206 - End of loop ##################  
 ####### Case2291 	 Computation time:1.0519099235534668 	 Step34/48	- AllReachGoal-True

2025-12-13 00:35:25,758 - PaperAgentLogger - INFO - current rateReachGoal: 0
2025-12-13 00:35:25,774 - PaperAgentLogger - DEBUG - New map
2025-12-13 00:35:26,535 - PaperAgentLogger - INFO - ################## PaperArchitecture_map20x20_rho1_10Agent/K3_HS0/1765556206 - End of loop ##################  
 ####### Case2292 	 Computation time:0.759941577911377 	 Step26/48	- AllReachGoal-True

2025-12-13 00:35:26,536 - PaperAgentLogger - INFO - current rateReachGoal: 0
2025-12-13 00:35:26,552 - PaperAgentLogger - DEBUG - New map
2025-12-13 00:35:27,987 - PaperAgentLogger - INFO - ################## PaperArchitecture_map20x20_rho1_10Agent/K3_HS0/1765556206 - End of loop ##################  
 ####### Case2293 	 Computation time:1.4345836639404297 	 Step48/48	- AllReachGoal-False

2025-12-13 00:35:27,987 - PaperAgentLogger - INFO - current rateReachGoal: 0
2025-12-13 00:35:28,004 - PaperAgentLogger - DEBUG - New map
2025-12-13 00:35:29,771 - PaperAgentLogger - INFO - ################## PaperArchitecture_map20x20_rho1_10Agent/K3_HS0/1765556206 - End of loop ##################  
 ####### Case2294 	 Computation time:1.7661643028259277 	 Step56/56	- AllReachGoal-False

2025-12-13 00:35:29,772 - PaperAgentLogger - INFO - current rateReachGoal: 0
2025-12-13 00:35:29,791 - PaperAgentLogger - DEBUG - New map
2025-12-13 00:35:30,841 - PaperAgentLogger - INFO - ################## PaperArchitecture_map20x20_rho1_10Agent/K3_HS0/1765556206 - End of loop ##################  
 ####### Case2295 	 Computation time:1.048757791519165 	 Step32/60	- AllReachGoal-True

2025-12-13 00:35:30,843 - PaperAgentLogger - INFO - current rateReachGoal: 0
2025-12-13 00:35:30,862 - PaperAgentLogger - DEBUG - New map
2025-12-13 00:35:31,737 - PaperAgentLogger - INFO - ################## PaperArchitecture_map20x20_rho1_10Agent/K3_HS0/1765556206 - End of loop ##################  
 ####### Case2296 	 Computation time:0.8747403621673584 	 Step27/54	- AllReachGoal-True

2025-12-13 00:35:31,738 - PaperAgentLogger - INFO - current rateReachGoal: 0
2025-12-13 00:35:31,754 - PaperAgentLogger - DEBUG - New map
2025-12-13 00:35:33,385 - PaperAgentLogger - INFO - ################## PaperArchitecture_map20x20_rho1_10Agent/K3_HS0/1765556206 - End of loop ##################  
 ####### Case2297 	 Computation time:1.6295485496520996 	 Step52/52	- AllReachGoal-False

2025-12-13 00:35:33,385 - PaperAgentLogger - INFO - current rateReachGoal: 0
2025-12-13 00:35:33,405 - PaperAgentLogger - DEBUG - New map
2025-12-13 00:35:34,567 - PaperAgentLogger - INFO - ################## PaperArchitecture_map20x20_rho1_10Agent/K3_HS0/1765556206 - End of loop ##################  
 ####### Case2298 	 Computation time:1.1617100238800049 	 Step38/64	- AllReachGoal-True

2025-12-13 00:35:34,568 - PaperAgentLogger - INFO - current rateReachGoal: 0
2025-12-13 00:35:34,584 - PaperAgentLogger - DEBUG - New map
2025-12-13 00:35:35,547 - PaperAgentLogger - INFO - ################## PaperArchitecture_map20x20_rho1_10Agent/K3_HS0/1765556206 - End of loop ##################  
 ####### Case2299 	 Computation time:0.9624283313751221 	 Step33/44	- AllReachGoal-True

2025-12-13 00:35:35,547 - PaperAgentLogger - INFO - current rateReachGoal: 0
2025-12-13 00:35:35,565 - PaperAgentLogger - DEBUG - New map
2025-12-13 00:35:36,358 - PaperAgentLogger - INFO - ################## PaperArchitecture_map20x20_rho1_10Agent/K3_HS0/1765556206 - End of loop ##################  
 ####### Case2300 	 Computation time:0.7920958995819092 	 Step26/52	- AllReachGoal-True

2025-12-13 00:35:36,360 - PaperAgentLogger - INFO - current rateReachGoal: 0
2025-12-13 00:35:36,379 - PaperAgentLogger - DEBUG - New map
2025-12-13 00:35:38,147 - PaperAgentLogger - INFO - ################## PaperArchitecture_map20x20_rho1_10Agent/K3_HS0/1765556206 - End of loop ##################  
 ####### Case2301 	 Computation time:1.7680938243865967 	 Step58/58	- AllReachGoal-False

2025-12-13 00:35:38,148 - PaperAgentLogger - INFO - current rateReachGoal: 0
2025-12-13 00:35:38,168 - PaperAgentLogger - DEBUG - New map
2025-12-13 00:35:40,187 - PaperAgentLogger - INFO - ################## PaperArchitecture_map20x20_rho1_10Agent/K3_HS0/1765556206 - End of loop ##################  
 ####### Case2302 	 Computation time:2.018477439880371 	 Step68/68	- AllReachGoal-False

2025-12-13 00:35:40,188 - PaperAgentLogger - INFO - current rateReachGoal: 0
2025-12-13 00:35:40,206 - PaperAgentLogger - DEBUG - New map
2025-12-13 00:35:41,138 - PaperAgentLogger - INFO - ################## PaperArchitecture_map20x20_rho1_10Agent/K3_HS0/1765556206 - End of loop ##################  
 ####### Case2303 	 Computation time:0.931239128112793 	 Step31/52	- AllReachGoal-True

2025-12-13 00:35:41,139 - PaperAgentLogger - INFO - current rateReachGoal: 0
2025-12-13 00:35:41,159 - PaperAgentLogger - DEBUG - New map
2025-12-13 00:35:41,961 - PaperAgentLogger - INFO - ################## PaperArchitecture_map20x20_rho1_10Agent/K3_HS0/1765556206 - End of loop ##################  
 ####### Case2304 	 Computation time:0.8018467426300049 	 Step27/54	- AllReachGoal-True

2025-12-13 00:35:41,963 - PaperAgentLogger - INFO - current rateReachGoal: 0
2025-12-13 00:35:41,981 - PaperAgentLogger - DEBUG - New map
2025-12-13 00:35:42,726 - PaperAgentLogger - INFO - ################## PaperArchitecture_map20x20_rho1_10Agent/K3_HS0/1765556206 - End of loop ##################  
 ####### Case2305 	 Computation time:0.7442867755889893 	 Step25/48	- AllReachGoal-True

2025-12-13 00:35:42,726 - PaperAgentLogger - INFO - current rateReachGoal: 0
2025-12-13 00:35:42,745 - PaperAgentLogger - DEBUG - New map
2025-12-13 00:35:44,457 - PaperAgentLogger - INFO - ################## PaperArchitecture_map20x20_rho1_10Agent/K3_HS0/1765556206 - End of loop ##################  
 ####### Case2306 	 Computation time:1.711613416671753 	 Step58/58	- AllReachGoal-False

2025-12-13 00:35:44,458 - PaperAgentLogger - INFO - current rateReachGoal: 0
2025-12-13 00:35:44,480 - PaperAgentLogger - DEBUG - New map
2025-12-13 00:35:46,384 - PaperAgentLogger - INFO - ################## PaperArchitecture_map20x20_rho1_10Agent/K3_HS0/1765556206 - End of loop ##################  
 ####### Case2307 	 Computation time:1.9026188850402832 	 Step64/64	- AllReachGoal-False

2025-12-13 00:35:46,384 - PaperAgentLogger - INFO - current rateReachGoal: 0
2025-12-13 00:35:46,402 - PaperAgentLogger - DEBUG - New map
2025-12-13 00:35:47,935 - PaperAgentLogger - INFO - ################## PaperArchitecture_map20x20_rho1_10Agent/K3_HS0/1765556206 - End of loop ##################  
 ####### Case2308 	 Computation time:1.5327420234680176 	 Step52/52	- AllReachGoal-False

2025-12-13 00:35:47,936 - PaperAgentLogger - INFO - current rateReachGoal: 0
2025-12-13 00:35:47,953 - PaperAgentLogger - DEBUG - New map
2025-12-13 00:35:48,880 - PaperAgentLogger - INFO - ################## PaperArchitecture_map20x20_rho1_10Agent/K3_HS0/1765556206 - End of loop ##################  
 ####### Case2309 	 Computation time:0.9257640838623047 	 Step31/48	- AllReachGoal-True

2025-12-13 00:35:48,880 - PaperAgentLogger - INFO - current rateReachGoal: 0
2025-12-13 00:35:48,900 - PaperAgentLogger - DEBUG - New map
2025-12-13 00:35:50,533 - PaperAgentLogger - INFO - ################## PaperArchitecture_map20x20_rho1_10Agent/K3_HS0/1765556206 - End of loop ##################  
 ####### Case2310 	 Computation time:1.632425308227539 	 Step55/60	- AllReachGoal-True

2025-12-13 00:35:50,534 - PaperAgentLogger - INFO - current rateReachGoal: 0
2025-12-13 00:35:50,552 - PaperAgentLogger - DEBUG - New map
2025-12-13 00:35:51,328 - PaperAgentLogger - INFO - ################## PaperArchitecture_map20x20_rho1_10Agent/K3_HS0/1765556206 - End of loop ##################  
 ####### Case2311 	 Computation time:0.7754521369934082 	 Step26/52	- AllReachGoal-True

2025-12-13 00:35:51,329 - PaperAgentLogger - INFO - current rateReachGoal: 0
2025-12-13 00:35:51,347 - PaperAgentLogger - DEBUG - New map
2025-12-13 00:35:53,024 - PaperAgentLogger - INFO - ################## PaperArchitecture_map20x20_rho1_10Agent/K3_HS0/1765556206 - End of loop ##################  
 ####### Case2312 	 Computation time:1.6762754917144775 	 Step56/56	- AllReachGoal-False

2025-12-13 00:35:53,027 - PaperAgentLogger - INFO - current rateReachGoal: 0
2025-12-13 00:35:53,046 - PaperAgentLogger - DEBUG - New map
2025-12-13 00:35:54,027 - PaperAgentLogger - INFO - ################## PaperArchitecture_map20x20_rho1_10Agent/K3_HS0/1765556206 - End of loop ##################  
 ####### Case2313 	 Computation time:0.9808986186981201 	 Step33/58	- AllReachGoal-True

2025-12-13 00:35:54,028 - PaperAgentLogger - INFO - current rateReachGoal: 0
2025-12-13 00:35:54,045 - PaperAgentLogger - DEBUG - New map
2025-12-13 00:35:54,962 - PaperAgentLogger - INFO - ################## PaperArchitecture_map20x20_rho1_10Agent/K3_HS0/1765556206 - End of loop ##################  
 ####### Case2314 	 Computation time:0.9167001247406006 	 Step31/44	- AllReachGoal-True

2025-12-13 00:35:54,963 - PaperAgentLogger - INFO - current rateReachGoal: 0
2025-12-13 00:35:54,978 - PaperAgentLogger - DEBUG - New map
2025-12-13 00:35:55,655 - PaperAgentLogger - INFO - ################## PaperArchitecture_map20x20_rho1_10Agent/K3_HS0/1765556206 - End of loop ##################  
 ####### Case2315 	 Computation time:0.6762359142303467 	 Step21/42	- AllReachGoal-True

2025-12-13 00:35:55,656 - PaperAgentLogger - INFO - current rateReachGoal: 0
2025-12-13 00:35:55,677 - PaperAgentLogger - DEBUG - New map
2025-12-13 00:35:57,403 - PaperAgentLogger - INFO - ################## PaperArchitecture_map20x20_rho1_10Agent/K3_HS0/1765556206 - End of loop ##################  
 ####### Case2316 	 Computation time:1.7255430221557617 	 Step56/64	- AllReachGoal-True

2025-12-13 00:35:57,404 - PaperAgentLogger - INFO - current rateReachGoal: 0
2025-12-13 00:35:57,421 - PaperAgentLogger - DEBUG - New map
2025-12-13 00:35:58,449 - PaperAgentLogger - INFO - ################## PaperArchitecture_map20x20_rho1_10Agent/K3_HS0/1765556206 - End of loop ##################  
 ####### Case2317 	 Computation time:1.0274631977081299 	 Step34/44	- AllReachGoal-True

2025-12-13 00:35:58,449 - PaperAgentLogger - INFO - current rateReachGoal: 0
2025-12-13 00:35:58,466 - PaperAgentLogger - DEBUG - New map
2025-12-13 00:35:59,230 - PaperAgentLogger - INFO - ################## PaperArchitecture_map20x20_rho1_10Agent/K3_HS0/1765556206 - End of loop ##################  
 ####### Case2318 	 Computation time:0.7635760307312012 	 Step25/48	- AllReachGoal-True

2025-12-13 00:35:59,230 - PaperAgentLogger - INFO - current rateReachGoal: 0
2025-12-13 00:35:59,250 - PaperAgentLogger - DEBUG - New map
2025-12-13 00:36:01,161 - PaperAgentLogger - INFO - ################## PaperArchitecture_map20x20_rho1_10Agent/K3_HS0/1765556206 - End of loop ##################  
 ####### Case2319 	 Computation time:1.9108867645263672 	 Step62/62	- AllReachGoal-False

2025-12-13 00:36:01,162 - PaperAgentLogger - INFO - current rateReachGoal: 0
2025-12-13 00:36:01,181 - PaperAgentLogger - DEBUG - New map
2025-12-13 00:36:02,459 - PaperAgentLogger - INFO - ################## PaperArchitecture_map20x20_rho1_10Agent/K3_HS0/1765556206 - End of loop ##################  
 ####### Case2320 	 Computation time:1.2773113250732422 	 Step42/62	- AllReachGoal-True

2025-12-13 00:36:02,460 - PaperAgentLogger - INFO - current rateReachGoal: 0
2025-12-13 00:36:02,478 - PaperAgentLogger - DEBUG - New map
2025-12-13 00:36:03,284 - PaperAgentLogger - INFO - ################## PaperArchitecture_map20x20_rho1_10Agent/K3_HS0/1765556206 - End of loop ##################  
 ####### Case2321 	 Computation time:0.8057515621185303 	 Step26/52	- AllReachGoal-True

2025-12-13 00:36:03,285 - PaperAgentLogger - INFO - current rateReachGoal: 0
2025-12-13 00:36:03,304 - PaperAgentLogger - DEBUG - New map
2025-12-13 00:36:05,308 - PaperAgentLogger - INFO - ################## PaperArchitecture_map20x20_rho1_10Agent/K3_HS0/1765556206 - End of loop ##################  
 ####### Case2322 	 Computation time:2.0034444332122803 	 Step62/62	- AllReachGoal-False

2025-12-13 00:36:05,309 - PaperAgentLogger - INFO - current rateReachGoal: 0
2025-12-13 00:36:05,328 - PaperAgentLogger - DEBUG - New map
2025-12-13 00:36:06,386 - PaperAgentLogger - INFO - ################## PaperArchitecture_map20x20_rho1_10Agent/K3_HS0/1765556206 - End of loop ##################  
 ####### Case2323 	 Computation time:1.0575783252716064 	 Step33/64	- AllReachGoal-True

2025-12-13 00:36:06,389 - PaperAgentLogger - INFO - current rateReachGoal: 0
2025-12-13 00:36:06,405 - PaperAgentLogger - DEBUG - New map
2025-12-13 00:36:07,398 - PaperAgentLogger - INFO - ################## PaperArchitecture_map20x20_rho1_10Agent/K3_HS0/1765556206 - End of loop ##################  
 ####### Case2324 	 Computation time:0.9926149845123291 	 Step30/46	- AllReachGoal-True

2025-12-13 00:36:07,399 - PaperAgentLogger - INFO - current rateReachGoal: 0
2025-12-13 00:36:07,416 - PaperAgentLogger - DEBUG - New map
2025-12-13 00:36:08,792 - PaperAgentLogger - INFO - ################## PaperArchitecture_map20x20_rho1_10Agent/K3_HS0/1765556206 - End of loop ##################  
 ####### Case2325 	 Computation time:1.3758246898651123 	 Step46/46	- AllReachGoal-False

2025-12-13 00:36:08,793 - PaperAgentLogger - INFO - current rateReachGoal: 0
2025-12-13 00:36:08,812 - PaperAgentLogger - DEBUG - New map
2025-12-13 00:36:10,595 - PaperAgentLogger - INFO - ################## PaperArchitecture_map20x20_rho1_10Agent/K3_HS0/1765556206 - End of loop ##################  
 ####### Case2326 	 Computation time:1.7826530933380127 	 Step58/58	- AllReachGoal-False

2025-12-13 00:36:10,596 - PaperAgentLogger - INFO - current rateReachGoal: 0
2025-12-13 00:36:10,618 - PaperAgentLogger - DEBUG - New map
2025-12-13 00:36:11,713 - PaperAgentLogger - INFO - ################## PaperArchitecture_map20x20_rho1_10Agent/K3_HS0/1765556206 - End of loop ##################  
 ####### Case2327 	 Computation time:1.0947039127349854 	 Step33/52	- AllReachGoal-True

2025-12-13 00:36:11,715 - PaperAgentLogger - INFO - current rateReachGoal: 0
2025-12-13 00:36:11,732 - PaperAgentLogger - DEBUG - New map
2025-12-13 00:36:13,154 - PaperAgentLogger - INFO - ################## PaperArchitecture_map20x20_rho1_10Agent/K3_HS0/1765556206 - End of loop ##################  
 ####### Case2328 	 Computation time:1.4209272861480713 	 Step46/46	- AllReachGoal-False

2025-12-13 00:36:13,154 - PaperAgentLogger - INFO - current rateReachGoal: 0
2025-12-13 00:36:13,170 - PaperAgentLogger - DEBUG - New map
2025-12-13 00:36:14,307 - PaperAgentLogger - INFO - ################## PaperArchitecture_map20x20_rho1_10Agent/K3_HS0/1765556206 - End of loop ##################  
 ####### Case2329 	 Computation time:1.1364595890045166 	 Step38/38	- AllReachGoal-False

2025-12-13 00:36:14,307 - PaperAgentLogger - INFO - current rateReachGoal: 0
2025-12-13 00:36:14,324 - PaperAgentLogger - DEBUG - New map
2025-12-13 00:36:15,748 - PaperAgentLogger - INFO - ################## PaperArchitecture_map20x20_rho1_10Agent/K3_HS0/1765556206 - End of loop ##################  
 ####### Case2330 	 Computation time:1.4237265586853027 	 Step48/48	- AllReachGoal-False

2025-12-13 00:36:15,749 - PaperAgentLogger - INFO - current rateReachGoal: 0
2025-12-13 00:36:15,766 - PaperAgentLogger - DEBUG - New map
2025-12-13 00:36:16,701 - PaperAgentLogger - INFO - ################## PaperArchitecture_map20x20_rho1_10Agent/K3_HS0/1765556206 - End of loop ##################  
 ####### Case2331 	 Computation time:0.9343321323394775 	 Step30/48	- AllReachGoal-True

2025-12-13 00:36:16,702 - PaperAgentLogger - INFO - current rateReachGoal: 0
2025-12-13 00:36:16,720 - PaperAgentLogger - DEBUG - New map
2025-12-13 00:36:18,748 - PaperAgentLogger - INFO - ################## PaperArchitecture_map20x20_rho1_10Agent/K3_HS0/1765556206 - End of loop ##################  
 ####### Case2332 	 Computation time:2.0270276069641113 	 Step62/62	- AllReachGoal-False

2025-12-13 00:36:18,749 - PaperAgentLogger - INFO - current rateReachGoal: 0
2025-12-13 00:36:18,769 - PaperAgentLogger - DEBUG - New map
2025-12-13 00:36:19,772 - PaperAgentLogger - INFO - ################## PaperArchitecture_map20x20_rho1_10Agent/K3_HS0/1765556206 - End of loop ##################  
 ####### Case2333 	 Computation time:1.0017848014831543 	 Step33/62	- AllReachGoal-True

2025-12-13 00:36:19,772 - PaperAgentLogger - INFO - current rateReachGoal: 0
2025-12-13 00:36:19,788 - PaperAgentLogger - DEBUG - New map
2025-12-13 00:36:20,405 - PaperAgentLogger - INFO - ################## PaperArchitecture_map20x20_rho1_10Agent/K3_HS0/1765556206 - End of loop ##################  
 ####### Case2334 	 Computation time:0.6166844367980957 	 Step20/38	- AllReachGoal-True

2025-12-13 00:36:20,405 - PaperAgentLogger - INFO - current rateReachGoal: 0
2025-12-13 00:36:20,426 - PaperAgentLogger - DEBUG - New map
2025-12-13 00:36:21,580 - PaperAgentLogger - INFO - ################## PaperArchitecture_map20x20_rho1_10Agent/K3_HS0/1765556206 - End of loop ##################  
 ####### Case2335 	 Computation time:1.1538200378417969 	 Step37/66	- AllReachGoal-True

2025-12-13 00:36:21,581 - PaperAgentLogger - INFO - current rateReachGoal: 0
2025-12-13 00:36:21,599 - PaperAgentLogger - DEBUG - New map
2025-12-13 00:36:23,134 - PaperAgentLogger - INFO - ################## PaperArchitecture_map20x20_rho1_10Agent/K3_HS0/1765556206 - End of loop ##################  
 ####### Case2336 	 Computation time:1.5347001552581787 	 Step52/52	- AllReachGoal-False

2025-12-13 00:36:23,135 - PaperAgentLogger - INFO - current rateReachGoal: 0
2025-12-13 00:36:23,154 - PaperAgentLogger - DEBUG - New map
2025-12-13 00:36:24,287 - PaperAgentLogger - INFO - ################## PaperArchitecture_map20x20_rho1_10Agent/K3_HS0/1765556206 - End of loop ##################  
 ####### Case2337 	 Computation time:1.1318700313568115 	 Step38/66	- AllReachGoal-True

2025-12-13 00:36:24,288 - PaperAgentLogger - INFO - current rateReachGoal: 0
2025-12-13 00:36:24,308 - PaperAgentLogger - DEBUG - New map
2025-12-13 00:36:26,090 - PaperAgentLogger - INFO - ################## PaperArchitecture_map20x20_rho1_10Agent/K3_HS0/1765556206 - End of loop ##################  
 ####### Case2338 	 Computation time:1.781468152999878 	 Step60/60	- AllReachGoal-False

2025-12-13 00:36:26,091 - PaperAgentLogger - INFO - current rateReachGoal: 0
2025-12-13 00:36:26,110 - PaperAgentLogger - DEBUG - New map
2025-12-13 00:36:27,062 - PaperAgentLogger - INFO - ################## PaperArchitecture_map20x20_rho1_10Agent/K3_HS0/1765556206 - End of loop ##################  
 ####### Case2339 	 Computation time:0.9512877464294434 	 Step32/60	- AllReachGoal-True

2025-12-13 00:36:27,063 - PaperAgentLogger - INFO - current rateReachGoal: 0
2025-12-13 00:36:27,080 - PaperAgentLogger - DEBUG - New map
2025-12-13 00:36:27,947 - PaperAgentLogger - INFO - ################## PaperArchitecture_map20x20_rho1_10Agent/K3_HS0/1765556206 - End of loop ##################  
 ####### Case2340 	 Computation time:0.866431474685669 	 Step29/50	- AllReachGoal-True

2025-12-13 00:36:27,947 - PaperAgentLogger - INFO - current rateReachGoal: 0
2025-12-13 00:36:27,965 - PaperAgentLogger - DEBUG - New map
2025-12-13 00:36:28,772 - PaperAgentLogger - INFO - ################## PaperArchitecture_map20x20_rho1_10Agent/K3_HS0/1765556206 - End of loop ##################  
 ####### Case2341 	 Computation time:0.8063063621520996 	 Step27/54	- AllReachGoal-True

2025-12-13 00:36:28,772 - PaperAgentLogger - INFO - current rateReachGoal: 0
2025-12-13 00:36:28,790 - PaperAgentLogger - DEBUG - New map
2025-12-13 00:36:30,386 - PaperAgentLogger - INFO - ################## PaperArchitecture_map20x20_rho1_10Agent/K3_HS0/1765556206 - End of loop ##################  
 ####### Case2342 	 Computation time:1.5947861671447754 	 Step54/54	- AllReachGoal-False

2025-12-13 00:36:30,387 - PaperAgentLogger - INFO - current rateReachGoal: 0
2025-12-13 00:36:30,404 - PaperAgentLogger - DEBUG - New map
2025-12-13 00:36:31,309 - PaperAgentLogger - INFO - ################## PaperArchitecture_map20x20_rho1_10Agent/K3_HS0/1765556206 - End of loop ##################  
 ####### Case2343 	 Computation time:0.9044263362884521 	 Step30/52	- AllReachGoal-True

2025-12-13 00:36:31,310 - PaperAgentLogger - INFO - current rateReachGoal: 0
2025-12-13 00:36:31,325 - PaperAgentLogger - DEBUG - New map
2025-12-13 00:36:31,939 - PaperAgentLogger - INFO - ################## PaperArchitecture_map20x20_rho1_10Agent/K3_HS0/1765556206 - End of loop ##################  
 ####### Case2344 	 Computation time:0.6127724647521973 	 Step20/40	- AllReachGoal-True

2025-12-13 00:36:31,939 - PaperAgentLogger - INFO - current rateReachGoal: 0
2025-12-13 00:36:31,959 - PaperAgentLogger - DEBUG - New map
2025-12-13 00:36:33,795 - PaperAgentLogger - INFO - ################## PaperArchitecture_map20x20_rho1_10Agent/K3_HS0/1765556206 - End of loop ##################  
 ####### Case2345 	 Computation time:1.8355190753936768 	 Step60/60	- AllReachGoal-False

2025-12-13 00:36:33,797 - PaperAgentLogger - INFO - current rateReachGoal: 0
2025-12-13 00:36:33,813 - PaperAgentLogger - DEBUG - New map
2025-12-13 00:36:35,264 - PaperAgentLogger - INFO - ################## PaperArchitecture_map20x20_rho1_10Agent/K3_HS0/1765556206 - End of loop ##################  
 ####### Case2346 	 Computation time:1.450556993484497 	 Step44/44	- AllReachGoal-False

2025-12-13 00:36:35,265 - PaperAgentLogger - INFO - current rateReachGoal: 0
2025-12-13 00:36:35,283 - PaperAgentLogger - DEBUG - New map
2025-12-13 00:36:36,096 - PaperAgentLogger - INFO - ################## PaperArchitecture_map20x20_rho1_10Agent/K3_HS0/1765556206 - End of loop ##################  
 ####### Case2347 	 Computation time:0.812598466873169 	 Step27/50	- AllReachGoal-True

2025-12-13 00:36:36,097 - PaperAgentLogger - INFO - current rateReachGoal: 0
2025-12-13 00:36:36,115 - PaperAgentLogger - DEBUG - New map
2025-12-13 00:36:37,941 - PaperAgentLogger - INFO - ################## PaperArchitecture_map20x20_rho1_10Agent/K3_HS0/1765556206 - End of loop ##################  
 ####### Case2348 	 Computation time:1.8248720169067383 	 Step58/58	- AllReachGoal-False

2025-12-13 00:36:37,942 - PaperAgentLogger - INFO - current rateReachGoal: 0
2025-12-13 00:36:37,963 - PaperAgentLogger - DEBUG - New map
2025-12-13 00:36:39,005 - PaperAgentLogger - INFO - ################## PaperArchitecture_map20x20_rho1_10Agent/K3_HS0/1765556206 - End of loop ##################  
 ####### Case2349 	 Computation time:1.0417544841766357 	 Step35/70	- AllReachGoal-True

2025-12-13 00:36:39,007 - PaperAgentLogger - INFO - current rateReachGoal: 0
2025-12-13 00:36:39,027 - PaperAgentLogger - DEBUG - New map
2025-12-13 00:36:40,978 - PaperAgentLogger - INFO - ################## PaperArchitecture_map20x20_rho1_10Agent/K3_HS0/1765556206 - End of loop ##################  
 ####### Case2350 	 Computation time:1.9501025676727295 	 Step68/68	- AllReachGoal-False

2025-12-13 00:36:40,979 - PaperAgentLogger - INFO - current rateReachGoal: 0
2025-12-13 00:36:40,998 - PaperAgentLogger - DEBUG - New map
2025-12-13 00:36:42,720 - PaperAgentLogger - INFO - ################## PaperArchitecture_map20x20_rho1_10Agent/K3_HS0/1765556206 - End of loop ##################  
 ####### Case2351 	 Computation time:1.7217915058135986 	 Step60/60	- AllReachGoal-False

2025-12-13 00:36:42,721 - PaperAgentLogger - INFO - current rateReachGoal: 0
2025-12-13 00:36:42,739 - PaperAgentLogger - DEBUG - New map
2025-12-13 00:36:43,552 - PaperAgentLogger - INFO - ################## PaperArchitecture_map20x20_rho1_10Agent/K3_HS0/1765556206 - End of loop ##################  
 ####### Case2352 	 Computation time:0.8124418258666992 	 Step28/56	- AllReachGoal-True

2025-12-13 00:36:43,553 - PaperAgentLogger - INFO - current rateReachGoal: 0
2025-12-13 00:36:43,571 - PaperAgentLogger - DEBUG - New map
2025-12-13 00:36:45,430 - PaperAgentLogger - INFO - ################## PaperArchitecture_map20x20_rho1_10Agent/K3_HS0/1765556206 - End of loop ##################  
 ####### Case2353 	 Computation time:1.8586275577545166 	 Step62/62	- AllReachGoal-False

2025-12-13 00:36:45,431 - PaperAgentLogger - INFO - current rateReachGoal: 0
2025-12-13 00:36:45,450 - PaperAgentLogger - DEBUG - New map
2025-12-13 00:36:46,517 - PaperAgentLogger - INFO - ################## PaperArchitecture_map20x20_rho1_10Agent/K3_HS0/1765556206 - End of loop ##################  
 ####### Case2354 	 Computation time:1.0663011074066162 	 Step33/62	- AllReachGoal-True

2025-12-13 00:36:46,518 - PaperAgentLogger - INFO - current rateReachGoal: 0
2025-12-13 00:36:46,536 - PaperAgentLogger - DEBUG - New map
2025-12-13 00:36:47,489 - PaperAgentLogger - INFO - ################## PaperArchitecture_map20x20_rho1_10Agent/K3_HS0/1765556206 - End of loop ##################  
 ####### Case2355 	 Computation time:0.9522640705108643 	 Step30/54	- AllReachGoal-True

2025-12-13 00:36:47,490 - PaperAgentLogger - INFO - current rateReachGoal: 0
2025-12-13 00:36:47,510 - PaperAgentLogger - DEBUG - New map
2025-12-13 00:36:49,399 - PaperAgentLogger - INFO - ################## PaperArchitecture_map20x20_rho1_10Agent/K3_HS0/1765556206 - End of loop ##################  
 ####### Case2356 	 Computation time:1.8891246318817139 	 Step62/62	- AllReachGoal-False

2025-12-13 00:36:49,400 - PaperAgentLogger - INFO - current rateReachGoal: 0
2025-12-13 00:36:49,418 - PaperAgentLogger - DEBUG - New map
2025-12-13 00:36:50,982 - PaperAgentLogger - INFO - ################## PaperArchitecture_map20x20_rho1_10Agent/K3_HS0/1765556206 - End of loop ##################  
 ####### Case2357 	 Computation time:1.564220666885376 	 Step50/50	- AllReachGoal-False

2025-12-13 00:36:50,985 - PaperAgentLogger - INFO - current rateReachGoal: 0
2025-12-13 00:36:51,005 - PaperAgentLogger - DEBUG - New map
2025-12-13 00:36:53,074 - PaperAgentLogger - INFO - ################## PaperArchitecture_map20x20_rho1_10Agent/K3_HS0/1765556206 - End of loop ##################  
 ####### Case2358 	 Computation time:2.067884922027588 	 Step66/66	- AllReachGoal-False

2025-12-13 00:36:53,074 - PaperAgentLogger - INFO - current rateReachGoal: 0
2025-12-13 00:36:53,092 - PaperAgentLogger - DEBUG - New map
2025-12-13 00:36:54,031 - PaperAgentLogger - INFO - ################## PaperArchitecture_map20x20_rho1_10Agent/K3_HS0/1765556206 - End of loop ##################  
 ####### Case2359 	 Computation time:0.9387490749359131 	 Step30/56	- AllReachGoal-True

2025-12-13 00:36:54,032 - PaperAgentLogger - INFO - current rateReachGoal: 0
2025-12-13 00:36:54,051 - PaperAgentLogger - DEBUG - New map
2025-12-13 00:36:56,083 - PaperAgentLogger - INFO - ################## PaperArchitecture_map20x20_rho1_10Agent/K3_HS0/1765556206 - End of loop ##################  
 ####### Case2360 	 Computation time:2.031006336212158 	 Step66/66	- AllReachGoal-False

2025-12-13 00:36:56,085 - PaperAgentLogger - INFO - current rateReachGoal: 0
2025-12-13 00:36:56,100 - PaperAgentLogger - DEBUG - New map
2025-12-13 00:36:57,025 - PaperAgentLogger - INFO - ################## PaperArchitecture_map20x20_rho1_10Agent/K3_HS0/1765556206 - End of loop ##################  
 ####### Case2361 	 Computation time:0.9244825839996338 	 Step31/40	- AllReachGoal-True

2025-12-13 00:36:57,026 - PaperAgentLogger - INFO - current rateReachGoal: 0
2025-12-13 00:36:57,043 - PaperAgentLogger - DEBUG - New map
2025-12-13 00:36:57,904 - PaperAgentLogger - INFO - ################## PaperArchitecture_map20x20_rho1_10Agent/K3_HS0/1765556206 - End of loop ##################  
 ####### Case2362 	 Computation time:0.859635591506958 	 Step27/46	- AllReachGoal-True

2025-12-13 00:36:57,904 - PaperAgentLogger - INFO - current rateReachGoal: 0
2025-12-13 00:36:57,921 - PaperAgentLogger - DEBUG - New map
2025-12-13 00:36:59,638 - PaperAgentLogger - INFO - ################## PaperArchitecture_map20x20_rho1_10Agent/K3_HS0/1765556206 - End of loop ##################  
 ####### Case2363 	 Computation time:1.7163341045379639 	 Step54/54	- AllReachGoal-False

2025-12-13 00:36:59,639 - PaperAgentLogger - INFO - current rateReachGoal: 0
2025-12-13 00:36:59,656 - PaperAgentLogger - DEBUG - New map
2025-12-13 00:37:01,342 - PaperAgentLogger - INFO - ################## PaperArchitecture_map20x20_rho1_10Agent/K3_HS0/1765556206 - End of loop ##################  
 ####### Case2364 	 Computation time:1.6853563785552979 	 Step56/56	- AllReachGoal-False

2025-12-13 00:37:01,344 - PaperAgentLogger - INFO - current rateReachGoal: 0
2025-12-13 00:37:01,361 - PaperAgentLogger - DEBUG - New map
2025-12-13 00:37:02,317 - PaperAgentLogger - INFO - ################## PaperArchitecture_map20x20_rho1_10Agent/K3_HS0/1765556206 - End of loop ##################  
 ####### Case2365 	 Computation time:0.9557414054870605 	 Step33/46	- AllReachGoal-True

2025-12-13 00:37:02,318 - PaperAgentLogger - INFO - current rateReachGoal: 0
2025-12-13 00:37:02,337 - PaperAgentLogger - DEBUG - New map
2025-12-13 00:37:04,297 - PaperAgentLogger - INFO - ################## PaperArchitecture_map20x20_rho1_10Agent/K3_HS0/1765556206 - End of loop ##################  
 ####### Case2366 	 Computation time:1.959503173828125 	 Step68/68	- AllReachGoal-False

2025-12-13 00:37:04,298 - PaperAgentLogger - INFO - current rateReachGoal: 0
2025-12-13 00:37:04,317 - PaperAgentLogger - DEBUG - New map
2025-12-13 00:37:05,871 - PaperAgentLogger - INFO - ################## PaperArchitecture_map20x20_rho1_10Agent/K3_HS0/1765556206 - End of loop ##################  
 ####### Case2367 	 Computation time:1.5533318519592285 	 Step54/66	- AllReachGoal-True

2025-12-13 00:37:05,872 - PaperAgentLogger - INFO - current rateReachGoal: 0
2025-12-13 00:37:05,889 - PaperAgentLogger - DEBUG - New map
2025-12-13 00:37:07,267 - PaperAgentLogger - INFO - ################## PaperArchitecture_map20x20_rho1_10Agent/K3_HS0/1765556206 - End of loop ##################  
 ####### Case2368 	 Computation time:1.37740159034729 	 Step48/48	- AllReachGoal-False

2025-12-13 00:37:07,269 - PaperAgentLogger - INFO - current rateReachGoal: 0
2025-12-13 00:37:07,287 - PaperAgentLogger - DEBUG - New map
2025-12-13 00:37:08,881 - PaperAgentLogger - INFO - ################## PaperArchitecture_map20x20_rho1_10Agent/K3_HS0/1765556206 - End of loop ##################  
 ####### Case2369 	 Computation time:1.5933420658111572 	 Step52/52	- AllReachGoal-False

2025-12-13 00:37:08,881 - PaperAgentLogger - INFO - current rateReachGoal: 0
2025-12-13 00:37:08,899 - PaperAgentLogger - DEBUG - New map
2025-12-13 00:37:10,430 - PaperAgentLogger - INFO - ################## PaperArchitecture_map20x20_rho1_10Agent/K3_HS0/1765556206 - End of loop ##################  
 ####### Case2370 	 Computation time:1.5304160118103027 	 Step52/52	- AllReachGoal-False

2025-12-13 00:37:10,431 - PaperAgentLogger - INFO - current rateReachGoal: 0
2025-12-13 00:37:10,448 - PaperAgentLogger - DEBUG - New map
2025-12-13 00:37:11,889 - PaperAgentLogger - INFO - ################## PaperArchitecture_map20x20_rho1_10Agent/K3_HS0/1765556206 - End of loop ##################  
 ####### Case2371 	 Computation time:1.4404215812683105 	 Step50/50	- AllReachGoal-False

2025-12-13 00:37:11,890 - PaperAgentLogger - INFO - current rateReachGoal: 0
2025-12-13 00:37:11,907 - PaperAgentLogger - DEBUG - New map
2025-12-13 00:37:13,208 - PaperAgentLogger - INFO - ################## PaperArchitecture_map20x20_rho1_10Agent/K3_HS0/1765556206 - End of loop ##################  
 ####### Case2372 	 Computation time:1.301065444946289 	 Step44/44	- AllReachGoal-False

2025-12-13 00:37:13,209 - PaperAgentLogger - INFO - current rateReachGoal: 0
2025-12-13 00:37:13,224 - PaperAgentLogger - DEBUG - New map
2025-12-13 00:37:13,872 - PaperAgentLogger - INFO - ################## PaperArchitecture_map20x20_rho1_10Agent/K3_HS0/1765556206 - End of loop ##################  
 ####### Case2373 	 Computation time:0.647357702255249 	 Step21/42	- AllReachGoal-True

2025-12-13 00:37:13,873 - PaperAgentLogger - INFO - current rateReachGoal: 0
2025-12-13 00:37:13,891 - PaperAgentLogger - DEBUG - New map
2025-12-13 00:37:15,241 - PaperAgentLogger - INFO - ################## PaperArchitecture_map20x20_rho1_10Agent/K3_HS0/1765556206 - End of loop ##################  
 ####### Case2374 	 Computation time:1.349327564239502 	 Step43/54	- AllReachGoal-True

2025-12-13 00:37:15,242 - PaperAgentLogger - INFO - current rateReachGoal: 0
2025-12-13 00:37:15,260 - PaperAgentLogger - DEBUG - New map
2025-12-13 00:37:16,269 - PaperAgentLogger - INFO - ################## PaperArchitecture_map20x20_rho1_10Agent/K3_HS0/1765556206 - End of loop ##################  
 ####### Case2375 	 Computation time:1.0079429149627686 	 Step32/56	- AllReachGoal-True

2025-12-13 00:37:16,269 - PaperAgentLogger - INFO - current rateReachGoal: 0
2025-12-13 00:37:16,285 - PaperAgentLogger - DEBUG - New map
2025-12-13 00:37:17,101 - PaperAgentLogger - INFO - ################## PaperArchitecture_map20x20_rho1_10Agent/K3_HS0/1765556206 - End of loop ##################  
 ####### Case2376 	 Computation time:0.8146014213562012 	 Step25/46	- AllReachGoal-True

2025-12-13 00:37:17,101 - PaperAgentLogger - INFO - current rateReachGoal: 0
2025-12-13 00:37:17,117 - PaperAgentLogger - DEBUG - New map
2025-12-13 00:37:17,867 - PaperAgentLogger - INFO - ################## PaperArchitecture_map20x20_rho1_10Agent/K3_HS0/1765556206 - End of loop ##################  
 ####### Case2377 	 Computation time:0.7489643096923828 	 Step24/44	- AllReachGoal-True

2025-12-13 00:37:17,867 - PaperAgentLogger - INFO - current rateReachGoal: 0
2025-12-13 00:37:17,886 - PaperAgentLogger - DEBUG - New map
2025-12-13 00:37:19,695 - PaperAgentLogger - INFO - ################## PaperArchitecture_map20x20_rho1_10Agent/K3_HS0/1765556206 - End of loop ##################  
 ####### Case2378 	 Computation time:1.8091113567352295 	 Step58/58	- AllReachGoal-False

2025-12-13 00:37:19,696 - PaperAgentLogger - INFO - current rateReachGoal: 0
2025-12-13 00:37:19,714 - PaperAgentLogger - DEBUG - New map
2025-12-13 00:37:21,357 - PaperAgentLogger - INFO - ################## PaperArchitecture_map20x20_rho1_10Agent/K3_HS0/1765556206 - End of loop ##################  
 ####### Case2379 	 Computation time:1.6421477794647217 	 Step54/54	- AllReachGoal-False

2025-12-13 00:37:21,357 - PaperAgentLogger - INFO - current rateReachGoal: 0
2025-12-13 00:37:21,374 - PaperAgentLogger - DEBUG - New map
2025-12-13 00:37:23,001 - PaperAgentLogger - INFO - ################## PaperArchitecture_map20x20_rho1_10Agent/K3_HS0/1765556206 - End of loop ##################  
 ####### Case2380 	 Computation time:1.626272439956665 	 Step56/56	- AllReachGoal-False

2025-12-13 00:37:23,002 - PaperAgentLogger - INFO - current rateReachGoal: 0
2025-12-13 00:37:23,018 - PaperAgentLogger - DEBUG - New map
2025-12-13 00:37:23,747 - PaperAgentLogger - INFO - ################## PaperArchitecture_map20x20_rho1_10Agent/K3_HS0/1765556206 - End of loop ##################  
 ####### Case2381 	 Computation time:0.727783203125 	 Step25/46	- AllReachGoal-True

2025-12-13 00:37:23,748 - PaperAgentLogger - INFO - current rateReachGoal: 0
2025-12-13 00:37:23,764 - PaperAgentLogger - DEBUG - New map
2025-12-13 00:37:24,604 - PaperAgentLogger - INFO - ################## PaperArchitecture_map20x20_rho1_10Agent/K3_HS0/1765556206 - End of loop ##################  
 ####### Case2382 	 Computation time:0.8391966819763184 	 Step26/50	- AllReachGoal-True

2025-12-13 00:37:24,604 - PaperAgentLogger - INFO - current rateReachGoal: 0
2025-12-13 00:37:24,622 - PaperAgentLogger - DEBUG - New map
2025-12-13 00:37:25,463 - PaperAgentLogger - INFO - ################## PaperArchitecture_map20x20_rho1_10Agent/K3_HS0/1765556206 - End of loop ##################  
 ####### Case2383 	 Computation time:0.8403704166412354 	 Step27/52	- AllReachGoal-True

2025-12-13 00:37:25,466 - PaperAgentLogger - INFO - current rateReachGoal: 0
2025-12-13 00:37:25,483 - PaperAgentLogger - DEBUG - New map
2025-12-13 00:37:26,870 - PaperAgentLogger - INFO - ################## PaperArchitecture_map20x20_rho1_10Agent/K3_HS0/1765556206 - End of loop ##################  
 ####### Case2384 	 Computation time:1.3867416381835938 	 Step46/46	- AllReachGoal-False

2025-12-13 00:37:26,871 - PaperAgentLogger - INFO - current rateReachGoal: 0
2025-12-13 00:37:26,889 - PaperAgentLogger - DEBUG - New map
2025-12-13 00:37:27,671 - PaperAgentLogger - INFO - ################## PaperArchitecture_map20x20_rho1_10Agent/K3_HS0/1765556206 - End of loop ##################  
 ####### Case2385 	 Computation time:0.7817811965942383 	 Step24/48	- AllReachGoal-True

2025-12-13 00:37:27,672 - PaperAgentLogger - INFO - current rateReachGoal: 0
2025-12-13 00:37:27,687 - PaperAgentLogger - DEBUG - New map
2025-12-13 00:37:28,942 - PaperAgentLogger - INFO - ################## PaperArchitecture_map20x20_rho1_10Agent/K3_HS0/1765556206 - End of loop ##################  
 ####### Case2386 	 Computation time:1.2543525695800781 	 Step42/42	- AllReachGoal-False

2025-12-13 00:37:28,943 - PaperAgentLogger - INFO - current rateReachGoal: 0
2025-12-13 00:37:28,958 - PaperAgentLogger - DEBUG - New map
2025-12-13 00:37:29,541 - PaperAgentLogger - INFO - ################## PaperArchitecture_map20x20_rho1_10Agent/K3_HS0/1765556206 - End of loop ##################  
 ####### Case2387 	 Computation time:0.583118200302124 	 Step18/36	- AllReachGoal-True

2025-12-13 00:37:29,542 - PaperAgentLogger - INFO - current rateReachGoal: 0
2025-12-13 00:37:29,560 - PaperAgentLogger - DEBUG - New map
2025-12-13 00:37:31,177 - PaperAgentLogger - INFO - ################## PaperArchitecture_map20x20_rho1_10Agent/K3_HS0/1765556206 - End of loop ##################  
 ####### Case2388 	 Computation time:1.617173433303833 	 Step51/54	- AllReachGoal-True

2025-12-13 00:37:31,180 - PaperAgentLogger - INFO - current rateReachGoal: 0
2025-12-13 00:37:31,197 - PaperAgentLogger - DEBUG - New map
2025-12-13 00:37:32,200 - PaperAgentLogger - INFO - ################## PaperArchitecture_map20x20_rho1_10Agent/K3_HS0/1765556206 - End of loop ##################  
 ####### Case2389 	 Computation time:1.0027680397033691 	 Step31/52	- AllReachGoal-True

2025-12-13 00:37:32,201 - PaperAgentLogger - INFO - current rateReachGoal: 0
2025-12-13 00:37:32,217 - PaperAgentLogger - DEBUG - New map
2025-12-13 00:37:33,603 - PaperAgentLogger - INFO - ################## PaperArchitecture_map20x20_rho1_10Agent/K3_HS0/1765556206 - End of loop ##################  
 ####### Case2390 	 Computation time:1.3854222297668457 	 Step44/44	- AllReachGoal-False

2025-12-13 00:37:33,604 - PaperAgentLogger - INFO - current rateReachGoal: 0
2025-12-13 00:37:33,620 - PaperAgentLogger - DEBUG - New map
2025-12-13 00:37:35,381 - PaperAgentLogger - INFO - ################## PaperArchitecture_map20x20_rho1_10Agent/K3_HS0/1765556206 - End of loop ##################  
 ####### Case2391 	 Computation time:1.7597639560699463 	 Step56/56	- AllReachGoal-False

2025-12-13 00:37:35,381 - PaperAgentLogger - INFO - current rateReachGoal: 0
2025-12-13 00:37:35,401 - PaperAgentLogger - DEBUG - New map
2025-12-13 00:37:36,587 - PaperAgentLogger - INFO - ################## PaperArchitecture_map20x20_rho1_10Agent/K3_HS0/1765556206 - End of loop ##################  
 ####### Case2392 	 Computation time:1.1855463981628418 	 Step37/68	- AllReachGoal-True

2025-12-13 00:37:36,588 - PaperAgentLogger - INFO - current rateReachGoal: 0
2025-12-13 00:37:36,606 - PaperAgentLogger - DEBUG - New map
2025-12-13 00:37:37,436 - PaperAgentLogger - INFO - ################## PaperArchitecture_map20x20_rho1_10Agent/K3_HS0/1765556206 - End of loop ##################  
 ####### Case2393 	 Computation time:0.8293540477752686 	 Step26/52	- AllReachGoal-True

2025-12-13 00:37:37,437 - PaperAgentLogger - INFO - current rateReachGoal: 0
2025-12-13 00:37:37,451 - PaperAgentLogger - DEBUG - New map
2025-12-13 00:37:38,181 - PaperAgentLogger - INFO - ################## PaperArchitecture_map20x20_rho1_10Agent/K3_HS0/1765556206 - End of loop ##################  
 ####### Case2394 	 Computation time:0.7286534309387207 	 Step24/34	- AllReachGoal-True

2025-12-13 00:37:38,181 - PaperAgentLogger - INFO - current rateReachGoal: 0
2025-12-13 00:37:38,198 - PaperAgentLogger - DEBUG - New map
2025-12-13 00:37:39,876 - PaperAgentLogger - INFO - ################## PaperArchitecture_map20x20_rho1_10Agent/K3_HS0/1765556206 - End of loop ##################  
 ####### Case2395 	 Computation time:1.6777944564819336 	 Step54/54	- AllReachGoal-False

2025-12-13 00:37:39,877 - PaperAgentLogger - INFO - current rateReachGoal: 0
2025-12-13 00:37:39,896 - PaperAgentLogger - DEBUG - New map
2025-12-13 00:37:41,022 - PaperAgentLogger - INFO - ################## PaperArchitecture_map20x20_rho1_10Agent/K3_HS0/1765556206 - End of loop ##################  
 ####### Case2396 	 Computation time:1.12507963180542 	 Step35/56	- AllReachGoal-True

2025-12-13 00:37:41,022 - PaperAgentLogger - INFO - current rateReachGoal: 0
2025-12-13 00:37:41,037 - PaperAgentLogger - DEBUG - New map
2025-12-13 00:37:42,134 - PaperAgentLogger - INFO - ################## PaperArchitecture_map20x20_rho1_10Agent/K3_HS0/1765556206 - End of loop ##################  
 ####### Case2397 	 Computation time:1.0964348316192627 	 Step38/38	- AllReachGoal-False

2025-12-13 00:37:42,137 - PaperAgentLogger - INFO - current rateReachGoal: 0
2025-12-13 00:37:42,156 - PaperAgentLogger - DEBUG - New map
2025-12-13 00:37:43,210 - PaperAgentLogger - INFO - ################## PaperArchitecture_map20x20_rho1_10Agent/K3_HS0/1765556206 - End of loop ##################  
 ####### Case2398 	 Computation time:1.0533297061920166 	 Step35/68	- AllReachGoal-True

2025-12-13 00:37:43,210 - PaperAgentLogger - INFO - current rateReachGoal: 0
2025-12-13 00:37:43,226 - PaperAgentLogger - DEBUG - New map
2025-12-13 00:37:44,607 - PaperAgentLogger - INFO - ################## PaperArchitecture_map20x20_rho1_10Agent/K3_HS0/1765556206 - End of loop ##################  
 ####### Case2399 	 Computation time:1.3796842098236084 	 Step44/44	- AllReachGoal-False

2025-12-13 00:37:44,608 - PaperAgentLogger - INFO - current rateReachGoal: 0
2025-12-13 00:37:44,625 - PaperAgentLogger - DEBUG - New map
2025-12-13 00:37:46,029 - PaperAgentLogger - INFO - ################## PaperArchitecture_map20x20_rho1_10Agent/K3_HS0/1765556206 - End of loop ##################  
 ####### Case2400 	 Computation time:1.4030418395996094 	 Step48/48	- AllReachGoal-False

2025-12-13 00:37:46,030 - PaperAgentLogger - INFO - current rateReachGoal: 0
2025-12-13 00:37:46,050 - PaperAgentLogger - DEBUG - New map
2025-12-13 00:37:47,135 - PaperAgentLogger - INFO - ################## PaperArchitecture_map20x20_rho1_10Agent/K3_HS0/1765556206 - End of loop ##################  
 ####### Case2401 	 Computation time:1.0847091674804688 	 Step37/64	- AllReachGoal-True

2025-12-13 00:37:47,137 - PaperAgentLogger - INFO - current rateReachGoal: 0
2025-12-13 00:37:47,156 - PaperAgentLogger - DEBUG - New map
2025-12-13 00:37:49,061 - PaperAgentLogger - INFO - ################## PaperArchitecture_map20x20_rho1_10Agent/K3_HS0/1765556206 - End of loop ##################  
 ####### Case2402 	 Computation time:1.9041976928710938 	 Step62/62	- AllReachGoal-False

2025-12-13 00:37:49,062 - PaperAgentLogger - INFO - current rateReachGoal: 0
2025-12-13 00:37:49,080 - PaperAgentLogger - DEBUG - New map
2025-12-13 00:37:50,955 - PaperAgentLogger - INFO - ################## PaperArchitecture_map20x20_rho1_10Agent/K3_HS0/1765556206 - End of loop ##################  
 ####### Case2403 	 Computation time:1.8746964931488037 	 Step64/64	- AllReachGoal-False

2025-12-13 00:37:50,956 - PaperAgentLogger - INFO - current rateReachGoal: 0
2025-12-13 00:37:50,975 - PaperAgentLogger - DEBUG - New map
2025-12-13 00:37:51,831 - PaperAgentLogger - INFO - ################## PaperArchitecture_map20x20_rho1_10Agent/K3_HS0/1765556206 - End of loop ##################  
 ####### Case2404 	 Computation time:0.855057954788208 	 Step29/58	- AllReachGoal-True

2025-12-13 00:37:51,831 - PaperAgentLogger - INFO - current rateReachGoal: 0
2025-12-13 00:37:51,850 - PaperAgentLogger - DEBUG - New map
2025-12-13 00:37:53,106 - PaperAgentLogger - INFO - ################## PaperArchitecture_map20x20_rho1_10Agent/K3_HS0/1765556206 - End of loop ##################  
 ####### Case2405 	 Computation time:1.2553050518035889 	 Step42/62	- AllReachGoal-True

2025-12-13 00:37:53,107 - PaperAgentLogger - INFO - current rateReachGoal: 0
2025-12-13 00:37:53,123 - PaperAgentLogger - DEBUG - New map
2025-12-13 00:37:54,377 - PaperAgentLogger - INFO - ################## PaperArchitecture_map20x20_rho1_10Agent/K3_HS0/1765556206 - End of loop ##################  
 ####### Case2406 	 Computation time:1.2529830932617188 	 Step42/42	- AllReachGoal-False

2025-12-13 00:37:54,377 - PaperAgentLogger - INFO - current rateReachGoal: 0
2025-12-13 00:37:54,398 - PaperAgentLogger - DEBUG - New map
2025-12-13 00:37:56,120 - PaperAgentLogger - INFO - ################## PaperArchitecture_map20x20_rho1_10Agent/K3_HS0/1765556206 - End of loop ##################  
 ####### Case2407 	 Computation time:1.7216994762420654 	 Step58/58	- AllReachGoal-False

2025-12-13 00:37:56,121 - PaperAgentLogger - INFO - current rateReachGoal: 0
2025-12-13 00:37:56,138 - PaperAgentLogger - DEBUG - New map
2025-12-13 00:37:56,940 - PaperAgentLogger - INFO - ################## PaperArchitecture_map20x20_rho1_10Agent/K3_HS0/1765556206 - End of loop ##################  
 ####### Case2408 	 Computation time:0.8023180961608887 	 Step27/52	- AllReachGoal-True

2025-12-13 00:37:56,941 - PaperAgentLogger - INFO - current rateReachGoal: 0
2025-12-13 00:37:56,961 - PaperAgentLogger - DEBUG - New map
2025-12-13 00:37:58,436 - PaperAgentLogger - INFO - ################## PaperArchitecture_map20x20_rho1_10Agent/K3_HS0/1765556206 - End of loop ##################  
 ####### Case2409 	 Computation time:1.474496841430664 	 Step50/54	- AllReachGoal-True

2025-12-13 00:37:58,438 - PaperAgentLogger - INFO - current rateReachGoal: 0
2025-12-13 00:37:58,457 - PaperAgentLogger - DEBUG - New map
2025-12-13 00:38:00,386 - PaperAgentLogger - INFO - ################## PaperArchitecture_map20x20_rho1_10Agent/K3_HS0/1765556206 - End of loop ##################  
 ####### Case2410 	 Computation time:1.9292097091674805 	 Step64/64	- AllReachGoal-False

2025-12-13 00:38:00,387 - PaperAgentLogger - INFO - current rateReachGoal: 0
2025-12-13 00:38:00,405 - PaperAgentLogger - DEBUG - New map
2025-12-13 00:38:01,846 - PaperAgentLogger - INFO - ################## PaperArchitecture_map20x20_rho1_10Agent/K3_HS0/1765556206 - End of loop ##################  
 ####### Case2411 	 Computation time:1.4409356117248535 	 Step48/48	- AllReachGoal-False

2025-12-13 00:38:01,847 - PaperAgentLogger - INFO - current rateReachGoal: 0
2025-12-13 00:38:01,862 - PaperAgentLogger - DEBUG - New map
2025-12-13 00:38:02,442 - PaperAgentLogger - INFO - ################## PaperArchitecture_map20x20_rho1_10Agent/K3_HS0/1765556206 - End of loop ##################  
 ####### Case2412 	 Computation time:0.5796782970428467 	 Step19/36	- AllReachGoal-True

2025-12-13 00:38:02,443 - PaperAgentLogger - INFO - current rateReachGoal: 0
2025-12-13 00:38:02,462 - PaperAgentLogger - DEBUG - New map
2025-12-13 00:38:03,571 - PaperAgentLogger - INFO - ################## PaperArchitecture_map20x20_rho1_10Agent/K3_HS0/1765556206 - End of loop ##################  
 ####### Case2413 	 Computation time:1.1082921028137207 	 Step37/56	- AllReachGoal-True

2025-12-13 00:38:03,573 - PaperAgentLogger - INFO - current rateReachGoal: 0
2025-12-13 00:38:03,591 - PaperAgentLogger - DEBUG - New map
2025-12-13 00:38:04,631 - PaperAgentLogger - INFO - ################## PaperArchitecture_map20x20_rho1_10Agent/K3_HS0/1765556206 - End of loop ##################  
 ####### Case2414 	 Computation time:1.0397648811340332 	 Step32/60	- AllReachGoal-True

2025-12-13 00:38:04,632 - PaperAgentLogger - INFO - current rateReachGoal: 0
2025-12-13 00:38:04,651 - PaperAgentLogger - DEBUG - New map
2025-12-13 00:38:05,611 - PaperAgentLogger - INFO - ################## PaperArchitecture_map20x20_rho1_10Agent/K3_HS0/1765556206 - End of loop ##################  
 ####### Case2415 	 Computation time:0.9599356651306152 	 Step31/58	- AllReachGoal-True

2025-12-13 00:38:05,612 - PaperAgentLogger - INFO - current rateReachGoal: 0
2025-12-13 00:38:05,629 - PaperAgentLogger - DEBUG - New map
2025-12-13 00:38:07,117 - PaperAgentLogger - INFO - ################## PaperArchitecture_map20x20_rho1_10Agent/K3_HS0/1765556206 - End of loop ##################  
 ####### Case2416 	 Computation time:1.4872915744781494 	 Step50/50	- AllReachGoal-False

2025-12-13 00:38:07,118 - PaperAgentLogger - INFO - current rateReachGoal: 0
2025-12-13 00:38:07,136 - PaperAgentLogger - DEBUG - New map
2025-12-13 00:38:08,680 - PaperAgentLogger - INFO - ################## PaperArchitecture_map20x20_rho1_10Agent/K3_HS0/1765556206 - End of loop ##################  
 ####### Case2417 	 Computation time:1.5430355072021484 	 Step52/52	- AllReachGoal-False

2025-12-13 00:38:08,682 - PaperAgentLogger - INFO - current rateReachGoal: 0
2025-12-13 00:38:08,701 - PaperAgentLogger - DEBUG - New map
2025-12-13 00:38:10,092 - PaperAgentLogger - INFO - ################## PaperArchitecture_map20x20_rho1_10Agent/K3_HS0/1765556206 - End of loop ##################  
 ####### Case2418 	 Computation time:1.3903114795684814 	 Step47/60	- AllReachGoal-True

2025-12-13 00:38:10,093 - PaperAgentLogger - INFO - current rateReachGoal: 0
2025-12-13 00:38:10,112 - PaperAgentLogger - DEBUG - New map
2025-12-13 00:38:11,894 - PaperAgentLogger - INFO - ################## PaperArchitecture_map20x20_rho1_10Agent/K3_HS0/1765556206 - End of loop ##################  
 ####### Case2419 	 Computation time:1.7820403575897217 	 Step60/60	- AllReachGoal-False

2025-12-13 00:38:11,895 - PaperAgentLogger - INFO - current rateReachGoal: 0
2025-12-13 00:38:11,914 - PaperAgentLogger - DEBUG - New map
2025-12-13 00:38:13,587 - PaperAgentLogger - INFO - ################## PaperArchitecture_map20x20_rho1_10Agent/K3_HS0/1765556206 - End of loop ##################  
 ####### Case2420 	 Computation time:1.6723337173461914 	 Step56/56	- AllReachGoal-False

2025-12-13 00:38:13,588 - PaperAgentLogger - INFO - current rateReachGoal: 0
2025-12-13 00:38:13,606 - PaperAgentLogger - DEBUG - New map
2025-12-13 00:38:14,937 - PaperAgentLogger - INFO - ################## PaperArchitecture_map20x20_rho1_10Agent/K3_HS0/1765556206 - End of loop ##################  
 ####### Case2421 	 Computation time:1.330519199371338 	 Step44/54	- AllReachGoal-True

2025-12-13 00:38:14,937 - PaperAgentLogger - INFO - current rateReachGoal: 0
2025-12-13 00:38:14,955 - PaperAgentLogger - DEBUG - New map
2025-12-13 00:38:16,209 - PaperAgentLogger - INFO - ################## PaperArchitecture_map20x20_rho1_10Agent/K3_HS0/1765556206 - End of loop ##################  
 ####### Case2422 	 Computation time:1.253176212310791 	 Step42/42	- AllReachGoal-False

2025-12-13 00:38:16,210 - PaperAgentLogger - INFO - current rateReachGoal: 0
2025-12-13 00:38:16,229 - PaperAgentLogger - DEBUG - New map
2025-12-13 00:38:17,900 - PaperAgentLogger - INFO - ################## PaperArchitecture_map20x20_rho1_10Agent/K3_HS0/1765556206 - End of loop ##################  
 ####### Case2423 	 Computation time:1.6702995300292969 	 Step56/56	- AllReachGoal-False

2025-12-13 00:38:17,900 - PaperAgentLogger - INFO - current rateReachGoal: 0
2025-12-13 00:38:17,921 - PaperAgentLogger - DEBUG - New map
2025-12-13 00:38:19,649 - PaperAgentLogger - INFO - ################## PaperArchitecture_map20x20_rho1_10Agent/K3_HS0/1765556206 - End of loop ##################  
 ####### Case2424 	 Computation time:1.7270739078521729 	 Step58/58	- AllReachGoal-False

2025-12-13 00:38:19,649 - PaperAgentLogger - INFO - current rateReachGoal: 0
2025-12-13 00:38:19,666 - PaperAgentLogger - DEBUG - New map
2025-12-13 00:38:20,332 - PaperAgentLogger - INFO - ################## PaperArchitecture_map20x20_rho1_10Agent/K3_HS0/1765556206 - End of loop ##################  
 ####### Case2425 	 Computation time:0.665278434753418 	 Step22/42	- AllReachGoal-True

2025-12-13 00:38:20,335 - PaperAgentLogger - INFO - current rateReachGoal: 0
2025-12-13 00:38:20,354 - PaperAgentLogger - DEBUG - New map
2025-12-13 00:38:22,046 - PaperAgentLogger - INFO - ################## PaperArchitecture_map20x20_rho1_10Agent/K3_HS0/1765556206 - End of loop ##################  
 ####### Case2426 	 Computation time:1.691521406173706 	 Step56/56	- AllReachGoal-False

2025-12-13 00:38:22,047 - PaperAgentLogger - INFO - current rateReachGoal: 0
2025-12-13 00:38:22,065 - PaperAgentLogger - DEBUG - New map
2025-12-13 00:38:22,851 - PaperAgentLogger - INFO - ################## PaperArchitecture_map20x20_rho1_10Agent/K3_HS0/1765556206 - End of loop ##################  
 ####### Case2427 	 Computation time:0.7852139472961426 	 Step26/52	- AllReachGoal-True

2025-12-13 00:38:22,852 - PaperAgentLogger - INFO - current rateReachGoal: 0
2025-12-13 00:38:22,870 - PaperAgentLogger - DEBUG - New map
2025-12-13 00:38:23,750 - PaperAgentLogger - INFO - ################## PaperArchitecture_map20x20_rho1_10Agent/K3_HS0/1765556206 - End of loop ##################  
 ####### Case2428 	 Computation time:0.8792717456817627 	 Step29/52	- AllReachGoal-True

2025-12-13 00:38:23,750 - PaperAgentLogger - INFO - current rateReachGoal: 0
2025-12-13 00:38:23,768 - PaperAgentLogger - DEBUG - New map
2025-12-13 00:38:24,613 - PaperAgentLogger - INFO - ################## PaperArchitecture_map20x20_rho1_10Agent/K3_HS0/1765556206 - End of loop ##################  
 ####### Case2429 	 Computation time:0.8447206020355225 	 Step26/52	- AllReachGoal-True

2025-12-13 00:38:24,614 - PaperAgentLogger - INFO - current rateReachGoal: 0
2025-12-13 00:38:24,633 - PaperAgentLogger - DEBUG - New map
2025-12-13 00:38:25,785 - PaperAgentLogger - INFO - ################## PaperArchitecture_map20x20_rho1_10Agent/K3_HS0/1765556206 - End of loop ##################  
 ####### Case2430 	 Computation time:1.1512932777404785 	 Step37/64	- AllReachGoal-True

2025-12-13 00:38:25,788 - PaperAgentLogger - INFO - current rateReachGoal: 0
2025-12-13 00:38:25,805 - PaperAgentLogger - DEBUG - New map
2025-12-13 00:38:26,584 - PaperAgentLogger - INFO - ################## PaperArchitecture_map20x20_rho1_10Agent/K3_HS0/1765556206 - End of loop ##################  
 ####### Case2431 	 Computation time:0.7782077789306641 	 Step25/50	- AllReachGoal-True

2025-12-13 00:38:26,585 - PaperAgentLogger - INFO - current rateReachGoal: 0
2025-12-13 00:38:26,601 - PaperAgentLogger - DEBUG - New map
2025-12-13 00:38:27,411 - PaperAgentLogger - INFO - ################## PaperArchitecture_map20x20_rho1_10Agent/K3_HS0/1765556206 - End of loop ##################  
 ####### Case2432 	 Computation time:0.8093092441558838 	 Step27/48	- AllReachGoal-True

2025-12-13 00:38:27,412 - PaperAgentLogger - INFO - current rateReachGoal: 0
2025-12-13 00:38:27,430 - PaperAgentLogger - DEBUG - New map
2025-12-13 00:38:28,138 - PaperAgentLogger - INFO - ################## PaperArchitecture_map20x20_rho1_10Agent/K3_HS0/1765556206 - End of loop ##################  
 ####### Case2433 	 Computation time:0.7079987525939941 	 Step23/46	- AllReachGoal-True

2025-12-13 00:38:28,139 - PaperAgentLogger - INFO - current rateReachGoal: 0
2025-12-13 00:38:28,160 - PaperAgentLogger - DEBUG - New map
2025-12-13 00:38:29,842 - PaperAgentLogger - INFO - ################## PaperArchitecture_map20x20_rho1_10Agent/K3_HS0/1765556206 - End of loop ##################  
 ####### Case2434 	 Computation time:1.6813304424285889 	 Step57/72	- AllReachGoal-True

2025-12-13 00:38:29,843 - PaperAgentLogger - INFO - current rateReachGoal: 0
2025-12-13 00:38:29,859 - PaperAgentLogger - DEBUG - New map
2025-12-13 00:38:30,524 - PaperAgentLogger - INFO - ################## PaperArchitecture_map20x20_rho1_10Agent/K3_HS0/1765556206 - End of loop ##################  
 ####### Case2435 	 Computation time:0.6638929843902588 	 Step21/42	- AllReachGoal-True

2025-12-13 00:38:30,524 - PaperAgentLogger - INFO - current rateReachGoal: 0
2025-12-13 00:38:30,543 - PaperAgentLogger - DEBUG - New map
2025-12-13 00:38:32,196 - PaperAgentLogger - INFO - ################## PaperArchitecture_map20x20_rho1_10Agent/K3_HS0/1765556206 - End of loop ##################  
 ####### Case2436 	 Computation time:1.6524207592010498 	 Step56/56	- AllReachGoal-False

2025-12-13 00:38:32,197 - PaperAgentLogger - INFO - current rateReachGoal: 0
2025-12-13 00:38:32,216 - PaperAgentLogger - DEBUG - New map
2025-12-13 00:38:33,423 - PaperAgentLogger - INFO - ################## PaperArchitecture_map20x20_rho1_10Agent/K3_HS0/1765556206 - End of loop ##################  
 ####### Case2437 	 Computation time:1.2056725025177002 	 Step41/62	- AllReachGoal-True

2025-12-13 00:38:33,423 - PaperAgentLogger - INFO - current rateReachGoal: 0
2025-12-13 00:38:33,440 - PaperAgentLogger - DEBUG - New map
2025-12-13 00:38:34,183 - PaperAgentLogger - INFO - ################## PaperArchitecture_map20x20_rho1_10Agent/K3_HS0/1765556206 - End of loop ##################  
 ####### Case2438 	 Computation time:0.7424728870391846 	 Step25/50	- AllReachGoal-True

2025-12-13 00:38:34,184 - PaperAgentLogger - INFO - current rateReachGoal: 0
2025-12-13 00:38:34,206 - PaperAgentLogger - DEBUG - New map
2025-12-13 00:38:36,261 - PaperAgentLogger - INFO - ################## PaperArchitecture_map20x20_rho1_10Agent/K3_HS0/1765556206 - End of loop ##################  
 ####### Case2439 	 Computation time:2.0543935298919678 	 Step70/70	- AllReachGoal-False

2025-12-13 00:38:36,261 - PaperAgentLogger - INFO - current rateReachGoal: 0
2025-12-13 00:38:36,279 - PaperAgentLogger - DEBUG - New map
2025-12-13 00:38:37,025 - PaperAgentLogger - INFO - ################## PaperArchitecture_map20x20_rho1_10Agent/K3_HS0/1765556206 - End of loop ##################  
 ####### Case2440 	 Computation time:0.74550461769104 	 Step25/50	- AllReachGoal-True

2025-12-13 00:38:37,026 - PaperAgentLogger - INFO - current rateReachGoal: 0
2025-12-13 00:38:37,045 - PaperAgentLogger - DEBUG - New map
2025-12-13 00:38:39,041 - PaperAgentLogger - INFO - ################## PaperArchitecture_map20x20_rho1_10Agent/K3_HS0/1765556206 - End of loop ##################  
 ####### Case2441 	 Computation time:1.9947795867919922 	 Step68/68	- AllReachGoal-False

2025-12-13 00:38:39,042 - PaperAgentLogger - INFO - current rateReachGoal: 0
2025-12-13 00:38:39,058 - PaperAgentLogger - DEBUG - New map
2025-12-13 00:38:40,359 - PaperAgentLogger - INFO - ################## PaperArchitecture_map20x20_rho1_10Agent/K3_HS0/1765556206 - End of loop ##################  
 ####### Case2442 	 Computation time:1.3003795146942139 	 Step44/44	- AllReachGoal-False

2025-12-13 00:38:40,360 - PaperAgentLogger - INFO - current rateReachGoal: 0
2025-12-13 00:38:40,379 - PaperAgentLogger - DEBUG - New map
2025-12-13 00:38:41,413 - PaperAgentLogger - INFO - ################## PaperArchitecture_map20x20_rho1_10Agent/K3_HS0/1765556206 - End of loop ##################  
 ####### Case2443 	 Computation time:1.033334732055664 	 Step35/62	- AllReachGoal-True

2025-12-13 00:38:41,413 - PaperAgentLogger - INFO - current rateReachGoal: 0
2025-12-13 00:38:41,432 - PaperAgentLogger - DEBUG - New map
2025-12-13 00:38:43,195 - PaperAgentLogger - INFO - ################## PaperArchitecture_map20x20_rho1_10Agent/K3_HS0/1765556206 - End of loop ##################  
 ####### Case2444 	 Computation time:1.7624092102050781 	 Step60/60	- AllReachGoal-False

2025-12-13 00:38:43,196 - PaperAgentLogger - INFO - current rateReachGoal: 0
2025-12-13 00:38:43,213 - PaperAgentLogger - DEBUG - New map
2025-12-13 00:38:44,515 - PaperAgentLogger - INFO - ################## PaperArchitecture_map20x20_rho1_10Agent/K3_HS0/1765556206 - End of loop ##################  
 ####### Case2445 	 Computation time:1.301633358001709 	 Step44/46	- AllReachGoal-True

2025-12-13 00:38:44,516 - PaperAgentLogger - INFO - current rateReachGoal: 0
2025-12-13 00:38:44,533 - PaperAgentLogger - DEBUG - New map
2025-12-13 00:38:45,547 - PaperAgentLogger - INFO - ################## PaperArchitecture_map20x20_rho1_10Agent/K3_HS0/1765556206 - End of loop ##################  
 ####### Case2446 	 Computation time:1.0139269828796387 	 Step34/46	- AllReachGoal-True

2025-12-13 00:38:45,548 - PaperAgentLogger - INFO - current rateReachGoal: 0
2025-12-13 00:38:45,567 - PaperAgentLogger - DEBUG - New map
2025-12-13 00:38:47,428 - PaperAgentLogger - INFO - ################## PaperArchitecture_map20x20_rho1_10Agent/K3_HS0/1765556206 - End of loop ##################  
 ####### Case2447 	 Computation time:1.8606312274932861 	 Step58/58	- AllReachGoal-False

2025-12-13 00:38:47,429 - PaperAgentLogger - INFO - current rateReachGoal: 0
2025-12-13 00:38:47,445 - PaperAgentLogger - DEBUG - New map
2025-12-13 00:38:48,929 - PaperAgentLogger - INFO - ################## PaperArchitecture_map20x20_rho1_10Agent/K3_HS0/1765556206 - End of loop ##################  
 ####### Case2448 	 Computation time:1.4836881160736084 	 Step46/46	- AllReachGoal-False

2025-12-13 00:38:48,930 - PaperAgentLogger - INFO - current rateReachGoal: 0
2025-12-13 00:38:48,950 - PaperAgentLogger - DEBUG - New map
2025-12-13 00:38:50,043 - PaperAgentLogger - INFO - ################## PaperArchitecture_map20x20_rho1_10Agent/K3_HS0/1765556206 - End of loop ##################  
 ####### Case2449 	 Computation time:1.0923104286193848 	 Step34/64	- AllReachGoal-True

2025-12-13 00:38:50,045 - PaperAgentLogger - INFO - current rateReachGoal: 0
2025-12-13 00:38:50,062 - PaperAgentLogger - DEBUG - New map
2025-12-13 00:38:51,112 - PaperAgentLogger - INFO - ################## PaperArchitecture_map20x20_rho1_10Agent/K3_HS0/1765556206 - End of loop ##################  
 ####### Case2450 	 Computation time:1.0497713088989258 	 Step32/50	- AllReachGoal-True

2025-12-13 00:38:51,113 - PaperAgentLogger - INFO - current rateReachGoal: 0
2025-12-13 00:38:51,131 - PaperAgentLogger - DEBUG - New map
2025-12-13 00:38:52,615 - PaperAgentLogger - INFO - ################## PaperArchitecture_map20x20_rho1_10Agent/K3_HS0/1765556206 - End of loop ##################  
 ####### Case2451 	 Computation time:1.4835643768310547 	 Step50/50	- AllReachGoal-False

2025-12-13 00:38:52,616 - PaperAgentLogger - INFO - current rateReachGoal: 0
2025-12-13 00:38:52,633 - PaperAgentLogger - DEBUG - New map
2025-12-13 00:38:54,463 - PaperAgentLogger - INFO - ################## PaperArchitecture_map20x20_rho1_10Agent/K3_HS0/1765556206 - End of loop ##################  
 ####### Case2452 	 Computation time:1.8285188674926758 	 Step58/58	- AllReachGoal-False

2025-12-13 00:38:54,463 - PaperAgentLogger - INFO - current rateReachGoal: 0
2025-12-13 00:38:54,479 - PaperAgentLogger - DEBUG - New map
2025-12-13 00:38:55,880 - PaperAgentLogger - INFO - ################## PaperArchitecture_map20x20_rho1_10Agent/K3_HS0/1765556206 - End of loop ##################  
 ####### Case2453 	 Computation time:1.3999996185302734 	 Step46/46	- AllReachGoal-False

2025-12-13 00:38:55,881 - PaperAgentLogger - INFO - current rateReachGoal: 0
2025-12-13 00:38:55,899 - PaperAgentLogger - DEBUG - New map
2025-12-13 00:38:56,874 - PaperAgentLogger - INFO - ################## PaperArchitecture_map20x20_rho1_10Agent/K3_HS0/1765556206 - End of loop ##################  
 ####### Case2454 	 Computation time:0.9736495018005371 	 Step30/54	- AllReachGoal-True

2025-12-13 00:38:56,874 - PaperAgentLogger - INFO - current rateReachGoal: 0
2025-12-13 00:38:56,893 - PaperAgentLogger - DEBUG - New map
2025-12-13 00:38:57,745 - PaperAgentLogger - INFO - ################## PaperArchitecture_map20x20_rho1_10Agent/K3_HS0/1765556206 - End of loop ##################  
 ####### Case2455 	 Computation time:0.8512623310089111 	 Step27/50	- AllReachGoal-True

2025-12-13 00:38:57,746 - PaperAgentLogger - INFO - current rateReachGoal: 0
2025-12-13 00:38:57,764 - PaperAgentLogger - DEBUG - New map
2025-12-13 00:38:58,741 - PaperAgentLogger - INFO - ################## PaperArchitecture_map20x20_rho1_10Agent/K3_HS0/1765556206 - End of loop ##################  
 ####### Case2456 	 Computation time:0.9757261276245117 	 Step31/56	- AllReachGoal-True

2025-12-13 00:38:58,741 - PaperAgentLogger - INFO - current rateReachGoal: 0
2025-12-13 00:38:58,759 - PaperAgentLogger - DEBUG - New map
2025-12-13 00:38:59,763 - PaperAgentLogger - INFO - ################## PaperArchitecture_map20x20_rho1_10Agent/K3_HS0/1765556206 - End of loop ##################  
 ####### Case2457 	 Computation time:1.0029127597808838 	 Step32/64	- AllReachGoal-True

2025-12-13 00:38:59,764 - PaperAgentLogger - INFO - current rateReachGoal: 0
2025-12-13 00:38:59,780 - PaperAgentLogger - DEBUG - New map
2025-12-13 00:39:00,992 - PaperAgentLogger - INFO - ################## PaperArchitecture_map20x20_rho1_10Agent/K3_HS0/1765556206 - End of loop ##################  
 ####### Case2458 	 Computation time:1.2116315364837646 	 Step38/52	- AllReachGoal-True

2025-12-13 00:39:00,995 - PaperAgentLogger - INFO - current rateReachGoal: 0
2025-12-13 00:39:01,014 - PaperAgentLogger - DEBUG - New map
2025-12-13 00:39:02,168 - PaperAgentLogger - INFO - ################## PaperArchitecture_map20x20_rho1_10Agent/K3_HS0/1765556206 - End of loop ##################  
 ####### Case2459 	 Computation time:1.1533493995666504 	 Step35/66	- AllReachGoal-True

2025-12-13 00:39:02,169 - PaperAgentLogger - INFO - current rateReachGoal: 0
2025-12-13 00:39:02,186 - PaperAgentLogger - DEBUG - New map
2025-12-13 00:39:03,024 - PaperAgentLogger - INFO - ################## PaperArchitecture_map20x20_rho1_10Agent/K3_HS0/1765556206 - End of loop ##################  
 ####### Case2460 	 Computation time:0.8369734287261963 	 Step26/50	- AllReachGoal-True

2025-12-13 00:39:03,025 - PaperAgentLogger - INFO - current rateReachGoal: 0
2025-12-13 00:39:03,044 - PaperAgentLogger - DEBUG - New map
2025-12-13 00:39:04,268 - PaperAgentLogger - INFO - ################## PaperArchitecture_map20x20_rho1_10Agent/K3_HS0/1765556206 - End of loop ##################  
 ####### Case2461 	 Computation time:1.2234573364257812 	 Step37/68	- AllReachGoal-True

2025-12-13 00:39:04,269 - PaperAgentLogger - INFO - current rateReachGoal: 0
2025-12-13 00:39:04,286 - PaperAgentLogger - DEBUG - New map
2025-12-13 00:39:05,988 - PaperAgentLogger - INFO - ################## PaperArchitecture_map20x20_rho1_10Agent/K3_HS0/1765556206 - End of loop ##################  
 ####### Case2462 	 Computation time:1.7010986804962158 	 Step52/52	- AllReachGoal-False

2025-12-13 00:39:05,989 - PaperAgentLogger - INFO - current rateReachGoal: 0
2025-12-13 00:39:06,007 - PaperAgentLogger - DEBUG - New map
2025-12-13 00:39:07,627 - PaperAgentLogger - INFO - ################## PaperArchitecture_map20x20_rho1_10Agent/K3_HS0/1765556206 - End of loop ##################  
 ####### Case2463 	 Computation time:1.6197237968444824 	 Step50/50	- AllReachGoal-False

2025-12-13 00:39:07,628 - PaperAgentLogger - INFO - current rateReachGoal: 0
2025-12-13 00:39:07,648 - PaperAgentLogger - DEBUG - New map
2025-12-13 00:39:08,879 - PaperAgentLogger - INFO - ################## PaperArchitecture_map20x20_rho1_10Agent/K3_HS0/1765556206 - End of loop ##################  
 ####### Case2464 	 Computation time:1.2303619384765625 	 Step38/66	- AllReachGoal-True

2025-12-13 00:39:08,880 - PaperAgentLogger - INFO - current rateReachGoal: 0
2025-12-13 00:39:08,897 - PaperAgentLogger - DEBUG - New map
2025-12-13 00:39:09,687 - PaperAgentLogger - INFO - ################## PaperArchitecture_map20x20_rho1_10Agent/K3_HS0/1765556206 - End of loop ##################  
 ####### Case2465 	 Computation time:0.7893393039703369 	 Step25/48	- AllReachGoal-True

2025-12-13 00:39:09,688 - PaperAgentLogger - INFO - current rateReachGoal: 0
2025-12-13 00:39:09,704 - PaperAgentLogger - DEBUG - New map
2025-12-13 00:39:11,140 - PaperAgentLogger - INFO - ################## PaperArchitecture_map20x20_rho1_10Agent/K3_HS0/1765556206 - End of loop ##################  
 ####### Case2466 	 Computation time:1.4347074031829834 	 Step44/44	- AllReachGoal-False

2025-12-13 00:39:11,142 - PaperAgentLogger - INFO - current rateReachGoal: 0
2025-12-13 00:39:11,161 - PaperAgentLogger - DEBUG - New map
2025-12-13 00:39:12,105 - PaperAgentLogger - INFO - ################## PaperArchitecture_map20x20_rho1_10Agent/K3_HS0/1765556206 - End of loop ##################  
 ####### Case2467 	 Computation time:0.9435234069824219 	 Step32/64	- AllReachGoal-True

2025-12-13 00:39:12,106 - PaperAgentLogger - INFO - current rateReachGoal: 0
2025-12-13 00:39:12,122 - PaperAgentLogger - DEBUG - New map
2025-12-13 00:39:13,057 - PaperAgentLogger - INFO - ################## PaperArchitecture_map20x20_rho1_10Agent/K3_HS0/1765556206 - End of loop ##################  
 ####### Case2468 	 Computation time:0.9342062473297119 	 Step30/46	- AllReachGoal-True

2025-12-13 00:39:13,057 - PaperAgentLogger - INFO - current rateReachGoal: 0
2025-12-13 00:39:13,073 - PaperAgentLogger - DEBUG - New map
2025-12-13 00:39:14,295 - PaperAgentLogger - INFO - ################## PaperArchitecture_map20x20_rho1_10Agent/K3_HS0/1765556206 - End of loop ##################  
 ####### Case2469 	 Computation time:1.2214484214782715 	 Step37/40	- AllReachGoal-True

2025-12-13 00:39:14,296 - PaperAgentLogger - INFO - current rateReachGoal: 0
2025-12-13 00:39:14,313 - PaperAgentLogger - DEBUG - New map
2025-12-13 00:39:15,753 - PaperAgentLogger - INFO - ################## PaperArchitecture_map20x20_rho1_10Agent/K3_HS0/1765556206 - End of loop ##################  
 ####### Case2470 	 Computation time:1.439267635345459 	 Step46/46	- AllReachGoal-False

2025-12-13 00:39:15,754 - PaperAgentLogger - INFO - current rateReachGoal: 0
2025-12-13 00:39:15,770 - PaperAgentLogger - DEBUG - New map
2025-12-13 00:39:16,364 - PaperAgentLogger - INFO - ################## PaperArchitecture_map20x20_rho1_10Agent/K3_HS0/1765556206 - End of loop ##################  
 ####### Case2471 	 Computation time:0.5934393405914307 	 Step20/40	- AllReachGoal-True

2025-12-13 00:39:16,367 - PaperAgentLogger - INFO - current rateReachGoal: 0
2025-12-13 00:39:16,385 - PaperAgentLogger - DEBUG - New map
2025-12-13 00:39:18,042 - PaperAgentLogger - INFO - ################## PaperArchitecture_map20x20_rho1_10Agent/K3_HS0/1765556206 - End of loop ##################  
 ####### Case2472 	 Computation time:1.6570942401885986 	 Step56/56	- AllReachGoal-False

2025-12-13 00:39:18,043 - PaperAgentLogger - INFO - current rateReachGoal: 0
2025-12-13 00:39:18,060 - PaperAgentLogger - DEBUG - New map
2025-12-13 00:39:19,413 - PaperAgentLogger - INFO - ################## PaperArchitecture_map20x20_rho1_10Agent/K3_HS0/1765556206 - End of loop ##################  
 ####### Case2473 	 Computation time:1.353348731994629 	 Step46/46	- AllReachGoal-False

2025-12-13 00:39:19,414 - PaperAgentLogger - INFO - current rateReachGoal: 0
2025-12-13 00:39:19,433 - PaperAgentLogger - DEBUG - New map
2025-12-13 00:39:21,136 - PaperAgentLogger - INFO - ################## PaperArchitecture_map20x20_rho1_10Agent/K3_HS0/1765556206 - End of loop ##################  
 ####### Case2474 	 Computation time:1.7021853923797607 	 Step58/58	- AllReachGoal-False

2025-12-13 00:39:21,137 - PaperAgentLogger - INFO - current rateReachGoal: 0
2025-12-13 00:39:21,154 - PaperAgentLogger - DEBUG - New map
2025-12-13 00:39:22,076 - PaperAgentLogger - INFO - ################## PaperArchitecture_map20x20_rho1_10Agent/K3_HS0/1765556206 - End of loop ##################  
 ####### Case2475 	 Computation time:0.9207587242126465 	 Step31/52	- AllReachGoal-True

2025-12-13 00:39:22,078 - PaperAgentLogger - INFO - current rateReachGoal: 0
2025-12-13 00:39:22,096 - PaperAgentLogger - DEBUG - New map
2025-12-13 00:39:23,879 - PaperAgentLogger - INFO - ################## PaperArchitecture_map20x20_rho1_10Agent/K3_HS0/1765556206 - End of loop ##################  
 ####### Case2476 	 Computation time:1.7823996543884277 	 Step60/60	- AllReachGoal-False

2025-12-13 00:39:23,880 - PaperAgentLogger - INFO - current rateReachGoal: 0
2025-12-13 00:39:23,899 - PaperAgentLogger - DEBUG - New map
2025-12-13 00:39:25,664 - PaperAgentLogger - INFO - ################## PaperArchitecture_map20x20_rho1_10Agent/K3_HS0/1765556206 - End of loop ##################  
 ####### Case2477 	 Computation time:1.7635440826416016 	 Step58/58	- AllReachGoal-False

2025-12-13 00:39:25,664 - PaperAgentLogger - INFO - current rateReachGoal: 0
2025-12-13 00:39:25,682 - PaperAgentLogger - DEBUG - New map
2025-12-13 00:39:26,457 - PaperAgentLogger - INFO - ################## PaperArchitecture_map20x20_rho1_10Agent/K3_HS0/1765556206 - End of loop ##################  
 ####### Case2478 	 Computation time:0.7738981246948242 	 Step26/52	- AllReachGoal-True

2025-12-13 00:39:26,457 - PaperAgentLogger - INFO - current rateReachGoal: 0
2025-12-13 00:39:26,478 - PaperAgentLogger - DEBUG - New map
2025-12-13 00:39:28,730 - PaperAgentLogger - INFO - ################## PaperArchitecture_map20x20_rho1_10Agent/K3_HS0/1765556206 - End of loop ##################  
 ####### Case2479 	 Computation time:2.250737190246582 	 Step76/76	- AllReachGoal-False

2025-12-13 00:39:28,731 - PaperAgentLogger - INFO - current rateReachGoal: 0
2025-12-13 00:39:28,749 - PaperAgentLogger - DEBUG - New map
2025-12-13 00:39:29,783 - PaperAgentLogger - INFO - ################## PaperArchitecture_map20x20_rho1_10Agent/K3_HS0/1765556206 - End of loop ##################  
 ####### Case2480 	 Computation time:1.0337178707122803 	 Step34/50	- AllReachGoal-True

2025-12-13 00:39:29,784 - PaperAgentLogger - INFO - current rateReachGoal: 0
2025-12-13 00:39:29,803 - PaperAgentLogger - DEBUG - New map
2025-12-13 00:39:30,923 - PaperAgentLogger - INFO - ################## PaperArchitecture_map20x20_rho1_10Agent/K3_HS0/1765556206 - End of loop ##################  
 ####### Case2481 	 Computation time:1.119140386581421 	 Step37/58	- AllReachGoal-True

2025-12-13 00:39:30,923 - PaperAgentLogger - INFO - current rateReachGoal: 0
2025-12-13 00:39:30,941 - PaperAgentLogger - DEBUG - New map
2025-12-13 00:39:31,805 - PaperAgentLogger - INFO - ################## PaperArchitecture_map20x20_rho1_10Agent/K3_HS0/1765556206 - End of loop ##################  
 ####### Case2482 	 Computation time:0.8628642559051514 	 Step29/54	- AllReachGoal-True

2025-12-13 00:39:31,805 - PaperAgentLogger - INFO - current rateReachGoal: 0
2025-12-13 00:39:31,825 - PaperAgentLogger - DEBUG - New map
2025-12-13 00:39:32,837 - PaperAgentLogger - INFO - ################## PaperArchitecture_map20x20_rho1_10Agent/K3_HS0/1765556206 - End of loop ##################  
 ####### Case2483 	 Computation time:1.010770320892334 	 Step34/68	- AllReachGoal-True

2025-12-13 00:39:32,837 - PaperAgentLogger - INFO - current rateReachGoal: 0
2025-12-13 00:39:32,859 - PaperAgentLogger - DEBUG - New map
2025-12-13 00:39:34,741 - PaperAgentLogger - INFO - ################## PaperArchitecture_map20x20_rho1_10Agent/K3_HS0/1765556206 - End of loop ##################  
 ####### Case2484 	 Computation time:1.8815345764160156 	 Step64/64	- AllReachGoal-False

2025-12-13 00:39:34,741 - PaperAgentLogger - INFO - current rateReachGoal: 0
2025-12-13 00:39:34,758 - PaperAgentLogger - DEBUG - New map
2025-12-13 00:39:36,230 - PaperAgentLogger - INFO - ################## PaperArchitecture_map20x20_rho1_10Agent/K3_HS0/1765556206 - End of loop ##################  
 ####### Case2485 	 Computation time:1.4718129634857178 	 Step50/50	- AllReachGoal-False

2025-12-13 00:39:36,231 - PaperAgentLogger - INFO - current rateReachGoal: 0
2025-12-13 00:39:36,248 - PaperAgentLogger - DEBUG - New map
2025-12-13 00:39:37,798 - PaperAgentLogger - INFO - ################## PaperArchitecture_map20x20_rho1_10Agent/K3_HS0/1765556206 - End of loop ##################  
 ####### Case2486 	 Computation time:1.5489883422851562 	 Step52/52	- AllReachGoal-False

2025-12-13 00:39:37,799 - PaperAgentLogger - INFO - current rateReachGoal: 0
2025-12-13 00:39:37,816 - PaperAgentLogger - DEBUG - New map
2025-12-13 00:39:38,610 - PaperAgentLogger - INFO - ################## PaperArchitecture_map20x20_rho1_10Agent/K3_HS0/1765556206 - End of loop ##################  
 ####### Case2487 	 Computation time:0.7930638790130615 	 Step25/42	- AllReachGoal-True

2025-12-13 00:39:38,610 - PaperAgentLogger - INFO - current rateReachGoal: 0
2025-12-13 00:39:38,627 - PaperAgentLogger - DEBUG - New map
2025-12-13 00:39:39,289 - PaperAgentLogger - INFO - ################## PaperArchitecture_map20x20_rho1_10Agent/K3_HS0/1765556206 - End of loop ##################  
 ####### Case2488 	 Computation time:0.6617262363433838 	 Step22/44	- AllReachGoal-True

2025-12-13 00:39:39,290 - PaperAgentLogger - INFO - current rateReachGoal: 0
2025-12-13 00:39:39,309 - PaperAgentLogger - DEBUG - New map
2025-12-13 00:39:40,229 - PaperAgentLogger - INFO - ################## PaperArchitecture_map20x20_rho1_10Agent/K3_HS0/1765556206 - End of loop ##################  
 ####### Case2489 	 Computation time:0.9185872077941895 	 Step31/62	- AllReachGoal-True

2025-12-13 00:39:40,231 - PaperAgentLogger - INFO - current rateReachGoal: 0
2025-12-13 00:39:40,248 - PaperAgentLogger - DEBUG - New map
2025-12-13 00:39:41,940 - PaperAgentLogger - INFO - ################## PaperArchitecture_map20x20_rho1_10Agent/K3_HS0/1765556206 - End of loop ##################  
 ####### Case2490 	 Computation time:1.6912200450897217 	 Step52/52	- AllReachGoal-False

2025-12-13 00:39:41,941 - PaperAgentLogger - INFO - current rateReachGoal: 0
2025-12-13 00:39:41,959 - PaperAgentLogger - DEBUG - New map
2025-12-13 00:39:43,646 - PaperAgentLogger - INFO - ################## PaperArchitecture_map20x20_rho1_10Agent/K3_HS0/1765556206 - End of loop ##################  
 ####### Case2491 	 Computation time:1.6868493556976318 	 Step56/56	- AllReachGoal-False

2025-12-13 00:39:43,647 - PaperAgentLogger - INFO - current rateReachGoal: 0
2025-12-13 00:39:43,665 - PaperAgentLogger - DEBUG - New map
2025-12-13 00:39:45,284 - PaperAgentLogger - INFO - ################## PaperArchitecture_map20x20_rho1_10Agent/K3_HS0/1765556206 - End of loop ##################  
 ####### Case2492 	 Computation time:1.6184210777282715 	 Step52/52	- AllReachGoal-False

2025-12-13 00:39:45,286 - PaperAgentLogger - INFO - current rateReachGoal: 0
2025-12-13 00:39:45,306 - PaperAgentLogger - DEBUG - New map
2025-12-13 00:39:47,251 - PaperAgentLogger - INFO - ################## PaperArchitecture_map20x20_rho1_10Agent/K3_HS0/1765556206 - End of loop ##################  
 ####### Case2493 	 Computation time:1.9441747665405273 	 Step64/64	- AllReachGoal-False

2025-12-13 00:39:47,251 - PaperAgentLogger - INFO - current rateReachGoal: 0
2025-12-13 00:39:47,270 - PaperAgentLogger - DEBUG - New map
2025-12-13 00:39:48,081 - PaperAgentLogger - INFO - ################## PaperArchitecture_map20x20_rho1_10Agent/K3_HS0/1765556206 - End of loop ##################  
 ####### Case2494 	 Computation time:0.811018705368042 	 Step25/50	- AllReachGoal-True

2025-12-13 00:39:48,082 - PaperAgentLogger - INFO - current rateReachGoal: 0
2025-12-13 00:39:48,099 - PaperAgentLogger - DEBUG - New map
2025-12-13 00:39:48,980 - PaperAgentLogger - INFO - ################## PaperArchitecture_map20x20_rho1_10Agent/K3_HS0/1765556206 - End of loop ##################  
 ####### Case2495 	 Computation time:0.8808856010437012 	 Step27/52	- AllReachGoal-True

2025-12-13 00:39:48,981 - PaperAgentLogger - INFO - current rateReachGoal: 0
2025-12-13 00:39:48,999 - PaperAgentLogger - DEBUG - New map
2025-12-13 00:39:49,813 - PaperAgentLogger - INFO - ################## PaperArchitecture_map20x20_rho1_10Agent/K3_HS0/1765556206 - End of loop ##################  
 ####### Case2496 	 Computation time:0.8127646446228027 	 Step27/50	- AllReachGoal-True

2025-12-13 00:39:49,813 - PaperAgentLogger - INFO - current rateReachGoal: 0
2025-12-13 00:39:49,833 - PaperAgentLogger - DEBUG - New map
2025-12-13 00:39:50,971 - PaperAgentLogger - INFO - ################## PaperArchitecture_map20x20_rho1_10Agent/K3_HS0/1765556206 - End of loop ##################  
 ####### Case2497 	 Computation time:1.1369190216064453 	 Step35/66	- AllReachGoal-True

2025-12-13 00:39:50,972 - PaperAgentLogger - INFO - current rateReachGoal: 0
2025-12-13 00:39:50,988 - PaperAgentLogger - DEBUG - New map
2025-12-13 00:39:51,731 - PaperAgentLogger - INFO - ################## PaperArchitecture_map20x20_rho1_10Agent/K3_HS0/1765556206 - End of loop ##################  
 ####### Case2498 	 Computation time:0.7417984008789062 	 Step24/48	- AllReachGoal-True

2025-12-13 00:39:51,731 - PaperAgentLogger - INFO - current rateReachGoal: 0
2025-12-13 00:39:51,750 - PaperAgentLogger - DEBUG - New map
2025-12-13 00:39:53,183 - PaperAgentLogger - INFO - ################## PaperArchitecture_map20x20_rho1_10Agent/K3_HS0/1765556206 - End of loop ##################  
 ####### Case2499 	 Computation time:1.432182788848877 	 Step46/54	- AllReachGoal-True

2025-12-13 00:39:53,184 - PaperAgentLogger - INFO - current rateReachGoal: 0
2025-12-13 00:39:53,202 - PaperAgentLogger - DEBUG - New map
2025-12-13 00:39:54,954 - PaperAgentLogger - INFO - ################## PaperArchitecture_map20x20_rho1_10Agent/K3_HS0/1765556206 - End of loop ##################  
 ####### Case2500 	 Computation time:1.7506239414215088 	 Step60/60	- AllReachGoal-False

2025-12-13 00:39:54,954 - PaperAgentLogger - INFO - current rateReachGoal: 0
2025-12-13 00:39:54,972 - PaperAgentLogger - DEBUG - New map
2025-12-13 00:39:56,376 - PaperAgentLogger - INFO - ################## PaperArchitecture_map20x20_rho1_10Agent/K3_HS0/1765556206 - End of loop ##################  
 ####### Case2501 	 Computation time:1.402785062789917 	 Step48/48	- AllReachGoal-False

2025-12-13 00:39:56,376 - PaperAgentLogger - INFO - current rateReachGoal: 0
2025-12-13 00:39:56,396 - PaperAgentLogger - DEBUG - New map
2025-12-13 00:39:58,155 - PaperAgentLogger - INFO - ################## PaperArchitecture_map20x20_rho1_10Agent/K3_HS0/1765556206 - End of loop ##################  
 ####### Case2502 	 Computation time:1.759357213973999 	 Step60/60	- AllReachGoal-False

2025-12-13 00:39:58,156 - PaperAgentLogger - INFO - current rateReachGoal: 0
2025-12-13 00:39:58,174 - PaperAgentLogger - DEBUG - New map
2025-12-13 00:39:59,685 - PaperAgentLogger - INFO - ################## PaperArchitecture_map20x20_rho1_10Agent/K3_HS0/1765556206 - End of loop ##################  
 ####### Case2503 	 Computation time:1.5098366737365723 	 Step50/50	- AllReachGoal-False

2025-12-13 00:39:59,685 - PaperAgentLogger - INFO - current rateReachGoal: 0
2025-12-13 00:39:59,704 - PaperAgentLogger - DEBUG - New map
2025-12-13 00:40:01,576 - PaperAgentLogger - INFO - ################## PaperArchitecture_map20x20_rho1_10Agent/K3_HS0/1765556206 - End of loop ##################  
 ####### Case2504 	 Computation time:1.8714497089385986 	 Step58/58	- AllReachGoal-False

2025-12-13 00:40:01,579 - PaperAgentLogger - INFO - current rateReachGoal: 0
2025-12-13 00:40:01,597 - PaperAgentLogger - DEBUG - New map
2025-12-13 00:40:03,239 - PaperAgentLogger - INFO - ################## PaperArchitecture_map20x20_rho1_10Agent/K3_HS0/1765556206 - End of loop ##################  
 ####### Case2505 	 Computation time:1.6416163444519043 	 Step56/56	- AllReachGoal-False

2025-12-13 00:40:03,240 - PaperAgentLogger - INFO - current rateReachGoal: 0
2025-12-13 00:40:03,257 - PaperAgentLogger - DEBUG - New map
2025-12-13 00:40:04,668 - PaperAgentLogger - INFO - ################## PaperArchitecture_map20x20_rho1_10Agent/K3_HS0/1765556206 - End of loop ##################  
 ####### Case2506 	 Computation time:1.4100816249847412 	 Step48/48	- AllReachGoal-False

2025-12-13 00:40:04,668 - PaperAgentLogger - INFO - current rateReachGoal: 0
2025-12-13 00:40:04,689 - PaperAgentLogger - DEBUG - New map
2025-12-13 00:40:05,496 - PaperAgentLogger - INFO - ################## PaperArchitecture_map20x20_rho1_10Agent/K3_HS0/1765556206 - End of loop ##################  
 ####### Case2507 	 Computation time:0.807154655456543 	 Step27/54	- AllReachGoal-True

2025-12-13 00:40:05,497 - PaperAgentLogger - INFO - current rateReachGoal: 0
2025-12-13 00:40:05,515 - PaperAgentLogger - DEBUG - New map
2025-12-13 00:40:06,257 - PaperAgentLogger - INFO - ################## PaperArchitecture_map20x20_rho1_10Agent/K3_HS0/1765556206 - End of loop ##################  
 ####### Case2508 	 Computation time:0.7415273189544678 	 Step25/48	- AllReachGoal-True

2025-12-13 00:40:06,258 - PaperAgentLogger - INFO - current rateReachGoal: 0
2025-12-13 00:40:06,276 - PaperAgentLogger - DEBUG - New map
2025-12-13 00:40:07,227 - PaperAgentLogger - INFO - ################## PaperArchitecture_map20x20_rho1_10Agent/K3_HS0/1765556206 - End of loop ##################  
 ####### Case2509 	 Computation time:0.9496521949768066 	 Step29/58	- AllReachGoal-True

2025-12-13 00:40:07,229 - PaperAgentLogger - INFO - current rateReachGoal: 0
2025-12-13 00:40:07,247 - PaperAgentLogger - DEBUG - New map
2025-12-13 00:40:08,109 - PaperAgentLogger - INFO - ################## PaperArchitecture_map20x20_rho1_10Agent/K3_HS0/1765556206 - End of loop ##################  
 ####### Case2510 	 Computation time:0.8612203598022461 	 Step28/52	- AllReachGoal-True

2025-12-13 00:40:08,110 - PaperAgentLogger - INFO - current rateReachGoal: 0
2025-12-13 00:40:08,127 - PaperAgentLogger - DEBUG - New map
2025-12-13 00:40:08,985 - PaperAgentLogger - INFO - ################## PaperArchitecture_map20x20_rho1_10Agent/K3_HS0/1765556206 - End of loop ##################  
 ####### Case2511 	 Computation time:0.8573849201202393 	 Step29/50	- AllReachGoal-True

2025-12-13 00:40:08,986 - PaperAgentLogger - INFO - current rateReachGoal: 0
2025-12-13 00:40:09,003 - PaperAgentLogger - DEBUG - New map
2025-12-13 00:40:09,986 - PaperAgentLogger - INFO - ################## PaperArchitecture_map20x20_rho1_10Agent/K3_HS0/1765556206 - End of loop ##################  
 ####### Case2512 	 Computation time:0.9815940856933594 	 Step33/52	- AllReachGoal-True

2025-12-13 00:40:09,986 - PaperAgentLogger - INFO - current rateReachGoal: 0
2025-12-13 00:40:10,003 - PaperAgentLogger - DEBUG - New map
2025-12-13 00:40:11,475 - PaperAgentLogger - INFO - ################## PaperArchitecture_map20x20_rho1_10Agent/K3_HS0/1765556206 - End of loop ##################  
 ####### Case2513 	 Computation time:1.4713294506072998 	 Step50/50	- AllReachGoal-False

2025-12-13 00:40:11,476 - PaperAgentLogger - INFO - current rateReachGoal: 0
2025-12-13 00:40:11,495 - PaperAgentLogger - DEBUG - New map
2025-12-13 00:40:12,765 - PaperAgentLogger - INFO - ################## PaperArchitecture_map20x20_rho1_10Agent/K3_HS0/1765556206 - End of loop ##################  
 ####### Case2514 	 Computation time:1.2694499492645264 	 Step43/62	- AllReachGoal-True

2025-12-13 00:40:12,766 - PaperAgentLogger - INFO - current rateReachGoal: 0
2025-12-13 00:40:12,783 - PaperAgentLogger - DEBUG - New map
2025-12-13 00:40:13,740 - PaperAgentLogger - INFO - ################## PaperArchitecture_map20x20_rho1_10Agent/K3_HS0/1765556206 - End of loop ##################  
 ####### Case2515 	 Computation time:0.9558589458465576 	 Step32/52	- AllReachGoal-True

2025-12-13 00:40:13,741 - PaperAgentLogger - INFO - current rateReachGoal: 0
2025-12-13 00:40:13,759 - PaperAgentLogger - DEBUG - New map
2025-12-13 00:40:14,913 - PaperAgentLogger - INFO - ################## PaperArchitecture_map20x20_rho1_10Agent/K3_HS0/1765556206 - End of loop ##################  
 ####### Case2516 	 Computation time:1.1528520584106445 	 Step39/60	- AllReachGoal-True

2025-12-13 00:40:14,913 - PaperAgentLogger - INFO - current rateReachGoal: 0
2025-12-13 00:40:14,930 - PaperAgentLogger - DEBUG - New map
2025-12-13 00:40:15,780 - PaperAgentLogger - INFO - ################## PaperArchitecture_map20x20_rho1_10Agent/K3_HS0/1765556206 - End of loop ##################  
 ####### Case2517 	 Computation time:0.8492374420166016 	 Step28/56	- AllReachGoal-True

2025-12-13 00:40:15,781 - PaperAgentLogger - INFO - current rateReachGoal: 0
2025-12-13 00:40:15,799 - PaperAgentLogger - DEBUG - New map
2025-12-13 00:40:16,650 - PaperAgentLogger - INFO - ################## PaperArchitecture_map20x20_rho1_10Agent/K3_HS0/1765556206 - End of loop ##################  
 ####### Case2518 	 Computation time:0.8509335517883301 	 Step27/52	- AllReachGoal-True

2025-12-13 00:40:16,651 - PaperAgentLogger - INFO - current rateReachGoal: 0
2025-12-13 00:40:16,667 - PaperAgentLogger - DEBUG - New map
2025-12-13 00:40:17,462 - PaperAgentLogger - INFO - ################## PaperArchitecture_map20x20_rho1_10Agent/K3_HS0/1765556206 - End of loop ##################  
 ####### Case2519 	 Computation time:0.7944638729095459 	 Step26/48	- AllReachGoal-True

2025-12-13 00:40:17,463 - PaperAgentLogger - INFO - current rateReachGoal: 0
2025-12-13 00:40:17,482 - PaperAgentLogger - DEBUG - New map
2025-12-13 00:40:18,456 - PaperAgentLogger - INFO - ################## PaperArchitecture_map20x20_rho1_10Agent/K3_HS0/1765556206 - End of loop ##################  
 ####### Case2520 	 Computation time:0.9739747047424316 	 Step31/58	- AllReachGoal-True

2025-12-13 00:40:18,457 - PaperAgentLogger - INFO - current rateReachGoal: 0
2025-12-13 00:40:18,476 - PaperAgentLogger - DEBUG - New map
2025-12-13 00:40:20,350 - PaperAgentLogger - INFO - ################## PaperArchitecture_map20x20_rho1_10Agent/K3_HS0/1765556206 - End of loop ##################  
 ####### Case2521 	 Computation time:1.873208999633789 	 Step58/58	- AllReachGoal-False

2025-12-13 00:40:20,351 - PaperAgentLogger - INFO - current rateReachGoal: 0
2025-12-13 00:40:20,366 - PaperAgentLogger - DEBUG - New map
2025-12-13 00:40:21,026 - PaperAgentLogger - INFO - ################## PaperArchitecture_map20x20_rho1_10Agent/K3_HS0/1765556206 - End of loop ##################  
 ####### Case2522 	 Computation time:0.6590471267700195 	 Step20/40	- AllReachGoal-True

2025-12-13 00:40:21,027 - PaperAgentLogger - INFO - current rateReachGoal: 0
2025-12-13 00:40:21,046 - PaperAgentLogger - DEBUG - New map
2025-12-13 00:40:23,068 - PaperAgentLogger - INFO - ################## PaperArchitecture_map20x20_rho1_10Agent/K3_HS0/1765556206 - End of loop ##################  
 ####### Case2523 	 Computation time:2.0209054946899414 	 Step62/62	- AllReachGoal-False

2025-12-13 00:40:23,068 - PaperAgentLogger - INFO - current rateReachGoal: 0
2025-12-13 00:40:23,084 - PaperAgentLogger - DEBUG - New map
2025-12-13 00:40:24,514 - PaperAgentLogger - INFO - ################## PaperArchitecture_map20x20_rho1_10Agent/K3_HS0/1765556206 - End of loop ##################  
 ####### Case2524 	 Computation time:1.4288277626037598 	 Step44/44	- AllReachGoal-False

2025-12-13 00:40:24,514 - PaperAgentLogger - INFO - current rateReachGoal: 0
2025-12-13 00:40:24,533 - PaperAgentLogger - DEBUG - New map
2025-12-13 00:40:25,637 - PaperAgentLogger - INFO - ################## PaperArchitecture_map20x20_rho1_10Agent/K3_HS0/1765556206 - End of loop ##################  
 ####### Case2525 	 Computation time:1.1034317016601562 	 Step34/58	- AllReachGoal-True

2025-12-13 00:40:25,638 - PaperAgentLogger - INFO - current rateReachGoal: 0
2025-12-13 00:40:25,655 - PaperAgentLogger - DEBUG - New map
2025-12-13 00:40:26,635 - PaperAgentLogger - INFO - ################## PaperArchitecture_map20x20_rho1_10Agent/K3_HS0/1765556206 - End of loop ##################  
 ####### Case2526 	 Computation time:0.9787991046905518 	 Step32/54	- AllReachGoal-True

2025-12-13 00:40:26,635 - PaperAgentLogger - INFO - current rateReachGoal: 0
2025-12-13 00:40:26,653 - PaperAgentLogger - DEBUG - New map
2025-12-13 00:40:27,552 - PaperAgentLogger - INFO - ################## PaperArchitecture_map20x20_rho1_10Agent/K3_HS0/1765556206 - End of loop ##################  
 ####### Case2527 	 Computation time:0.8982172012329102 	 Step28/56	- AllReachGoal-True

2025-12-13 00:40:27,553 - PaperAgentLogger - INFO - current rateReachGoal: 0
2025-12-13 00:40:27,570 - PaperAgentLogger - DEBUG - New map
2025-12-13 00:40:29,390 - PaperAgentLogger - INFO - ################## PaperArchitecture_map20x20_rho1_10Agent/K3_HS0/1765556206 - End of loop ##################  
 ####### Case2528 	 Computation time:1.819047451019287 	 Step56/56	- AllReachGoal-False

2025-12-13 00:40:29,391 - PaperAgentLogger - INFO - current rateReachGoal: 0
2025-12-13 00:40:29,410 - PaperAgentLogger - DEBUG - New map
2025-12-13 00:40:30,702 - PaperAgentLogger - INFO - ################## PaperArchitecture_map20x20_rho1_10Agent/K3_HS0/1765556206 - End of loop ##################  
 ####### Case2529 	 Computation time:1.291370153427124 	 Step40/62	- AllReachGoal-True

2025-12-13 00:40:30,703 - PaperAgentLogger - INFO - current rateReachGoal: 0
2025-12-13 00:40:30,720 - PaperAgentLogger - DEBUG - New map
2025-12-13 00:40:31,743 - PaperAgentLogger - INFO - ################## PaperArchitecture_map20x20_rho1_10Agent/K3_HS0/1765556206 - End of loop ##################  
 ####### Case2530 	 Computation time:1.0227196216583252 	 Step34/42	- AllReachGoal-True

2025-12-13 00:40:31,744 - PaperAgentLogger - INFO - current rateReachGoal: 0
2025-12-13 00:40:31,762 - PaperAgentLogger - DEBUG - New map
2025-12-13 00:40:32,648 - PaperAgentLogger - INFO - ################## PaperArchitecture_map20x20_rho1_10Agent/K3_HS0/1765556206 - End of loop ##################  
 ####### Case2531 	 Computation time:0.88551926612854 	 Step28/52	- AllReachGoal-True

2025-12-13 00:40:32,649 - PaperAgentLogger - INFO - current rateReachGoal: 0
2025-12-13 00:40:32,667 - PaperAgentLogger - DEBUG - New map
2025-12-13 00:40:33,592 - PaperAgentLogger - INFO - ################## PaperArchitecture_map20x20_rho1_10Agent/K3_HS0/1765556206 - End of loop ##################  
 ####### Case2532 	 Computation time:0.9240138530731201 	 Step28/52	- AllReachGoal-True

2025-12-13 00:40:33,592 - PaperAgentLogger - INFO - current rateReachGoal: 0
2025-12-13 00:40:33,611 - PaperAgentLogger - DEBUG - New map
2025-12-13 00:40:35,389 - PaperAgentLogger - INFO - ################## PaperArchitecture_map20x20_rho1_10Agent/K3_HS0/1765556206 - End of loop ##################  
 ####### Case2533 	 Computation time:1.7775044441223145 	 Step54/54	- AllReachGoal-False

2025-12-13 00:40:35,390 - PaperAgentLogger - INFO - current rateReachGoal: 0
2025-12-13 00:40:35,409 - PaperAgentLogger - DEBUG - New map
2025-12-13 00:40:36,897 - PaperAgentLogger - INFO - ################## PaperArchitecture_map20x20_rho1_10Agent/K3_HS0/1765556206 - End of loop ##################  
 ####### Case2534 	 Computation time:1.4875836372375488 	 Step48/54	- AllReachGoal-True

2025-12-13 00:40:36,898 - PaperAgentLogger - INFO - current rateReachGoal: 0
2025-12-13 00:40:36,914 - PaperAgentLogger - DEBUG - New map
2025-12-13 00:40:37,639 - PaperAgentLogger - INFO - ################## PaperArchitecture_map20x20_rho1_10Agent/K3_HS0/1765556206 - End of loop ##################  
 ####### Case2535 	 Computation time:0.7245204448699951 	 Step23/46	- AllReachGoal-True

2025-12-13 00:40:37,640 - PaperAgentLogger - INFO - current rateReachGoal: 0
2025-12-13 00:40:37,659 - PaperAgentLogger - DEBUG - New map
2025-12-13 00:40:39,606 - PaperAgentLogger - INFO - ################## PaperArchitecture_map20x20_rho1_10Agent/K3_HS0/1765556206 - End of loop ##################  
 ####### Case2536 	 Computation time:1.9468488693237305 	 Step60/60	- AllReachGoal-False

2025-12-13 00:40:39,607 - PaperAgentLogger - INFO - current rateReachGoal: 0
2025-12-13 00:40:39,625 - PaperAgentLogger - DEBUG - New map
2025-12-13 00:40:40,371 - PaperAgentLogger - INFO - ################## PaperArchitecture_map20x20_rho1_10Agent/K3_HS0/1765556206 - End of loop ##################  
 ####### Case2537 	 Computation time:0.7457625865936279 	 Step24/48	- AllReachGoal-True

2025-12-13 00:40:40,372 - PaperAgentLogger - INFO - current rateReachGoal: 0
2025-12-13 00:40:40,392 - PaperAgentLogger - DEBUG - New map
2025-12-13 00:40:41,176 - PaperAgentLogger - INFO - ################## PaperArchitecture_map20x20_rho1_10Agent/K3_HS0/1765556206 - End of loop ##################  
 ####### Case2538 	 Computation time:0.7841551303863525 	 Step25/46	- AllReachGoal-True

2025-12-13 00:40:41,177 - PaperAgentLogger - INFO - current rateReachGoal: 0
2025-12-13 00:40:41,195 - PaperAgentLogger - DEBUG - New map
2025-12-13 00:40:42,682 - PaperAgentLogger - INFO - ################## PaperArchitecture_map20x20_rho1_10Agent/K3_HS0/1765556206 - End of loop ##################  
 ####### Case2539 	 Computation time:1.4871037006378174 	 Step50/50	- AllReachGoal-False

2025-12-13 00:40:42,683 - PaperAgentLogger - INFO - current rateReachGoal: 0
2025-12-13 00:40:42,704 - PaperAgentLogger - DEBUG - New map
2025-12-13 00:40:44,689 - PaperAgentLogger - INFO - ################## PaperArchitecture_map20x20_rho1_10Agent/K3_HS0/1765556206 - End of loop ##################  
 ####### Case2540 	 Computation time:1.984884262084961 	 Step68/68	- AllReachGoal-False

2025-12-13 00:40:44,690 - PaperAgentLogger - INFO - current rateReachGoal: 0
2025-12-13 00:40:44,706 - PaperAgentLogger - DEBUG - New map
2025-12-13 00:40:45,508 - PaperAgentLogger - INFO - ################## PaperArchitecture_map20x20_rho1_10Agent/K3_HS0/1765556206 - End of loop ##################  
 ####### Case2541 	 Computation time:0.8015797138214111 	 Step27/42	- AllReachGoal-True

2025-12-13 00:40:45,508 - PaperAgentLogger - INFO - current rateReachGoal: 0
2025-12-13 00:40:45,526 - PaperAgentLogger - DEBUG - New map
2025-12-13 00:40:46,263 - PaperAgentLogger - INFO - ################## PaperArchitecture_map20x20_rho1_10Agent/K3_HS0/1765556206 - End of loop ##################  
 ####### Case2542 	 Computation time:0.7369880676269531 	 Step25/50	- AllReachGoal-True

2025-12-13 00:40:46,264 - PaperAgentLogger - INFO - current rateReachGoal: 0
2025-12-13 00:40:46,285 - PaperAgentLogger - DEBUG - New map
2025-12-13 00:40:48,275 - PaperAgentLogger - INFO - ################## PaperArchitecture_map20x20_rho1_10Agent/K3_HS0/1765556206 - End of loop ##################  
 ####### Case2543 	 Computation time:1.989198923110962 	 Step68/68	- AllReachGoal-False

2025-12-13 00:40:48,277 - PaperAgentLogger - INFO - current rateReachGoal: 0
2025-12-13 00:40:48,296 - PaperAgentLogger - DEBUG - New map
2025-12-13 00:40:50,059 - PaperAgentLogger - INFO - ################## PaperArchitecture_map20x20_rho1_10Agent/K3_HS0/1765556206 - End of loop ##################  
 ####### Case2544 	 Computation time:1.7624201774597168 	 Step60/60	- AllReachGoal-False

2025-12-13 00:40:50,060 - PaperAgentLogger - INFO - current rateReachGoal: 0
2025-12-13 00:40:50,077 - PaperAgentLogger - DEBUG - New map
2025-12-13 00:40:50,706 - PaperAgentLogger - INFO - ################## PaperArchitecture_map20x20_rho1_10Agent/K3_HS0/1765556206 - End of loop ##################  
 ####### Case2545 	 Computation time:0.6281838417053223 	 Step21/42	- AllReachGoal-True

2025-12-13 00:40:50,706 - PaperAgentLogger - INFO - current rateReachGoal: 0
2025-12-13 00:40:50,724 - PaperAgentLogger - DEBUG - New map
2025-12-13 00:40:51,609 - PaperAgentLogger - INFO - ################## PaperArchitecture_map20x20_rho1_10Agent/K3_HS0/1765556206 - End of loop ##################  
 ####### Case2546 	 Computation time:0.8841867446899414 	 Step30/48	- AllReachGoal-True

2025-12-13 00:40:51,610 - PaperAgentLogger - INFO - current rateReachGoal: 0
2025-12-13 00:40:51,625 - PaperAgentLogger - DEBUG - New map
2025-12-13 00:40:52,219 - PaperAgentLogger - INFO - ################## PaperArchitecture_map20x20_rho1_10Agent/K3_HS0/1765556206 - End of loop ##################  
 ####### Case2547 	 Computation time:0.5935661792755127 	 Step20/40	- AllReachGoal-True

2025-12-13 00:40:52,219 - PaperAgentLogger - INFO - current rateReachGoal: 0
2025-12-13 00:40:52,239 - PaperAgentLogger - DEBUG - New map
2025-12-13 00:40:54,115 - PaperAgentLogger - INFO - ################## PaperArchitecture_map20x20_rho1_10Agent/K3_HS0/1765556206 - End of loop ##################  
 ####### Case2548 	 Computation time:1.8752086162567139 	 Step64/64	- AllReachGoal-False

2025-12-13 00:40:54,116 - PaperAgentLogger - INFO - current rateReachGoal: 0
2025-12-13 00:40:54,134 - PaperAgentLogger - DEBUG - New map
2025-12-13 00:40:55,809 - PaperAgentLogger - INFO - ################## PaperArchitecture_map20x20_rho1_10Agent/K3_HS0/1765556206 - End of loop ##################  
 ####### Case2549 	 Computation time:1.6745250225067139 	 Step56/56	- AllReachGoal-False

2025-12-13 00:40:55,810 - PaperAgentLogger - INFO - current rateReachGoal: 0
2025-12-13 00:40:55,825 - PaperAgentLogger - DEBUG - New map
2025-12-13 00:40:56,679 - PaperAgentLogger - INFO - ################## PaperArchitecture_map20x20_rho1_10Agent/K3_HS0/1765556206 - End of loop ##################  
 ####### Case2550 	 Computation time:0.8533594608306885 	 Step29/42	- AllReachGoal-True

2025-12-13 00:40:56,680 - PaperAgentLogger - INFO - current rateReachGoal: 0
2025-12-13 00:40:56,699 - PaperAgentLogger - DEBUG - New map
2025-12-13 00:40:57,562 - PaperAgentLogger - INFO - ################## PaperArchitecture_map20x20_rho1_10Agent/K3_HS0/1765556206 - End of loop ##################  
 ####### Case2551 	 Computation time:0.8625533580780029 	 Step27/54	- AllReachGoal-True

2025-12-13 00:40:57,563 - PaperAgentLogger - INFO - current rateReachGoal: 0
2025-12-13 00:40:57,581 - PaperAgentLogger - DEBUG - New map
2025-12-13 00:40:58,548 - PaperAgentLogger - INFO - ################## PaperArchitecture_map20x20_rho1_10Agent/K3_HS0/1765556206 - End of loop ##################  
 ####### Case2552 	 Computation time:0.9656617641448975 	 Step32/58	- AllReachGoal-True

2025-12-13 00:40:58,548 - PaperAgentLogger - INFO - current rateReachGoal: 0
2025-12-13 00:40:58,564 - PaperAgentLogger - DEBUG - New map
2025-12-13 00:40:59,276 - PaperAgentLogger - INFO - ################## PaperArchitecture_map20x20_rho1_10Agent/K3_HS0/1765556206 - End of loop ##################  
 ####### Case2553 	 Computation time:0.7110071182250977 	 Step24/42	- AllReachGoal-True

2025-12-13 00:40:59,277 - PaperAgentLogger - INFO - current rateReachGoal: 0
2025-12-13 00:40:59,294 - PaperAgentLogger - DEBUG - New map
2025-12-13 00:41:00,144 - PaperAgentLogger - INFO - ################## PaperArchitecture_map20x20_rho1_10Agent/K3_HS0/1765556206 - End of loop ##################  
 ####### Case2554 	 Computation time:0.8489882946014404 	 Step29/52	- AllReachGoal-True

2025-12-13 00:41:00,145 - PaperAgentLogger - INFO - current rateReachGoal: 0
2025-12-13 00:41:00,163 - PaperAgentLogger - DEBUG - New map
2025-12-13 00:41:00,962 - PaperAgentLogger - INFO - ################## PaperArchitecture_map20x20_rho1_10Agent/K3_HS0/1765556206 - End of loop ##################  
 ####### Case2555 	 Computation time:0.7990691661834717 	 Step27/54	- AllReachGoal-True

2025-12-13 00:41:00,965 - PaperAgentLogger - INFO - current rateReachGoal: 0
2025-12-13 00:41:00,983 - PaperAgentLogger - DEBUG - New map
2025-12-13 00:41:01,840 - PaperAgentLogger - INFO - ################## PaperArchitecture_map20x20_rho1_10Agent/K3_HS0/1765556206 - End of loop ##################  
 ####### Case2556 	 Computation time:0.8560030460357666 	 Step29/56	- AllReachGoal-True

2025-12-13 00:41:01,840 - PaperAgentLogger - INFO - current rateReachGoal: 0
2025-12-13 00:41:01,858 - PaperAgentLogger - DEBUG - New map
2025-12-13 00:41:03,231 - PaperAgentLogger - INFO - ################## PaperArchitecture_map20x20_rho1_10Agent/K3_HS0/1765556206 - End of loop ##################  
 ####### Case2557 	 Computation time:1.373091459274292 	 Step45/46	- AllReachGoal-True

2025-12-13 00:41:03,232 - PaperAgentLogger - INFO - current rateReachGoal: 0
2025-12-13 00:41:03,251 - PaperAgentLogger - DEBUG - New map
2025-12-13 00:41:04,249 - PaperAgentLogger - INFO - ################## PaperArchitecture_map20x20_rho1_10Agent/K3_HS0/1765556206 - End of loop ##################  
 ####### Case2558 	 Computation time:0.9974310398101807 	 Step33/66	- AllReachGoal-True

2025-12-13 00:41:04,250 - PaperAgentLogger - INFO - current rateReachGoal: 0
2025-12-13 00:41:04,265 - PaperAgentLogger - DEBUG - New map
2025-12-13 00:41:04,846 - PaperAgentLogger - INFO - ################## PaperArchitecture_map20x20_rho1_10Agent/K3_HS0/1765556206 - End of loop ##################  
 ####### Case2559 	 Computation time:0.5804824829101562 	 Step19/38	- AllReachGoal-True

2025-12-13 00:41:04,847 - PaperAgentLogger - INFO - current rateReachGoal: 0
2025-12-13 00:41:04,863 - PaperAgentLogger - DEBUG - New map
2025-12-13 00:41:05,814 - PaperAgentLogger - INFO - ################## PaperArchitecture_map20x20_rho1_10Agent/K3_HS0/1765556206 - End of loop ##################  
 ####### Case2560 	 Computation time:0.9502835273742676 	 Step29/46	- AllReachGoal-True

2025-12-13 00:41:05,815 - PaperAgentLogger - INFO - current rateReachGoal: 0
2025-12-13 00:41:05,838 - PaperAgentLogger - DEBUG - New map
2025-12-13 00:41:06,929 - PaperAgentLogger - INFO - ################## PaperArchitecture_map20x20_rho1_10Agent/K3_HS0/1765556206 - End of loop ##################  
 ####### Case2561 	 Computation time:1.0906548500061035 	 Step34/60	- AllReachGoal-True

2025-12-13 00:41:06,930 - PaperAgentLogger - INFO - current rateReachGoal: 0
2025-12-13 00:41:06,946 - PaperAgentLogger - DEBUG - New map
2025-12-13 00:41:08,436 - PaperAgentLogger - INFO - ################## PaperArchitecture_map20x20_rho1_10Agent/K3_HS0/1765556206 - End of loop ##################  
 ####### Case2562 	 Computation time:1.4890086650848389 	 Step50/50	- AllReachGoal-False

2025-12-13 00:41:08,437 - PaperAgentLogger - INFO - current rateReachGoal: 0
2025-12-13 00:41:08,453 - PaperAgentLogger - DEBUG - New map
2025-12-13 00:41:09,863 - PaperAgentLogger - INFO - ################## PaperArchitecture_map20x20_rho1_10Agent/K3_HS0/1765556206 - End of loop ##################  
 ####### Case2563 	 Computation time:1.4097566604614258 	 Step43/44	- AllReachGoal-True

2025-12-13 00:41:09,864 - PaperAgentLogger - INFO - current rateReachGoal: 0
2025-12-13 00:41:09,881 - PaperAgentLogger - DEBUG - New map
2025-12-13 00:41:11,474 - PaperAgentLogger - INFO - ################## PaperArchitecture_map20x20_rho1_10Agent/K3_HS0/1765556206 - End of loop ##################  
 ####### Case2564 	 Computation time:1.5917885303497314 	 Step52/52	- AllReachGoal-False

2025-12-13 00:41:11,474 - PaperAgentLogger - INFO - current rateReachGoal: 0
2025-12-13 00:41:11,492 - PaperAgentLogger - DEBUG - New map
2025-12-13 00:41:13,157 - PaperAgentLogger - INFO - ################## PaperArchitecture_map20x20_rho1_10Agent/K3_HS0/1765556206 - End of loop ##################  
 ####### Case2565 	 Computation time:1.6638948917388916 	 Step56/56	- AllReachGoal-False

2025-12-13 00:41:13,157 - PaperAgentLogger - INFO - current rateReachGoal: 0
2025-12-13 00:41:13,175 - PaperAgentLogger - DEBUG - New map
2025-12-13 00:41:14,309 - PaperAgentLogger - INFO - ################## PaperArchitecture_map20x20_rho1_10Agent/K3_HS0/1765556206 - End of loop ##################  
 ####### Case2566 	 Computation time:1.1331944465637207 	 Step38/48	- AllReachGoal-True

2025-12-13 00:41:14,309 - PaperAgentLogger - INFO - current rateReachGoal: 0
2025-12-13 00:41:14,326 - PaperAgentLogger - DEBUG - New map
2025-12-13 00:41:15,472 - PaperAgentLogger - INFO - ################## PaperArchitecture_map20x20_rho1_10Agent/K3_HS0/1765556206 - End of loop ##################  
 ####### Case2567 	 Computation time:1.1452245712280273 	 Step37/52	- AllReachGoal-True

2025-12-13 00:41:15,473 - PaperAgentLogger - INFO - current rateReachGoal: 0
2025-12-13 00:41:15,494 - PaperAgentLogger - DEBUG - New map
2025-12-13 00:41:16,430 - PaperAgentLogger - INFO - ################## PaperArchitecture_map20x20_rho1_10Agent/K3_HS0/1765556206 - End of loop ##################  
 ####### Case2568 	 Computation time:0.9350957870483398 	 Step32/64	- AllReachGoal-True

2025-12-13 00:41:16,430 - PaperAgentLogger - INFO - current rateReachGoal: 0
2025-12-13 00:41:16,447 - PaperAgentLogger - DEBUG - New map
2025-12-13 00:41:18,004 - PaperAgentLogger - INFO - ################## PaperArchitecture_map20x20_rho1_10Agent/K3_HS0/1765556206 - End of loop ##################  
 ####### Case2569 	 Computation time:1.5564632415771484 	 Step53/54	- AllReachGoal-True

2025-12-13 00:41:18,005 - PaperAgentLogger - INFO - current rateReachGoal: 0
2025-12-13 00:41:18,024 - PaperAgentLogger - DEBUG - New map
2025-12-13 00:41:19,741 - PaperAgentLogger - INFO - ################## PaperArchitecture_map20x20_rho1_10Agent/K3_HS0/1765556206 - End of loop ##################  
 ####### Case2570 	 Computation time:1.7162079811096191 	 Step58/58	- AllReachGoal-False

2025-12-13 00:41:19,741 - PaperAgentLogger - INFO - current rateReachGoal: 0
2025-12-13 00:41:19,758 - PaperAgentLogger - DEBUG - New map
2025-12-13 00:41:21,011 - PaperAgentLogger - INFO - ################## PaperArchitecture_map20x20_rho1_10Agent/K3_HS0/1765556206 - End of loop ##################  
 ####### Case2571 	 Computation time:1.2532455921173096 	 Step42/42	- AllReachGoal-False

2025-12-13 00:41:21,012 - PaperAgentLogger - INFO - current rateReachGoal: 0
2025-12-13 00:41:21,029 - PaperAgentLogger - DEBUG - New map
2025-12-13 00:41:22,518 - PaperAgentLogger - INFO - ################## PaperArchitecture_map20x20_rho1_10Agent/K3_HS0/1765556206 - End of loop ##################  
 ####### Case2572 	 Computation time:1.4883439540863037 	 Step50/50	- AllReachGoal-False

2025-12-13 00:41:22,519 - PaperAgentLogger - INFO - current rateReachGoal: 0
2025-12-13 00:41:22,536 - PaperAgentLogger - DEBUG - New map
2025-12-13 00:41:23,342 - PaperAgentLogger - INFO - ################## PaperArchitecture_map20x20_rho1_10Agent/K3_HS0/1765556206 - End of loop ##################  
 ####### Case2573 	 Computation time:0.8056662082672119 	 Step27/50	- AllReachGoal-True

2025-12-13 00:41:23,343 - PaperAgentLogger - INFO - current rateReachGoal: 0
2025-12-13 00:41:23,362 - PaperAgentLogger - DEBUG - New map
2025-12-13 00:41:25,230 - PaperAgentLogger - INFO - ################## PaperArchitecture_map20x20_rho1_10Agent/K3_HS0/1765556206 - End of loop ##################  
 ####### Case2574 	 Computation time:1.8670623302459717 	 Step60/60	- AllReachGoal-False

2025-12-13 00:41:25,232 - PaperAgentLogger - INFO - current rateReachGoal: 0
2025-12-13 00:41:25,250 - PaperAgentLogger - DEBUG - New map
2025-12-13 00:41:26,022 - PaperAgentLogger - INFO - ################## PaperArchitecture_map20x20_rho1_10Agent/K3_HS0/1765556206 - End of loop ##################  
 ####### Case2575 	 Computation time:0.7719616889953613 	 Step24/48	- AllReachGoal-True

2025-12-13 00:41:26,023 - PaperAgentLogger - INFO - current rateReachGoal: 0
2025-12-13 00:41:26,043 - PaperAgentLogger - DEBUG - New map
2025-12-13 00:41:27,994 - PaperAgentLogger - INFO - ################## PaperArchitecture_map20x20_rho1_10Agent/K3_HS0/1765556206 - End of loop ##################  
 ####### Case2576 	 Computation time:1.9503753185272217 	 Step64/64	- AllReachGoal-False

2025-12-13 00:41:27,995 - PaperAgentLogger - INFO - current rateReachGoal: 0
2025-12-13 00:41:28,012 - PaperAgentLogger - DEBUG - New map
2025-12-13 00:41:28,866 - PaperAgentLogger - INFO - ################## PaperArchitecture_map20x20_rho1_10Agent/K3_HS0/1765556206 - End of loop ##################  
 ####### Case2577 	 Computation time:0.8535425662994385 	 Step26/50	- AllReachGoal-True

2025-12-13 00:41:28,866 - PaperAgentLogger - INFO - current rateReachGoal: 0
2025-12-13 00:41:28,882 - PaperAgentLogger - DEBUG - New map
2025-12-13 00:41:30,150 - PaperAgentLogger - INFO - ################## PaperArchitecture_map20x20_rho1_10Agent/K3_HS0/1765556206 - End of loop ##################  
 ####### Case2578 	 Computation time:1.2671949863433838 	 Step42/42	- AllReachGoal-False

2025-12-13 00:41:30,151 - PaperAgentLogger - INFO - current rateReachGoal: 0
2025-12-13 00:41:30,168 - PaperAgentLogger - DEBUG - New map
2025-12-13 00:41:31,051 - PaperAgentLogger - INFO - ################## PaperArchitecture_map20x20_rho1_10Agent/K3_HS0/1765556206 - End of loop ##################  
 ####### Case2579 	 Computation time:0.8825418949127197 	 Step28/50	- AllReachGoal-True

2025-12-13 00:41:31,052 - PaperAgentLogger - INFO - current rateReachGoal: 0
2025-12-13 00:41:31,071 - PaperAgentLogger - DEBUG - New map
2025-12-13 00:41:32,023 - PaperAgentLogger - INFO - ################## PaperArchitecture_map20x20_rho1_10Agent/K3_HS0/1765556206 - End of loop ##################  
 ####### Case2580 	 Computation time:0.9514927864074707 	 Step29/54	- AllReachGoal-True

2025-12-13 00:41:32,024 - PaperAgentLogger - INFO - current rateReachGoal: 0
2025-12-13 00:41:32,043 - PaperAgentLogger - DEBUG - New map
2025-12-13 00:41:33,752 - PaperAgentLogger - INFO - ################## PaperArchitecture_map20x20_rho1_10Agent/K3_HS0/1765556206 - End of loop ##################  
 ####### Case2581 	 Computation time:1.7088775634765625 	 Step56/56	- AllReachGoal-False

2025-12-13 00:41:33,753 - PaperAgentLogger - INFO - current rateReachGoal: 0
2025-12-13 00:41:33,775 - PaperAgentLogger - DEBUG - New map
2025-12-13 00:41:35,760 - PaperAgentLogger - INFO - ################## PaperArchitecture_map20x20_rho1_10Agent/K3_HS0/1765556206 - End of loop ##################  
 ####### Case2582 	 Computation time:1.9847972393035889 	 Step66/66	- AllReachGoal-False

2025-12-13 00:41:35,761 - PaperAgentLogger - INFO - current rateReachGoal: 0
2025-12-13 00:41:35,777 - PaperAgentLogger - DEBUG - New map
2025-12-13 00:41:37,160 - PaperAgentLogger - INFO - ################## PaperArchitecture_map20x20_rho1_10Agent/K3_HS0/1765556206 - End of loop ##################  
 ####### Case2583 	 Computation time:1.3821146488189697 	 Step46/46	- AllReachGoal-False

2025-12-13 00:41:37,160 - PaperAgentLogger - INFO - current rateReachGoal: 0
2025-12-13 00:41:37,178 - PaperAgentLogger - DEBUG - New map
2025-12-13 00:41:38,273 - PaperAgentLogger - INFO - ################## PaperArchitecture_map20x20_rho1_10Agent/K3_HS0/1765556206 - End of loop ##################  
 ####### Case2584 	 Computation time:1.0941295623779297 	 Step37/60	- AllReachGoal-True

2025-12-13 00:41:38,274 - PaperAgentLogger - INFO - current rateReachGoal: 0
2025-12-13 00:41:38,295 - PaperAgentLogger - DEBUG - New map
2025-12-13 00:41:39,496 - PaperAgentLogger - INFO - ################## PaperArchitecture_map20x20_rho1_10Agent/K3_HS0/1765556206 - End of loop ##################  
 ####### Case2585 	 Computation time:1.2006361484527588 	 Step41/70	- AllReachGoal-True

2025-12-13 00:41:39,497 - PaperAgentLogger - INFO - current rateReachGoal: 0
2025-12-13 00:41:39,516 - PaperAgentLogger - DEBUG - New map
2025-12-13 00:41:40,598 - PaperAgentLogger - INFO - ################## PaperArchitecture_map20x20_rho1_10Agent/K3_HS0/1765556206 - End of loop ##################  
 ####### Case2586 	 Computation time:1.081202745437622 	 Step37/66	- AllReachGoal-True

2025-12-13 00:41:40,599 - PaperAgentLogger - INFO - current rateReachGoal: 0
2025-12-13 00:41:40,617 - PaperAgentLogger - DEBUG - New map
2025-12-13 00:41:41,383 - PaperAgentLogger - INFO - ################## PaperArchitecture_map20x20_rho1_10Agent/K3_HS0/1765556206 - End of loop ##################  
 ####### Case2587 	 Computation time:0.7660164833068848 	 Step26/50	- AllReachGoal-True

2025-12-13 00:41:41,384 - PaperAgentLogger - INFO - current rateReachGoal: 0
2025-12-13 00:41:41,403 - PaperAgentLogger - DEBUG - New map
2025-12-13 00:41:42,346 - PaperAgentLogger - INFO - ################## PaperArchitecture_map20x20_rho1_10Agent/K3_HS0/1765556206 - End of loop ##################  
 ####### Case2588 	 Computation time:0.9423015117645264 	 Step32/56	- AllReachGoal-True

2025-12-13 00:41:42,346 - PaperAgentLogger - INFO - current rateReachGoal: 0
2025-12-13 00:41:42,366 - PaperAgentLogger - DEBUG - New map
2025-12-13 00:41:43,364 - PaperAgentLogger - INFO - ################## PaperArchitecture_map20x20_rho1_10Agent/K3_HS0/1765556206 - End of loop ##################  
 ####### Case2589 	 Computation time:0.9973978996276855 	 Step34/64	- AllReachGoal-True

2025-12-13 00:41:43,365 - PaperAgentLogger - INFO - current rateReachGoal: 0
2025-12-13 00:41:43,382 - PaperAgentLogger - DEBUG - New map
2025-12-13 00:41:44,421 - PaperAgentLogger - INFO - ################## PaperArchitecture_map20x20_rho1_10Agent/K3_HS0/1765556206 - End of loop ##################  
 ####### Case2590 	 Computation time:1.038177490234375 	 Step35/60	- AllReachGoal-True

2025-12-13 00:41:44,422 - PaperAgentLogger - INFO - current rateReachGoal: 0
2025-12-13 00:41:44,440 - PaperAgentLogger - DEBUG - New map
2025-12-13 00:41:45,251 - PaperAgentLogger - INFO - ################## PaperArchitecture_map20x20_rho1_10Agent/K3_HS0/1765556206 - End of loop ##################  
 ####### Case2591 	 Computation time:0.809992790222168 	 Step27/52	- AllReachGoal-True

2025-12-13 00:41:45,252 - PaperAgentLogger - INFO - current rateReachGoal: 0
2025-12-13 00:41:45,270 - PaperAgentLogger - DEBUG - New map
2025-12-13 00:41:46,664 - PaperAgentLogger - INFO - ################## PaperArchitecture_map20x20_rho1_10Agent/K3_HS0/1765556206 - End of loop ##################  
 ####### Case2592 	 Computation time:1.3930540084838867 	 Step47/60	- AllReachGoal-True

2025-12-13 00:41:46,664 - PaperAgentLogger - INFO - current rateReachGoal: 0
2025-12-13 00:41:46,681 - PaperAgentLogger - DEBUG - New map
2025-12-13 00:41:47,422 - PaperAgentLogger - INFO - ################## PaperArchitecture_map20x20_rho1_10Agent/K3_HS0/1765556206 - End of loop ##################  
 ####### Case2593 	 Computation time:0.7408864498138428 	 Step25/50	- AllReachGoal-True

2025-12-13 00:41:47,424 - PaperAgentLogger - INFO - current rateReachGoal: 0
2025-12-13 00:41:47,443 - PaperAgentLogger - DEBUG - New map
2025-12-13 00:41:49,307 - PaperAgentLogger - INFO - ################## PaperArchitecture_map20x20_rho1_10Agent/K3_HS0/1765556206 - End of loop ##################  
 ####### Case2594 	 Computation time:1.8637340068817139 	 Step60/60	- AllReachGoal-False

2025-12-13 00:41:49,308 - PaperAgentLogger - INFO - current rateReachGoal: 0
2025-12-13 00:41:49,326 - PaperAgentLogger - DEBUG - New map
2025-12-13 00:41:50,453 - PaperAgentLogger - INFO - ################## PaperArchitecture_map20x20_rho1_10Agent/K3_HS0/1765556206 - End of loop ##################  
 ####### Case2595 	 Computation time:1.125903606414795 	 Step35/64	- AllReachGoal-True

2025-12-13 00:41:50,454 - PaperAgentLogger - INFO - current rateReachGoal: 0
2025-12-13 00:41:50,470 - PaperAgentLogger - DEBUG - New map
2025-12-13 00:41:51,354 - PaperAgentLogger - INFO - ################## PaperArchitecture_map20x20_rho1_10Agent/K3_HS0/1765556206 - End of loop ##################  
 ####### Case2596 	 Computation time:0.882728099822998 	 Step27/46	- AllReachGoal-True

2025-12-13 00:41:51,354 - PaperAgentLogger - INFO - current rateReachGoal: 0
2025-12-13 00:41:51,372 - PaperAgentLogger - DEBUG - New map
2025-12-13 00:41:52,310 - PaperAgentLogger - INFO - ################## PaperArchitecture_map20x20_rho1_10Agent/K3_HS0/1765556206 - End of loop ##################  
 ####### Case2597 	 Computation time:0.9372596740722656 	 Step29/54	- AllReachGoal-True

2025-12-13 00:41:52,311 - PaperAgentLogger - INFO - current rateReachGoal: 0
2025-12-13 00:41:52,327 - PaperAgentLogger - DEBUG - New map
2025-12-13 00:41:53,449 - PaperAgentLogger - INFO - ################## PaperArchitecture_map20x20_rho1_10Agent/K3_HS0/1765556206 - End of loop ##################  
 ####### Case2598 	 Computation time:1.1212382316589355 	 Step38/52	- AllReachGoal-True

2025-12-13 00:41:53,450 - PaperAgentLogger - INFO - current rateReachGoal: 0
2025-12-13 00:41:53,466 - PaperAgentLogger - DEBUG - New map
2025-12-13 00:41:54,846 - PaperAgentLogger - INFO - ################## PaperArchitecture_map20x20_rho1_10Agent/K3_HS0/1765556206 - End of loop ##################  
 ####### Case2599 	 Computation time:1.3797719478607178 	 Step44/44	- AllReachGoal-False

2025-12-13 00:41:54,847 - PaperAgentLogger - INFO - current rateReachGoal: 0
2025-12-13 00:41:54,864 - PaperAgentLogger - DEBUG - New map
2025-12-13 00:41:56,290 - PaperAgentLogger - INFO - ################## PaperArchitecture_map20x20_rho1_10Agent/K3_HS0/1765556206 - End of loop ##################  
 ####### Case2600 	 Computation time:1.4257102012634277 	 Step48/48	- AllReachGoal-True

2025-12-13 00:41:56,291 - PaperAgentLogger - INFO - current rateReachGoal: 0
2025-12-13 00:41:56,308 - PaperAgentLogger - DEBUG - New map
2025-12-13 00:41:58,069 - PaperAgentLogger - INFO - ################## PaperArchitecture_map20x20_rho1_10Agent/K3_HS0/1765556206 - End of loop ##################  
 ####### Case2601 	 Computation time:1.7600147724151611 	 Step54/54	- AllReachGoal-False

2025-12-13 00:41:58,070 - PaperAgentLogger - INFO - current rateReachGoal: 0
2025-12-13 00:41:58,088 - PaperAgentLogger - DEBUG - New map
2025-12-13 00:41:59,277 - PaperAgentLogger - INFO - ################## PaperArchitecture_map20x20_rho1_10Agent/K3_HS0/1765556206 - End of loop ##################  
 ####### Case2602 	 Computation time:1.188089370727539 	 Step39/46	- AllReachGoal-True

2025-12-13 00:41:59,279 - PaperAgentLogger - INFO - current rateReachGoal: 0
2025-12-13 00:41:59,294 - PaperAgentLogger - DEBUG - New map
2025-12-13 00:41:59,980 - PaperAgentLogger - INFO - ################## PaperArchitecture_map20x20_rho1_10Agent/K3_HS0/1765556206 - End of loop ##################  
 ####### Case2603 	 Computation time:0.6846437454223633 	 Step23/42	- AllReachGoal-True

2025-12-13 00:41:59,980 - PaperAgentLogger - INFO - current rateReachGoal: 0
2025-12-13 00:41:59,999 - PaperAgentLogger - DEBUG - New map
2025-12-13 00:42:00,830 - PaperAgentLogger - INFO - ################## PaperArchitecture_map20x20_rho1_10Agent/K3_HS0/1765556206 - End of loop ##################  
 ####### Case2604 	 Computation time:0.8306386470794678 	 Step28/54	- AllReachGoal-True

2025-12-13 00:42:00,831 - PaperAgentLogger - INFO - current rateReachGoal: 0
2025-12-13 00:42:00,848 - PaperAgentLogger - DEBUG - New map
2025-12-13 00:42:02,324 - PaperAgentLogger - INFO - ################## PaperArchitecture_map20x20_rho1_10Agent/K3_HS0/1765556206 - End of loop ##################  
 ####### Case2605 	 Computation time:1.4752280712127686 	 Step50/50	- AllReachGoal-False

2025-12-13 00:42:02,324 - PaperAgentLogger - INFO - current rateReachGoal: 0
2025-12-13 00:42:02,341 - PaperAgentLogger - DEBUG - New map
2025-12-13 00:42:03,530 - PaperAgentLogger - INFO - ################## PaperArchitecture_map20x20_rho1_10Agent/K3_HS0/1765556206 - End of loop ##################  
 ####### Case2606 	 Computation time:1.1874966621398926 	 Step40/52	- AllReachGoal-True

2025-12-13 00:42:03,530 - PaperAgentLogger - INFO - current rateReachGoal: 0
2025-12-13 00:42:03,548 - PaperAgentLogger - DEBUG - New map
2025-12-13 00:42:04,329 - PaperAgentLogger - INFO - ################## PaperArchitecture_map20x20_rho1_10Agent/K3_HS0/1765556206 - End of loop ##################  
 ####### Case2607 	 Computation time:0.7809209823608398 	 Step25/48	- AllReachGoal-True

2025-12-13 00:42:04,330 - PaperAgentLogger - INFO - current rateReachGoal: 0
2025-12-13 00:42:04,346 - PaperAgentLogger - DEBUG - New map
2025-12-13 00:42:05,120 - PaperAgentLogger - INFO - ################## PaperArchitecture_map20x20_rho1_10Agent/K3_HS0/1765556206 - End of loop ##################  
 ####### Case2608 	 Computation time:0.7741520404815674 	 Step26/40	- AllReachGoal-True

2025-12-13 00:42:05,121 - PaperAgentLogger - INFO - current rateReachGoal: 0
2025-12-13 00:42:05,139 - PaperAgentLogger - DEBUG - New map
2025-12-13 00:42:05,917 - PaperAgentLogger - INFO - ################## PaperArchitecture_map20x20_rho1_10Agent/K3_HS0/1765556206 - End of loop ##################  
 ####### Case2609 	 Computation time:0.7769737243652344 	 Step26/52	- AllReachGoal-True

2025-12-13 00:42:05,917 - PaperAgentLogger - INFO - current rateReachGoal: 0
2025-12-13 00:42:05,934 - PaperAgentLogger - DEBUG - New map
2025-12-13 00:42:06,739 - PaperAgentLogger - INFO - ################## PaperArchitecture_map20x20_rho1_10Agent/K3_HS0/1765556206 - End of loop ##################  
 ####### Case2610 	 Computation time:0.8037378787994385 	 Step27/50	- AllReachGoal-True

2025-12-13 00:42:06,739 - PaperAgentLogger - INFO - current rateReachGoal: 0
2025-12-13 00:42:06,756 - PaperAgentLogger - DEBUG - New map
2025-12-13 00:42:07,952 - PaperAgentLogger - INFO - ################## PaperArchitecture_map20x20_rho1_10Agent/K3_HS0/1765556206 - End of loop ##################  
 ####### Case2611 	 Computation time:1.1950781345367432 	 Step40/40	- AllReachGoal-False

2025-12-13 00:42:07,952 - PaperAgentLogger - INFO - current rateReachGoal: 0
2025-12-13 00:42:07,972 - PaperAgentLogger - DEBUG - New map
2025-12-13 00:42:08,958 - PaperAgentLogger - INFO - ################## PaperArchitecture_map20x20_rho1_10Agent/K3_HS0/1765556206 - End of loop ##################  
 ####### Case2612 	 Computation time:0.9855780601501465 	 Step33/66	- AllReachGoal-True

2025-12-13 00:42:08,959 - PaperAgentLogger - INFO - current rateReachGoal: 0
2025-12-13 00:42:08,976 - PaperAgentLogger - DEBUG - New map
2025-12-13 00:42:10,407 - PaperAgentLogger - INFO - ################## PaperArchitecture_map20x20_rho1_10Agent/K3_HS0/1765556206 - End of loop ##################  
 ####### Case2613 	 Computation time:1.4301061630249023 	 Step48/48	- AllReachGoal-False

2025-12-13 00:42:10,409 - PaperAgentLogger - INFO - current rateReachGoal: 0
2025-12-13 00:42:10,427 - PaperAgentLogger - DEBUG - New map
2025-12-13 00:42:12,029 - PaperAgentLogger - INFO - ################## PaperArchitecture_map20x20_rho1_10Agent/K3_HS0/1765556206 - End of loop ##################  
 ####### Case2614 	 Computation time:1.6013638973236084 	 Step54/54	- AllReachGoal-False

2025-12-13 00:42:12,030 - PaperAgentLogger - INFO - current rateReachGoal: 0
2025-12-13 00:42:12,051 - PaperAgentLogger - DEBUG - New map
2025-12-13 00:42:13,596 - PaperAgentLogger - INFO - ################## PaperArchitecture_map20x20_rho1_10Agent/K3_HS0/1765556206 - End of loop ##################  
 ####### Case2615 	 Computation time:1.5441365242004395 	 Step52/52	- AllReachGoal-False

2025-12-13 00:42:13,596 - PaperAgentLogger - INFO - current rateReachGoal: 0
2025-12-13 00:42:13,615 - PaperAgentLogger - DEBUG - New map
2025-12-13 00:42:14,452 - PaperAgentLogger - INFO - ################## PaperArchitecture_map20x20_rho1_10Agent/K3_HS0/1765556206 - End of loop ##################  
 ####### Case2616 	 Computation time:0.8370473384857178 	 Step28/56	- AllReachGoal-True

2025-12-13 00:42:14,453 - PaperAgentLogger - INFO - current rateReachGoal: 0
2025-12-13 00:42:14,470 - PaperAgentLogger - DEBUG - New map
2025-12-13 00:42:15,837 - PaperAgentLogger - INFO - ################## PaperArchitecture_map20x20_rho1_10Agent/K3_HS0/1765556206 - End of loop ##################  
 ####### Case2617 	 Computation time:1.3664698600769043 	 Step46/48	- AllReachGoal-True

2025-12-13 00:42:15,839 - PaperAgentLogger - INFO - current rateReachGoal: 0
2025-12-13 00:42:15,857 - PaperAgentLogger - DEBUG - New map
2025-12-13 00:42:17,476 - PaperAgentLogger - INFO - ################## PaperArchitecture_map20x20_rho1_10Agent/K3_HS0/1765556206 - End of loop ##################  
 ####### Case2618 	 Computation time:1.6180574893951416 	 Step54/54	- AllReachGoal-False

2025-12-13 00:42:17,476 - PaperAgentLogger - INFO - current rateReachGoal: 0
2025-12-13 00:42:17,494 - PaperAgentLogger - DEBUG - New map
2025-12-13 00:42:18,926 - PaperAgentLogger - INFO - ################## PaperArchitecture_map20x20_rho1_10Agent/K3_HS0/1765556206 - End of loop ##################  
 ####### Case2619 	 Computation time:1.431361436843872 	 Step48/48	- AllReachGoal-False

2025-12-13 00:42:18,927 - PaperAgentLogger - INFO - current rateReachGoal: 0
2025-12-13 00:42:18,944 - PaperAgentLogger - DEBUG - New map
2025-12-13 00:42:19,690 - PaperAgentLogger - INFO - ################## PaperArchitecture_map20x20_rho1_10Agent/K3_HS0/1765556206 - End of loop ##################  
 ####### Case2620 	 Computation time:0.7455198764801025 	 Step25/48	- AllReachGoal-True

2025-12-13 00:42:19,690 - PaperAgentLogger - INFO - current rateReachGoal: 0
2025-12-13 00:42:19,707 - PaperAgentLogger - DEBUG - New map
2025-12-13 00:42:21,092 - PaperAgentLogger - INFO - ################## PaperArchitecture_map20x20_rho1_10Agent/K3_HS0/1765556206 - End of loop ##################  
 ####### Case2621 	 Computation time:1.383972406387329 	 Step46/46	- AllReachGoal-False

2025-12-13 00:42:21,094 - PaperAgentLogger - INFO - current rateReachGoal: 0
2025-12-13 00:42:21,114 - PaperAgentLogger - DEBUG - New map
2025-12-13 00:42:23,264 - PaperAgentLogger - INFO - ################## PaperArchitecture_map20x20_rho1_10Agent/K3_HS0/1765556206 - End of loop ##################  
 ####### Case2622 	 Computation time:2.1489505767822266 	 Step70/70	- AllReachGoal-False

2025-12-13 00:42:23,265 - PaperAgentLogger - INFO - current rateReachGoal: 0
2025-12-13 00:42:23,282 - PaperAgentLogger - DEBUG - New map
2025-12-13 00:42:24,088 - PaperAgentLogger - INFO - ################## PaperArchitecture_map20x20_rho1_10Agent/K3_HS0/1765556206 - End of loop ##################  
 ####### Case2623 	 Computation time:0.8050191402435303 	 Step27/52	- AllReachGoal-True

2025-12-13 00:42:24,088 - PaperAgentLogger - INFO - current rateReachGoal: 0
2025-12-13 00:42:24,104 - PaperAgentLogger - DEBUG - New map
2025-12-13 00:42:25,469 - PaperAgentLogger - INFO - ################## PaperArchitecture_map20x20_rho1_10Agent/K3_HS0/1765556206 - End of loop ##################  
 ####### Case2624 	 Computation time:1.3642635345458984 	 Step46/46	- AllReachGoal-False

2025-12-13 00:42:25,470 - PaperAgentLogger - INFO - current rateReachGoal: 0
2025-12-13 00:42:25,488 - PaperAgentLogger - DEBUG - New map
2025-12-13 00:42:27,152 - PaperAgentLogger - INFO - ################## PaperArchitecture_map20x20_rho1_10Agent/K3_HS0/1765556206 - End of loop ##################  
 ####### Case2625 	 Computation time:1.6632180213928223 	 Step56/56	- AllReachGoal-False

2025-12-13 00:42:27,153 - PaperAgentLogger - INFO - current rateReachGoal: 0
2025-12-13 00:42:27,171 - PaperAgentLogger - DEBUG - New map
2025-12-13 00:42:29,083 - PaperAgentLogger - INFO - ################## PaperArchitecture_map20x20_rho1_10Agent/K3_HS0/1765556206 - End of loop ##################  
 ####### Case2626 	 Computation time:1.9108173847198486 	 Step60/60	- AllReachGoal-False

2025-12-13 00:42:29,083 - PaperAgentLogger - INFO - current rateReachGoal: 0
2025-12-13 00:42:29,102 - PaperAgentLogger - DEBUG - New map
2025-12-13 00:42:30,157 - PaperAgentLogger - INFO - ################## PaperArchitecture_map20x20_rho1_10Agent/K3_HS0/1765556206 - End of loop ##################  
 ####### Case2627 	 Computation time:1.0550994873046875 	 Step32/56	- AllReachGoal-True

2025-12-13 00:42:30,158 - PaperAgentLogger - INFO - current rateReachGoal: 0
2025-12-13 00:42:30,178 - PaperAgentLogger - DEBUG - New map
2025-12-13 00:42:31,178 - PaperAgentLogger - INFO - ################## PaperArchitecture_map20x20_rho1_10Agent/K3_HS0/1765556206 - End of loop ##################  
 ####### Case2628 	 Computation time:0.9994750022888184 	 Step31/62	- AllReachGoal-True

2025-12-13 00:42:31,179 - PaperAgentLogger - INFO - current rateReachGoal: 0
2025-12-13 00:42:31,196 - PaperAgentLogger - DEBUG - New map
2025-12-13 00:42:32,858 - PaperAgentLogger - INFO - ################## PaperArchitecture_map20x20_rho1_10Agent/K3_HS0/1765556206 - End of loop ##################  
 ####### Case2629 	 Computation time:1.6613965034484863 	 Step52/52	- AllReachGoal-False

2025-12-13 00:42:32,858 - PaperAgentLogger - INFO - current rateReachGoal: 0
2025-12-13 00:42:32,874 - PaperAgentLogger - DEBUG - New map
2025-12-13 00:42:34,204 - PaperAgentLogger - INFO - ################## PaperArchitecture_map20x20_rho1_10Agent/K3_HS0/1765556206 - End of loop ##################  
 ####### Case2630 	 Computation time:1.3299548625946045 	 Step42/42	- AllReachGoal-False

2025-12-13 00:42:34,205 - PaperAgentLogger - INFO - current rateReachGoal: 0
2025-12-13 00:42:34,223 - PaperAgentLogger - DEBUG - New map
2025-12-13 00:42:35,063 - PaperAgentLogger - INFO - ################## PaperArchitecture_map20x20_rho1_10Agent/K3_HS0/1765556206 - End of loop ##################  
 ####### Case2631 	 Computation time:0.8390557765960693 	 Step27/54	- AllReachGoal-True

2025-12-13 00:42:35,064 - PaperAgentLogger - INFO - current rateReachGoal: 0
2025-12-13 00:42:35,083 - PaperAgentLogger - DEBUG - New map
2025-12-13 00:42:36,215 - PaperAgentLogger - INFO - ################## PaperArchitecture_map20x20_rho1_10Agent/K3_HS0/1765556206 - End of loop ##################  
 ####### Case2632 	 Computation time:1.1321923732757568 	 Step35/64	- AllReachGoal-True

2025-12-13 00:42:36,216 - PaperAgentLogger - INFO - current rateReachGoal: 0
2025-12-13 00:42:36,234 - PaperAgentLogger - DEBUG - New map
2025-12-13 00:42:37,787 - PaperAgentLogger - INFO - ################## PaperArchitecture_map20x20_rho1_10Agent/K3_HS0/1765556206 - End of loop ##################  
 ####### Case2633 	 Computation time:1.5522785186767578 	 Step52/52	- AllReachGoal-False

2025-12-13 00:42:37,788 - PaperAgentLogger - INFO - current rateReachGoal: 0
2025-12-13 00:42:37,806 - PaperAgentLogger - DEBUG - New map
2025-12-13 00:42:39,180 - PaperAgentLogger - INFO - ################## PaperArchitecture_map20x20_rho1_10Agent/K3_HS0/1765556206 - End of loop ##################  
 ####### Case2634 	 Computation time:1.3728351593017578 	 Step46/60	- AllReachGoal-True

2025-12-13 00:42:39,180 - PaperAgentLogger - INFO - current rateReachGoal: 0
2025-12-13 00:42:39,200 - PaperAgentLogger - DEBUG - New map
2025-12-13 00:42:40,184 - PaperAgentLogger - INFO - ################## PaperArchitecture_map20x20_rho1_10Agent/K3_HS0/1765556206 - End of loop ##################  
 ####### Case2635 	 Computation time:0.9830837249755859 	 Step33/62	- AllReachGoal-True

2025-12-13 00:42:40,184 - PaperAgentLogger - INFO - current rateReachGoal: 0
2025-12-13 00:42:40,201 - PaperAgentLogger - DEBUG - New map
2025-12-13 00:42:40,981 - PaperAgentLogger - INFO - ################## PaperArchitecture_map20x20_rho1_10Agent/K3_HS0/1765556206 - End of loop ##################  
 ####### Case2636 	 Computation time:0.7791440486907959 	 Step26/48	- AllReachGoal-True

2025-12-13 00:42:40,981 - PaperAgentLogger - INFO - current rateReachGoal: 0
2025-12-13 00:42:40,998 - PaperAgentLogger - DEBUG - New map
2025-12-13 00:42:41,688 - PaperAgentLogger - INFO - ################## PaperArchitecture_map20x20_rho1_10Agent/K3_HS0/1765556206 - End of loop ##################  
 ####### Case2637 	 Computation time:0.689152717590332 	 Step23/46	- AllReachGoal-True

2025-12-13 00:42:41,688 - PaperAgentLogger - INFO - current rateReachGoal: 0
2025-12-13 00:42:41,708 - PaperAgentLogger - DEBUG - New map
2025-12-13 00:42:43,542 - PaperAgentLogger - INFO - ################## PaperArchitecture_map20x20_rho1_10Agent/K3_HS0/1765556206 - End of loop ##################  
 ####### Case2638 	 Computation time:1.8329617977142334 	 Step62/62	- AllReachGoal-False

2025-12-13 00:42:43,542 - PaperAgentLogger - INFO - current rateReachGoal: 0
2025-12-13 00:42:43,561 - PaperAgentLogger - DEBUG - New map
2025-12-13 00:42:45,294 - PaperAgentLogger - INFO - ################## PaperArchitecture_map20x20_rho1_10Agent/K3_HS0/1765556206 - End of loop ##################  
 ####### Case2639 	 Computation time:1.7322044372558594 	 Step58/58	- AllReachGoal-False

2025-12-13 00:42:45,295 - PaperAgentLogger - INFO - current rateReachGoal: 0
2025-12-13 00:42:45,312 - PaperAgentLogger - DEBUG - New map
2025-12-13 00:42:46,012 - PaperAgentLogger - INFO - ################## PaperArchitecture_map20x20_rho1_10Agent/K3_HS0/1765556206 - End of loop ##################  
 ####### Case2640 	 Computation time:0.6991868019104004 	 Step23/44	- AllReachGoal-True

2025-12-13 00:42:46,013 - PaperAgentLogger - INFO - current rateReachGoal: 0
2025-12-13 00:42:46,032 - PaperAgentLogger - DEBUG - New map
2025-12-13 00:42:46,999 - PaperAgentLogger - INFO - ################## PaperArchitecture_map20x20_rho1_10Agent/K3_HS0/1765556206 - End of loop ##################  
 ####### Case2641 	 Computation time:0.9666223526000977 	 Step30/60	- AllReachGoal-True

2025-12-13 00:42:47,000 - PaperAgentLogger - INFO - current rateReachGoal: 0
2025-12-13 00:42:47,015 - PaperAgentLogger - DEBUG - New map
2025-12-13 00:42:47,726 - PaperAgentLogger - INFO - ################## PaperArchitecture_map20x20_rho1_10Agent/K3_HS0/1765556206 - End of loop ##################  
 ####### Case2642 	 Computation time:0.7102248668670654 	 Step22/40	- AllReachGoal-True

2025-12-13 00:42:47,727 - PaperAgentLogger - INFO - current rateReachGoal: 0
2025-12-13 00:42:47,745 - PaperAgentLogger - DEBUG - New map
2025-12-13 00:42:48,703 - PaperAgentLogger - INFO - ################## PaperArchitecture_map20x20_rho1_10Agent/K3_HS0/1765556206 - End of loop ##################  
 ####### Case2643 	 Computation time:0.9573993682861328 	 Step29/56	- AllReachGoal-True

2025-12-13 00:42:48,704 - PaperAgentLogger - INFO - current rateReachGoal: 0
2025-12-13 00:42:48,723 - PaperAgentLogger - DEBUG - New map
2025-12-13 00:42:50,503 - PaperAgentLogger - INFO - ################## PaperArchitecture_map20x20_rho1_10Agent/K3_HS0/1765556206 - End of loop ##################  
 ####### Case2644 	 Computation time:1.7793610095977783 	 Step56/56	- AllReachGoal-False

2025-12-13 00:42:50,504 - PaperAgentLogger - INFO - current rateReachGoal: 0
2025-12-13 00:42:50,521 - PaperAgentLogger - DEBUG - New map
2025-12-13 00:42:51,556 - PaperAgentLogger - INFO - ################## PaperArchitecture_map20x20_rho1_10Agent/K3_HS0/1765556206 - End of loop ##################  
 ####### Case2645 	 Computation time:1.033907175064087 	 Step34/52	- AllReachGoal-True

2025-12-13 00:42:51,556 - PaperAgentLogger - INFO - current rateReachGoal: 0
2025-12-13 00:42:51,576 - PaperAgentLogger - DEBUG - New map
2025-12-13 00:42:52,649 - PaperAgentLogger - INFO - ################## PaperArchitecture_map20x20_rho1_10Agent/K3_HS0/1765556206 - End of loop ##################  
 ####### Case2646 	 Computation time:1.0721721649169922 	 Step35/62	- AllReachGoal-True

2025-12-13 00:42:52,650 - PaperAgentLogger - INFO - current rateReachGoal: 0
2025-12-13 00:42:52,668 - PaperAgentLogger - DEBUG - New map
2025-12-13 00:42:53,480 - PaperAgentLogger - INFO - ################## PaperArchitecture_map20x20_rho1_10Agent/K3_HS0/1765556206 - End of loop ##################  
 ####### Case2647 	 Computation time:0.8119559288024902 	 Step27/54	- AllReachGoal-True

2025-12-13 00:42:53,481 - PaperAgentLogger - INFO - current rateReachGoal: 0
2025-12-13 00:42:53,497 - PaperAgentLogger - DEBUG - New map
2025-12-13 00:42:54,863 - PaperAgentLogger - INFO - ################## PaperArchitecture_map20x20_rho1_10Agent/K3_HS0/1765556206 - End of loop ##################  
 ####### Case2648 	 Computation time:1.3650615215301514 	 Step46/46	- AllReachGoal-False

2025-12-13 00:42:54,864 - PaperAgentLogger - INFO - current rateReachGoal: 0
2025-12-13 00:42:54,882 - PaperAgentLogger - DEBUG - New map
2025-12-13 00:42:55,869 - PaperAgentLogger - INFO - ################## PaperArchitecture_map20x20_rho1_10Agent/K3_HS0/1765556206 - End of loop ##################  
 ####### Case2649 	 Computation time:0.9866433143615723 	 Step33/56	- AllReachGoal-True

2025-12-13 00:42:55,871 - PaperAgentLogger - INFO - current rateReachGoal: 0
2025-12-13 00:42:55,891 - PaperAgentLogger - DEBUG - New map
2025-12-13 00:42:57,900 - PaperAgentLogger - INFO - ################## PaperArchitecture_map20x20_rho1_10Agent/K3_HS0/1765556206 - End of loop ##################  
 ####### Case2650 	 Computation time:2.007981538772583 	 Step64/64	- AllReachGoal-False

2025-12-13 00:42:57,901 - PaperAgentLogger - INFO - current rateReachGoal: 0
2025-12-13 00:42:57,918 - PaperAgentLogger - DEBUG - New map
2025-12-13 00:42:58,766 - PaperAgentLogger - INFO - ################## PaperArchitecture_map20x20_rho1_10Agent/K3_HS0/1765556206 - End of loop ##################  
 ####### Case2651 	 Computation time:0.8465726375579834 	 Step28/56	- AllReachGoal-True

2025-12-13 00:42:58,766 - PaperAgentLogger - INFO - current rateReachGoal: 0
2025-12-13 00:42:58,783 - PaperAgentLogger - DEBUG - New map
2025-12-13 00:42:59,747 - PaperAgentLogger - INFO - ################## PaperArchitecture_map20x20_rho1_10Agent/K3_HS0/1765556206 - End of loop ##################  
 ####### Case2652 	 Computation time:0.9629974365234375 	 Step32/48	- AllReachGoal-True

2025-12-13 00:42:59,747 - PaperAgentLogger - INFO - current rateReachGoal: 0
2025-12-13 00:42:59,769 - PaperAgentLogger - DEBUG - New map
2025-12-13 00:43:01,025 - PaperAgentLogger - INFO - ################## PaperArchitecture_map20x20_rho1_10Agent/K3_HS0/1765556206 - End of loop ##################  
 ####### Case2653 	 Computation time:1.2553763389587402 	 Step41/72	- AllReachGoal-True

2025-12-13 00:43:01,027 - PaperAgentLogger - INFO - current rateReachGoal: 0
2025-12-13 00:43:01,046 - PaperAgentLogger - DEBUG - New map
2025-12-13 00:43:02,157 - PaperAgentLogger - INFO - ################## PaperArchitecture_map20x20_rho1_10Agent/K3_HS0/1765556206 - End of loop ##################  
 ####### Case2654 	 Computation time:1.110198974609375 	 Step37/66	- AllReachGoal-True

2025-12-13 00:43:02,158 - PaperAgentLogger - INFO - current rateReachGoal: 0
2025-12-13 00:43:02,175 - PaperAgentLogger - DEBUG - New map
2025-12-13 00:43:03,558 - PaperAgentLogger - INFO - ################## PaperArchitecture_map20x20_rho1_10Agent/K3_HS0/1765556206 - End of loop ##################  
 ####### Case2655 	 Computation time:1.3820228576660156 	 Step46/46	- AllReachGoal-False

2025-12-13 00:43:03,558 - PaperAgentLogger - INFO - current rateReachGoal: 0
2025-12-13 00:43:03,577 - PaperAgentLogger - DEBUG - New map
2025-12-13 00:43:05,079 - PaperAgentLogger - INFO - ################## PaperArchitecture_map20x20_rho1_10Agent/K3_HS0/1765556206 - End of loop ##################  
 ####### Case2656 	 Computation time:1.5010263919830322 	 Step50/50	- AllReachGoal-False

2025-12-13 00:43:05,080 - PaperAgentLogger - INFO - current rateReachGoal: 0
2025-12-13 00:43:05,096 - PaperAgentLogger - DEBUG - New map
2025-12-13 00:43:05,843 - PaperAgentLogger - INFO - ################## PaperArchitecture_map20x20_rho1_10Agent/K3_HS0/1765556206 - End of loop ##################  
 ####### Case2657 	 Computation time:0.7468581199645996 	 Step25/44	- AllReachGoal-True

2025-12-13 00:43:05,844 - PaperAgentLogger - INFO - current rateReachGoal: 0
2025-12-13 00:43:05,861 - PaperAgentLogger - DEBUG - New map
2025-12-13 00:43:07,177 - PaperAgentLogger - INFO - ################## PaperArchitecture_map20x20_rho1_10Agent/K3_HS0/1765556206 - End of loop ##################  
 ####### Case2658 	 Computation time:1.3153202533721924 	 Step44/48	- AllReachGoal-True

2025-12-13 00:43:07,177 - PaperAgentLogger - INFO - current rateReachGoal: 0
2025-12-13 00:43:07,198 - PaperAgentLogger - DEBUG - New map
2025-12-13 00:43:08,705 - PaperAgentLogger - INFO - ################## PaperArchitecture_map20x20_rho1_10Agent/K3_HS0/1765556206 - End of loop ##################  
 ####### Case2659 	 Computation time:1.506082534790039 	 Step50/64	- AllReachGoal-True

2025-12-13 00:43:08,705 - PaperAgentLogger - INFO - current rateReachGoal: 0
2025-12-13 00:43:08,724 - PaperAgentLogger - DEBUG - New map
2025-12-13 00:43:10,415 - PaperAgentLogger - INFO - ################## PaperArchitecture_map20x20_rho1_10Agent/K3_HS0/1765556206 - End of loop ##################  
 ####### Case2660 	 Computation time:1.6904447078704834 	 Step56/56	- AllReachGoal-False

2025-12-13 00:43:10,416 - PaperAgentLogger - INFO - current rateReachGoal: 0
2025-12-13 00:43:10,435 - PaperAgentLogger - DEBUG - New map
2025-12-13 00:43:11,636 - PaperAgentLogger - INFO - ################## PaperArchitecture_map20x20_rho1_10Agent/K3_HS0/1765556206 - End of loop ##################  
 ####### Case2661 	 Computation time:1.200209379196167 	 Step40/56	- AllReachGoal-True

2025-12-13 00:43:11,638 - PaperAgentLogger - INFO - current rateReachGoal: 0
2025-12-13 00:43:11,657 - PaperAgentLogger - DEBUG - New map
2025-12-13 00:43:13,221 - PaperAgentLogger - INFO - ################## PaperArchitecture_map20x20_rho1_10Agent/K3_HS0/1765556206 - End of loop ##################  
 ####### Case2662 	 Computation time:1.5631847381591797 	 Step52/52	- AllReachGoal-False

2025-12-13 00:43:13,221 - PaperAgentLogger - INFO - current rateReachGoal: 0
2025-12-13 00:43:13,239 - PaperAgentLogger - DEBUG - New map
2025-12-13 00:43:14,026 - PaperAgentLogger - INFO - ################## PaperArchitecture_map20x20_rho1_10Agent/K3_HS0/1765556206 - End of loop ##################  
 ####### Case2663 	 Computation time:0.7870032787322998 	 Step26/48	- AllReachGoal-True

2025-12-13 00:43:14,027 - PaperAgentLogger - INFO - current rateReachGoal: 0
2025-12-13 00:43:14,048 - PaperAgentLogger - DEBUG - New map
2025-12-13 00:43:15,327 - PaperAgentLogger - INFO - ################## PaperArchitecture_map20x20_rho1_10Agent/K3_HS0/1765556206 - End of loop ##################  
 ####### Case2664 	 Computation time:1.2784419059753418 	 Step41/72	- AllReachGoal-True

2025-12-13 00:43:15,327 - PaperAgentLogger - INFO - current rateReachGoal: 0
2025-12-13 00:43:15,346 - PaperAgentLogger - DEBUG - New map
2025-12-13 00:43:16,453 - PaperAgentLogger - INFO - ################## PaperArchitecture_map20x20_rho1_10Agent/K3_HS0/1765556206 - End of loop ##################  
 ####### Case2665 	 Computation time:1.106196641921997 	 Step34/64	- AllReachGoal-True

2025-12-13 00:43:16,454 - PaperAgentLogger - INFO - current rateReachGoal: 0
2025-12-13 00:43:16,471 - PaperAgentLogger - DEBUG - New map
2025-12-13 00:43:18,089 - PaperAgentLogger - INFO - ################## PaperArchitecture_map20x20_rho1_10Agent/K3_HS0/1765556206 - End of loop ##################  
 ####### Case2666 	 Computation time:1.6170036792755127 	 Step50/50	- AllReachGoal-False

2025-12-13 00:43:18,090 - PaperAgentLogger - INFO - current rateReachGoal: 0
2025-12-13 00:43:18,108 - PaperAgentLogger - DEBUG - New map
2025-12-13 00:43:19,598 - PaperAgentLogger - INFO - ################## PaperArchitecture_map20x20_rho1_10Agent/K3_HS0/1765556206 - End of loop ##################  
 ####### Case2667 	 Computation time:1.4900331497192383 	 Step48/48	- AllReachGoal-False

2025-12-13 00:43:19,599 - PaperAgentLogger - INFO - current rateReachGoal: 0
2025-12-13 00:43:19,617 - PaperAgentLogger - DEBUG - New map
2025-12-13 00:43:21,320 - PaperAgentLogger - INFO - ################## PaperArchitecture_map20x20_rho1_10Agent/K3_HS0/1765556206 - End of loop ##################  
 ####### Case2668 	 Computation time:1.7027642726898193 	 Step52/52	- AllReachGoal-False

2025-12-13 00:43:21,321 - PaperAgentLogger - INFO - current rateReachGoal: 0
2025-12-13 00:43:21,338 - PaperAgentLogger - DEBUG - New map
2025-12-13 00:43:22,668 - PaperAgentLogger - INFO - ################## PaperArchitecture_map20x20_rho1_10Agent/K3_HS0/1765556206 - End of loop ##################  
 ####### Case2669 	 Computation time:1.3301019668579102 	 Step42/42	- AllReachGoal-False

2025-12-13 00:43:22,669 - PaperAgentLogger - INFO - current rateReachGoal: 0
2025-12-13 00:43:22,687 - PaperAgentLogger - DEBUG - New map
2025-12-13 00:43:24,386 - PaperAgentLogger - INFO - ################## PaperArchitecture_map20x20_rho1_10Agent/K3_HS0/1765556206 - End of loop ##################  
 ####### Case2670 	 Computation time:1.697880506515503 	 Step52/52	- AllReachGoal-False

2025-12-13 00:43:24,386 - PaperAgentLogger - INFO - current rateReachGoal: 0
2025-12-13 00:43:24,404 - PaperAgentLogger - DEBUG - New map
2025-12-13 00:43:25,201 - PaperAgentLogger - INFO - ################## PaperArchitecture_map20x20_rho1_10Agent/K3_HS0/1765556206 - End of loop ##################  
 ####### Case2671 	 Computation time:0.7966775894165039 	 Step24/48	- AllReachGoal-True

2025-12-13 00:43:25,202 - PaperAgentLogger - INFO - current rateReachGoal: 0
2025-12-13 00:43:25,221 - PaperAgentLogger - DEBUG - New map
2025-12-13 00:43:27,126 - PaperAgentLogger - INFO - ################## PaperArchitecture_map20x20_rho1_10Agent/K3_HS0/1765556206 - End of loop ##################  
 ####### Case2672 	 Computation time:1.9044125080108643 	 Step60/60	- AllReachGoal-False

2025-12-13 00:43:27,127 - PaperAgentLogger - INFO - current rateReachGoal: 0
2025-12-13 00:43:27,145 - PaperAgentLogger - DEBUG - New map
2025-12-13 00:43:27,956 - PaperAgentLogger - INFO - ################## PaperArchitecture_map20x20_rho1_10Agent/K3_HS0/1765556206 - End of loop ##################  
 ####### Case2673 	 Computation time:0.8109614849090576 	 Step25/50	- AllReachGoal-True

2025-12-13 00:43:27,957 - PaperAgentLogger - INFO - current rateReachGoal: 0
2025-12-13 00:43:27,975 - PaperAgentLogger - DEBUG - New map
2025-12-13 00:43:29,672 - PaperAgentLogger - INFO - ################## PaperArchitecture_map20x20_rho1_10Agent/K3_HS0/1765556206 - End of loop ##################  
 ####### Case2674 	 Computation time:1.6968085765838623 	 Step52/52	- AllReachGoal-False

2025-12-13 00:43:29,674 - PaperAgentLogger - INFO - current rateReachGoal: 0
2025-12-13 00:43:29,691 - PaperAgentLogger - DEBUG - New map
2025-12-13 00:43:31,372 - PaperAgentLogger - INFO - ################## PaperArchitecture_map20x20_rho1_10Agent/K3_HS0/1765556206 - End of loop ##################  
 ####### Case2675 	 Computation time:1.6799628734588623 	 Step52/52	- AllReachGoal-False

2025-12-13 00:43:31,373 - PaperAgentLogger - INFO - current rateReachGoal: 0
2025-12-13 00:43:31,391 - PaperAgentLogger - DEBUG - New map
2025-12-13 00:43:32,234 - PaperAgentLogger - INFO - ################## PaperArchitecture_map20x20_rho1_10Agent/K3_HS0/1765556206 - End of loop ##################  
 ####### Case2676 	 Computation time:0.8424806594848633 	 Step26/52	- AllReachGoal-True

2025-12-13 00:43:32,234 - PaperAgentLogger - INFO - current rateReachGoal: 0
2025-12-13 00:43:32,252 - PaperAgentLogger - DEBUG - New map
2025-12-13 00:43:33,185 - PaperAgentLogger - INFO - ################## PaperArchitecture_map20x20_rho1_10Agent/K3_HS0/1765556206 - End of loop ##################  
 ####### Case2677 	 Computation time:0.9322474002838135 	 Step29/54	- AllReachGoal-True

2025-12-13 00:43:33,186 - PaperAgentLogger - INFO - current rateReachGoal: 0
2025-12-13 00:43:33,204 - PaperAgentLogger - DEBUG - New map
2025-12-13 00:43:34,973 - PaperAgentLogger - INFO - ################## PaperArchitecture_map20x20_rho1_10Agent/K3_HS0/1765556206 - End of loop ##################  
 ####### Case2678 	 Computation time:1.7689332962036133 	 Step56/56	- AllReachGoal-False

2025-12-13 00:43:34,975 - PaperAgentLogger - INFO - current rateReachGoal: 0
2025-12-13 00:43:34,995 - PaperAgentLogger - DEBUG - New map
2025-12-13 00:43:36,794 - PaperAgentLogger - INFO - ################## PaperArchitecture_map20x20_rho1_10Agent/K3_HS0/1765556206 - End of loop ##################  
 ####### Case2679 	 Computation time:1.7991516590118408 	 Step60/60	- AllReachGoal-False

2025-12-13 00:43:36,795 - PaperAgentLogger - INFO - current rateReachGoal: 0
2025-12-13 00:43:36,811 - PaperAgentLogger - DEBUG - New map
2025-12-13 00:43:37,638 - PaperAgentLogger - INFO - ################## PaperArchitecture_map20x20_rho1_10Agent/K3_HS0/1765556206 - End of loop ##################  
 ####### Case2680 	 Computation time:0.826411247253418 	 Step25/40	- AllReachGoal-True

2025-12-13 00:43:37,638 - PaperAgentLogger - INFO - current rateReachGoal: 0
2025-12-13 00:43:37,657 - PaperAgentLogger - DEBUG - New map
2025-12-13 00:43:38,682 - PaperAgentLogger - INFO - ################## PaperArchitecture_map20x20_rho1_10Agent/K3_HS0/1765556206 - End of loop ##################  
 ####### Case2681 	 Computation time:1.024677038192749 	 Step34/58	- AllReachGoal-True

2025-12-13 00:43:38,683 - PaperAgentLogger - INFO - current rateReachGoal: 0
2025-12-13 00:43:38,700 - PaperAgentLogger - DEBUG - New map
2025-12-13 00:43:39,522 - PaperAgentLogger - INFO - ################## PaperArchitecture_map20x20_rho1_10Agent/K3_HS0/1765556206 - End of loop ##################  
 ####### Case2682 	 Computation time:0.8221044540405273 	 Step27/48	- AllReachGoal-True

2025-12-13 00:43:39,523 - PaperAgentLogger - INFO - current rateReachGoal: 0
2025-12-13 00:43:39,542 - PaperAgentLogger - DEBUG - New map
2025-12-13 00:43:41,164 - PaperAgentLogger - INFO - ################## PaperArchitecture_map20x20_rho1_10Agent/K3_HS0/1765556206 - End of loop ##################  
 ####### Case2683 	 Computation time:1.622229814529419 	 Step54/54	- AllReachGoal-False

2025-12-13 00:43:41,165 - PaperAgentLogger - INFO - current rateReachGoal: 0
2025-12-13 00:43:41,183 - PaperAgentLogger - DEBUG - New map
2025-12-13 00:43:42,266 - PaperAgentLogger - INFO - ################## PaperArchitecture_map20x20_rho1_10Agent/K3_HS0/1765556206 - End of loop ##################  
 ####### Case2684 	 Computation time:1.0819463729858398 	 Step33/50	- AllReachGoal-True

2025-12-13 00:43:42,266 - PaperAgentLogger - INFO - current rateReachGoal: 0
2025-12-13 00:43:42,285 - PaperAgentLogger - DEBUG - New map
2025-12-13 00:43:43,844 - PaperAgentLogger - INFO - ################## PaperArchitecture_map20x20_rho1_10Agent/K3_HS0/1765556206 - End of loop ##################  
 ####### Case2685 	 Computation time:1.5584132671356201 	 Step52/52	- AllReachGoal-False

2025-12-13 00:43:43,845 - PaperAgentLogger - INFO - current rateReachGoal: 0
2025-12-13 00:43:43,865 - PaperAgentLogger - DEBUG - New map
2025-12-13 00:43:44,842 - PaperAgentLogger - INFO - ################## PaperArchitecture_map20x20_rho1_10Agent/K3_HS0/1765556206 - End of loop ##################  
 ####### Case2686 	 Computation time:0.9769899845123291 	 Step32/64	- AllReachGoal-True

2025-12-13 00:43:44,843 - PaperAgentLogger - INFO - current rateReachGoal: 0
2025-12-13 00:43:44,863 - PaperAgentLogger - DEBUG - New map
2025-12-13 00:43:45,846 - PaperAgentLogger - INFO - ################## PaperArchitecture_map20x20_rho1_10Agent/K3_HS0/1765556206 - End of loop ##################  
 ####### Case2687 	 Computation time:0.982917070388794 	 Step30/60	- AllReachGoal-True

2025-12-13 00:43:45,847 - PaperAgentLogger - INFO - current rateReachGoal: 0
2025-12-13 00:43:45,864 - PaperAgentLogger - DEBUG - New map
2025-12-13 00:43:46,654 - PaperAgentLogger - INFO - ################## PaperArchitecture_map20x20_rho1_10Agent/K3_HS0/1765556206 - End of loop ##################  
 ####### Case2688 	 Computation time:0.7891623973846436 	 Step25/42	- AllReachGoal-True

2025-12-13 00:43:46,654 - PaperAgentLogger - INFO - current rateReachGoal: 0
2025-12-13 00:43:46,673 - PaperAgentLogger - DEBUG - New map
2025-12-13 00:43:47,616 - PaperAgentLogger - INFO - ################## PaperArchitecture_map20x20_rho1_10Agent/K3_HS0/1765556206 - End of loop ##################  
 ####### Case2689 	 Computation time:0.942063570022583 	 Step30/56	- AllReachGoal-True

2025-12-13 00:43:47,617 - PaperAgentLogger - INFO - current rateReachGoal: 0
2025-12-13 00:43:47,635 - PaperAgentLogger - DEBUG - New map
2025-12-13 00:43:49,404 - PaperAgentLogger - INFO - ################## PaperArchitecture_map20x20_rho1_10Agent/K3_HS0/1765556206 - End of loop ##################  
 ####### Case2690 	 Computation time:1.7689530849456787 	 Step54/54	- AllReachGoal-False

2025-12-13 00:43:49,405 - PaperAgentLogger - INFO - current rateReachGoal: 0
2025-12-13 00:43:49,422 - PaperAgentLogger - DEBUG - New map
2025-12-13 00:43:50,193 - PaperAgentLogger - INFO - ################## PaperArchitecture_map20x20_rho1_10Agent/K3_HS0/1765556206 - End of loop ##################  
 ####### Case2691 	 Computation time:0.770587682723999 	 Step24/46	- AllReachGoal-True

2025-12-13 00:43:50,194 - PaperAgentLogger - INFO - current rateReachGoal: 0
2025-12-13 00:43:50,212 - PaperAgentLogger - DEBUG - New map
2025-12-13 00:43:51,915 - PaperAgentLogger - INFO - ################## PaperArchitecture_map20x20_rho1_10Agent/K3_HS0/1765556206 - End of loop ##################  
 ####### Case2692 	 Computation time:1.702362060546875 	 Step56/56	- AllReachGoal-False

2025-12-13 00:43:51,917 - PaperAgentLogger - INFO - current rateReachGoal: 0
2025-12-13 00:43:51,933 - PaperAgentLogger - DEBUG - New map
2025-12-13 00:43:52,692 - PaperAgentLogger - INFO - ################## PaperArchitecture_map20x20_rho1_10Agent/K3_HS0/1765556206 - End of loop ##################  
 ####### Case2693 	 Computation time:0.7581691741943359 	 Step23/46	- AllReachGoal-True

2025-12-13 00:43:52,693 - PaperAgentLogger - INFO - current rateReachGoal: 0
2025-12-13 00:43:52,713 - PaperAgentLogger - DEBUG - New map
2025-12-13 00:43:54,779 - PaperAgentLogger - INFO - ################## PaperArchitecture_map20x20_rho1_10Agent/K3_HS0/1765556206 - End of loop ##################  
 ####### Case2694 	 Computation time:2.065953254699707 	 Step66/66	- AllReachGoal-False

2025-12-13 00:43:54,780 - PaperAgentLogger - INFO - current rateReachGoal: 0
2025-12-13 00:43:54,796 - PaperAgentLogger - DEBUG - New map
2025-12-13 00:43:55,984 - PaperAgentLogger - INFO - ################## PaperArchitecture_map20x20_rho1_10Agent/K3_HS0/1765556206 - End of loop ##################  
 ####### Case2695 	 Computation time:1.1871788501739502 	 Step38/38	- AllReachGoal-False

2025-12-13 00:43:55,984 - PaperAgentLogger - INFO - current rateReachGoal: 0
2025-12-13 00:43:56,005 - PaperAgentLogger - DEBUG - New map
2025-12-13 00:43:57,388 - PaperAgentLogger - INFO - ################## PaperArchitecture_map20x20_rho1_10Agent/K3_HS0/1765556206 - End of loop ##################  
 ####### Case2696 	 Computation time:1.3824124336242676 	 Step46/64	- AllReachGoal-True

2025-12-13 00:43:57,390 - PaperAgentLogger - INFO - current rateReachGoal: 0
2025-12-13 00:43:57,410 - PaperAgentLogger - DEBUG - New map
2025-12-13 00:43:58,820 - PaperAgentLogger - INFO - ################## PaperArchitecture_map20x20_rho1_10Agent/K3_HS0/1765556206 - End of loop ##################  
 ####### Case2697 	 Computation time:1.4087393283843994 	 Step47/76	- AllReachGoal-True

2025-12-13 00:43:58,820 - PaperAgentLogger - INFO - current rateReachGoal: 0
2025-12-13 00:43:58,840 - PaperAgentLogger - DEBUG - New map
2025-12-13 00:44:00,494 - PaperAgentLogger - INFO - ################## PaperArchitecture_map20x20_rho1_10Agent/K3_HS0/1765556206 - End of loop ##################  
 ####### Case2698 	 Computation time:1.6535885334014893 	 Step54/54	- AllReachGoal-False

2025-12-13 00:44:00,495 - PaperAgentLogger - INFO - current rateReachGoal: 0
2025-12-13 00:44:00,512 - PaperAgentLogger - DEBUG - New map
2025-12-13 00:44:01,991 - PaperAgentLogger - INFO - ################## PaperArchitecture_map20x20_rho1_10Agent/K3_HS0/1765556206 - End of loop ##################  
 ####### Case2699 	 Computation time:1.478309154510498 	 Step48/48	- AllReachGoal-False

2025-12-13 00:44:01,992 - PaperAgentLogger - INFO - current rateReachGoal: 0
2025-12-13 00:44:02,008 - PaperAgentLogger - DEBUG - New map
2025-12-13 00:44:02,860 - PaperAgentLogger - INFO - ################## PaperArchitecture_map20x20_rho1_10Agent/K3_HS0/1765556206 - End of loop ##################  
 ####### Case2700 	 Computation time:0.8508694171905518 	 Step29/52	- AllReachGoal-True

2025-12-13 00:44:02,862 - PaperAgentLogger - INFO - current rateReachGoal: 0
2025-12-13 00:44:02,881 - PaperAgentLogger - DEBUG - New map
2025-12-13 00:44:03,784 - PaperAgentLogger - INFO - ################## PaperArchitecture_map20x20_rho1_10Agent/K3_HS0/1765556206 - End of loop ##################  
 ####### Case2701 	 Computation time:0.9029366970062256 	 Step31/54	- AllReachGoal-True

2025-12-13 00:44:03,785 - PaperAgentLogger - INFO - current rateReachGoal: 0
2025-12-13 00:44:03,803 - PaperAgentLogger - DEBUG - New map
2025-12-13 00:44:05,414 - PaperAgentLogger - INFO - ################## PaperArchitecture_map20x20_rho1_10Agent/K3_HS0/1765556206 - End of loop ##################  
 ####### Case2702 	 Computation time:1.6110200881958008 	 Step52/52	- AllReachGoal-False

2025-12-13 00:44:05,415 - PaperAgentLogger - INFO - current rateReachGoal: 0
2025-12-13 00:44:05,432 - PaperAgentLogger - DEBUG - New map
2025-12-13 00:44:07,108 - PaperAgentLogger - INFO - ################## PaperArchitecture_map20x20_rho1_10Agent/K3_HS0/1765556206 - End of loop ##################  
 ####### Case2703 	 Computation time:1.6760318279266357 	 Step56/56	- AllReachGoal-False

2025-12-13 00:44:07,109 - PaperAgentLogger - INFO - current rateReachGoal: 0
2025-12-13 00:44:07,128 - PaperAgentLogger - DEBUG - New map
2025-12-13 00:44:08,847 - PaperAgentLogger - INFO - ################## PaperArchitecture_map20x20_rho1_10Agent/K3_HS0/1765556206 - End of loop ##################  
 ####### Case2704 	 Computation time:1.7190442085266113 	 Step58/58	- AllReachGoal-False

2025-12-13 00:44:08,848 - PaperAgentLogger - INFO - current rateReachGoal: 0
2025-12-13 00:44:08,867 - PaperAgentLogger - DEBUG - New map
2025-12-13 00:44:10,553 - PaperAgentLogger - INFO - ################## PaperArchitecture_map20x20_rho1_10Agent/K3_HS0/1765556206 - End of loop ##################  
 ####### Case2705 	 Computation time:1.6861038208007812 	 Step54/54	- AllReachGoal-False

2025-12-13 00:44:10,554 - PaperAgentLogger - INFO - current rateReachGoal: 0
2025-12-13 00:44:10,572 - PaperAgentLogger - DEBUG - New map
2025-12-13 00:44:11,561 - PaperAgentLogger - INFO - ################## PaperArchitecture_map20x20_rho1_10Agent/K3_HS0/1765556206 - End of loop ##################  
 ####### Case2706 	 Computation time:0.988217830657959 	 Step32/60	- AllReachGoal-True

2025-12-13 00:44:11,562 - PaperAgentLogger - INFO - current rateReachGoal: 0
2025-12-13 00:44:11,579 - PaperAgentLogger - DEBUG - New map
2025-12-13 00:44:12,851 - PaperAgentLogger - INFO - ################## PaperArchitecture_map20x20_rho1_10Agent/K3_HS0/1765556206 - End of loop ##################  
 ####### Case2707 	 Computation time:1.270946741104126 	 Step43/56	- AllReachGoal-True

2025-12-13 00:44:12,852 - PaperAgentLogger - INFO - current rateReachGoal: 0
2025-12-13 00:44:12,868 - PaperAgentLogger - DEBUG - New map
2025-12-13 00:44:13,622 - PaperAgentLogger - INFO - ################## PaperArchitecture_map20x20_rho1_10Agent/K3_HS0/1765556206 - End of loop ##################  
 ####### Case2708 	 Computation time:0.7532978057861328 	 Step26/44	- AllReachGoal-True

2025-12-13 00:44:13,622 - PaperAgentLogger - INFO - current rateReachGoal: 0
2025-12-13 00:44:13,640 - PaperAgentLogger - DEBUG - New map
2025-12-13 00:44:15,375 - PaperAgentLogger - INFO - ################## PaperArchitecture_map20x20_rho1_10Agent/K3_HS0/1765556206 - End of loop ##################  
 ####### Case2709 	 Computation time:1.7348089218139648 	 Step58/58	- AllReachGoal-False

2025-12-13 00:44:15,376 - PaperAgentLogger - INFO - current rateReachGoal: 0
2025-12-13 00:44:15,392 - PaperAgentLogger - DEBUG - New map
2025-12-13 00:44:16,174 - PaperAgentLogger - INFO - ################## PaperArchitecture_map20x20_rho1_10Agent/K3_HS0/1765556206 - End of loop ##################  
 ####### Case2710 	 Computation time:0.7817058563232422 	 Step24/44	- AllReachGoal-True

2025-12-13 00:44:16,175 - PaperAgentLogger - INFO - current rateReachGoal: 0
2025-12-13 00:44:16,194 - PaperAgentLogger - DEBUG - New map
2025-12-13 00:44:18,106 - PaperAgentLogger - INFO - ################## PaperArchitecture_map20x20_rho1_10Agent/K3_HS0/1765556206 - End of loop ##################  
 ####### Case2711 	 Computation time:1.9109790325164795 	 Step60/60	- AllReachGoal-False

2025-12-13 00:44:18,108 - PaperAgentLogger - INFO - current rateReachGoal: 0
2025-12-13 00:44:18,125 - PaperAgentLogger - DEBUG - New map
2025-12-13 00:44:19,086 - PaperAgentLogger - INFO - ################## PaperArchitecture_map20x20_rho1_10Agent/K3_HS0/1765556206 - End of loop ##################  
 ####### Case2712 	 Computation time:0.9600143432617188 	 Step33/50	- AllReachGoal-True

2025-12-13 00:44:19,086 - PaperAgentLogger - INFO - current rateReachGoal: 0
2025-12-13 00:44:19,104 - PaperAgentLogger - DEBUG - New map
2025-12-13 00:44:20,695 - PaperAgentLogger - INFO - ################## PaperArchitecture_map20x20_rho1_10Agent/K3_HS0/1765556206 - End of loop ##################  
 ####### Case2713 	 Computation time:1.5909273624420166 	 Step52/52	- AllReachGoal-False

2025-12-13 00:44:20,696 - PaperAgentLogger - INFO - current rateReachGoal: 0
2025-12-13 00:44:20,713 - PaperAgentLogger - DEBUG - New map
2025-12-13 00:44:21,621 - PaperAgentLogger - INFO - ################## PaperArchitecture_map20x20_rho1_10Agent/K3_HS0/1765556206 - End of loop ##################  
 ####### Case2714 	 Computation time:0.9077732563018799 	 Step28/46	- AllReachGoal-True

2025-12-13 00:44:21,622 - PaperAgentLogger - INFO - current rateReachGoal: 0
2025-12-13 00:44:21,642 - PaperAgentLogger - DEBUG - New map
2025-12-13 00:44:23,932 - PaperAgentLogger - INFO - ################## PaperArchitecture_map20x20_rho1_10Agent/K3_HS0/1765556206 - End of loop ##################  
 ####### Case2715 	 Computation time:2.2891106605529785 	 Step72/72	- AllReachGoal-False

2025-12-13 00:44:23,933 - PaperAgentLogger - INFO - current rateReachGoal: 0
2025-12-13 00:44:23,953 - PaperAgentLogger - DEBUG - New map
2025-12-13 00:44:25,994 - PaperAgentLogger - INFO - ################## PaperArchitecture_map20x20_rho1_10Agent/K3_HS0/1765556206 - End of loop ##################  
 ####### Case2716 	 Computation time:2.040740966796875 	 Step68/68	- AllReachGoal-False

2025-12-13 00:44:25,995 - PaperAgentLogger - INFO - current rateReachGoal: 0
2025-12-13 00:44:26,011 - PaperAgentLogger - DEBUG - New map
2025-12-13 00:44:26,773 - PaperAgentLogger - INFO - ################## PaperArchitecture_map20x20_rho1_10Agent/K3_HS0/1765556206 - End of loop ##################  
 ####### Case2717 	 Computation time:0.761798620223999 	 Step26/46	- AllReachGoal-True

2025-12-13 00:44:26,774 - PaperAgentLogger - INFO - current rateReachGoal: 0
2025-12-13 00:44:26,792 - PaperAgentLogger - DEBUG - New map
2025-12-13 00:44:27,814 - PaperAgentLogger - INFO - ################## PaperArchitecture_map20x20_rho1_10Agent/K3_HS0/1765556206 - End of loop ##################  
 ####### Case2718 	 Computation time:1.0208420753479004 	 Step35/54	- AllReachGoal-True

2025-12-13 00:44:27,814 - PaperAgentLogger - INFO - current rateReachGoal: 0
2025-12-13 00:44:27,833 - PaperAgentLogger - DEBUG - New map
2025-12-13 00:44:29,628 - PaperAgentLogger - INFO - ################## PaperArchitecture_map20x20_rho1_10Agent/K3_HS0/1765556206 - End of loop ##################  
 ####### Case2719 	 Computation time:1.794630765914917 	 Step62/62	- AllReachGoal-False

2025-12-13 00:44:29,629 - PaperAgentLogger - INFO - current rateReachGoal: 0
2025-12-13 00:44:29,647 - PaperAgentLogger - DEBUG - New map
2025-12-13 00:44:30,554 - PaperAgentLogger - INFO - ################## PaperArchitecture_map20x20_rho1_10Agent/K3_HS0/1765556206 - End of loop ##################  
 ####### Case2720 	 Computation time:0.9058504104614258 	 Step31/54	- AllReachGoal-True

2025-12-13 00:44:30,554 - PaperAgentLogger - INFO - current rateReachGoal: 0
2025-12-13 00:44:30,572 - PaperAgentLogger - DEBUG - New map
2025-12-13 00:44:31,483 - PaperAgentLogger - INFO - ################## PaperArchitecture_map20x20_rho1_10Agent/K3_HS0/1765556206 - End of loop ##################  
 ####### Case2721 	 Computation time:0.9105997085571289 	 Step30/46	- AllReachGoal-True

2025-12-13 00:44:31,484 - PaperAgentLogger - INFO - current rateReachGoal: 0
2025-12-13 00:44:31,503 - PaperAgentLogger - DEBUG - New map
2025-12-13 00:44:33,287 - PaperAgentLogger - INFO - ################## PaperArchitecture_map20x20_rho1_10Agent/K3_HS0/1765556206 - End of loop ##################  
 ####### Case2722 	 Computation time:1.7836112976074219 	 Step62/62	- AllReachGoal-False

2025-12-13 00:44:33,288 - PaperAgentLogger - INFO - current rateReachGoal: 0
2025-12-13 00:44:33,305 - PaperAgentLogger - DEBUG - New map
2025-12-13 00:44:34,371 - PaperAgentLogger - INFO - ################## PaperArchitecture_map20x20_rho1_10Agent/K3_HS0/1765556206 - End of loop ##################  
 ####### Case2723 	 Computation time:1.064457654953003 	 Step33/58	- AllReachGoal-True

2025-12-13 00:44:34,371 - PaperAgentLogger - INFO - current rateReachGoal: 0
2025-12-13 00:44:34,387 - PaperAgentLogger - DEBUG - New map
2025-12-13 00:44:35,778 - PaperAgentLogger - INFO - ################## PaperArchitecture_map20x20_rho1_10Agent/K3_HS0/1765556206 - End of loop ##################  
 ####### Case2724 	 Computation time:1.3905525207519531 	 Step48/48	- AllReachGoal-False

2025-12-13 00:44:35,779 - PaperAgentLogger - INFO - current rateReachGoal: 0
2025-12-13 00:44:35,796 - PaperAgentLogger - DEBUG - New map
2025-12-13 00:44:36,616 - PaperAgentLogger - INFO - ################## PaperArchitecture_map20x20_rho1_10Agent/K3_HS0/1765556206 - End of loop ##################  
 ####### Case2725 	 Computation time:0.8195695877075195 	 Step28/50	- AllReachGoal-True

2025-12-13 00:44:36,617 - PaperAgentLogger - INFO - current rateReachGoal: 0
2025-12-13 00:44:36,636 - PaperAgentLogger - DEBUG - New map
2025-12-13 00:44:38,200 - PaperAgentLogger - INFO - ################## PaperArchitecture_map20x20_rho1_10Agent/K3_HS0/1765556206 - End of loop ##################  
 ####### Case2726 	 Computation time:1.5636415481567383 	 Step51/58	- AllReachGoal-True

2025-12-13 00:44:38,201 - PaperAgentLogger - INFO - current rateReachGoal: 0
2025-12-13 00:44:38,218 - PaperAgentLogger - DEBUG - New map
2025-12-13 00:44:39,617 - PaperAgentLogger - INFO - ################## PaperArchitecture_map20x20_rho1_10Agent/K3_HS0/1765556206 - End of loop ##################  
 ####### Case2727 	 Computation time:1.397946834564209 	 Step48/48	- AllReachGoal-False

2025-12-13 00:44:39,617 - PaperAgentLogger - INFO - current rateReachGoal: 0
2025-12-13 00:44:39,637 - PaperAgentLogger - DEBUG - New map
2025-12-13 00:44:40,844 - PaperAgentLogger - INFO - ################## PaperArchitecture_map20x20_rho1_10Agent/K3_HS0/1765556206 - End of loop ##################  
 ####### Case2728 	 Computation time:1.2065918445587158 	 Step41/66	- AllReachGoal-True

2025-12-13 00:44:40,847 - PaperAgentLogger - INFO - current rateReachGoal: 0
2025-12-13 00:44:40,865 - PaperAgentLogger - DEBUG - New map
2025-12-13 00:44:41,769 - PaperAgentLogger - INFO - ################## PaperArchitecture_map20x20_rho1_10Agent/K3_HS0/1765556206 - End of loop ##################  
 ####### Case2729 	 Computation time:0.9037067890167236 	 Step31/44	- AllReachGoal-True

2025-12-13 00:44:41,770 - PaperAgentLogger - INFO - current rateReachGoal: 0
2025-12-13 00:44:41,786 - PaperAgentLogger - DEBUG - New map
2025-12-13 00:44:42,491 - PaperAgentLogger - INFO - ################## PaperArchitecture_map20x20_rho1_10Agent/K3_HS0/1765556206 - End of loop ##################  
 ####### Case2730 	 Computation time:0.703711748123169 	 Step24/48	- AllReachGoal-True

2025-12-13 00:44:42,491 - PaperAgentLogger - INFO - current rateReachGoal: 0
2025-12-13 00:44:42,508 - PaperAgentLogger - DEBUG - New map
2025-12-13 00:44:43,355 - PaperAgentLogger - INFO - ################## PaperArchitecture_map20x20_rho1_10Agent/K3_HS0/1765556206 - End of loop ##################  
 ####### Case2731 	 Computation time:0.8470783233642578 	 Step29/50	- AllReachGoal-True

2025-12-13 00:44:43,356 - PaperAgentLogger - INFO - current rateReachGoal: 0
2025-12-13 00:44:43,372 - PaperAgentLogger - DEBUG - New map
2025-12-13 00:44:44,710 - PaperAgentLogger - INFO - ################## PaperArchitecture_map20x20_rho1_10Agent/K3_HS0/1765556206 - End of loop ##################  
 ####### Case2732 	 Computation time:1.3369927406311035 	 Step46/46	- AllReachGoal-False

2025-12-13 00:44:44,711 - PaperAgentLogger - INFO - current rateReachGoal: 0
2025-12-13 00:44:44,728 - PaperAgentLogger - DEBUG - New map
2025-12-13 00:44:45,606 - PaperAgentLogger - INFO - ################## PaperArchitecture_map20x20_rho1_10Agent/K3_HS0/1765556206 - End of loop ##################  
 ####### Case2733 	 Computation time:0.8782370090484619 	 Step30/48	- AllReachGoal-True

2025-12-13 00:44:45,607 - PaperAgentLogger - INFO - current rateReachGoal: 0
2025-12-13 00:44:45,625 - PaperAgentLogger - DEBUG - New map
2025-12-13 00:44:46,527 - PaperAgentLogger - INFO - ################## PaperArchitecture_map20x20_rho1_10Agent/K3_HS0/1765556206 - End of loop ##################  
 ####### Case2734 	 Computation time:0.9016187191009521 	 Step29/58	- AllReachGoal-True

2025-12-13 00:44:46,528 - PaperAgentLogger - INFO - current rateReachGoal: 0
2025-12-13 00:44:46,547 - PaperAgentLogger - DEBUG - New map
2025-12-13 00:44:47,419 - PaperAgentLogger - INFO - ################## PaperArchitecture_map20x20_rho1_10Agent/K3_HS0/1765556206 - End of loop ##################  
 ####### Case2735 	 Computation time:0.8713588714599609 	 Step29/58	- AllReachGoal-True

2025-12-13 00:44:47,419 - PaperAgentLogger - INFO - current rateReachGoal: 0
2025-12-13 00:44:47,436 - PaperAgentLogger - DEBUG - New map
2025-12-13 00:44:48,917 - PaperAgentLogger - INFO - ################## PaperArchitecture_map20x20_rho1_10Agent/K3_HS0/1765556206 - End of loop ##################  
 ####### Case2736 	 Computation time:1.480616569519043 	 Step48/48	- AllReachGoal-False

2025-12-13 00:44:48,918 - PaperAgentLogger - INFO - current rateReachGoal: 0
2025-12-13 00:44:48,937 - PaperAgentLogger - DEBUG - New map
2025-12-13 00:44:50,918 - PaperAgentLogger - INFO - ################## PaperArchitecture_map20x20_rho1_10Agent/K3_HS0/1765556206 - End of loop ##################  
 ####### Case2737 	 Computation time:1.980348825454712 	 Step62/62	- AllReachGoal-False

2025-12-13 00:44:50,918 - PaperAgentLogger - INFO - current rateReachGoal: 0
2025-12-13 00:44:50,936 - PaperAgentLogger - DEBUG - New map
2025-12-13 00:44:52,399 - PaperAgentLogger - INFO - ################## PaperArchitecture_map20x20_rho1_10Agent/K3_HS0/1765556206 - End of loop ##################  
 ####### Case2738 	 Computation time:1.4618890285491943 	 Step46/46	- AllReachGoal-False

2025-12-13 00:44:52,401 - PaperAgentLogger - INFO - current rateReachGoal: 0
2025-12-13 00:44:52,417 - PaperAgentLogger - DEBUG - New map
2025-12-13 00:44:53,271 - PaperAgentLogger - INFO - ################## PaperArchitecture_map20x20_rho1_10Agent/K3_HS0/1765556206 - End of loop ##################  
 ####### Case2739 	 Computation time:0.8527920246124268 	 Step28/46	- AllReachGoal-True

2025-12-13 00:44:53,271 - PaperAgentLogger - INFO - current rateReachGoal: 0
2025-12-13 00:44:53,289 - PaperAgentLogger - DEBUG - New map
2025-12-13 00:44:54,855 - PaperAgentLogger - INFO - ################## PaperArchitecture_map20x20_rho1_10Agent/K3_HS0/1765556206 - End of loop ##################  
 ####### Case2740 	 Computation time:1.5655248165130615 	 Step52/52	- AllReachGoal-False

2025-12-13 00:44:54,856 - PaperAgentLogger - INFO - current rateReachGoal: 0
2025-12-13 00:44:54,875 - PaperAgentLogger - DEBUG - New map
2025-12-13 00:44:56,580 - PaperAgentLogger - INFO - ################## PaperArchitecture_map20x20_rho1_10Agent/K3_HS0/1765556206 - End of loop ##################  
 ####### Case2741 	 Computation time:1.705334186553955 	 Step58/58	- AllReachGoal-False

2025-12-13 00:44:56,581 - PaperAgentLogger - INFO - current rateReachGoal: 0
2025-12-13 00:44:56,599 - PaperAgentLogger - DEBUG - New map
2025-12-13 00:44:57,341 - PaperAgentLogger - INFO - ################## PaperArchitecture_map20x20_rho1_10Agent/K3_HS0/1765556206 - End of loop ##################  
 ####### Case2742 	 Computation time:0.7417964935302734 	 Step23/44	- AllReachGoal-True

2025-12-13 00:44:57,342 - PaperAgentLogger - INFO - current rateReachGoal: 0
2025-12-13 00:44:57,360 - PaperAgentLogger - DEBUG - New map
2025-12-13 00:44:58,970 - PaperAgentLogger - INFO - ################## PaperArchitecture_map20x20_rho1_10Agent/K3_HS0/1765556206 - End of loop ##################  
 ####### Case2743 	 Computation time:1.609032154083252 	 Step56/56	- AllReachGoal-False

2025-12-13 00:44:58,971 - PaperAgentLogger - INFO - current rateReachGoal: 0
2025-12-13 00:44:58,988 - PaperAgentLogger - DEBUG - New map
2025-12-13 00:44:59,772 - PaperAgentLogger - INFO - ################## PaperArchitecture_map20x20_rho1_10Agent/K3_HS0/1765556206 - End of loop ##################  
 ####### Case2744 	 Computation time:0.7838647365570068 	 Step27/48	- AllReachGoal-True

2025-12-13 00:44:59,773 - PaperAgentLogger - INFO - current rateReachGoal: 0
2025-12-13 00:44:59,791 - PaperAgentLogger - DEBUG - New map
2025-12-13 00:45:00,640 - PaperAgentLogger - INFO - ################## PaperArchitecture_map20x20_rho1_10Agent/K3_HS0/1765556206 - End of loop ##################  
 ####### Case2745 	 Computation time:0.847588062286377 	 Step29/58	- AllReachGoal-True

2025-12-13 00:45:00,640 - PaperAgentLogger - INFO - current rateReachGoal: 0
2025-12-13 00:45:00,659 - PaperAgentLogger - DEBUG - New map
2025-12-13 00:45:01,562 - PaperAgentLogger - INFO - ################## PaperArchitecture_map20x20_rho1_10Agent/K3_HS0/1765556206 - End of loop ##################  
 ####### Case2746 	 Computation time:0.902285099029541 	 Step31/58	- AllReachGoal-True

2025-12-13 00:45:01,563 - PaperAgentLogger - INFO - current rateReachGoal: 0
2025-12-13 00:45:01,580 - PaperAgentLogger - DEBUG - New map
2025-12-13 00:45:03,314 - PaperAgentLogger - INFO - ################## PaperArchitecture_map20x20_rho1_10Agent/K3_HS0/1765556206 - End of loop ##################  
 ####### Case2747 	 Computation time:1.7332754135131836 	 Step60/60	- AllReachGoal-False

2025-12-13 00:45:03,315 - PaperAgentLogger - INFO - current rateReachGoal: 0
2025-12-13 00:45:03,335 - PaperAgentLogger - DEBUG - New map
2025-12-13 00:45:04,850 - PaperAgentLogger - INFO - ################## PaperArchitecture_map20x20_rho1_10Agent/K3_HS0/1765556206 - End of loop ##################  
 ####### Case2748 	 Computation time:1.5140759944915771 	 Step52/64	- AllReachGoal-True

2025-12-13 00:45:04,851 - PaperAgentLogger - INFO - current rateReachGoal: 0
2025-12-13 00:45:04,869 - PaperAgentLogger - DEBUG - New map
2025-12-13 00:45:05,634 - PaperAgentLogger - INFO - ################## PaperArchitecture_map20x20_rho1_10Agent/K3_HS0/1765556206 - End of loop ##################  
 ####### Case2749 	 Computation time:0.7650482654571533 	 Step26/52	- AllReachGoal-True

2025-12-13 00:45:05,635 - PaperAgentLogger - INFO - current rateReachGoal: 0
2025-12-13 00:45:05,650 - PaperAgentLogger - DEBUG - New map
2025-12-13 00:45:06,818 - PaperAgentLogger - INFO - ################## PaperArchitecture_map20x20_rho1_10Agent/K3_HS0/1765556206 - End of loop ##################  
 ####### Case2750 	 Computation time:1.1667511463165283 	 Step40/40	- AllReachGoal-False

2025-12-13 00:45:06,818 - PaperAgentLogger - INFO - current rateReachGoal: 0
2025-12-13 00:45:06,838 - PaperAgentLogger - DEBUG - New map
2025-12-13 00:45:08,196 - PaperAgentLogger - INFO - ################## PaperArchitecture_map20x20_rho1_10Agent/K3_HS0/1765556206 - End of loop ##################  
 ####### Case2751 	 Computation time:1.3574450016021729 	 Step46/68	- AllReachGoal-True

2025-12-13 00:45:08,197 - PaperAgentLogger - INFO - current rateReachGoal: 0
2025-12-13 00:45:08,217 - PaperAgentLogger - DEBUG - New map
2025-12-13 00:45:10,093 - PaperAgentLogger - INFO - ################## PaperArchitecture_map20x20_rho1_10Agent/K3_HS0/1765556206 - End of loop ##################  
 ####### Case2752 	 Computation time:1.875779390335083 	 Step62/62	- AllReachGoal-False

2025-12-13 00:45:10,095 - PaperAgentLogger - INFO - current rateReachGoal: 0
2025-12-13 00:45:10,115 - PaperAgentLogger - DEBUG - New map
2025-12-13 00:45:11,516 - PaperAgentLogger - INFO - ################## PaperArchitecture_map20x20_rho1_10Agent/K3_HS0/1765556206 - End of loop ##################  
 ####### Case2753 	 Computation time:1.4005887508392334 	 Step46/46	- AllReachGoal-False

2025-12-13 00:45:11,517 - PaperAgentLogger - INFO - current rateReachGoal: 0
2025-12-13 00:45:11,535 - PaperAgentLogger - DEBUG - New map
2025-12-13 00:45:12,442 - PaperAgentLogger - INFO - ################## PaperArchitecture_map20x20_rho1_10Agent/K3_HS0/1765556206 - End of loop ##################  
 ####### Case2754 	 Computation time:0.9062514305114746 	 Step29/54	- AllReachGoal-True

2025-12-13 00:45:12,443 - PaperAgentLogger - INFO - current rateReachGoal: 0
2025-12-13 00:45:12,460 - PaperAgentLogger - DEBUG - New map
2025-12-13 00:45:13,197 - PaperAgentLogger - INFO - ################## PaperArchitecture_map20x20_rho1_10Agent/K3_HS0/1765556206 - End of loop ##################  
 ####### Case2755 	 Computation time:0.7359781265258789 	 Step25/46	- AllReachGoal-True

2025-12-13 00:45:13,197 - PaperAgentLogger - INFO - current rateReachGoal: 0
2025-12-13 00:45:13,214 - PaperAgentLogger - DEBUG - New map
2025-12-13 00:45:14,677 - PaperAgentLogger - INFO - ################## PaperArchitecture_map20x20_rho1_10Agent/K3_HS0/1765556206 - End of loop ##################  
 ####### Case2756 	 Computation time:1.4620678424835205 	 Step50/50	- AllReachGoal-False

2025-12-13 00:45:14,677 - PaperAgentLogger - INFO - current rateReachGoal: 0
2025-12-13 00:45:14,697 - PaperAgentLogger - DEBUG - New map
2025-12-13 00:45:16,507 - PaperAgentLogger - INFO - ################## PaperArchitecture_map20x20_rho1_10Agent/K3_HS0/1765556206 - End of loop ##################  
 ####### Case2757 	 Computation time:1.808976173400879 	 Step62/62	- AllReachGoal-False

2025-12-13 00:45:16,507 - PaperAgentLogger - INFO - current rateReachGoal: 0
2025-12-13 00:45:16,525 - PaperAgentLogger - DEBUG - New map
2025-12-13 00:45:18,160 - PaperAgentLogger - INFO - ################## PaperArchitecture_map20x20_rho1_10Agent/K3_HS0/1765556206 - End of loop ##################  
 ####### Case2758 	 Computation time:1.6340274810791016 	 Step56/56	- AllReachGoal-False

2025-12-13 00:45:18,161 - PaperAgentLogger - INFO - current rateReachGoal: 0
2025-12-13 00:45:18,179 - PaperAgentLogger - DEBUG - New map
2025-12-13 00:45:19,031 - PaperAgentLogger - INFO - ################## PaperArchitecture_map20x20_rho1_10Agent/K3_HS0/1765556206 - End of loop ##################  
 ####### Case2759 	 Computation time:0.8514199256896973 	 Step29/58	- AllReachGoal-True

2025-12-13 00:45:19,031 - PaperAgentLogger - INFO - current rateReachGoal: 0
2025-12-13 00:45:19,049 - PaperAgentLogger - DEBUG - New map
2025-12-13 00:45:20,622 - PaperAgentLogger - INFO - ################## PaperArchitecture_map20x20_rho1_10Agent/K3_HS0/1765556206 - End of loop ##################  
 ####### Case2760 	 Computation time:1.573082685470581 	 Step54/54	- AllReachGoal-False

2025-12-13 00:45:20,623 - PaperAgentLogger - INFO - current rateReachGoal: 0
2025-12-13 00:45:20,643 - PaperAgentLogger - DEBUG - New map
2025-12-13 00:45:21,728 - PaperAgentLogger - INFO - ################## PaperArchitecture_map20x20_rho1_10Agent/K3_HS0/1765556206 - End of loop ##################  
 ####### Case2761 	 Computation time:1.0846076011657715 	 Step37/62	- AllReachGoal-True

2025-12-13 00:45:21,730 - PaperAgentLogger - INFO - current rateReachGoal: 0
2025-12-13 00:45:21,748 - PaperAgentLogger - DEBUG - New map
2025-12-13 00:45:22,629 - PaperAgentLogger - INFO - ################## PaperArchitecture_map20x20_rho1_10Agent/K3_HS0/1765556206 - End of loop ##################  
 ####### Case2762 	 Computation time:0.880082368850708 	 Step30/60	- AllReachGoal-True

2025-12-13 00:45:22,630 - PaperAgentLogger - INFO - current rateReachGoal: 0
2025-12-13 00:45:22,647 - PaperAgentLogger - DEBUG - New map
2025-12-13 00:45:23,441 - PaperAgentLogger - INFO - ################## PaperArchitecture_map20x20_rho1_10Agent/K3_HS0/1765556206 - End of loop ##################  
 ####### Case2763 	 Computation time:0.7941129207611084 	 Step27/54	- AllReachGoal-True

2025-12-13 00:45:23,442 - PaperAgentLogger - INFO - current rateReachGoal: 0
2025-12-13 00:45:23,458 - PaperAgentLogger - DEBUG - New map
2025-12-13 00:45:24,815 - PaperAgentLogger - INFO - ################## PaperArchitecture_map20x20_rho1_10Agent/K3_HS0/1765556206 - End of loop ##################  
 ####### Case2764 	 Computation time:1.3563075065612793 	 Step46/46	- AllReachGoal-False

2025-12-13 00:45:24,816 - PaperAgentLogger - INFO - current rateReachGoal: 0
2025-12-13 00:45:24,832 - PaperAgentLogger - DEBUG - New map
2025-12-13 00:45:26,143 - PaperAgentLogger - INFO - ################## PaperArchitecture_map20x20_rho1_10Agent/K3_HS0/1765556206 - End of loop ##################  
 ####### Case2765 	 Computation time:1.3103697299957275 	 Step44/44	- AllReachGoal-False

2025-12-13 00:45:26,144 - PaperAgentLogger - INFO - current rateReachGoal: 0
2025-12-13 00:45:26,164 - PaperAgentLogger - DEBUG - New map
2025-12-13 00:45:28,040 - PaperAgentLogger - INFO - ################## PaperArchitecture_map20x20_rho1_10Agent/K3_HS0/1765556206 - End of loop ##################  
 ####### Case2766 	 Computation time:1.8754632472991943 	 Step64/64	- AllReachGoal-False

2025-12-13 00:45:28,041 - PaperAgentLogger - INFO - current rateReachGoal: 0
2025-12-13 00:45:28,061 - PaperAgentLogger - DEBUG - New map
2025-12-13 00:45:29,879 - PaperAgentLogger - INFO - ################## PaperArchitecture_map20x20_rho1_10Agent/K3_HS0/1765556206 - End of loop ##################  
 ####### Case2767 	 Computation time:1.8182811737060547 	 Step62/62	- AllReachGoal-False

2025-12-13 00:45:29,880 - PaperAgentLogger - INFO - current rateReachGoal: 0
2025-12-13 00:45:29,900 - PaperAgentLogger - DEBUG - New map
2025-12-13 00:45:30,851 - PaperAgentLogger - INFO - ################## PaperArchitecture_map20x20_rho1_10Agent/K3_HS0/1765556206 - End of loop ##################  
 ####### Case2768 	 Computation time:0.9502453804016113 	 Step32/64	- AllReachGoal-True

2025-12-13 00:45:30,852 - PaperAgentLogger - INFO - current rateReachGoal: 0
2025-12-13 00:45:30,867 - PaperAgentLogger - DEBUG - New map
2025-12-13 00:45:31,556 - PaperAgentLogger - INFO - ################## PaperArchitecture_map20x20_rho1_10Agent/K3_HS0/1765556206 - End of loop ##################  
 ####### Case2769 	 Computation time:0.6882951259613037 	 Step23/36	- AllReachGoal-True

2025-12-13 00:45:31,556 - PaperAgentLogger - INFO - current rateReachGoal: 0
2025-12-13 00:45:31,576 - PaperAgentLogger - DEBUG - New map
2025-12-13 00:45:32,600 - PaperAgentLogger - INFO - ################## PaperArchitecture_map20x20_rho1_10Agent/K3_HS0/1765556206 - End of loop ##################  
 ####### Case2770 	 Computation time:1.023219347000122 	 Step32/64	- AllReachGoal-True

2025-12-13 00:45:32,601 - PaperAgentLogger - INFO - current rateReachGoal: 0
2025-12-13 00:45:32,619 - PaperAgentLogger - DEBUG - New map
2025-12-13 00:45:33,968 - PaperAgentLogger - INFO - ################## PaperArchitecture_map20x20_rho1_10Agent/K3_HS0/1765556206 - End of loop ##################  
 ####### Case2771 	 Computation time:1.34812331199646 	 Step43/60	- AllReachGoal-True

2025-12-13 00:45:33,969 - PaperAgentLogger - INFO - current rateReachGoal: 0
2025-12-13 00:45:33,987 - PaperAgentLogger - DEBUG - New map
2025-12-13 00:45:35,832 - PaperAgentLogger - INFO - ################## PaperArchitecture_map20x20_rho1_10Agent/K3_HS0/1765556206 - End of loop ##################  
 ####### Case2772 	 Computation time:1.8437902927398682 	 Step62/62	- AllReachGoal-False

2025-12-13 00:45:35,832 - PaperAgentLogger - INFO - current rateReachGoal: 0
2025-12-13 00:45:35,848 - PaperAgentLogger - DEBUG - New map
2025-12-13 00:45:36,498 - PaperAgentLogger - INFO - ################## PaperArchitecture_map20x20_rho1_10Agent/K3_HS0/1765556206 - End of loop ##################  
 ####### Case2773 	 Computation time:0.6496109962463379 	 Step22/42	- AllReachGoal-True

2025-12-13 00:45:36,499 - PaperAgentLogger - INFO - current rateReachGoal: 0
2025-12-13 00:45:36,516 - PaperAgentLogger - DEBUG - New map
2025-12-13 00:45:38,149 - PaperAgentLogger - INFO - ################## PaperArchitecture_map20x20_rho1_10Agent/K3_HS0/1765556206 - End of loop ##################  
 ####### Case2774 	 Computation time:1.6321003437042236 	 Step56/56	- AllReachGoal-False

2025-12-13 00:45:38,150 - PaperAgentLogger - INFO - current rateReachGoal: 0
2025-12-13 00:45:38,168 - PaperAgentLogger - DEBUG - New map
2025-12-13 00:45:39,862 - PaperAgentLogger - INFO - ################## PaperArchitecture_map20x20_rho1_10Agent/K3_HS0/1765556206 - End of loop ##################  
 ####### Case2775 	 Computation time:1.6936311721801758 	 Step58/58	- AllReachGoal-False

2025-12-13 00:45:39,863 - PaperAgentLogger - INFO - current rateReachGoal: 0
2025-12-13 00:45:39,881 - PaperAgentLogger - DEBUG - New map
2025-12-13 00:45:40,646 - PaperAgentLogger - INFO - ################## PaperArchitecture_map20x20_rho1_10Agent/K3_HS0/1765556206 - End of loop ##################  
 ####### Case2776 	 Computation time:0.7646961212158203 	 Step26/48	- AllReachGoal-True

2025-12-13 00:45:40,647 - PaperAgentLogger - INFO - current rateReachGoal: 0
2025-12-13 00:45:40,666 - PaperAgentLogger - DEBUG - New map
2025-12-13 00:45:41,585 - PaperAgentLogger - INFO - ################## PaperArchitecture_map20x20_rho1_10Agent/K3_HS0/1765556206 - End of loop ##################  
 ####### Case2777 	 Computation time:0.91823410987854 	 Step31/58	- AllReachGoal-True

2025-12-13 00:45:41,586 - PaperAgentLogger - INFO - current rateReachGoal: 0
2025-12-13 00:45:41,603 - PaperAgentLogger - DEBUG - New map
2025-12-13 00:45:42,888 - PaperAgentLogger - INFO - ################## PaperArchitecture_map20x20_rho1_10Agent/K3_HS0/1765556206 - End of loop ##################  
 ####### Case2778 	 Computation time:1.284679651260376 	 Step44/44	- AllReachGoal-False

2025-12-13 00:45:42,889 - PaperAgentLogger - INFO - current rateReachGoal: 0
2025-12-13 00:45:42,907 - PaperAgentLogger - DEBUG - New map
2025-12-13 00:45:43,789 - PaperAgentLogger - INFO - ################## PaperArchitecture_map20x20_rho1_10Agent/K3_HS0/1765556206 - End of loop ##################  
 ####### Case2779 	 Computation time:0.8810689449310303 	 Step30/58	- AllReachGoal-True

2025-12-13 00:45:43,789 - PaperAgentLogger - INFO - current rateReachGoal: 0
2025-12-13 00:45:43,808 - PaperAgentLogger - DEBUG - New map
2025-12-13 00:45:45,805 - PaperAgentLogger - INFO - ################## PaperArchitecture_map20x20_rho1_10Agent/K3_HS0/1765556206 - End of loop ##################  
 ####### Case2780 	 Computation time:1.9957842826843262 	 Step68/68	- AllReachGoal-False

2025-12-13 00:45:45,806 - PaperAgentLogger - INFO - current rateReachGoal: 0
2025-12-13 00:45:45,828 - PaperAgentLogger - DEBUG - New map
2025-12-13 00:45:46,711 - PaperAgentLogger - INFO - ################## PaperArchitecture_map20x20_rho1_10Agent/K3_HS0/1765556206 - End of loop ##################  
 ####### Case2781 	 Computation time:0.8825123310089111 	 Step30/56	- AllReachGoal-True

2025-12-13 00:45:46,711 - PaperAgentLogger - INFO - current rateReachGoal: 0
2025-12-13 00:45:46,728 - PaperAgentLogger - DEBUG - New map
2025-12-13 00:45:47,436 - PaperAgentLogger - INFO - ################## PaperArchitecture_map20x20_rho1_10Agent/K3_HS0/1765556206 - End of loop ##################  
 ####### Case2782 	 Computation time:0.7073862552642822 	 Step24/46	- AllReachGoal-True

2025-12-13 00:45:47,437 - PaperAgentLogger - INFO - current rateReachGoal: 0
2025-12-13 00:45:47,455 - PaperAgentLogger - DEBUG - New map
2025-12-13 00:45:49,202 - PaperAgentLogger - INFO - ################## PaperArchitecture_map20x20_rho1_10Agent/K3_HS0/1765556206 - End of loop ##################  
 ####### Case2783 	 Computation time:1.7460260391235352 	 Step56/56	- AllReachGoal-False

2025-12-13 00:45:49,203 - PaperAgentLogger - INFO - current rateReachGoal: 0
2025-12-13 00:45:49,222 - PaperAgentLogger - DEBUG - New map
2025-12-13 00:45:50,197 - PaperAgentLogger - INFO - ################## PaperArchitecture_map20x20_rho1_10Agent/K3_HS0/1765556206 - End of loop ##################  
 ####### Case2784 	 Computation time:0.9739539623260498 	 Step31/62	- AllReachGoal-True

2025-12-13 00:45:50,197 - PaperAgentLogger - INFO - current rateReachGoal: 0
2025-12-13 00:45:50,216 - PaperAgentLogger - DEBUG - New map
2025-12-13 00:45:51,103 - PaperAgentLogger - INFO - ################## PaperArchitecture_map20x20_rho1_10Agent/K3_HS0/1765556206 - End of loop ##################  
 ####### Case2785 	 Computation time:0.8863468170166016 	 Step28/50	- AllReachGoal-True

2025-12-13 00:45:51,105 - PaperAgentLogger - INFO - current rateReachGoal: 0
2025-12-13 00:45:51,125 - PaperAgentLogger - DEBUG - New map
2025-12-13 00:45:52,131 - PaperAgentLogger - INFO - ################## PaperArchitecture_map20x20_rho1_10Agent/K3_HS0/1765556206 - End of loop ##################  
 ####### Case2786 	 Computation time:1.005302906036377 	 Step34/68	- AllReachGoal-True

2025-12-13 00:45:52,131 - PaperAgentLogger - INFO - current rateReachGoal: 0
2025-12-13 00:45:52,150 - PaperAgentLogger - DEBUG - New map
2025-12-13 00:45:53,128 - PaperAgentLogger - INFO - ################## PaperArchitecture_map20x20_rho1_10Agent/K3_HS0/1765556206 - End of loop ##################  
 ####### Case2787 	 Computation time:0.9770033359527588 	 Step33/62	- AllReachGoal-True

2025-12-13 00:45:53,128 - PaperAgentLogger - INFO - current rateReachGoal: 0
2025-12-13 00:45:53,147 - PaperAgentLogger - DEBUG - New map
2025-12-13 00:45:54,002 - PaperAgentLogger - INFO - ################## PaperArchitecture_map20x20_rho1_10Agent/K3_HS0/1765556206 - End of loop ##################  
 ####### Case2788 	 Computation time:0.8540868759155273 	 Step29/58	- AllReachGoal-True

2025-12-13 00:45:54,003 - PaperAgentLogger - INFO - current rateReachGoal: 0
2025-12-13 00:45:54,021 - PaperAgentLogger - DEBUG - New map
2025-12-13 00:45:55,503 - PaperAgentLogger - INFO - ################## PaperArchitecture_map20x20_rho1_10Agent/K3_HS0/1765556206 - End of loop ##################  
 ####### Case2789 	 Computation time:1.4813637733459473 	 Step50/50	- AllReachGoal-False

2025-12-13 00:45:55,504 - PaperAgentLogger - INFO - current rateReachGoal: 0
2025-12-13 00:45:55,523 - PaperAgentLogger - DEBUG - New map
2025-12-13 00:45:56,467 - PaperAgentLogger - INFO - ################## PaperArchitecture_map20x20_rho1_10Agent/K3_HS0/1765556206 - End of loop ##################  
 ####### Case2790 	 Computation time:0.9436407089233398 	 Step32/56	- AllReachGoal-True

2025-12-13 00:45:56,468 - PaperAgentLogger - INFO - current rateReachGoal: 0
2025-12-13 00:45:56,487 - PaperAgentLogger - DEBUG - New map
2025-12-13 00:45:57,992 - PaperAgentLogger - INFO - ################## PaperArchitecture_map20x20_rho1_10Agent/K3_HS0/1765556206 - End of loop ##################  
 ####### Case2791 	 Computation time:1.5047998428344727 	 Step51/58	- AllReachGoal-True

2025-12-13 00:45:57,993 - PaperAgentLogger - INFO - current rateReachGoal: 0
2025-12-13 00:45:58,012 - PaperAgentLogger - DEBUG - New map
2025-12-13 00:45:59,982 - PaperAgentLogger - INFO - ################## PaperArchitecture_map20x20_rho1_10Agent/K3_HS0/1765556206 - End of loop ##################  
 ####### Case2792 	 Computation time:1.96934175491333 	 Step66/66	- AllReachGoal-False

2025-12-13 00:45:59,983 - PaperAgentLogger - INFO - current rateReachGoal: 0
2025-12-13 00:45:59,999 - PaperAgentLogger - DEBUG - New map
2025-12-13 00:46:01,407 - PaperAgentLogger - INFO - ################## PaperArchitecture_map20x20_rho1_10Agent/K3_HS0/1765556206 - End of loop ##################  
 ####### Case2793 	 Computation time:1.4065663814544678 	 Step46/46	- AllReachGoal-False

2025-12-13 00:46:01,407 - PaperAgentLogger - INFO - current rateReachGoal: 0
2025-12-13 00:46:01,426 - PaperAgentLogger - DEBUG - New map
2025-12-13 00:46:02,945 - PaperAgentLogger - INFO - ################## PaperArchitecture_map20x20_rho1_10Agent/K3_HS0/1765556206 - End of loop ##################  
 ####### Case2794 	 Computation time:1.5185585021972656 	 Step52/52	- AllReachGoal-False

2025-12-13 00:46:02,945 - PaperAgentLogger - INFO - current rateReachGoal: 0
2025-12-13 00:46:02,965 - PaperAgentLogger - DEBUG - New map
2025-12-13 00:46:04,006 - PaperAgentLogger - INFO - ################## PaperArchitecture_map20x20_rho1_10Agent/K3_HS0/1765556206 - End of loop ##################  
 ####### Case2795 	 Computation time:1.0405657291412354 	 Step32/64	- AllReachGoal-True

2025-12-13 00:46:04,007 - PaperAgentLogger - INFO - current rateReachGoal: 0
2025-12-13 00:46:04,026 - PaperAgentLogger - DEBUG - New map
2025-12-13 00:46:04,942 - PaperAgentLogger - INFO - ################## PaperArchitecture_map20x20_rho1_10Agent/K3_HS0/1765556206 - End of loop ##################  
 ####### Case2796 	 Computation time:0.9153499603271484 	 Step30/60	- AllReachGoal-True

2025-12-13 00:46:04,943 - PaperAgentLogger - INFO - current rateReachGoal: 0
2025-12-13 00:46:04,962 - PaperAgentLogger - DEBUG - New map
2025-12-13 00:46:06,004 - PaperAgentLogger - INFO - ################## PaperArchitecture_map20x20_rho1_10Agent/K3_HS0/1765556206 - End of loop ##################  
 ####### Case2797 	 Computation time:1.0417492389678955 	 Step33/58	- AllReachGoal-True

2025-12-13 00:46:06,005 - PaperAgentLogger - INFO - current rateReachGoal: 0
2025-12-13 00:46:06,024 - PaperAgentLogger - DEBUG - New map
2025-12-13 00:46:08,067 - PaperAgentLogger - INFO - ################## PaperArchitecture_map20x20_rho1_10Agent/K3_HS0/1765556206 - End of loop ##################  
 ####### Case2798 	 Computation time:2.0425164699554443 	 Step64/64	- AllReachGoal-False

2025-12-13 00:46:08,068 - PaperAgentLogger - INFO - current rateReachGoal: 0
2025-12-13 00:46:08,084 - PaperAgentLogger - DEBUG - New map
2025-12-13 00:46:09,420 - PaperAgentLogger - INFO - ################## PaperArchitecture_map20x20_rho1_10Agent/K3_HS0/1765556206 - End of loop ##################  
 ####### Case2799 	 Computation time:1.335904836654663 	 Step42/42	- AllReachGoal-False

2025-12-13 00:46:09,421 - PaperAgentLogger - INFO - current rateReachGoal: 0
2025-12-13 00:46:09,439 - PaperAgentLogger - DEBUG - New map
2025-12-13 00:46:10,359 - PaperAgentLogger - INFO - ################## PaperArchitecture_map20x20_rho1_10Agent/K3_HS0/1765556206 - End of loop ##################  
 ####### Case2800 	 Computation time:0.9192047119140625 	 Step28/56	- AllReachGoal-True

2025-12-13 00:46:10,360 - PaperAgentLogger - INFO - current rateReachGoal: 0
2025-12-13 00:46:10,376 - PaperAgentLogger - DEBUG - New map
2025-12-13 00:46:11,268 - PaperAgentLogger - INFO - ################## PaperArchitecture_map20x20_rho1_10Agent/K3_HS0/1765556206 - End of loop ##################  
 ####### Case2801 	 Computation time:0.8918564319610596 	 Step27/44	- AllReachGoal-True

2025-12-13 00:46:11,269 - PaperAgentLogger - INFO - current rateReachGoal: 0
2025-12-13 00:46:11,286 - PaperAgentLogger - DEBUG - New map
2025-12-13 00:46:12,655 - PaperAgentLogger - INFO - ################## PaperArchitecture_map20x20_rho1_10Agent/K3_HS0/1765556206 - End of loop ##################  
 ####### Case2802 	 Computation time:1.3674437999725342 	 Step44/44	- AllReachGoal-False

2025-12-13 00:46:12,655 - PaperAgentLogger - INFO - current rateReachGoal: 0
2025-12-13 00:46:12,673 - PaperAgentLogger - DEBUG - New map
2025-12-13 00:46:13,499 - PaperAgentLogger - INFO - ################## PaperArchitecture_map20x20_rho1_10Agent/K3_HS0/1765556206 - End of loop ##################  
 ####### Case2803 	 Computation time:0.8261837959289551 	 Step28/56	- AllReachGoal-True

2025-12-13 00:46:13,500 - PaperAgentLogger - INFO - current rateReachGoal: 0
2025-12-13 00:46:13,519 - PaperAgentLogger - DEBUG - New map
2025-12-13 00:46:14,320 - PaperAgentLogger - INFO - ################## PaperArchitecture_map20x20_rho1_10Agent/K3_HS0/1765556206 - End of loop ##################  
 ####### Case2804 	 Computation time:0.8003923892974854 	 Step27/50	- AllReachGoal-True

2025-12-13 00:46:14,321 - PaperAgentLogger - INFO - current rateReachGoal: 0
2025-12-13 00:46:14,340 - PaperAgentLogger - DEBUG - New map
2025-12-13 00:46:15,570 - PaperAgentLogger - INFO - ################## PaperArchitecture_map20x20_rho1_10Agent/K3_HS0/1765556206 - End of loop ##################  
 ####### Case2805 	 Computation time:1.229602336883545 	 Step42/62	- AllReachGoal-True

2025-12-13 00:46:15,570 - PaperAgentLogger - INFO - current rateReachGoal: 0
2025-12-13 00:46:15,590 - PaperAgentLogger - DEBUG - New map
2025-12-13 00:46:16,592 - PaperAgentLogger - INFO - ################## PaperArchitecture_map20x20_rho1_10Agent/K3_HS0/1765556206 - End of loop ##################  
 ####### Case2806 	 Computation time:1.0012736320495605 	 Step34/60	- AllReachGoal-True

2025-12-13 00:46:16,593 - PaperAgentLogger - INFO - current rateReachGoal: 0
2025-12-13 00:46:16,611 - PaperAgentLogger - DEBUG - New map
2025-12-13 00:46:17,463 - PaperAgentLogger - INFO - ################## PaperArchitecture_map20x20_rho1_10Agent/K3_HS0/1765556206 - End of loop ##################  
 ####### Case2807 	 Computation time:0.8518474102020264 	 Step26/52	- AllReachGoal-True

2025-12-13 00:46:17,464 - PaperAgentLogger - INFO - current rateReachGoal: 0
2025-12-13 00:46:17,483 - PaperAgentLogger - DEBUG - New map
2025-12-13 00:46:18,304 - PaperAgentLogger - INFO - ################## PaperArchitecture_map20x20_rho1_10Agent/K3_HS0/1765556206 - End of loop ##################  
 ####### Case2808 	 Computation time:0.820256233215332 	 Step25/50	- AllReachGoal-True

2025-12-13 00:46:18,305 - PaperAgentLogger - INFO - current rateReachGoal: 0
2025-12-13 00:46:18,325 - PaperAgentLogger - DEBUG - New map
2025-12-13 00:46:20,226 - PaperAgentLogger - INFO - ################## PaperArchitecture_map20x20_rho1_10Agent/K3_HS0/1765556206 - End of loop ##################  
 ####### Case2809 	 Computation time:1.9006354808807373 	 Step62/62	- AllReachGoal-False

2025-12-13 00:46:20,227 - PaperAgentLogger - INFO - current rateReachGoal: 0
2025-12-13 00:46:20,246 - PaperAgentLogger - DEBUG - New map
2025-12-13 00:46:21,987 - PaperAgentLogger - INFO - ################## PaperArchitecture_map20x20_rho1_10Agent/K3_HS0/1765556206 - End of loop ##################  
 ####### Case2810 	 Computation time:1.7410705089569092 	 Step54/54	- AllReachGoal-False

2025-12-13 00:46:21,988 - PaperAgentLogger - INFO - current rateReachGoal: 0
2025-12-13 00:46:22,007 - PaperAgentLogger - DEBUG - New map
2025-12-13 00:46:24,053 - PaperAgentLogger - INFO - ################## PaperArchitecture_map20x20_rho1_10Agent/K3_HS0/1765556206 - End of loop ##################  
 ####### Case2811 	 Computation time:2.044528007507324 	 Step64/64	- AllReachGoal-False

2025-12-13 00:46:24,054 - PaperAgentLogger - INFO - current rateReachGoal: 0
2025-12-13 00:46:24,072 - PaperAgentLogger - DEBUG - New map
2025-12-13 00:46:24,960 - PaperAgentLogger - INFO - ################## PaperArchitecture_map20x20_rho1_10Agent/K3_HS0/1765556206 - End of loop ##################  
 ####### Case2812 	 Computation time:0.8879683017730713 	 Step27/54	- AllReachGoal-True

2025-12-13 00:46:24,963 - PaperAgentLogger - INFO - current rateReachGoal: 0
2025-12-13 00:46:24,982 - PaperAgentLogger - DEBUG - New map
2025-12-13 00:46:27,021 - PaperAgentLogger - INFO - ################## PaperArchitecture_map20x20_rho1_10Agent/K3_HS0/1765556206 - End of loop ##################  
 ####### Case2813 	 Computation time:2.03877592086792 	 Step62/62	- AllReachGoal-False

2025-12-13 00:46:27,022 - PaperAgentLogger - INFO - current rateReachGoal: 0
2025-12-13 00:46:27,041 - PaperAgentLogger - DEBUG - New map
2025-12-13 00:46:28,672 - PaperAgentLogger - INFO - ################## PaperArchitecture_map20x20_rho1_10Agent/K3_HS0/1765556206 - End of loop ##################  
 ####### Case2814 	 Computation time:1.6304900646209717 	 Step54/54	- AllReachGoal-False

2025-12-13 00:46:28,673 - PaperAgentLogger - INFO - current rateReachGoal: 0
2025-12-13 00:46:28,690 - PaperAgentLogger - DEBUG - New map
2025-12-13 00:46:29,481 - PaperAgentLogger - INFO - ################## PaperArchitecture_map20x20_rho1_10Agent/K3_HS0/1765556206 - End of loop ##################  
 ####### Case2815 	 Computation time:0.7902610301971436 	 Step24/46	- AllReachGoal-True

2025-12-13 00:46:29,482 - PaperAgentLogger - INFO - current rateReachGoal: 0
2025-12-13 00:46:29,499 - PaperAgentLogger - DEBUG - New map
2025-12-13 00:46:30,210 - PaperAgentLogger - INFO - ################## PaperArchitecture_map20x20_rho1_10Agent/K3_HS0/1765556206 - End of loop ##################  
 ####### Case2816 	 Computation time:0.7095930576324463 	 Step24/48	- AllReachGoal-True

2025-12-13 00:46:30,212 - PaperAgentLogger - INFO - current rateReachGoal: 0
2025-12-13 00:46:30,230 - PaperAgentLogger - DEBUG - New map
2025-12-13 00:46:31,918 - PaperAgentLogger - INFO - ################## PaperArchitecture_map20x20_rho1_10Agent/K3_HS0/1765556206 - End of loop ##################  
 ####### Case2817 	 Computation time:1.6879260540008545 	 Step54/54	- AllReachGoal-False

2025-12-13 00:46:31,919 - PaperAgentLogger - INFO - current rateReachGoal: 0
2025-12-13 00:46:31,936 - PaperAgentLogger - DEBUG - New map
2025-12-13 00:46:32,762 - PaperAgentLogger - INFO - ################## PaperArchitecture_map20x20_rho1_10Agent/K3_HS0/1765556206 - End of loop ##################  
 ####### Case2818 	 Computation time:0.8258605003356934 	 Step28/52	- AllReachGoal-True

2025-12-13 00:46:32,763 - PaperAgentLogger - INFO - current rateReachGoal: 0
2025-12-13 00:46:32,781 - PaperAgentLogger - DEBUG - New map
2025-12-13 00:46:33,781 - PaperAgentLogger - INFO - ################## PaperArchitecture_map20x20_rho1_10Agent/K3_HS0/1765556206 - End of loop ##################  
 ####### Case2819 	 Computation time:0.9995191097259521 	 Step33/58	- AllReachGoal-True

2025-12-13 00:46:33,782 - PaperAgentLogger - INFO - current rateReachGoal: 0
2025-12-13 00:46:33,800 - PaperAgentLogger - DEBUG - New map
2025-12-13 00:46:34,585 - PaperAgentLogger - INFO - ################## PaperArchitecture_map20x20_rho1_10Agent/K3_HS0/1765556206 - End of loop ##################  
 ####### Case2820 	 Computation time:0.7843246459960938 	 Step25/50	- AllReachGoal-True

2025-12-13 00:46:34,585 - PaperAgentLogger - INFO - current rateReachGoal: 0
2025-12-13 00:46:34,602 - PaperAgentLogger - DEBUG - New map
2025-12-13 00:46:35,863 - PaperAgentLogger - INFO - ################## PaperArchitecture_map20x20_rho1_10Agent/K3_HS0/1765556206 - End of loop ##################  
 ####### Case2821 	 Computation time:1.2598116397857666 	 Step43/56	- AllReachGoal-True

2025-12-13 00:46:35,864 - PaperAgentLogger - INFO - current rateReachGoal: 0
2025-12-13 00:46:35,880 - PaperAgentLogger - DEBUG - New map
2025-12-13 00:46:36,652 - PaperAgentLogger - INFO - ################## PaperArchitecture_map20x20_rho1_10Agent/K3_HS0/1765556206 - End of loop ##################  
 ####### Case2822 	 Computation time:0.772127628326416 	 Step26/46	- AllReachGoal-True

2025-12-13 00:46:36,653 - PaperAgentLogger - INFO - current rateReachGoal: 0
2025-12-13 00:46:36,672 - PaperAgentLogger - DEBUG - New map
2025-12-13 00:46:37,559 - PaperAgentLogger - INFO - ################## PaperArchitecture_map20x20_rho1_10Agent/K3_HS0/1765556206 - End of loop ##################  
 ####### Case2823 	 Computation time:0.8868255615234375 	 Step30/56	- AllReachGoal-True

2025-12-13 00:46:37,560 - PaperAgentLogger - INFO - current rateReachGoal: 0
2025-12-13 00:46:37,575 - PaperAgentLogger - DEBUG - New map
2025-12-13 00:46:38,270 - PaperAgentLogger - INFO - ################## PaperArchitecture_map20x20_rho1_10Agent/K3_HS0/1765556206 - End of loop ##################  
 ####### Case2824 	 Computation time:0.6938149929046631 	 Step21/42	- AllReachGoal-True

2025-12-13 00:46:38,271 - PaperAgentLogger - INFO - current rateReachGoal: 0
2025-12-13 00:46:38,288 - PaperAgentLogger - DEBUG - New map
2025-12-13 00:46:39,208 - PaperAgentLogger - INFO - ################## PaperArchitecture_map20x20_rho1_10Agent/K3_HS0/1765556206 - End of loop ##################  
 ####### Case2825 	 Computation time:0.9194440841674805 	 Step28/50	- AllReachGoal-True

2025-12-13 00:46:39,209 - PaperAgentLogger - INFO - current rateReachGoal: 0
2025-12-13 00:46:39,227 - PaperAgentLogger - DEBUG - New map
2025-12-13 00:46:40,702 - PaperAgentLogger - INFO - ################## PaperArchitecture_map20x20_rho1_10Agent/K3_HS0/1765556206 - End of loop ##################  
 ####### Case2826 	 Computation time:1.4739501476287842 	 Step50/50	- AllReachGoal-False

2025-12-13 00:46:40,703 - PaperAgentLogger - INFO - current rateReachGoal: 0
2025-12-13 00:46:40,721 - PaperAgentLogger - DEBUG - New map
2025-12-13 00:46:41,578 - PaperAgentLogger - INFO - ################## PaperArchitecture_map20x20_rho1_10Agent/K3_HS0/1765556206 - End of loop ##################  
 ####### Case2827 	 Computation time:0.8566150665283203 	 Step29/56	- AllReachGoal-True

2025-12-13 00:46:41,579 - PaperAgentLogger - INFO - current rateReachGoal: 0
2025-12-13 00:46:41,596 - PaperAgentLogger - DEBUG - New map
2025-12-13 00:46:43,241 - PaperAgentLogger - INFO - ################## PaperArchitecture_map20x20_rho1_10Agent/K3_HS0/1765556206 - End of loop ##################  
 ####### Case2828 	 Computation time:1.6445555686950684 	 Step54/54	- AllReachGoal-False

2025-12-13 00:46:43,242 - PaperAgentLogger - INFO - current rateReachGoal: 0
2025-12-13 00:46:43,260 - PaperAgentLogger - DEBUG - New map
2025-12-13 00:46:44,994 - PaperAgentLogger - INFO - ################## PaperArchitecture_map20x20_rho1_10Agent/K3_HS0/1765556206 - End of loop ##################  
 ####### Case2829 	 Computation time:1.7333810329437256 	 Step56/56	- AllReachGoal-False

2025-12-13 00:46:44,995 - PaperAgentLogger - INFO - current rateReachGoal: 0
2025-12-13 00:46:45,017 - PaperAgentLogger - DEBUG - New map
2025-12-13 00:46:47,181 - PaperAgentLogger - INFO - ################## PaperArchitecture_map20x20_rho1_10Agent/K3_HS0/1765556206 - End of loop ##################  
 ####### Case2830 	 Computation time:2.1636219024658203 	 Step74/74	- AllReachGoal-False

2025-12-13 00:46:47,183 - PaperAgentLogger - INFO - current rateReachGoal: 0
2025-12-13 00:46:47,202 - PaperAgentLogger - DEBUG - New map
2025-12-13 00:46:48,948 - PaperAgentLogger - INFO - ################## PaperArchitecture_map20x20_rho1_10Agent/K3_HS0/1765556206 - End of loop ##################  
 ####### Case2831 	 Computation time:1.7455084323883057 	 Step60/60	- AllReachGoal-False

2025-12-13 00:46:48,949 - PaperAgentLogger - INFO - current rateReachGoal: 0
2025-12-13 00:46:48,966 - PaperAgentLogger - DEBUG - New map
2025-12-13 00:46:50,547 - PaperAgentLogger - INFO - ################## PaperArchitecture_map20x20_rho1_10Agent/K3_HS0/1765556206 - End of loop ##################  
 ####### Case2832 	 Computation time:1.5806365013122559 	 Step54/54	- AllReachGoal-False

2025-12-13 00:46:50,548 - PaperAgentLogger - INFO - current rateReachGoal: 0
2025-12-13 00:46:50,567 - PaperAgentLogger - DEBUG - New map
2025-12-13 00:46:51,539 - PaperAgentLogger - INFO - ################## PaperArchitecture_map20x20_rho1_10Agent/K3_HS0/1765556206 - End of loop ##################  
 ####### Case2833 	 Computation time:0.9718830585479736 	 Step32/62	- AllReachGoal-True

2025-12-13 00:46:51,540 - PaperAgentLogger - INFO - current rateReachGoal: 0
2025-12-13 00:46:51,556 - PaperAgentLogger - DEBUG - New map
2025-12-13 00:46:52,734 - PaperAgentLogger - INFO - ################## PaperArchitecture_map20x20_rho1_10Agent/K3_HS0/1765556206 - End of loop ##################  
 ####### Case2834 	 Computation time:1.1769063472747803 	 Step36/44	- AllReachGoal-True

2025-12-13 00:46:52,734 - PaperAgentLogger - INFO - current rateReachGoal: 0
2025-12-13 00:46:52,753 - PaperAgentLogger - DEBUG - New map
2025-12-13 00:46:54,579 - PaperAgentLogger - INFO - ################## PaperArchitecture_map20x20_rho1_10Agent/K3_HS0/1765556206 - End of loop ##################  
 ####### Case2835 	 Computation time:1.825608730316162 	 Step60/60	- AllReachGoal-False

2025-12-13 00:46:54,580 - PaperAgentLogger - INFO - current rateReachGoal: 0
2025-12-13 00:46:54,598 - PaperAgentLogger - DEBUG - New map
2025-12-13 00:46:55,409 - PaperAgentLogger - INFO - ################## PaperArchitecture_map20x20_rho1_10Agent/K3_HS0/1765556206 - End of loop ##################  
 ####### Case2836 	 Computation time:0.8101379871368408 	 Step27/54	- AllReachGoal-True

2025-12-13 00:46:55,409 - PaperAgentLogger - INFO - current rateReachGoal: 0
2025-12-13 00:46:55,424 - PaperAgentLogger - DEBUG - New map
2025-12-13 00:46:56,079 - PaperAgentLogger - INFO - ################## PaperArchitecture_map20x20_rho1_10Agent/K3_HS0/1765556206 - End of loop ##################  
 ####### Case2837 	 Computation time:0.6538114547729492 	 Step22/40	- AllReachGoal-True

2025-12-13 00:46:56,079 - PaperAgentLogger - INFO - current rateReachGoal: 0
2025-12-13 00:46:56,095 - PaperAgentLogger - DEBUG - New map
2025-12-13 00:46:57,198 - PaperAgentLogger - INFO - ################## PaperArchitecture_map20x20_rho1_10Agent/K3_HS0/1765556206 - End of loop ##################  
 ####### Case2838 	 Computation time:1.1016113758087158 	 Step36/48	- AllReachGoal-True

2025-12-13 00:46:57,198 - PaperAgentLogger - INFO - current rateReachGoal: 0
2025-12-13 00:46:57,215 - PaperAgentLogger - DEBUG - New map
2025-12-13 00:46:57,942 - PaperAgentLogger - INFO - ################## PaperArchitecture_map20x20_rho1_10Agent/K3_HS0/1765556206 - End of loop ##################  
 ####### Case2839 	 Computation time:0.726088285446167 	 Step24/48	- AllReachGoal-True

2025-12-13 00:46:57,944 - PaperAgentLogger - INFO - current rateReachGoal: 0
2025-12-13 00:46:57,961 - PaperAgentLogger - DEBUG - New map
2025-12-13 00:46:58,740 - PaperAgentLogger - INFO - ################## PaperArchitecture_map20x20_rho1_10Agent/K3_HS0/1765556206 - End of loop ##################  
 ####### Case2840 	 Computation time:0.7786378860473633 	 Step25/48	- AllReachGoal-True

2025-12-13 00:46:58,741 - PaperAgentLogger - INFO - current rateReachGoal: 0
2025-12-13 00:46:58,758 - PaperAgentLogger - DEBUG - New map
2025-12-13 00:47:00,568 - PaperAgentLogger - INFO - ################## PaperArchitecture_map20x20_rho1_10Agent/K3_HS0/1765556206 - End of loop ##################  
 ####### Case2841 	 Computation time:1.809718370437622 	 Step56/56	- AllReachGoal-False

2025-12-13 00:47:00,569 - PaperAgentLogger - INFO - current rateReachGoal: 0
2025-12-13 00:47:00,585 - PaperAgentLogger - DEBUG - New map
2025-12-13 00:47:01,567 - PaperAgentLogger - INFO - ################## PaperArchitecture_map20x20_rho1_10Agent/K3_HS0/1765556206 - End of loop ##################  
 ####### Case2842 	 Computation time:0.981168270111084 	 Step31/50	- AllReachGoal-True

2025-12-13 00:47:01,568 - PaperAgentLogger - INFO - current rateReachGoal: 0
2025-12-13 00:47:01,585 - PaperAgentLogger - DEBUG - New map
2025-12-13 00:47:02,694 - PaperAgentLogger - INFO - ################## PaperArchitecture_map20x20_rho1_10Agent/K3_HS0/1765556206 - End of loop ##################  
 ####### Case2843 	 Computation time:1.108708381652832 	 Step34/56	- AllReachGoal-True

2025-12-13 00:47:02,695 - PaperAgentLogger - INFO - current rateReachGoal: 0
2025-12-13 00:47:02,713 - PaperAgentLogger - DEBUG - New map
2025-12-13 00:47:03,584 - PaperAgentLogger - INFO - ################## PaperArchitecture_map20x20_rho1_10Agent/K3_HS0/1765556206 - End of loop ##################  
 ####### Case2844 	 Computation time:0.8702578544616699 	 Step29/54	- AllReachGoal-True

2025-12-13 00:47:03,585 - PaperAgentLogger - INFO - current rateReachGoal: 0
2025-12-13 00:47:03,603 - PaperAgentLogger - DEBUG - New map
2025-12-13 00:47:05,014 - PaperAgentLogger - INFO - ################## PaperArchitecture_map20x20_rho1_10Agent/K3_HS0/1765556206 - End of loop ##################  
 ####### Case2845 	 Computation time:1.4105539321899414 	 Step48/48	- AllReachGoal-False

2025-12-13 00:47:05,015 - PaperAgentLogger - INFO - current rateReachGoal: 0
2025-12-13 00:47:05,033 - PaperAgentLogger - DEBUG - New map
2025-12-13 00:47:05,773 - PaperAgentLogger - INFO - ################## PaperArchitecture_map20x20_rho1_10Agent/K3_HS0/1765556206 - End of loop ##################  
 ####### Case2846 	 Computation time:0.7395520210266113 	 Step25/50	- AllReachGoal-True

2025-12-13 00:47:05,774 - PaperAgentLogger - INFO - current rateReachGoal: 0
2025-12-13 00:47:05,793 - PaperAgentLogger - DEBUG - New map
2025-12-13 00:47:07,612 - PaperAgentLogger - INFO - ################## PaperArchitecture_map20x20_rho1_10Agent/K3_HS0/1765556206 - End of loop ##################  
 ####### Case2847 	 Computation time:1.8179171085357666 	 Step60/60	- AllReachGoal-False

2025-12-13 00:47:07,612 - PaperAgentLogger - INFO - current rateReachGoal: 0
2025-12-13 00:47:07,628 - PaperAgentLogger - DEBUG - New map
2025-12-13 00:47:08,862 - PaperAgentLogger - INFO - ################## PaperArchitecture_map20x20_rho1_10Agent/K3_HS0/1765556206 - End of loop ##################  
 ####### Case2848 	 Computation time:1.2334108352661133 	 Step42/42	- AllReachGoal-False

2025-12-13 00:47:08,864 - PaperAgentLogger - INFO - current rateReachGoal: 0
2025-12-13 00:47:08,884 - PaperAgentLogger - DEBUG - New map
2025-12-13 00:47:09,826 - PaperAgentLogger - INFO - ################## PaperArchitecture_map20x20_rho1_10Agent/K3_HS0/1765556206 - End of loop ##################  
 ####### Case2849 	 Computation time:0.9412200450897217 	 Step32/62	- AllReachGoal-True

2025-12-13 00:47:09,827 - PaperAgentLogger - INFO - current rateReachGoal: 0
2025-12-13 00:47:09,845 - PaperAgentLogger - DEBUG - New map
2025-12-13 00:47:11,630 - PaperAgentLogger - INFO - ################## PaperArchitecture_map20x20_rho1_10Agent/K3_HS0/1765556206 - End of loop ##################  
 ####### Case2850 	 Computation time:1.7844758033752441 	 Step60/60	- AllReachGoal-False

2025-12-13 00:47:11,631 - PaperAgentLogger - INFO - current rateReachGoal: 0
2025-12-13 00:47:11,649 - PaperAgentLogger - DEBUG - New map
2025-12-13 00:47:13,377 - PaperAgentLogger - INFO - ################## PaperArchitecture_map20x20_rho1_10Agent/K3_HS0/1765556206 - End of loop ##################  
 ####### Case2851 	 Computation time:1.726999044418335 	 Step58/58	- AllReachGoal-False

2025-12-13 00:47:13,378 - PaperAgentLogger - INFO - current rateReachGoal: 0
2025-12-13 00:47:13,398 - PaperAgentLogger - DEBUG - New map
2025-12-13 00:47:14,355 - PaperAgentLogger - INFO - ################## PaperArchitecture_map20x20_rho1_10Agent/K3_HS0/1765556206 - End of loop ##################  
 ####### Case2852 	 Computation time:0.9559094905853271 	 Step32/64	- AllReachGoal-True

2025-12-13 00:47:14,355 - PaperAgentLogger - INFO - current rateReachGoal: 0
2025-12-13 00:47:14,377 - PaperAgentLogger - DEBUG - New map
2025-12-13 00:47:15,393 - PaperAgentLogger - INFO - ################## PaperArchitecture_map20x20_rho1_10Agent/K3_HS0/1765556206 - End of loop ##################  
 ####### Case2853 	 Computation time:1.0148789882659912 	 Step34/64	- AllReachGoal-True

2025-12-13 00:47:15,393 - PaperAgentLogger - INFO - current rateReachGoal: 0
2025-12-13 00:47:15,410 - PaperAgentLogger - DEBUG - New map
2025-12-13 00:47:16,843 - PaperAgentLogger - INFO - ################## PaperArchitecture_map20x20_rho1_10Agent/K3_HS0/1765556206 - End of loop ##################  
 ####### Case2854 	 Computation time:1.4317259788513184 	 Step48/48	- AllReachGoal-False

2025-12-13 00:47:16,843 - PaperAgentLogger - INFO - current rateReachGoal: 0
2025-12-13 00:47:16,861 - PaperAgentLogger - DEBUG - New map
2025-12-13 00:47:17,647 - PaperAgentLogger - INFO - ################## PaperArchitecture_map20x20_rho1_10Agent/K3_HS0/1765556206 - End of loop ##################  
 ####### Case2855 	 Computation time:0.7851557731628418 	 Step26/50	- AllReachGoal-True

2025-12-13 00:47:17,648 - PaperAgentLogger - INFO - current rateReachGoal: 0
2025-12-13 00:47:17,664 - PaperAgentLogger - DEBUG - New map
2025-12-13 00:47:18,386 - PaperAgentLogger - INFO - ################## PaperArchitecture_map20x20_rho1_10Agent/K3_HS0/1765556206 - End of loop ##################  
 ####### Case2856 	 Computation time:0.7215838432312012 	 Step24/44	- AllReachGoal-True

2025-12-13 00:47:18,386 - PaperAgentLogger - INFO - current rateReachGoal: 0
2025-12-13 00:47:18,405 - PaperAgentLogger - DEBUG - New map
2025-12-13 00:47:19,124 - PaperAgentLogger - INFO - ################## PaperArchitecture_map20x20_rho1_10Agent/K3_HS0/1765556206 - End of loop ##################  
 ####### Case2857 	 Computation time:0.7183542251586914 	 Step24/48	- AllReachGoal-True

2025-12-13 00:47:19,125 - PaperAgentLogger - INFO - current rateReachGoal: 0
2025-12-13 00:47:19,141 - PaperAgentLogger - DEBUG - New map
2025-12-13 00:47:19,918 - PaperAgentLogger - INFO - ################## PaperArchitecture_map20x20_rho1_10Agent/K3_HS0/1765556206 - End of loop ##################  
 ####### Case2858 	 Computation time:0.7763395309448242 	 Step26/48	- AllReachGoal-True

2025-12-13 00:47:19,921 - PaperAgentLogger - INFO - current rateReachGoal: 0
2025-12-13 00:47:19,939 - PaperAgentLogger - DEBUG - New map
2025-12-13 00:47:20,690 - PaperAgentLogger - INFO - ################## PaperArchitecture_map20x20_rho1_10Agent/K3_HS0/1765556206 - End of loop ##################  
 ####### Case2859 	 Computation time:0.7499961853027344 	 Step25/50	- AllReachGoal-True

2025-12-13 00:47:20,691 - PaperAgentLogger - INFO - current rateReachGoal: 0
2025-12-13 00:47:20,709 - PaperAgentLogger - DEBUG - New map
2025-12-13 00:47:21,725 - PaperAgentLogger - INFO - ################## PaperArchitecture_map20x20_rho1_10Agent/K3_HS0/1765556206 - End of loop ##################  
 ####### Case2860 	 Computation time:1.015012502670288 	 Step34/60	- AllReachGoal-True

2025-12-13 00:47:21,726 - PaperAgentLogger - INFO - current rateReachGoal: 0
2025-12-13 00:47:21,744 - PaperAgentLogger - DEBUG - New map
2025-12-13 00:47:22,406 - PaperAgentLogger - INFO - ################## PaperArchitecture_map20x20_rho1_10Agent/K3_HS0/1765556206 - End of loop ##################  
 ####### Case2861 	 Computation time:0.6613495349884033 	 Step22/44	- AllReachGoal-True

2025-12-13 00:47:22,406 - PaperAgentLogger - INFO - current rateReachGoal: 0
2025-12-13 00:47:22,425 - PaperAgentLogger - DEBUG - New map
2025-12-13 00:47:23,913 - PaperAgentLogger - INFO - ################## PaperArchitecture_map20x20_rho1_10Agent/K3_HS0/1765556206 - End of loop ##################  
 ####### Case2862 	 Computation time:1.487041711807251 	 Step50/58	- AllReachGoal-True

2025-12-13 00:47:23,914 - PaperAgentLogger - INFO - current rateReachGoal: 0
2025-12-13 00:47:23,933 - PaperAgentLogger - DEBUG - New map
2025-12-13 00:47:25,572 - PaperAgentLogger - INFO - ################## PaperArchitecture_map20x20_rho1_10Agent/K3_HS0/1765556206 - End of loop ##################  
 ####### Case2863 	 Computation time:1.637610673904419 	 Step55/64	- AllReachGoal-True

2025-12-13 00:47:25,572 - PaperAgentLogger - INFO - current rateReachGoal: 0
2025-12-13 00:47:25,593 - PaperAgentLogger - DEBUG - New map
2025-12-13 00:47:26,658 - PaperAgentLogger - INFO - ################## PaperArchitecture_map20x20_rho1_10Agent/K3_HS0/1765556206 - End of loop ##################  
 ####### Case2864 	 Computation time:1.0648918151855469 	 Step35/62	- AllReachGoal-True

2025-12-13 00:47:26,659 - PaperAgentLogger - INFO - current rateReachGoal: 0
2025-12-13 00:47:26,677 - PaperAgentLogger - DEBUG - New map
2025-12-13 00:47:28,348 - PaperAgentLogger - INFO - ################## PaperArchitecture_map20x20_rho1_10Agent/K3_HS0/1765556206 - End of loop ##################  
 ####### Case2865 	 Computation time:1.6705081462860107 	 Step56/56	- AllReachGoal-False

2025-12-13 00:47:28,349 - PaperAgentLogger - INFO - current rateReachGoal: 0
2025-12-13 00:47:28,367 - PaperAgentLogger - DEBUG - New map
2025-12-13 00:47:29,506 - PaperAgentLogger - INFO - ################## PaperArchitecture_map20x20_rho1_10Agent/K3_HS0/1765556206 - End of loop ##################  
 ####### Case2866 	 Computation time:1.1386628150939941 	 Step38/48	- AllReachGoal-True

2025-12-13 00:47:29,507 - PaperAgentLogger - INFO - current rateReachGoal: 0
2025-12-13 00:47:29,527 - PaperAgentLogger - DEBUG - New map
2025-12-13 00:47:30,606 - PaperAgentLogger - INFO - ################## PaperArchitecture_map20x20_rho1_10Agent/K3_HS0/1765556206 - End of loop ##################  
 ####### Case2867 	 Computation time:1.0791270732879639 	 Step36/68	- AllReachGoal-True

2025-12-13 00:47:30,609 - PaperAgentLogger - INFO - current rateReachGoal: 0
2025-12-13 00:47:30,629 - PaperAgentLogger - DEBUG - New map
2025-12-13 00:47:32,535 - PaperAgentLogger - INFO - ################## PaperArchitecture_map20x20_rho1_10Agent/K3_HS0/1765556206 - End of loop ##################  
 ####### Case2868 	 Computation time:1.9057395458221436 	 Step64/64	- AllReachGoal-False

2025-12-13 00:47:32,536 - PaperAgentLogger - INFO - current rateReachGoal: 0
2025-12-13 00:47:32,554 - PaperAgentLogger - DEBUG - New map
2025-12-13 00:47:34,186 - PaperAgentLogger - INFO - ################## PaperArchitecture_map20x20_rho1_10Agent/K3_HS0/1765556206 - End of loop ##################  
 ####### Case2869 	 Computation time:1.6320953369140625 	 Step54/54	- AllReachGoal-False

2025-12-13 00:47:34,187 - PaperAgentLogger - INFO - current rateReachGoal: 0
2025-12-13 00:47:34,205 - PaperAgentLogger - DEBUG - New map
2025-12-13 00:47:35,311 - PaperAgentLogger - INFO - ################## PaperArchitecture_map20x20_rho1_10Agent/K3_HS0/1765556206 - End of loop ##################  
 ####### Case2870 	 Computation time:1.1046674251556396 	 Step34/52	- AllReachGoal-True

2025-12-13 00:47:35,311 - PaperAgentLogger - INFO - current rateReachGoal: 0
2025-12-13 00:47:35,330 - PaperAgentLogger - DEBUG - New map
2025-12-13 00:47:36,199 - PaperAgentLogger - INFO - ################## PaperArchitecture_map20x20_rho1_10Agent/K3_HS0/1765556206 - End of loop ##################  
 ####### Case2871 	 Computation time:0.8682093620300293 	 Step29/54	- AllReachGoal-True

2025-12-13 00:47:36,201 - PaperAgentLogger - INFO - current rateReachGoal: 0
2025-12-13 00:47:36,222 - PaperAgentLogger - DEBUG - New map
2025-12-13 00:47:37,506 - PaperAgentLogger - INFO - ################## PaperArchitecture_map20x20_rho1_10Agent/K3_HS0/1765556206 - End of loop ##################  
 ####### Case2872 	 Computation time:1.2833144664764404 	 Step43/68	- AllReachGoal-True

2025-12-13 00:47:37,506 - PaperAgentLogger - INFO - current rateReachGoal: 0
2025-12-13 00:47:37,522 - PaperAgentLogger - DEBUG - New map
2025-12-13 00:47:38,715 - PaperAgentLogger - INFO - ################## PaperArchitecture_map20x20_rho1_10Agent/K3_HS0/1765556206 - End of loop ##################  
 ####### Case2873 	 Computation time:1.1922903060913086 	 Step40/44	- AllReachGoal-True

2025-12-13 00:47:38,716 - PaperAgentLogger - INFO - current rateReachGoal: 0
2025-12-13 00:47:38,734 - PaperAgentLogger - DEBUG - New map
2025-12-13 00:47:39,571 - PaperAgentLogger - INFO - ################## PaperArchitecture_map20x20_rho1_10Agent/K3_HS0/1765556206 - End of loop ##################  
 ####### Case2874 	 Computation time:0.8359267711639404 	 Step28/56	- AllReachGoal-True

2025-12-13 00:47:39,572 - PaperAgentLogger - INFO - current rateReachGoal: 0
2025-12-13 00:47:39,589 - PaperAgentLogger - DEBUG - New map
2025-12-13 00:47:40,401 - PaperAgentLogger - INFO - ################## PaperArchitecture_map20x20_rho1_10Agent/K3_HS0/1765556206 - End of loop ##################  
 ####### Case2875 	 Computation time:0.8107390403747559 	 Step27/54	- AllReachGoal-True

2025-12-13 00:47:40,401 - PaperAgentLogger - INFO - current rateReachGoal: 0
2025-12-13 00:47:40,421 - PaperAgentLogger - DEBUG - New map
2025-12-13 00:47:42,219 - PaperAgentLogger - INFO - ################## PaperArchitecture_map20x20_rho1_10Agent/K3_HS0/1765556206 - End of loop ##################  
 ####### Case2876 	 Computation time:1.7969064712524414 	 Step60/60	- AllReachGoal-False

2025-12-13 00:47:42,219 - PaperAgentLogger - INFO - current rateReachGoal: 0
2025-12-13 00:47:42,237 - PaperAgentLogger - DEBUG - New map
2025-12-13 00:47:43,464 - PaperAgentLogger - INFO - ################## PaperArchitecture_map20x20_rho1_10Agent/K3_HS0/1765556206 - End of loop ##################  
 ####### Case2877 	 Computation time:1.226269245147705 	 Step41/46	- AllReachGoal-True

2025-12-13 00:47:43,464 - PaperAgentLogger - INFO - current rateReachGoal: 0
2025-12-13 00:47:43,483 - PaperAgentLogger - DEBUG - New map
2025-12-13 00:47:44,378 - PaperAgentLogger - INFO - ################## PaperArchitecture_map20x20_rho1_10Agent/K3_HS0/1765556206 - End of loop ##################  
 ####### Case2878 	 Computation time:0.8943805694580078 	 Step30/60	- AllReachGoal-True

2025-12-13 00:47:44,379 - PaperAgentLogger - INFO - current rateReachGoal: 0
2025-12-13 00:47:44,398 - PaperAgentLogger - DEBUG - New map
2025-12-13 00:47:45,540 - PaperAgentLogger - INFO - ################## PaperArchitecture_map20x20_rho1_10Agent/K3_HS0/1765556206 - End of loop ##################  
 ####### Case2879 	 Computation time:1.1416923999786377 	 Step37/74	- AllReachGoal-True

2025-12-13 00:47:45,541 - PaperAgentLogger - INFO - current rateReachGoal: 0
2025-12-13 00:47:45,558 - PaperAgentLogger - DEBUG - New map
2025-12-13 00:47:46,953 - PaperAgentLogger - INFO - ################## PaperArchitecture_map20x20_rho1_10Agent/K3_HS0/1765556206 - End of loop ##################  
 ####### Case2880 	 Computation time:1.3944964408874512 	 Step46/46	- AllReachGoal-False

2025-12-13 00:47:46,954 - PaperAgentLogger - INFO - current rateReachGoal: 0
2025-12-13 00:47:46,971 - PaperAgentLogger - DEBUG - New map
2025-12-13 00:47:47,767 - PaperAgentLogger - INFO - ################## PaperArchitecture_map20x20_rho1_10Agent/K3_HS0/1765556206 - End of loop ##################  
 ####### Case2881 	 Computation time:0.7955079078674316 	 Step26/50	- AllReachGoal-True

2025-12-13 00:47:47,768 - PaperAgentLogger - INFO - current rateReachGoal: 0
2025-12-13 00:47:47,784 - PaperAgentLogger - DEBUG - New map
2025-12-13 00:47:48,591 - PaperAgentLogger - INFO - ################## PaperArchitecture_map20x20_rho1_10Agent/K3_HS0/1765556206 - End of loop ##################  
 ####### Case2882 	 Computation time:0.8067326545715332 	 Step24/40	- AllReachGoal-True

2025-12-13 00:47:48,592 - PaperAgentLogger - INFO - current rateReachGoal: 0
2025-12-13 00:47:48,611 - PaperAgentLogger - DEBUG - New map
2025-12-13 00:47:50,110 - PaperAgentLogger - INFO - ################## PaperArchitecture_map20x20_rho1_10Agent/K3_HS0/1765556206 - End of loop ##################  
 ####### Case2883 	 Computation time:1.498225450515747 	 Step48/48	- AllReachGoal-False

2025-12-13 00:47:50,111 - PaperAgentLogger - INFO - current rateReachGoal: 0
2025-12-13 00:47:50,131 - PaperAgentLogger - DEBUG - New map
2025-12-13 00:47:51,878 - PaperAgentLogger - INFO - ################## PaperArchitecture_map20x20_rho1_10Agent/K3_HS0/1765556206 - End of loop ##################  
 ####### Case2884 	 Computation time:1.7468576431274414 	 Step58/58	- AllReachGoal-False

2025-12-13 00:47:51,879 - PaperAgentLogger - INFO - current rateReachGoal: 0
2025-12-13 00:47:51,896 - PaperAgentLogger - DEBUG - New map
2025-12-13 00:47:52,683 - PaperAgentLogger - INFO - ################## PaperArchitecture_map20x20_rho1_10Agent/K3_HS0/1765556206 - End of loop ##################  
 ####### Case2885 	 Computation time:0.7859768867492676 	 Step26/52	- AllReachGoal-True

2025-12-13 00:47:52,684 - PaperAgentLogger - INFO - current rateReachGoal: 0
2025-12-13 00:47:52,700 - PaperAgentLogger - DEBUG - New map
2025-12-13 00:47:53,425 - PaperAgentLogger - INFO - ################## PaperArchitecture_map20x20_rho1_10Agent/K3_HS0/1765556206 - End of loop ##################  
 ####### Case2886 	 Computation time:0.7243630886077881 	 Step24/44	- AllReachGoal-True

2025-12-13 00:47:53,427 - PaperAgentLogger - INFO - current rateReachGoal: 0
2025-12-13 00:47:53,445 - PaperAgentLogger - DEBUG - New map
2025-12-13 00:47:55,118 - PaperAgentLogger - INFO - ################## PaperArchitecture_map20x20_rho1_10Agent/K3_HS0/1765556206 - End of loop ##################  
 ####### Case2887 	 Computation time:1.6726362705230713 	 Step56/56	- AllReachGoal-False

2025-12-13 00:47:55,119 - PaperAgentLogger - INFO - current rateReachGoal: 0
2025-12-13 00:47:55,138 - PaperAgentLogger - DEBUG - New map
2025-12-13 00:47:56,711 - PaperAgentLogger - INFO - ################## PaperArchitecture_map20x20_rho1_10Agent/K3_HS0/1765556206 - End of loop ##################  
 ####### Case2888 	 Computation time:1.572392225265503 	 Step52/52	- AllReachGoal-False

2025-12-13 00:47:56,712 - PaperAgentLogger - INFO - current rateReachGoal: 0
2025-12-13 00:47:56,729 - PaperAgentLogger - DEBUG - New map
2025-12-13 00:47:57,777 - PaperAgentLogger - INFO - ################## PaperArchitecture_map20x20_rho1_10Agent/K3_HS0/1765556206 - End of loop ##################  
 ####### Case2889 	 Computation time:1.0466852188110352 	 Step34/48	- AllReachGoal-True

2025-12-13 00:47:57,777 - PaperAgentLogger - INFO - current rateReachGoal: 0
2025-12-13 00:47:57,793 - PaperAgentLogger - DEBUG - New map
2025-12-13 00:47:58,929 - PaperAgentLogger - INFO - ################## PaperArchitecture_map20x20_rho1_10Agent/K3_HS0/1765556206 - End of loop ##################  
 ####### Case2890 	 Computation time:1.1355278491973877 	 Step38/38	- AllReachGoal-False

2025-12-13 00:47:58,931 - PaperAgentLogger - INFO - current rateReachGoal: 0
2025-12-13 00:47:58,949 - PaperAgentLogger - DEBUG - New map
2025-12-13 00:47:59,758 - PaperAgentLogger - INFO - ################## PaperArchitecture_map20x20_rho1_10Agent/K3_HS0/1765556206 - End of loop ##################  
 ####### Case2891 	 Computation time:0.8082647323608398 	 Step27/52	- AllReachGoal-True

2025-12-13 00:47:59,759 - PaperAgentLogger - INFO - current rateReachGoal: 0
2025-12-13 00:47:59,778 - PaperAgentLogger - DEBUG - New map
2025-12-13 00:48:00,790 - PaperAgentLogger - INFO - ################## PaperArchitecture_map20x20_rho1_10Agent/K3_HS0/1765556206 - End of loop ##################  
 ####### Case2892 	 Computation time:1.011687994003296 	 Step34/58	- AllReachGoal-True

2025-12-13 00:48:00,791 - PaperAgentLogger - INFO - current rateReachGoal: 0
2025-12-13 00:48:00,808 - PaperAgentLogger - DEBUG - New map
2025-12-13 00:48:01,842 - PaperAgentLogger - INFO - ################## PaperArchitecture_map20x20_rho1_10Agent/K3_HS0/1765556206 - End of loop ##################  
 ####### Case2893 	 Computation time:1.0336179733276367 	 Step33/46	- AllReachGoal-True

2025-12-13 00:48:01,843 - PaperAgentLogger - INFO - current rateReachGoal: 0
2025-12-13 00:48:01,864 - PaperAgentLogger - DEBUG - New map
2025-12-13 00:48:02,843 - PaperAgentLogger - INFO - ################## PaperArchitecture_map20x20_rho1_10Agent/K3_HS0/1765556206 - End of loop ##################  
 ####### Case2894 	 Computation time:0.9786121845245361 	 Step31/58	- AllReachGoal-True

2025-12-13 00:48:02,844 - PaperAgentLogger - INFO - current rateReachGoal: 0
2025-12-13 00:48:02,862 - PaperAgentLogger - DEBUG - New map
2025-12-13 00:48:03,729 - PaperAgentLogger - INFO - ################## PaperArchitecture_map20x20_rho1_10Agent/K3_HS0/1765556206 - End of loop ##################  
 ####### Case2895 	 Computation time:0.8663773536682129 	 Step27/52	- AllReachGoal-True

2025-12-13 00:48:03,730 - PaperAgentLogger - INFO - current rateReachGoal: 0
2025-12-13 00:48:03,748 - PaperAgentLogger - DEBUG - New map
2025-12-13 00:48:04,784 - PaperAgentLogger - INFO - ################## PaperArchitecture_map20x20_rho1_10Agent/K3_HS0/1765556206 - End of loop ##################  
 ####### Case2896 	 Computation time:1.0358881950378418 	 Step33/48	- AllReachGoal-True

2025-12-13 00:48:04,785 - PaperAgentLogger - INFO - current rateReachGoal: 0
2025-12-13 00:48:04,802 - PaperAgentLogger - DEBUG - New map
2025-12-13 00:48:05,539 - PaperAgentLogger - INFO - ################## PaperArchitecture_map20x20_rho1_10Agent/K3_HS0/1765556206 - End of loop ##################  
 ####### Case2897 	 Computation time:0.7368118762969971 	 Step24/48	- AllReachGoal-True

2025-12-13 00:48:05,540 - PaperAgentLogger - INFO - current rateReachGoal: 0
2025-12-13 00:48:05,557 - PaperAgentLogger - DEBUG - New map
2025-12-13 00:48:06,312 - PaperAgentLogger - INFO - ################## PaperArchitecture_map20x20_rho1_10Agent/K3_HS0/1765556206 - End of loop ##################  
 ####### Case2898 	 Computation time:0.7544698715209961 	 Step25/46	- AllReachGoal-True

2025-12-13 00:48:06,313 - PaperAgentLogger - INFO - current rateReachGoal: 0
2025-12-13 00:48:06,329 - PaperAgentLogger - DEBUG - New map
2025-12-13 00:48:07,407 - PaperAgentLogger - INFO - ################## PaperArchitecture_map20x20_rho1_10Agent/K3_HS0/1765556206 - End of loop ##################  
 ####### Case2899 	 Computation time:1.077361822128296 	 Step33/46	- AllReachGoal-True

2025-12-13 00:48:07,408 - PaperAgentLogger - INFO - current rateReachGoal: 0
2025-12-13 00:48:07,427 - PaperAgentLogger - DEBUG - New map
2025-12-13 00:48:08,533 - PaperAgentLogger - INFO - ################## PaperArchitecture_map20x20_rho1_10Agent/K3_HS0/1765556206 - End of loop ##################  
 ####### Case2900 	 Computation time:1.1049935817718506 	 Step37/62	- AllReachGoal-True

2025-12-13 00:48:08,533 - PaperAgentLogger - INFO - current rateReachGoal: 0
2025-12-13 00:48:08,552 - PaperAgentLogger - DEBUG - New map
2025-12-13 00:48:10,394 - PaperAgentLogger - INFO - ################## PaperArchitecture_map20x20_rho1_10Agent/K3_HS0/1765556206 - End of loop ##################  
 ####### Case2901 	 Computation time:1.8417322635650635 	 Step58/58	- AllReachGoal-False

2025-12-13 00:48:10,397 - PaperAgentLogger - INFO - current rateReachGoal: 0
2025-12-13 00:48:10,415 - PaperAgentLogger - DEBUG - New map
2025-12-13 00:48:11,439 - PaperAgentLogger - INFO - ################## PaperArchitecture_map20x20_rho1_10Agent/K3_HS0/1765556206 - End of loop ##################  
 ####### Case2902 	 Computation time:1.0235497951507568 	 Step33/62	- AllReachGoal-True

2025-12-13 00:48:11,440 - PaperAgentLogger - INFO - current rateReachGoal: 0
2025-12-13 00:48:11,458 - PaperAgentLogger - DEBUG - New map
2025-12-13 00:48:13,167 - PaperAgentLogger - INFO - ################## PaperArchitecture_map20x20_rho1_10Agent/K3_HS0/1765556206 - End of loop ##################  
 ####### Case2903 	 Computation time:1.7085752487182617 	 Step54/54	- AllReachGoal-False

2025-12-13 00:48:13,168 - PaperAgentLogger - INFO - current rateReachGoal: 0
2025-12-13 00:48:13,186 - PaperAgentLogger - DEBUG - New map
2025-12-13 00:48:14,796 - PaperAgentLogger - INFO - ################## PaperArchitecture_map20x20_rho1_10Agent/K3_HS0/1765556206 - End of loop ##################  
 ####### Case2904 	 Computation time:1.609351634979248 	 Step50/50	- AllReachGoal-False

2025-12-13 00:48:14,797 - PaperAgentLogger - INFO - current rateReachGoal: 0
2025-12-13 00:48:14,815 - PaperAgentLogger - DEBUG - New map
2025-12-13 00:48:15,682 - PaperAgentLogger - INFO - ################## PaperArchitecture_map20x20_rho1_10Agent/K3_HS0/1765556206 - End of loop ##################  
 ####### Case2905 	 Computation time:0.8659508228302002 	 Step29/58	- AllReachGoal-True

2025-12-13 00:48:15,684 - PaperAgentLogger - INFO - current rateReachGoal: 0
2025-12-13 00:48:15,702 - PaperAgentLogger - DEBUG - New map
2025-12-13 00:48:16,738 - PaperAgentLogger - INFO - ################## PaperArchitecture_map20x20_rho1_10Agent/K3_HS0/1765556206 - End of loop ##################  
 ####### Case2906 	 Computation time:1.0353429317474365 	 Step33/58	- AllReachGoal-True

2025-12-13 00:48:16,739 - PaperAgentLogger - INFO - current rateReachGoal: 0
2025-12-13 00:48:16,761 - PaperAgentLogger - DEBUG - New map
2025-12-13 00:48:18,851 - PaperAgentLogger - INFO - ################## PaperArchitecture_map20x20_rho1_10Agent/K3_HS0/1765556206 - End of loop ##################  
 ####### Case2907 	 Computation time:2.089317798614502 	 Step65/72	- AllReachGoal-True

2025-12-13 00:48:18,851 - PaperAgentLogger - INFO - current rateReachGoal: 0
2025-12-13 00:48:18,871 - PaperAgentLogger - DEBUG - New map
2025-12-13 00:48:20,639 - PaperAgentLogger - INFO - ################## PaperArchitecture_map20x20_rho1_10Agent/K3_HS0/1765556206 - End of loop ##################  
 ####### Case2908 	 Computation time:1.7671449184417725 	 Step55/62	- AllReachGoal-True

2025-12-13 00:48:20,639 - PaperAgentLogger - INFO - current rateReachGoal: 0
2025-12-13 00:48:20,658 - PaperAgentLogger - DEBUG - New map
2025-12-13 00:48:22,529 - PaperAgentLogger - INFO - ################## PaperArchitecture_map20x20_rho1_10Agent/K3_HS0/1765556206 - End of loop ##################  
 ####### Case2909 	 Computation time:1.8695528507232666 	 Step60/60	- AllReachGoal-False

2025-12-13 00:48:22,529 - PaperAgentLogger - INFO - current rateReachGoal: 0
2025-12-13 00:48:22,546 - PaperAgentLogger - DEBUG - New map
2025-12-13 00:48:23,412 - PaperAgentLogger - INFO - ################## PaperArchitecture_map20x20_rho1_10Agent/K3_HS0/1765556206 - End of loop ##################  
 ####### Case2910 	 Computation time:0.8651113510131836 	 Step26/44	- AllReachGoal-True

2025-12-13 00:48:23,413 - PaperAgentLogger - INFO - current rateReachGoal: 0
2025-12-13 00:48:23,429 - PaperAgentLogger - DEBUG - New map
2025-12-13 00:48:24,596 - PaperAgentLogger - INFO - ################## PaperArchitecture_map20x20_rho1_10Agent/K3_HS0/1765556206 - End of loop ##################  
 ####### Case2911 	 Computation time:1.1668016910552979 	 Step36/36	- AllReachGoal-False

2025-12-13 00:48:24,597 - PaperAgentLogger - INFO - current rateReachGoal: 0
2025-12-13 00:48:24,613 - PaperAgentLogger - DEBUG - New map
2025-12-13 00:48:25,311 - PaperAgentLogger - INFO - ################## PaperArchitecture_map20x20_rho1_10Agent/K3_HS0/1765556206 - End of loop ##################  
 ####### Case2912 	 Computation time:0.697455883026123 	 Step22/44	- AllReachGoal-True

2025-12-13 00:48:25,311 - PaperAgentLogger - INFO - current rateReachGoal: 0
2025-12-13 00:48:25,328 - PaperAgentLogger - DEBUG - New map
2025-12-13 00:48:26,856 - PaperAgentLogger - INFO - ################## PaperArchitecture_map20x20_rho1_10Agent/K3_HS0/1765556206 - End of loop ##################  
 ####### Case2913 	 Computation time:1.528160810470581 	 Step50/50	- AllReachGoal-False

2025-12-13 00:48:26,857 - PaperAgentLogger - INFO - current rateReachGoal: 0
2025-12-13 00:48:26,875 - PaperAgentLogger - DEBUG - New map
2025-12-13 00:48:27,808 - PaperAgentLogger - INFO - ################## PaperArchitecture_map20x20_rho1_10Agent/K3_HS0/1765556206 - End of loop ##################  
 ####### Case2914 	 Computation time:0.9315750598907471 	 Step29/54	- AllReachGoal-True

2025-12-13 00:48:27,810 - PaperAgentLogger - INFO - current rateReachGoal: 0
2025-12-13 00:48:27,828 - PaperAgentLogger - DEBUG - New map
2025-12-13 00:48:29,478 - PaperAgentLogger - INFO - ################## PaperArchitecture_map20x20_rho1_10Agent/K3_HS0/1765556206 - End of loop ##################  
 ####### Case2915 	 Computation time:1.6487782001495361 	 Step50/56	- AllReachGoal-True

2025-12-13 00:48:29,479 - PaperAgentLogger - INFO - current rateReachGoal: 0
2025-12-13 00:48:29,496 - PaperAgentLogger - DEBUG - New map
2025-12-13 00:48:31,203 - PaperAgentLogger - INFO - ################## PaperArchitecture_map20x20_rho1_10Agent/K3_HS0/1765556206 - End of loop ##################  
 ####### Case2916 	 Computation time:1.7059683799743652 	 Step52/52	- AllReachGoal-False

2025-12-13 00:48:31,203 - PaperAgentLogger - INFO - current rateReachGoal: 0
2025-12-13 00:48:31,222 - PaperAgentLogger - DEBUG - New map
2025-12-13 00:48:33,098 - PaperAgentLogger - INFO - ################## PaperArchitecture_map20x20_rho1_10Agent/K3_HS0/1765556206 - End of loop ##################  
 ####### Case2917 	 Computation time:1.874607801437378 	 Step58/58	- AllReachGoal-False

2025-12-13 00:48:33,100 - PaperAgentLogger - INFO - current rateReachGoal: 0
2025-12-13 00:48:33,117 - PaperAgentLogger - DEBUG - New map
2025-12-13 00:48:34,107 - PaperAgentLogger - INFO - ################## PaperArchitecture_map20x20_rho1_10Agent/K3_HS0/1765556206 - End of loop ##################  
 ####### Case2918 	 Computation time:0.989769458770752 	 Step30/46	- AllReachGoal-True

2025-12-13 00:48:34,108 - PaperAgentLogger - INFO - current rateReachGoal: 0
2025-12-13 00:48:34,126 - PaperAgentLogger - DEBUG - New map
2025-12-13 00:48:35,772 - PaperAgentLogger - INFO - ################## PaperArchitecture_map20x20_rho1_10Agent/K3_HS0/1765556206 - End of loop ##################  
 ####### Case2919 	 Computation time:1.6456284523010254 	 Step50/50	- AllReachGoal-False

2025-12-13 00:48:35,773 - PaperAgentLogger - INFO - current rateReachGoal: 0
2025-12-13 00:48:35,792 - PaperAgentLogger - DEBUG - New map
2025-12-13 00:48:37,020 - PaperAgentLogger - INFO - ################## PaperArchitecture_map20x20_rho1_10Agent/K3_HS0/1765556206 - End of loop ##################  
 ####### Case2920 	 Computation time:1.2276551723480225 	 Step37/58	- AllReachGoal-True

2025-12-13 00:48:37,021 - PaperAgentLogger - INFO - current rateReachGoal: 0
2025-12-13 00:48:37,036 - PaperAgentLogger - DEBUG - New map
2025-12-13 00:48:37,760 - PaperAgentLogger - INFO - ################## PaperArchitecture_map20x20_rho1_10Agent/K3_HS0/1765556206 - End of loop ##################  
 ####### Case2921 	 Computation time:0.722963809967041 	 Step23/40	- AllReachGoal-True

2025-12-13 00:48:37,761 - PaperAgentLogger - INFO - current rateReachGoal: 0
2025-12-13 00:48:37,778 - PaperAgentLogger - DEBUG - New map
2025-12-13 00:48:39,240 - PaperAgentLogger - INFO - ################## PaperArchitecture_map20x20_rho1_10Agent/K3_HS0/1765556206 - End of loop ##################  
 ####### Case2922 	 Computation time:1.4615716934204102 	 Step48/48	- AllReachGoal-False

2025-12-13 00:48:39,240 - PaperAgentLogger - INFO - current rateReachGoal: 0
2025-12-13 00:48:39,258 - PaperAgentLogger - DEBUG - New map
2025-12-13 00:48:40,120 - PaperAgentLogger - INFO - ################## PaperArchitecture_map20x20_rho1_10Agent/K3_HS0/1765556206 - End of loop ##################  
 ####### Case2923 	 Computation time:0.8613936901092529 	 Step28/50	- AllReachGoal-True

2025-12-13 00:48:40,120 - PaperAgentLogger - INFO - current rateReachGoal: 0
2025-12-13 00:48:40,137 - PaperAgentLogger - DEBUG - New map
2025-12-13 00:48:41,663 - PaperAgentLogger - INFO - ################## PaperArchitecture_map20x20_rho1_10Agent/K3_HS0/1765556206 - End of loop ##################  
 ####### Case2924 	 Computation time:1.5253572463989258 	 Step46/46	- AllReachGoal-False

2025-12-13 00:48:41,664 - PaperAgentLogger - INFO - current rateReachGoal: 0
2025-12-13 00:48:41,683 - PaperAgentLogger - DEBUG - New map
2025-12-13 00:48:43,708 - PaperAgentLogger - INFO - ################## PaperArchitecture_map20x20_rho1_10Agent/K3_HS0/1765556206 - End of loop ##################  
 ####### Case2925 	 Computation time:2.0243515968322754 	 Step62/62	- AllReachGoal-False

2025-12-13 00:48:43,709 - PaperAgentLogger - INFO - current rateReachGoal: 0
2025-12-13 00:48:43,726 - PaperAgentLogger - DEBUG - New map
2025-12-13 00:48:44,606 - PaperAgentLogger - INFO - ################## PaperArchitecture_map20x20_rho1_10Agent/K3_HS0/1765556206 - End of loop ##################  
 ####### Case2926 	 Computation time:0.8794059753417969 	 Step27/48	- AllReachGoal-True

2025-12-13 00:48:44,607 - PaperAgentLogger - INFO - current rateReachGoal: 0
2025-12-13 00:48:44,627 - PaperAgentLogger - DEBUG - New map
2025-12-13 00:48:46,384 - PaperAgentLogger - INFO - ################## PaperArchitecture_map20x20_rho1_10Agent/K3_HS0/1765556206 - End of loop ##################  
 ####### Case2927 	 Computation time:1.7572627067565918 	 Step60/60	- AllReachGoal-False

2025-12-13 00:48:46,385 - PaperAgentLogger - INFO - current rateReachGoal: 0
2025-12-13 00:48:46,405 - PaperAgentLogger - DEBUG - New map
2025-12-13 00:48:47,426 - PaperAgentLogger - INFO - ################## PaperArchitecture_map20x20_rho1_10Agent/K3_HS0/1765556206 - End of loop ##################  
 ####### Case2928 	 Computation time:1.020528793334961 	 Step33/62	- AllReachGoal-True

2025-12-13 00:48:47,427 - PaperAgentLogger - INFO - current rateReachGoal: 0
2025-12-13 00:48:47,447 - PaperAgentLogger - DEBUG - New map
2025-12-13 00:48:49,365 - PaperAgentLogger - INFO - ################## PaperArchitecture_map20x20_rho1_10Agent/K3_HS0/1765556206 - End of loop ##################  
 ####### Case2929 	 Computation time:1.9174315929412842 	 Step64/64	- AllReachGoal-False

2025-12-13 00:48:49,366 - PaperAgentLogger - INFO - current rateReachGoal: 0
2025-12-13 00:48:49,385 - PaperAgentLogger - DEBUG - New map
2025-12-13 00:48:50,926 - PaperAgentLogger - INFO - ################## PaperArchitecture_map20x20_rho1_10Agent/K3_HS0/1765556206 - End of loop ##################  
 ####### Case2930 	 Computation time:1.5399081707000732 	 Step52/52	- AllReachGoal-False

2025-12-13 00:48:50,926 - PaperAgentLogger - INFO - current rateReachGoal: 0
2025-12-13 00:48:50,944 - PaperAgentLogger - DEBUG - New map
2025-12-13 00:48:51,879 - PaperAgentLogger - INFO - ################## PaperArchitecture_map20x20_rho1_10Agent/K3_HS0/1765556206 - End of loop ##################  
 ####### Case2931 	 Computation time:0.9342358112335205 	 Step31/52	- AllReachGoal-True

2025-12-13 00:48:51,879 - PaperAgentLogger - INFO - current rateReachGoal: 0
2025-12-13 00:48:51,898 - PaperAgentLogger - DEBUG - New map
2025-12-13 00:48:52,707 - PaperAgentLogger - INFO - ################## PaperArchitecture_map20x20_rho1_10Agent/K3_HS0/1765556206 - End of loop ##################  
 ####### Case2932 	 Computation time:0.8085477352142334 	 Step27/54	- AllReachGoal-True

2025-12-13 00:48:52,707 - PaperAgentLogger - INFO - current rateReachGoal: 0
2025-12-13 00:48:52,724 - PaperAgentLogger - DEBUG - New map
2025-12-13 00:48:53,372 - PaperAgentLogger - INFO - ################## PaperArchitecture_map20x20_rho1_10Agent/K3_HS0/1765556206 - End of loop ##################  
 ####### Case2933 	 Computation time:0.6467363834381104 	 Step21/42	- AllReachGoal-True

2025-12-13 00:48:53,372 - PaperAgentLogger - INFO - current rateReachGoal: 0
2025-12-13 00:48:53,391 - PaperAgentLogger - DEBUG - New map
2025-12-13 00:48:55,019 - PaperAgentLogger - INFO - ################## PaperArchitecture_map20x20_rho1_10Agent/K3_HS0/1765556206 - End of loop ##################  
 ####### Case2934 	 Computation time:1.6269936561584473 	 Step54/54	- AllReachGoal-False

2025-12-13 00:48:55,019 - PaperAgentLogger - INFO - current rateReachGoal: 0
2025-12-13 00:48:55,037 - PaperAgentLogger - DEBUG - New map
2025-12-13 00:48:56,515 - PaperAgentLogger - INFO - ################## PaperArchitecture_map20x20_rho1_10Agent/K3_HS0/1765556206 - End of loop ##################  
 ####### Case2935 	 Computation time:1.47727370262146 	 Step50/50	- AllReachGoal-False

2025-12-13 00:48:56,515 - PaperAgentLogger - INFO - current rateReachGoal: 0
2025-12-13 00:48:56,534 - PaperAgentLogger - DEBUG - New map
2025-12-13 00:48:58,492 - PaperAgentLogger - INFO - ################## PaperArchitecture_map20x20_rho1_10Agent/K3_HS0/1765556206 - End of loop ##################  
 ####### Case2936 	 Computation time:1.9571268558502197 	 Step66/66	- AllReachGoal-False

2025-12-13 00:48:58,493 - PaperAgentLogger - INFO - current rateReachGoal: 0
2025-12-13 00:48:58,512 - PaperAgentLogger - DEBUG - New map
2025-12-13 00:48:59,493 - PaperAgentLogger - INFO - ################## PaperArchitecture_map20x20_rho1_10Agent/K3_HS0/1765556206 - End of loop ##################  
 ####### Case2937 	 Computation time:0.9804575443267822 	 Step32/56	- AllReachGoal-True

2025-12-13 00:48:59,494 - PaperAgentLogger - INFO - current rateReachGoal: 0
2025-12-13 00:48:59,513 - PaperAgentLogger - DEBUG - New map
2025-12-13 00:49:00,317 - PaperAgentLogger - INFO - ################## PaperArchitecture_map20x20_rho1_10Agent/K3_HS0/1765556206 - End of loop ##################  
 ####### Case2938 	 Computation time:0.8035974502563477 	 Step26/52	- AllReachGoal-True

2025-12-13 00:49:00,318 - PaperAgentLogger - INFO - current rateReachGoal: 0
2025-12-13 00:49:00,334 - PaperAgentLogger - DEBUG - New map
2025-12-13 00:49:01,769 - PaperAgentLogger - INFO - ################## PaperArchitecture_map20x20_rho1_10Agent/K3_HS0/1765556206 - End of loop ##################  
 ####### Case2939 	 Computation time:1.4341230392456055 	 Step44/44	- AllReachGoal-False

2025-12-13 00:49:01,771 - PaperAgentLogger - INFO - current rateReachGoal: 0
2025-12-13 00:49:01,796 - PaperAgentLogger - DEBUG - New map
2025-12-13 00:49:03,477 - PaperAgentLogger - INFO - ################## PaperArchitecture_map20x20_rho1_10Agent/K3_HS0/1765556206 - End of loop ##################  
 ####### Case2940 	 Computation time:1.6807658672332764 	 Step52/52	- AllReachGoal-False

2025-12-13 00:49:03,478 - PaperAgentLogger - INFO - current rateReachGoal: 0
2025-12-13 00:49:03,497 - PaperAgentLogger - DEBUG - New map
2025-12-13 00:49:04,441 - PaperAgentLogger - INFO - ################## PaperArchitecture_map20x20_rho1_10Agent/K3_HS0/1765556206 - End of loop ##################  
 ####### Case2941 	 Computation time:0.9436547756195068 	 Step31/60	- AllReachGoal-True

2025-12-13 00:49:04,442 - PaperAgentLogger - INFO - current rateReachGoal: 0
2025-12-13 00:49:04,464 - PaperAgentLogger - DEBUG - New map
2025-12-13 00:49:06,515 - PaperAgentLogger - INFO - ################## PaperArchitecture_map20x20_rho1_10Agent/K3_HS0/1765556206 - End of loop ##################  
 ####### Case2942 	 Computation time:2.05063533782959 	 Step64/64	- AllReachGoal-False

2025-12-13 00:49:06,516 - PaperAgentLogger - INFO - current rateReachGoal: 0
2025-12-13 00:49:06,536 - PaperAgentLogger - DEBUG - New map
2025-12-13 00:49:08,146 - PaperAgentLogger - INFO - ################## PaperArchitecture_map20x20_rho1_10Agent/K3_HS0/1765556206 - End of loop ##################  
 ####### Case2943 	 Computation time:1.609499216079712 	 Step49/62	- AllReachGoal-True

2025-12-13 00:49:08,146 - PaperAgentLogger - INFO - current rateReachGoal: 0
2025-12-13 00:49:08,164 - PaperAgentLogger - DEBUG - New map
2025-12-13 00:49:08,958 - PaperAgentLogger - INFO - ################## PaperArchitecture_map20x20_rho1_10Agent/K3_HS0/1765556206 - End of loop ##################  
 ####### Case2944 	 Computation time:0.7925550937652588 	 Step26/52	- AllReachGoal-True

2025-12-13 00:49:08,958 - PaperAgentLogger - INFO - current rateReachGoal: 0
2025-12-13 00:49:08,975 - PaperAgentLogger - DEBUG - New map
2025-12-13 00:49:09,765 - PaperAgentLogger - INFO - ################## PaperArchitecture_map20x20_rho1_10Agent/K3_HS0/1765556206 - End of loop ##################  
 ####### Case2945 	 Computation time:0.7898707389831543 	 Step26/48	- AllReachGoal-True

2025-12-13 00:49:09,766 - PaperAgentLogger - INFO - current rateReachGoal: 0
2025-12-13 00:49:09,784 - PaperAgentLogger - DEBUG - New map
2025-12-13 00:49:10,656 - PaperAgentLogger - INFO - ################## PaperArchitecture_map20x20_rho1_10Agent/K3_HS0/1765556206 - End of loop ##################  
 ####### Case2946 	 Computation time:0.8718967437744141 	 Step29/52	- AllReachGoal-True

2025-12-13 00:49:10,657 - PaperAgentLogger - INFO - current rateReachGoal: 0
2025-12-13 00:49:10,676 - PaperAgentLogger - DEBUG - New map
2025-12-13 00:49:12,198 - PaperAgentLogger - INFO - ################## PaperArchitecture_map20x20_rho1_10Agent/K3_HS0/1765556206 - End of loop ##################  
 ####### Case2947 	 Computation time:1.5217173099517822 	 Step50/50	- AllReachGoal-False

2025-12-13 00:49:12,199 - PaperAgentLogger - INFO - current rateReachGoal: 0
2025-12-13 00:49:12,218 - PaperAgentLogger - DEBUG - New map
2025-12-13 00:49:13,721 - PaperAgentLogger - INFO - ################## PaperArchitecture_map20x20_rho1_10Agent/K3_HS0/1765556206 - End of loop ##################  
 ####### Case2948 	 Computation time:1.502713680267334 	 Step48/48	- AllReachGoal-False

2025-12-13 00:49:13,722 - PaperAgentLogger - INFO - current rateReachGoal: 0
2025-12-13 00:49:13,741 - PaperAgentLogger - DEBUG - New map
2025-12-13 00:49:15,468 - PaperAgentLogger - INFO - ################## PaperArchitecture_map20x20_rho1_10Agent/K3_HS0/1765556206 - End of loop ##################  
 ####### Case2949 	 Computation time:1.7269604206085205 	 Step54/54	- AllReachGoal-False

2025-12-13 00:49:15,469 - PaperAgentLogger - INFO - current rateReachGoal: 0
2025-12-13 00:49:15,487 - PaperAgentLogger - DEBUG - New map
2025-12-13 00:49:17,256 - PaperAgentLogger - INFO - ################## PaperArchitecture_map20x20_rho1_10Agent/K3_HS0/1765556206 - End of loop ##################  
 ####### Case2950 	 Computation time:1.768488883972168 	 Step58/58	- AllReachGoal-False

2025-12-13 00:49:17,257 - PaperAgentLogger - INFO - current rateReachGoal: 0
2025-12-13 00:49:17,277 - PaperAgentLogger - DEBUG - New map
2025-12-13 00:49:18,572 - PaperAgentLogger - INFO - ################## PaperArchitecture_map20x20_rho1_10Agent/K3_HS0/1765556206 - End of loop ##################  
 ####### Case2951 	 Computation time:1.2948858737945557 	 Step43/50	- AllReachGoal-True

2025-12-13 00:49:18,573 - PaperAgentLogger - INFO - current rateReachGoal: 0
2025-12-13 00:49:18,591 - PaperAgentLogger - DEBUG - New map
2025-12-13 00:49:20,134 - PaperAgentLogger - INFO - ################## PaperArchitecture_map20x20_rho1_10Agent/K3_HS0/1765556206 - End of loop ##################  
 ####### Case2952 	 Computation time:1.5418965816497803 	 Step50/50	- AllReachGoal-False

2025-12-13 00:49:20,134 - PaperAgentLogger - INFO - current rateReachGoal: 0
2025-12-13 00:49:20,152 - PaperAgentLogger - DEBUG - New map
2025-12-13 00:49:21,585 - PaperAgentLogger - INFO - ################## PaperArchitecture_map20x20_rho1_10Agent/K3_HS0/1765556206 - End of loop ##################  
 ####### Case2953 	 Computation time:1.4325437545776367 	 Step48/48	- AllReachGoal-False

2025-12-13 00:49:21,586 - PaperAgentLogger - INFO - current rateReachGoal: 0
2025-12-13 00:49:21,603 - PaperAgentLogger - DEBUG - New map
2025-12-13 00:49:23,102 - PaperAgentLogger - INFO - ################## PaperArchitecture_map20x20_rho1_10Agent/K3_HS0/1765556206 - End of loop ##################  
 ####### Case2954 	 Computation time:1.4984512329101562 	 Step50/50	- AllReachGoal-True

2025-12-13 00:49:23,103 - PaperAgentLogger - INFO - current rateReachGoal: 0
2025-12-13 00:49:23,125 - PaperAgentLogger - DEBUG - New map
2025-12-13 00:49:24,443 - PaperAgentLogger - INFO - ################## PaperArchitecture_map20x20_rho1_10Agent/K3_HS0/1765556206 - End of loop ##################  
 ####### Case2955 	 Computation time:1.3177685737609863 	 Step42/64	- AllReachGoal-True

2025-12-13 00:49:24,444 - PaperAgentLogger - INFO - current rateReachGoal: 0
2025-12-13 00:49:24,462 - PaperAgentLogger - DEBUG - New map
2025-12-13 00:49:26,148 - PaperAgentLogger - INFO - ################## PaperArchitecture_map20x20_rho1_10Agent/K3_HS0/1765556206 - End of loop ##################  
 ####### Case2956 	 Computation time:1.6849110126495361 	 Step56/56	- AllReachGoal-False

2025-12-13 00:49:26,148 - PaperAgentLogger - INFO - current rateReachGoal: 0
2025-12-13 00:49:26,167 - PaperAgentLogger - DEBUG - New map
2025-12-13 00:49:27,041 - PaperAgentLogger - INFO - ################## PaperArchitecture_map20x20_rho1_10Agent/K3_HS0/1765556206 - End of loop ##################  
 ####### Case2957 	 Computation time:0.8729941844940186 	 Step29/58	- AllReachGoal-True

2025-12-13 00:49:27,041 - PaperAgentLogger - INFO - current rateReachGoal: 0
2025-12-13 00:49:27,061 - PaperAgentLogger - DEBUG - New map
2025-12-13 00:49:28,439 - PaperAgentLogger - INFO - ################## PaperArchitecture_map20x20_rho1_10Agent/K3_HS0/1765556206 - End of loop ##################  
 ####### Case2958 	 Computation time:1.3778202533721924 	 Step46/66	- AllReachGoal-True

2025-12-13 00:49:28,440 - PaperAgentLogger - INFO - current rateReachGoal: 0
2025-12-13 00:49:28,457 - PaperAgentLogger - DEBUG - New map
2025-12-13 00:49:29,948 - PaperAgentLogger - INFO - ################## PaperArchitecture_map20x20_rho1_10Agent/K3_HS0/1765556206 - End of loop ##################  
 ####### Case2959 	 Computation time:1.4902358055114746 	 Step50/50	- AllReachGoal-False

2025-12-13 00:49:29,948 - PaperAgentLogger - INFO - current rateReachGoal: 0
2025-12-13 00:49:29,966 - PaperAgentLogger - DEBUG - New map
2025-12-13 00:49:31,273 - PaperAgentLogger - INFO - ################## PaperArchitecture_map20x20_rho1_10Agent/K3_HS0/1765556206 - End of loop ##################  
 ####### Case2960 	 Computation time:1.3069963455200195 	 Step44/44	- AllReachGoal-False

2025-12-13 00:49:31,276 - PaperAgentLogger - INFO - current rateReachGoal: 0
2025-12-13 00:49:31,294 - PaperAgentLogger - DEBUG - New map
2025-12-13 00:49:32,339 - PaperAgentLogger - INFO - ################## PaperArchitecture_map20x20_rho1_10Agent/K3_HS0/1765556206 - End of loop ##################  
 ####### Case2961 	 Computation time:1.0442781448364258 	 Step34/42	- AllReachGoal-True

2025-12-13 00:49:32,340 - PaperAgentLogger - INFO - current rateReachGoal: 0
2025-12-13 00:49:32,357 - PaperAgentLogger - DEBUG - New map
2025-12-13 00:49:33,131 - PaperAgentLogger - INFO - ################## PaperArchitecture_map20x20_rho1_10Agent/K3_HS0/1765556206 - End of loop ##################  
 ####### Case2962 	 Computation time:0.7727410793304443 	 Step25/46	- AllReachGoal-True

2025-12-13 00:49:33,131 - PaperAgentLogger - INFO - current rateReachGoal: 0
2025-12-13 00:49:33,152 - PaperAgentLogger - DEBUG - New map
2025-12-13 00:49:34,420 - PaperAgentLogger - INFO - ################## PaperArchitecture_map20x20_rho1_10Agent/K3_HS0/1765556206 - End of loop ##################  
 ####### Case2963 	 Computation time:1.2680716514587402 	 Step39/68	- AllReachGoal-True

2025-12-13 00:49:34,421 - PaperAgentLogger - INFO - current rateReachGoal: 0
2025-12-13 00:49:34,439 - PaperAgentLogger - DEBUG - New map
2025-12-13 00:49:35,607 - PaperAgentLogger - INFO - ################## PaperArchitecture_map20x20_rho1_10Agent/K3_HS0/1765556206 - End of loop ##################  
 ####### Case2964 	 Computation time:1.1667847633361816 	 Step39/52	- AllReachGoal-True

2025-12-13 00:49:35,607 - PaperAgentLogger - INFO - current rateReachGoal: 0
2025-12-13 00:49:35,625 - PaperAgentLogger - DEBUG - New map
2025-12-13 00:49:36,497 - PaperAgentLogger - INFO - ################## PaperArchitecture_map20x20_rho1_10Agent/K3_HS0/1765556206 - End of loop ##################  
 ####### Case2965 	 Computation time:0.8715503215789795 	 Step29/54	- AllReachGoal-True

2025-12-13 00:49:36,497 - PaperAgentLogger - INFO - current rateReachGoal: 0
2025-12-13 00:49:36,517 - PaperAgentLogger - DEBUG - New map
2025-12-13 00:49:38,422 - PaperAgentLogger - INFO - ################## PaperArchitecture_map20x20_rho1_10Agent/K3_HS0/1765556206 - End of loop ##################  
 ####### Case2966 	 Computation time:1.9042139053344727 	 Step64/64	- AllReachGoal-False

2025-12-13 00:49:38,423 - PaperAgentLogger - INFO - current rateReachGoal: 0
2025-12-13 00:49:38,440 - PaperAgentLogger - DEBUG - New map
2025-12-13 00:49:39,104 - PaperAgentLogger - INFO - ################## PaperArchitecture_map20x20_rho1_10Agent/K3_HS0/1765556206 - End of loop ##################  
 ####### Case2967 	 Computation time:0.662848711013794 	 Step22/44	- AllReachGoal-True

2025-12-13 00:49:39,104 - PaperAgentLogger - INFO - current rateReachGoal: 0
2025-12-13 00:49:39,122 - PaperAgentLogger - DEBUG - New map
2025-12-13 00:49:39,907 - PaperAgentLogger - INFO - ################## PaperArchitecture_map20x20_rho1_10Agent/K3_HS0/1765556206 - End of loop ##################  
 ####### Case2968 	 Computation time:0.7842271327972412 	 Step26/52	- AllReachGoal-True

2025-12-13 00:49:39,907 - PaperAgentLogger - INFO - current rateReachGoal: 0
2025-12-13 00:49:39,929 - PaperAgentLogger - DEBUG - New map
2025-12-13 00:49:41,953 - PaperAgentLogger - INFO - ################## PaperArchitecture_map20x20_rho1_10Agent/K3_HS0/1765556206 - End of loop ##################  
 ####### Case2969 	 Computation time:2.023110866546631 	 Step64/64	- AllReachGoal-False

2025-12-13 00:49:41,955 - PaperAgentLogger - INFO - current rateReachGoal: 0
2025-12-13 00:49:41,972 - PaperAgentLogger - DEBUG - New map
2025-12-13 00:49:42,776 - PaperAgentLogger - INFO - ################## PaperArchitecture_map20x20_rho1_10Agent/K3_HS0/1765556206 - End of loop ##################  
 ####### Case2970 	 Computation time:0.8030238151550293 	 Step25/50	- AllReachGoal-True

2025-12-13 00:49:42,777 - PaperAgentLogger - INFO - current rateReachGoal: 0
2025-12-13 00:49:42,795 - PaperAgentLogger - DEBUG - New map
2025-12-13 00:49:44,502 - PaperAgentLogger - INFO - ################## PaperArchitecture_map20x20_rho1_10Agent/K3_HS0/1765556206 - End of loop ##################  
 ####### Case2971 	 Computation time:1.7059082984924316 	 Step54/54	- AllReachGoal-False

2025-12-13 00:49:44,503 - PaperAgentLogger - INFO - current rateReachGoal: 0
2025-12-13 00:49:44,522 - PaperAgentLogger - DEBUG - New map
2025-12-13 00:49:45,415 - PaperAgentLogger - INFO - ################## PaperArchitecture_map20x20_rho1_10Agent/K3_HS0/1765556206 - End of loop ##################  
 ####### Case2972 	 Computation time:0.8924345970153809 	 Step28/52	- AllReachGoal-True

2025-12-13 00:49:45,415 - PaperAgentLogger - INFO - current rateReachGoal: 0
2025-12-13 00:49:45,432 - PaperAgentLogger - DEBUG - New map
2025-12-13 00:49:46,805 - PaperAgentLogger - INFO - ################## PaperArchitecture_map20x20_rho1_10Agent/K3_HS0/1765556206 - End of loop ##################  
 ####### Case2973 	 Computation time:1.37204909324646 	 Step42/42	- AllReachGoal-False

2025-12-13 00:49:46,805 - PaperAgentLogger - INFO - current rateReachGoal: 0
2025-12-13 00:49:46,824 - PaperAgentLogger - DEBUG - New map
2025-12-13 00:49:48,291 - PaperAgentLogger - INFO - ################## PaperArchitecture_map20x20_rho1_10Agent/K3_HS0/1765556206 - End of loop ##################  
 ####### Case2974 	 Computation time:1.4661762714385986 	 Step46/54	- AllReachGoal-True

2025-12-13 00:49:48,291 - PaperAgentLogger - INFO - current rateReachGoal: 0
2025-12-13 00:49:48,312 - PaperAgentLogger - DEBUG - New map
2025-12-13 00:49:49,327 - PaperAgentLogger - INFO - ################## PaperArchitecture_map20x20_rho1_10Agent/K3_HS0/1765556206 - End of loop ##################  
 ####### Case2975 	 Computation time:1.0144548416137695 	 Step34/66	- AllReachGoal-True

2025-12-13 00:49:49,328 - PaperAgentLogger - INFO - current rateReachGoal: 0
2025-12-13 00:49:49,344 - PaperAgentLogger - DEBUG - New map
2025-12-13 00:49:50,035 - PaperAgentLogger - INFO - ################## PaperArchitecture_map20x20_rho1_10Agent/K3_HS0/1765556206 - End of loop ##################  
 ####### Case2976 	 Computation time:0.6899807453155518 	 Step23/46	- AllReachGoal-True

2025-12-13 00:49:50,036 - PaperAgentLogger - INFO - current rateReachGoal: 0
2025-12-13 00:49:50,055 - PaperAgentLogger - DEBUG - New map
2025-12-13 00:49:51,231 - PaperAgentLogger - INFO - ################## PaperArchitecture_map20x20_rho1_10Agent/K3_HS0/1765556206 - End of loop ##################  
 ####### Case2977 	 Computation time:1.1760835647583008 	 Step36/58	- AllReachGoal-True

2025-12-13 00:49:51,232 - PaperAgentLogger - INFO - current rateReachGoal: 0
2025-12-13 00:49:51,251 - PaperAgentLogger - DEBUG - New map
2025-12-13 00:49:52,333 - PaperAgentLogger - INFO - ################## PaperArchitecture_map20x20_rho1_10Agent/K3_HS0/1765556206 - End of loop ##################  
 ####### Case2978 	 Computation time:1.0814619064331055 	 Step33/56	- AllReachGoal-True

2025-12-13 00:49:52,334 - PaperAgentLogger - INFO - current rateReachGoal: 0
2025-12-13 00:49:52,350 - PaperAgentLogger - DEBUG - New map
2025-12-13 00:49:53,896 - PaperAgentLogger - INFO - ################## PaperArchitecture_map20x20_rho1_10Agent/K3_HS0/1765556206 - End of loop ##################  
 ####### Case2979 	 Computation time:1.5452535152435303 	 Step48/48	- AllReachGoal-False

2025-12-13 00:49:53,896 - PaperAgentLogger - INFO - current rateReachGoal: 0
2025-12-13 00:49:53,915 - PaperAgentLogger - DEBUG - New map
2025-12-13 00:49:54,921 - PaperAgentLogger - INFO - ################## PaperArchitecture_map20x20_rho1_10Agent/K3_HS0/1765556206 - End of loop ##################  
 ####### Case2980 	 Computation time:1.0056705474853516 	 Step31/54	- AllReachGoal-True

2025-12-13 00:49:54,922 - PaperAgentLogger - INFO - current rateReachGoal: 0
2025-12-13 00:49:54,940 - PaperAgentLogger - DEBUG - New map
2025-12-13 00:49:55,846 - PaperAgentLogger - INFO - ################## PaperArchitecture_map20x20_rho1_10Agent/K3_HS0/1765556206 - End of loop ##################  
 ####### Case2981 	 Computation time:0.9058902263641357 	 Step27/54	- AllReachGoal-True

2025-12-13 00:49:55,847 - PaperAgentLogger - INFO - current rateReachGoal: 0
2025-12-13 00:49:55,867 - PaperAgentLogger - DEBUG - New map
2025-12-13 00:49:56,764 - PaperAgentLogger - INFO - ################## PaperArchitecture_map20x20_rho1_10Agent/K3_HS0/1765556206 - End of loop ##################  
 ####### Case2982 	 Computation time:0.896047830581665 	 Step29/58	- AllReachGoal-True

2025-12-13 00:49:56,764 - PaperAgentLogger - INFO - current rateReachGoal: 0
2025-12-13 00:49:56,780 - PaperAgentLogger - DEBUG - New map
2025-12-13 00:49:57,905 - PaperAgentLogger - INFO - ################## PaperArchitecture_map20x20_rho1_10Agent/K3_HS0/1765556206 - End of loop ##################  
 ####### Case2983 	 Computation time:1.124509334564209 	 Step34/46	- AllReachGoal-True

2025-12-13 00:49:57,906 - PaperAgentLogger - INFO - current rateReachGoal: 0
2025-12-13 00:49:57,925 - PaperAgentLogger - DEBUG - New map
2025-12-13 00:49:59,767 - PaperAgentLogger - INFO - ################## PaperArchitecture_map20x20_rho1_10Agent/K3_HS0/1765556206 - End of loop ##################  
 ####### Case2984 	 Computation time:1.840987205505371 	 Step60/60	- AllReachGoal-False

2025-12-13 00:49:59,767 - PaperAgentLogger - INFO - current rateReachGoal: 0
2025-12-13 00:49:59,784 - PaperAgentLogger - DEBUG - New map
2025-12-13 00:50:01,434 - PaperAgentLogger - INFO - ################## PaperArchitecture_map20x20_rho1_10Agent/K3_HS0/1765556206 - End of loop ##################  
 ####### Case2985 	 Computation time:1.6486899852752686 	 Step50/50	- AllReachGoal-False

2025-12-13 00:50:01,434 - PaperAgentLogger - INFO - current rateReachGoal: 0
2025-12-13 00:50:01,452 - PaperAgentLogger - DEBUG - New map
2025-12-13 00:50:03,088 - PaperAgentLogger - INFO - ################## PaperArchitecture_map20x20_rho1_10Agent/K3_HS0/1765556206 - End of loop ##################  
 ####### Case2986 	 Computation time:1.6359291076660156 	 Step52/52	- AllReachGoal-False

2025-12-13 00:50:03,089 - PaperAgentLogger - INFO - current rateReachGoal: 0
2025-12-13 00:50:03,108 - PaperAgentLogger - DEBUG - New map
2025-12-13 00:50:04,111 - PaperAgentLogger - INFO - ################## PaperArchitecture_map20x20_rho1_10Agent/K3_HS0/1765556206 - End of loop ##################  
 ####### Case2987 	 Computation time:1.002326488494873 	 Step31/54	- AllReachGoal-True

2025-12-13 00:50:04,111 - PaperAgentLogger - INFO - current rateReachGoal: 0
2025-12-13 00:50:04,128 - PaperAgentLogger - DEBUG - New map
2025-12-13 00:50:04,902 - PaperAgentLogger - INFO - ################## PaperArchitecture_map20x20_rho1_10Agent/K3_HS0/1765556206 - End of loop ##################  
 ####### Case2988 	 Computation time:0.7732160091400146 	 Step24/48	- AllReachGoal-True

2025-12-13 00:50:04,904 - PaperAgentLogger - INFO - current rateReachGoal: 0
2025-12-13 00:50:04,924 - PaperAgentLogger - DEBUG - New map
2025-12-13 00:50:06,325 - PaperAgentLogger - INFO - ################## PaperArchitecture_map20x20_rho1_10Agent/K3_HS0/1765556206 - End of loop ##################  
 ####### Case2989 	 Computation time:1.4008088111877441 	 Step47/66	- AllReachGoal-True

2025-12-13 00:50:06,326 - PaperAgentLogger - INFO - current rateReachGoal: 0
2025-12-13 00:50:06,343 - PaperAgentLogger - DEBUG - New map
2025-12-13 00:50:07,773 - PaperAgentLogger - INFO - ################## PaperArchitecture_map20x20_rho1_10Agent/K3_HS0/1765556206 - End of loop ##################  
 ####### Case2990 	 Computation time:1.4294133186340332 	 Step48/48	- AllReachGoal-False

2025-12-13 00:50:07,774 - PaperAgentLogger - INFO - current rateReachGoal: 0
2025-12-13 00:50:07,794 - PaperAgentLogger - DEBUG - New map
2025-12-13 00:50:09,701 - PaperAgentLogger - INFO - ################## PaperArchitecture_map20x20_rho1_10Agent/K3_HS0/1765556206 - End of loop ##################  
 ####### Case2991 	 Computation time:1.9066174030303955 	 Step64/64	- AllReachGoal-False

2025-12-13 00:50:09,701 - PaperAgentLogger - INFO - current rateReachGoal: 0
2025-12-13 00:50:09,721 - PaperAgentLogger - DEBUG - New map
2025-12-13 00:50:11,632 - PaperAgentLogger - INFO - ################## PaperArchitecture_map20x20_rho1_10Agent/K3_HS0/1765556206 - End of loop ##################  
 ####### Case2992 	 Computation time:1.9101991653442383 	 Step64/64	- AllReachGoal-False

2025-12-13 00:50:11,632 - PaperAgentLogger - INFO - current rateReachGoal: 0
2025-12-13 00:50:11,651 - PaperAgentLogger - DEBUG - New map
2025-12-13 00:50:12,578 - PaperAgentLogger - INFO - ################## PaperArchitecture_map20x20_rho1_10Agent/K3_HS0/1765556206 - End of loop ##################  
 ####### Case2993 	 Computation time:0.9260733127593994 	 Step31/60	- AllReachGoal-True

2025-12-13 00:50:12,579 - PaperAgentLogger - INFO - current rateReachGoal: 0
2025-12-13 00:50:12,598 - PaperAgentLogger - DEBUG - New map
2025-12-13 00:50:13,501 - PaperAgentLogger - INFO - ################## PaperArchitecture_map20x20_rho1_10Agent/K3_HS0/1765556206 - End of loop ##################  
 ####### Case2994 	 Computation time:0.9026556015014648 	 Step30/56	- AllReachGoal-True

2025-12-13 00:50:13,501 - PaperAgentLogger - INFO - current rateReachGoal: 0
2025-12-13 00:50:13,518 - PaperAgentLogger - DEBUG - New map
2025-12-13 00:50:14,533 - PaperAgentLogger - INFO - ################## PaperArchitecture_map20x20_rho1_10Agent/K3_HS0/1765556206 - End of loop ##################  
 ####### Case2995 	 Computation time:1.0143976211547852 	 Step34/46	- AllReachGoal-True

2025-12-13 00:50:14,534 - PaperAgentLogger - INFO - current rateReachGoal: 0
2025-12-13 00:50:14,550 - PaperAgentLogger - DEBUG - New map
2025-12-13 00:50:15,747 - PaperAgentLogger - INFO - ################## PaperArchitecture_map20x20_rho1_10Agent/K3_HS0/1765556206 - End of loop ##################  
 ####### Case2996 	 Computation time:1.197084665298462 	 Step40/40	- AllReachGoal-False

2025-12-13 00:50:15,748 - PaperAgentLogger - INFO - current rateReachGoal: 0
2025-12-13 00:50:15,766 - PaperAgentLogger - DEBUG - New map
2025-12-13 00:50:17,136 - PaperAgentLogger - INFO - ################## PaperArchitecture_map20x20_rho1_10Agent/K3_HS0/1765556206 - End of loop ##################  
 ####### Case2997 	 Computation time:1.3696794509887695 	 Step46/46	- AllReachGoal-False

2025-12-13 00:50:17,138 - PaperAgentLogger - INFO - current rateReachGoal: 0
2025-12-13 00:50:17,155 - PaperAgentLogger - DEBUG - New map
2025-12-13 00:50:18,524 - PaperAgentLogger - INFO - ################## PaperArchitecture_map20x20_rho1_10Agent/K3_HS0/1765556206 - End of loop ##################  
 ####### Case2998 	 Computation time:1.3685612678527832 	 Step46/46	- AllReachGoal-False

2025-12-13 00:50:18,525 - PaperAgentLogger - INFO - current rateReachGoal: 0
2025-12-13 00:50:18,541 - PaperAgentLogger - DEBUG - New map
2025-12-13 00:50:19,929 - PaperAgentLogger - INFO - ################## PaperArchitecture_map20x20_rho1_10Agent/K3_HS0/1765556206 - End of loop ##################  
 ####### Case2999 	 Computation time:1.3871619701385498 	 Step46/46	- AllReachGoal-False

2025-12-13 00:50:19,929 - PaperAgentLogger - INFO - current rateReachGoal: 0
2025-12-13 00:50:19,946 - PaperAgentLogger - DEBUG - New map
2025-12-13 00:50:21,384 - PaperAgentLogger - INFO - ################## PaperArchitecture_map20x20_rho1_10Agent/K3_HS0/1765556206 - End of loop ##################  
 ####### Case3000 	 Computation time:1.4370312690734863 	 Step50/50	- AllReachGoal-False

2025-12-13 00:50:21,385 - PaperAgentLogger - INFO - current rateReachGoal: 0
2025-12-13 00:50:21,400 - PaperAgentLogger - DEBUG - New map
2025-12-13 00:50:22,135 - PaperAgentLogger - INFO - ################## PaperArchitecture_map20x20_rho1_10Agent/K3_HS0/1765556206 - End of loop ##################  
 ####### Case3001 	 Computation time:0.7340855598449707 	 Step25/40	- AllReachGoal-True

2025-12-13 00:50:22,137 - PaperAgentLogger - INFO - current rateReachGoal: 0
2025-12-13 00:50:22,153 - PaperAgentLogger - DEBUG - New map
2025-12-13 00:50:23,740 - PaperAgentLogger - INFO - ################## PaperArchitecture_map20x20_rho1_10Agent/K3_HS0/1765556206 - End of loop ##################  
 ####### Case3002 	 Computation time:1.586324691772461 	 Step54/54	- AllReachGoal-False

2025-12-13 00:50:23,741 - PaperAgentLogger - INFO - current rateReachGoal: 0
2025-12-13 00:50:23,761 - PaperAgentLogger - DEBUG - New map
2025-12-13 00:50:25,238 - PaperAgentLogger - INFO - ################## PaperArchitecture_map20x20_rho1_10Agent/K3_HS0/1765556206 - End of loop ##################  
 ####### Case3003 	 Computation time:1.476426362991333 	 Step48/68	- AllReachGoal-True

2025-12-13 00:50:25,239 - PaperAgentLogger - INFO - current rateReachGoal: 0
2025-12-13 00:50:25,258 - PaperAgentLogger - DEBUG - New map
2025-12-13 00:50:27,289 - PaperAgentLogger - INFO - ################## PaperArchitecture_map20x20_rho1_10Agent/K3_HS0/1765556206 - End of loop ##################  
 ####### Case3004 	 Computation time:2.0306620597839355 	 Step64/64	- AllReachGoal-False

2025-12-13 00:50:27,291 - PaperAgentLogger - INFO - current rateReachGoal: 0
2025-12-13 00:50:27,310 - PaperAgentLogger - DEBUG - New map
2025-12-13 00:50:28,183 - PaperAgentLogger - INFO - ################## PaperArchitecture_map20x20_rho1_10Agent/K3_HS0/1765556206 - End of loop ##################  
 ####### Case3005 	 Computation time:0.8729233741760254 	 Step29/58	- AllReachGoal-True

2025-12-13 00:50:28,184 - PaperAgentLogger - INFO - current rateReachGoal: 0
2025-12-13 00:50:28,205 - PaperAgentLogger - DEBUG - New map
2025-12-13 00:50:29,281 - PaperAgentLogger - INFO - ################## PaperArchitecture_map20x20_rho1_10Agent/K3_HS0/1765556206 - End of loop ##################  
 ####### Case3006 	 Computation time:1.075188159942627 	 Step35/70	- AllReachGoal-True

2025-12-13 00:50:29,281 - PaperAgentLogger - INFO - current rateReachGoal: 0
2025-12-13 00:50:29,297 - PaperAgentLogger - DEBUG - New map
2025-12-13 00:50:30,638 - PaperAgentLogger - INFO - ################## PaperArchitecture_map20x20_rho1_10Agent/K3_HS0/1765556206 - End of loop ##################  
 ####### Case3007 	 Computation time:1.339867115020752 	 Step42/42	- AllReachGoal-False

2025-12-13 00:50:30,638 - PaperAgentLogger - INFO - current rateReachGoal: 0
2025-12-13 00:50:30,659 - PaperAgentLogger - DEBUG - New map
2025-12-13 00:50:31,753 - PaperAgentLogger - INFO - ################## PaperArchitecture_map20x20_rho1_10Agent/K3_HS0/1765556206 - End of loop ##################  
 ####### Case3008 	 Computation time:1.0940313339233398 	 Step34/68	- AllReachGoal-True

2025-12-13 00:50:31,754 - PaperAgentLogger - INFO - current rateReachGoal: 0
2025-12-13 00:50:31,773 - PaperAgentLogger - DEBUG - New map
2025-12-13 00:50:32,949 - PaperAgentLogger - INFO - ################## PaperArchitecture_map20x20_rho1_10Agent/K3_HS0/1765556206 - End of loop ##################  
 ####### Case3009 	 Computation time:1.1757216453552246 	 Step41/68	- AllReachGoal-True

2025-12-13 00:50:32,950 - PaperAgentLogger - INFO - current rateReachGoal: 0
2025-12-13 00:50:32,966 - PaperAgentLogger - DEBUG - New map
2025-12-13 00:50:34,482 - PaperAgentLogger - INFO - ################## PaperArchitecture_map20x20_rho1_10Agent/K3_HS0/1765556206 - End of loop ##################  
 ####### Case3010 	 Computation time:1.5146701335906982 	 Step52/52	- AllReachGoal-False

2025-12-13 00:50:34,483 - PaperAgentLogger - INFO - current rateReachGoal: 0
2025-12-13 00:50:34,501 - PaperAgentLogger - DEBUG - New map
2025-12-13 00:50:35,618 - PaperAgentLogger - INFO - ################## PaperArchitecture_map20x20_rho1_10Agent/K3_HS0/1765556206 - End of loop ##################  
 ####### Case3011 	 Computation time:1.1157641410827637 	 Step37/66	- AllReachGoal-True

2025-12-13 00:50:35,618 - PaperAgentLogger - INFO - current rateReachGoal: 0
2025-12-13 00:50:35,637 - PaperAgentLogger - DEBUG - New map
2025-12-13 00:50:37,333 - PaperAgentLogger - INFO - ################## PaperArchitecture_map20x20_rho1_10Agent/K3_HS0/1765556206 - End of loop ##################  
 ####### Case3012 	 Computation time:1.6959679126739502 	 Step56/56	- AllReachGoal-False

2025-12-13 00:50:37,334 - PaperAgentLogger - INFO - current rateReachGoal: 0
2025-12-13 00:50:37,352 - PaperAgentLogger - DEBUG - New map
2025-12-13 00:50:38,566 - PaperAgentLogger - INFO - ################## PaperArchitecture_map20x20_rho1_10Agent/K3_HS0/1765556206 - End of loop ##################  
 ####### Case3013 	 Computation time:1.2133781909942627 	 Step38/54	- AllReachGoal-True

2025-12-13 00:50:38,567 - PaperAgentLogger - INFO - current rateReachGoal: 0
2025-12-13 00:50:38,586 - PaperAgentLogger - DEBUG - New map
2025-12-13 00:50:40,408 - PaperAgentLogger - INFO - ################## PaperArchitecture_map20x20_rho1_10Agent/K3_HS0/1765556206 - End of loop ##################  
 ####### Case3014 	 Computation time:1.821709156036377 	 Step58/58	- AllReachGoal-False

2025-12-13 00:50:40,409 - PaperAgentLogger - INFO - current rateReachGoal: 0
2025-12-13 00:50:40,425 - PaperAgentLogger - DEBUG - New map
2025-12-13 00:50:41,118 - PaperAgentLogger - INFO - ################## PaperArchitecture_map20x20_rho1_10Agent/K3_HS0/1765556206 - End of loop ##################  
 ####### Case3015 	 Computation time:0.692051887512207 	 Step24/48	- AllReachGoal-True

2025-12-13 00:50:41,118 - PaperAgentLogger - INFO - current rateReachGoal: 0
2025-12-13 00:50:41,135 - PaperAgentLogger - DEBUG - New map
2025-12-13 00:50:42,161 - PaperAgentLogger - INFO - ################## PaperArchitecture_map20x20_rho1_10Agent/K3_HS0/1765556206 - End of loop ##################  
 ####### Case3016 	 Computation time:1.025144338607788 	 Step32/52	- AllReachGoal-True

2025-12-13 00:50:42,162 - PaperAgentLogger - INFO - current rateReachGoal: 0
2025-12-13 00:50:42,180 - PaperAgentLogger - DEBUG - New map
2025-12-13 00:50:43,873 - PaperAgentLogger - INFO - ################## PaperArchitecture_map20x20_rho1_10Agent/K3_HS0/1765556206 - End of loop ##################  
 ####### Case3017 	 Computation time:1.6929941177368164 	 Step58/58	- AllReachGoal-False

2025-12-13 00:50:43,876 - PaperAgentLogger - INFO - current rateReachGoal: 0
2025-12-13 00:50:43,892 - PaperAgentLogger - DEBUG - New map
2025-12-13 00:50:44,612 - PaperAgentLogger - INFO - ################## PaperArchitecture_map20x20_rho1_10Agent/K3_HS0/1765556206 - End of loop ##################  
 ####### Case3018 	 Computation time:0.7192811965942383 	 Step24/48	- AllReachGoal-True

2025-12-13 00:50:44,613 - PaperAgentLogger - INFO - current rateReachGoal: 0
2025-12-13 00:50:44,629 - PaperAgentLogger - DEBUG - New map
2025-12-13 00:50:45,611 - PaperAgentLogger - INFO - ################## PaperArchitecture_map20x20_rho1_10Agent/K3_HS0/1765556206 - End of loop ##################  
 ####### Case3019 	 Computation time:0.9814224243164062 	 Step34/52	- AllReachGoal-True

2025-12-13 00:50:45,612 - PaperAgentLogger - INFO - current rateReachGoal: 0
2025-12-13 00:50:45,629 - PaperAgentLogger - DEBUG - New map
2025-12-13 00:50:47,226 - PaperAgentLogger - INFO - ################## PaperArchitecture_map20x20_rho1_10Agent/K3_HS0/1765556206 - End of loop ##################  
 ####### Case3020 	 Computation time:1.5963685512542725 	 Step56/56	- AllReachGoal-False

2025-12-13 00:50:47,227 - PaperAgentLogger - INFO - current rateReachGoal: 0
2025-12-13 00:50:47,245 - PaperAgentLogger - DEBUG - New map
2025-12-13 00:50:48,084 - PaperAgentLogger - INFO - ################## PaperArchitecture_map20x20_rho1_10Agent/K3_HS0/1765556206 - End of loop ##################  
 ####### Case3021 	 Computation time:0.8381798267364502 	 Step29/58	- AllReachGoal-True

2025-12-13 00:50:48,085 - PaperAgentLogger - INFO - current rateReachGoal: 0
2025-12-13 00:50:48,103 - PaperAgentLogger - DEBUG - New map
2025-12-13 00:50:48,911 - PaperAgentLogger - INFO - ################## PaperArchitecture_map20x20_rho1_10Agent/K3_HS0/1765556206 - End of loop ##################  
 ####### Case3022 	 Computation time:0.8072893619537354 	 Step28/56	- AllReachGoal-True

2025-12-13 00:50:48,913 - PaperAgentLogger - INFO - current rateReachGoal: 0
2025-12-13 00:50:48,934 - PaperAgentLogger - DEBUG - New map
2025-12-13 00:50:50,225 - PaperAgentLogger - INFO - ################## PaperArchitecture_map20x20_rho1_10Agent/K3_HS0/1765556206 - End of loop ##################  
 ####### Case3023 	 Computation time:1.2904736995697021 	 Step45/66	- AllReachGoal-True

2025-12-13 00:50:50,225 - PaperAgentLogger - INFO - current rateReachGoal: 0
2025-12-13 00:50:50,244 - PaperAgentLogger - DEBUG - New map
2025-12-13 00:50:51,843 - PaperAgentLogger - INFO - ################## PaperArchitecture_map20x20_rho1_10Agent/K3_HS0/1765556206 - End of loop ##################  
 ####### Case3024 	 Computation time:1.5989189147949219 	 Step56/56	- AllReachGoal-False

2025-12-13 00:50:51,844 - PaperAgentLogger - INFO - current rateReachGoal: 0
2025-12-13 00:50:51,859 - PaperAgentLogger - DEBUG - New map
2025-12-13 00:50:52,950 - PaperAgentLogger - INFO - ################## PaperArchitecture_map20x20_rho1_10Agent/K3_HS0/1765556206 - End of loop ##################  
 ####### Case3025 	 Computation time:1.090156078338623 	 Step38/38	- AllReachGoal-False

2025-12-13 00:50:52,950 - PaperAgentLogger - INFO - current rateReachGoal: 0
2025-12-13 00:50:52,968 - PaperAgentLogger - DEBUG - New map
2025-12-13 00:50:53,745 - PaperAgentLogger - INFO - ################## PaperArchitecture_map20x20_rho1_10Agent/K3_HS0/1765556206 - End of loop ##################  
 ####### Case3026 	 Computation time:0.7761490345001221 	 Step27/54	- AllReachGoal-True

2025-12-13 00:50:53,745 - PaperAgentLogger - INFO - current rateReachGoal: 0
2025-12-13 00:50:53,766 - PaperAgentLogger - DEBUG - New map
2025-12-13 00:50:54,718 - PaperAgentLogger - INFO - ################## PaperArchitecture_map20x20_rho1_10Agent/K3_HS0/1765556206 - End of loop ##################  
 ####### Case3027 	 Computation time:0.9516668319702148 	 Step33/66	- AllReachGoal-True

2025-12-13 00:50:54,719 - PaperAgentLogger - INFO - current rateReachGoal: 0
2025-12-13 00:50:54,735 - PaperAgentLogger - DEBUG - New map
2025-12-13 00:50:55,370 - PaperAgentLogger - INFO - ################## PaperArchitecture_map20x20_rho1_10Agent/K3_HS0/1765556206 - End of loop ##################  
 ####### Case3028 	 Computation time:0.6346578598022461 	 Step22/42	- AllReachGoal-True

2025-12-13 00:50:55,371 - PaperAgentLogger - INFO - current rateReachGoal: 0
2025-12-13 00:50:55,387 - PaperAgentLogger - DEBUG - New map
2025-12-13 00:50:56,079 - PaperAgentLogger - INFO - ################## PaperArchitecture_map20x20_rho1_10Agent/K3_HS0/1765556206 - End of loop ##################  
 ####### Case3029 	 Computation time:0.6918561458587646 	 Step24/46	- AllReachGoal-True

2025-12-13 00:50:56,080 - PaperAgentLogger - INFO - current rateReachGoal: 0
2025-12-13 00:50:56,095 - PaperAgentLogger - DEBUG - New map
2025-12-13 00:50:57,238 - PaperAgentLogger - INFO - ################## PaperArchitecture_map20x20_rho1_10Agent/K3_HS0/1765556206 - End of loop ##################  
 ####### Case3030 	 Computation time:1.143000602722168 	 Step40/40	- AllReachGoal-False

2025-12-13 00:50:57,239 - PaperAgentLogger - INFO - current rateReachGoal: 0
2025-12-13 00:50:57,258 - PaperAgentLogger - DEBUG - New map
2025-12-13 00:50:58,142 - PaperAgentLogger - INFO - ################## PaperArchitecture_map20x20_rho1_10Agent/K3_HS0/1765556206 - End of loop ##################  
 ####### Case3031 	 Computation time:0.8838174343109131 	 Step31/60	- AllReachGoal-True

2025-12-13 00:50:58,143 - PaperAgentLogger - INFO - current rateReachGoal: 0
2025-12-13 00:50:58,161 - PaperAgentLogger - DEBUG - New map
2025-12-13 00:50:58,996 - PaperAgentLogger - INFO - ################## PaperArchitecture_map20x20_rho1_10Agent/K3_HS0/1765556206 - End of loop ##################  
 ####### Case3032 	 Computation time:0.8340206146240234 	 Step29/54	- AllReachGoal-True

2025-12-13 00:50:58,996 - PaperAgentLogger - INFO - current rateReachGoal: 0
2025-12-13 00:50:59,012 - PaperAgentLogger - DEBUG - New map
2025-12-13 00:50:59,704 - PaperAgentLogger - INFO - ################## PaperArchitecture_map20x20_rho1_10Agent/K3_HS0/1765556206 - End of loop ##################  
 ####### Case3033 	 Computation time:0.6915669441223145 	 Step24/44	- AllReachGoal-True

2025-12-13 00:50:59,705 - PaperAgentLogger - INFO - current rateReachGoal: 0
2025-12-13 00:50:59,724 - PaperAgentLogger - DEBUG - New map
2025-12-13 00:51:00,815 - PaperAgentLogger - INFO - ################## PaperArchitecture_map20x20_rho1_10Agent/K3_HS0/1765556206 - End of loop ##################  
 ####### Case3034 	 Computation time:1.090404748916626 	 Step37/56	- AllReachGoal-True

2025-12-13 00:51:00,816 - PaperAgentLogger - INFO - current rateReachGoal: 0
2025-12-13 00:51:00,832 - PaperAgentLogger - DEBUG - New map
2025-12-13 00:51:02,009 - PaperAgentLogger - INFO - ################## PaperArchitecture_map20x20_rho1_10Agent/K3_HS0/1765556206 - End of loop ##################  
 ####### Case3035 	 Computation time:1.1760544776916504 	 Step41/48	- AllReachGoal-True

2025-12-13 00:51:02,010 - PaperAgentLogger - INFO - current rateReachGoal: 0
2025-12-13 00:51:02,026 - PaperAgentLogger - DEBUG - New map
2025-12-13 00:51:02,719 - PaperAgentLogger - INFO - ################## PaperArchitecture_map20x20_rho1_10Agent/K3_HS0/1765556206 - End of loop ##################  
 ####### Case3036 	 Computation time:0.6921725273132324 	 Step24/48	- AllReachGoal-True

2025-12-13 00:51:02,720 - PaperAgentLogger - INFO - current rateReachGoal: 0
2025-12-13 00:51:02,738 - PaperAgentLogger - DEBUG - New map
2025-12-13 00:51:04,227 - PaperAgentLogger - INFO - ################## PaperArchitecture_map20x20_rho1_10Agent/K3_HS0/1765556206 - End of loop ##################  
 ####### Case3037 	 Computation time:1.4887945652008057 	 Step52/52	- AllReachGoal-False

2025-12-13 00:51:04,228 - PaperAgentLogger - INFO - current rateReachGoal: 0
2025-12-13 00:51:04,247 - PaperAgentLogger - DEBUG - New map
2025-12-13 00:51:05,187 - PaperAgentLogger - INFO - ################## PaperArchitecture_map20x20_rho1_10Agent/K3_HS0/1765556206 - End of loop ##################  
 ####### Case3038 	 Computation time:0.9394447803497314 	 Step32/60	- AllReachGoal-True

2025-12-13 00:51:05,190 - PaperAgentLogger - INFO - current rateReachGoal: 0
2025-12-13 00:51:05,208 - PaperAgentLogger - DEBUG - New map
2025-12-13 00:51:06,134 - PaperAgentLogger - INFO - ################## PaperArchitecture_map20x20_rho1_10Agent/K3_HS0/1765556206 - End of loop ##################  
 ####### Case3039 	 Computation time:0.9260218143463135 	 Step32/56	- AllReachGoal-True

2025-12-13 00:51:06,135 - PaperAgentLogger - INFO - current rateReachGoal: 0
2025-12-13 00:51:06,151 - PaperAgentLogger - DEBUG - New map
2025-12-13 00:51:06,935 - PaperAgentLogger - INFO - ################## PaperArchitecture_map20x20_rho1_10Agent/K3_HS0/1765556206 - End of loop ##################  
 ####### Case3040 	 Computation time:0.7833425998687744 	 Step27/46	- AllReachGoal-True

2025-12-13 00:51:06,936 - PaperAgentLogger - INFO - current rateReachGoal: 0
2025-12-13 00:51:06,952 - PaperAgentLogger - DEBUG - New map
2025-12-13 00:51:07,789 - PaperAgentLogger - INFO - ################## PaperArchitecture_map20x20_rho1_10Agent/K3_HS0/1765556206 - End of loop ##################  
 ####### Case3041 	 Computation time:0.8365156650543213 	 Step29/54	- AllReachGoal-True

2025-12-13 00:51:07,790 - PaperAgentLogger - INFO - current rateReachGoal: 0
2025-12-13 00:51:07,809 - PaperAgentLogger - DEBUG - New map
2025-12-13 00:51:09,629 - PaperAgentLogger - INFO - ################## PaperArchitecture_map20x20_rho1_10Agent/K3_HS0/1765556206 - End of loop ##################  
 ####### Case3042 	 Computation time:1.8195960521697998 	 Step64/64	- AllReachGoal-False

2025-12-13 00:51:09,630 - PaperAgentLogger - INFO - current rateReachGoal: 0
2025-12-13 00:51:09,646 - PaperAgentLogger - DEBUG - New map
2025-12-13 00:51:10,366 - PaperAgentLogger - INFO - ################## PaperArchitecture_map20x20_rho1_10Agent/K3_HS0/1765556206 - End of loop ##################  
 ####### Case3043 	 Computation time:0.7194812297821045 	 Step25/46	- AllReachGoal-True

2025-12-13 00:51:10,369 - PaperAgentLogger - INFO - current rateReachGoal: 0
2025-12-13 00:51:10,386 - PaperAgentLogger - DEBUG - New map
2025-12-13 00:51:11,075 - PaperAgentLogger - INFO - ################## PaperArchitecture_map20x20_rho1_10Agent/K3_HS0/1765556206 - End of loop ##################  
 ####### Case3044 	 Computation time:0.6885223388671875 	 Step24/48	- AllReachGoal-True

2025-12-13 00:51:11,076 - PaperAgentLogger - INFO - current rateReachGoal: 0
2025-12-13 00:51:11,094 - PaperAgentLogger - DEBUG - New map
2025-12-13 00:51:12,214 - PaperAgentLogger - INFO - ################## PaperArchitecture_map20x20_rho1_10Agent/K3_HS0/1765556206 - End of loop ##################  
 ####### Case3045 	 Computation time:1.1190690994262695 	 Step37/54	- AllReachGoal-True

2025-12-13 00:51:12,214 - PaperAgentLogger - INFO - current rateReachGoal: 0
2025-12-13 00:51:12,234 - PaperAgentLogger - DEBUG - New map
2025-12-13 00:51:13,993 - PaperAgentLogger - INFO - ################## PaperArchitecture_map20x20_rho1_10Agent/K3_HS0/1765556206 - End of loop ##################  
 ####### Case3046 	 Computation time:1.758429765701294 	 Step62/62	- AllReachGoal-False

2025-12-13 00:51:13,994 - PaperAgentLogger - INFO - current rateReachGoal: 0
2025-12-13 00:51:14,012 - PaperAgentLogger - DEBUG - New map
2025-12-13 00:51:14,902 - PaperAgentLogger - INFO - ################## PaperArchitecture_map20x20_rho1_10Agent/K3_HS0/1765556206 - End of loop ##################  
 ####### Case3047 	 Computation time:0.8890457153320312 	 Step31/60	- AllReachGoal-True

2025-12-13 00:51:14,903 - PaperAgentLogger - INFO - current rateReachGoal: 0
2025-12-13 00:51:14,921 - PaperAgentLogger - DEBUG - New map
2025-12-13 00:51:15,699 - PaperAgentLogger - INFO - ################## PaperArchitecture_map20x20_rho1_10Agent/K3_HS0/1765556206 - End of loop ##################  
 ####### Case3048 	 Computation time:0.7781851291656494 	 Step27/54	- AllReachGoal-True

2025-12-13 00:51:15,702 - PaperAgentLogger - INFO - current rateReachGoal: 0
2025-12-13 00:51:15,721 - PaperAgentLogger - DEBUG - New map
2025-12-13 00:51:17,705 - PaperAgentLogger - INFO - ################## PaperArchitecture_map20x20_rho1_10Agent/K3_HS0/1765556206 - End of loop ##################  
 ####### Case3049 	 Computation time:1.9834575653076172 	 Step66/66	- AllReachGoal-False

2025-12-13 00:51:17,706 - PaperAgentLogger - INFO - current rateReachGoal: 0
2025-12-13 00:51:17,724 - PaperAgentLogger - DEBUG - New map
2025-12-13 00:51:19,452 - PaperAgentLogger - INFO - ################## PaperArchitecture_map20x20_rho1_10Agent/K3_HS0/1765556206 - End of loop ##################  
 ####### Case3050 	 Computation time:1.7280147075653076 	 Step56/56	- AllReachGoal-False

2025-12-13 00:51:19,453 - PaperAgentLogger - INFO - current rateReachGoal: 0
2025-12-13 00:51:19,471 - PaperAgentLogger - DEBUG - New map
2025-12-13 00:51:21,162 - PaperAgentLogger - INFO - ################## PaperArchitecture_map20x20_rho1_10Agent/K3_HS0/1765556206 - End of loop ##################  
 ####### Case3051 	 Computation time:1.6902544498443604 	 Step52/52	- AllReachGoal-False

2025-12-13 00:51:21,164 - PaperAgentLogger - INFO - current rateReachGoal: 0
2025-12-13 00:51:21,183 - PaperAgentLogger - DEBUG - New map
2025-12-13 00:51:22,268 - PaperAgentLogger - INFO - ################## PaperArchitecture_map20x20_rho1_10Agent/K3_HS0/1765556206 - End of loop ##################  
 ####### Case3052 	 Computation time:1.084782600402832 	 Step33/54	- AllReachGoal-True

2025-12-13 00:51:22,269 - PaperAgentLogger - INFO - current rateReachGoal: 0
2025-12-13 00:51:22,287 - PaperAgentLogger - DEBUG - New map
2025-12-13 00:51:23,526 - PaperAgentLogger - INFO - ################## PaperArchitecture_map20x20_rho1_10Agent/K3_HS0/1765556206 - End of loop ##################  
 ####### Case3053 	 Computation time:1.238541841506958 	 Step38/58	- AllReachGoal-True

2025-12-13 00:51:23,527 - PaperAgentLogger - INFO - current rateReachGoal: 0
2025-12-13 00:51:23,544 - PaperAgentLogger - DEBUG - New map
2025-12-13 00:51:24,633 - PaperAgentLogger - INFO - ################## PaperArchitecture_map20x20_rho1_10Agent/K3_HS0/1765556206 - End of loop ##################  
 ####### Case3054 	 Computation time:1.08819580078125 	 Step33/56	- AllReachGoal-True

2025-12-13 00:51:24,634 - PaperAgentLogger - INFO - current rateReachGoal: 0
2025-12-13 00:51:24,652 - PaperAgentLogger - DEBUG - New map
2025-12-13 00:51:26,151 - PaperAgentLogger - INFO - ################## PaperArchitecture_map20x20_rho1_10Agent/K3_HS0/1765556206 - End of loop ##################  
 ####### Case3055 	 Computation time:1.4980390071868896 	 Step50/50	- AllReachGoal-True

2025-12-13 00:51:26,152 - PaperAgentLogger - INFO - current rateReachGoal: 0
2025-12-13 00:51:26,172 - PaperAgentLogger - DEBUG - New map
2025-12-13 00:51:27,212 - PaperAgentLogger - INFO - ################## PaperArchitecture_map20x20_rho1_10Agent/K3_HS0/1765556206 - End of loop ##################  
 ####### Case3056 	 Computation time:1.039785385131836 	 Step35/66	- AllReachGoal-True

2025-12-13 00:51:27,213 - PaperAgentLogger - INFO - current rateReachGoal: 0
2025-12-13 00:51:27,232 - PaperAgentLogger - DEBUG - New map
2025-12-13 00:51:28,953 - PaperAgentLogger - INFO - ################## PaperArchitecture_map20x20_rho1_10Agent/K3_HS0/1765556206 - End of loop ##################  
 ####### Case3057 	 Computation time:1.7204320430755615 	 Step58/58	- AllReachGoal-False

2025-12-13 00:51:28,953 - PaperAgentLogger - INFO - current rateReachGoal: 0
2025-12-13 00:51:28,971 - PaperAgentLogger - DEBUG - New map
2025-12-13 00:51:30,531 - PaperAgentLogger - INFO - ################## PaperArchitecture_map20x20_rho1_10Agent/K3_HS0/1765556206 - End of loop ##################  
 ####### Case3058 	 Computation time:1.559187889099121 	 Step52/52	- AllReachGoal-False

2025-12-13 00:51:30,532 - PaperAgentLogger - INFO - current rateReachGoal: 0
2025-12-13 00:51:30,550 - PaperAgentLogger - DEBUG - New map
2025-12-13 00:51:31,309 - PaperAgentLogger - INFO - ################## PaperArchitecture_map20x20_rho1_10Agent/K3_HS0/1765556206 - End of loop ##################  
 ####### Case3059 	 Computation time:0.7584900856018066 	 Step25/50	- AllReachGoal-True

2025-12-13 00:51:31,311 - PaperAgentLogger - INFO - current rateReachGoal: 0
2025-12-13 00:51:31,330 - PaperAgentLogger - DEBUG - New map
2025-12-13 00:51:32,878 - PaperAgentLogger - INFO - ################## PaperArchitecture_map20x20_rho1_10Agent/K3_HS0/1765556206 - End of loop ##################  
 ####### Case3060 	 Computation time:1.546574592590332 	 Step50/50	- AllReachGoal-False

2025-12-13 00:51:32,878 - PaperAgentLogger - INFO - current rateReachGoal: 0
2025-12-13 00:51:32,898 - PaperAgentLogger - DEBUG - New map
2025-12-13 00:51:34,544 - PaperAgentLogger - INFO - ################## PaperArchitecture_map20x20_rho1_10Agent/K3_HS0/1765556206 - End of loop ##################  
 ####### Case3061 	 Computation time:1.6452157497406006 	 Step56/56	- AllReachGoal-False

2025-12-13 00:51:34,544 - PaperAgentLogger - INFO - current rateReachGoal: 0
2025-12-13 00:51:34,565 - PaperAgentLogger - DEBUG - New map
2025-12-13 00:51:36,522 - PaperAgentLogger - INFO - ################## PaperArchitecture_map20x20_rho1_10Agent/K3_HS0/1765556206 - End of loop ##################  
 ####### Case3062 	 Computation time:1.956073522567749 	 Step64/64	- AllReachGoal-False

2025-12-13 00:51:36,522 - PaperAgentLogger - INFO - current rateReachGoal: 0
2025-12-13 00:51:36,542 - PaperAgentLogger - DEBUG - New map
2025-12-13 00:51:37,615 - PaperAgentLogger - INFO - ################## PaperArchitecture_map20x20_rho1_10Agent/K3_HS0/1765556206 - End of loop ##################  
 ####### Case3063 	 Computation time:1.0724034309387207 	 Step36/62	- AllReachGoal-True

2025-12-13 00:51:37,616 - PaperAgentLogger - INFO - current rateReachGoal: 0
2025-12-13 00:51:37,634 - PaperAgentLogger - DEBUG - New map
2025-12-13 00:51:38,412 - PaperAgentLogger - INFO - ################## PaperArchitecture_map20x20_rho1_10Agent/K3_HS0/1765556206 - End of loop ##################  
 ####### Case3064 	 Computation time:0.7768282890319824 	 Step26/50	- AllReachGoal-True

2025-12-13 00:51:38,412 - PaperAgentLogger - INFO - current rateReachGoal: 0
2025-12-13 00:51:38,431 - PaperAgentLogger - DEBUG - New map
2025-12-13 00:51:39,473 - PaperAgentLogger - INFO - ################## PaperArchitecture_map20x20_rho1_10Agent/K3_HS0/1765556206 - End of loop ##################  
 ####### Case3065 	 Computation time:1.0411224365234375 	 Step34/52	- AllReachGoal-True

2025-12-13 00:51:39,473 - PaperAgentLogger - INFO - current rateReachGoal: 0
2025-12-13 00:51:39,491 - PaperAgentLogger - DEBUG - New map
2025-12-13 00:51:41,133 - PaperAgentLogger - INFO - ################## PaperArchitecture_map20x20_rho1_10Agent/K3_HS0/1765556206 - End of loop ##################  
 ####### Case3066 	 Computation time:1.640949010848999 	 Step56/56	- AllReachGoal-False

2025-12-13 00:51:41,133 - PaperAgentLogger - INFO - current rateReachGoal: 0
2025-12-13 00:51:41,151 - PaperAgentLogger - DEBUG - New map
2025-12-13 00:51:42,211 - PaperAgentLogger - INFO - ################## PaperArchitecture_map20x20_rho1_10Agent/K3_HS0/1765556206 - End of loop ##################  
 ####### Case3067 	 Computation time:1.0592031478881836 	 Step35/54	- AllReachGoal-True

2025-12-13 00:51:42,213 - PaperAgentLogger - INFO - current rateReachGoal: 0
2025-12-13 00:51:42,233 - PaperAgentLogger - DEBUG - New map
2025-12-13 00:51:44,235 - PaperAgentLogger - INFO - ################## PaperArchitecture_map20x20_rho1_10Agent/K3_HS0/1765556206 - End of loop ##################  
 ####### Case3068 	 Computation time:2.0007388591766357 	 Step64/64	- AllReachGoal-False

2025-12-13 00:51:44,235 - PaperAgentLogger - INFO - current rateReachGoal: 0
2025-12-13 00:51:44,254 - PaperAgentLogger - DEBUG - New map
2025-12-13 00:51:45,179 - PaperAgentLogger - INFO - ################## PaperArchitecture_map20x20_rho1_10Agent/K3_HS0/1765556206 - End of loop ##################  
 ####### Case3069 	 Computation time:0.9246752262115479 	 Step31/56	- AllReachGoal-True

2025-12-13 00:51:45,179 - PaperAgentLogger - INFO - current rateReachGoal: 0
2025-12-13 00:51:45,198 - PaperAgentLogger - DEBUG - New map
2025-12-13 00:51:46,888 - PaperAgentLogger - INFO - ################## PaperArchitecture_map20x20_rho1_10Agent/K3_HS0/1765556206 - End of loop ##################  
 ####### Case3070 	 Computation time:1.6888821125030518 	 Step54/54	- AllReachGoal-False

2025-12-13 00:51:46,888 - PaperAgentLogger - INFO - current rateReachGoal: 0
2025-12-13 00:51:46,908 - PaperAgentLogger - DEBUG - New map
2025-12-13 00:51:48,806 - PaperAgentLogger - INFO - ################## PaperArchitecture_map20x20_rho1_10Agent/K3_HS0/1765556206 - End of loop ##################  
 ####### Case3071 	 Computation time:1.8980498313903809 	 Step64/64	- AllReachGoal-False

2025-12-13 00:51:48,807 - PaperAgentLogger - INFO - current rateReachGoal: 0
2025-12-13 00:51:48,827 - PaperAgentLogger - DEBUG - New map
2025-12-13 00:51:49,913 - PaperAgentLogger - INFO - ################## PaperArchitecture_map20x20_rho1_10Agent/K3_HS0/1765556206 - End of loop ##################  
 ####### Case3072 	 Computation time:1.0859153270721436 	 Step36/72	- AllReachGoal-True

2025-12-13 00:51:49,914 - PaperAgentLogger - INFO - current rateReachGoal: 0
2025-12-13 00:51:49,933 - PaperAgentLogger - DEBUG - New map
2025-12-13 00:51:51,828 - PaperAgentLogger - INFO - ################## PaperArchitecture_map20x20_rho1_10Agent/K3_HS0/1765556206 - End of loop ##################  
 ####### Case3073 	 Computation time:1.8943052291870117 	 Step58/58	- AllReachGoal-False

2025-12-13 00:51:51,829 - PaperAgentLogger - INFO - current rateReachGoal: 0
2025-12-13 00:51:51,848 - PaperAgentLogger - DEBUG - New map
2025-12-13 00:51:52,809 - PaperAgentLogger - INFO - ################## PaperArchitecture_map20x20_rho1_10Agent/K3_HS0/1765556206 - End of loop ##################  
 ####### Case3074 	 Computation time:0.960322380065918 	 Step29/50	- AllReachGoal-True

2025-12-13 00:51:52,810 - PaperAgentLogger - INFO - current rateReachGoal: 0
2025-12-13 00:51:52,831 - PaperAgentLogger - DEBUG - New map
2025-12-13 00:51:54,019 - PaperAgentLogger - INFO - ################## PaperArchitecture_map20x20_rho1_10Agent/K3_HS0/1765556206 - End of loop ##################  
 ####### Case3075 	 Computation time:1.1875791549682617 	 Step36/60	- AllReachGoal-True

2025-12-13 00:51:54,021 - PaperAgentLogger - INFO - current rateReachGoal: 0
2025-12-13 00:51:54,039 - PaperAgentLogger - DEBUG - New map
2025-12-13 00:51:55,035 - PaperAgentLogger - INFO - ################## PaperArchitecture_map20x20_rho1_10Agent/K3_HS0/1765556206 - End of loop ##################  
 ####### Case3076 	 Computation time:0.9951403141021729 	 Step33/54	- AllReachGoal-True

2025-12-13 00:51:55,035 - PaperAgentLogger - INFO - current rateReachGoal: 0
2025-12-13 00:51:55,055 - PaperAgentLogger - DEBUG - New map
2025-12-13 00:51:56,467 - PaperAgentLogger - INFO - ################## PaperArchitecture_map20x20_rho1_10Agent/K3_HS0/1765556206 - End of loop ##################  
 ####### Case3077 	 Computation time:1.411714792251587 	 Step47/58	- AllReachGoal-True

2025-12-13 00:51:56,468 - PaperAgentLogger - INFO - current rateReachGoal: 0
2025-12-13 00:51:56,489 - PaperAgentLogger - DEBUG - New map
2025-12-13 00:51:58,547 - PaperAgentLogger - INFO - ################## PaperArchitecture_map20x20_rho1_10Agent/K3_HS0/1765556206 - End of loop ##################  
 ####### Case3078 	 Computation time:2.0565176010131836 	 Step68/68	- AllReachGoal-False

2025-12-13 00:51:58,547 - PaperAgentLogger - INFO - current rateReachGoal: 0
2025-12-13 00:51:58,564 - PaperAgentLogger - DEBUG - New map
2025-12-13 00:51:59,992 - PaperAgentLogger - INFO - ################## PaperArchitecture_map20x20_rho1_10Agent/K3_HS0/1765556206 - End of loop ##################  
 ####### Case3079 	 Computation time:1.4268066883087158 	 Step48/48	- AllReachGoal-False

2025-12-13 00:51:59,992 - PaperAgentLogger - INFO - current rateReachGoal: 0
2025-12-13 00:52:00,009 - PaperAgentLogger - DEBUG - New map
2025-12-13 00:52:01,431 - PaperAgentLogger - INFO - ################## PaperArchitecture_map20x20_rho1_10Agent/K3_HS0/1765556206 - End of loop ##################  
 ####### Case3080 	 Computation time:1.4216346740722656 	 Step48/48	- AllReachGoal-False

2025-12-13 00:52:01,432 - PaperAgentLogger - INFO - current rateReachGoal: 0
2025-12-13 00:52:01,451 - PaperAgentLogger - DEBUG - New map
2025-12-13 00:52:02,311 - PaperAgentLogger - INFO - ################## PaperArchitecture_map20x20_rho1_10Agent/K3_HS0/1765556206 - End of loop ##################  
 ####### Case3081 	 Computation time:0.8593332767486572 	 Step29/58	- AllReachGoal-True

2025-12-13 00:52:02,311 - PaperAgentLogger - INFO - current rateReachGoal: 0
2025-12-13 00:52:02,328 - PaperAgentLogger - DEBUG - New map
2025-12-13 00:52:03,918 - PaperAgentLogger - INFO - ################## PaperArchitecture_map20x20_rho1_10Agent/K3_HS0/1765556206 - End of loop ##################  
 ####### Case3082 	 Computation time:1.589493989944458 	 Step52/52	- AllReachGoal-False

2025-12-13 00:52:03,919 - PaperAgentLogger - INFO - current rateReachGoal: 0
2025-12-13 00:52:03,936 - PaperAgentLogger - DEBUG - New map
2025-12-13 00:52:04,830 - PaperAgentLogger - INFO - ################## PaperArchitecture_map20x20_rho1_10Agent/K3_HS0/1765556206 - End of loop ##################  
 ####### Case3083 	 Computation time:0.8931488990783691 	 Step28/52	- AllReachGoal-True

2025-12-13 00:52:04,831 - PaperAgentLogger - INFO - current rateReachGoal: 0
2025-12-13 00:52:04,849 - PaperAgentLogger - DEBUG - New map
2025-12-13 00:52:06,393 - PaperAgentLogger - INFO - ################## PaperArchitecture_map20x20_rho1_10Agent/K3_HS0/1765556206 - End of loop ##################  
 ####### Case3084 	 Computation time:1.542816162109375 	 Step52/52	- AllReachGoal-False

2025-12-13 00:52:06,393 - PaperAgentLogger - INFO - current rateReachGoal: 0
2025-12-13 00:52:06,412 - PaperAgentLogger - DEBUG - New map
2025-12-13 00:52:08,122 - PaperAgentLogger - INFO - ################## PaperArchitecture_map20x20_rho1_10Agent/K3_HS0/1765556206 - End of loop ##################  
 ####### Case3085 	 Computation time:1.7099523544311523 	 Step58/58	- AllReachGoal-False

2025-12-13 00:52:08,123 - PaperAgentLogger - INFO - current rateReachGoal: 0
2025-12-13 00:52:08,143 - PaperAgentLogger - DEBUG - New map
2025-12-13 00:52:09,006 - PaperAgentLogger - INFO - ################## PaperArchitecture_map20x20_rho1_10Agent/K3_HS0/1765556206 - End of loop ##################  
 ####### Case3086 	 Computation time:0.8629302978515625 	 Step29/58	- AllReachGoal-True

2025-12-13 00:52:09,007 - PaperAgentLogger - INFO - current rateReachGoal: 0
2025-12-13 00:52:09,024 - PaperAgentLogger - DEBUG - New map
2025-12-13 00:52:09,844 - PaperAgentLogger - INFO - ################## PaperArchitecture_map20x20_rho1_10Agent/K3_HS0/1765556206 - End of loop ##################  
 ####### Case3087 	 Computation time:0.8191308975219727 	 Step27/54	- AllReachGoal-True

2025-12-13 00:52:09,845 - PaperAgentLogger - INFO - current rateReachGoal: 0
2025-12-13 00:52:09,862 - PaperAgentLogger - DEBUG - New map
2025-12-13 00:52:10,697 - PaperAgentLogger - INFO - ################## PaperArchitecture_map20x20_rho1_10Agent/K3_HS0/1765556206 - End of loop ##################  
 ####### Case3088 	 Computation time:0.835094690322876 	 Step28/48	- AllReachGoal-True

2025-12-13 00:52:10,698 - PaperAgentLogger - INFO - current rateReachGoal: 0
2025-12-13 00:52:10,714 - PaperAgentLogger - DEBUG - New map
2025-12-13 00:52:11,314 - PaperAgentLogger - INFO - ################## PaperArchitecture_map20x20_rho1_10Agent/K3_HS0/1765556206 - End of loop ##################  
 ####### Case3089 	 Computation time:0.5996785163879395 	 Step20/40	- AllReachGoal-True

2025-12-13 00:52:11,315 - PaperAgentLogger - INFO - current rateReachGoal: 0
2025-12-13 00:52:11,333 - PaperAgentLogger - DEBUG - New map
2025-12-13 00:52:12,959 - PaperAgentLogger - INFO - ################## PaperArchitecture_map20x20_rho1_10Agent/K3_HS0/1765556206 - End of loop ##################  
 ####### Case3090 	 Computation time:1.6246109008789062 	 Step54/54	- AllReachGoal-False

2025-12-13 00:52:12,959 - PaperAgentLogger - INFO - current rateReachGoal: 0
2025-12-13 00:52:12,976 - PaperAgentLogger - DEBUG - New map
2025-12-13 00:52:13,822 - PaperAgentLogger - INFO - ################## PaperArchitecture_map20x20_rho1_10Agent/K3_HS0/1765556206 - End of loop ##################  
 ####### Case3091 	 Computation time:0.8455080986022949 	 Step28/48	- AllReachGoal-True

2025-12-13 00:52:13,823 - PaperAgentLogger - INFO - current rateReachGoal: 0
2025-12-13 00:52:13,843 - PaperAgentLogger - DEBUG - New map
2025-12-13 00:52:15,792 - PaperAgentLogger - INFO - ################## PaperArchitecture_map20x20_rho1_10Agent/K3_HS0/1765556206 - End of loop ##################  
 ####### Case3092 	 Computation time:1.9487638473510742 	 Step66/66	- AllReachGoal-False

2025-12-13 00:52:15,793 - PaperAgentLogger - INFO - current rateReachGoal: 0
2025-12-13 00:52:15,810 - PaperAgentLogger - DEBUG - New map
2025-12-13 00:52:17,163 - PaperAgentLogger - INFO - ################## PaperArchitecture_map20x20_rho1_10Agent/K3_HS0/1765556206 - End of loop ##################  
 ####### Case3093 	 Computation time:1.3517253398895264 	 Step45/48	- AllReachGoal-True

2025-12-13 00:52:17,163 - PaperAgentLogger - INFO - current rateReachGoal: 0
2025-12-13 00:52:17,181 - PaperAgentLogger - DEBUG - New map
2025-12-13 00:52:18,244 - PaperAgentLogger - INFO - ################## PaperArchitecture_map20x20_rho1_10Agent/K3_HS0/1765556206 - End of loop ##################  
 ####### Case3094 	 Computation time:1.0622985363006592 	 Step34/50	- AllReachGoal-True

2025-12-13 00:52:18,247 - PaperAgentLogger - INFO - current rateReachGoal: 0
2025-12-13 00:52:18,266 - PaperAgentLogger - DEBUG - New map
2025-12-13 00:52:19,733 - PaperAgentLogger - INFO - ################## PaperArchitecture_map20x20_rho1_10Agent/K3_HS0/1765556206 - End of loop ##################  
 ####### Case3095 	 Computation time:1.466860294342041 	 Step45/52	- AllReachGoal-True

2025-12-13 00:52:19,734 - PaperAgentLogger - INFO - current rateReachGoal: 0
2025-12-13 00:52:19,752 - PaperAgentLogger - DEBUG - New map
2025-12-13 00:52:21,270 - PaperAgentLogger - INFO - ################## PaperArchitecture_map20x20_rho1_10Agent/K3_HS0/1765556206 - End of loop ##################  
 ####### Case3096 	 Computation time:1.517333984375 	 Step52/52	- AllReachGoal-False

2025-12-13 00:52:21,270 - PaperAgentLogger - INFO - current rateReachGoal: 0
2025-12-13 00:52:21,288 - PaperAgentLogger - DEBUG - New map
2025-12-13 00:52:22,872 - PaperAgentLogger - INFO - ################## PaperArchitecture_map20x20_rho1_10Agent/K3_HS0/1765556206 - End of loop ##################  
 ####### Case3097 	 Computation time:1.583756685256958 	 Step52/52	- AllReachGoal-False

2025-12-13 00:52:22,873 - PaperAgentLogger - INFO - current rateReachGoal: 0
2025-12-13 00:52:22,893 - PaperAgentLogger - DEBUG - New map
2025-12-13 00:52:24,804 - PaperAgentLogger - INFO - ################## PaperArchitecture_map20x20_rho1_10Agent/K3_HS0/1765556206 - End of loop ##################  
 ####### Case3098 	 Computation time:1.9102849960327148 	 Step64/64	- AllReachGoal-False

2025-12-13 00:52:24,805 - PaperAgentLogger - INFO - current rateReachGoal: 0
2025-12-13 00:52:24,823 - PaperAgentLogger - DEBUG - New map
2025-12-13 00:52:25,773 - PaperAgentLogger - INFO - ################## PaperArchitecture_map20x20_rho1_10Agent/K3_HS0/1765556206 - End of loop ##################  
 ####### Case3099 	 Computation time:0.9486896991729736 	 Step32/58	- AllReachGoal-True

2025-12-13 00:52:25,773 - PaperAgentLogger - INFO - current rateReachGoal: 0
2025-12-13 00:52:25,791 - PaperAgentLogger - DEBUG - New map
2025-12-13 00:52:26,746 - PaperAgentLogger - INFO - ################## PaperArchitecture_map20x20_rho1_10Agent/K3_HS0/1765556206 - End of loop ##################  
 ####### Case3100 	 Computation time:0.9547858238220215 	 Step32/56	- AllReachGoal-True

2025-12-13 00:52:26,747 - PaperAgentLogger - INFO - current rateReachGoal: 0
2025-12-13 00:52:26,767 - PaperAgentLogger - DEBUG - New map
2025-12-13 00:52:27,871 - PaperAgentLogger - INFO - ################## PaperArchitecture_map20x20_rho1_10Agent/K3_HS0/1765556206 - End of loop ##################  
 ####### Case3101 	 Computation time:1.1030895709991455 	 Step37/56	- AllReachGoal-True

2025-12-13 00:52:27,871 - PaperAgentLogger - INFO - current rateReachGoal: 0
2025-12-13 00:52:27,892 - PaperAgentLogger - DEBUG - New map
2025-12-13 00:52:28,679 - PaperAgentLogger - INFO - ################## PaperArchitecture_map20x20_rho1_10Agent/K3_HS0/1765556206 - End of loop ##################  
 ####### Case3102 	 Computation time:0.78664231300354 	 Step26/52	- AllReachGoal-True

2025-12-13 00:52:28,680 - PaperAgentLogger - INFO - current rateReachGoal: 0
2025-12-13 00:52:28,697 - PaperAgentLogger - DEBUG - New map
2025-12-13 00:52:29,663 - PaperAgentLogger - INFO - ################## PaperArchitecture_map20x20_rho1_10Agent/K3_HS0/1765556206 - End of loop ##################  
 ####### Case3103 	 Computation time:0.9650828838348389 	 Step32/44	- AllReachGoal-True

2025-12-13 00:52:29,663 - PaperAgentLogger - INFO - current rateReachGoal: 0
2025-12-13 00:52:29,680 - PaperAgentLogger - DEBUG - New map
2025-12-13 00:52:30,471 - PaperAgentLogger - INFO - ################## PaperArchitecture_map20x20_rho1_10Agent/K3_HS0/1765556206 - End of loop ##################  
 ####### Case3104 	 Computation time:0.7906386852264404 	 Step26/46	- AllReachGoal-True

2025-12-13 00:52:30,473 - PaperAgentLogger - INFO - current rateReachGoal: 0
2025-12-13 00:52:30,492 - PaperAgentLogger - DEBUG - New map
2025-12-13 00:52:31,508 - PaperAgentLogger - INFO - ################## PaperArchitecture_map20x20_rho1_10Agent/K3_HS0/1765556206 - End of loop ##################  
 ####### Case3105 	 Computation time:1.0158698558807373 	 Step33/58	- AllReachGoal-True

2025-12-13 00:52:31,509 - PaperAgentLogger - INFO - current rateReachGoal: 0
2025-12-13 00:52:31,528 - PaperAgentLogger - DEBUG - New map
2025-12-13 00:52:33,137 - PaperAgentLogger - INFO - ################## PaperArchitecture_map20x20_rho1_10Agent/K3_HS0/1765556206 - End of loop ##################  
 ####### Case3106 	 Computation time:1.6078217029571533 	 Step52/52	- AllReachGoal-False

2025-12-13 00:52:33,137 - PaperAgentLogger - INFO - current rateReachGoal: 0
2025-12-13 00:52:33,154 - PaperAgentLogger - DEBUG - New map
2025-12-13 00:52:33,966 - PaperAgentLogger - INFO - ################## PaperArchitecture_map20x20_rho1_10Agent/K3_HS0/1765556206 - End of loop ##################  
 ####### Case3107 	 Computation time:0.8119440078735352 	 Step27/48	- AllReachGoal-True

2025-12-13 00:52:33,967 - PaperAgentLogger - INFO - current rateReachGoal: 0
2025-12-13 00:52:33,985 - PaperAgentLogger - DEBUG - New map
2025-12-13 00:52:35,806 - PaperAgentLogger - INFO - ################## PaperArchitecture_map20x20_rho1_10Agent/K3_HS0/1765556206 - End of loop ##################  
 ####### Case3108 	 Computation time:1.8198599815368652 	 Step60/60	- AllReachGoal-False

2025-12-13 00:52:35,808 - PaperAgentLogger - INFO - current rateReachGoal: 0
2025-12-13 00:52:35,826 - PaperAgentLogger - DEBUG - New map
2025-12-13 00:52:36,596 - PaperAgentLogger - INFO - ################## PaperArchitecture_map20x20_rho1_10Agent/K3_HS0/1765556206 - End of loop ##################  
 ####### Case3109 	 Computation time:0.7690565586090088 	 Step23/48	- AllReachGoal-True

2025-12-13 00:52:36,596 - PaperAgentLogger - INFO - current rateReachGoal: 0
2025-12-13 00:52:36,615 - PaperAgentLogger - DEBUG - New map
2025-12-13 00:52:38,222 - PaperAgentLogger - INFO - ################## PaperArchitecture_map20x20_rho1_10Agent/K3_HS0/1765556206 - End of loop ##################  
 ####### Case3110 	 Computation time:1.6068356037139893 	 Step52/52	- AllReachGoal-False

2025-12-13 00:52:38,223 - PaperAgentLogger - INFO - current rateReachGoal: 0
2025-12-13 00:52:38,242 - PaperAgentLogger - DEBUG - New map
2025-12-13 00:52:39,261 - PaperAgentLogger - INFO - ################## PaperArchitecture_map20x20_rho1_10Agent/K3_HS0/1765556206 - End of loop ##################  
 ####### Case3111 	 Computation time:1.0185496807098389 	 Step34/60	- AllReachGoal-True

2025-12-13 00:52:39,262 - PaperAgentLogger - INFO - current rateReachGoal: 0
2025-12-13 00:52:39,282 - PaperAgentLogger - DEBUG - New map
2025-12-13 00:52:40,330 - PaperAgentLogger - INFO - ################## PaperArchitecture_map20x20_rho1_10Agent/K3_HS0/1765556206 - End of loop ##################  
 ####### Case3112 	 Computation time:1.0471067428588867 	 Step35/64	- AllReachGoal-True

2025-12-13 00:52:40,330 - PaperAgentLogger - INFO - current rateReachGoal: 0
2025-12-13 00:52:40,353 - PaperAgentLogger - DEBUG - New map
2025-12-13 00:52:41,377 - PaperAgentLogger - INFO - ################## PaperArchitecture_map20x20_rho1_10Agent/K3_HS0/1765556206 - End of loop ##################  
 ####### Case3113 	 Computation time:1.0233888626098633 	 Step31/60	- AllReachGoal-True

2025-12-13 00:52:41,379 - PaperAgentLogger - INFO - current rateReachGoal: 0
2025-12-13 00:52:41,399 - PaperAgentLogger - DEBUG - New map
2025-12-13 00:52:42,388 - PaperAgentLogger - INFO - ################## PaperArchitecture_map20x20_rho1_10Agent/K3_HS0/1765556206 - End of loop ##################  
 ####### Case3114 	 Computation time:0.9878287315368652 	 Step33/60	- AllReachGoal-True

2025-12-13 00:52:42,388 - PaperAgentLogger - INFO - current rateReachGoal: 0
2025-12-13 00:52:42,405 - PaperAgentLogger - DEBUG - New map
2025-12-13 00:52:43,878 - PaperAgentLogger - INFO - ################## PaperArchitecture_map20x20_rho1_10Agent/K3_HS0/1765556206 - End of loop ##################  
 ####### Case3115 	 Computation time:1.4728224277496338 	 Step48/48	- AllReachGoal-False

2025-12-13 00:52:43,879 - PaperAgentLogger - INFO - current rateReachGoal: 0
2025-12-13 00:52:43,895 - PaperAgentLogger - DEBUG - New map
2025-12-13 00:52:44,645 - PaperAgentLogger - INFO - ################## PaperArchitecture_map20x20_rho1_10Agent/K3_HS0/1765556206 - End of loop ##################  
 ####### Case3116 	 Computation time:0.7493784427642822 	 Step25/46	- AllReachGoal-True

2025-12-13 00:52:44,646 - PaperAgentLogger - INFO - current rateReachGoal: 0
2025-12-13 00:52:44,666 - PaperAgentLogger - DEBUG - New map
2025-12-13 00:52:45,538 - PaperAgentLogger - INFO - ################## PaperArchitecture_map20x20_rho1_10Agent/K3_HS0/1765556206 - End of loop ##################  
 ####### Case3117 	 Computation time:0.871135950088501 	 Step29/58	- AllReachGoal-True

2025-12-13 00:52:45,538 - PaperAgentLogger - INFO - current rateReachGoal: 0
2025-12-13 00:52:45,556 - PaperAgentLogger - DEBUG - New map
2025-12-13 00:52:46,519 - PaperAgentLogger - INFO - ################## PaperArchitecture_map20x20_rho1_10Agent/K3_HS0/1765556206 - End of loop ##################  
 ####### Case3118 	 Computation time:0.9627161026000977 	 Step32/58	- AllReachGoal-True

2025-12-13 00:52:46,522 - PaperAgentLogger - INFO - current rateReachGoal: 0
2025-12-13 00:52:46,540 - PaperAgentLogger - DEBUG - New map
2025-12-13 00:52:48,187 - PaperAgentLogger - INFO - ################## PaperArchitecture_map20x20_rho1_10Agent/K3_HS0/1765556206 - End of loop ##################  
 ####### Case3119 	 Computation time:1.6463990211486816 	 Step54/54	- AllReachGoal-False

2025-12-13 00:52:48,188 - PaperAgentLogger - INFO - current rateReachGoal: 0
2025-12-13 00:52:48,204 - PaperAgentLogger - DEBUG - New map
2025-12-13 00:52:49,006 - PaperAgentLogger - INFO - ################## PaperArchitecture_map20x20_rho1_10Agent/K3_HS0/1765556206 - End of loop ##################  
 ####### Case3120 	 Computation time:0.8010826110839844 	 Step24/48	- AllReachGoal-True

2025-12-13 00:52:49,006 - PaperAgentLogger - INFO - current rateReachGoal: 0
2025-12-13 00:52:49,023 - PaperAgentLogger - DEBUG - New map
2025-12-13 00:52:49,772 - PaperAgentLogger - INFO - ################## PaperArchitecture_map20x20_rho1_10Agent/K3_HS0/1765556206 - End of loop ##################  
 ####### Case3121 	 Computation time:0.7482054233551025 	 Step24/48	- AllReachGoal-True

2025-12-13 00:52:49,773 - PaperAgentLogger - INFO - current rateReachGoal: 0
2025-12-13 00:52:49,791 - PaperAgentLogger - DEBUG - New map
2025-12-13 00:52:50,872 - PaperAgentLogger - INFO - ################## PaperArchitecture_map20x20_rho1_10Agent/K3_HS0/1765556206 - End of loop ##################  
 ####### Case3122 	 Computation time:1.0797944068908691 	 Step34/54	- AllReachGoal-True

2025-12-13 00:52:50,872 - PaperAgentLogger - INFO - current rateReachGoal: 0
2025-12-13 00:52:50,890 - PaperAgentLogger - DEBUG - New map
2025-12-13 00:52:51,737 - PaperAgentLogger - INFO - ################## PaperArchitecture_map20x20_rho1_10Agent/K3_HS0/1765556206 - End of loop ##################  
 ####### Case3123 	 Computation time:0.8466029167175293 	 Step28/54	- AllReachGoal-True

2025-12-13 00:52:51,739 - PaperAgentLogger - INFO - current rateReachGoal: 0
2025-12-13 00:52:51,756 - PaperAgentLogger - DEBUG - New map
2025-12-13 00:52:52,693 - PaperAgentLogger - INFO - ################## PaperArchitecture_map20x20_rho1_10Agent/K3_HS0/1765556206 - End of loop ##################  
 ####### Case3124 	 Computation time:0.9363937377929688 	 Step28/48	- AllReachGoal-True

2025-12-13 00:52:52,694 - PaperAgentLogger - INFO - current rateReachGoal: 0
2025-12-13 00:52:52,711 - PaperAgentLogger - DEBUG - New map
2025-12-13 00:52:53,758 - PaperAgentLogger - INFO - ################## PaperArchitecture_map20x20_rho1_10Agent/K3_HS0/1765556206 - End of loop ##################  
 ####### Case3125 	 Computation time:1.0456364154815674 	 Step32/60	- AllReachGoal-True

2025-12-13 00:52:53,758 - PaperAgentLogger - INFO - current rateReachGoal: 0
2025-12-13 00:52:53,777 - PaperAgentLogger - DEBUG - New map
2025-12-13 00:52:55,537 - PaperAgentLogger - INFO - ################## PaperArchitecture_map20x20_rho1_10Agent/K3_HS0/1765556206 - End of loop ##################  
 ####### Case3126 	 Computation time:1.7588953971862793 	 Step56/56	- AllReachGoal-False

2025-12-13 00:52:55,537 - PaperAgentLogger - INFO - current rateReachGoal: 0
2025-12-13 00:52:55,556 - PaperAgentLogger - DEBUG - New map
2025-12-13 00:52:56,545 - PaperAgentLogger - INFO - ################## PaperArchitecture_map20x20_rho1_10Agent/K3_HS0/1765556206 - End of loop ##################  
 ####### Case3127 	 Computation time:0.9886703491210938 	 Step33/58	- AllReachGoal-True

2025-12-13 00:52:56,546 - PaperAgentLogger - INFO - current rateReachGoal: 0
2025-12-13 00:52:56,564 - PaperAgentLogger - DEBUG - New map
2025-12-13 00:52:57,406 - PaperAgentLogger - INFO - ################## PaperArchitecture_map20x20_rho1_10Agent/K3_HS0/1765556206 - End of loop ##################  
 ####### Case3128 	 Computation time:0.8408000469207764 	 Step27/54	- AllReachGoal-True

2025-12-13 00:52:57,406 - PaperAgentLogger - INFO - current rateReachGoal: 0
2025-12-13 00:52:57,425 - PaperAgentLogger - DEBUG - New map
2025-12-13 00:52:58,351 - PaperAgentLogger - INFO - ################## PaperArchitecture_map20x20_rho1_10Agent/K3_HS0/1765556206 - End of loop ##################  
 ####### Case3129 	 Computation time:0.9256982803344727 	 Step31/50	- AllReachGoal-True

2025-12-13 00:52:58,352 - PaperAgentLogger - INFO - current rateReachGoal: 0
2025-12-13 00:52:58,369 - PaperAgentLogger - DEBUG - New map
2025-12-13 00:52:59,737 - PaperAgentLogger - INFO - ################## PaperArchitecture_map20x20_rho1_10Agent/K3_HS0/1765556206 - End of loop ##################  
 ####### Case3130 	 Computation time:1.3674540519714355 	 Step46/46	- AllReachGoal-False

2025-12-13 00:52:59,738 - PaperAgentLogger - INFO - current rateReachGoal: 0
2025-12-13 00:52:59,757 - PaperAgentLogger - DEBUG - New map
2025-12-13 00:53:00,896 - PaperAgentLogger - INFO - ################## PaperArchitecture_map20x20_rho1_10Agent/K3_HS0/1765556206 - End of loop ##################  
 ####### Case3131 	 Computation time:1.1390330791473389 	 Step38/58	- AllReachGoal-True

2025-12-13 00:53:00,897 - PaperAgentLogger - INFO - current rateReachGoal: 0
2025-12-13 00:53:00,915 - PaperAgentLogger - DEBUG - New map
2025-12-13 00:53:02,642 - PaperAgentLogger - INFO - ################## PaperArchitecture_map20x20_rho1_10Agent/K3_HS0/1765556206 - End of loop ##################  
 ####### Case3132 	 Computation time:1.7259645462036133 	 Step58/58	- AllReachGoal-False

2025-12-13 00:53:02,644 - PaperAgentLogger - INFO - current rateReachGoal: 0
2025-12-13 00:53:02,661 - PaperAgentLogger - DEBUG - New map
2025-12-13 00:53:03,856 - PaperAgentLogger - INFO - ################## PaperArchitecture_map20x20_rho1_10Agent/K3_HS0/1765556206 - End of loop ##################  
 ####### Case3133 	 Computation time:1.1940534114837646 	 Step40/50	- AllReachGoal-True

2025-12-13 00:53:03,856 - PaperAgentLogger - INFO - current rateReachGoal: 0
2025-12-13 00:53:03,874 - PaperAgentLogger - DEBUG - New map
2025-12-13 00:53:04,597 - PaperAgentLogger - INFO - ################## PaperArchitecture_map20x20_rho1_10Agent/K3_HS0/1765556206 - End of loop ##################  
 ####### Case3134 	 Computation time:0.7226288318634033 	 Step24/48	- AllReachGoal-True

2025-12-13 00:53:04,598 - PaperAgentLogger - INFO - current rateReachGoal: 0
2025-12-13 00:53:04,615 - PaperAgentLogger - DEBUG - New map
2025-12-13 00:53:05,555 - PaperAgentLogger - INFO - ################## PaperArchitecture_map20x20_rho1_10Agent/K3_HS0/1765556206 - End of loop ##################  
 ####### Case3135 	 Computation time:0.9391677379608154 	 Step31/50	- AllReachGoal-True

2025-12-13 00:53:05,556 - PaperAgentLogger - INFO - current rateReachGoal: 0
2025-12-13 00:53:05,576 - PaperAgentLogger - DEBUG - New map
2025-12-13 00:53:07,332 - PaperAgentLogger - INFO - ################## PaperArchitecture_map20x20_rho1_10Agent/K3_HS0/1765556206 - End of loop ##################  
 ####### Case3136 	 Computation time:1.755159616470337 	 Step56/56	- AllReachGoal-False

2025-12-13 00:53:07,332 - PaperAgentLogger - INFO - current rateReachGoal: 0
2025-12-13 00:53:07,350 - PaperAgentLogger - DEBUG - New map
2025-12-13 00:53:08,102 - PaperAgentLogger - INFO - ################## PaperArchitecture_map20x20_rho1_10Agent/K3_HS0/1765556206 - End of loop ##################  
 ####### Case3137 	 Computation time:0.7515957355499268 	 Step25/46	- AllReachGoal-True

2025-12-13 00:53:08,104 - PaperAgentLogger - INFO - current rateReachGoal: 0
2025-12-13 00:53:08,121 - PaperAgentLogger - DEBUG - New map
2025-12-13 00:53:09,435 - PaperAgentLogger - INFO - ################## PaperArchitecture_map20x20_rho1_10Agent/K3_HS0/1765556206 - End of loop ##################  
 ####### Case3138 	 Computation time:1.3135428428649902 	 Step44/44	- AllReachGoal-False

2025-12-13 00:53:09,436 - PaperAgentLogger - INFO - current rateReachGoal: 0
2025-12-13 00:53:09,454 - PaperAgentLogger - DEBUG - New map
2025-12-13 00:53:10,485 - PaperAgentLogger - INFO - ################## PaperArchitecture_map20x20_rho1_10Agent/K3_HS0/1765556206 - End of loop ##################  
 ####### Case3139 	 Computation time:1.0294630527496338 	 Step32/46	- AllReachGoal-True

2025-12-13 00:53:10,485 - PaperAgentLogger - INFO - current rateReachGoal: 0
2025-12-13 00:53:10,504 - PaperAgentLogger - DEBUG - New map
2025-12-13 00:53:11,299 - PaperAgentLogger - INFO - ################## PaperArchitecture_map20x20_rho1_10Agent/K3_HS0/1765556206 - End of loop ##################  
 ####### Case3140 	 Computation time:0.7949249744415283 	 Step26/52	- AllReachGoal-True

2025-12-13 00:53:11,300 - PaperAgentLogger - INFO - current rateReachGoal: 0
2025-12-13 00:53:11,317 - PaperAgentLogger - DEBUG - New map
2025-12-13 00:53:12,779 - PaperAgentLogger - INFO - ################## PaperArchitecture_map20x20_rho1_10Agent/K3_HS0/1765556206 - End of loop ##################  
 ####### Case3141 	 Computation time:1.4616127014160156 	 Step48/48	- AllReachGoal-False

2025-12-13 00:53:12,780 - PaperAgentLogger - INFO - current rateReachGoal: 0
2025-12-13 00:53:12,798 - PaperAgentLogger - DEBUG - New map
2025-12-13 00:53:13,637 - PaperAgentLogger - INFO - ################## PaperArchitecture_map20x20_rho1_10Agent/K3_HS0/1765556206 - End of loop ##################  
 ####### Case3142 	 Computation time:0.8386068344116211 	 Step28/52	- AllReachGoal-True

2025-12-13 00:53:13,638 - PaperAgentLogger - INFO - current rateReachGoal: 0
2025-12-13 00:53:13,657 - PaperAgentLogger - DEBUG - New map
2025-12-13 00:53:15,477 - PaperAgentLogger - INFO - ################## PaperArchitecture_map20x20_rho1_10Agent/K3_HS0/1765556206 - End of loop ##################  
 ####### Case3143 	 Computation time:1.819279432296753 	 Step60/60	- AllReachGoal-False

2025-12-13 00:53:15,478 - PaperAgentLogger - INFO - current rateReachGoal: 0
2025-12-13 00:53:15,498 - PaperAgentLogger - DEBUG - New map
2025-12-13 00:53:16,399 - PaperAgentLogger - INFO - ################## PaperArchitecture_map20x20_rho1_10Agent/K3_HS0/1765556206 - End of loop ##################  
 ####### Case3144 	 Computation time:0.9004802703857422 	 Step30/60	- AllReachGoal-True

2025-12-13 00:53:16,400 - PaperAgentLogger - INFO - current rateReachGoal: 0
2025-12-13 00:53:16,416 - PaperAgentLogger - DEBUG - New map
2025-12-13 00:53:17,081 - PaperAgentLogger - INFO - ################## PaperArchitecture_map20x20_rho1_10Agent/K3_HS0/1765556206 - End of loop ##################  
 ####### Case3145 	 Computation time:0.664853572845459 	 Step22/42	- AllReachGoal-True

2025-12-13 00:53:17,082 - PaperAgentLogger - INFO - current rateReachGoal: 0
2025-12-13 00:53:17,100 - PaperAgentLogger - DEBUG - New map
2025-12-13 00:53:17,998 - PaperAgentLogger - INFO - ################## PaperArchitecture_map20x20_rho1_10Agent/K3_HS0/1765556206 - End of loop ##################  
 ####### Case3146 	 Computation time:0.8975119590759277 	 Step30/50	- AllReachGoal-True

2025-12-13 00:53:17,999 - PaperAgentLogger - INFO - current rateReachGoal: 0
2025-12-13 00:53:18,017 - PaperAgentLogger - DEBUG - New map
2025-12-13 00:53:18,765 - PaperAgentLogger - INFO - ################## PaperArchitecture_map20x20_rho1_10Agent/K3_HS0/1765556206 - End of loop ##################  
 ####### Case3147 	 Computation time:0.7473342418670654 	 Step25/48	- AllReachGoal-True

2025-12-13 00:53:18,768 - PaperAgentLogger - INFO - current rateReachGoal: 0
2025-12-13 00:53:18,784 - PaperAgentLogger - DEBUG - New map
2025-12-13 00:53:19,475 - PaperAgentLogger - INFO - ################## PaperArchitecture_map20x20_rho1_10Agent/K3_HS0/1765556206 - End of loop ##################  
 ####### Case3148 	 Computation time:0.6903741359710693 	 Step23/44	- AllReachGoal-True

2025-12-13 00:53:19,476 - PaperAgentLogger - INFO - current rateReachGoal: 0
2025-12-13 00:53:19,493 - PaperAgentLogger - DEBUG - New map
2025-12-13 00:53:20,863 - PaperAgentLogger - INFO - ################## PaperArchitecture_map20x20_rho1_10Agent/K3_HS0/1765556206 - End of loop ##################  
 ####### Case3149 	 Computation time:1.3696370124816895 	 Step46/46	- AllReachGoal-False

2025-12-13 00:53:20,864 - PaperAgentLogger - INFO - current rateReachGoal: 0
2025-12-13 00:53:20,880 - PaperAgentLogger - DEBUG - New map
2025-12-13 00:53:22,074 - PaperAgentLogger - INFO - ################## PaperArchitecture_map20x20_rho1_10Agent/K3_HS0/1765556206 - End of loop ##################  
 ####### Case3150 	 Computation time:1.1929795742034912 	 Step40/44	- AllReachGoal-True

2025-12-13 00:53:22,074 - PaperAgentLogger - INFO - current rateReachGoal: 0
2025-12-13 00:53:22,092 - PaperAgentLogger - DEBUG - New map
2025-12-13 00:53:22,902 - PaperAgentLogger - INFO - ################## PaperArchitecture_map20x20_rho1_10Agent/K3_HS0/1765556206 - End of loop ##################  
 ####### Case3151 	 Computation time:0.8093836307525635 	 Step27/54	- AllReachGoal-True

2025-12-13 00:53:22,902 - PaperAgentLogger - INFO - current rateReachGoal: 0
2025-12-13 00:53:22,920 - PaperAgentLogger - DEBUG - New map
2025-12-13 00:53:23,644 - PaperAgentLogger - INFO - ################## PaperArchitecture_map20x20_rho1_10Agent/K3_HS0/1765556206 - End of loop ##################  
 ####### Case3152 	 Computation time:0.723015308380127 	 Step24/48	- AllReachGoal-True

2025-12-13 00:53:23,644 - PaperAgentLogger - INFO - current rateReachGoal: 0
2025-12-13 00:53:23,661 - PaperAgentLogger - DEBUG - New map
2025-12-13 00:53:24,321 - PaperAgentLogger - INFO - ################## PaperArchitecture_map20x20_rho1_10Agent/K3_HS0/1765556206 - End of loop ##################  
 ####### Case3153 	 Computation time:0.6593220233917236 	 Step22/44	- AllReachGoal-True

2025-12-13 00:53:24,323 - PaperAgentLogger - INFO - current rateReachGoal: 0
2025-12-13 00:53:24,341 - PaperAgentLogger - DEBUG - New map
2025-12-13 00:53:25,749 - PaperAgentLogger - INFO - ################## PaperArchitecture_map20x20_rho1_10Agent/K3_HS0/1765556206 - End of loop ##################  
 ####### Case3154 	 Computation time:1.4074311256408691 	 Step47/62	- AllReachGoal-True

2025-12-13 00:53:25,750 - PaperAgentLogger - INFO - current rateReachGoal: 0
2025-12-13 00:53:25,769 - PaperAgentLogger - DEBUG - New map
2025-12-13 00:53:27,565 - PaperAgentLogger - INFO - ################## PaperArchitecture_map20x20_rho1_10Agent/K3_HS0/1765556206 - End of loop ##################  
 ####### Case3155 	 Computation time:1.79490065574646 	 Step60/60	- AllReachGoal-False

2025-12-13 00:53:27,565 - PaperAgentLogger - INFO - current rateReachGoal: 0
2025-12-13 00:53:27,583 - PaperAgentLogger - DEBUG - New map
2025-12-13 00:53:28,735 - PaperAgentLogger - INFO - ################## PaperArchitecture_map20x20_rho1_10Agent/K3_HS0/1765556206 - End of loop ##################  
 ####### Case3156 	 Computation time:1.1508522033691406 	 Step38/56	- AllReachGoal-True

2025-12-13 00:53:28,735 - PaperAgentLogger - INFO - current rateReachGoal: 0
2025-12-13 00:53:28,755 - PaperAgentLogger - DEBUG - New map
2025-12-13 00:53:30,724 - PaperAgentLogger - INFO - ################## PaperArchitecture_map20x20_rho1_10Agent/K3_HS0/1765556206 - End of loop ##################  
 ####### Case3157 	 Computation time:1.968087911605835 	 Step62/62	- AllReachGoal-False

2025-12-13 00:53:30,725 - PaperAgentLogger - INFO - current rateReachGoal: 0
2025-12-13 00:53:30,745 - PaperAgentLogger - DEBUG - New map
2025-12-13 00:53:32,750 - PaperAgentLogger - INFO - ################## PaperArchitecture_map20x20_rho1_10Agent/K3_HS0/1765556206 - End of loop ##################  
 ####### Case3158 	 Computation time:2.004389524459839 	 Step62/72	- AllReachGoal-True

2025-12-13 00:53:32,751 - PaperAgentLogger - INFO - current rateReachGoal: 0
2025-12-13 00:53:32,767 - PaperAgentLogger - DEBUG - New map
2025-12-13 00:53:34,105 - PaperAgentLogger - INFO - ################## PaperArchitecture_map20x20_rho1_10Agent/K3_HS0/1765556206 - End of loop ##################  
 ####### Case3159 	 Computation time:1.3377671241760254 	 Step44/44	- AllReachGoal-False

2025-12-13 00:53:34,106 - PaperAgentLogger - INFO - current rateReachGoal: 0
2025-12-13 00:53:34,124 - PaperAgentLogger - DEBUG - New map
2025-12-13 00:53:35,703 - PaperAgentLogger - INFO - ################## PaperArchitecture_map20x20_rho1_10Agent/K3_HS0/1765556206 - End of loop ##################  
 ####### Case3160 	 Computation time:1.5782525539398193 	 Step52/52	- AllReachGoal-False

2025-12-13 00:53:35,703 - PaperAgentLogger - INFO - current rateReachGoal: 0
2025-12-13 00:53:35,718 - PaperAgentLogger - DEBUG - New map
2025-12-13 00:53:36,970 - PaperAgentLogger - INFO - ################## PaperArchitecture_map20x20_rho1_10Agent/K3_HS0/1765556206 - End of loop ##################  
 ####### Case3161 	 Computation time:1.2507784366607666 	 Step42/42	- AllReachGoal-False

2025-12-13 00:53:36,970 - PaperAgentLogger - INFO - current rateReachGoal: 0
2025-12-13 00:53:36,988 - PaperAgentLogger - DEBUG - New map
2025-12-13 00:53:37,831 - PaperAgentLogger - INFO - ################## PaperArchitecture_map20x20_rho1_10Agent/K3_HS0/1765556206 - End of loop ##################  
 ####### Case3162 	 Computation time:0.8422317504882812 	 Step28/56	- AllReachGoal-True

2025-12-13 00:53:37,832 - PaperAgentLogger - INFO - current rateReachGoal: 0
2025-12-13 00:53:37,851 - PaperAgentLogger - DEBUG - New map
2025-12-13 00:53:38,661 - PaperAgentLogger - INFO - ################## PaperArchitecture_map20x20_rho1_10Agent/K3_HS0/1765556206 - End of loop ##################  
 ####### Case3163 	 Computation time:0.8098006248474121 	 Step27/54	- AllReachGoal-True

2025-12-13 00:53:38,662 - PaperAgentLogger - INFO - current rateReachGoal: 0
2025-12-13 00:53:38,681 - PaperAgentLogger - DEBUG - New map
2025-12-13 00:53:39,638 - PaperAgentLogger - INFO - ################## PaperArchitecture_map20x20_rho1_10Agent/K3_HS0/1765556206 - End of loop ##################  
 ####### Case3164 	 Computation time:0.9559054374694824 	 Step32/64	- AllReachGoal-True

2025-12-13 00:53:39,638 - PaperAgentLogger - INFO - current rateReachGoal: 0
2025-12-13 00:53:39,657 - PaperAgentLogger - DEBUG - New map
2025-12-13 00:53:41,377 - PaperAgentLogger - INFO - ################## PaperArchitecture_map20x20_rho1_10Agent/K3_HS0/1765556206 - End of loop ##################  
 ####### Case3165 	 Computation time:1.7190101146697998 	 Step58/58	- AllReachGoal-False

2025-12-13 00:53:41,377 - PaperAgentLogger - INFO - current rateReachGoal: 0
2025-12-13 00:53:41,394 - PaperAgentLogger - DEBUG - New map
2025-12-13 00:53:42,082 - PaperAgentLogger - INFO - ################## PaperArchitecture_map20x20_rho1_10Agent/K3_HS0/1765556206 - End of loop ##################  
 ####### Case3166 	 Computation time:0.6881906986236572 	 Step23/46	- AllReachGoal-True

2025-12-13 00:53:42,085 - PaperAgentLogger - INFO - current rateReachGoal: 0
2025-12-13 00:53:42,105 - PaperAgentLogger - DEBUG - New map
2025-12-13 00:53:44,203 - PaperAgentLogger - INFO - ################## PaperArchitecture_map20x20_rho1_10Agent/K3_HS0/1765556206 - End of loop ##################  
 ####### Case3167 	 Computation time:2.0974280834198 	 Step64/64	- AllReachGoal-False

2025-12-13 00:53:44,203 - PaperAgentLogger - INFO - current rateReachGoal: 0
2025-12-13 00:53:44,223 - PaperAgentLogger - DEBUG - New map
2025-12-13 00:53:45,614 - PaperAgentLogger - INFO - ################## PaperArchitecture_map20x20_rho1_10Agent/K3_HS0/1765556206 - End of loop ##################  
 ####### Case3168 	 Computation time:1.3910090923309326 	 Step44/44	- AllReachGoal-False

2025-12-13 00:53:45,615 - PaperAgentLogger - INFO - current rateReachGoal: 0
2025-12-13 00:53:45,634 - PaperAgentLogger - DEBUG - New map
2025-12-13 00:53:46,859 - PaperAgentLogger - INFO - ################## PaperArchitecture_map20x20_rho1_10Agent/K3_HS0/1765556206 - End of loop ##################  
 ####### Case3169 	 Computation time:1.2238774299621582 	 Step41/56	- AllReachGoal-True

2025-12-13 00:53:46,860 - PaperAgentLogger - INFO - current rateReachGoal: 0
2025-12-13 00:53:46,877 - PaperAgentLogger - DEBUG - New map
2025-12-13 00:53:47,716 - PaperAgentLogger - INFO - ################## PaperArchitecture_map20x20_rho1_10Agent/K3_HS0/1765556206 - End of loop ##################  
 ####### Case3170 	 Computation time:0.8381962776184082 	 Step28/52	- AllReachGoal-True

2025-12-13 00:53:47,716 - PaperAgentLogger - INFO - current rateReachGoal: 0
2025-12-13 00:53:47,734 - PaperAgentLogger - DEBUG - New map
2025-12-13 00:53:49,282 - PaperAgentLogger - INFO - ################## PaperArchitecture_map20x20_rho1_10Agent/K3_HS0/1765556206 - End of loop ##################  
 ####### Case3171 	 Computation time:1.5479748249053955 	 Step52/52	- AllReachGoal-False

2025-12-13 00:53:49,283 - PaperAgentLogger - INFO - current rateReachGoal: 0
2025-12-13 00:53:49,305 - PaperAgentLogger - DEBUG - New map
2025-12-13 00:53:50,979 - PaperAgentLogger - INFO - ################## PaperArchitecture_map20x20_rho1_10Agent/K3_HS0/1765556206 - End of loop ##################  
 ####### Case3172 	 Computation time:1.6738121509552002 	 Step56/56	- AllReachGoal-False

2025-12-13 00:53:50,980 - PaperAgentLogger - INFO - current rateReachGoal: 0
2025-12-13 00:53:50,996 - PaperAgentLogger - DEBUG - New map
2025-12-13 00:53:52,077 - PaperAgentLogger - INFO - ################## PaperArchitecture_map20x20_rho1_10Agent/K3_HS0/1765556206 - End of loop ##################  
 ####### Case3173 	 Computation time:1.0806584358215332 	 Step36/46	- AllReachGoal-True

2025-12-13 00:53:52,078 - PaperAgentLogger - INFO - current rateReachGoal: 0
2025-12-13 00:53:52,095 - PaperAgentLogger - DEBUG - New map
2025-12-13 00:53:52,857 - PaperAgentLogger - INFO - ################## PaperArchitecture_map20x20_rho1_10Agent/K3_HS0/1765556206 - End of loop ##################  
 ####### Case3174 	 Computation time:0.7618570327758789 	 Step23/44	- AllReachGoal-True

2025-12-13 00:53:52,859 - PaperAgentLogger - INFO - current rateReachGoal: 0
2025-12-13 00:53:52,878 - PaperAgentLogger - DEBUG - New map
2025-12-13 00:53:54,496 - PaperAgentLogger - INFO - ################## PaperArchitecture_map20x20_rho1_10Agent/K3_HS0/1765556206 - End of loop ##################  
 ####### Case3175 	 Computation time:1.6181516647338867 	 Step54/54	- AllReachGoal-False

2025-12-13 00:53:54,497 - PaperAgentLogger - INFO - current rateReachGoal: 0
2025-12-13 00:53:54,513 - PaperAgentLogger - DEBUG - New map
2025-12-13 00:53:55,471 - PaperAgentLogger - INFO - ################## PaperArchitecture_map20x20_rho1_10Agent/K3_HS0/1765556206 - End of loop ##################  
 ####### Case3176 	 Computation time:0.9573385715484619 	 Step32/50	- AllReachGoal-True

2025-12-13 00:53:55,472 - PaperAgentLogger - INFO - current rateReachGoal: 0
2025-12-13 00:53:55,489 - PaperAgentLogger - DEBUG - New map
2025-12-13 00:53:56,300 - PaperAgentLogger - INFO - ################## PaperArchitecture_map20x20_rho1_10Agent/K3_HS0/1765556206 - End of loop ##################  
 ####### Case3177 	 Computation time:0.810718297958374 	 Step27/50	- AllReachGoal-True

2025-12-13 00:53:56,301 - PaperAgentLogger - INFO - current rateReachGoal: 0
2025-12-13 00:53:56,319 - PaperAgentLogger - DEBUG - New map
2025-12-13 00:53:57,156 - PaperAgentLogger - INFO - ################## PaperArchitecture_map20x20_rho1_10Agent/K3_HS0/1765556206 - End of loop ##################  
 ####### Case3178 	 Computation time:0.8365292549133301 	 Step27/54	- AllReachGoal-True

2025-12-13 00:53:57,157 - PaperAgentLogger - INFO - current rateReachGoal: 0
2025-12-13 00:53:57,176 - PaperAgentLogger - DEBUG - New map
2025-12-13 00:53:57,999 - PaperAgentLogger - INFO - ################## PaperArchitecture_map20x20_rho1_10Agent/K3_HS0/1765556206 - End of loop ##################  
 ####### Case3179 	 Computation time:0.8229491710662842 	 Step27/54	- AllReachGoal-True

2025-12-13 00:53:58,002 - PaperAgentLogger - INFO - current rateReachGoal: 0
2025-12-13 00:53:58,020 - PaperAgentLogger - DEBUG - New map
2025-12-13 00:53:58,947 - PaperAgentLogger - INFO - ################## PaperArchitecture_map20x20_rho1_10Agent/K3_HS0/1765556206 - End of loop ##################  
 ####### Case3180 	 Computation time:0.9255082607269287 	 Step31/52	- AllReachGoal-True

2025-12-13 00:53:58,947 - PaperAgentLogger - INFO - current rateReachGoal: 0
2025-12-13 00:53:58,965 - PaperAgentLogger - DEBUG - New map
2025-12-13 00:53:59,826 - PaperAgentLogger - INFO - ################## PaperArchitecture_map20x20_rho1_10Agent/K3_HS0/1765556206 - End of loop ##################  
 ####### Case3181 	 Computation time:0.8612382411956787 	 Step26/50	- AllReachGoal-True

2025-12-13 00:53:59,827 - PaperAgentLogger - INFO - current rateReachGoal: 0
2025-12-13 00:53:59,845 - PaperAgentLogger - DEBUG - New map
2025-12-13 00:54:00,956 - PaperAgentLogger - INFO - ################## PaperArchitecture_map20x20_rho1_10Agent/K3_HS0/1765556206 - End of loop ##################  
 ####### Case3182 	 Computation time:1.11008620262146 	 Step37/50	- AllReachGoal-True

2025-12-13 00:54:00,957 - PaperAgentLogger - INFO - current rateReachGoal: 0
2025-12-13 00:54:00,974 - PaperAgentLogger - DEBUG - New map
2025-12-13 00:54:02,349 - PaperAgentLogger - INFO - ################## PaperArchitecture_map20x20_rho1_10Agent/K3_HS0/1765556206 - End of loop ##################  
 ####### Case3183 	 Computation time:1.374767780303955 	 Step46/46	- AllReachGoal-False

2025-12-13 00:54:02,350 - PaperAgentLogger - INFO - current rateReachGoal: 0
2025-12-13 00:54:02,369 - PaperAgentLogger - DEBUG - New map
2025-12-13 00:54:03,419 - PaperAgentLogger - INFO - ################## PaperArchitecture_map20x20_rho1_10Agent/K3_HS0/1765556206 - End of loop ##################  
 ####### Case3184 	 Computation time:1.049854040145874 	 Step35/56	- AllReachGoal-True

2025-12-13 00:54:03,422 - PaperAgentLogger - INFO - current rateReachGoal: 0
2025-12-13 00:54:03,440 - PaperAgentLogger - DEBUG - New map
2025-12-13 00:54:04,310 - PaperAgentLogger - INFO - ################## PaperArchitecture_map20x20_rho1_10Agent/K3_HS0/1765556206 - End of loop ##################  
 ####### Case3185 	 Computation time:0.8688592910766602 	 Step29/56	- AllReachGoal-True

2025-12-13 00:54:04,311 - PaperAgentLogger - INFO - current rateReachGoal: 0
2025-12-13 00:54:04,327 - PaperAgentLogger - DEBUG - New map
2025-12-13 00:54:04,999 - PaperAgentLogger - INFO - ################## PaperArchitecture_map20x20_rho1_10Agent/K3_HS0/1765556206 - End of loop ##################  
 ####### Case3186 	 Computation time:0.6718039512634277 	 Step22/42	- AllReachGoal-True

2025-12-13 00:54:05,000 - PaperAgentLogger - INFO - current rateReachGoal: 0
2025-12-13 00:54:05,016 - PaperAgentLogger - DEBUG - New map
2025-12-13 00:54:05,624 - PaperAgentLogger - INFO - ################## PaperArchitecture_map20x20_rho1_10Agent/K3_HS0/1765556206 - End of loop ##################  
 ####### Case3187 	 Computation time:0.6079216003417969 	 Step20/40	- AllReachGoal-True

2025-12-13 00:54:05,625 - PaperAgentLogger - INFO - current rateReachGoal: 0
2025-12-13 00:54:05,644 - PaperAgentLogger - DEBUG - New map
2025-12-13 00:54:07,253 - PaperAgentLogger - INFO - ################## PaperArchitecture_map20x20_rho1_10Agent/K3_HS0/1765556206 - End of loop ##################  
 ####### Case3188 	 Computation time:1.608365535736084 	 Step54/54	- AllReachGoal-False

2025-12-13 00:54:07,253 - PaperAgentLogger - INFO - current rateReachGoal: 0
2025-12-13 00:54:07,270 - PaperAgentLogger - DEBUG - New map
2025-12-13 00:54:07,994 - PaperAgentLogger - INFO - ################## PaperArchitecture_map20x20_rho1_10Agent/K3_HS0/1765556206 - End of loop ##################  
 ####### Case3189 	 Computation time:0.7228636741638184 	 Step24/48	- AllReachGoal-True

2025-12-13 00:54:07,994 - PaperAgentLogger - INFO - current rateReachGoal: 0
2025-12-13 00:54:08,014 - PaperAgentLogger - DEBUG - New map
2025-12-13 00:54:09,070 - PaperAgentLogger - INFO - ################## PaperArchitecture_map20x20_rho1_10Agent/K3_HS0/1765556206 - End of loop ##################  
 ####### Case3190 	 Computation time:1.0558075904846191 	 Step35/66	- AllReachGoal-True

2025-12-13 00:54:09,072 - PaperAgentLogger - INFO - current rateReachGoal: 0
2025-12-13 00:54:09,090 - PaperAgentLogger - DEBUG - New map
2025-12-13 00:54:10,027 - PaperAgentLogger - INFO - ################## PaperArchitecture_map20x20_rho1_10Agent/K3_HS0/1765556206 - End of loop ##################  
 ####### Case3191 	 Computation time:0.9369564056396484 	 Step28/48	- AllReachGoal-True

2025-12-13 00:54:10,028 - PaperAgentLogger - INFO - current rateReachGoal: 0
2025-12-13 00:54:10,046 - PaperAgentLogger - DEBUG - New map
2025-12-13 00:54:10,922 - PaperAgentLogger - INFO - ################## PaperArchitecture_map20x20_rho1_10Agent/K3_HS0/1765556206 - End of loop ##################  
 ####### Case3192 	 Computation time:0.8751926422119141 	 Step29/58	- AllReachGoal-True

2025-12-13 00:54:10,923 - PaperAgentLogger - INFO - current rateReachGoal: 0
2025-12-13 00:54:10,940 - PaperAgentLogger - DEBUG - New map
2025-12-13 00:54:11,929 - PaperAgentLogger - INFO - ################## PaperArchitecture_map20x20_rho1_10Agent/K3_HS0/1765556206 - End of loop ##################  
 ####### Case3193 	 Computation time:0.988175630569458 	 Step33/54	- AllReachGoal-True

2025-12-13 00:54:11,930 - PaperAgentLogger - INFO - current rateReachGoal: 0
2025-12-13 00:54:11,946 - PaperAgentLogger - DEBUG - New map
2025-12-13 00:54:12,668 - PaperAgentLogger - INFO - ################## PaperArchitecture_map20x20_rho1_10Agent/K3_HS0/1765556206 - End of loop ##################  
 ####### Case3194 	 Computation time:0.7207870483398438 	 Step24/48	- AllReachGoal-True

2025-12-13 00:54:12,668 - PaperAgentLogger - INFO - current rateReachGoal: 0
2025-12-13 00:54:12,685 - PaperAgentLogger - DEBUG - New map
2025-12-13 00:54:14,002 - PaperAgentLogger - INFO - ################## PaperArchitecture_map20x20_rho1_10Agent/K3_HS0/1765556206 - End of loop ##################  
 ####### Case3195 	 Computation time:1.3156013488769531 	 Step44/44	- AllReachGoal-False

2025-12-13 00:54:14,002 - PaperAgentLogger - INFO - current rateReachGoal: 0
2025-12-13 00:54:14,022 - PaperAgentLogger - DEBUG - New map
2025-12-13 00:54:15,098 - PaperAgentLogger - INFO - ################## PaperArchitecture_map20x20_rho1_10Agent/K3_HS0/1765556206 - End of loop ##################  
 ####### Case3196 	 Computation time:1.0748353004455566 	 Step34/68	- AllReachGoal-True

2025-12-13 00:54:15,099 - PaperAgentLogger - INFO - current rateReachGoal: 0
2025-12-13 00:54:15,118 - PaperAgentLogger - DEBUG - New map
2025-12-13 00:54:16,916 - PaperAgentLogger - INFO - ################## PaperArchitecture_map20x20_rho1_10Agent/K3_HS0/1765556206 - End of loop ##################  
 ####### Case3197 	 Computation time:1.797595739364624 	 Step56/56	- AllReachGoal-False

2025-12-13 00:54:16,917 - PaperAgentLogger - INFO - current rateReachGoal: 0
2025-12-13 00:54:16,934 - PaperAgentLogger - DEBUG - New map
2025-12-13 00:54:18,653 - PaperAgentLogger - INFO - ################## PaperArchitecture_map20x20_rho1_10Agent/K3_HS0/1765556206 - End of loop ##################  
 ####### Case3198 	 Computation time:1.7177236080169678 	 Step58/58	- AllReachGoal-False

2025-12-13 00:54:18,653 - PaperAgentLogger - INFO - current rateReachGoal: 0
2025-12-13 00:54:18,671 - PaperAgentLogger - DEBUG - New map
2025-12-13 00:54:20,238 - PaperAgentLogger - INFO - ################## PaperArchitecture_map20x20_rho1_10Agent/K3_HS0/1765556206 - End of loop ##################  
 ####### Case3199 	 Computation time:1.5663104057312012 	 Step48/54	- AllReachGoal-True

2025-12-13 00:54:20,240 - PaperAgentLogger - INFO - current rateReachGoal: 0
2025-12-13 00:54:20,256 - PaperAgentLogger - DEBUG - New map
2025-12-13 00:54:20,952 - PaperAgentLogger - INFO - ################## PaperArchitecture_map20x20_rho1_10Agent/K3_HS0/1765556206 - End of loop ##################  
 ####### Case3200 	 Computation time:0.6954913139343262 	 Step21/42	- AllReachGoal-True

2025-12-13 00:54:20,953 - PaperAgentLogger - INFO - current rateReachGoal: 0
2025-12-13 00:54:20,970 - PaperAgentLogger - DEBUG - New map
2025-12-13 00:54:21,759 - PaperAgentLogger - INFO - ################## PaperArchitecture_map20x20_rho1_10Agent/K3_HS0/1765556206 - End of loop ##################  
 ####### Case3201 	 Computation time:0.7891674041748047 	 Step24/48	- AllReachGoal-True

2025-12-13 00:54:21,760 - PaperAgentLogger - INFO - current rateReachGoal: 0
2025-12-13 00:54:21,779 - PaperAgentLogger - DEBUG - New map
2025-12-13 00:54:23,475 - PaperAgentLogger - INFO - ################## PaperArchitecture_map20x20_rho1_10Agent/K3_HS0/1765556206 - End of loop ##################  
 ####### Case3202 	 Computation time:1.6958129405975342 	 Step58/58	- AllReachGoal-False

2025-12-13 00:54:23,476 - PaperAgentLogger - INFO - current rateReachGoal: 0
2025-12-13 00:54:23,494 - PaperAgentLogger - DEBUG - New map
2025-12-13 00:54:24,336 - PaperAgentLogger - INFO - ################## PaperArchitecture_map20x20_rho1_10Agent/K3_HS0/1765556206 - End of loop ##################  
 ####### Case3203 	 Computation time:0.8419511318206787 	 Step27/48	- AllReachGoal-True

2025-12-13 00:54:24,337 - PaperAgentLogger - INFO - current rateReachGoal: 0
2025-12-13 00:54:24,355 - PaperAgentLogger - DEBUG - New map
2025-12-13 00:54:25,158 - PaperAgentLogger - INFO - ################## PaperArchitecture_map20x20_rho1_10Agent/K3_HS0/1765556206 - End of loop ##################  
 ####### Case3204 	 Computation time:0.8025579452514648 	 Step27/52	- AllReachGoal-True

2025-12-13 00:54:25,158 - PaperAgentLogger - INFO - current rateReachGoal: 0
2025-12-13 00:54:25,177 - PaperAgentLogger - DEBUG - New map
2025-12-13 00:54:26,063 - PaperAgentLogger - INFO - ################## PaperArchitecture_map20x20_rho1_10Agent/K3_HS0/1765556206 - End of loop ##################  
 ####### Case3205 	 Computation time:0.8858964443206787 	 Step30/60	- AllReachGoal-True

2025-12-13 00:54:26,064 - PaperAgentLogger - INFO - current rateReachGoal: 0
2025-12-13 00:54:26,081 - PaperAgentLogger - DEBUG - New map
2025-12-13 00:54:27,760 - PaperAgentLogger - INFO - ################## PaperArchitecture_map20x20_rho1_10Agent/K3_HS0/1765556206 - End of loop ##################  
 ####### Case3206 	 Computation time:1.679091453552246 	 Step52/52	- AllReachGoal-False

2025-12-13 00:54:27,761 - PaperAgentLogger - INFO - current rateReachGoal: 0
2025-12-13 00:54:27,780 - PaperAgentLogger - DEBUG - New map
2025-12-13 00:54:29,374 - PaperAgentLogger - INFO - ################## PaperArchitecture_map20x20_rho1_10Agent/K3_HS0/1765556206 - End of loop ##################  
 ####### Case3207 	 Computation time:1.5925769805908203 	 Step50/50	- AllReachGoal-False

2025-12-13 00:54:29,374 - PaperAgentLogger - INFO - current rateReachGoal: 0
2025-12-13 00:54:29,391 - PaperAgentLogger - DEBUG - New map
2025-12-13 00:54:30,550 - PaperAgentLogger - INFO - ################## PaperArchitecture_map20x20_rho1_10Agent/K3_HS0/1765556206 - End of loop ##################  
 ####### Case3208 	 Computation time:1.158296823501587 	 Step37/52	- AllReachGoal-True

2025-12-13 00:54:30,550 - PaperAgentLogger - INFO - current rateReachGoal: 0
2025-12-13 00:54:30,567 - PaperAgentLogger - DEBUG - New map
2025-12-13 00:54:31,664 - PaperAgentLogger - INFO - ################## PaperArchitecture_map20x20_rho1_10Agent/K3_HS0/1765556206 - End of loop ##################  
 ####### Case3209 	 Computation time:1.097191572189331 	 Step34/48	- AllReachGoal-True

2025-12-13 00:54:31,665 - PaperAgentLogger - INFO - current rateReachGoal: 0
2025-12-13 00:54:31,684 - PaperAgentLogger - DEBUG - New map
2025-12-13 00:54:32,796 - PaperAgentLogger - INFO - ################## PaperArchitecture_map20x20_rho1_10Agent/K3_HS0/1765556206 - End of loop ##################  
 ####### Case3210 	 Computation time:1.1110200881958008 	 Step34/58	- AllReachGoal-True

2025-12-13 00:54:32,797 - PaperAgentLogger - INFO - current rateReachGoal: 0
2025-12-13 00:54:32,813 - PaperAgentLogger - DEBUG - New map
2025-12-13 00:54:33,768 - PaperAgentLogger - INFO - ################## PaperArchitecture_map20x20_rho1_10Agent/K3_HS0/1765556206 - End of loop ##################  
 ####### Case3211 	 Computation time:0.9545717239379883 	 Step29/42	- AllReachGoal-True

2025-12-13 00:54:33,769 - PaperAgentLogger - INFO - current rateReachGoal: 0
2025-12-13 00:54:33,789 - PaperAgentLogger - DEBUG - New map
2025-12-13 00:54:35,017 - PaperAgentLogger - INFO - ################## PaperArchitecture_map20x20_rho1_10Agent/K3_HS0/1765556206 - End of loop ##################  
 ####### Case3212 	 Computation time:1.2273571491241455 	 Step39/62	- AllReachGoal-True

2025-12-13 00:54:35,017 - PaperAgentLogger - INFO - current rateReachGoal: 0
2025-12-13 00:54:35,037 - PaperAgentLogger - DEBUG - New map
2025-12-13 00:54:37,108 - PaperAgentLogger - INFO - ################## PaperArchitecture_map20x20_rho1_10Agent/K3_HS0/1765556206 - End of loop ##################  
 ####### Case3213 	 Computation time:2.070330858230591 	 Step66/66	- AllReachGoal-False

2025-12-13 00:54:37,110 - PaperAgentLogger - INFO - current rateReachGoal: 0
2025-12-13 00:54:37,129 - PaperAgentLogger - DEBUG - New map
2025-12-13 00:54:37,934 - PaperAgentLogger - INFO - ################## PaperArchitecture_map20x20_rho1_10Agent/K3_HS0/1765556206 - End of loop ##################  
 ####### Case3214 	 Computation time:0.8046355247497559 	 Step27/54	- AllReachGoal-True

2025-12-13 00:54:37,935 - PaperAgentLogger - INFO - current rateReachGoal: 0
2025-12-13 00:54:37,954 - PaperAgentLogger - DEBUG - New map
2025-12-13 00:54:39,150 - PaperAgentLogger - INFO - ################## PaperArchitecture_map20x20_rho1_10Agent/K3_HS0/1765556206 - End of loop ##################  
 ####### Case3215 	 Computation time:1.19545316696167 	 Step41/60	- AllReachGoal-True

2025-12-13 00:54:39,150 - PaperAgentLogger - INFO - current rateReachGoal: 0
2025-12-13 00:54:39,169 - PaperAgentLogger - DEBUG - New map
2025-12-13 00:54:40,515 - PaperAgentLogger - INFO - ################## PaperArchitecture_map20x20_rho1_10Agent/K3_HS0/1765556206 - End of loop ##################  
 ####### Case3216 	 Computation time:1.3453407287597656 	 Step46/46	- AllReachGoal-False

2025-12-13 00:54:40,515 - PaperAgentLogger - INFO - current rateReachGoal: 0
2025-12-13 00:54:40,533 - PaperAgentLogger - DEBUG - New map
2025-12-13 00:54:41,245 - PaperAgentLogger - INFO - ################## PaperArchitecture_map20x20_rho1_10Agent/K3_HS0/1765556206 - End of loop ##################  
 ####### Case3217 	 Computation time:0.7114455699920654 	 Step24/48	- AllReachGoal-True

2025-12-13 00:54:41,246 - PaperAgentLogger - INFO - current rateReachGoal: 0
2025-12-13 00:54:41,262 - PaperAgentLogger - DEBUG - New map
2025-12-13 00:54:41,974 - PaperAgentLogger - INFO - ################## PaperArchitecture_map20x20_rho1_10Agent/K3_HS0/1765556206 - End of loop ##################  
 ####### Case3218 	 Computation time:0.7110178470611572 	 Step24/48	- AllReachGoal-True

2025-12-13 00:54:41,975 - PaperAgentLogger - INFO - current rateReachGoal: 0
2025-12-13 00:54:41,995 - PaperAgentLogger - DEBUG - New map
2025-12-13 00:54:42,935 - PaperAgentLogger - INFO - ################## PaperArchitecture_map20x20_rho1_10Agent/K3_HS0/1765556206 - End of loop ##################  
 ####### Case3219 	 Computation time:0.9391584396362305 	 Step32/64	- AllReachGoal-True

2025-12-13 00:54:42,936 - PaperAgentLogger - INFO - current rateReachGoal: 0
2025-12-13 00:54:42,954 - PaperAgentLogger - DEBUG - New map
2025-12-13 00:54:44,654 - PaperAgentLogger - INFO - ################## PaperArchitecture_map20x20_rho1_10Agent/K3_HS0/1765556206 - End of loop ##################  
 ####### Case3220 	 Computation time:1.699204683303833 	 Step58/58	- AllReachGoal-False

2025-12-13 00:54:44,655 - PaperAgentLogger - INFO - current rateReachGoal: 0
2025-12-13 00:54:44,673 - PaperAgentLogger - DEBUG - New map
2025-12-13 00:54:45,414 - PaperAgentLogger - INFO - ################## PaperArchitecture_map20x20_rho1_10Agent/K3_HS0/1765556206 - End of loop ##################  
 ####### Case3221 	 Computation time:0.7407054901123047 	 Step25/50	- AllReachGoal-True

2025-12-13 00:54:45,415 - PaperAgentLogger - INFO - current rateReachGoal: 0
2025-12-13 00:54:45,434 - PaperAgentLogger - DEBUG - New map
2025-12-13 00:54:46,178 - PaperAgentLogger - INFO - ################## PaperArchitecture_map20x20_rho1_10Agent/K3_HS0/1765556206 - End of loop ##################  
 ####### Case3222 	 Computation time:0.7439792156219482 	 Step24/44	- AllReachGoal-True

2025-12-13 00:54:46,179 - PaperAgentLogger - INFO - current rateReachGoal: 0
2025-12-13 00:54:46,196 - PaperAgentLogger - DEBUG - New map
2025-12-13 00:54:47,800 - PaperAgentLogger - INFO - ################## PaperArchitecture_map20x20_rho1_10Agent/K3_HS0/1765556206 - End of loop ##################  
 ####### Case3223 	 Computation time:1.603165626525879 	 Step54/54	- AllReachGoal-False

2025-12-13 00:54:47,800 - PaperAgentLogger - INFO - current rateReachGoal: 0
2025-12-13 00:54:47,819 - PaperAgentLogger - DEBUG - New map
2025-12-13 00:54:48,840 - PaperAgentLogger - INFO - ################## PaperArchitecture_map20x20_rho1_10Agent/K3_HS0/1765556206 - End of loop ##################  
 ####### Case3224 	 Computation time:1.0210151672363281 	 Step31/54	- AllReachGoal-True

2025-12-13 00:54:48,841 - PaperAgentLogger - INFO - current rateReachGoal: 0
2025-12-13 00:54:48,861 - PaperAgentLogger - DEBUG - New map
2025-12-13 00:54:50,105 - PaperAgentLogger - INFO - ################## PaperArchitecture_map20x20_rho1_10Agent/K3_HS0/1765556206 - End of loop ##################  
 ####### Case3225 	 Computation time:1.243406057357788 	 Step38/68	- AllReachGoal-True

2025-12-13 00:54:50,106 - PaperAgentLogger - INFO - current rateReachGoal: 0
2025-12-13 00:54:50,123 - PaperAgentLogger - DEBUG - New map
2025-12-13 00:54:50,915 - PaperAgentLogger - INFO - ################## PaperArchitecture_map20x20_rho1_10Agent/K3_HS0/1765556206 - End of loop ##################  
 ####### Case3226 	 Computation time:0.7915182113647461 	 Step24/48	- AllReachGoal-True

2025-12-13 00:54:50,916 - PaperAgentLogger - INFO - current rateReachGoal: 0
2025-12-13 00:54:50,936 - PaperAgentLogger - DEBUG - New map
2025-12-13 00:54:52,175 - PaperAgentLogger - INFO - ################## PaperArchitecture_map20x20_rho1_10Agent/K3_HS0/1765556206 - End of loop ##################  
 ####### Case3227 	 Computation time:1.2384729385375977 	 Step38/72	- AllReachGoal-True

2025-12-13 00:54:52,176 - PaperAgentLogger - INFO - current rateReachGoal: 0
2025-12-13 00:54:52,193 - PaperAgentLogger - DEBUG - New map
2025-12-13 00:54:53,012 - PaperAgentLogger - INFO - ################## PaperArchitecture_map20x20_rho1_10Agent/K3_HS0/1765556206 - End of loop ##################  
 ####### Case3228 	 Computation time:0.8186819553375244 	 Step25/50	- AllReachGoal-True

2025-12-13 00:54:53,013 - PaperAgentLogger - INFO - current rateReachGoal: 0
2025-12-13 00:54:53,030 - PaperAgentLogger - DEBUG - New map
2025-12-13 00:54:54,018 - PaperAgentLogger - INFO - ################## PaperArchitecture_map20x20_rho1_10Agent/K3_HS0/1765556206 - End of loop ##################  
 ####### Case3229 	 Computation time:0.9867308139801025 	 Step30/56	- AllReachGoal-True

2025-12-13 00:54:54,020 - PaperAgentLogger - INFO - current rateReachGoal: 0
2025-12-13 00:54:54,041 - PaperAgentLogger - DEBUG - New map
2025-12-13 00:54:55,156 - PaperAgentLogger - INFO - ################## PaperArchitecture_map20x20_rho1_10Agent/K3_HS0/1765556206 - End of loop ##################  
 ####### Case3230 	 Computation time:1.1142637729644775 	 Step35/70	- AllReachGoal-True

2025-12-13 00:54:55,156 - PaperAgentLogger - INFO - current rateReachGoal: 0
2025-12-13 00:54:55,174 - PaperAgentLogger - DEBUG - New map
2025-12-13 00:54:56,029 - PaperAgentLogger - INFO - ################## PaperArchitecture_map20x20_rho1_10Agent/K3_HS0/1765556206 - End of loop ##################  
 ####### Case3231 	 Computation time:0.8547441959381104 	 Step29/52	- AllReachGoal-True

2025-12-13 00:54:56,030 - PaperAgentLogger - INFO - current rateReachGoal: 0
2025-12-13 00:54:56,047 - PaperAgentLogger - DEBUG - New map
2025-12-13 00:54:57,346 - PaperAgentLogger - INFO - ################## PaperArchitecture_map20x20_rho1_10Agent/K3_HS0/1765556206 - End of loop ##################  
 ####### Case3232 	 Computation time:1.2980763912200928 	 Step44/48	- AllReachGoal-True

2025-12-13 00:54:57,347 - PaperAgentLogger - INFO - current rateReachGoal: 0
2025-12-13 00:54:57,365 - PaperAgentLogger - DEBUG - New map
2025-12-13 00:54:59,021 - PaperAgentLogger - INFO - ################## PaperArchitecture_map20x20_rho1_10Agent/K3_HS0/1765556206 - End of loop ##################  
 ####### Case3233 	 Computation time:1.655696153640747 	 Step56/56	- AllReachGoal-False

2025-12-13 00:54:59,023 - PaperAgentLogger - INFO - current rateReachGoal: 0
2025-12-13 00:54:59,044 - PaperAgentLogger - DEBUG - New map
2025-12-13 00:55:00,785 - PaperAgentLogger - INFO - ################## PaperArchitecture_map20x20_rho1_10Agent/K3_HS0/1765556206 - End of loop ##################  
 ####### Case3234 	 Computation time:1.740218162536621 	 Step56/72	- AllReachGoal-True

2025-12-13 00:55:00,785 - PaperAgentLogger - INFO - current rateReachGoal: 0
2025-12-13 00:55:00,806 - PaperAgentLogger - DEBUG - New map
2025-12-13 00:55:02,019 - PaperAgentLogger - INFO - ################## PaperArchitecture_map20x20_rho1_10Agent/K3_HS0/1765556206 - End of loop ##################  
 ####### Case3235 	 Computation time:1.2125074863433838 	 Step37/66	- AllReachGoal-True

2025-12-13 00:55:02,020 - PaperAgentLogger - INFO - current rateReachGoal: 0
2025-12-13 00:55:02,037 - PaperAgentLogger - DEBUG - New map
2025-12-13 00:55:02,819 - PaperAgentLogger - INFO - ################## PaperArchitecture_map20x20_rho1_10Agent/K3_HS0/1765556206 - End of loop ##################  
 ####### Case3236 	 Computation time:0.7814445495605469 	 Step26/48	- AllReachGoal-True

2025-12-13 00:55:02,820 - PaperAgentLogger - INFO - current rateReachGoal: 0
2025-12-13 00:55:02,837 - PaperAgentLogger - DEBUG - New map
2025-12-13 00:55:04,621 - PaperAgentLogger - INFO - ################## PaperArchitecture_map20x20_rho1_10Agent/K3_HS0/1765556206 - End of loop ##################  
 ####### Case3237 	 Computation time:1.7830743789672852 	 Step56/56	- AllReachGoal-False

2025-12-13 00:55:04,621 - PaperAgentLogger - INFO - current rateReachGoal: 0
2025-12-13 00:55:04,641 - PaperAgentLogger - DEBUG - New map
2025-12-13 00:55:05,786 - PaperAgentLogger - INFO - ################## PaperArchitecture_map20x20_rho1_10Agent/K3_HS0/1765556206 - End of loop ##################  
 ####### Case3238 	 Computation time:1.1443886756896973 	 Step36/62	- AllReachGoal-True

2025-12-13 00:55:05,787 - PaperAgentLogger - INFO - current rateReachGoal: 0
2025-12-13 00:55:05,806 - PaperAgentLogger - DEBUG - New map
2025-12-13 00:55:06,891 - PaperAgentLogger - INFO - ################## PaperArchitecture_map20x20_rho1_10Agent/K3_HS0/1765556206 - End of loop ##################  
 ####### Case3239 	 Computation time:1.0844509601593018 	 Step35/52	- AllReachGoal-True

2025-12-13 00:55:06,892 - PaperAgentLogger - INFO - current rateReachGoal: 0
2025-12-13 00:55:06,908 - PaperAgentLogger - DEBUG - New map
2025-12-13 00:55:08,262 - PaperAgentLogger - INFO - ################## PaperArchitecture_map20x20_rho1_10Agent/K3_HS0/1765556206 - End of loop ##################  
 ####### Case3240 	 Computation time:1.3538472652435303 	 Step46/46	- AllReachGoal-False

2025-12-13 00:55:08,263 - PaperAgentLogger - INFO - current rateReachGoal: 0
2025-12-13 00:55:08,281 - PaperAgentLogger - DEBUG - New map
2025-12-13 00:55:09,228 - PaperAgentLogger - INFO - ################## PaperArchitecture_map20x20_rho1_10Agent/K3_HS0/1765556206 - End of loop ##################  
 ####### Case3241 	 Computation time:0.946382999420166 	 Step29/58	- AllReachGoal-True

2025-12-13 00:55:09,229 - PaperAgentLogger - INFO - current rateReachGoal: 0
2025-12-13 00:55:09,248 - PaperAgentLogger - DEBUG - New map
2025-12-13 00:55:10,289 - PaperAgentLogger - INFO - ################## PaperArchitecture_map20x20_rho1_10Agent/K3_HS0/1765556206 - End of loop ##################  
 ####### Case3242 	 Computation time:1.0394845008850098 	 Step34/60	- AllReachGoal-True

2025-12-13 00:55:10,291 - PaperAgentLogger - INFO - current rateReachGoal: 0
2025-12-13 00:55:10,309 - PaperAgentLogger - DEBUG - New map
2025-12-13 00:55:11,168 - PaperAgentLogger - INFO - ################## PaperArchitecture_map20x20_rho1_10Agent/K3_HS0/1765556206 - End of loop ##################  
 ####### Case3243 	 Computation time:0.8586330413818359 	 Step29/58	- AllReachGoal-True

2025-12-13 00:55:11,169 - PaperAgentLogger - INFO - current rateReachGoal: 0
2025-12-13 00:55:11,191 - PaperAgentLogger - DEBUG - New map
2025-12-13 00:55:12,367 - PaperAgentLogger - INFO - ################## PaperArchitecture_map20x20_rho1_10Agent/K3_HS0/1765556206 - End of loop ##################  
 ####### Case3244 	 Computation time:1.1753816604614258 	 Step40/74	- AllReachGoal-True

2025-12-13 00:55:12,368 - PaperAgentLogger - INFO - current rateReachGoal: 0
2025-12-13 00:55:12,385 - PaperAgentLogger - DEBUG - New map
2025-12-13 00:55:13,245 - PaperAgentLogger - INFO - ################## PaperArchitecture_map20x20_rho1_10Agent/K3_HS0/1765556206 - End of loop ##################  
 ####### Case3245 	 Computation time:0.8596904277801514 	 Step29/54	- AllReachGoal-True

2025-12-13 00:55:13,246 - PaperAgentLogger - INFO - current rateReachGoal: 0
2025-12-13 00:55:13,264 - PaperAgentLogger - DEBUG - New map
2025-12-13 00:55:14,977 - PaperAgentLogger - INFO - ################## PaperArchitecture_map20x20_rho1_10Agent/K3_HS0/1765556206 - End of loop ##################  
 ####### Case3246 	 Computation time:1.7118170261383057 	 Step58/58	- AllReachGoal-False

2025-12-13 00:55:14,978 - PaperAgentLogger - INFO - current rateReachGoal: 0
2025-12-13 00:55:14,996 - PaperAgentLogger - DEBUG - New map
2025-12-13 00:55:16,658 - PaperAgentLogger - INFO - ################## PaperArchitecture_map20x20_rho1_10Agent/K3_HS0/1765556206 - End of loop ##################  
 ####### Case3247 	 Computation time:1.6614434719085693 	 Step56/56	- AllReachGoal-False

2025-12-13 00:55:16,659 - PaperAgentLogger - INFO - current rateReachGoal: 0
2025-12-13 00:55:16,676 - PaperAgentLogger - DEBUG - New map
2025-12-13 00:55:18,177 - PaperAgentLogger - INFO - ################## PaperArchitecture_map20x20_rho1_10Agent/K3_HS0/1765556206 - End of loop ##################  
 ####### Case3248 	 Computation time:1.500291347503662 	 Step48/48	- AllReachGoal-False

2025-12-13 00:55:18,178 - PaperAgentLogger - INFO - current rateReachGoal: 0
2025-12-13 00:55:18,197 - PaperAgentLogger - DEBUG - New map
2025-12-13 00:55:19,085 - PaperAgentLogger - INFO - ################## PaperArchitecture_map20x20_rho1_10Agent/K3_HS0/1765556206 - End of loop ##################  
 ####### Case3249 	 Computation time:0.8871176242828369 	 Step30/62	- AllReachGoal-True

2025-12-13 00:55:19,086 - PaperAgentLogger - INFO - current rateReachGoal: 0
2025-12-13 00:55:19,102 - PaperAgentLogger - DEBUG - New map
2025-12-13 00:55:19,998 - PaperAgentLogger - INFO - ################## PaperArchitecture_map20x20_rho1_10Agent/K3_HS0/1765556206 - End of loop ##################  
 ####### Case3250 	 Computation time:0.895930290222168 	 Step28/46	- AllReachGoal-True

2025-12-13 00:55:19,999 - PaperAgentLogger - INFO - current rateReachGoal: 0
2025-12-13 00:55:20,019 - PaperAgentLogger - DEBUG - New map
2025-12-13 00:55:21,506 - PaperAgentLogger - INFO - ################## PaperArchitecture_map20x20_rho1_10Agent/K3_HS0/1765556206 - End of loop ##################  
 ####### Case3251 	 Computation time:1.48628830909729 	 Step49/60	- AllReachGoal-True

2025-12-13 00:55:21,507 - PaperAgentLogger - INFO - current rateReachGoal: 0
2025-12-13 00:55:21,525 - PaperAgentLogger - DEBUG - New map
2025-12-13 00:55:22,811 - PaperAgentLogger - INFO - ################## PaperArchitecture_map20x20_rho1_10Agent/K3_HS0/1765556206 - End of loop ##################  
 ####### Case3252 	 Computation time:1.2852544784545898 	 Step43/60	- AllReachGoal-True

2025-12-13 00:55:22,812 - PaperAgentLogger - INFO - current rateReachGoal: 0
2025-12-13 00:55:22,831 - PaperAgentLogger - DEBUG - New map
2025-12-13 00:55:24,741 - PaperAgentLogger - INFO - ################## PaperArchitecture_map20x20_rho1_10Agent/K3_HS0/1765556206 - End of loop ##################  
 ####### Case3253 	 Computation time:1.9092814922332764 	 Step60/60	- AllReachGoal-False

2025-12-13 00:55:24,742 - PaperAgentLogger - INFO - current rateReachGoal: 0
2025-12-13 00:55:24,760 - PaperAgentLogger - DEBUG - New map
2025-12-13 00:55:25,699 - PaperAgentLogger - INFO - ################## PaperArchitecture_map20x20_rho1_10Agent/K3_HS0/1765556206 - End of loop ##################  
 ####### Case3254 	 Computation time:0.9380238056182861 	 Step29/54	- AllReachGoal-True

2025-12-13 00:55:25,699 - PaperAgentLogger - INFO - current rateReachGoal: 0
2025-12-13 00:55:25,717 - PaperAgentLogger - DEBUG - New map
2025-12-13 00:55:27,510 - PaperAgentLogger - INFO - ################## PaperArchitecture_map20x20_rho1_10Agent/K3_HS0/1765556206 - End of loop ##################  
 ####### Case3255 	 Computation time:1.7931430339813232 	 Step54/54	- AllReachGoal-False

2025-12-13 00:55:27,511 - PaperAgentLogger - INFO - current rateReachGoal: 0
2025-12-13 00:55:27,529 - PaperAgentLogger - DEBUG - New map
2025-12-13 00:55:29,324 - PaperAgentLogger - INFO - ################## PaperArchitecture_map20x20_rho1_10Agent/K3_HS0/1765556206 - End of loop ##################  
 ####### Case3256 	 Computation time:1.7940564155578613 	 Step56/56	- AllReachGoal-False

2025-12-13 00:55:29,324 - PaperAgentLogger - INFO - current rateReachGoal: 0
2025-12-13 00:55:29,340 - PaperAgentLogger - DEBUG - New map
2025-12-13 00:55:30,806 - PaperAgentLogger - INFO - ################## PaperArchitecture_map20x20_rho1_10Agent/K3_HS0/1765556206 - End of loop ##################  
 ####### Case3257 	 Computation time:1.4648463726043701 	 Step44/44	- AllReachGoal-False

2025-12-13 00:55:30,806 - PaperAgentLogger - INFO - current rateReachGoal: 0
2025-12-13 00:55:30,825 - PaperAgentLogger - DEBUG - New map
2025-12-13 00:55:32,624 - PaperAgentLogger - INFO - ################## PaperArchitecture_map20x20_rho1_10Agent/K3_HS0/1765556206 - End of loop ##################  
 ####### Case3258 	 Computation time:1.7987418174743652 	 Step56/56	- AllReachGoal-False

2025-12-13 00:55:32,625 - PaperAgentLogger - INFO - current rateReachGoal: 0
2025-12-13 00:55:32,644 - PaperAgentLogger - DEBUG - New map
2025-12-13 00:55:33,686 - PaperAgentLogger - INFO - ################## PaperArchitecture_map20x20_rho1_10Agent/K3_HS0/1765556206 - End of loop ##################  
 ####### Case3259 	 Computation time:1.0421273708343506 	 Step31/60	- AllReachGoal-True

2025-12-13 00:55:33,687 - PaperAgentLogger - INFO - current rateReachGoal: 0
2025-12-13 00:55:33,704 - PaperAgentLogger - DEBUG - New map
2025-12-13 00:55:35,258 - PaperAgentLogger - INFO - ################## PaperArchitecture_map20x20_rho1_10Agent/K3_HS0/1765556206 - End of loop ##################  
 ####### Case3260 	 Computation time:1.5538859367370605 	 Step50/50	- AllReachGoal-False

2025-12-13 00:55:35,260 - PaperAgentLogger - INFO - current rateReachGoal: 0
2025-12-13 00:55:35,276 - PaperAgentLogger - DEBUG - New map
2025-12-13 00:55:35,987 - PaperAgentLogger - INFO - ################## PaperArchitecture_map20x20_rho1_10Agent/K3_HS0/1765556206 - End of loop ##################  
 ####### Case3261 	 Computation time:0.7106649875640869 	 Step22/40	- AllReachGoal-True

2025-12-13 00:55:35,988 - PaperAgentLogger - INFO - current rateReachGoal: 0
2025-12-13 00:55:36,005 - PaperAgentLogger - DEBUG - New map
2025-12-13 00:55:37,337 - PaperAgentLogger - INFO - ################## PaperArchitecture_map20x20_rho1_10Agent/K3_HS0/1765556206 - End of loop ##################  
 ####### Case3262 	 Computation time:1.3313770294189453 	 Step42/42	- AllReachGoal-False

2025-12-13 00:55:37,337 - PaperAgentLogger - INFO - current rateReachGoal: 0
2025-12-13 00:55:37,357 - PaperAgentLogger - DEBUG - New map
2025-12-13 00:55:38,357 - PaperAgentLogger - INFO - ################## PaperArchitecture_map20x20_rho1_10Agent/K3_HS0/1765556206 - End of loop ##################  
 ####### Case3263 	 Computation time:0.9997601509094238 	 Step31/58	- AllReachGoal-True

2025-12-13 00:55:38,358 - PaperAgentLogger - INFO - current rateReachGoal: 0
2025-12-13 00:55:38,380 - PaperAgentLogger - DEBUG - New map
2025-12-13 00:55:39,526 - PaperAgentLogger - INFO - ################## PaperArchitecture_map20x20_rho1_10Agent/K3_HS0/1765556206 - End of loop ##################  
 ####### Case3264 	 Computation time:1.1456267833709717 	 Step35/70	- AllReachGoal-True

2025-12-13 00:55:39,527 - PaperAgentLogger - INFO - current rateReachGoal: 0
2025-12-13 00:55:39,544 - PaperAgentLogger - DEBUG - New map
2025-12-13 00:55:40,384 - PaperAgentLogger - INFO - ################## PaperArchitecture_map20x20_rho1_10Agent/K3_HS0/1765556206 - End of loop ##################  
 ####### Case3265 	 Computation time:0.8385829925537109 	 Step25/50	- AllReachGoal-True

2025-12-13 00:55:40,386 - PaperAgentLogger - INFO - current rateReachGoal: 0
2025-12-13 00:55:40,405 - PaperAgentLogger - DEBUG - New map
2025-12-13 00:55:42,157 - PaperAgentLogger - INFO - ################## PaperArchitecture_map20x20_rho1_10Agent/K3_HS0/1765556206 - End of loop ##################  
 ####### Case3266 	 Computation time:1.7515923976898193 	 Step56/56	- AllReachGoal-False

2025-12-13 00:55:42,157 - PaperAgentLogger - INFO - current rateReachGoal: 0
2025-12-13 00:55:42,175 - PaperAgentLogger - DEBUG - New map
2025-12-13 00:55:43,407 - PaperAgentLogger - INFO - ################## PaperArchitecture_map20x20_rho1_10Agent/K3_HS0/1765556206 - End of loop ##################  
 ####### Case3267 	 Computation time:1.231419324874878 	 Step39/50	- AllReachGoal-True

2025-12-13 00:55:43,407 - PaperAgentLogger - INFO - current rateReachGoal: 0
2025-12-13 00:55:43,429 - PaperAgentLogger - DEBUG - New map
2025-12-13 00:55:45,381 - PaperAgentLogger - INFO - ################## PaperArchitecture_map20x20_rho1_10Agent/K3_HS0/1765556206 - End of loop ##################  
 ####### Case3268 	 Computation time:1.951460838317871 	 Step59/68	- AllReachGoal-True

2025-12-13 00:55:45,382 - PaperAgentLogger - INFO - current rateReachGoal: 0
2025-12-13 00:55:45,402 - PaperAgentLogger - DEBUG - New map
2025-12-13 00:55:46,813 - PaperAgentLogger - INFO - ################## PaperArchitecture_map20x20_rho1_10Agent/K3_HS0/1765556206 - End of loop ##################  
 ####### Case3269 	 Computation time:1.4103851318359375 	 Step45/60	- AllReachGoal-True

2025-12-13 00:55:46,813 - PaperAgentLogger - INFO - current rateReachGoal: 0
2025-12-13 00:55:46,830 - PaperAgentLogger - DEBUG - New map
2025-12-13 00:55:48,370 - PaperAgentLogger - INFO - ################## PaperArchitecture_map20x20_rho1_10Agent/K3_HS0/1765556206 - End of loop ##################  
 ####### Case3270 	 Computation time:1.5402112007141113 	 Step48/48	- AllReachGoal-False

2025-12-13 00:55:48,371 - PaperAgentLogger - INFO - current rateReachGoal: 0
2025-12-13 00:55:48,389 - PaperAgentLogger - DEBUG - New map
2025-12-13 00:55:49,203 - PaperAgentLogger - INFO - ################## PaperArchitecture_map20x20_rho1_10Agent/K3_HS0/1765556206 - End of loop ##################  
 ####### Case3271 	 Computation time:0.8135435581207275 	 Step27/50	- AllReachGoal-True

2025-12-13 00:55:49,204 - PaperAgentLogger - INFO - current rateReachGoal: 0
2025-12-13 00:55:49,223 - PaperAgentLogger - DEBUG - New map
2025-12-13 00:55:50,526 - PaperAgentLogger - INFO - ################## PaperArchitecture_map20x20_rho1_10Agent/K3_HS0/1765556206 - End of loop ##################  
 ####### Case3272 	 Computation time:1.3021717071533203 	 Step39/56	- AllReachGoal-True

2025-12-13 00:55:50,528 - PaperAgentLogger - INFO - current rateReachGoal: 0
2025-12-13 00:55:50,545 - PaperAgentLogger - DEBUG - New map
2025-12-13 00:55:52,103 - PaperAgentLogger - INFO - ################## PaperArchitecture_map20x20_rho1_10Agent/K3_HS0/1765556206 - End of loop ##################  
 ####### Case3273 	 Computation time:1.5573699474334717 	 Step48/48	- AllReachGoal-False

2025-12-13 00:55:52,104 - PaperAgentLogger - INFO - current rateReachGoal: 0
2025-12-13 00:55:52,122 - PaperAgentLogger - DEBUG - New map
2025-12-13 00:55:52,950 - PaperAgentLogger - INFO - ################## PaperArchitecture_map20x20_rho1_10Agent/K3_HS0/1765556206 - End of loop ##################  
 ####### Case3274 	 Computation time:0.8276479244232178 	 Step27/54	- AllReachGoal-True

2025-12-13 00:55:52,951 - PaperAgentLogger - INFO - current rateReachGoal: 0
2025-12-13 00:55:52,971 - PaperAgentLogger - DEBUG - New map
2025-12-13 00:55:55,066 - PaperAgentLogger - INFO - ################## PaperArchitecture_map20x20_rho1_10Agent/K3_HS0/1765556206 - End of loop ##################  
 ####### Case3275 	 Computation time:2.0946974754333496 	 Step64/64	- AllReachGoal-False

2025-12-13 00:55:55,067 - PaperAgentLogger - INFO - current rateReachGoal: 0
2025-12-13 00:55:55,084 - PaperAgentLogger - DEBUG - New map
2025-12-13 00:55:56,473 - PaperAgentLogger - INFO - ################## PaperArchitecture_map20x20_rho1_10Agent/K3_HS0/1765556206 - End of loop ##################  
 ####### Case3276 	 Computation time:1.3882672786712646 	 Step46/46	- AllReachGoal-False

2025-12-13 00:55:56,474 - PaperAgentLogger - INFO - current rateReachGoal: 0
2025-12-13 00:55:56,491 - PaperAgentLogger - DEBUG - New map
2025-12-13 00:55:57,489 - PaperAgentLogger - INFO - ################## PaperArchitecture_map20x20_rho1_10Agent/K3_HS0/1765556206 - End of loop ##################  
 ####### Case3277 	 Computation time:0.9980225563049316 	 Step30/48	- AllReachGoal-True

2025-12-13 00:55:57,490 - PaperAgentLogger - INFO - current rateReachGoal: 0
2025-12-13 00:55:57,509 - PaperAgentLogger - DEBUG - New map
2025-12-13 00:55:59,474 - PaperAgentLogger - INFO - ################## PaperArchitecture_map20x20_rho1_10Agent/K3_HS0/1765556206 - End of loop ##################  
 ####### Case3278 	 Computation time:1.9640288352966309 	 Step60/60	- AllReachGoal-False

2025-12-13 00:55:59,474 - PaperAgentLogger - INFO - current rateReachGoal: 0
2025-12-13 00:55:59,492 - PaperAgentLogger - DEBUG - New map
2025-12-13 00:56:00,426 - PaperAgentLogger - INFO - ################## PaperArchitecture_map20x20_rho1_10Agent/K3_HS0/1765556206 - End of loop ##################  
 ####### Case3279 	 Computation time:0.9325606822967529 	 Step31/62	- AllReachGoal-True

2025-12-13 00:56:00,426 - PaperAgentLogger - INFO - current rateReachGoal: 0
2025-12-13 00:56:00,446 - PaperAgentLogger - DEBUG - New map
2025-12-13 00:56:01,591 - PaperAgentLogger - INFO - ################## PaperArchitecture_map20x20_rho1_10Agent/K3_HS0/1765556206 - End of loop ##################  
 ####### Case3280 	 Computation time:1.144404411315918 	 Step35/66	- AllReachGoal-True

2025-12-13 00:56:01,592 - PaperAgentLogger - INFO - current rateReachGoal: 0
2025-12-13 00:56:01,613 - PaperAgentLogger - DEBUG - New map
2025-12-13 00:56:02,578 - PaperAgentLogger - INFO - ################## PaperArchitecture_map20x20_rho1_10Agent/K3_HS0/1765556206 - End of loop ##################  
 ####### Case3281 	 Computation time:0.9640982151031494 	 Step29/58	- AllReachGoal-True

2025-12-13 00:56:02,579 - PaperAgentLogger - INFO - current rateReachGoal: 0
2025-12-13 00:56:02,601 - PaperAgentLogger - DEBUG - New map
2025-12-13 00:56:03,461 - PaperAgentLogger - INFO - ################## PaperArchitecture_map20x20_rho1_10Agent/K3_HS0/1765556206 - End of loop ##################  
 ####### Case3282 	 Computation time:0.8590567111968994 	 Step28/56	- AllReachGoal-True

2025-12-13 00:56:03,461 - PaperAgentLogger - INFO - current rateReachGoal: 0
2025-12-13 00:56:03,481 - PaperAgentLogger - DEBUG - New map
2025-12-13 00:56:05,235 - PaperAgentLogger - INFO - ################## PaperArchitecture_map20x20_rho1_10Agent/K3_HS0/1765556206 - End of loop ##################  
 ####### Case3283 	 Computation time:1.7536470890045166 	 Step54/54	- AllReachGoal-False

2025-12-13 00:56:05,236 - PaperAgentLogger - INFO - current rateReachGoal: 0
2025-12-13 00:56:05,253 - PaperAgentLogger - DEBUG - New map
2025-12-13 00:56:06,598 - PaperAgentLogger - INFO - ################## PaperArchitecture_map20x20_rho1_10Agent/K3_HS0/1765556206 - End of loop ##################  
 ####### Case3284 	 Computation time:1.3441836833953857 	 Step45/46	- AllReachGoal-True

2025-12-13 00:56:06,599 - PaperAgentLogger - INFO - current rateReachGoal: 0
2025-12-13 00:56:06,618 - PaperAgentLogger - DEBUG - New map
2025-12-13 00:56:07,876 - PaperAgentLogger - INFO - ################## PaperArchitecture_map20x20_rho1_10Agent/K3_HS0/1765556206 - End of loop ##################  
 ####### Case3285 	 Computation time:1.2575879096984863 	 Step42/56	- AllReachGoal-True

2025-12-13 00:56:07,877 - PaperAgentLogger - INFO - current rateReachGoal: 0
2025-12-13 00:56:07,895 - PaperAgentLogger - DEBUG - New map
2025-12-13 00:56:08,863 - PaperAgentLogger - INFO - ################## PaperArchitecture_map20x20_rho1_10Agent/K3_HS0/1765556206 - End of loop ##################  
 ####### Case3286 	 Computation time:0.9670538902282715 	 Step30/56	- AllReachGoal-True

2025-12-13 00:56:08,863 - PaperAgentLogger - INFO - current rateReachGoal: 0
2025-12-13 00:56:08,882 - PaperAgentLogger - DEBUG - New map
2025-12-13 00:56:09,982 - PaperAgentLogger - INFO - ################## PaperArchitecture_map20x20_rho1_10Agent/K3_HS0/1765556206 - End of loop ##################  
 ####### Case3287 	 Computation time:1.0996406078338623 	 Step33/58	- AllReachGoal-True

2025-12-13 00:56:09,983 - PaperAgentLogger - INFO - current rateReachGoal: 0
2025-12-13 00:56:10,000 - PaperAgentLogger - DEBUG - New map
2025-12-13 00:56:11,280 - PaperAgentLogger - INFO - ################## PaperArchitecture_map20x20_rho1_10Agent/K3_HS0/1765556206 - End of loop ##################  
 ####### Case3288 	 Computation time:1.2787818908691406 	 Step42/42	- AllReachGoal-False

2025-12-13 00:56:11,281 - PaperAgentLogger - INFO - current rateReachGoal: 0
2025-12-13 00:56:11,299 - PaperAgentLogger - DEBUG - New map
2025-12-13 00:56:12,675 - PaperAgentLogger - INFO - ################## PaperArchitecture_map20x20_rho1_10Agent/K3_HS0/1765556206 - End of loop ##################  
 ####### Case3289 	 Computation time:1.3757765293121338 	 Step46/52	- AllReachGoal-True

2025-12-13 00:56:12,676 - PaperAgentLogger - INFO - current rateReachGoal: 0
2025-12-13 00:56:12,693 - PaperAgentLogger - DEBUG - New map
2025-12-13 00:56:13,477 - PaperAgentLogger - INFO - ################## PaperArchitecture_map20x20_rho1_10Agent/K3_HS0/1765556206 - End of loop ##################  
 ####### Case3290 	 Computation time:0.7839701175689697 	 Step26/52	- AllReachGoal-True

2025-12-13 00:56:13,478 - PaperAgentLogger - INFO - current rateReachGoal: 0
2025-12-13 00:56:13,497 - PaperAgentLogger - DEBUG - New map
2025-12-13 00:56:14,445 - PaperAgentLogger - INFO - ################## PaperArchitecture_map20x20_rho1_10Agent/K3_HS0/1765556206 - End of loop ##################  
 ####### Case3291 	 Computation time:0.9476480484008789 	 Step30/58	- AllReachGoal-True

2025-12-13 00:56:14,446 - PaperAgentLogger - INFO - current rateReachGoal: 0
2025-12-13 00:56:14,465 - PaperAgentLogger - DEBUG - New map
2025-12-13 00:56:16,147 - PaperAgentLogger - INFO - ################## PaperArchitecture_map20x20_rho1_10Agent/K3_HS0/1765556206 - End of loop ##################  
 ####### Case3292 	 Computation time:1.6816186904907227 	 Step56/56	- AllReachGoal-False

2025-12-13 00:56:16,148 - PaperAgentLogger - INFO - current rateReachGoal: 0
2025-12-13 00:56:16,166 - PaperAgentLogger - DEBUG - New map
2025-12-13 00:56:17,249 - PaperAgentLogger - INFO - ################## PaperArchitecture_map20x20_rho1_10Agent/K3_HS0/1765556206 - End of loop ##################  
 ####### Case3293 	 Computation time:1.0830802917480469 	 Step34/60	- AllReachGoal-True

2025-12-13 00:56:17,250 - PaperAgentLogger - INFO - current rateReachGoal: 0
2025-12-13 00:56:17,269 - PaperAgentLogger - DEBUG - New map
2025-12-13 00:56:19,042 - PaperAgentLogger - INFO - ################## PaperArchitecture_map20x20_rho1_10Agent/K3_HS0/1765556206 - End of loop ##################  
 ####### Case3294 	 Computation time:1.7724246978759766 	 Step54/54	- AllReachGoal-False

2025-12-13 00:56:19,042 - PaperAgentLogger - INFO - current rateReachGoal: 0
2025-12-13 00:56:19,060 - PaperAgentLogger - DEBUG - New map
2025-12-13 00:56:20,459 - PaperAgentLogger - INFO - ################## PaperArchitecture_map20x20_rho1_10Agent/K3_HS0/1765556206 - End of loop ##################  
 ####### Case3295 	 Computation time:1.398423194885254 	 Step46/46	- AllReachGoal-False

2025-12-13 00:56:20,460 - PaperAgentLogger - INFO - current rateReachGoal: 0
2025-12-13 00:56:20,481 - PaperAgentLogger - DEBUG - New map
2025-12-13 00:56:22,529 - PaperAgentLogger - INFO - ################## PaperArchitecture_map20x20_rho1_10Agent/K3_HS0/1765556206 - End of loop ##################  
 ####### Case3296 	 Computation time:2.0477168560028076 	 Step68/68	- AllReachGoal-False

2025-12-13 00:56:22,530 - PaperAgentLogger - INFO - current rateReachGoal: 0
2025-12-13 00:56:22,549 - PaperAgentLogger - DEBUG - New map
2025-12-13 00:56:24,251 - PaperAgentLogger - INFO - ################## PaperArchitecture_map20x20_rho1_10Agent/K3_HS0/1765556206 - End of loop ##################  
 ####### Case3297 	 Computation time:1.702202558517456 	 Step56/56	- AllReachGoal-False

2025-12-13 00:56:24,254 - PaperAgentLogger - INFO - current rateReachGoal: 0
2025-12-13 00:56:24,270 - PaperAgentLogger - DEBUG - New map
2025-12-13 00:56:25,582 - PaperAgentLogger - INFO - ################## PaperArchitecture_map20x20_rho1_10Agent/K3_HS0/1765556206 - End of loop ##################  
 ####### Case3298 	 Computation time:1.3114955425262451 	 Step40/40	- AllReachGoal-False

2025-12-13 00:56:25,583 - PaperAgentLogger - INFO - current rateReachGoal: 0
2025-12-13 00:56:25,601 - PaperAgentLogger - DEBUG - New map
2025-12-13 00:56:27,392 - PaperAgentLogger - INFO - ################## PaperArchitecture_map20x20_rho1_10Agent/K3_HS0/1765556206 - End of loop ##################  
 ####### Case3299 	 Computation time:1.790912389755249 	 Step54/54	- AllReachGoal-False

2025-12-13 00:56:27,393 - PaperAgentLogger - INFO - current rateReachGoal: 0
2025-12-13 00:56:27,411 - PaperAgentLogger - DEBUG - New map
2025-12-13 00:56:29,025 - PaperAgentLogger - INFO - ################## PaperArchitecture_map20x20_rho1_10Agent/K3_HS0/1765556206 - End of loop ##################  
 ####### Case3300 	 Computation time:1.6138687133789062 	 Step50/50	- AllReachGoal-True

2025-12-13 00:56:29,026 - PaperAgentLogger - INFO - current rateReachGoal: 0
2025-12-13 00:56:29,043 - PaperAgentLogger - DEBUG - New map
2025-12-13 00:56:30,604 - PaperAgentLogger - INFO - ################## PaperArchitecture_map20x20_rho1_10Agent/K3_HS0/1765556206 - End of loop ##################  
 ####### Case3301 	 Computation time:1.5606679916381836 	 Step48/48	- AllReachGoal-False

2025-12-13 00:56:30,605 - PaperAgentLogger - INFO - current rateReachGoal: 0
2025-12-13 00:56:30,623 - PaperAgentLogger - DEBUG - New map
2025-12-13 00:56:31,407 - PaperAgentLogger - INFO - ################## PaperArchitecture_map20x20_rho1_10Agent/K3_HS0/1765556206 - End of loop ##################  
 ####### Case3302 	 Computation time:0.7843565940856934 	 Step25/50	- AllReachGoal-True

2025-12-13 00:56:31,408 - PaperAgentLogger - INFO - current rateReachGoal: 0
2025-12-13 00:56:31,427 - PaperAgentLogger - DEBUG - New map
2025-12-13 00:56:33,209 - PaperAgentLogger - INFO - ################## PaperArchitecture_map20x20_rho1_10Agent/K3_HS0/1765556206 - End of loop ##################  
 ####### Case3303 	 Computation time:1.781245470046997 	 Step58/58	- AllReachGoal-False

2025-12-13 00:56:33,210 - PaperAgentLogger - INFO - current rateReachGoal: 0
2025-12-13 00:56:33,227 - PaperAgentLogger - DEBUG - New map
2025-12-13 00:56:34,573 - PaperAgentLogger - INFO - ################## PaperArchitecture_map20x20_rho1_10Agent/K3_HS0/1765556206 - End of loop ##################  
 ####### Case3304 	 Computation time:1.3450934886932373 	 Step41/52	- AllReachGoal-True

2025-12-13 00:56:34,574 - PaperAgentLogger - INFO - current rateReachGoal: 0
2025-12-13 00:56:34,594 - PaperAgentLogger - DEBUG - New map
2025-12-13 00:56:36,115 - PaperAgentLogger - INFO - ################## PaperArchitecture_map20x20_rho1_10Agent/K3_HS0/1765556206 - End of loop ##################  
 ####### Case3305 	 Computation time:1.520819902420044 	 Step49/68	- AllReachGoal-True

2025-12-13 00:56:36,117 - PaperAgentLogger - INFO - current rateReachGoal: 0
2025-12-13 00:56:36,136 - PaperAgentLogger - DEBUG - New map
2025-12-13 00:56:37,851 - PaperAgentLogger - INFO - ################## PaperArchitecture_map20x20_rho1_10Agent/K3_HS0/1765556206 - End of loop ##################  
 ####### Case3306 	 Computation time:1.714447259902954 	 Step58/58	- AllReachGoal-False

2025-12-13 00:56:37,851 - PaperAgentLogger - INFO - current rateReachGoal: 0
2025-12-13 00:56:37,871 - PaperAgentLogger - DEBUG - New map
2025-12-13 00:56:39,744 - PaperAgentLogger - INFO - ################## PaperArchitecture_map20x20_rho1_10Agent/K3_HS0/1765556206 - End of loop ##################  
 ####### Case3307 	 Computation time:1.8725879192352295 	 Step62/62	- AllReachGoal-False

2025-12-13 00:56:39,745 - PaperAgentLogger - INFO - current rateReachGoal: 0
2025-12-13 00:56:39,762 - PaperAgentLogger - DEBUG - New map
2025-12-13 00:56:40,508 - PaperAgentLogger - INFO - ################## PaperArchitecture_map20x20_rho1_10Agent/K3_HS0/1765556206 - End of loop ##################  
 ####### Case3308 	 Computation time:0.746065616607666 	 Step25/46	- AllReachGoal-True

2025-12-13 00:56:40,509 - PaperAgentLogger - INFO - current rateReachGoal: 0
2025-12-13 00:56:40,527 - PaperAgentLogger - DEBUG - New map
2025-12-13 00:56:42,245 - PaperAgentLogger - INFO - ################## PaperArchitecture_map20x20_rho1_10Agent/K3_HS0/1765556206 - End of loop ##################  
 ####### Case3309 	 Computation time:1.717782974243164 	 Step58/58	- AllReachGoal-False

2025-12-13 00:56:42,246 - PaperAgentLogger - INFO - current rateReachGoal: 0
2025-12-13 00:56:42,262 - PaperAgentLogger - DEBUG - New map
2025-12-13 00:56:43,045 - PaperAgentLogger - INFO - ################## PaperArchitecture_map20x20_rho1_10Agent/K3_HS0/1765556206 - End of loop ##################  
 ####### Case3310 	 Computation time:0.7820835113525391 	 Step26/44	- AllReachGoal-True

2025-12-13 00:56:43,045 - PaperAgentLogger - INFO - current rateReachGoal: 0
2025-12-13 00:56:43,062 - PaperAgentLogger - DEBUG - New map
2025-12-13 00:56:44,483 - PaperAgentLogger - INFO - ################## PaperArchitecture_map20x20_rho1_10Agent/K3_HS0/1765556206 - End of loop ##################  
 ####### Case3311 	 Computation time:1.420381784439087 	 Step48/48	- AllReachGoal-False

2025-12-13 00:56:44,483 - PaperAgentLogger - INFO - current rateReachGoal: 0
2025-12-13 00:56:44,500 - PaperAgentLogger - DEBUG - New map
2025-12-13 00:56:45,889 - PaperAgentLogger - INFO - ################## PaperArchitecture_map20x20_rho1_10Agent/K3_HS0/1765556206 - End of loop ##################  
 ####### Case3312 	 Computation time:1.3884503841400146 	 Step47/50	- AllReachGoal-True

2025-12-13 00:56:45,890 - PaperAgentLogger - INFO - current rateReachGoal: 0
2025-12-13 00:56:45,909 - PaperAgentLogger - DEBUG - New map
2025-12-13 00:56:47,682 - PaperAgentLogger - INFO - ################## PaperArchitecture_map20x20_rho1_10Agent/K3_HS0/1765556206 - End of loop ##################  
 ####### Case3313 	 Computation time:1.7727024555206299 	 Step60/66	- AllReachGoal-True

2025-12-13 00:56:47,683 - PaperAgentLogger - INFO - current rateReachGoal: 0
2025-12-13 00:56:47,701 - PaperAgentLogger - DEBUG - New map
2025-12-13 00:56:49,177 - PaperAgentLogger - INFO - ################## PaperArchitecture_map20x20_rho1_10Agent/K3_HS0/1765556206 - End of loop ##################  
 ####### Case3314 	 Computation time:1.4761261940002441 	 Step50/50	- AllReachGoal-False

2025-12-13 00:56:49,178 - PaperAgentLogger - INFO - current rateReachGoal: 0
2025-12-13 00:56:49,198 - PaperAgentLogger - DEBUG - New map
2025-12-13 00:56:50,154 - PaperAgentLogger - INFO - ################## PaperArchitecture_map20x20_rho1_10Agent/K3_HS0/1765556206 - End of loop ##################  
 ####### Case3315 	 Computation time:0.9562661647796631 	 Step32/64	- AllReachGoal-True

2025-12-13 00:56:50,155 - PaperAgentLogger - INFO - current rateReachGoal: 0
2025-12-13 00:56:50,171 - PaperAgentLogger - DEBUG - New map
2025-12-13 00:56:50,767 - PaperAgentLogger - INFO - ################## PaperArchitecture_map20x20_rho1_10Agent/K3_HS0/1765556206 - End of loop ##################  
 ####### Case3316 	 Computation time:0.5950143337249756 	 Step20/40	- AllReachGoal-True

2025-12-13 00:56:50,768 - PaperAgentLogger - INFO - current rateReachGoal: 0
2025-12-13 00:56:50,789 - PaperAgentLogger - DEBUG - New map
2025-12-13 00:56:51,847 - PaperAgentLogger - INFO - ################## PaperArchitecture_map20x20_rho1_10Agent/K3_HS0/1765556206 - End of loop ##################  
 ####### Case3317 	 Computation time:1.0571887493133545 	 Step36/68	- AllReachGoal-True

2025-12-13 00:56:51,847 - PaperAgentLogger - INFO - current rateReachGoal: 0
2025-12-13 00:56:51,864 - PaperAgentLogger - DEBUG - New map
2025-12-13 00:56:53,167 - PaperAgentLogger - INFO - ################## PaperArchitecture_map20x20_rho1_10Agent/K3_HS0/1765556206 - End of loop ##################  
 ####### Case3318 	 Computation time:1.3019835948944092 	 Step44/44	- AllReachGoal-False

2025-12-13 00:56:53,169 - PaperAgentLogger - INFO - current rateReachGoal: 0
2025-12-13 00:56:53,187 - PaperAgentLogger - DEBUG - New map
2025-12-13 00:56:54,964 - PaperAgentLogger - INFO - ################## PaperArchitecture_map20x20_rho1_10Agent/K3_HS0/1765556206 - End of loop ##################  
 ####### Case3319 	 Computation time:1.776078224182129 	 Step60/60	- AllReachGoal-False

2025-12-13 00:56:54,964 - PaperAgentLogger - INFO - current rateReachGoal: 0
2025-12-13 00:56:54,982 - PaperAgentLogger - DEBUG - New map
2025-12-13 00:56:55,900 - PaperAgentLogger - INFO - ################## PaperArchitecture_map20x20_rho1_10Agent/K3_HS0/1765556206 - End of loop ##################  
 ####### Case3320 	 Computation time:0.9167685508728027 	 Step31/52	- AllReachGoal-True

2025-12-13 00:56:55,900 - PaperAgentLogger - INFO - current rateReachGoal: 0
2025-12-13 00:56:55,918 - PaperAgentLogger - DEBUG - New map
2025-12-13 00:56:57,617 - PaperAgentLogger - INFO - ################## PaperArchitecture_map20x20_rho1_10Agent/K3_HS0/1765556206 - End of loop ##################  
 ####### Case3321 	 Computation time:1.697746753692627 	 Step56/56	- AllReachGoal-False

2025-12-13 00:56:57,617 - PaperAgentLogger - INFO - current rateReachGoal: 0
2025-12-13 00:56:57,638 - PaperAgentLogger - DEBUG - New map
2025-12-13 00:56:58,795 - PaperAgentLogger - INFO - ################## PaperArchitecture_map20x20_rho1_10Agent/K3_HS0/1765556206 - End of loop ##################  
 ####### Case3322 	 Computation time:1.155918836593628 	 Step36/52	- AllReachGoal-True

2025-12-13 00:56:58,795 - PaperAgentLogger - INFO - current rateReachGoal: 0
2025-12-13 00:56:58,814 - PaperAgentLogger - DEBUG - New map
2025-12-13 00:56:59,642 - PaperAgentLogger - INFO - ################## PaperArchitecture_map20x20_rho1_10Agent/K3_HS0/1765556206 - End of loop ##################  
 ####### Case3323 	 Computation time:0.8282067775726318 	 Step28/56	- AllReachGoal-True

2025-12-13 00:56:59,643 - PaperAgentLogger - INFO - current rateReachGoal: 0
2025-12-13 00:56:59,660 - PaperAgentLogger - DEBUG - New map
2025-12-13 00:57:01,083 - PaperAgentLogger - INFO - ################## PaperArchitecture_map20x20_rho1_10Agent/K3_HS0/1765556206 - End of loop ##################  
 ####### Case3324 	 Computation time:1.422485113143921 	 Step46/46	- AllReachGoal-False

2025-12-13 00:57:01,083 - PaperAgentLogger - INFO - current rateReachGoal: 0
2025-12-13 00:57:01,100 - PaperAgentLogger - DEBUG - New map
2025-12-13 00:57:02,070 - PaperAgentLogger - INFO - ################## PaperArchitecture_map20x20_rho1_10Agent/K3_HS0/1765556206 - End of loop ##################  
 ####### Case3325 	 Computation time:0.969693660736084 	 Step30/48	- AllReachGoal-True

2025-12-13 00:57:02,071 - PaperAgentLogger - INFO - current rateReachGoal: 0
2025-12-13 00:57:02,090 - PaperAgentLogger - DEBUG - New map
2025-12-13 00:57:03,925 - PaperAgentLogger - INFO - ################## PaperArchitecture_map20x20_rho1_10Agent/K3_HS0/1765556206 - End of loop ##################  
 ####### Case3326 	 Computation time:1.8349616527557373 	 Step56/60	- AllReachGoal-True

2025-12-13 00:57:03,928 - PaperAgentLogger - INFO - current rateReachGoal: 0
2025-12-13 00:57:03,946 - PaperAgentLogger - DEBUG - New map
2025-12-13 00:57:04,796 - PaperAgentLogger - INFO - ################## PaperArchitecture_map20x20_rho1_10Agent/K3_HS0/1765556206 - End of loop ##################  
 ####### Case3327 	 Computation time:0.8492929935455322 	 Step28/54	- AllReachGoal-True

2025-12-13 00:57:04,796 - PaperAgentLogger - INFO - current rateReachGoal: 0
2025-12-13 00:57:04,816 - PaperAgentLogger - DEBUG - New map
2025-12-13 00:57:06,868 - PaperAgentLogger - INFO - ################## PaperArchitecture_map20x20_rho1_10Agent/K3_HS0/1765556206 - End of loop ##################  
 ####### Case3328 	 Computation time:2.05151104927063 	 Step64/64	- AllReachGoal-False

2025-12-13 00:57:06,869 - PaperAgentLogger - INFO - current rateReachGoal: 0
2025-12-13 00:57:06,888 - PaperAgentLogger - DEBUG - New map
2025-12-13 00:57:08,853 - PaperAgentLogger - INFO - ################## PaperArchitecture_map20x20_rho1_10Agent/K3_HS0/1765556206 - End of loop ##################  
 ####### Case3329 	 Computation time:1.9649856090545654 	 Step62/62	- AllReachGoal-False

2025-12-13 00:57:08,854 - PaperAgentLogger - INFO - current rateReachGoal: 0
2025-12-13 00:57:08,874 - PaperAgentLogger - DEBUG - New map
2025-12-13 00:57:10,784 - PaperAgentLogger - INFO - ################## PaperArchitecture_map20x20_rho1_10Agent/K3_HS0/1765556206 - End of loop ##################  
 ####### Case3330 	 Computation time:1.909553050994873 	 Step62/62	- AllReachGoal-False

2025-12-13 00:57:10,785 - PaperAgentLogger - INFO - current rateReachGoal: 0
2025-12-13 00:57:10,802 - PaperAgentLogger - DEBUG - New map
2025-12-13 00:57:11,708 - PaperAgentLogger - INFO - ################## PaperArchitecture_map20x20_rho1_10Agent/K3_HS0/1765556206 - End of loop ##################  
 ####### Case3331 	 Computation time:0.9049813747406006 	 Step30/56	- AllReachGoal-True

2025-12-13 00:57:11,709 - PaperAgentLogger - INFO - current rateReachGoal: 0
2025-12-13 00:57:11,726 - PaperAgentLogger - DEBUG - New map
2025-12-13 00:57:13,143 - PaperAgentLogger - INFO - ################## PaperArchitecture_map20x20_rho1_10Agent/K3_HS0/1765556206 - End of loop ##################  
 ####### Case3332 	 Computation time:1.416553020477295 	 Step48/48	- AllReachGoal-False

2025-12-13 00:57:13,144 - PaperAgentLogger - INFO - current rateReachGoal: 0
2025-12-13 00:57:13,163 - PaperAgentLogger - DEBUG - New map
2025-12-13 00:57:14,022 - PaperAgentLogger - INFO - ################## PaperArchitecture_map20x20_rho1_10Agent/K3_HS0/1765556206 - End of loop ##################  
 ####### Case3333 	 Computation time:0.8584156036376953 	 Step29/58	- AllReachGoal-True

2025-12-13 00:57:14,023 - PaperAgentLogger - INFO - current rateReachGoal: 0
2025-12-13 00:57:14,042 - PaperAgentLogger - DEBUG - New map
2025-12-13 00:57:15,393 - PaperAgentLogger - INFO - ################## PaperArchitecture_map20x20_rho1_10Agent/K3_HS0/1765556206 - End of loop ##################  
 ####### Case3334 	 Computation time:1.351057529449463 	 Step46/58	- AllReachGoal-True

2025-12-13 00:57:15,394 - PaperAgentLogger - INFO - current rateReachGoal: 0
2025-12-13 00:57:15,413 - PaperAgentLogger - DEBUG - New map
2025-12-13 00:57:17,238 - PaperAgentLogger - INFO - ################## PaperArchitecture_map20x20_rho1_10Agent/K3_HS0/1765556206 - End of loop ##################  
 ####### Case3335 	 Computation time:1.8245022296905518 	 Step62/62	- AllReachGoal-False

2025-12-13 00:57:17,239 - PaperAgentLogger - INFO - current rateReachGoal: 0
2025-12-13 00:57:17,258 - PaperAgentLogger - DEBUG - New map
2025-12-13 00:57:18,203 - PaperAgentLogger - INFO - ################## PaperArchitecture_map20x20_rho1_10Agent/K3_HS0/1765556206 - End of loop ##################  
 ####### Case3336 	 Computation time:0.9443047046661377 	 Step32/62	- AllReachGoal-True

2025-12-13 00:57:18,204 - PaperAgentLogger - INFO - current rateReachGoal: 0
2025-12-13 00:57:18,223 - PaperAgentLogger - DEBUG - New map
2025-12-13 00:57:19,136 - PaperAgentLogger - INFO - ################## PaperArchitecture_map20x20_rho1_10Agent/K3_HS0/1765556206 - End of loop ##################  
 ####### Case3337 	 Computation time:0.9120724201202393 	 Step31/58	- AllReachGoal-True

2025-12-13 00:57:19,136 - PaperAgentLogger - INFO - current rateReachGoal: 0
2025-12-13 00:57:19,156 - PaperAgentLogger - DEBUG - New map
2025-12-13 00:57:20,209 - PaperAgentLogger - INFO - ################## PaperArchitecture_map20x20_rho1_10Agent/K3_HS0/1765556206 - End of loop ##################  
 ####### Case3338 	 Computation time:1.0524566173553467 	 Step33/62	- AllReachGoal-True

2025-12-13 00:57:20,210 - PaperAgentLogger - INFO - current rateReachGoal: 0
2025-12-13 00:57:20,230 - PaperAgentLogger - DEBUG - New map
2025-12-13 00:57:21,203 - PaperAgentLogger - INFO - ################## PaperArchitecture_map20x20_rho1_10Agent/K3_HS0/1765556206 - End of loop ##################  
 ####### Case3339 	 Computation time:0.9726269245147705 	 Step33/66	- AllReachGoal-True

2025-12-13 00:57:21,204 - PaperAgentLogger - INFO - current rateReachGoal: 0
2025-12-13 00:57:21,221 - PaperAgentLogger - DEBUG - New map
2025-12-13 00:57:22,624 - PaperAgentLogger - INFO - ################## PaperArchitecture_map20x20_rho1_10Agent/K3_HS0/1765556206 - End of loop ##################  
 ####### Case3340 	 Computation time:1.4029309749603271 	 Step48/48	- AllReachGoal-False

2025-12-13 00:57:22,625 - PaperAgentLogger - INFO - current rateReachGoal: 0
2025-12-13 00:57:22,644 - PaperAgentLogger - DEBUG - New map
2025-12-13 00:57:24,590 - PaperAgentLogger - INFO - ################## PaperArchitecture_map20x20_rho1_10Agent/K3_HS0/1765556206 - End of loop ##################  
 ####### Case3341 	 Computation time:1.9458632469177246 	 Step66/66	- AllReachGoal-False

2025-12-13 00:57:24,591 - PaperAgentLogger - INFO - current rateReachGoal: 0
2025-12-13 00:57:24,609 - PaperAgentLogger - DEBUG - New map
2025-12-13 00:57:25,498 - PaperAgentLogger - INFO - ################## PaperArchitecture_map20x20_rho1_10Agent/K3_HS0/1765556206 - End of loop ##################  
 ####### Case3342 	 Computation time:0.8888037204742432 	 Step30/48	- AllReachGoal-True

2025-12-13 00:57:25,499 - PaperAgentLogger - INFO - current rateReachGoal: 0
2025-12-13 00:57:25,519 - PaperAgentLogger - DEBUG - New map
2025-12-13 00:57:26,495 - PaperAgentLogger - INFO - ################## PaperArchitecture_map20x20_rho1_10Agent/K3_HS0/1765556206 - End of loop ##################  
 ####### Case3343 	 Computation time:0.975785493850708 	 Step33/66	- AllReachGoal-True

2025-12-13 00:57:26,496 - PaperAgentLogger - INFO - current rateReachGoal: 0
2025-12-13 00:57:26,514 - PaperAgentLogger - DEBUG - New map
2025-12-13 00:57:27,588 - PaperAgentLogger - INFO - ################## PaperArchitecture_map20x20_rho1_10Agent/K3_HS0/1765556206 - End of loop ##################  
 ####### Case3344 	 Computation time:1.0736193656921387 	 Step36/62	- AllReachGoal-True

2025-12-13 00:57:27,589 - PaperAgentLogger - INFO - current rateReachGoal: 0
2025-12-13 00:57:27,609 - PaperAgentLogger - DEBUG - New map
2025-12-13 00:57:29,643 - PaperAgentLogger - INFO - ################## PaperArchitecture_map20x20_rho1_10Agent/K3_HS0/1765556206 - End of loop ##################  
 ####### Case3345 	 Computation time:2.0339198112487793 	 Step66/66	- AllReachGoal-True

2025-12-13 00:57:29,644 - PaperAgentLogger - INFO - current rateReachGoal: 0
2025-12-13 00:57:29,662 - PaperAgentLogger - DEBUG - New map
2025-12-13 00:57:30,489 - PaperAgentLogger - INFO - ################## PaperArchitecture_map20x20_rho1_10Agent/K3_HS0/1765556206 - End of loop ##################  
 ####### Case3346 	 Computation time:0.8258101940155029 	 Step26/52	- AllReachGoal-True

2025-12-13 00:57:30,489 - PaperAgentLogger - INFO - current rateReachGoal: 0
2025-12-13 00:57:30,510 - PaperAgentLogger - DEBUG - New map
2025-12-13 00:57:32,569 - PaperAgentLogger - INFO - ################## PaperArchitecture_map20x20_rho1_10Agent/K3_HS0/1765556206 - End of loop ##################  
 ####### Case3347 	 Computation time:2.05831241607666 	 Step70/70	- AllReachGoal-False

2025-12-13 00:57:32,569 - PaperAgentLogger - INFO - current rateReachGoal: 0
2025-12-13 00:57:32,588 - PaperAgentLogger - DEBUG - New map
2025-12-13 00:57:33,482 - PaperAgentLogger - INFO - ################## PaperArchitecture_map20x20_rho1_10Agent/K3_HS0/1765556206 - End of loop ##################  
 ####### Case3348 	 Computation time:0.8936069011688232 	 Step30/56	- AllReachGoal-True

2025-12-13 00:57:33,483 - PaperAgentLogger - INFO - current rateReachGoal: 0
2025-12-13 00:57:33,500 - PaperAgentLogger - DEBUG - New map
2025-12-13 00:57:34,362 - PaperAgentLogger - INFO - ################## PaperArchitecture_map20x20_rho1_10Agent/K3_HS0/1765556206 - End of loop ##################  
 ####### Case3349 	 Computation time:0.861419677734375 	 Step29/52	- AllReachGoal-True

2025-12-13 00:57:34,363 - PaperAgentLogger - INFO - current rateReachGoal: 0
2025-12-13 00:57:34,382 - PaperAgentLogger - DEBUG - New map
2025-12-13 00:57:35,496 - PaperAgentLogger - INFO - ################## PaperArchitecture_map20x20_rho1_10Agent/K3_HS0/1765556206 - End of loop ##################  
 ####### Case3350 	 Computation time:1.1137351989746094 	 Step35/62	- AllReachGoal-True

2025-12-13 00:57:35,497 - PaperAgentLogger - INFO - current rateReachGoal: 0
2025-12-13 00:57:35,516 - PaperAgentLogger - DEBUG - New map
2025-12-13 00:57:36,451 - PaperAgentLogger - INFO - ################## PaperArchitecture_map20x20_rho1_10Agent/K3_HS0/1765556206 - End of loop ##################  
 ####### Case3351 	 Computation time:0.9338672161102295 	 Step31/62	- AllReachGoal-True

2025-12-13 00:57:36,451 - PaperAgentLogger - INFO - current rateReachGoal: 0
2025-12-13 00:57:36,471 - PaperAgentLogger - DEBUG - New map
2025-12-13 00:57:38,192 - PaperAgentLogger - INFO - ################## PaperArchitecture_map20x20_rho1_10Agent/K3_HS0/1765556206 - End of loop ##################  
 ####### Case3352 	 Computation time:1.7208912372589111 	 Step56/56	- AllReachGoal-False

2025-12-13 00:57:38,193 - PaperAgentLogger - INFO - current rateReachGoal: 0
2025-12-13 00:57:38,212 - PaperAgentLogger - DEBUG - New map
2025-12-13 00:57:40,041 - PaperAgentLogger - INFO - ################## PaperArchitecture_map20x20_rho1_10Agent/K3_HS0/1765556206 - End of loop ##################  
 ####### Case3353 	 Computation time:1.8283884525299072 	 Step62/62	- AllReachGoal-False

2025-12-13 00:57:40,042 - PaperAgentLogger - INFO - current rateReachGoal: 0
2025-12-13 00:57:40,061 - PaperAgentLogger - DEBUG - New map
2025-12-13 00:57:41,616 - PaperAgentLogger - INFO - ################## PaperArchitecture_map20x20_rho1_10Agent/K3_HS0/1765556206 - End of loop ##################  
 ####### Case3354 	 Computation time:1.5550940036773682 	 Step52/52	- AllReachGoal-False

2025-12-13 00:57:41,617 - PaperAgentLogger - INFO - current rateReachGoal: 0
2025-12-13 00:57:41,634 - PaperAgentLogger - DEBUG - New map
2025-12-13 00:57:42,535 - PaperAgentLogger - INFO - ################## PaperArchitecture_map20x20_rho1_10Agent/K3_HS0/1765556206 - End of loop ##################  
 ####### Case3355 	 Computation time:0.8999173641204834 	 Step28/56	- AllReachGoal-True

2025-12-13 00:57:42,535 - PaperAgentLogger - INFO - current rateReachGoal: 0
2025-12-13 00:57:42,556 - PaperAgentLogger - DEBUG - New map
2025-12-13 00:57:44,248 - PaperAgentLogger - INFO - ################## PaperArchitecture_map20x20_rho1_10Agent/K3_HS0/1765556206 - End of loop ##################  
 ####### Case3356 	 Computation time:1.6917834281921387 	 Step53/68	- AllReachGoal-True

2025-12-13 00:57:44,249 - PaperAgentLogger - INFO - current rateReachGoal: 0
2025-12-13 00:57:44,270 - PaperAgentLogger - DEBUG - New map
2025-12-13 00:57:46,264 - PaperAgentLogger - INFO - ################## PaperArchitecture_map20x20_rho1_10Agent/K3_HS0/1765556206 - End of loop ##################  
 ####### Case3357 	 Computation time:1.993567943572998 	 Step66/66	- AllReachGoal-False

2025-12-13 00:57:46,265 - PaperAgentLogger - INFO - current rateReachGoal: 0
2025-12-13 00:57:46,285 - PaperAgentLogger - DEBUG - New map
2025-12-13 00:57:47,447 - PaperAgentLogger - INFO - ################## PaperArchitecture_map20x20_rho1_10Agent/K3_HS0/1765556206 - End of loop ##################  
 ####### Case3358 	 Computation time:1.1612508296966553 	 Step36/68	- AllReachGoal-True

2025-12-13 00:57:47,448 - PaperAgentLogger - INFO - current rateReachGoal: 0
2025-12-13 00:57:47,468 - PaperAgentLogger - DEBUG - New map
2025-12-13 00:57:48,568 - PaperAgentLogger - INFO - ################## PaperArchitecture_map20x20_rho1_10Agent/K3_HS0/1765556206 - End of loop ##################  
 ####### Case3359 	 Computation time:1.0992457866668701 	 Step33/66	- AllReachGoal-True

2025-12-13 00:57:48,569 - PaperAgentLogger - INFO - current rateReachGoal: 0
2025-12-13 00:57:48,585 - PaperAgentLogger - DEBUG - New map
2025-12-13 00:57:50,073 - PaperAgentLogger - INFO - ################## PaperArchitecture_map20x20_rho1_10Agent/K3_HS0/1765556206 - End of loop ##################  
 ####### Case3360 	 Computation time:1.4870758056640625 	 Step46/46	- AllReachGoal-False

2025-12-13 00:57:50,073 - PaperAgentLogger - INFO - current rateReachGoal: 0
2025-12-13 00:57:50,093 - PaperAgentLogger - DEBUG - New map
2025-12-13 00:57:51,098 - PaperAgentLogger - INFO - ################## PaperArchitecture_map20x20_rho1_10Agent/K3_HS0/1765556206 - End of loop ##################  
 ####### Case3361 	 Computation time:1.0046045780181885 	 Step32/60	- AllReachGoal-True

2025-12-13 00:57:51,099 - PaperAgentLogger - INFO - current rateReachGoal: 0
2025-12-13 00:57:51,119 - PaperAgentLogger - DEBUG - New map
2025-12-13 00:57:52,225 - PaperAgentLogger - INFO - ################## PaperArchitecture_map20x20_rho1_10Agent/K3_HS0/1765556206 - End of loop ##################  
 ####### Case3362 	 Computation time:1.1052947044372559 	 Step34/64	- AllReachGoal-True

2025-12-13 00:57:52,225 - PaperAgentLogger - INFO - current rateReachGoal: 0
2025-12-13 00:57:52,244 - PaperAgentLogger - DEBUG - New map
2025-12-13 00:57:53,501 - PaperAgentLogger - INFO - ################## PaperArchitecture_map20x20_rho1_10Agent/K3_HS0/1765556206 - End of loop ##################  
 ####### Case3363 	 Computation time:1.2563891410827637 	 Step38/56	- AllReachGoal-True

2025-12-13 00:57:53,501 - PaperAgentLogger - INFO - current rateReachGoal: 0
2025-12-13 00:57:53,522 - PaperAgentLogger - DEBUG - New map
2025-12-13 00:57:55,197 - PaperAgentLogger - INFO - ################## PaperArchitecture_map20x20_rho1_10Agent/K3_HS0/1765556206 - End of loop ##################  
 ####### Case3364 	 Computation time:1.674588680267334 	 Step51/70	- AllReachGoal-True

2025-12-13 00:57:55,198 - PaperAgentLogger - INFO - current rateReachGoal: 0
2025-12-13 00:57:55,215 - PaperAgentLogger - DEBUG - New map
2025-12-13 00:57:55,942 - PaperAgentLogger - INFO - ################## PaperArchitecture_map20x20_rho1_10Agent/K3_HS0/1765556206 - End of loop ##################  
 ####### Case3365 	 Computation time:0.7270674705505371 	 Step23/46	- AllReachGoal-True

2025-12-13 00:57:55,943 - PaperAgentLogger - INFO - current rateReachGoal: 0
2025-12-13 00:57:55,961 - PaperAgentLogger - DEBUG - New map
2025-12-13 00:57:57,132 - PaperAgentLogger - INFO - ################## PaperArchitecture_map20x20_rho1_10Agent/K3_HS0/1765556206 - End of loop ##################  
 ####### Case3366 	 Computation time:1.1699481010437012 	 Step37/62	- AllReachGoal-True

2025-12-13 00:57:57,133 - PaperAgentLogger - INFO - current rateReachGoal: 0
2025-12-13 00:57:57,154 - PaperAgentLogger - DEBUG - New map
2025-12-13 00:57:58,345 - PaperAgentLogger - INFO - ################## PaperArchitecture_map20x20_rho1_10Agent/K3_HS0/1765556206 - End of loop ##################  
 ####### Case3367 	 Computation time:1.190476655960083 	 Step37/70	- AllReachGoal-True

2025-12-13 00:57:58,346 - PaperAgentLogger - INFO - current rateReachGoal: 0
2025-12-13 00:57:58,364 - PaperAgentLogger - DEBUG - New map
2025-12-13 00:58:00,092 - PaperAgentLogger - INFO - ################## PaperArchitecture_map20x20_rho1_10Agent/K3_HS0/1765556206 - End of loop ##################  
 ####### Case3368 	 Computation time:1.7279136180877686 	 Step54/54	- AllReachGoal-False

2025-12-13 00:58:00,093 - PaperAgentLogger - INFO - current rateReachGoal: 0
2025-12-13 00:58:00,111 - PaperAgentLogger - DEBUG - New map
2025-12-13 00:58:01,768 - PaperAgentLogger - INFO - ################## PaperArchitecture_map20x20_rho1_10Agent/K3_HS0/1765556206 - End of loop ##################  
 ####### Case3369 	 Computation time:1.6562209129333496 	 Step52/52	- AllReachGoal-False

2025-12-13 00:58:01,769 - PaperAgentLogger - INFO - current rateReachGoal: 0
2025-12-13 00:58:01,787 - PaperAgentLogger - DEBUG - New map
2025-12-13 00:58:03,447 - PaperAgentLogger - INFO - ################## PaperArchitecture_map20x20_rho1_10Agent/K3_HS0/1765556206 - End of loop ##################  
 ####### Case3370 	 Computation time:1.659238338470459 	 Step54/54	- AllReachGoal-False

2025-12-13 00:58:03,449 - PaperAgentLogger - INFO - current rateReachGoal: 0
2025-12-13 00:58:03,467 - PaperAgentLogger - DEBUG - New map
2025-12-13 00:58:05,148 - PaperAgentLogger - INFO - ################## PaperArchitecture_map20x20_rho1_10Agent/K3_HS0/1765556206 - End of loop ##################  
 ####### Case3371 	 Computation time:1.6806960105895996 	 Step54/54	- AllReachGoal-False

2025-12-13 00:58:05,149 - PaperAgentLogger - INFO - current rateReachGoal: 0
2025-12-13 00:58:05,170 - PaperAgentLogger - DEBUG - New map
2025-12-13 00:58:06,098 - PaperAgentLogger - INFO - ################## PaperArchitecture_map20x20_rho1_10Agent/K3_HS0/1765556206 - End of loop ##################  
 ####### Case3372 	 Computation time:0.9276063442230225 	 Step31/62	- AllReachGoal-True

2025-12-13 00:58:06,098 - PaperAgentLogger - INFO - current rateReachGoal: 0
2025-12-13 00:58:06,115 - PaperAgentLogger - DEBUG - New map
2025-12-13 00:58:06,718 - PaperAgentLogger - INFO - ################## PaperArchitecture_map20x20_rho1_10Agent/K3_HS0/1765556206 - End of loop ##################  
 ####### Case3373 	 Computation time:0.6025586128234863 	 Step20/40	- AllReachGoal-True

2025-12-13 00:58:06,719 - PaperAgentLogger - INFO - current rateReachGoal: 0
2025-12-13 00:58:06,734 - PaperAgentLogger - DEBUG - New map
2025-12-13 00:58:07,307 - PaperAgentLogger - INFO - ################## PaperArchitecture_map20x20_rho1_10Agent/K3_HS0/1765556206 - End of loop ##################  
 ####### Case3374 	 Computation time:0.5727126598358154 	 Step19/38	- AllReachGoal-True

2025-12-13 00:58:07,308 - PaperAgentLogger - INFO - current rateReachGoal: 0
2025-12-13 00:58:07,326 - PaperAgentLogger - DEBUG - New map
2025-12-13 00:58:08,167 - PaperAgentLogger - INFO - ################## PaperArchitecture_map20x20_rho1_10Agent/K3_HS0/1765556206 - End of loop ##################  
 ####### Case3375 	 Computation time:0.840038537979126 	 Step28/56	- AllReachGoal-True

2025-12-13 00:58:08,167 - PaperAgentLogger - INFO - current rateReachGoal: 0
2025-12-13 00:58:08,186 - PaperAgentLogger - DEBUG - New map
2025-12-13 00:58:10,064 - PaperAgentLogger - INFO - ################## PaperArchitecture_map20x20_rho1_10Agent/K3_HS0/1765556206 - End of loop ##################  
 ####### Case3376 	 Computation time:1.8772313594818115 	 Step62/62	- AllReachGoal-False

2025-12-13 00:58:10,064 - PaperAgentLogger - INFO - current rateReachGoal: 0
2025-12-13 00:58:10,083 - PaperAgentLogger - DEBUG - New map
2025-12-13 00:58:10,989 - PaperAgentLogger - INFO - ################## PaperArchitecture_map20x20_rho1_10Agent/K3_HS0/1765556206 - End of loop ##################  
 ####### Case3377 	 Computation time:0.9054923057556152 	 Step30/52	- AllReachGoal-True

2025-12-13 00:58:10,989 - PaperAgentLogger - INFO - current rateReachGoal: 0
2025-12-13 00:58:11,006 - PaperAgentLogger - DEBUG - New map
2025-12-13 00:58:12,532 - PaperAgentLogger - INFO - ################## PaperArchitecture_map20x20_rho1_10Agent/K3_HS0/1765556206 - End of loop ##################  
 ####### Case3378 	 Computation time:1.5259768962860107 	 Step48/48	- AllReachGoal-False

2025-12-13 00:58:12,533 - PaperAgentLogger - INFO - current rateReachGoal: 0
2025-12-13 00:58:12,551 - PaperAgentLogger - DEBUG - New map
2025-12-13 00:58:13,560 - PaperAgentLogger - INFO - ################## PaperArchitecture_map20x20_rho1_10Agent/K3_HS0/1765556206 - End of loop ##################  
 ####### Case3379 	 Computation time:1.0077273845672607 	 Step31/56	- AllReachGoal-True

2025-12-13 00:58:13,560 - PaperAgentLogger - INFO - current rateReachGoal: 0
2025-12-13 00:58:13,579 - PaperAgentLogger - DEBUG - New map
2025-12-13 00:58:15,267 - PaperAgentLogger - INFO - ################## PaperArchitecture_map20x20_rho1_10Agent/K3_HS0/1765556206 - End of loop ##################  
 ####### Case3380 	 Computation time:1.6868484020233154 	 Step52/52	- AllReachGoal-False

2025-12-13 00:58:15,269 - PaperAgentLogger - INFO - current rateReachGoal: 0
2025-12-13 00:58:15,288 - PaperAgentLogger - DEBUG - New map
2025-12-13 00:58:17,298 - PaperAgentLogger - INFO - ################## PaperArchitecture_map20x20_rho1_10Agent/K3_HS0/1765556206 - End of loop ##################  
 ####### Case3381 	 Computation time:2.0101478099823 	 Step62/62	- AllReachGoal-False

2025-12-13 00:58:17,299 - PaperAgentLogger - INFO - current rateReachGoal: 0
2025-12-13 00:58:17,318 - PaperAgentLogger - DEBUG - New map
2025-12-13 00:58:19,037 - PaperAgentLogger - INFO - ################## PaperArchitecture_map20x20_rho1_10Agent/K3_HS0/1765556206 - End of loop ##################  
 ####### Case3382 	 Computation time:1.7192208766937256 	 Step58/58	- AllReachGoal-False

2025-12-13 00:58:19,038 - PaperAgentLogger - INFO - current rateReachGoal: 0
2025-12-13 00:58:19,056 - PaperAgentLogger - DEBUG - New map
2025-12-13 00:58:20,603 - PaperAgentLogger - INFO - ################## PaperArchitecture_map20x20_rho1_10Agent/K3_HS0/1765556206 - End of loop ##################  
 ####### Case3383 	 Computation time:1.5463647842407227 	 Step52/52	- AllReachGoal-False

2025-12-13 00:58:20,604 - PaperAgentLogger - INFO - current rateReachGoal: 0
2025-12-13 00:58:20,621 - PaperAgentLogger - DEBUG - New map
2025-12-13 00:58:21,935 - PaperAgentLogger - INFO - ################## PaperArchitecture_map20x20_rho1_10Agent/K3_HS0/1765556206 - End of loop ##################  
 ####### Case3384 	 Computation time:1.3130197525024414 	 Step44/44	- AllReachGoal-False

2025-12-13 00:58:21,935 - PaperAgentLogger - INFO - current rateReachGoal: 0
2025-12-13 00:58:21,952 - PaperAgentLogger - DEBUG - New map
2025-12-13 00:58:22,667 - PaperAgentLogger - INFO - ################## PaperArchitecture_map20x20_rho1_10Agent/K3_HS0/1765556206 - End of loop ##################  
 ####### Case3385 	 Computation time:0.7144677639007568 	 Step24/48	- AllReachGoal-True

2025-12-13 00:58:22,668 - PaperAgentLogger - INFO - current rateReachGoal: 0
2025-12-13 00:58:22,686 - PaperAgentLogger - DEBUG - New map
2025-12-13 00:58:23,552 - PaperAgentLogger - INFO - ################## PaperArchitecture_map20x20_rho1_10Agent/K3_HS0/1765556206 - End of loop ##################  
 ####### Case3386 	 Computation time:0.8653042316436768 	 Step29/54	- AllReachGoal-True

2025-12-13 00:58:23,553 - PaperAgentLogger - INFO - current rateReachGoal: 0
2025-12-13 00:58:23,571 - PaperAgentLogger - DEBUG - New map
2025-12-13 00:58:25,171 - PaperAgentLogger - INFO - ################## PaperArchitecture_map20x20_rho1_10Agent/K3_HS0/1765556206 - End of loop ##################  
 ####### Case3387 	 Computation time:1.599916696548462 	 Step54/54	- AllReachGoal-False

2025-12-13 00:58:25,172 - PaperAgentLogger - INFO - current rateReachGoal: 0
2025-12-13 00:58:25,188 - PaperAgentLogger - DEBUG - New map
2025-12-13 00:58:26,477 - PaperAgentLogger - INFO - ################## PaperArchitecture_map20x20_rho1_10Agent/K3_HS0/1765556206 - End of loop ##################  
 ####### Case3388 	 Computation time:1.288989543914795 	 Step42/42	- AllReachGoal-False

2025-12-13 00:58:26,478 - PaperAgentLogger - INFO - current rateReachGoal: 0
2025-12-13 00:58:26,495 - PaperAgentLogger - DEBUG - New map
2025-12-13 00:58:28,047 - PaperAgentLogger - INFO - ################## PaperArchitecture_map20x20_rho1_10Agent/K3_HS0/1765556206 - End of loop ##################  
 ####### Case3389 	 Computation time:1.5513689517974854 	 Step52/52	- AllReachGoal-False

2025-12-13 00:58:28,048 - PaperAgentLogger - INFO - current rateReachGoal: 0
2025-12-13 00:58:28,068 - PaperAgentLogger - DEBUG - New map
2025-12-13 00:58:29,000 - PaperAgentLogger - INFO - ################## PaperArchitecture_map20x20_rho1_10Agent/K3_HS0/1765556206 - End of loop ##################  
 ####### Case3390 	 Computation time:0.9314026832580566 	 Step31/62	- AllReachGoal-True

2025-12-13 00:58:29,000 - PaperAgentLogger - INFO - current rateReachGoal: 0
2025-12-13 00:58:29,017 - PaperAgentLogger - DEBUG - New map
2025-12-13 00:58:30,450 - PaperAgentLogger - INFO - ################## PaperArchitecture_map20x20_rho1_10Agent/K3_HS0/1765556206 - End of loop ##################  
 ####### Case3391 	 Computation time:1.433150291442871 	 Step48/48	- AllReachGoal-False

2025-12-13 00:58:30,451 - PaperAgentLogger - INFO - current rateReachGoal: 0
2025-12-13 00:58:30,468 - PaperAgentLogger - DEBUG - New map
2025-12-13 00:58:31,248 - PaperAgentLogger - INFO - ################## PaperArchitecture_map20x20_rho1_10Agent/K3_HS0/1765556206 - End of loop ##################  
 ####### Case3392 	 Computation time:0.7785229682922363 	 Step26/46	- AllReachGoal-True

2025-12-13 00:58:31,248 - PaperAgentLogger - INFO - current rateReachGoal: 0
2025-12-13 00:58:31,265 - PaperAgentLogger - DEBUG - New map
2025-12-13 00:58:32,574 - PaperAgentLogger - INFO - ################## PaperArchitecture_map20x20_rho1_10Agent/K3_HS0/1765556206 - End of loop ##################  
 ####### Case3393 	 Computation time:1.3079283237457275 	 Step44/44	- AllReachGoal-False

2025-12-13 00:58:32,574 - PaperAgentLogger - INFO - current rateReachGoal: 0
2025-12-13 00:58:32,593 - PaperAgentLogger - DEBUG - New map
2025-12-13 00:58:34,202 - PaperAgentLogger - INFO - ################## PaperArchitecture_map20x20_rho1_10Agent/K3_HS0/1765556206 - End of loop ##################  
 ####### Case3394 	 Computation time:1.609287977218628 	 Step54/54	- AllReachGoal-False

2025-12-13 00:58:34,203 - PaperAgentLogger - INFO - current rateReachGoal: 0
2025-12-13 00:58:34,222 - PaperAgentLogger - DEBUG - New map
2025-12-13 00:58:35,781 - PaperAgentLogger - INFO - ################## PaperArchitecture_map20x20_rho1_10Agent/K3_HS0/1765556206 - End of loop ##################  
 ####### Case3395 	 Computation time:1.5587141513824463 	 Step52/52	- AllReachGoal-False

2025-12-13 00:58:35,782 - PaperAgentLogger - INFO - current rateReachGoal: 0
2025-12-13 00:58:35,800 - PaperAgentLogger - DEBUG - New map
2025-12-13 00:58:37,465 - PaperAgentLogger - INFO - ################## PaperArchitecture_map20x20_rho1_10Agent/K3_HS0/1765556206 - End of loop ##################  
 ####### Case3396 	 Computation time:1.665135145187378 	 Step56/56	- AllReachGoal-False

2025-12-13 00:58:37,466 - PaperAgentLogger - INFO - current rateReachGoal: 0
2025-12-13 00:58:37,485 - PaperAgentLogger - DEBUG - New map
2025-12-13 00:58:38,354 - PaperAgentLogger - INFO - ################## PaperArchitecture_map20x20_rho1_10Agent/K3_HS0/1765556206 - End of loop ##################  
 ####### Case3397 	 Computation time:0.8680307865142822 	 Step29/58	- AllReachGoal-True

2025-12-13 00:58:38,356 - PaperAgentLogger - INFO - current rateReachGoal: 0
2025-12-13 00:58:38,375 - PaperAgentLogger - DEBUG - New map
2025-12-13 00:58:40,044 - PaperAgentLogger - INFO - ################## PaperArchitecture_map20x20_rho1_10Agent/K3_HS0/1765556206 - End of loop ##################  
 ####### Case3398 	 Computation time:1.6686666011810303 	 Step56/56	- AllReachGoal-False

2025-12-13 00:58:40,045 - PaperAgentLogger - INFO - current rateReachGoal: 0
2025-12-13 00:58:40,065 - PaperAgentLogger - DEBUG - New map
2025-12-13 00:58:41,841 - PaperAgentLogger - INFO - ################## PaperArchitecture_map20x20_rho1_10Agent/K3_HS0/1765556206 - End of loop ##################  
 ####### Case3399 	 Computation time:1.7756884098052979 	 Step60/60	- AllReachGoal-False

2025-12-13 00:58:41,842 - PaperAgentLogger - INFO - current rateReachGoal: 0
2025-12-13 00:58:41,858 - PaperAgentLogger - DEBUG - New map
2025-12-13 00:58:42,588 - PaperAgentLogger - INFO - ################## PaperArchitecture_map20x20_rho1_10Agent/K3_HS0/1765556206 - End of loop ##################  
 ####### Case3400 	 Computation time:0.7288799285888672 	 Step24/48	- AllReachGoal-True

2025-12-13 00:58:42,589 - PaperAgentLogger - INFO - current rateReachGoal: 0
2025-12-13 00:58:42,609 - PaperAgentLogger - DEBUG - New map
2025-12-13 00:58:44,171 - PaperAgentLogger - INFO - ################## PaperArchitecture_map20x20_rho1_10Agent/K3_HS0/1765556206 - End of loop ##################  
 ####### Case3401 	 Computation time:1.5617763996124268 	 Step52/52	- AllReachGoal-False

2025-12-13 00:58:44,173 - PaperAgentLogger - INFO - current rateReachGoal: 0
2025-12-13 00:58:44,194 - PaperAgentLogger - DEBUG - New map
2025-12-13 00:58:45,726 - PaperAgentLogger - INFO - ################## PaperArchitecture_map20x20_rho1_10Agent/K3_HS0/1765556206 - End of loop ##################  
 ####### Case3402 	 Computation time:1.5316004753112793 	 Step51/68	- AllReachGoal-True

2025-12-13 00:58:45,727 - PaperAgentLogger - INFO - current rateReachGoal: 0
2025-12-13 00:58:45,745 - PaperAgentLogger - DEBUG - New map
2025-12-13 00:58:47,426 - PaperAgentLogger - INFO - ################## PaperArchitecture_map20x20_rho1_10Agent/K3_HS0/1765556206 - End of loop ##################  
 ####### Case3403 	 Computation time:1.679661512374878 	 Step56/56	- AllReachGoal-False

2025-12-13 00:58:47,426 - PaperAgentLogger - INFO - current rateReachGoal: 0
2025-12-13 00:58:47,444 - PaperAgentLogger - DEBUG - New map
2025-12-13 00:58:48,231 - PaperAgentLogger - INFO - ################## PaperArchitecture_map20x20_rho1_10Agent/K3_HS0/1765556206 - End of loop ##################  
 ####### Case3404 	 Computation time:0.7869887351989746 	 Step26/48	- AllReachGoal-True

2025-12-13 00:58:48,232 - PaperAgentLogger - INFO - current rateReachGoal: 0
2025-12-13 00:58:48,251 - PaperAgentLogger - DEBUG - New map
2025-12-13 00:58:49,093 - PaperAgentLogger - INFO - ################## PaperArchitecture_map20x20_rho1_10Agent/K3_HS0/1765556206 - End of loop ##################  
 ####### Case3405 	 Computation time:0.8416509628295898 	 Step28/56	- AllReachGoal-True

2025-12-13 00:58:49,094 - PaperAgentLogger - INFO - current rateReachGoal: 0
2025-12-13 00:58:49,109 - PaperAgentLogger - DEBUG - New map
2025-12-13 00:58:50,315 - PaperAgentLogger - INFO - ################## PaperArchitecture_map20x20_rho1_10Agent/K3_HS0/1765556206 - End of loop ##################  
 ####### Case3406 	 Computation time:1.205268144607544 	 Step40/40	- AllReachGoal-False

2025-12-13 00:58:50,316 - PaperAgentLogger - INFO - current rateReachGoal: 0
2025-12-13 00:58:50,334 - PaperAgentLogger - DEBUG - New map
2025-12-13 00:58:51,415 - PaperAgentLogger - INFO - ################## PaperArchitecture_map20x20_rho1_10Agent/K3_HS0/1765556206 - End of loop ##################  
 ####### Case3407 	 Computation time:1.0801193714141846 	 Step36/54	- AllReachGoal-True

2025-12-13 00:58:51,416 - PaperAgentLogger - INFO - current rateReachGoal: 0
2025-12-13 00:58:51,434 - PaperAgentLogger - DEBUG - New map
2025-12-13 00:58:52,372 - PaperAgentLogger - INFO - ################## PaperArchitecture_map20x20_rho1_10Agent/K3_HS0/1765556206 - End of loop ##################  
 ####### Case3408 	 Computation time:0.9375712871551514 	 Step31/60	- AllReachGoal-True

2025-12-13 00:58:52,373 - PaperAgentLogger - INFO - current rateReachGoal: 0
2025-12-13 00:58:52,389 - PaperAgentLogger - DEBUG - New map
2025-12-13 00:58:53,711 - PaperAgentLogger - INFO - ################## PaperArchitecture_map20x20_rho1_10Agent/K3_HS0/1765556206 - End of loop ##################  
 ####### Case3409 	 Computation time:1.3219053745269775 	 Step44/44	- AllReachGoal-False

2025-12-13 00:58:53,712 - PaperAgentLogger - INFO - current rateReachGoal: 0
2025-12-13 00:58:53,729 - PaperAgentLogger - DEBUG - New map
2025-12-13 00:58:54,726 - PaperAgentLogger - INFO - ################## PaperArchitecture_map20x20_rho1_10Agent/K3_HS0/1765556206 - End of loop ##################  
 ####### Case3410 	 Computation time:0.995959997177124 	 Step33/54	- AllReachGoal-True

2025-12-13 00:58:54,728 - PaperAgentLogger - INFO - current rateReachGoal: 0
2025-12-13 00:58:54,746 - PaperAgentLogger - DEBUG - New map
2025-12-13 00:58:56,241 - PaperAgentLogger - INFO - ################## PaperArchitecture_map20x20_rho1_10Agent/K3_HS0/1765556206 - End of loop ##################  
 ####### Case3411 	 Computation time:1.493743896484375 	 Step49/56	- AllReachGoal-True

2025-12-13 00:58:56,242 - PaperAgentLogger - INFO - current rateReachGoal: 0
2025-12-13 00:58:56,259 - PaperAgentLogger - DEBUG - New map
2025-12-13 00:58:57,241 - PaperAgentLogger - INFO - ################## PaperArchitecture_map20x20_rho1_10Agent/K3_HS0/1765556206 - End of loop ##################  
 ####### Case3412 	 Computation time:0.9817588329315186 	 Step32/50	- AllReachGoal-True

2025-12-13 00:58:57,242 - PaperAgentLogger - INFO - current rateReachGoal: 0
2025-12-13 00:58:57,257 - PaperAgentLogger - DEBUG - New map
2025-12-13 00:58:58,417 - PaperAgentLogger - INFO - ################## PaperArchitecture_map20x20_rho1_10Agent/K3_HS0/1765556206 - End of loop ##################  
 ####### Case3413 	 Computation time:1.1592159271240234 	 Step36/36	- AllReachGoal-False

2025-12-13 00:58:58,418 - PaperAgentLogger - INFO - current rateReachGoal: 0
2025-12-13 00:58:58,438 - PaperAgentLogger - DEBUG - New map
2025-12-13 00:58:59,553 - PaperAgentLogger - INFO - ################## PaperArchitecture_map20x20_rho1_10Agent/K3_HS0/1765556206 - End of loop ##################  
 ####### Case3414 	 Computation time:1.1152684688568115 	 Step33/64	- AllReachGoal-True

2025-12-13 00:58:59,554 - PaperAgentLogger - INFO - current rateReachGoal: 0
2025-12-13 00:58:59,573 - PaperAgentLogger - DEBUG - New map
2025-12-13 00:59:01,163 - PaperAgentLogger - INFO - ################## PaperArchitecture_map20x20_rho1_10Agent/K3_HS0/1765556206 - End of loop ##################  
 ####### Case3415 	 Computation time:1.589226484298706 	 Step48/48	- AllReachGoal-False

2025-12-13 00:59:01,163 - PaperAgentLogger - INFO - current rateReachGoal: 0
2025-12-13 00:59:01,185 - PaperAgentLogger - DEBUG - New map
2025-12-13 00:59:02,385 - PaperAgentLogger - INFO - ################## PaperArchitecture_map20x20_rho1_10Agent/K3_HS0/1765556206 - End of loop ##################  
 ####### Case3416 	 Computation time:1.20029878616333 	 Step37/74	- AllReachGoal-True

2025-12-13 00:59:02,386 - PaperAgentLogger - INFO - current rateReachGoal: 0
2025-12-13 00:59:02,402 - PaperAgentLogger - DEBUG - New map
2025-12-13 00:59:03,738 - PaperAgentLogger - INFO - ################## PaperArchitecture_map20x20_rho1_10Agent/K3_HS0/1765556206 - End of loop ##################  
 ####### Case3417 	 Computation time:1.3362820148468018 	 Step40/40	- AllReachGoal-False

2025-12-13 00:59:03,739 - PaperAgentLogger - INFO - current rateReachGoal: 0
2025-12-13 00:59:03,758 - PaperAgentLogger - DEBUG - New map
2025-12-13 00:59:05,501 - PaperAgentLogger - INFO - ################## PaperArchitecture_map20x20_rho1_10Agent/K3_HS0/1765556206 - End of loop ##################  
 ####### Case3418 	 Computation time:1.7430493831634521 	 Step52/52	- AllReachGoal-False

2025-12-13 00:59:05,503 - PaperAgentLogger - INFO - current rateReachGoal: 0
2025-12-13 00:59:05,523 - PaperAgentLogger - DEBUG - New map
2025-12-13 00:59:06,364 - PaperAgentLogger - INFO - ################## PaperArchitecture_map20x20_rho1_10Agent/K3_HS0/1765556206 - End of loop ##################  
 ####### Case3419 	 Computation time:0.8411099910736084 	 Step25/50	- AllReachGoal-True

2025-12-13 00:59:06,365 - PaperAgentLogger - INFO - current rateReachGoal: 0
2025-12-13 00:59:06,384 - PaperAgentLogger - DEBUG - New map
2025-12-13 00:59:08,321 - PaperAgentLogger - INFO - ################## PaperArchitecture_map20x20_rho1_10Agent/K3_HS0/1765556206 - End of loop ##################  
 ####### Case3420 	 Computation time:1.9363272190093994 	 Step60/60	- AllReachGoal-False

2025-12-13 00:59:08,322 - PaperAgentLogger - INFO - current rateReachGoal: 0
2025-12-13 00:59:08,340 - PaperAgentLogger - DEBUG - New map
2025-12-13 00:59:09,250 - PaperAgentLogger - INFO - ################## PaperArchitecture_map20x20_rho1_10Agent/K3_HS0/1765556206 - End of loop ##################  
 ####### Case3421 	 Computation time:0.9099380970001221 	 Step27/50	- AllReachGoal-True

2025-12-13 00:59:09,251 - PaperAgentLogger - INFO - current rateReachGoal: 0
2025-12-13 00:59:09,266 - PaperAgentLogger - DEBUG - New map
2025-12-13 00:59:09,994 - PaperAgentLogger - INFO - ################## PaperArchitecture_map20x20_rho1_10Agent/K3_HS0/1765556206 - End of loop ##################  
 ####### Case3422 	 Computation time:0.727834939956665 	 Step24/42	- AllReachGoal-True

2025-12-13 00:59:09,995 - PaperAgentLogger - INFO - current rateReachGoal: 0
2025-12-13 00:59:10,013 - PaperAgentLogger - DEBUG - New map
2025-12-13 00:59:10,881 - PaperAgentLogger - INFO - ################## PaperArchitecture_map20x20_rho1_10Agent/K3_HS0/1765556206 - End of loop ##################  
 ####### Case3423 	 Computation time:0.8673665523529053 	 Step26/52	- AllReachGoal-True

2025-12-13 00:59:10,883 - PaperAgentLogger - INFO - current rateReachGoal: 0
2025-12-13 00:59:10,902 - PaperAgentLogger - DEBUG - New map
2025-12-13 00:59:11,941 - PaperAgentLogger - INFO - ################## PaperArchitecture_map20x20_rho1_10Agent/K3_HS0/1765556206 - End of loop ##################  
 ####### Case3424 	 Computation time:1.038034439086914 	 Step31/58	- AllReachGoal-True

2025-12-13 00:59:11,942 - PaperAgentLogger - INFO - current rateReachGoal: 0
2025-12-13 00:59:11,959 - PaperAgentLogger - DEBUG - New map
2025-12-13 00:59:12,769 - PaperAgentLogger - INFO - ################## PaperArchitecture_map20x20_rho1_10Agent/K3_HS0/1765556206 - End of loop ##################  
 ####### Case3425 	 Computation time:0.8092083930969238 	 Step24/44	- AllReachGoal-True

2025-12-13 00:59:12,770 - PaperAgentLogger - INFO - current rateReachGoal: 0
2025-12-13 00:59:12,790 - PaperAgentLogger - DEBUG - New map
2025-12-13 00:59:13,836 - PaperAgentLogger - INFO - ################## PaperArchitecture_map20x20_rho1_10Agent/K3_HS0/1765556206 - End of loop ##################  
 ####### Case3426 	 Computation time:1.0452067852020264 	 Step32/64	- AllReachGoal-True

2025-12-13 00:59:13,837 - PaperAgentLogger - INFO - current rateReachGoal: 0
2025-12-13 00:59:13,853 - PaperAgentLogger - DEBUG - New map
2025-12-13 00:59:14,615 - PaperAgentLogger - INFO - ################## PaperArchitecture_map20x20_rho1_10Agent/K3_HS0/1765556206 - End of loop ##################  
 ####### Case3427 	 Computation time:0.7621560096740723 	 Step25/42	- AllReachGoal-True

2025-12-13 00:59:14,616 - PaperAgentLogger - INFO - current rateReachGoal: 0
2025-12-13 00:59:14,633 - PaperAgentLogger - DEBUG - New map
2025-12-13 00:59:15,394 - PaperAgentLogger - INFO - ################## PaperArchitecture_map20x20_rho1_10Agent/K3_HS0/1765556206 - End of loop ##################  
 ####### Case3428 	 Computation time:0.7599442005157471 	 Step25/46	- AllReachGoal-True

2025-12-13 00:59:15,395 - PaperAgentLogger - INFO - current rateReachGoal: 0
2025-12-13 00:59:15,412 - PaperAgentLogger - DEBUG - New map
2025-12-13 00:59:16,342 - PaperAgentLogger - INFO - ################## PaperArchitecture_map20x20_rho1_10Agent/K3_HS0/1765556206 - End of loop ##################  
 ####### Case3429 	 Computation time:0.929635763168335 	 Step29/54	- AllReachGoal-True

2025-12-13 00:59:16,345 - PaperAgentLogger - INFO - current rateReachGoal: 0
2025-12-13 00:59:16,362 - PaperAgentLogger - DEBUG - New map
2025-12-13 00:59:17,342 - PaperAgentLogger - INFO - ################## PaperArchitecture_map20x20_rho1_10Agent/K3_HS0/1765556206 - End of loop ##################  
 ####### Case3430 	 Computation time:0.9791741371154785 	 Step32/46	- AllReachGoal-True

2025-12-13 00:59:17,343 - PaperAgentLogger - INFO - current rateReachGoal: 0
2025-12-13 00:59:17,361 - PaperAgentLogger - DEBUG - New map
2025-12-13 00:59:18,092 - PaperAgentLogger - INFO - ################## PaperArchitecture_map20x20_rho1_10Agent/K3_HS0/1765556206 - End of loop ##################  
 ####### Case3431 	 Computation time:0.7306272983551025 	 Step24/48	- AllReachGoal-True

2025-12-13 00:59:18,093 - PaperAgentLogger - INFO - current rateReachGoal: 0
2025-12-13 00:59:18,110 - PaperAgentLogger - DEBUG - New map
2025-12-13 00:59:19,324 - PaperAgentLogger - INFO - ################## PaperArchitecture_map20x20_rho1_10Agent/K3_HS0/1765556206 - End of loop ##################  
 ####### Case3432 	 Computation time:1.2141454219818115 	 Step40/40	- AllReachGoal-False

2025-12-13 00:59:19,325 - PaperAgentLogger - INFO - current rateReachGoal: 0
2025-12-13 00:59:19,347 - PaperAgentLogger - DEBUG - New map
2025-12-13 00:59:21,216 - PaperAgentLogger - INFO - ################## PaperArchitecture_map20x20_rho1_10Agent/K3_HS0/1765556206 - End of loop ##################  
 ####### Case3433 	 Computation time:1.8688690662384033 	 Step62/62	- AllReachGoal-False

2025-12-13 00:59:21,217 - PaperAgentLogger - INFO - current rateReachGoal: 0
2025-12-13 00:59:21,236 - PaperAgentLogger - DEBUG - New map
2025-12-13 00:59:22,327 - PaperAgentLogger - INFO - ################## PaperArchitecture_map20x20_rho1_10Agent/K3_HS0/1765556206 - End of loop ##################  
 ####### Case3434 	 Computation time:1.0907950401306152 	 Step36/54	- AllReachGoal-True

2025-12-13 00:59:22,329 - PaperAgentLogger - INFO - current rateReachGoal: 0
2025-12-13 00:59:22,349 - PaperAgentLogger - DEBUG - New map
2025-12-13 00:59:24,305 - PaperAgentLogger - INFO - ################## PaperArchitecture_map20x20_rho1_10Agent/K3_HS0/1765556206 - End of loop ##################  
 ####### Case3435 	 Computation time:1.9551403522491455 	 Step62/62	- AllReachGoal-False

2025-12-13 00:59:24,306 - PaperAgentLogger - INFO - current rateReachGoal: 0
2025-12-13 00:59:24,323 - PaperAgentLogger - DEBUG - New map
2025-12-13 00:59:25,434 - PaperAgentLogger - INFO - ################## PaperArchitecture_map20x20_rho1_10Agent/K3_HS0/1765556206 - End of loop ##################  
 ####### Case3436 	 Computation time:1.109872817993164 	 Step37/52	- AllReachGoal-True

2025-12-13 00:59:25,434 - PaperAgentLogger - INFO - current rateReachGoal: 0
2025-12-13 00:59:25,453 - PaperAgentLogger - DEBUG - New map
2025-12-13 00:59:27,013 - PaperAgentLogger - INFO - ################## PaperArchitecture_map20x20_rho1_10Agent/K3_HS0/1765556206 - End of loop ##################  
 ####### Case3437 	 Computation time:1.559788465499878 	 Step52/52	- AllReachGoal-False

2025-12-13 00:59:27,014 - PaperAgentLogger - INFO - current rateReachGoal: 0
2025-12-13 00:59:27,032 - PaperAgentLogger - DEBUG - New map
2025-12-13 00:59:27,937 - PaperAgentLogger - INFO - ################## PaperArchitecture_map20x20_rho1_10Agent/K3_HS0/1765556206 - End of loop ##################  
 ####### Case3438 	 Computation time:0.9049484729766846 	 Step30/46	- AllReachGoal-True

2025-12-13 00:59:27,939 - PaperAgentLogger - INFO - current rateReachGoal: 0
2025-12-13 00:59:27,957 - PaperAgentLogger - DEBUG - New map
2025-12-13 00:59:29,517 - PaperAgentLogger - INFO - ################## PaperArchitecture_map20x20_rho1_10Agent/K3_HS0/1765556206 - End of loop ##################  
 ####### Case3439 	 Computation time:1.559823751449585 	 Step52/52	- AllReachGoal-False

2025-12-13 00:59:29,518 - PaperAgentLogger - INFO - current rateReachGoal: 0
2025-12-13 00:59:29,537 - PaperAgentLogger - DEBUG - New map
2025-12-13 00:59:30,647 - PaperAgentLogger - INFO - ################## PaperArchitecture_map20x20_rho1_10Agent/K3_HS0/1765556206 - End of loop ##################  
 ####### Case3440 	 Computation time:1.1101269721984863 	 Step37/48	- AllReachGoal-True

2025-12-13 00:59:30,648 - PaperAgentLogger - INFO - current rateReachGoal: 0
2025-12-13 00:59:30,665 - PaperAgentLogger - DEBUG - New map
2025-12-13 00:59:31,388 - PaperAgentLogger - INFO - ################## PaperArchitecture_map20x20_rho1_10Agent/K3_HS0/1765556206 - End of loop ##################  
 ####### Case3441 	 Computation time:0.7232675552368164 	 Step24/48	- AllReachGoal-True

2025-12-13 00:59:31,389 - PaperAgentLogger - INFO - current rateReachGoal: 0
2025-12-13 00:59:31,407 - PaperAgentLogger - DEBUG - New map
2025-12-13 00:59:33,087 - PaperAgentLogger - INFO - ################## PaperArchitecture_map20x20_rho1_10Agent/K3_HS0/1765556206 - End of loop ##################  
 ####### Case3442 	 Computation time:1.6798133850097656 	 Step56/56	- AllReachGoal-False

2025-12-13 00:59:33,090 - PaperAgentLogger - INFO - current rateReachGoal: 0
2025-12-13 00:59:33,109 - PaperAgentLogger - DEBUG - New map
2025-12-13 00:59:35,096 - PaperAgentLogger - INFO - ################## PaperArchitecture_map20x20_rho1_10Agent/K3_HS0/1765556206 - End of loop ##################  
 ####### Case3443 	 Computation time:1.9860265254974365 	 Step66/66	- AllReachGoal-False

2025-12-13 00:59:35,096 - PaperAgentLogger - INFO - current rateReachGoal: 0
2025-12-13 00:59:35,115 - PaperAgentLogger - DEBUG - New map
2025-12-13 00:59:35,970 - PaperAgentLogger - INFO - ################## PaperArchitecture_map20x20_rho1_10Agent/K3_HS0/1765556206 - End of loop ##################  
 ####### Case3444 	 Computation time:0.8541500568389893 	 Step28/56	- AllReachGoal-True

2025-12-13 00:59:35,970 - PaperAgentLogger - INFO - current rateReachGoal: 0
2025-12-13 00:59:35,990 - PaperAgentLogger - DEBUG - New map
2025-12-13 00:59:37,185 - PaperAgentLogger - INFO - ################## PaperArchitecture_map20x20_rho1_10Agent/K3_HS0/1765556206 - End of loop ##################  
 ####### Case3445 	 Computation time:1.1939282417297363 	 Step39/60	- AllReachGoal-True

2025-12-13 00:59:37,185 - PaperAgentLogger - INFO - current rateReachGoal: 0
2025-12-13 00:59:37,205 - PaperAgentLogger - DEBUG - New map
2025-12-13 00:59:38,948 - PaperAgentLogger - INFO - ################## PaperArchitecture_map20x20_rho1_10Agent/K3_HS0/1765556206 - End of loop ##################  
 ####### Case3446 	 Computation time:1.7432975769042969 	 Step58/58	- AllReachGoal-False

2025-12-13 00:59:38,949 - PaperAgentLogger - INFO - current rateReachGoal: 0
2025-12-13 00:59:38,969 - PaperAgentLogger - DEBUG - New map
2025-12-13 00:59:40,714 - PaperAgentLogger - INFO - ################## PaperArchitecture_map20x20_rho1_10Agent/K3_HS0/1765556206 - End of loop ##################  
 ####### Case3447 	 Computation time:1.744978904724121 	 Step58/58	- AllReachGoal-False

2025-12-13 00:59:40,715 - PaperAgentLogger - INFO - current rateReachGoal: 0
2025-12-13 00:59:40,734 - PaperAgentLogger - DEBUG - New map
2025-12-13 00:59:41,852 - PaperAgentLogger - INFO - ################## PaperArchitecture_map20x20_rho1_10Agent/K3_HS0/1765556206 - End of loop ##################  
 ####### Case3448 	 Computation time:1.1167232990264893 	 Step37/64	- AllReachGoal-True

2025-12-13 00:59:41,852 - PaperAgentLogger - INFO - current rateReachGoal: 0
2025-12-13 00:59:41,872 - PaperAgentLogger - DEBUG - New map
2025-12-13 00:59:42,929 - PaperAgentLogger - INFO - ################## PaperArchitecture_map20x20_rho1_10Agent/K3_HS0/1765556206 - End of loop ##################  
 ####### Case3449 	 Computation time:1.0556044578552246 	 Step35/68	- AllReachGoal-True

2025-12-13 00:59:42,929 - PaperAgentLogger - INFO - current rateReachGoal: 0
2025-12-13 00:59:42,949 - PaperAgentLogger - DEBUG - New map
2025-12-13 00:59:44,825 - PaperAgentLogger - INFO - ################## PaperArchitecture_map20x20_rho1_10Agent/K3_HS0/1765556206 - End of loop ##################  
 ####### Case3450 	 Computation time:1.8762919902801514 	 Step62/62	- AllReachGoal-False

2025-12-13 00:59:44,826 - PaperAgentLogger - INFO - current rateReachGoal: 0
2025-12-13 00:59:44,845 - PaperAgentLogger - DEBUG - New map
2025-12-13 00:59:45,700 - PaperAgentLogger - INFO - ################## PaperArchitecture_map20x20_rho1_10Agent/K3_HS0/1765556206 - End of loop ##################  
 ####### Case3451 	 Computation time:0.8546302318572998 	 Step28/56	- AllReachGoal-True

2025-12-13 00:59:45,701 - PaperAgentLogger - INFO - current rateReachGoal: 0
2025-12-13 00:59:45,720 - PaperAgentLogger - DEBUG - New map
2025-12-13 00:59:47,491 - PaperAgentLogger - INFO - ################## PaperArchitecture_map20x20_rho1_10Agent/K3_HS0/1765556206 - End of loop ##################  
 ####### Case3452 	 Computation time:1.7702977657318115 	 Step56/56	- AllReachGoal-False

2025-12-13 00:59:47,491 - PaperAgentLogger - INFO - current rateReachGoal: 0
2025-12-13 00:59:47,511 - PaperAgentLogger - DEBUG - New map
2025-12-13 00:59:48,586 - PaperAgentLogger - INFO - ################## PaperArchitecture_map20x20_rho1_10Agent/K3_HS0/1765556206 - End of loop ##################  
 ####### Case3453 	 Computation time:1.074615478515625 	 Step33/62	- AllReachGoal-True

2025-12-13 00:59:48,587 - PaperAgentLogger - INFO - current rateReachGoal: 0
2025-12-13 00:59:48,605 - PaperAgentLogger - DEBUG - New map
2025-12-13 00:59:50,320 - PaperAgentLogger - INFO - ################## PaperArchitecture_map20x20_rho1_10Agent/K3_HS0/1765556206 - End of loop ##################  
 ####### Case3454 	 Computation time:1.7138888835906982 	 Step56/56	- AllReachGoal-False

2025-12-13 00:59:50,322 - PaperAgentLogger - INFO - current rateReachGoal: 0
2025-12-13 00:59:50,338 - PaperAgentLogger - DEBUG - New map
2025-12-13 00:59:51,165 - PaperAgentLogger - INFO - ################## PaperArchitecture_map20x20_rho1_10Agent/K3_HS0/1765556206 - End of loop ##################  
 ####### Case3455 	 Computation time:0.8260056972503662 	 Step27/50	- AllReachGoal-True

2025-12-13 00:59:51,166 - PaperAgentLogger - INFO - current rateReachGoal: 0
2025-12-13 00:59:51,185 - PaperAgentLogger - DEBUG - New map
2025-12-13 00:59:53,149 - PaperAgentLogger - INFO - ################## PaperArchitecture_map20x20_rho1_10Agent/K3_HS0/1765556206 - End of loop ##################  
 ####### Case3456 	 Computation time:1.9629921913146973 	 Step62/62	- AllReachGoal-False

2025-12-13 00:59:53,149 - PaperAgentLogger - INFO - current rateReachGoal: 0
2025-12-13 00:59:53,166 - PaperAgentLogger - DEBUG - New map
2025-12-13 00:59:54,843 - PaperAgentLogger - INFO - ################## PaperArchitecture_map20x20_rho1_10Agent/K3_HS0/1765556206 - End of loop ##################  
 ####### Case3457 	 Computation time:1.6763062477111816 	 Step52/52	- AllReachGoal-False

2025-12-13 00:59:54,844 - PaperAgentLogger - INFO - current rateReachGoal: 0
2025-12-13 00:59:54,860 - PaperAgentLogger - DEBUG - New map
2025-12-13 00:59:56,360 - PaperAgentLogger - INFO - ################## PaperArchitecture_map20x20_rho1_10Agent/K3_HS0/1765556206 - End of loop ##################  
 ####### Case3458 	 Computation time:1.4989917278289795 	 Step50/50	- AllReachGoal-False

2025-12-13 00:59:56,362 - PaperAgentLogger - INFO - current rateReachGoal: 0
2025-12-13 00:59:56,378 - PaperAgentLogger - DEBUG - New map
2025-12-13 00:59:57,198 - PaperAgentLogger - INFO - ################## PaperArchitecture_map20x20_rho1_10Agent/K3_HS0/1765556206 - End of loop ##################  
 ####### Case3459 	 Computation time:0.8193817138671875 	 Step28/46	- AllReachGoal-True

2025-12-13 00:59:57,199 - PaperAgentLogger - INFO - current rateReachGoal: 0
2025-12-13 00:59:57,217 - PaperAgentLogger - DEBUG - New map
2025-12-13 00:59:59,169 - PaperAgentLogger - INFO - ################## PaperArchitecture_map20x20_rho1_10Agent/K3_HS0/1765556206 - End of loop ##################  
 ####### Case3460 	 Computation time:1.9520843029022217 	 Step60/60	- AllReachGoal-False

2025-12-13 00:59:59,170 - PaperAgentLogger - INFO - current rateReachGoal: 0
2025-12-13 00:59:59,187 - PaperAgentLogger - DEBUG - New map
2025-12-13 00:59:59,986 - PaperAgentLogger - INFO - ################## PaperArchitecture_map20x20_rho1_10Agent/K3_HS0/1765556206 - End of loop ##################  
 ####### Case3461 	 Computation time:0.7983362674713135 	 Step27/54	- AllReachGoal-True

2025-12-13 00:59:59,987 - PaperAgentLogger - INFO - current rateReachGoal: 0
2025-12-13 01:00:00,003 - PaperAgentLogger - DEBUG - New map
2025-12-13 01:00:00,861 - PaperAgentLogger - INFO - ################## PaperArchitecture_map20x20_rho1_10Agent/K3_HS0/1765556206 - End of loop ##################  
 ####### Case3462 	 Computation time:0.8572714328765869 	 Step27/50	- AllReachGoal-True

2025-12-13 01:00:00,862 - PaperAgentLogger - INFO - current rateReachGoal: 0
2025-12-13 01:00:00,883 - PaperAgentLogger - DEBUG - New map
2025-12-13 01:00:01,697 - PaperAgentLogger - INFO - ################## PaperArchitecture_map20x20_rho1_10Agent/K3_HS0/1765556206 - End of loop ##################  
 ####### Case3463 	 Computation time:0.8134315013885498 	 Step27/54	- AllReachGoal-True

2025-12-13 01:00:01,700 - PaperAgentLogger - INFO - current rateReachGoal: 0
2025-12-13 01:00:01,717 - PaperAgentLogger - DEBUG - New map
2025-12-13 01:00:02,792 - PaperAgentLogger - INFO - ################## PaperArchitecture_map20x20_rho1_10Agent/K3_HS0/1765556206 - End of loop ##################  
 ####### Case3464 	 Computation time:1.074049949645996 	 Step33/62	- AllReachGoal-True

2025-12-13 01:00:02,793 - PaperAgentLogger - INFO - current rateReachGoal: 0
2025-12-13 01:00:02,808 - PaperAgentLogger - DEBUG - New map
2025-12-13 01:00:03,963 - PaperAgentLogger - INFO - ################## PaperArchitecture_map20x20_rho1_10Agent/K3_HS0/1765556206 - End of loop ##################  
 ####### Case3465 	 Computation time:1.1544904708862305 	 Step36/36	- AllReachGoal-False

2025-12-13 01:00:03,963 - PaperAgentLogger - INFO - current rateReachGoal: 0
2025-12-13 01:00:03,980 - PaperAgentLogger - DEBUG - New map
2025-12-13 01:00:05,685 - PaperAgentLogger - INFO - ################## PaperArchitecture_map20x20_rho1_10Agent/K3_HS0/1765556206 - End of loop ##################  
 ####### Case3466 	 Computation time:1.7038307189941406 	 Step54/54	- AllReachGoal-False

2025-12-13 01:00:05,685 - PaperAgentLogger - INFO - current rateReachGoal: 0
2025-12-13 01:00:05,708 - PaperAgentLogger - DEBUG - New map
2025-12-13 01:00:07,995 - PaperAgentLogger - INFO - ################## PaperArchitecture_map20x20_rho1_10Agent/K3_HS0/1765556206 - End of loop ##################  
 ####### Case3467 	 Computation time:2.286593437194824 	 Step76/76	- AllReachGoal-False

2025-12-13 01:00:07,996 - PaperAgentLogger - INFO - current rateReachGoal: 0
2025-12-13 01:00:08,016 - PaperAgentLogger - DEBUG - New map
2025-12-13 01:00:09,224 - PaperAgentLogger - INFO - ################## PaperArchitecture_map20x20_rho1_10Agent/K3_HS0/1765556206 - End of loop ##################  
 ####### Case3468 	 Computation time:1.2073915004730225 	 Step40/68	- AllReachGoal-True

2025-12-13 01:00:09,225 - PaperAgentLogger - INFO - current rateReachGoal: 0
2025-12-13 01:00:09,241 - PaperAgentLogger - DEBUG - New map
2025-12-13 01:00:09,950 - PaperAgentLogger - INFO - ################## PaperArchitecture_map20x20_rho1_10Agent/K3_HS0/1765556206 - End of loop ##################  
 ####### Case3469 	 Computation time:0.7079107761383057 	 Step24/46	- AllReachGoal-True

2025-12-13 01:00:09,950 - PaperAgentLogger - INFO - current rateReachGoal: 0
2025-12-13 01:00:09,968 - PaperAgentLogger - DEBUG - New map
2025-12-13 01:00:10,850 - PaperAgentLogger - INFO - ################## PaperArchitecture_map20x20_rho1_10Agent/K3_HS0/1765556206 - End of loop ##################  
 ####### Case3470 	 Computation time:0.881103515625 	 Step30/56	- AllReachGoal-True

2025-12-13 01:00:10,850 - PaperAgentLogger - INFO - current rateReachGoal: 0
2025-12-13 01:00:10,870 - PaperAgentLogger - DEBUG - New map
2025-12-13 01:00:11,718 - PaperAgentLogger - INFO - ################## PaperArchitecture_map20x20_rho1_10Agent/K3_HS0/1765556206 - End of loop ##################  
 ####### Case3471 	 Computation time:0.8478763103485107 	 Step29/58	- AllReachGoal-True

2025-12-13 01:00:11,719 - PaperAgentLogger - INFO - current rateReachGoal: 0
2025-12-13 01:00:11,738 - PaperAgentLogger - DEBUG - New map
2025-12-13 01:00:13,536 - PaperAgentLogger - INFO - ################## PaperArchitecture_map20x20_rho1_10Agent/K3_HS0/1765556206 - End of loop ##################  
 ####### Case3472 	 Computation time:1.796886682510376 	 Step62/62	- AllReachGoal-False

2025-12-13 01:00:13,537 - PaperAgentLogger - INFO - current rateReachGoal: 0
2025-12-13 01:00:13,551 - PaperAgentLogger - DEBUG - New map
2025-12-13 01:00:14,085 - PaperAgentLogger - INFO - ################## PaperArchitecture_map20x20_rho1_10Agent/K3_HS0/1765556206 - End of loop ##################  
 ####### Case3473 	 Computation time:0.5327506065368652 	 Step18/36	- AllReachGoal-True

2025-12-13 01:00:14,085 - PaperAgentLogger - INFO - current rateReachGoal: 0
2025-12-13 01:00:14,105 - PaperAgentLogger - DEBUG - New map
2025-12-13 01:00:15,099 - PaperAgentLogger - INFO - ################## PaperArchitecture_map20x20_rho1_10Agent/K3_HS0/1765556206 - End of loop ##################  
 ####### Case3474 	 Computation time:0.9933834075927734 	 Step34/68	- AllReachGoal-True

2025-12-13 01:00:15,100 - PaperAgentLogger - INFO - current rateReachGoal: 0
2025-12-13 01:00:15,121 - PaperAgentLogger - DEBUG - New map
2025-12-13 01:00:17,233 - PaperAgentLogger - INFO - ################## PaperArchitecture_map20x20_rho1_10Agent/K3_HS0/1765556206 - End of loop ##################  
 ####### Case3475 	 Computation time:2.110659122467041 	 Step72/72	- AllReachGoal-False

2025-12-13 01:00:17,233 - PaperAgentLogger - INFO - current rateReachGoal: 0
2025-12-13 01:00:17,252 - PaperAgentLogger - DEBUG - New map
2025-12-13 01:00:18,768 - PaperAgentLogger - INFO - ################## PaperArchitecture_map20x20_rho1_10Agent/K3_HS0/1765556206 - End of loop ##################  
 ####### Case3476 	 Computation time:1.5155770778656006 	 Step52/52	- AllReachGoal-False

2025-12-13 01:00:18,770 - PaperAgentLogger - INFO - current rateReachGoal: 0
2025-12-13 01:00:18,788 - PaperAgentLogger - DEBUG - New map
2025-12-13 01:00:20,481 - PaperAgentLogger - INFO - ################## PaperArchitecture_map20x20_rho1_10Agent/K3_HS0/1765556206 - End of loop ##################  
 ####### Case3477 	 Computation time:1.6914513111114502 	 Step54/54	- AllReachGoal-False

2025-12-13 01:00:20,481 - PaperAgentLogger - INFO - current rateReachGoal: 0
2025-12-13 01:00:20,498 - PaperAgentLogger - DEBUG - New map
2025-12-13 01:00:21,734 - PaperAgentLogger - INFO - ################## PaperArchitecture_map20x20_rho1_10Agent/K3_HS0/1765556206 - End of loop ##################  
 ####### Case3478 	 Computation time:1.2352979183197021 	 Step42/42	- AllReachGoal-False

2025-12-13 01:00:21,734 - PaperAgentLogger - INFO - current rateReachGoal: 0
2025-12-13 01:00:21,754 - PaperAgentLogger - DEBUG - New map
2025-12-13 01:00:22,786 - PaperAgentLogger - INFO - ################## PaperArchitecture_map20x20_rho1_10Agent/K3_HS0/1765556206 - End of loop ##################  
 ####### Case3479 	 Computation time:1.031287670135498 	 Step35/64	- AllReachGoal-True

2025-12-13 01:00:22,786 - PaperAgentLogger - INFO - current rateReachGoal: 0
2025-12-13 01:00:22,806 - PaperAgentLogger - DEBUG - New map
2025-12-13 01:00:24,183 - PaperAgentLogger - INFO - ################## PaperArchitecture_map20x20_rho1_10Agent/K3_HS0/1765556206 - End of loop ##################  
 ####### Case3480 	 Computation time:1.3765008449554443 	 Step47/66	- AllReachGoal-True

2025-12-13 01:00:24,186 - PaperAgentLogger - INFO - current rateReachGoal: 0
2025-12-13 01:00:24,201 - PaperAgentLogger - DEBUG - New map
2025-12-13 01:00:24,824 - PaperAgentLogger - INFO - ################## PaperArchitecture_map20x20_rho1_10Agent/K3_HS0/1765556206 - End of loop ##################  
 ####### Case3481 	 Computation time:0.6224877834320068 	 Step21/38	- AllReachGoal-True

2025-12-13 01:00:24,825 - PaperAgentLogger - INFO - current rateReachGoal: 0
2025-12-13 01:00:24,842 - PaperAgentLogger - DEBUG - New map
2025-12-13 01:00:26,423 - PaperAgentLogger - INFO - ################## PaperArchitecture_map20x20_rho1_10Agent/K3_HS0/1765556206 - End of loop ##################  
 ####### Case3482 	 Computation time:1.5800721645355225 	 Step54/54	- AllReachGoal-False

2025-12-13 01:00:26,424 - PaperAgentLogger - INFO - current rateReachGoal: 0
2025-12-13 01:00:26,441 - PaperAgentLogger - DEBUG - New map
2025-12-13 01:00:27,559 - PaperAgentLogger - INFO - ################## PaperArchitecture_map20x20_rho1_10Agent/K3_HS0/1765556206 - End of loop ##################  
 ####### Case3483 	 Computation time:1.1171886920928955 	 Step38/50	- AllReachGoal-True

2025-12-13 01:00:27,560 - PaperAgentLogger - INFO - current rateReachGoal: 0
2025-12-13 01:00:27,577 - PaperAgentLogger - DEBUG - New map
2025-12-13 01:00:28,410 - PaperAgentLogger - INFO - ################## PaperArchitecture_map20x20_rho1_10Agent/K3_HS0/1765556206 - End of loop ##################  
 ####### Case3484 	 Computation time:0.8321683406829834 	 Step26/52	- AllReachGoal-True

2025-12-13 01:00:28,410 - PaperAgentLogger - INFO - current rateReachGoal: 0
2025-12-13 01:00:28,429 - PaperAgentLogger - DEBUG - New map
2025-12-13 01:00:30,118 - PaperAgentLogger - INFO - ################## PaperArchitecture_map20x20_rho1_10Agent/K3_HS0/1765556206 - End of loop ##################  
 ####### Case3485 	 Computation time:1.688769817352295 	 Step58/58	- AllReachGoal-False

2025-12-13 01:00:30,119 - PaperAgentLogger - INFO - current rateReachGoal: 0
2025-12-13 01:00:30,139 - PaperAgentLogger - DEBUG - New map
2025-12-13 01:00:32,273 - PaperAgentLogger - INFO - ################## PaperArchitecture_map20x20_rho1_10Agent/K3_HS0/1765556206 - End of loop ##################  
 ####### Case3486 	 Computation time:2.1331653594970703 	 Step68/68	- AllReachGoal-False

2025-12-13 01:00:32,273 - PaperAgentLogger - INFO - current rateReachGoal: 0
2025-12-13 01:00:32,291 - PaperAgentLogger - DEBUG - New map
2025-12-13 01:00:34,169 - PaperAgentLogger - INFO - ################## PaperArchitecture_map20x20_rho1_10Agent/K3_HS0/1765556206 - End of loop ##################  
 ####### Case3487 	 Computation time:1.877788782119751 	 Step60/60	- AllReachGoal-False

2025-12-13 01:00:34,170 - PaperAgentLogger - INFO - current rateReachGoal: 0
2025-12-13 01:00:34,187 - PaperAgentLogger - DEBUG - New map
2025-12-13 01:00:35,625 - PaperAgentLogger - INFO - ################## PaperArchitecture_map20x20_rho1_10Agent/K3_HS0/1765556206 - End of loop ##################  
 ####### Case3488 	 Computation time:1.4372532367706299 	 Step48/48	- AllReachGoal-False

2025-12-13 01:00:35,626 - PaperAgentLogger - INFO - current rateReachGoal: 0
2025-12-13 01:00:35,644 - PaperAgentLogger - DEBUG - New map
2025-12-13 01:00:36,558 - PaperAgentLogger - INFO - ################## PaperArchitecture_map20x20_rho1_10Agent/K3_HS0/1765556206 - End of loop ##################  
 ####### Case3489 	 Computation time:0.913365364074707 	 Step28/52	- AllReachGoal-True

2025-12-13 01:00:36,559 - PaperAgentLogger - INFO - current rateReachGoal: 0
2025-12-13 01:00:36,577 - PaperAgentLogger - DEBUG - New map
2025-12-13 01:00:38,086 - PaperAgentLogger - INFO - ################## PaperArchitecture_map20x20_rho1_10Agent/K3_HS0/1765556206 - End of loop ##################  
 ####### Case3490 	 Computation time:1.5087909698486328 	 Step48/48	- AllReachGoal-False

2025-12-13 01:00:38,087 - PaperAgentLogger - INFO - current rateReachGoal: 0
2025-12-13 01:00:38,104 - PaperAgentLogger - DEBUG - New map
2025-12-13 01:00:39,666 - PaperAgentLogger - INFO - ################## PaperArchitecture_map20x20_rho1_10Agent/K3_HS0/1765556206 - End of loop ##################  
 ####### Case3491 	 Computation time:1.5611481666564941 	 Step50/50	- AllReachGoal-False

2025-12-13 01:00:39,667 - PaperAgentLogger - INFO - current rateReachGoal: 0
2025-12-13 01:00:39,683 - PaperAgentLogger - DEBUG - New map
2025-12-13 01:00:40,997 - PaperAgentLogger - INFO - ################## PaperArchitecture_map20x20_rho1_10Agent/K3_HS0/1765556206 - End of loop ##################  
 ####### Case3492 	 Computation time:1.313612937927246 	 Step42/42	- AllReachGoal-False

2025-12-13 01:00:41,000 - PaperAgentLogger - INFO - current rateReachGoal: 0
2025-12-13 01:00:41,016 - PaperAgentLogger - DEBUG - New map
2025-12-13 01:00:42,629 - PaperAgentLogger - INFO - ################## PaperArchitecture_map20x20_rho1_10Agent/K3_HS0/1765556206 - End of loop ##################  
 ####### Case3493 	 Computation time:1.6120026111602783 	 Step50/50	- AllReachGoal-False

2025-12-13 01:00:42,630 - PaperAgentLogger - INFO - current rateReachGoal: 0
2025-12-13 01:00:42,647 - PaperAgentLogger - DEBUG - New map
2025-12-13 01:00:44,309 - PaperAgentLogger - INFO - ################## PaperArchitecture_map20x20_rho1_10Agent/K3_HS0/1765556206 - End of loop ##################  
 ####### Case3494 	 Computation time:1.6611230373382568 	 Step56/56	- AllReachGoal-False

2025-12-13 01:00:44,309 - PaperAgentLogger - INFO - current rateReachGoal: 0
2025-12-13 01:00:44,328 - PaperAgentLogger - DEBUG - New map
2025-12-13 01:00:46,218 - PaperAgentLogger - INFO - ################## PaperArchitecture_map20x20_rho1_10Agent/K3_HS0/1765556206 - End of loop ##################  
 ####### Case3495 	 Computation time:1.888655185699463 	 Step58/58	- AllReachGoal-False

2025-12-13 01:00:46,220 - PaperAgentLogger - INFO - current rateReachGoal: 0
2025-12-13 01:00:46,237 - PaperAgentLogger - DEBUG - New map
2025-12-13 01:00:47,605 - PaperAgentLogger - INFO - ################## PaperArchitecture_map20x20_rho1_10Agent/K3_HS0/1765556206 - End of loop ##################  
 ####### Case3496 	 Computation time:1.3671817779541016 	 Step46/46	- AllReachGoal-False

2025-12-13 01:00:47,605 - PaperAgentLogger - INFO - current rateReachGoal: 0
2025-12-13 01:00:47,626 - PaperAgentLogger - DEBUG - New map
2025-12-13 01:00:49,906 - PaperAgentLogger - INFO - ################## PaperArchitecture_map20x20_rho1_10Agent/K3_HS0/1765556206 - End of loop ##################  
 ####### Case3497 	 Computation time:2.2797420024871826 	 Step72/72	- AllReachGoal-False

2025-12-13 01:00:49,907 - PaperAgentLogger - INFO - current rateReachGoal: 0
2025-12-13 01:00:49,925 - PaperAgentLogger - DEBUG - New map
2025-12-13 01:00:50,716 - PaperAgentLogger - INFO - ################## PaperArchitecture_map20x20_rho1_10Agent/K3_HS0/1765556206 - End of loop ##################  
 ####### Case3498 	 Computation time:0.7906835079193115 	 Step27/54	- AllReachGoal-True

2025-12-13 01:00:50,717 - PaperAgentLogger - INFO - current rateReachGoal: 0
2025-12-13 01:00:50,731 - PaperAgentLogger - DEBUG - New map
2025-12-13 01:00:51,844 - PaperAgentLogger - INFO - ################## PaperArchitecture_map20x20_rho1_10Agent/K3_HS0/1765556206 - End of loop ##################  
 ####### Case3499 	 Computation time:1.1115632057189941 	 Step38/38	- AllReachGoal-False

2025-12-13 01:00:51,844 - PaperAgentLogger - INFO - current rateReachGoal: 0
2025-12-13 01:00:51,862 - PaperAgentLogger - DEBUG - New map
2025-12-13 01:00:53,184 - PaperAgentLogger - INFO - ################## PaperArchitecture_map20x20_rho1_10Agent/K3_HS0/1765556206 - End of loop ##################  
 ####### Case3500 	 Computation time:1.3211400508880615 	 Step42/54	- AllReachGoal-True

2025-12-13 01:00:53,185 - PaperAgentLogger - INFO - current rateReachGoal: 0
2025-12-13 01:00:53,203 - PaperAgentLogger - DEBUG - New map
2025-12-13 01:00:54,110 - PaperAgentLogger - INFO - ################## PaperArchitecture_map20x20_rho1_10Agent/K3_HS0/1765556206 - End of loop ##################  
 ####### Case3501 	 Computation time:0.9064633846282959 	 Step30/52	- AllReachGoal-True

2025-12-13 01:00:54,111 - PaperAgentLogger - INFO - current rateReachGoal: 0
2025-12-13 01:00:54,129 - PaperAgentLogger - DEBUG - New map
2025-12-13 01:00:55,528 - PaperAgentLogger - INFO - ################## PaperArchitecture_map20x20_rho1_10Agent/K3_HS0/1765556206 - End of loop ##################  
 ####### Case3502 	 Computation time:1.398425579071045 	 Step44/54	- AllReachGoal-True

2025-12-13 01:00:55,529 - PaperAgentLogger - INFO - current rateReachGoal: 0
2025-12-13 01:00:55,546 - PaperAgentLogger - DEBUG - New map
2025-12-13 01:00:57,199 - PaperAgentLogger - INFO - ################## PaperArchitecture_map20x20_rho1_10Agent/K3_HS0/1765556206 - End of loop ##################  
 ####### Case3503 	 Computation time:1.6531214714050293 	 Step52/52	- AllReachGoal-False

2025-12-13 01:00:57,200 - PaperAgentLogger - INFO - current rateReachGoal: 0
2025-12-13 01:00:57,217 - PaperAgentLogger - DEBUG - New map
2025-12-13 01:00:57,929 - PaperAgentLogger - INFO - ################## PaperArchitecture_map20x20_rho1_10Agent/K3_HS0/1765556206 - End of loop ##################  
 ####### Case3504 	 Computation time:0.7108192443847656 	 Step22/44	- AllReachGoal-True

2025-12-13 01:00:57,929 - PaperAgentLogger - INFO - current rateReachGoal: 0
2025-12-13 01:00:57,947 - PaperAgentLogger - DEBUG - New map
2025-12-13 01:00:59,161 - PaperAgentLogger - INFO - ################## PaperArchitecture_map20x20_rho1_10Agent/K3_HS0/1765556206 - End of loop ##################  
 ####### Case3505 	 Computation time:1.213221788406372 	 Step37/54	- AllReachGoal-True

2025-12-13 01:00:59,162 - PaperAgentLogger - INFO - current rateReachGoal: 0
2025-12-13 01:00:59,180 - PaperAgentLogger - DEBUG - New map
2025-12-13 01:01:00,352 - PaperAgentLogger - INFO - ################## PaperArchitecture_map20x20_rho1_10Agent/K3_HS0/1765556206 - End of loop ##################  
 ####### Case3506 	 Computation time:1.1710782051086426 	 Step35/44	- AllReachGoal-True

2025-12-13 01:01:00,352 - PaperAgentLogger - INFO - current rateReachGoal: 0
2025-12-13 01:01:00,373 - PaperAgentLogger - DEBUG - New map
2025-12-13 01:01:01,364 - PaperAgentLogger - INFO - ################## PaperArchitecture_map20x20_rho1_10Agent/K3_HS0/1765556206 - End of loop ##################  
 ####### Case3507 	 Computation time:0.9906892776489258 	 Step30/56	- AllReachGoal-True

2025-12-13 01:01:01,366 - PaperAgentLogger - INFO - current rateReachGoal: 0
2025-12-13 01:01:01,384 - PaperAgentLogger - DEBUG - New map
2025-12-13 01:01:02,290 - PaperAgentLogger - INFO - ################## PaperArchitecture_map20x20_rho1_10Agent/K3_HS0/1765556206 - End of loop ##################  
 ####### Case3508 	 Computation time:0.9048995971679688 	 Step29/52	- AllReachGoal-True

2025-12-13 01:01:02,290 - PaperAgentLogger - INFO - current rateReachGoal: 0
2025-12-13 01:01:02,308 - PaperAgentLogger - DEBUG - New map
2025-12-13 01:01:03,109 - PaperAgentLogger - INFO - ################## PaperArchitecture_map20x20_rho1_10Agent/K3_HS0/1765556206 - End of loop ##################  
 ####### Case3509 	 Computation time:0.8008339405059814 	 Step25/50	- AllReachGoal-True

2025-12-13 01:01:03,110 - PaperAgentLogger - INFO - current rateReachGoal: 0
2025-12-13 01:01:03,129 - PaperAgentLogger - DEBUG - New map
2025-12-13 01:01:04,895 - PaperAgentLogger - INFO - ################## PaperArchitecture_map20x20_rho1_10Agent/K3_HS0/1765556206 - End of loop ##################  
 ####### Case3510 	 Computation time:1.765866994857788 	 Step56/56	- AllReachGoal-False

2025-12-13 01:01:04,896 - PaperAgentLogger - INFO - current rateReachGoal: 0
2025-12-13 01:01:04,915 - PaperAgentLogger - DEBUG - New map
2025-12-13 01:01:06,558 - PaperAgentLogger - INFO - ################## PaperArchitecture_map20x20_rho1_10Agent/K3_HS0/1765556206 - End of loop ##################  
 ####### Case3511 	 Computation time:1.6430130004882812 	 Step54/54	- AllReachGoal-False

2025-12-13 01:01:06,561 - PaperAgentLogger - INFO - current rateReachGoal: 0
2025-12-13 01:01:06,579 - PaperAgentLogger - DEBUG - New map
2025-12-13 01:01:07,476 - PaperAgentLogger - INFO - ################## PaperArchitecture_map20x20_rho1_10Agent/K3_HS0/1765556206 - End of loop ##################  
 ####### Case3512 	 Computation time:0.8973555564880371 	 Step28/52	- AllReachGoal-True

2025-12-13 01:01:07,477 - PaperAgentLogger - INFO - current rateReachGoal: 0
2025-12-13 01:01:07,493 - PaperAgentLogger - DEBUG - New map
2025-12-13 01:01:08,251 - PaperAgentLogger - INFO - ################## PaperArchitecture_map20x20_rho1_10Agent/K3_HS0/1765556206 - End of loop ##################  
 ####### Case3513 	 Computation time:0.7567310333251953 	 Step24/44	- AllReachGoal-True

2025-12-13 01:01:08,251 - PaperAgentLogger - INFO - current rateReachGoal: 0
2025-12-13 01:01:08,270 - PaperAgentLogger - DEBUG - New map
2025-12-13 01:01:10,159 - PaperAgentLogger - INFO - ################## PaperArchitecture_map20x20_rho1_10Agent/K3_HS0/1765556206 - End of loop ##################  
 ####### Case3514 	 Computation time:1.8888251781463623 	 Step58/58	- AllReachGoal-False

2025-12-13 01:01:10,160 - PaperAgentLogger - INFO - current rateReachGoal: 0
2025-12-13 01:01:10,177 - PaperAgentLogger - DEBUG - New map
2025-12-13 01:01:11,011 - PaperAgentLogger - INFO - ################## PaperArchitecture_map20x20_rho1_10Agent/K3_HS0/1765556206 - End of loop ##################  
 ####### Case3515 	 Computation time:0.8328995704650879 	 Step27/46	- AllReachGoal-True

2025-12-13 01:01:11,011 - PaperAgentLogger - INFO - current rateReachGoal: 0
2025-12-13 01:01:11,027 - PaperAgentLogger - DEBUG - New map
2025-12-13 01:01:11,915 - PaperAgentLogger - INFO - ################## PaperArchitecture_map20x20_rho1_10Agent/K3_HS0/1765556206 - End of loop ##################  
 ####### Case3516 	 Computation time:0.8871407508850098 	 Step27/46	- AllReachGoal-True

2025-12-13 01:01:11,917 - PaperAgentLogger - INFO - current rateReachGoal: 0
2025-12-13 01:01:11,935 - PaperAgentLogger - DEBUG - New map
2025-12-13 01:01:13,266 - PaperAgentLogger - INFO - ################## PaperArchitecture_map20x20_rho1_10Agent/K3_HS0/1765556206 - End of loop ##################  
 ####### Case3517 	 Computation time:1.3304181098937988 	 Step41/50	- AllReachGoal-True

2025-12-13 01:01:13,267 - PaperAgentLogger - INFO - current rateReachGoal: 0
2025-12-13 01:01:13,286 - PaperAgentLogger - DEBUG - New map
2025-12-13 01:01:14,139 - PaperAgentLogger - INFO - ################## PaperArchitecture_map20x20_rho1_10Agent/K3_HS0/1765556206 - End of loop ##################  
 ####### Case3518 	 Computation time:0.8529188632965088 	 Step26/52	- AllReachGoal-True

2025-12-13 01:01:14,140 - PaperAgentLogger - INFO - current rateReachGoal: 0
2025-12-13 01:01:14,158 - PaperAgentLogger - DEBUG - New map
2025-12-13 01:01:15,052 - PaperAgentLogger - INFO - ################## PaperArchitecture_map20x20_rho1_10Agent/K3_HS0/1765556206 - End of loop ##################  
 ####### Case3519 	 Computation time:0.8929650783538818 	 Step30/56	- AllReachGoal-True

2025-12-13 01:01:15,052 - PaperAgentLogger - INFO - current rateReachGoal: 0
2025-12-13 01:01:15,069 - PaperAgentLogger - DEBUG - New map
2025-12-13 01:01:15,923 - PaperAgentLogger - INFO - ################## PaperArchitecture_map20x20_rho1_10Agent/K3_HS0/1765556206 - End of loop ##################  
 ####### Case3520 	 Computation time:0.852757453918457 	 Step29/44	- AllReachGoal-True

2025-12-13 01:01:15,923 - PaperAgentLogger - INFO - current rateReachGoal: 0
2025-12-13 01:01:15,939 - PaperAgentLogger - DEBUG - New map
2025-12-13 01:01:17,347 - PaperAgentLogger - INFO - ################## PaperArchitecture_map20x20_rho1_10Agent/K3_HS0/1765556206 - End of loop ##################  
 ####### Case3521 	 Computation time:1.407057523727417 	 Step48/48	- AllReachGoal-False

2025-12-13 01:01:17,349 - PaperAgentLogger - INFO - current rateReachGoal: 0
2025-12-13 01:01:17,367 - PaperAgentLogger - DEBUG - New map
2025-12-13 01:01:18,955 - PaperAgentLogger - INFO - ################## PaperArchitecture_map20x20_rho1_10Agent/K3_HS0/1765556206 - End of loop ##################  
 ####### Case3522 	 Computation time:1.587038516998291 	 Step54/54	- AllReachGoal-False

2025-12-13 01:01:18,955 - PaperAgentLogger - INFO - current rateReachGoal: 0
2025-12-13 01:01:18,974 - PaperAgentLogger - DEBUG - New map
2025-12-13 01:01:19,886 - PaperAgentLogger - INFO - ################## PaperArchitecture_map20x20_rho1_10Agent/K3_HS0/1765556206 - End of loop ##################  
 ####### Case3523 	 Computation time:0.9110424518585205 	 Step31/56	- AllReachGoal-True

2025-12-13 01:01:19,886 - PaperAgentLogger - INFO - current rateReachGoal: 0
2025-12-13 01:01:19,903 - PaperAgentLogger - DEBUG - New map
2025-12-13 01:01:21,350 - PaperAgentLogger - INFO - ################## PaperArchitecture_map20x20_rho1_10Agent/K3_HS0/1765556206 - End of loop ##################  
 ####### Case3524 	 Computation time:1.4464898109436035 	 Step48/48	- AllReachGoal-False

2025-12-13 01:01:21,351 - PaperAgentLogger - INFO - current rateReachGoal: 0
2025-12-13 01:01:21,370 - PaperAgentLogger - DEBUG - New map
2025-12-13 01:01:22,343 - PaperAgentLogger - INFO - ################## PaperArchitecture_map20x20_rho1_10Agent/K3_HS0/1765556206 - End of loop ##################  
 ####### Case3525 	 Computation time:0.9732749462127686 	 Step32/64	- AllReachGoal-True

2025-12-13 01:01:22,344 - PaperAgentLogger - INFO - current rateReachGoal: 0
2025-12-13 01:01:22,364 - PaperAgentLogger - DEBUG - New map
2025-12-13 01:01:23,351 - PaperAgentLogger - INFO - ################## PaperArchitecture_map20x20_rho1_10Agent/K3_HS0/1765556206 - End of loop ##################  
 ####### Case3526 	 Computation time:0.9858014583587646 	 Step30/56	- AllReachGoal-True

2025-12-13 01:01:23,352 - PaperAgentLogger - INFO - current rateReachGoal: 0
2025-12-13 01:01:23,367 - PaperAgentLogger - DEBUG - New map
2025-12-13 01:01:24,161 - PaperAgentLogger - INFO - ################## PaperArchitecture_map20x20_rho1_10Agent/K3_HS0/1765556206 - End of loop ##################  
 ####### Case3527 	 Computation time:0.7933452129364014 	 Step25/42	- AllReachGoal-True

2025-12-13 01:01:24,162 - PaperAgentLogger - INFO - current rateReachGoal: 0
2025-12-13 01:01:24,182 - PaperAgentLogger - DEBUG - New map
2025-12-13 01:01:25,490 - PaperAgentLogger - INFO - ################## PaperArchitecture_map20x20_rho1_10Agent/K3_HS0/1765556206 - End of loop ##################  
 ####### Case3528 	 Computation time:1.307013988494873 	 Step44/68	- AllReachGoal-True

2025-12-13 01:01:25,491 - PaperAgentLogger - INFO - current rateReachGoal: 0
2025-12-13 01:01:25,511 - PaperAgentLogger - DEBUG - New map
2025-12-13 01:01:26,684 - PaperAgentLogger - INFO - ################## PaperArchitecture_map20x20_rho1_10Agent/K3_HS0/1765556206 - End of loop ##################  
 ####### Case3529 	 Computation time:1.173093557357788 	 Step37/66	- AllReachGoal-True

2025-12-13 01:01:26,685 - PaperAgentLogger - INFO - current rateReachGoal: 0
2025-12-13 01:01:26,703 - PaperAgentLogger - DEBUG - New map
2025-12-13 01:01:27,581 - PaperAgentLogger - INFO - ################## PaperArchitecture_map20x20_rho1_10Agent/K3_HS0/1765556206 - End of loop ##################  
 ####### Case3530 	 Computation time:0.8772797584533691 	 Step29/58	- AllReachGoal-True

2025-12-13 01:01:27,584 - PaperAgentLogger - INFO - current rateReachGoal: 0
2025-12-13 01:01:27,606 - PaperAgentLogger - DEBUG - New map
2025-12-13 01:01:29,671 - PaperAgentLogger - INFO - ################## PaperArchitecture_map20x20_rho1_10Agent/K3_HS0/1765556206 - End of loop ##################  
 ####### Case3531 	 Computation time:2.0640335083007812 	 Step70/70	- AllReachGoal-False

2025-12-13 01:01:29,672 - PaperAgentLogger - INFO - current rateReachGoal: 0
2025-12-13 01:01:29,689 - PaperAgentLogger - DEBUG - New map
2025-12-13 01:01:30,489 - PaperAgentLogger - INFO - ################## PaperArchitecture_map20x20_rho1_10Agent/K3_HS0/1765556206 - End of loop ##################  
 ####### Case3532 	 Computation time:0.8000209331512451 	 Step27/50	- AllReachGoal-True

2025-12-13 01:01:30,490 - PaperAgentLogger - INFO - current rateReachGoal: 0
2025-12-13 01:01:30,508 - PaperAgentLogger - DEBUG - New map
2025-12-13 01:01:31,426 - PaperAgentLogger - INFO - ################## PaperArchitecture_map20x20_rho1_10Agent/K3_HS0/1765556206 - End of loop ##################  
 ####### Case3533 	 Computation time:0.9169576168060303 	 Step31/62	- AllReachGoal-True

2025-12-13 01:01:31,427 - PaperAgentLogger - INFO - current rateReachGoal: 0
2025-12-13 01:01:31,445 - PaperAgentLogger - DEBUG - New map
2025-12-13 01:01:32,332 - PaperAgentLogger - INFO - ################## PaperArchitecture_map20x20_rho1_10Agent/K3_HS0/1765556206 - End of loop ##################  
 ####### Case3534 	 Computation time:0.8870577812194824 	 Step30/52	- AllReachGoal-True

2025-12-13 01:01:32,333 - PaperAgentLogger - INFO - current rateReachGoal: 0
2025-12-13 01:01:32,352 - PaperAgentLogger - DEBUG - New map
2025-12-13 01:01:33,389 - PaperAgentLogger - INFO - ################## PaperArchitecture_map20x20_rho1_10Agent/K3_HS0/1765556206 - End of loop ##################  
 ####### Case3535 	 Computation time:1.036759376525879 	 Step35/54	- AllReachGoal-True

2025-12-13 01:01:33,392 - PaperAgentLogger - INFO - current rateReachGoal: 0
2025-12-13 01:01:33,411 - PaperAgentLogger - DEBUG - New map
2025-12-13 01:01:34,241 - PaperAgentLogger - INFO - ################## PaperArchitecture_map20x20_rho1_10Agent/K3_HS0/1765556206 - End of loop ##################  
 ####### Case3536 	 Computation time:0.8296520709991455 	 Step28/56	- AllReachGoal-True

2025-12-13 01:01:34,242 - PaperAgentLogger - INFO - current rateReachGoal: 0
2025-12-13 01:01:34,261 - PaperAgentLogger - DEBUG - New map
2025-12-13 01:01:35,894 - PaperAgentLogger - INFO - ################## PaperArchitecture_map20x20_rho1_10Agent/K3_HS0/1765556206 - End of loop ##################  
 ####### Case3537 	 Computation time:1.6327333450317383 	 Step56/56	- AllReachGoal-False

2025-12-13 01:01:35,895 - PaperAgentLogger - INFO - current rateReachGoal: 0
2025-12-13 01:01:35,912 - PaperAgentLogger - DEBUG - New map
2025-12-13 01:01:36,648 - PaperAgentLogger - INFO - ################## PaperArchitecture_map20x20_rho1_10Agent/K3_HS0/1765556206 - End of loop ##################  
 ####### Case3538 	 Computation time:0.7351529598236084 	 Step25/50	- AllReachGoal-True

2025-12-13 01:01:36,649 - PaperAgentLogger - INFO - current rateReachGoal: 0
2025-12-13 01:01:36,667 - PaperAgentLogger - DEBUG - New map
2025-12-13 01:01:38,069 - PaperAgentLogger - INFO - ################## PaperArchitecture_map20x20_rho1_10Agent/K3_HS0/1765556206 - End of loop ##################  
 ####### Case3539 	 Computation time:1.401505947113037 	 Step48/48	- AllReachGoal-False

2025-12-13 01:01:38,070 - PaperAgentLogger - INFO - current rateReachGoal: 0
2025-12-13 01:01:38,088 - PaperAgentLogger - DEBUG - New map
2025-12-13 01:01:38,981 - PaperAgentLogger - INFO - ################## PaperArchitecture_map20x20_rho1_10Agent/K3_HS0/1765556206 - End of loop ##################  
 ####### Case3540 	 Computation time:0.892143964767456 	 Step30/54	- AllReachGoal-True

2025-12-13 01:01:38,983 - PaperAgentLogger - INFO - current rateReachGoal: 0
2025-12-13 01:01:39,001 - PaperAgentLogger - DEBUG - New map
2025-12-13 01:01:39,888 - PaperAgentLogger - INFO - ################## PaperArchitecture_map20x20_rho1_10Agent/K3_HS0/1765556206 - End of loop ##################  
 ####### Case3541 	 Computation time:0.8862264156341553 	 Step29/54	- AllReachGoal-True

2025-12-13 01:01:39,889 - PaperAgentLogger - INFO - current rateReachGoal: 0
2025-12-13 01:01:39,908 - PaperAgentLogger - DEBUG - New map
2025-12-13 01:01:40,829 - PaperAgentLogger - INFO - ################## PaperArchitecture_map20x20_rho1_10Agent/K3_HS0/1765556206 - End of loop ##################  
 ####### Case3542 	 Computation time:0.9204323291778564 	 Step31/58	- AllReachGoal-True

2025-12-13 01:01:40,829 - PaperAgentLogger - INFO - current rateReachGoal: 0
2025-12-13 01:01:40,849 - PaperAgentLogger - DEBUG - New map
2025-12-13 01:01:41,850 - PaperAgentLogger - INFO - ################## PaperArchitecture_map20x20_rho1_10Agent/K3_HS0/1765556206 - End of loop ##################  
 ####### Case3543 	 Computation time:1.0006287097930908 	 Step33/58	- AllReachGoal-True

2025-12-13 01:01:41,851 - PaperAgentLogger - INFO - current rateReachGoal: 0
2025-12-13 01:01:41,867 - PaperAgentLogger - DEBUG - New map
2025-12-13 01:01:42,607 - PaperAgentLogger - INFO - ################## PaperArchitecture_map20x20_rho1_10Agent/K3_HS0/1765556206 - End of loop ##################  
 ####### Case3544 	 Computation time:0.7396399974822998 	 Step25/42	- AllReachGoal-True

2025-12-13 01:01:42,608 - PaperAgentLogger - INFO - current rateReachGoal: 0
2025-12-13 01:01:42,626 - PaperAgentLogger - DEBUG - New map
2025-12-13 01:01:43,387 - PaperAgentLogger - INFO - ################## PaperArchitecture_map20x20_rho1_10Agent/K3_HS0/1765556206 - End of loop ##################  
 ####### Case3545 	 Computation time:0.7601737976074219 	 Step24/48	- AllReachGoal-True

2025-12-13 01:01:43,387 - PaperAgentLogger - INFO - current rateReachGoal: 0
2025-12-13 01:01:43,407 - PaperAgentLogger - DEBUG - New map
2025-12-13 01:01:45,331 - PaperAgentLogger - INFO - ################## PaperArchitecture_map20x20_rho1_10Agent/K3_HS0/1765556206 - End of loop ##################  
 ####### Case3546 	 Computation time:1.9232983589172363 	 Step62/62	- AllReachGoal-False

2025-12-13 01:01:45,332 - PaperAgentLogger - INFO - current rateReachGoal: 0
2025-12-13 01:01:45,351 - PaperAgentLogger - DEBUG - New map
2025-12-13 01:01:46,316 - PaperAgentLogger - INFO - ################## PaperArchitecture_map20x20_rho1_10Agent/K3_HS0/1765556206 - End of loop ##################  
 ####### Case3547 	 Computation time:0.9644372463226318 	 Step32/56	- AllReachGoal-True

2025-12-13 01:01:46,317 - PaperAgentLogger - INFO - current rateReachGoal: 0
2025-12-13 01:01:46,335 - PaperAgentLogger - DEBUG - New map
2025-12-13 01:01:47,031 - PaperAgentLogger - INFO - ################## PaperArchitecture_map20x20_rho1_10Agent/K3_HS0/1765556206 - End of loop ##################  
 ####### Case3548 	 Computation time:0.6951870918273926 	 Step23/46	- AllReachGoal-True

2025-12-13 01:01:47,031 - PaperAgentLogger - INFO - current rateReachGoal: 0
2025-12-13 01:01:47,048 - PaperAgentLogger - DEBUG - New map
2025-12-13 01:01:47,838 - PaperAgentLogger - INFO - ################## PaperArchitecture_map20x20_rho1_10Agent/K3_HS0/1765556206 - End of loop ##################  
 ####### Case3549 	 Computation time:0.7890822887420654 	 Step26/48	- AllReachGoal-True

2025-12-13 01:01:47,839 - PaperAgentLogger - INFO - current rateReachGoal: 0
2025-12-13 01:01:47,858 - PaperAgentLogger - DEBUG - New map
2025-12-13 01:01:49,689 - PaperAgentLogger - INFO - ################## PaperArchitecture_map20x20_rho1_10Agent/K3_HS0/1765556206 - End of loop ##################  
 ####### Case3550 	 Computation time:1.8304917812347412 	 Step56/56	- AllReachGoal-False

2025-12-13 01:01:49,690 - PaperAgentLogger - INFO - current rateReachGoal: 0
2025-12-13 01:01:49,709 - PaperAgentLogger - DEBUG - New map
2025-12-13 01:01:50,616 - PaperAgentLogger - INFO - ################## PaperArchitecture_map20x20_rho1_10Agent/K3_HS0/1765556206 - End of loop ##################  
 ####### Case3551 	 Computation time:0.9059596061706543 	 Step29/54	- AllReachGoal-True

2025-12-13 01:01:50,616 - PaperAgentLogger - INFO - current rateReachGoal: 0
2025-12-13 01:01:50,637 - PaperAgentLogger - DEBUG - New map
2025-12-13 01:01:52,533 - PaperAgentLogger - INFO - ################## PaperArchitecture_map20x20_rho1_10Agent/K3_HS0/1765556206 - End of loop ##################  
 ####### Case3552 	 Computation time:1.8949003219604492 	 Step64/64	- AllReachGoal-False

2025-12-13 01:01:52,533 - PaperAgentLogger - INFO - current rateReachGoal: 0
2025-12-13 01:01:52,554 - PaperAgentLogger - DEBUG - New map
2025-12-13 01:01:54,699 - PaperAgentLogger - INFO - ################## PaperArchitecture_map20x20_rho1_10Agent/K3_HS0/1765556206 - End of loop ##################  
 ####### Case3553 	 Computation time:2.1441290378570557 	 Step68/68	- AllReachGoal-False

2025-12-13 01:01:54,699 - PaperAgentLogger - INFO - current rateReachGoal: 0
2025-12-13 01:01:54,717 - PaperAgentLogger - DEBUG - New map
2025-12-13 01:01:55,952 - PaperAgentLogger - INFO - ################## PaperArchitecture_map20x20_rho1_10Agent/K3_HS0/1765556206 - End of loop ##################  
 ####### Case3554 	 Computation time:1.23484468460083 	 Step42/52	- AllReachGoal-True

2025-12-13 01:01:55,954 - PaperAgentLogger - INFO - current rateReachGoal: 0
2025-12-13 01:01:55,973 - PaperAgentLogger - DEBUG - New map
2025-12-13 01:01:57,996 - PaperAgentLogger - INFO - ################## PaperArchitecture_map20x20_rho1_10Agent/K3_HS0/1765556206 - End of loop ##################  
 ####### Case3555 	 Computation time:2.021848440170288 	 Step66/66	- AllReachGoal-False

2025-12-13 01:01:57,996 - PaperAgentLogger - INFO - current rateReachGoal: 0
2025-12-13 01:01:58,015 - PaperAgentLogger - DEBUG - New map
2025-12-13 01:01:59,603 - PaperAgentLogger - INFO - ################## PaperArchitecture_map20x20_rho1_10Agent/K3_HS0/1765556206 - End of loop ##################  
 ####### Case3556 	 Computation time:1.5868597030639648 	 Step54/54	- AllReachGoal-False

2025-12-13 01:01:59,604 - PaperAgentLogger - INFO - current rateReachGoal: 0
2025-12-13 01:01:59,623 - PaperAgentLogger - DEBUG - New map
2025-12-13 01:02:01,495 - PaperAgentLogger - INFO - ################## PaperArchitecture_map20x20_rho1_10Agent/K3_HS0/1765556206 - End of loop ##################  
 ####### Case3557 	 Computation time:1.8717153072357178 	 Step60/60	- AllReachGoal-False

2025-12-13 01:02:01,496 - PaperAgentLogger - INFO - current rateReachGoal: 0
2025-12-13 01:02:01,515 - PaperAgentLogger - DEBUG - New map
2025-12-13 01:02:03,053 - PaperAgentLogger - INFO - ################## PaperArchitecture_map20x20_rho1_10Agent/K3_HS0/1765556206 - End of loop ##################  
 ####### Case3558 	 Computation time:1.5370714664459229 	 Step52/52	- AllReachGoal-False

2025-12-13 01:02:03,053 - PaperAgentLogger - INFO - current rateReachGoal: 0
2025-12-13 01:02:03,072 - PaperAgentLogger - DEBUG - New map
2025-12-13 01:02:04,776 - PaperAgentLogger - INFO - ################## PaperArchitecture_map20x20_rho1_10Agent/K3_HS0/1765556206 - End of loop ##################  
 ####### Case3559 	 Computation time:1.703559160232544 	 Step58/58	- AllReachGoal-False

2025-12-13 01:02:04,777 - PaperAgentLogger - INFO - current rateReachGoal: 0
2025-12-13 01:02:04,794 - PaperAgentLogger - DEBUG - New map
2025-12-13 01:02:06,593 - PaperAgentLogger - INFO - ################## PaperArchitecture_map20x20_rho1_10Agent/K3_HS0/1765556206 - End of loop ##################  
 ####### Case3560 	 Computation time:1.7989323139190674 	 Step56/56	- AllReachGoal-False

2025-12-13 01:02:06,596 - PaperAgentLogger - INFO - current rateReachGoal: 0
2025-12-13 01:02:06,613 - PaperAgentLogger - DEBUG - New map
2025-12-13 01:02:08,209 - PaperAgentLogger - INFO - ################## PaperArchitecture_map20x20_rho1_10Agent/K3_HS0/1765556206 - End of loop ##################  
 ####### Case3561 	 Computation time:1.594989538192749 	 Step54/54	- AllReachGoal-False

2025-12-13 01:02:08,209 - PaperAgentLogger - INFO - current rateReachGoal: 0
2025-12-13 01:02:08,229 - PaperAgentLogger - DEBUG - New map
2025-12-13 01:02:09,968 - PaperAgentLogger - INFO - ################## PaperArchitecture_map20x20_rho1_10Agent/K3_HS0/1765556206 - End of loop ##################  
 ####### Case3562 	 Computation time:1.738480567932129 	 Step58/58	- AllReachGoal-False

2025-12-13 01:02:09,969 - PaperAgentLogger - INFO - current rateReachGoal: 0
2025-12-13 01:02:09,986 - PaperAgentLogger - DEBUG - New map
2025-12-13 01:02:11,688 - PaperAgentLogger - INFO - ################## PaperArchitecture_map20x20_rho1_10Agent/K3_HS0/1765556206 - End of loop ##################  
 ####### Case3563 	 Computation time:1.7014563083648682 	 Step52/52	- AllReachGoal-False

2025-12-13 01:02:11,691 - PaperAgentLogger - INFO - current rateReachGoal: 0
2025-12-13 01:02:11,709 - PaperAgentLogger - DEBUG - New map
2025-12-13 01:02:13,596 - PaperAgentLogger - INFO - ################## PaperArchitecture_map20x20_rho1_10Agent/K3_HS0/1765556206 - End of loop ##################  
 ####### Case3564 	 Computation time:1.8865277767181396 	 Step58/58	- AllReachGoal-False

2025-12-13 01:02:13,597 - PaperAgentLogger - INFO - current rateReachGoal: 0
2025-12-13 01:02:13,615 - PaperAgentLogger - DEBUG - New map
2025-12-13 01:02:15,406 - PaperAgentLogger - INFO - ################## PaperArchitecture_map20x20_rho1_10Agent/K3_HS0/1765556206 - End of loop ##################  
 ####### Case3565 	 Computation time:1.7909188270568848 	 Step56/56	- AllReachGoal-False

2025-12-13 01:02:15,407 - PaperAgentLogger - INFO - current rateReachGoal: 0
2025-12-13 01:02:15,426 - PaperAgentLogger - DEBUG - New map
2025-12-13 01:02:17,317 - PaperAgentLogger - INFO - ################## PaperArchitecture_map20x20_rho1_10Agent/K3_HS0/1765556206 - End of loop ##################  
 ####### Case3566 	 Computation time:1.8899905681610107 	 Step60/60	- AllReachGoal-False

2025-12-13 01:02:17,319 - PaperAgentLogger - INFO - current rateReachGoal: 0
2025-12-13 01:02:17,338 - PaperAgentLogger - DEBUG - New map
2025-12-13 01:02:18,346 - PaperAgentLogger - INFO - ################## PaperArchitecture_map20x20_rho1_10Agent/K3_HS0/1765556206 - End of loop ##################  
 ####### Case3567 	 Computation time:1.0073001384735107 	 Step33/54	- AllReachGoal-True

2025-12-13 01:02:18,346 - PaperAgentLogger - INFO - current rateReachGoal: 0
2025-12-13 01:02:18,363 - PaperAgentLogger - DEBUG - New map
2025-12-13 01:02:19,858 - PaperAgentLogger - INFO - ################## PaperArchitecture_map20x20_rho1_10Agent/K3_HS0/1765556206 - End of loop ##################  
 ####### Case3568 	 Computation time:1.494570255279541 	 Step50/50	- AllReachGoal-False

2025-12-13 01:02:19,859 - PaperAgentLogger - INFO - current rateReachGoal: 0
2025-12-13 01:02:19,877 - PaperAgentLogger - DEBUG - New map
2025-12-13 01:02:21,361 - PaperAgentLogger - INFO - ################## PaperArchitecture_map20x20_rho1_10Agent/K3_HS0/1765556206 - End of loop ##################  
 ####### Case3569 	 Computation time:1.4842724800109863 	 Step50/50	- AllReachGoal-False

2025-12-13 01:02:21,362 - PaperAgentLogger - INFO - current rateReachGoal: 0
2025-12-13 01:02:21,382 - PaperAgentLogger - DEBUG - New map
2025-12-13 01:02:23,422 - PaperAgentLogger - INFO - ################## PaperArchitecture_map20x20_rho1_10Agent/K3_HS0/1765556206 - End of loop ##################  
 ####### Case3570 	 Computation time:2.0393002033233643 	 Step66/66	- AllReachGoal-False

2025-12-13 01:02:23,423 - PaperAgentLogger - INFO - current rateReachGoal: 0
2025-12-13 01:02:23,440 - PaperAgentLogger - DEBUG - New map
2025-12-13 01:02:24,524 - PaperAgentLogger - INFO - ################## PaperArchitecture_map20x20_rho1_10Agent/K3_HS0/1765556206 - End of loop ##################  
 ####### Case3571 	 Computation time:1.0828664302825928 	 Step33/44	- AllReachGoal-True

2025-12-13 01:02:24,524 - PaperAgentLogger - INFO - current rateReachGoal: 0
2025-12-13 01:02:24,540 - PaperAgentLogger - DEBUG - New map
2025-12-13 01:02:25,660 - PaperAgentLogger - INFO - ################## PaperArchitecture_map20x20_rho1_10Agent/K3_HS0/1765556206 - End of loop ##################  
 ####### Case3572 	 Computation time:1.1192138195037842 	 Step38/48	- AllReachGoal-True

2025-12-13 01:02:25,661 - PaperAgentLogger - INFO - current rateReachGoal: 0
2025-12-13 01:02:25,679 - PaperAgentLogger - DEBUG - New map
2025-12-13 01:02:27,225 - PaperAgentLogger - INFO - ################## PaperArchitecture_map20x20_rho1_10Agent/K3_HS0/1765556206 - End of loop ##################  
 ####### Case3573 	 Computation time:1.5457963943481445 	 Step52/52	- AllReachGoal-False

2025-12-13 01:02:27,226 - PaperAgentLogger - INFO - current rateReachGoal: 0
2025-12-13 01:02:27,243 - PaperAgentLogger - DEBUG - New map
2025-12-13 01:02:28,748 - PaperAgentLogger - INFO - ################## PaperArchitecture_map20x20_rho1_10Agent/K3_HS0/1765556206 - End of loop ##################  
 ####### Case3574 	 Computation time:1.5044734477996826 	 Step46/46	- AllReachGoal-False

2025-12-13 01:02:28,751 - PaperAgentLogger - INFO - current rateReachGoal: 0
2025-12-13 01:02:28,768 - PaperAgentLogger - DEBUG - New map
2025-12-13 01:02:30,264 - PaperAgentLogger - INFO - ################## PaperArchitecture_map20x20_rho1_10Agent/K3_HS0/1765556206 - End of loop ##################  
 ####### Case3575 	 Computation time:1.4951140880584717 	 Step50/50	- AllReachGoal-False

2025-12-13 01:02:30,265 - PaperAgentLogger - INFO - current rateReachGoal: 0
2025-12-13 01:02:30,282 - PaperAgentLogger - DEBUG - New map
2025-12-13 01:02:31,892 - PaperAgentLogger - INFO - ################## PaperArchitecture_map20x20_rho1_10Agent/K3_HS0/1765556206 - End of loop ##################  
 ####### Case3576 	 Computation time:1.609081745147705 	 Step54/54	- AllReachGoal-False

2025-12-13 01:02:31,893 - PaperAgentLogger - INFO - current rateReachGoal: 0
2025-12-13 01:02:31,909 - PaperAgentLogger - DEBUG - New map
2025-12-13 01:02:33,379 - PaperAgentLogger - INFO - ################## PaperArchitecture_map20x20_rho1_10Agent/K3_HS0/1765556206 - End of loop ##################  
 ####### Case3577 	 Computation time:1.4694459438323975 	 Step50/50	- AllReachGoal-False

2025-12-13 01:02:33,380 - PaperAgentLogger - INFO - current rateReachGoal: 0
2025-12-13 01:02:33,397 - PaperAgentLogger - DEBUG - New map
2025-12-13 01:02:35,052 - PaperAgentLogger - INFO - ################## PaperArchitecture_map20x20_rho1_10Agent/K3_HS0/1765556206 - End of loop ##################  
 ####### Case3578 	 Computation time:1.6542699337005615 	 Step52/52	- AllReachGoal-False

2025-12-13 01:02:35,052 - PaperAgentLogger - INFO - current rateReachGoal: 0
2025-12-13 01:02:35,073 - PaperAgentLogger - DEBUG - New map
2025-12-13 01:02:37,151 - PaperAgentLogger - INFO - ################## PaperArchitecture_map20x20_rho1_10Agent/K3_HS0/1765556206 - End of loop ##################  
 ####### Case3579 	 Computation time:2.078165054321289 	 Step68/68	- AllReachGoal-False

2025-12-13 01:02:37,152 - PaperAgentLogger - INFO - current rateReachGoal: 0
2025-12-13 01:02:37,172 - PaperAgentLogger - DEBUG - New map
2025-12-13 01:02:39,254 - PaperAgentLogger - INFO - ################## PaperArchitecture_map20x20_rho1_10Agent/K3_HS0/1765556206 - End of loop ##################  
 ####### Case3580 	 Computation time:2.0814712047576904 	 Step64/64	- AllReachGoal-False

2025-12-13 01:02:39,255 - PaperAgentLogger - INFO - current rateReachGoal: 0
2025-12-13 01:02:39,275 - PaperAgentLogger - DEBUG - New map
2025-12-13 01:02:41,345 - PaperAgentLogger - INFO - ################## PaperArchitecture_map20x20_rho1_10Agent/K3_HS0/1765556206 - End of loop ##################  
 ####### Case3581 	 Computation time:2.068916082382202 	 Step68/68	- AllReachGoal-False

2025-12-13 01:02:41,346 - PaperAgentLogger - INFO - current rateReachGoal: 0
2025-12-13 01:02:41,365 - PaperAgentLogger - DEBUG - New map
2025-12-13 01:02:42,537 - PaperAgentLogger - INFO - ################## PaperArchitecture_map20x20_rho1_10Agent/K3_HS0/1765556206 - End of loop ##################  
 ####### Case3582 	 Computation time:1.1712751388549805 	 Step36/66	- AllReachGoal-True

2025-12-13 01:02:42,538 - PaperAgentLogger - INFO - current rateReachGoal: 0
2025-12-13 01:02:42,555 - PaperAgentLogger - DEBUG - New map
2025-12-13 01:02:44,131 - PaperAgentLogger - INFO - ################## PaperArchitecture_map20x20_rho1_10Agent/K3_HS0/1765556206 - End of loop ##################  
 ####### Case3583 	 Computation time:1.5751760005950928 	 Step48/48	- AllReachGoal-False

2025-12-13 01:02:44,132 - PaperAgentLogger - INFO - current rateReachGoal: 0
2025-12-13 01:02:44,148 - PaperAgentLogger - DEBUG - New map
2025-12-13 01:02:45,043 - PaperAgentLogger - INFO - ################## PaperArchitecture_map20x20_rho1_10Agent/K3_HS0/1765556206 - End of loop ##################  
 ####### Case3584 	 Computation time:0.8939189910888672 	 Step28/48	- AllReachGoal-True

2025-12-13 01:02:45,043 - PaperAgentLogger - INFO - current rateReachGoal: 0
2025-12-13 01:02:45,061 - PaperAgentLogger - DEBUG - New map
2025-12-13 01:02:46,101 - PaperAgentLogger - INFO - ################## PaperArchitecture_map20x20_rho1_10Agent/K3_HS0/1765556206 - End of loop ##################  
 ####### Case3585 	 Computation time:1.0402274131774902 	 Step33/48	- AllReachGoal-True

2025-12-13 01:02:46,102 - PaperAgentLogger - INFO - current rateReachGoal: 0
2025-12-13 01:02:46,121 - PaperAgentLogger - DEBUG - New map
2025-12-13 01:02:48,129 - PaperAgentLogger - INFO - ################## PaperArchitecture_map20x20_rho1_10Agent/K3_HS0/1765556206 - End of loop ##################  
 ####### Case3586 	 Computation time:2.0075032711029053 	 Step62/62	- AllReachGoal-False

2025-12-13 01:02:48,130 - PaperAgentLogger - INFO - current rateReachGoal: 0
2025-12-13 01:02:48,152 - PaperAgentLogger - DEBUG - New map
2025-12-13 01:02:50,383 - PaperAgentLogger - INFO - ################## PaperArchitecture_map20x20_rho1_10Agent/K3_HS0/1765556206 - End of loop ##################  
 ####### Case3587 	 Computation time:2.2304930686950684 	 Step68/68	- AllReachGoal-False

2025-12-13 01:02:50,383 - PaperAgentLogger - INFO - current rateReachGoal: 0
2025-12-13 01:02:50,401 - PaperAgentLogger - DEBUG - New map
2025-12-13 01:02:51,856 - PaperAgentLogger - INFO - ################## PaperArchitecture_map20x20_rho1_10Agent/K3_HS0/1765556206 - End of loop ##################  
 ####### Case3588 	 Computation time:1.4543142318725586 	 Step48/48	- AllReachGoal-False

2025-12-13 01:02:51,857 - PaperAgentLogger - INFO - current rateReachGoal: 0
2025-12-13 01:02:51,874 - PaperAgentLogger - DEBUG - New map
2025-12-13 01:02:53,480 - PaperAgentLogger - INFO - ################## PaperArchitecture_map20x20_rho1_10Agent/K3_HS0/1765556206 - End of loop ##################  
 ####### Case3589 	 Computation time:1.6046302318572998 	 Step50/50	- AllReachGoal-False

2025-12-13 01:02:53,480 - PaperAgentLogger - INFO - current rateReachGoal: 0
2025-12-13 01:02:53,500 - PaperAgentLogger - DEBUG - New map
2025-12-13 01:02:55,522 - PaperAgentLogger - INFO - ################## PaperArchitecture_map20x20_rho1_10Agent/K3_HS0/1765556206 - End of loop ##################  
 ####### Case3590 	 Computation time:2.0216331481933594 	 Step62/62	- AllReachGoal-False

2025-12-13 01:02:55,523 - PaperAgentLogger - INFO - current rateReachGoal: 0
2025-12-13 01:02:55,542 - PaperAgentLogger - DEBUG - New map
2025-12-13 01:02:57,221 - PaperAgentLogger - INFO - ################## PaperArchitecture_map20x20_rho1_10Agent/K3_HS0/1765556206 - End of loop ##################  
 ####### Case3591 	 Computation time:1.6782703399658203 	 Step56/56	- AllReachGoal-False

2025-12-13 01:02:57,222 - PaperAgentLogger - INFO - current rateReachGoal: 0
2025-12-13 01:02:57,241 - PaperAgentLogger - DEBUG - New map
2025-12-13 01:02:59,084 - PaperAgentLogger - INFO - ################## PaperArchitecture_map20x20_rho1_10Agent/K3_HS0/1765556206 - End of loop ##################  
 ####### Case3592 	 Computation time:1.8423664569854736 	 Step58/58	- AllReachGoal-False

2025-12-13 01:02:59,086 - PaperAgentLogger - INFO - current rateReachGoal: 0
2025-12-13 01:02:59,104 - PaperAgentLogger - DEBUG - New map
2025-12-13 01:03:00,570 - PaperAgentLogger - INFO - ################## PaperArchitecture_map20x20_rho1_10Agent/K3_HS0/1765556206 - End of loop ##################  
 ####### Case3593 	 Computation time:1.4660861492156982 	 Step50/50	- AllReachGoal-False

2025-12-13 01:03:00,571 - PaperAgentLogger - INFO - current rateReachGoal: 0
2025-12-13 01:03:00,589 - PaperAgentLogger - DEBUG - New map
2025-12-13 01:03:02,295 - PaperAgentLogger - INFO - ################## PaperArchitecture_map20x20_rho1_10Agent/K3_HS0/1765556206 - End of loop ##################  
 ####### Case3594 	 Computation time:1.7053771018981934 	 Step58/58	- AllReachGoal-False

2025-12-13 01:03:02,296 - PaperAgentLogger - INFO - current rateReachGoal: 0
2025-12-13 01:03:02,315 - PaperAgentLogger - DEBUG - New map
2025-12-13 01:03:04,016 - PaperAgentLogger - INFO - ################## PaperArchitecture_map20x20_rho1_10Agent/K3_HS0/1765556206 - End of loop ##################  
 ####### Case3595 	 Computation time:1.7004592418670654 	 Step58/58	- AllReachGoal-False

2025-12-13 01:03:04,017 - PaperAgentLogger - INFO - current rateReachGoal: 0
2025-12-13 01:03:04,034 - PaperAgentLogger - DEBUG - New map
2025-12-13 01:03:04,722 - PaperAgentLogger - INFO - ################## PaperArchitecture_map20x20_rho1_10Agent/K3_HS0/1765556206 - End of loop ##################  
 ####### Case3596 	 Computation time:0.6871695518493652 	 Step23/46	- AllReachGoal-True

2025-12-13 01:03:04,722 - PaperAgentLogger - INFO - current rateReachGoal: 0
2025-12-13 01:03:04,741 - PaperAgentLogger - DEBUG - New map
2025-12-13 01:03:06,633 - PaperAgentLogger - INFO - ################## PaperArchitecture_map20x20_rho1_10Agent/K3_HS0/1765556206 - End of loop ##################  
 ####### Case3597 	 Computation time:1.8907999992370605 	 Step62/62	- AllReachGoal-False

2025-12-13 01:03:06,633 - PaperAgentLogger - INFO - current rateReachGoal: 0
2025-12-13 01:03:06,651 - PaperAgentLogger - DEBUG - New map
2025-12-13 01:03:08,128 - PaperAgentLogger - INFO - ################## PaperArchitecture_map20x20_rho1_10Agent/K3_HS0/1765556206 - End of loop ##################  
 ####### Case3598 	 Computation time:1.4765758514404297 	 Step50/50	- AllReachGoal-False

2025-12-13 01:03:08,129 - PaperAgentLogger - INFO - current rateReachGoal: 0
2025-12-13 01:03:08,145 - PaperAgentLogger - DEBUG - New map
2025-12-13 01:03:09,512 - PaperAgentLogger - INFO - ################## PaperArchitecture_map20x20_rho1_10Agent/K3_HS0/1765556206 - End of loop ##################  
 ####### Case3599 	 Computation time:1.3665246963500977 	 Step46/46	- AllReachGoal-False

2025-12-13 01:03:09,513 - PaperAgentLogger - INFO - current rateReachGoal: 0
2025-12-13 01:03:09,533 - PaperAgentLogger - DEBUG - New map
2025-12-13 01:03:10,554 - PaperAgentLogger - INFO - ################## PaperArchitecture_map20x20_rho1_10Agent/K3_HS0/1765556206 - End of loop ##################  
 ####### Case3600 	 Computation time:1.0205895900726318 	 Step34/64	- AllReachGoal-True

2025-12-13 01:03:10,554 - PaperAgentLogger - INFO - current rateReachGoal: 0
2025-12-13 01:03:10,572 - PaperAgentLogger - DEBUG - New map
2025-12-13 01:03:11,290 - PaperAgentLogger - INFO - ################## PaperArchitecture_map20x20_rho1_10Agent/K3_HS0/1765556206 - End of loop ##################  
 ####### Case3601 	 Computation time:0.7177295684814453 	 Step24/50	- AllReachGoal-True

2025-12-13 01:03:11,291 - PaperAgentLogger - INFO - current rateReachGoal: 0
2025-12-13 01:03:11,310 - PaperAgentLogger - DEBUG - New map
2025-12-13 01:03:12,260 - PaperAgentLogger - INFO - ################## PaperArchitecture_map20x20_rho1_10Agent/K3_HS0/1765556206 - End of loop ##################  
 ####### Case3602 	 Computation time:0.9487969875335693 	 Step32/64	- AllReachGoal-True

2025-12-13 01:03:12,261 - PaperAgentLogger - INFO - current rateReachGoal: 0
2025-12-13 01:03:12,280 - PaperAgentLogger - DEBUG - New map
2025-12-13 01:03:13,998 - PaperAgentLogger - INFO - ################## PaperArchitecture_map20x20_rho1_10Agent/K3_HS0/1765556206 - End of loop ##################  
 ####### Case3603 	 Computation time:1.7180836200714111 	 Step58/58	- AllReachGoal-False

2025-12-13 01:03:13,999 - PaperAgentLogger - INFO - current rateReachGoal: 0
2025-12-13 01:03:14,018 - PaperAgentLogger - DEBUG - New map
2025-12-13 01:03:15,643 - PaperAgentLogger - INFO - ################## PaperArchitecture_map20x20_rho1_10Agent/K3_HS0/1765556206 - End of loop ##################  
 ####### Case3604 	 Computation time:1.6249783039093018 	 Step54/54	- AllReachGoal-False

2025-12-13 01:03:15,646 - PaperAgentLogger - INFO - current rateReachGoal: 0
2025-12-13 01:03:15,665 - PaperAgentLogger - DEBUG - New map
2025-12-13 01:03:17,541 - PaperAgentLogger - INFO - ################## PaperArchitecture_map20x20_rho1_10Agent/K3_HS0/1765556206 - End of loop ##################  
 ####### Case3605 	 Computation time:1.8756604194641113 	 Step64/64	- AllReachGoal-False

2025-12-13 01:03:17,542 - PaperAgentLogger - INFO - current rateReachGoal: 0
2025-12-13 01:03:17,559 - PaperAgentLogger - DEBUG - New map
2025-12-13 01:03:18,275 - PaperAgentLogger - INFO - ################## PaperArchitecture_map20x20_rho1_10Agent/K3_HS0/1765556206 - End of loop ##################  
 ####### Case3606 	 Computation time:0.7151105403900146 	 Step24/48	- AllReachGoal-True

2025-12-13 01:03:18,275 - PaperAgentLogger - INFO - current rateReachGoal: 0
2025-12-13 01:03:18,291 - PaperAgentLogger - DEBUG - New map
2025-12-13 01:03:19,027 - PaperAgentLogger - INFO - ################## PaperArchitecture_map20x20_rho1_10Agent/K3_HS0/1765556206 - End of loop ##################  
 ####### Case3607 	 Computation time:0.7352199554443359 	 Step24/46	- AllReachGoal-True

2025-12-13 01:03:19,028 - PaperAgentLogger - INFO - current rateReachGoal: 0
2025-12-13 01:03:19,048 - PaperAgentLogger - DEBUG - New map
2025-12-13 01:03:20,120 - PaperAgentLogger - INFO - ################## PaperArchitecture_map20x20_rho1_10Agent/K3_HS0/1765556206 - End of loop ##################  
 ####### Case3608 	 Computation time:1.0711801052093506 	 Step34/68	- AllReachGoal-True

2025-12-13 01:03:20,121 - PaperAgentLogger - INFO - current rateReachGoal: 0
2025-12-13 01:03:20,138 - PaperAgentLogger - DEBUG - New map
2025-12-13 01:03:20,998 - PaperAgentLogger - INFO - ################## PaperArchitecture_map20x20_rho1_10Agent/K3_HS0/1765556206 - End of loop ##################  
 ####### Case3609 	 Computation time:0.8589611053466797 	 Step26/52	- AllReachGoal-True

2025-12-13 01:03:20,999 - PaperAgentLogger - INFO - current rateReachGoal: 0
2025-12-13 01:03:21,015 - PaperAgentLogger - DEBUG - New map
2025-12-13 01:03:22,521 - PaperAgentLogger - INFO - ################## PaperArchitecture_map20x20_rho1_10Agent/K3_HS0/1765556206 - End of loop ##################  
 ####### Case3610 	 Computation time:1.504964828491211 	 Step46/46	- AllReachGoal-False

2025-12-13 01:03:22,522 - PaperAgentLogger - INFO - current rateReachGoal: 0
2025-12-13 01:03:22,540 - PaperAgentLogger - DEBUG - New map
2025-12-13 01:03:23,529 - PaperAgentLogger - INFO - ################## PaperArchitecture_map20x20_rho1_10Agent/K3_HS0/1765556206 - End of loop ##################  
 ####### Case3611 	 Computation time:0.9879200458526611 	 Step30/58	- AllReachGoal-True

2025-12-13 01:03:23,529 - PaperAgentLogger - INFO - current rateReachGoal: 0
2025-12-13 01:03:23,548 - PaperAgentLogger - DEBUG - New map
2025-12-13 01:03:24,644 - PaperAgentLogger - INFO - ################## PaperArchitecture_map20x20_rho1_10Agent/K3_HS0/1765556206 - End of loop ##################  
 ####### Case3612 	 Computation time:1.0953094959259033 	 Step34/58	- AllReachGoal-True

2025-12-13 01:03:24,644 - PaperAgentLogger - INFO - current rateReachGoal: 0
2025-12-13 01:03:24,664 - PaperAgentLogger - DEBUG - New map
2025-12-13 01:03:26,692 - PaperAgentLogger - INFO - ################## PaperArchitecture_map20x20_rho1_10Agent/K3_HS0/1765556206 - End of loop ##################  
 ####### Case3613 	 Computation time:2.0279910564422607 	 Step62/62	- AllReachGoal-False

2025-12-13 01:03:26,693 - PaperAgentLogger - INFO - current rateReachGoal: 0
2025-12-13 01:03:26,711 - PaperAgentLogger - DEBUG - New map
2025-12-13 01:03:27,593 - PaperAgentLogger - INFO - ################## PaperArchitecture_map20x20_rho1_10Agent/K3_HS0/1765556206 - End of loop ##################  
 ####### Case3614 	 Computation time:0.8813385963439941 	 Step29/56	- AllReachGoal-True

2025-12-13 01:03:27,593 - PaperAgentLogger - INFO - current rateReachGoal: 0
2025-12-13 01:03:27,609 - PaperAgentLogger - DEBUG - New map
2025-12-13 01:03:28,253 - PaperAgentLogger - INFO - ################## PaperArchitecture_map20x20_rho1_10Agent/K3_HS0/1765556206 - End of loop ##################  
 ####### Case3615 	 Computation time:0.6430604457855225 	 Step21/42	- AllReachGoal-True

2025-12-13 01:03:28,254 - PaperAgentLogger - INFO - current rateReachGoal: 0
2025-12-13 01:03:28,272 - PaperAgentLogger - DEBUG - New map
2025-12-13 01:03:29,675 - PaperAgentLogger - INFO - ################## PaperArchitecture_map20x20_rho1_10Agent/K3_HS0/1765556206 - End of loop ##################  
 ####### Case3616 	 Computation time:1.402467966079712 	 Step44/62	- AllReachGoal-True

2025-12-13 01:03:29,676 - PaperAgentLogger - INFO - current rateReachGoal: 0
2025-12-13 01:03:29,693 - PaperAgentLogger - DEBUG - New map
2025-12-13 01:03:31,241 - PaperAgentLogger - INFO - ################## PaperArchitecture_map20x20_rho1_10Agent/K3_HS0/1765556206 - End of loop ##################  
 ####### Case3617 	 Computation time:1.5473899841308594 	 Step48/48	- AllReachGoal-False

2025-12-13 01:03:31,242 - PaperAgentLogger - INFO - current rateReachGoal: 0
2025-12-13 01:03:31,259 - PaperAgentLogger - DEBUG - New map
2025-12-13 01:03:32,043 - PaperAgentLogger - INFO - ################## PaperArchitecture_map20x20_rho1_10Agent/K3_HS0/1765556206 - End of loop ##################  
 ####### Case3618 	 Computation time:0.783597469329834 	 Step26/52	- AllReachGoal-True

2025-12-13 01:03:32,044 - PaperAgentLogger - INFO - current rateReachGoal: 0
2025-12-13 01:03:32,064 - PaperAgentLogger - DEBUG - New map
2025-12-13 01:03:33,104 - PaperAgentLogger - INFO - ################## PaperArchitecture_map20x20_rho1_10Agent/K3_HS0/1765556206 - End of loop ##################  
 ####### Case3619 	 Computation time:1.0402336120605469 	 Step35/64	- AllReachGoal-True

2025-12-13 01:03:33,105 - PaperAgentLogger - INFO - current rateReachGoal: 0
2025-12-13 01:03:33,124 - PaperAgentLogger - DEBUG - New map
2025-12-13 01:03:34,709 - PaperAgentLogger - INFO - ################## PaperArchitecture_map20x20_rho1_10Agent/K3_HS0/1765556206 - End of loop ##################  
 ####### Case3620 	 Computation time:1.5848839282989502 	 Step52/52	- AllReachGoal-False

2025-12-13 01:03:34,710 - PaperAgentLogger - INFO - current rateReachGoal: 0
2025-12-13 01:03:34,729 - PaperAgentLogger - DEBUG - New map
2025-12-13 01:03:36,431 - PaperAgentLogger - INFO - ################## PaperArchitecture_map20x20_rho1_10Agent/K3_HS0/1765556206 - End of loop ##################  
 ####### Case3621 	 Computation time:1.7018413543701172 	 Step54/54	- AllReachGoal-False

2025-12-13 01:03:36,432 - PaperAgentLogger - INFO - current rateReachGoal: 0
2025-12-13 01:03:36,451 - PaperAgentLogger - DEBUG - New map
2025-12-13 01:03:37,496 - PaperAgentLogger - INFO - ################## PaperArchitecture_map20x20_rho1_10Agent/K3_HS0/1765556206 - End of loop ##################  
 ####### Case3622 	 Computation time:1.0446021556854248 	 Step33/56	- AllReachGoal-True

2025-12-13 01:03:37,497 - PaperAgentLogger - INFO - current rateReachGoal: 0
2025-12-13 01:03:37,516 - PaperAgentLogger - DEBUG - New map
2025-12-13 01:03:38,748 - PaperAgentLogger - INFO - ################## PaperArchitecture_map20x20_rho1_10Agent/K3_HS0/1765556206 - End of loop ##################  
 ####### Case3623 	 Computation time:1.2318589687347412 	 Step39/62	- AllReachGoal-True

2025-12-13 01:03:38,749 - PaperAgentLogger - INFO - current rateReachGoal: 0
2025-12-13 01:03:38,767 - PaperAgentLogger - DEBUG - New map
2025-12-13 01:03:40,150 - PaperAgentLogger - INFO - ################## PaperArchitecture_map20x20_rho1_10Agent/K3_HS0/1765556206 - End of loop ##################  
 ####### Case3624 	 Computation time:1.3825337886810303 	 Step47/50	- AllReachGoal-True

2025-12-13 01:03:40,151 - PaperAgentLogger - INFO - current rateReachGoal: 0
2025-12-13 01:03:40,168 - PaperAgentLogger - DEBUG - New map
2025-12-13 01:03:40,907 - PaperAgentLogger - INFO - ################## PaperArchitecture_map20x20_rho1_10Agent/K3_HS0/1765556206 - End of loop ##################  
 ####### Case3625 	 Computation time:0.7385423183441162 	 Step25/50	- AllReachGoal-True

2025-12-13 01:03:40,908 - PaperAgentLogger - INFO - current rateReachGoal: 0
2025-12-13 01:03:40,927 - PaperAgentLogger - DEBUG - New map
2025-12-13 01:03:42,717 - PaperAgentLogger - INFO - ################## PaperArchitecture_map20x20_rho1_10Agent/K3_HS0/1765556206 - End of loop ##################  
 ####### Case3626 	 Computation time:1.7892463207244873 	 Step58/58	- AllReachGoal-False

2025-12-13 01:03:42,717 - PaperAgentLogger - INFO - current rateReachGoal: 0
2025-12-13 01:03:42,734 - PaperAgentLogger - DEBUG - New map
2025-12-13 01:03:43,473 - PaperAgentLogger - INFO - ################## PaperArchitecture_map20x20_rho1_10Agent/K3_HS0/1765556206 - End of loop ##################  
 ####### Case3627 	 Computation time:0.7382872104644775 	 Step25/50	- AllReachGoal-True

2025-12-13 01:03:43,474 - PaperAgentLogger - INFO - current rateReachGoal: 0
2025-12-13 01:03:43,491 - PaperAgentLogger - DEBUG - New map
2025-12-13 01:03:44,432 - PaperAgentLogger - INFO - ################## PaperArchitecture_map20x20_rho1_10Agent/K3_HS0/1765556206 - End of loop ##################  
 ####### Case3628 	 Computation time:0.9408812522888184 	 Step32/46	- AllReachGoal-True

2025-12-13 01:03:44,433 - PaperAgentLogger - INFO - current rateReachGoal: 0
2025-12-13 01:03:44,453 - PaperAgentLogger - DEBUG - New map
2025-12-13 01:03:46,358 - PaperAgentLogger - INFO - ################## PaperArchitecture_map20x20_rho1_10Agent/K3_HS0/1765556206 - End of loop ##################  
 ####### Case3629 	 Computation time:1.904322862625122 	 Step64/64	- AllReachGoal-False

2025-12-13 01:03:46,359 - PaperAgentLogger - INFO - current rateReachGoal: 0
2025-12-13 01:03:46,377 - PaperAgentLogger - DEBUG - New map
2025-12-13 01:03:47,958 - PaperAgentLogger - INFO - ################## PaperArchitecture_map20x20_rho1_10Agent/K3_HS0/1765556206 - End of loop ##################  
 ####### Case3630 	 Computation time:1.5803513526916504 	 Step54/54	- AllReachGoal-False

2025-12-13 01:03:47,961 - PaperAgentLogger - INFO - current rateReachGoal: 0
2025-12-13 01:03:47,981 - PaperAgentLogger - DEBUG - New map
2025-12-13 01:03:48,956 - PaperAgentLogger - INFO - ################## PaperArchitecture_map20x20_rho1_10Agent/K3_HS0/1765556206 - End of loop ##################  
 ####### Case3631 	 Computation time:0.9739422798156738 	 Step33/66	- AllReachGoal-True

2025-12-13 01:03:48,956 - PaperAgentLogger - INFO - current rateReachGoal: 0
2025-12-13 01:03:48,974 - PaperAgentLogger - DEBUG - New map
2025-12-13 01:03:50,479 - PaperAgentLogger - INFO - ################## PaperArchitecture_map20x20_rho1_10Agent/K3_HS0/1765556206 - End of loop ##################  
 ####### Case3632 	 Computation time:1.5038106441497803 	 Step50/50	- AllReachGoal-False

2025-12-13 01:03:50,479 - PaperAgentLogger - INFO - current rateReachGoal: 0
2025-12-13 01:03:50,497 - PaperAgentLogger - DEBUG - New map
2025-12-13 01:03:52,148 - PaperAgentLogger - INFO - ################## PaperArchitecture_map20x20_rho1_10Agent/K3_HS0/1765556206 - End of loop ##################  
 ####### Case3633 	 Computation time:1.6498050689697266 	 Step56/56	- AllReachGoal-False

2025-12-13 01:03:52,149 - PaperAgentLogger - INFO - current rateReachGoal: 0
2025-12-13 01:03:52,165 - PaperAgentLogger - DEBUG - New map
2025-12-13 01:03:53,026 - PaperAgentLogger - INFO - ################## PaperArchitecture_map20x20_rho1_10Agent/K3_HS0/1765556206 - End of loop ##################  
 ####### Case3634 	 Computation time:0.8600654602050781 	 Step29/44	- AllReachGoal-True

2025-12-13 01:03:53,028 - PaperAgentLogger - INFO - current rateReachGoal: 0
2025-12-13 01:03:53,046 - PaperAgentLogger - DEBUG - New map
2025-12-13 01:03:54,882 - PaperAgentLogger - INFO - ################## PaperArchitecture_map20x20_rho1_10Agent/K3_HS0/1765556206 - End of loop ##################  
 ####### Case3635 	 Computation time:1.83518385887146 	 Step62/62	- AllReachGoal-False

2025-12-13 01:03:54,883 - PaperAgentLogger - INFO - current rateReachGoal: 0
2025-12-13 01:03:54,899 - PaperAgentLogger - DEBUG - New map
2025-12-13 01:03:55,711 - PaperAgentLogger - INFO - ################## PaperArchitecture_map20x20_rho1_10Agent/K3_HS0/1765556206 - End of loop ##################  
 ####### Case3636 	 Computation time:0.810896635055542 	 Step27/46	- AllReachGoal-True

2025-12-13 01:03:55,712 - PaperAgentLogger - INFO - current rateReachGoal: 0
2025-12-13 01:03:55,731 - PaperAgentLogger - DEBUG - New map
2025-12-13 01:03:56,738 - PaperAgentLogger - INFO - ################## PaperArchitecture_map20x20_rho1_10Agent/K3_HS0/1765556206 - End of loop ##################  
 ####### Case3637 	 Computation time:1.0059089660644531 	 Step34/66	- AllReachGoal-True

2025-12-13 01:03:56,738 - PaperAgentLogger - INFO - current rateReachGoal: 0
2025-12-13 01:03:56,756 - PaperAgentLogger - DEBUG - New map
2025-12-13 01:03:58,290 - PaperAgentLogger - INFO - ################## PaperArchitecture_map20x20_rho1_10Agent/K3_HS0/1765556206 - End of loop ##################  
 ####### Case3638 	 Computation time:1.5334067344665527 	 Step52/52	- AllReachGoal-False

2025-12-13 01:03:58,292 - PaperAgentLogger - INFO - current rateReachGoal: 0
2025-12-13 01:03:58,311 - PaperAgentLogger - DEBUG - New map
2025-12-13 01:03:59,198 - PaperAgentLogger - INFO - ################## PaperArchitecture_map20x20_rho1_10Agent/K3_HS0/1765556206 - End of loop ##################  
 ####### Case3639 	 Computation time:0.8864190578460693 	 Step30/60	- AllReachGoal-True

2025-12-13 01:03:59,199 - PaperAgentLogger - INFO - current rateReachGoal: 0
2025-12-13 01:03:59,216 - PaperAgentLogger - DEBUG - New map
2025-12-13 01:04:00,040 - PaperAgentLogger - INFO - ################## PaperArchitecture_map20x20_rho1_10Agent/K3_HS0/1765556206 - End of loop ##################  
 ####### Case3640 	 Computation time:0.8235507011413574 	 Step28/56	- AllReachGoal-True

2025-12-13 01:04:00,041 - PaperAgentLogger - INFO - current rateReachGoal: 0
2025-12-13 01:04:00,062 - PaperAgentLogger - DEBUG - New map
2025-12-13 01:04:01,592 - PaperAgentLogger - INFO - ################## PaperArchitecture_map20x20_rho1_10Agent/K3_HS0/1765556206 - End of loop ##################  
 ####### Case3641 	 Computation time:1.5293476581573486 	 Step52/52	- AllReachGoal-False

2025-12-13 01:04:01,592 - PaperAgentLogger - INFO - current rateReachGoal: 0
2025-12-13 01:04:01,610 - PaperAgentLogger - DEBUG - New map
2025-12-13 01:04:03,134 - PaperAgentLogger - INFO - ################## PaperArchitecture_map20x20_rho1_10Agent/K3_HS0/1765556206 - End of loop ##################  
 ####### Case3642 	 Computation time:1.5235748291015625 	 Step52/52	- AllReachGoal-False

2025-12-13 01:04:03,134 - PaperAgentLogger - INFO - current rateReachGoal: 0
2025-12-13 01:04:03,153 - PaperAgentLogger - DEBUG - New map
2025-12-13 01:04:04,165 - PaperAgentLogger - INFO - ################## PaperArchitecture_map20x20_rho1_10Agent/K3_HS0/1765556206 - End of loop ##################  
 ####### Case3643 	 Computation time:1.0114212036132812 	 Step31/58	- AllReachGoal-True

2025-12-13 01:04:04,165 - PaperAgentLogger - INFO - current rateReachGoal: 0
2025-12-13 01:04:04,182 - PaperAgentLogger - DEBUG - New map
2025-12-13 01:04:04,884 - PaperAgentLogger - INFO - ################## PaperArchitecture_map20x20_rho1_10Agent/K3_HS0/1765556206 - End of loop ##################  
 ####### Case3644 	 Computation time:0.7011187076568604 	 Step23/46	- AllReachGoal-True

2025-12-13 01:04:04,885 - PaperAgentLogger - INFO - current rateReachGoal: 0
2025-12-13 01:04:04,903 - PaperAgentLogger - DEBUG - New map
2025-12-13 01:04:06,683 - PaperAgentLogger - INFO - ################## PaperArchitecture_map20x20_rho1_10Agent/K3_HS0/1765556206 - End of loop ##################  
 ####### Case3645 	 Computation time:1.7786924839019775 	 Step60/60	- AllReachGoal-False

2025-12-13 01:04:06,683 - PaperAgentLogger - INFO - current rateReachGoal: 0
2025-12-13 01:04:06,701 - PaperAgentLogger - DEBUG - New map
2025-12-13 01:04:07,700 - PaperAgentLogger - INFO - ################## PaperArchitecture_map20x20_rho1_10Agent/K3_HS0/1765556206 - End of loop ##################  
 ####### Case3646 	 Computation time:0.9986124038696289 	 Step33/50	- AllReachGoal-True

2025-12-13 01:04:07,700 - PaperAgentLogger - INFO - current rateReachGoal: 0
2025-12-13 01:04:07,720 - PaperAgentLogger - DEBUG - New map
2025-12-13 01:04:09,860 - PaperAgentLogger - INFO - ################## PaperArchitecture_map20x20_rho1_10Agent/K3_HS0/1765556206 - End of loop ##################  
 ####### Case3647 	 Computation time:2.1392316818237305 	 Step66/66	- AllReachGoal-False

2025-12-13 01:04:09,861 - PaperAgentLogger - INFO - current rateReachGoal: 0
2025-12-13 01:04:09,880 - PaperAgentLogger - DEBUG - New map
2025-12-13 01:04:10,881 - PaperAgentLogger - INFO - ################## PaperArchitecture_map20x20_rho1_10Agent/K3_HS0/1765556206 - End of loop ##################  
 ####### Case3648 	 Computation time:1.000781774520874 	 Step31/58	- AllReachGoal-True

2025-12-13 01:04:10,882 - PaperAgentLogger - INFO - current rateReachGoal: 0
2025-12-13 01:04:10,901 - PaperAgentLogger - DEBUG - New map
2025-12-13 01:04:12,695 - PaperAgentLogger - INFO - ################## PaperArchitecture_map20x20_rho1_10Agent/K3_HS0/1765556206 - End of loop ##################  
 ####### Case3649 	 Computation time:1.7933764457702637 	 Step58/60	- AllReachGoal-True

2025-12-13 01:04:12,695 - PaperAgentLogger - INFO - current rateReachGoal: 0
2025-12-13 01:04:12,713 - PaperAgentLogger - DEBUG - New map
2025-12-13 01:04:13,513 - PaperAgentLogger - INFO - ################## PaperArchitecture_map20x20_rho1_10Agent/K3_HS0/1765556206 - End of loop ##################  
 ####### Case3650 	 Computation time:0.7987473011016846 	 Step27/54	- AllReachGoal-True

2025-12-13 01:04:13,513 - PaperAgentLogger - INFO - current rateReachGoal: 0
2025-12-13 01:04:13,531 - PaperAgentLogger - DEBUG - New map
2025-12-13 01:04:15,341 - PaperAgentLogger - INFO - ################## PaperArchitecture_map20x20_rho1_10Agent/K3_HS0/1765556206 - End of loop ##################  
 ####### Case3651 	 Computation time:1.8089170455932617 	 Step58/58	- AllReachGoal-False

2025-12-13 01:04:15,343 - PaperAgentLogger - INFO - current rateReachGoal: 0
2025-12-13 01:04:15,362 - PaperAgentLogger - DEBUG - New map
2025-12-13 01:04:16,486 - PaperAgentLogger - INFO - ################## PaperArchitecture_map20x20_rho1_10Agent/K3_HS0/1765556206 - End of loop ##################  
 ####### Case3652 	 Computation time:1.1231322288513184 	 Step36/38	- AllReachGoal-True

2025-12-13 01:04:16,487 - PaperAgentLogger - INFO - current rateReachGoal: 0
2025-12-13 01:04:16,503 - PaperAgentLogger - DEBUG - New map
2025-12-13 01:04:17,259 - PaperAgentLogger - INFO - ################## PaperArchitecture_map20x20_rho1_10Agent/K3_HS0/1765556206 - End of loop ##################  
 ####### Case3653 	 Computation time:0.7559151649475098 	 Step23/46	- AllReachGoal-True

2025-12-13 01:04:17,260 - PaperAgentLogger - INFO - current rateReachGoal: 0
2025-12-13 01:04:17,279 - PaperAgentLogger - DEBUG - New map
2025-12-13 01:04:19,213 - PaperAgentLogger - INFO - ################## PaperArchitecture_map20x20_rho1_10Agent/K3_HS0/1765556206 - End of loop ##################  
 ####### Case3654 	 Computation time:1.9340159893035889 	 Step60/60	- AllReachGoal-False

2025-12-13 01:04:19,214 - PaperAgentLogger - INFO - current rateReachGoal: 0
2025-12-13 01:04:19,235 - PaperAgentLogger - DEBUG - New map
2025-12-13 01:04:20,353 - PaperAgentLogger - INFO - ################## PaperArchitecture_map20x20_rho1_10Agent/K3_HS0/1765556206 - End of loop ##################  
 ####### Case3655 	 Computation time:1.1167566776275635 	 Step35/68	- AllReachGoal-True

2025-12-13 01:04:20,355 - PaperAgentLogger - INFO - current rateReachGoal: 0
2025-12-13 01:04:20,374 - PaperAgentLogger - DEBUG - New map
2025-12-13 01:04:21,258 - PaperAgentLogger - INFO - ################## PaperArchitecture_map20x20_rho1_10Agent/K3_HS0/1765556206 - End of loop ##################  
 ####### Case3656 	 Computation time:0.8835811614990234 	 Step28/56	- AllReachGoal-True

2025-12-13 01:04:21,259 - PaperAgentLogger - INFO - current rateReachGoal: 0
2025-12-13 01:04:21,280 - PaperAgentLogger - DEBUG - New map
2025-12-13 01:04:23,488 - PaperAgentLogger - INFO - ################## PaperArchitecture_map20x20_rho1_10Agent/K3_HS0/1765556206 - End of loop ##################  
 ####### Case3657 	 Computation time:2.207303524017334 	 Step68/68	- AllReachGoal-False

2025-12-13 01:04:23,488 - PaperAgentLogger - INFO - current rateReachGoal: 0
2025-12-13 01:04:23,509 - PaperAgentLogger - DEBUG - New map
2025-12-13 01:04:24,722 - PaperAgentLogger - INFO - ################## PaperArchitecture_map20x20_rho1_10Agent/K3_HS0/1765556206 - End of loop ##################  
 ####### Case3658 	 Computation time:1.2122421264648438 	 Step37/70	- AllReachGoal-True

2025-12-13 01:04:24,722 - PaperAgentLogger - INFO - current rateReachGoal: 0
2025-12-13 01:04:24,740 - PaperAgentLogger - DEBUG - New map
2025-12-13 01:04:25,582 - PaperAgentLogger - INFO - ################## PaperArchitecture_map20x20_rho1_10Agent/K3_HS0/1765556206 - End of loop ##################  
 ####### Case3659 	 Computation time:0.8422214984893799 	 Step26/52	- AllReachGoal-True

2025-12-13 01:04:25,585 - PaperAgentLogger - INFO - current rateReachGoal: 0
2025-12-13 01:04:25,604 - PaperAgentLogger - DEBUG - New map
2025-12-13 01:04:27,385 - PaperAgentLogger - INFO - ################## PaperArchitecture_map20x20_rho1_10Agent/K3_HS0/1765556206 - End of loop ##################  
 ####### Case3660 	 Computation time:1.7802340984344482 	 Step61/64	- AllReachGoal-True

2025-12-13 01:04:27,386 - PaperAgentLogger - INFO - current rateReachGoal: 0
2025-12-13 01:04:27,404 - PaperAgentLogger - DEBUG - New map
2025-12-13 01:04:28,666 - PaperAgentLogger - INFO - ################## PaperArchitecture_map20x20_rho1_10Agent/K3_HS0/1765556206 - End of loop ##################  
 ####### Case3661 	 Computation time:1.2612216472625732 	 Step43/54	- AllReachGoal-True

2025-12-13 01:04:28,667 - PaperAgentLogger - INFO - current rateReachGoal: 0
2025-12-13 01:04:28,686 - PaperAgentLogger - DEBUG - New map
2025-12-13 01:04:29,683 - PaperAgentLogger - INFO - ################## PaperArchitecture_map20x20_rho1_10Agent/K3_HS0/1765556206 - End of loop ##################  
 ####### Case3662 	 Computation time:0.9969279766082764 	 Step34/64	- AllReachGoal-True

2025-12-13 01:04:29,684 - PaperAgentLogger - INFO - current rateReachGoal: 0
2025-12-13 01:04:29,703 - PaperAgentLogger - DEBUG - New map
2025-12-13 01:04:31,566 - PaperAgentLogger - INFO - ################## PaperArchitecture_map20x20_rho1_10Agent/K3_HS0/1765556206 - End of loop ##################  
 ####### Case3663 	 Computation time:1.8619134426116943 	 Step62/62	- AllReachGoal-False

2025-12-13 01:04:31,566 - PaperAgentLogger - INFO - current rateReachGoal: 0
2025-12-13 01:04:31,583 - PaperAgentLogger - DEBUG - New map
2025-12-13 01:04:32,413 - PaperAgentLogger - INFO - ################## PaperArchitecture_map20x20_rho1_10Agent/K3_HS0/1765556206 - End of loop ##################  
 ####### Case3664 	 Computation time:0.8296935558319092 	 Step28/46	- AllReachGoal-True

2025-12-13 01:04:32,414 - PaperAgentLogger - INFO - current rateReachGoal: 0
2025-12-13 01:04:32,434 - PaperAgentLogger - DEBUG - New map
2025-12-13 01:04:33,440 - PaperAgentLogger - INFO - ################## PaperArchitecture_map20x20_rho1_10Agent/K3_HS0/1765556206 - End of loop ##################  
 ####### Case3665 	 Computation time:1.0052456855773926 	 Step34/68	- AllReachGoal-True

2025-12-13 01:04:33,440 - PaperAgentLogger - INFO - current rateReachGoal: 0
2025-12-13 01:04:33,457 - PaperAgentLogger - DEBUG - New map
2025-12-13 01:04:34,981 - PaperAgentLogger - INFO - ################## PaperArchitecture_map20x20_rho1_10Agent/K3_HS0/1765556206 - End of loop ##################  
 ####### Case3666 	 Computation time:1.52325439453125 	 Step52/52	- AllReachGoal-False

2025-12-13 01:04:34,982 - PaperAgentLogger - INFO - current rateReachGoal: 0
2025-12-13 01:04:35,001 - PaperAgentLogger - DEBUG - New map
2025-12-13 01:04:36,824 - PaperAgentLogger - INFO - ################## PaperArchitecture_map20x20_rho1_10Agent/K3_HS0/1765556206 - End of loop ##################  
 ####### Case3667 	 Computation time:1.8223199844360352 	 Step62/62	- AllReachGoal-False

2025-12-13 01:04:36,826 - PaperAgentLogger - INFO - current rateReachGoal: 0
2025-12-13 01:04:36,844 - PaperAgentLogger - DEBUG - New map
2025-12-13 01:04:38,558 - PaperAgentLogger - INFO - ################## PaperArchitecture_map20x20_rho1_10Agent/K3_HS0/1765556206 - End of loop ##################  
 ####### Case3668 	 Computation time:1.7129180431365967 	 Step54/54	- AllReachGoal-False

2025-12-13 01:04:38,559 - PaperAgentLogger - INFO - current rateReachGoal: 0
2025-12-13 01:04:38,575 - PaperAgentLogger - DEBUG - New map
2025-12-13 01:04:39,591 - PaperAgentLogger - INFO - ################## PaperArchitecture_map20x20_rho1_10Agent/K3_HS0/1765556206 - End of loop ##################  
 ####### Case3669 	 Computation time:1.0146634578704834 	 Step32/48	- AllReachGoal-True

2025-12-13 01:04:39,592 - PaperAgentLogger - INFO - current rateReachGoal: 0
2025-12-13 01:04:39,613 - PaperAgentLogger - DEBUG - New map
2025-12-13 01:04:40,679 - PaperAgentLogger - INFO - ################## PaperArchitecture_map20x20_rho1_10Agent/K3_HS0/1765556206 - End of loop ##################  
 ####### Case3670 	 Computation time:1.0652151107788086 	 Step36/72	- AllReachGoal-True

2025-12-13 01:04:40,680 - PaperAgentLogger - INFO - current rateReachGoal: 0
2025-12-13 01:04:40,698 - PaperAgentLogger - DEBUG - New map
2025-12-13 01:04:41,618 - PaperAgentLogger - INFO - ################## PaperArchitecture_map20x20_rho1_10Agent/K3_HS0/1765556206 - End of loop ##################  
 ####### Case3671 	 Computation time:0.9195215702056885 	 Step28/56	- AllReachGoal-True

2025-12-13 01:04:41,619 - PaperAgentLogger - INFO - current rateReachGoal: 0
2025-12-13 01:04:41,637 - PaperAgentLogger - DEBUG - New map
2025-12-13 01:04:42,498 - PaperAgentLogger - INFO - ################## PaperArchitecture_map20x20_rho1_10Agent/K3_HS0/1765556206 - End of loop ##################  
 ####### Case3672 	 Computation time:0.8605062961578369 	 Step29/52	- AllReachGoal-True

2025-12-13 01:04:42,498 - PaperAgentLogger - INFO - current rateReachGoal: 0
2025-12-13 01:04:42,517 - PaperAgentLogger - DEBUG - New map
2025-12-13 01:04:44,175 - PaperAgentLogger - INFO - ################## PaperArchitecture_map20x20_rho1_10Agent/K3_HS0/1765556206 - End of loop ##################  
 ####### Case3673 	 Computation time:1.6573207378387451 	 Step56/56	- AllReachGoal-False

2025-12-13 01:04:44,176 - PaperAgentLogger - INFO - current rateReachGoal: 0
2025-12-13 01:04:44,193 - PaperAgentLogger - DEBUG - New map
2025-12-13 01:04:44,984 - PaperAgentLogger - INFO - ################## PaperArchitecture_map20x20_rho1_10Agent/K3_HS0/1765556206 - End of loop ##################  
 ####### Case3674 	 Computation time:0.7905294895172119 	 Step27/54	- AllReachGoal-True

2025-12-13 01:04:44,985 - PaperAgentLogger - INFO - current rateReachGoal: 0
2025-12-13 01:04:45,003 - PaperAgentLogger - DEBUG - New map
2025-12-13 01:04:46,571 - PaperAgentLogger - INFO - ################## PaperArchitecture_map20x20_rho1_10Agent/K3_HS0/1765556206 - End of loop ##################  
 ####### Case3675 	 Computation time:1.567732810974121 	 Step52/52	- AllReachGoal-False

2025-12-13 01:04:46,572 - PaperAgentLogger - INFO - current rateReachGoal: 0
2025-12-13 01:04:46,588 - PaperAgentLogger - DEBUG - New map
2025-12-13 01:04:47,933 - PaperAgentLogger - INFO - ################## PaperArchitecture_map20x20_rho1_10Agent/K3_HS0/1765556206 - End of loop ##################  
 ####### Case3676 	 Computation time:1.3443472385406494 	 Step46/46	- AllReachGoal-False

2025-12-13 01:04:47,935 - PaperAgentLogger - INFO - current rateReachGoal: 0
2025-12-13 01:04:47,952 - PaperAgentLogger - DEBUG - New map
2025-12-13 01:04:49,686 - PaperAgentLogger - INFO - ################## PaperArchitecture_map20x20_rho1_10Agent/K3_HS0/1765556206 - End of loop ##################  
 ####### Case3677 	 Computation time:1.7333037853240967 	 Step54/54	- AllReachGoal-False

2025-12-13 01:04:49,687 - PaperAgentLogger - INFO - current rateReachGoal: 0
2025-12-13 01:04:49,702 - PaperAgentLogger - DEBUG - New map
2025-12-13 01:04:50,906 - PaperAgentLogger - INFO - ################## PaperArchitecture_map20x20_rho1_10Agent/K3_HS0/1765556206 - End of loop ##################  
 ####### Case3678 	 Computation time:1.2034218311309814 	 Step38/38	- AllReachGoal-False

2025-12-13 01:04:50,907 - PaperAgentLogger - INFO - current rateReachGoal: 0
2025-12-13 01:04:50,925 - PaperAgentLogger - DEBUG - New map
2025-12-13 01:04:52,578 - PaperAgentLogger - INFO - ################## PaperArchitecture_map20x20_rho1_10Agent/K3_HS0/1765556206 - End of loop ##################  
 ####### Case3679 	 Computation time:1.6526391506195068 	 Step52/52	- AllReachGoal-False

2025-12-13 01:04:52,578 - PaperAgentLogger - INFO - current rateReachGoal: 0
2025-12-13 01:04:52,596 - PaperAgentLogger - DEBUG - New map
2025-12-13 01:04:54,387 - PaperAgentLogger - INFO - ################## PaperArchitecture_map20x20_rho1_10Agent/K3_HS0/1765556206 - End of loop ##################  
 ####### Case3680 	 Computation time:1.7904558181762695 	 Step56/56	- AllReachGoal-False

2025-12-13 01:04:54,388 - PaperAgentLogger - INFO - current rateReachGoal: 0
2025-12-13 01:04:54,405 - PaperAgentLogger - DEBUG - New map
2025-12-13 01:04:56,114 - PaperAgentLogger - INFO - ################## PaperArchitecture_map20x20_rho1_10Agent/K3_HS0/1765556206 - End of loop ##################  
 ####### Case3681 	 Computation time:1.7076034545898438 	 Step56/56	- AllReachGoal-False

2025-12-13 01:04:56,114 - PaperAgentLogger - INFO - current rateReachGoal: 0
2025-12-13 01:04:56,134 - PaperAgentLogger - DEBUG - New map
2025-12-13 01:04:56,887 - PaperAgentLogger - INFO - ################## PaperArchitecture_map20x20_rho1_10Agent/K3_HS0/1765556206 - End of loop ##################  
 ####### Case3682 	 Computation time:0.7521977424621582 	 Step23/46	- AllReachGoal-True

2025-12-13 01:04:56,888 - PaperAgentLogger - INFO - current rateReachGoal: 0
2025-12-13 01:04:56,903 - PaperAgentLogger - DEBUG - New map
2025-12-13 01:04:57,661 - PaperAgentLogger - INFO - ################## PaperArchitecture_map20x20_rho1_10Agent/K3_HS0/1765556206 - End of loop ##################  
 ####### Case3683 	 Computation time:0.7572906017303467 	 Step23/40	- AllReachGoal-True

2025-12-13 01:04:57,662 - PaperAgentLogger - INFO - current rateReachGoal: 0
2025-12-13 01:04:57,679 - PaperAgentLogger - DEBUG - New map
2025-12-13 01:04:58,464 - PaperAgentLogger - INFO - ################## PaperArchitecture_map20x20_rho1_10Agent/K3_HS0/1765556206 - End of loop ##################  
 ####### Case3684 	 Computation time:0.7842733860015869 	 Step24/44	- AllReachGoal-True

2025-12-13 01:04:58,464 - PaperAgentLogger - INFO - current rateReachGoal: 0
2025-12-13 01:04:58,483 - PaperAgentLogger - DEBUG - New map
2025-12-13 01:05:00,430 - PaperAgentLogger - INFO - ################## PaperArchitecture_map20x20_rho1_10Agent/K3_HS0/1765556206 - End of loop ##################  
 ####### Case3685 	 Computation time:1.9462916851043701 	 Step60/60	- AllReachGoal-False

2025-12-13 01:05:00,430 - PaperAgentLogger - INFO - current rateReachGoal: 0
2025-12-13 01:05:00,449 - PaperAgentLogger - DEBUG - New map
2025-12-13 01:05:02,459 - PaperAgentLogger - INFO - ################## PaperArchitecture_map20x20_rho1_10Agent/K3_HS0/1765556206 - End of loop ##################  
 ####### Case3686 	 Computation time:2.010038375854492 	 Step64/64	- AllReachGoal-False

2025-12-13 01:05:02,460 - PaperAgentLogger - INFO - current rateReachGoal: 0
2025-12-13 01:05:02,479 - PaperAgentLogger - DEBUG - New map
2025-12-13 01:05:04,267 - PaperAgentLogger - INFO - ################## PaperArchitecture_map20x20_rho1_10Agent/K3_HS0/1765556206 - End of loop ##################  
 ####### Case3687 	 Computation time:1.787879467010498 	 Step56/56	- AllReachGoal-False

2025-12-13 01:05:04,268 - PaperAgentLogger - INFO - current rateReachGoal: 0
2025-12-13 01:05:04,285 - PaperAgentLogger - DEBUG - New map
2025-12-13 01:05:05,225 - PaperAgentLogger - INFO - ################## PaperArchitecture_map20x20_rho1_10Agent/K3_HS0/1765556206 - End of loop ##################  
 ####### Case3688 	 Computation time:0.939948320388794 	 Step29/48	- AllReachGoal-True

2025-12-13 01:05:05,226 - PaperAgentLogger - INFO - current rateReachGoal: 0
2025-12-13 01:05:05,241 - PaperAgentLogger - DEBUG - New map
2025-12-13 01:05:06,002 - PaperAgentLogger - INFO - ################## PaperArchitecture_map20x20_rho1_10Agent/K3_HS0/1765556206 - End of loop ##################  
 ####### Case3689 	 Computation time:0.7598710060119629 	 Step23/40	- AllReachGoal-True

2025-12-13 01:05:06,004 - PaperAgentLogger - INFO - current rateReachGoal: 0
2025-12-13 01:05:06,021 - PaperAgentLogger - DEBUG - New map
2025-12-13 01:05:06,776 - PaperAgentLogger - INFO - ################## PaperArchitecture_map20x20_rho1_10Agent/K3_HS0/1765556206 - End of loop ##################  
 ####### Case3690 	 Computation time:0.7541840076446533 	 Step25/50	- AllReachGoal-True

2025-12-13 01:05:06,777 - PaperAgentLogger - INFO - current rateReachGoal: 0
2025-12-13 01:05:06,795 - PaperAgentLogger - DEBUG - New map
2025-12-13 01:05:07,646 - PaperAgentLogger - INFO - ################## PaperArchitecture_map20x20_rho1_10Agent/K3_HS0/1765556206 - End of loop ##################  
 ####### Case3691 	 Computation time:0.8505220413208008 	 Step27/54	- AllReachGoal-True

2025-12-13 01:05:07,647 - PaperAgentLogger - INFO - current rateReachGoal: 0
2025-12-13 01:05:07,664 - PaperAgentLogger - DEBUG - New map
2025-12-13 01:05:08,575 - PaperAgentLogger - INFO - ################## PaperArchitecture_map20x20_rho1_10Agent/K3_HS0/1765556206 - End of loop ##################  
 ####### Case3692 	 Computation time:0.9108574390411377 	 Step31/48	- AllReachGoal-True

2025-12-13 01:05:08,576 - PaperAgentLogger - INFO - current rateReachGoal: 0
2025-12-13 01:05:08,592 - PaperAgentLogger - DEBUG - New map
2025-12-13 01:05:09,302 - PaperAgentLogger - INFO - ################## PaperArchitecture_map20x20_rho1_10Agent/K3_HS0/1765556206 - End of loop ##################  
 ####### Case3693 	 Computation time:0.7096469402313232 	 Step24/48	- AllReachGoal-True

2025-12-13 01:05:09,303 - PaperAgentLogger - INFO - current rateReachGoal: 0
2025-12-13 01:05:09,323 - PaperAgentLogger - DEBUG - New map
2025-12-13 01:05:10,728 - PaperAgentLogger - INFO - ################## PaperArchitecture_map20x20_rho1_10Agent/K3_HS0/1765556206 - End of loop ##################  
 ####### Case3694 	 Computation time:1.404468297958374 	 Step48/64	- AllReachGoal-True

2025-12-13 01:05:10,728 - PaperAgentLogger - INFO - current rateReachGoal: 0
2025-12-13 01:05:10,745 - PaperAgentLogger - DEBUG - New map
2025-12-13 01:05:11,728 - PaperAgentLogger - INFO - ################## PaperArchitecture_map20x20_rho1_10Agent/K3_HS0/1765556206 - End of loop ##################  
 ####### Case3695 	 Computation time:0.981919527053833 	 Step33/48	- AllReachGoal-True

2025-12-13 01:05:11,729 - PaperAgentLogger - INFO - current rateReachGoal: 0
2025-12-13 01:05:11,747 - PaperAgentLogger - DEBUG - New map
2025-12-13 01:05:13,544 - PaperAgentLogger - INFO - ################## PaperArchitecture_map20x20_rho1_10Agent/K3_HS0/1765556206 - End of loop ##################  
 ####### Case3696 	 Computation time:1.795942783355713 	 Step58/58	- AllReachGoal-False

2025-12-13 01:05:13,545 - PaperAgentLogger - INFO - current rateReachGoal: 0
2025-12-13 01:05:13,564 - PaperAgentLogger - DEBUG - New map
2025-12-13 01:05:14,710 - PaperAgentLogger - INFO - ################## PaperArchitecture_map20x20_rho1_10Agent/K3_HS0/1765556206 - End of loop ##################  
 ####### Case3697 	 Computation time:1.1458282470703125 	 Step39/58	- AllReachGoal-True

2025-12-13 01:05:14,711 - PaperAgentLogger - INFO - current rateReachGoal: 0
2025-12-13 01:05:14,727 - PaperAgentLogger - DEBUG - New map
2025-12-13 01:05:15,558 - PaperAgentLogger - INFO - ################## PaperArchitecture_map20x20_rho1_10Agent/K3_HS0/1765556206 - End of loop ##################  
 ####### Case3698 	 Computation time:0.830115795135498 	 Step28/46	- AllReachGoal-True

2025-12-13 01:05:15,559 - PaperAgentLogger - INFO - current rateReachGoal: 0
2025-12-13 01:05:15,576 - PaperAgentLogger - DEBUG - New map
2025-12-13 01:05:17,072 - PaperAgentLogger - INFO - ################## PaperArchitecture_map20x20_rho1_10Agent/K3_HS0/1765556206 - End of loop ##################  
 ####### Case3699 	 Computation time:1.495790958404541 	 Step46/46	- AllReachGoal-False

2025-12-13 01:05:17,075 - PaperAgentLogger - INFO - current rateReachGoal: 0
2025-12-13 01:05:17,092 - PaperAgentLogger - DEBUG - New map
2025-12-13 01:05:18,566 - PaperAgentLogger - INFO - ################## PaperArchitecture_map20x20_rho1_10Agent/K3_HS0/1765556206 - End of loop ##################  
 ####### Case3700 	 Computation time:1.4733102321624756 	 Step46/46	- AllReachGoal-False

2025-12-13 01:05:18,566 - PaperAgentLogger - INFO - current rateReachGoal: 0
2025-12-13 01:05:18,585 - PaperAgentLogger - DEBUG - New map
2025-12-13 01:05:20,168 - PaperAgentLogger - INFO - ################## PaperArchitecture_map20x20_rho1_10Agent/K3_HS0/1765556206 - End of loop ##################  
 ####### Case3701 	 Computation time:1.5828256607055664 	 Step54/54	- AllReachGoal-False

2025-12-13 01:05:20,169 - PaperAgentLogger - INFO - current rateReachGoal: 0
2025-12-13 01:05:20,186 - PaperAgentLogger - DEBUG - New map
2025-12-13 01:05:20,933 - PaperAgentLogger - INFO - ################## PaperArchitecture_map20x20_rho1_10Agent/K3_HS0/1765556206 - End of loop ##################  
 ####### Case3702 	 Computation time:0.7465205192565918 	 Step25/50	- AllReachGoal-True

2025-12-13 01:05:20,934 - PaperAgentLogger - INFO - current rateReachGoal: 0
2025-12-13 01:05:20,951 - PaperAgentLogger - DEBUG - New map
2025-12-13 01:05:22,605 - PaperAgentLogger - INFO - ################## PaperArchitecture_map20x20_rho1_10Agent/K3_HS0/1765556206 - End of loop ##################  
 ####### Case3703 	 Computation time:1.6529426574707031 	 Step56/56	- AllReachGoal-False

2025-12-13 01:05:22,606 - PaperAgentLogger - INFO - current rateReachGoal: 0
2025-12-13 01:05:22,624 - PaperAgentLogger - DEBUG - New map
2025-12-13 01:05:23,513 - PaperAgentLogger - INFO - ################## PaperArchitecture_map20x20_rho1_10Agent/K3_HS0/1765556206 - End of loop ##################  
 ####### Case3704 	 Computation time:0.8881797790527344 	 Step30/56	- AllReachGoal-True

2025-12-13 01:05:23,513 - PaperAgentLogger - INFO - current rateReachGoal: 0
2025-12-13 01:05:23,531 - PaperAgentLogger - DEBUG - New map
2025-12-13 01:05:24,389 - PaperAgentLogger - INFO - ################## PaperArchitecture_map20x20_rho1_10Agent/K3_HS0/1765556206 - End of loop ##################  
 ####### Case3705 	 Computation time:0.857924222946167 	 Step29/52	- AllReachGoal-True

2025-12-13 01:05:24,390 - PaperAgentLogger - INFO - current rateReachGoal: 0
2025-12-13 01:05:24,408 - PaperAgentLogger - DEBUG - New map
2025-12-13 01:05:25,934 - PaperAgentLogger - INFO - ################## PaperArchitecture_map20x20_rho1_10Agent/K3_HS0/1765556206 - End of loop ##################  
 ####### Case3706 	 Computation time:1.5250170230865479 	 Step51/56	- AllReachGoal-True

2025-12-13 01:05:25,935 - PaperAgentLogger - INFO - current rateReachGoal: 0
2025-12-13 01:05:25,952 - PaperAgentLogger - DEBUG - New map
2025-12-13 01:05:26,727 - PaperAgentLogger - INFO - ################## PaperArchitecture_map20x20_rho1_10Agent/K3_HS0/1765556206 - End of loop ##################  
 ####### Case3707 	 Computation time:0.7750518321990967 	 Step26/50	- AllReachGoal-True

2025-12-13 01:05:26,728 - PaperAgentLogger - INFO - current rateReachGoal: 0
2025-12-13 01:05:26,746 - PaperAgentLogger - DEBUG - New map
2025-12-13 01:05:27,541 - PaperAgentLogger - INFO - ################## PaperArchitecture_map20x20_rho1_10Agent/K3_HS0/1765556206 - End of loop ##################  
 ####### Case3708 	 Computation time:0.7945656776428223 	 Step27/50	- AllReachGoal-True

2025-12-13 01:05:27,542 - PaperAgentLogger - INFO - current rateReachGoal: 0
2025-12-13 01:05:27,562 - PaperAgentLogger - DEBUG - New map
2025-12-13 01:05:28,564 - PaperAgentLogger - INFO - ################## PaperArchitecture_map20x20_rho1_10Agent/K3_HS0/1765556206 - End of loop ##################  
 ####### Case3709 	 Computation time:1.0021100044250488 	 Step33/66	- AllReachGoal-True

2025-12-13 01:05:28,565 - PaperAgentLogger - INFO - current rateReachGoal: 0
2025-12-13 01:05:28,583 - PaperAgentLogger - DEBUG - New map
2025-12-13 01:05:30,293 - PaperAgentLogger - INFO - ################## PaperArchitecture_map20x20_rho1_10Agent/K3_HS0/1765556206 - End of loop ##################  
 ####### Case3710 	 Computation time:1.7098326683044434 	 Step58/58	- AllReachGoal-False

2025-12-13 01:05:30,294 - PaperAgentLogger - INFO - current rateReachGoal: 0
2025-12-13 01:05:30,312 - PaperAgentLogger - DEBUG - New map
2025-12-13 01:05:32,025 - PaperAgentLogger - INFO - ################## PaperArchitecture_map20x20_rho1_10Agent/K3_HS0/1765556206 - End of loop ##################  
 ####### Case3711 	 Computation time:1.7129096984863281 	 Step54/54	- AllReachGoal-False

2025-12-13 01:05:32,026 - PaperAgentLogger - INFO - current rateReachGoal: 0
2025-12-13 01:05:32,042 - PaperAgentLogger - DEBUG - New map
2025-12-13 01:05:32,776 - PaperAgentLogger - INFO - ################## PaperArchitecture_map20x20_rho1_10Agent/K3_HS0/1765556206 - End of loop ##################  
 ####### Case3712 	 Computation time:0.7340233325958252 	 Step23/46	- AllReachGoal-True

2025-12-13 01:05:32,777 - PaperAgentLogger - INFO - current rateReachGoal: 0
2025-12-13 01:05:32,795 - PaperAgentLogger - DEBUG - New map
2025-12-13 01:05:34,400 - PaperAgentLogger - INFO - ################## PaperArchitecture_map20x20_rho1_10Agent/K3_HS0/1765556206 - End of loop ##################  
 ####### Case3713 	 Computation time:1.603564977645874 	 Step49/54	- AllReachGoal-True

2025-12-13 01:05:34,400 - PaperAgentLogger - INFO - current rateReachGoal: 0
2025-12-13 01:05:34,418 - PaperAgentLogger - DEBUG - New map
2025-12-13 01:05:35,967 - PaperAgentLogger - INFO - ################## PaperArchitecture_map20x20_rho1_10Agent/K3_HS0/1765556206 - End of loop ##################  
 ####### Case3714 	 Computation time:1.5477678775787354 	 Step49/56	- AllReachGoal-True

2025-12-13 01:05:35,967 - PaperAgentLogger - INFO - current rateReachGoal: 0
2025-12-13 01:05:35,985 - PaperAgentLogger - DEBUG - New map
2025-12-13 01:05:37,702 - PaperAgentLogger - INFO - ################## PaperArchitecture_map20x20_rho1_10Agent/K3_HS0/1765556206 - End of loop ##################  
 ####### Case3715 	 Computation time:1.716221570968628 	 Step54/54	- AllReachGoal-False

2025-12-13 01:05:37,703 - PaperAgentLogger - INFO - current rateReachGoal: 0
2025-12-13 01:05:37,721 - PaperAgentLogger - DEBUG - New map
2025-12-13 01:05:38,914 - PaperAgentLogger - INFO - ################## PaperArchitecture_map20x20_rho1_10Agent/K3_HS0/1765556206 - End of loop ##################  
 ####### Case3716 	 Computation time:1.192185640335083 	 Step38/60	- AllReachGoal-True

2025-12-13 01:05:38,915 - PaperAgentLogger - INFO - current rateReachGoal: 0
2025-12-13 01:05:38,934 - PaperAgentLogger - DEBUG - New map
2025-12-13 01:05:40,896 - PaperAgentLogger - INFO - ################## PaperArchitecture_map20x20_rho1_10Agent/K3_HS0/1765556206 - End of loop ##################  
 ####### Case3717 	 Computation time:1.961230993270874 	 Step60/60	- AllReachGoal-False

2025-12-13 01:05:40,897 - PaperAgentLogger - INFO - current rateReachGoal: 0
2025-12-13 01:05:40,913 - PaperAgentLogger - DEBUG - New map
2025-12-13 01:05:41,746 - PaperAgentLogger - INFO - ################## PaperArchitecture_map20x20_rho1_10Agent/K3_HS0/1765556206 - End of loop ##################  
 ####### Case3718 	 Computation time:0.8324759006500244 	 Step25/44	- AllReachGoal-True

2025-12-13 01:05:41,747 - PaperAgentLogger - INFO - current rateReachGoal: 0
2025-12-13 01:05:41,768 - PaperAgentLogger - DEBUG - New map
2025-12-13 01:05:43,863 - PaperAgentLogger - INFO - ################## PaperArchitecture_map20x20_rho1_10Agent/K3_HS0/1765556206 - End of loop ##################  
 ####### Case3719 	 Computation time:2.0949273109436035 	 Step64/64	- AllReachGoal-False

2025-12-13 01:05:43,864 - PaperAgentLogger - INFO - current rateReachGoal: 0
2025-12-13 01:05:43,882 - PaperAgentLogger - DEBUG - New map
2025-12-13 01:05:45,450 - PaperAgentLogger - INFO - ################## PaperArchitecture_map20x20_rho1_10Agent/K3_HS0/1765556206 - End of loop ##################  
 ####### Case3720 	 Computation time:1.5676186084747314 	 Step50/50	- AllReachGoal-False

2025-12-13 01:05:45,451 - PaperAgentLogger - INFO - current rateReachGoal: 0
2025-12-13 01:05:45,468 - PaperAgentLogger - DEBUG - New map
2025-12-13 01:05:46,331 - PaperAgentLogger - INFO - ################## PaperArchitecture_map20x20_rho1_10Agent/K3_HS0/1765556206 - End of loop ##################  
 ####### Case3721 	 Computation time:0.8630964756011963 	 Step27/48	- AllReachGoal-True

2025-12-13 01:05:46,334 - PaperAgentLogger - INFO - current rateReachGoal: 0
2025-12-13 01:05:46,350 - PaperAgentLogger - DEBUG - New map
2025-12-13 01:05:47,315 - PaperAgentLogger - INFO - ################## PaperArchitecture_map20x20_rho1_10Agent/K3_HS0/1765556206 - End of loop ##################  
 ####### Case3722 	 Computation time:0.9642453193664551 	 Step31/50	- AllReachGoal-True

2025-12-13 01:05:47,316 - PaperAgentLogger - INFO - current rateReachGoal: 0
2025-12-13 01:05:47,334 - PaperAgentLogger - DEBUG - New map
2025-12-13 01:05:48,218 - PaperAgentLogger - INFO - ################## PaperArchitecture_map20x20_rho1_10Agent/K3_HS0/1765556206 - End of loop ##################  
 ####### Case3723 	 Computation time:0.8830897808074951 	 Step27/54	- AllReachGoal-True

2025-12-13 01:05:48,219 - PaperAgentLogger - INFO - current rateReachGoal: 0
2025-12-13 01:05:48,239 - PaperAgentLogger - DEBUG - New map
2025-12-13 01:05:50,167 - PaperAgentLogger - INFO - ################## PaperArchitecture_map20x20_rho1_10Agent/K3_HS0/1765556206 - End of loop ##################  
 ####### Case3724 	 Computation time:1.9281949996948242 	 Step66/66	- AllReachGoal-False

2025-12-13 01:05:50,168 - PaperAgentLogger - INFO - current rateReachGoal: 0
2025-12-13 01:05:50,189 - PaperAgentLogger - DEBUG - New map
2025-12-13 01:05:52,179 - PaperAgentLogger - INFO - ################## PaperArchitecture_map20x20_rho1_10Agent/K3_HS0/1765556206 - End of loop ##################  
 ####### Case3725 	 Computation time:1.9898803234100342 	 Step68/68	- AllReachGoal-False

2025-12-13 01:05:52,181 - PaperAgentLogger - INFO - current rateReachGoal: 0
2025-12-13 01:05:52,201 - PaperAgentLogger - DEBUG - New map
2025-12-13 01:05:54,067 - PaperAgentLogger - INFO - ################## PaperArchitecture_map20x20_rho1_10Agent/K3_HS0/1765556206 - End of loop ##################  
 ####### Case3726 	 Computation time:1.8651401996612549 	 Step64/64	- AllReachGoal-False

2025-12-13 01:05:54,068 - PaperAgentLogger - INFO - current rateReachGoal: 0
2025-12-13 01:05:54,088 - PaperAgentLogger - DEBUG - New map
2025-12-13 01:05:55,362 - PaperAgentLogger - INFO - ################## PaperArchitecture_map20x20_rho1_10Agent/K3_HS0/1765556206 - End of loop ##################  
 ####### Case3727 	 Computation time:1.2732412815093994 	 Step43/72	- AllReachGoal-True

2025-12-13 01:05:55,363 - PaperAgentLogger - INFO - current rateReachGoal: 0
2025-12-13 01:05:55,379 - PaperAgentLogger - DEBUG - New map
2025-12-13 01:05:56,059 - PaperAgentLogger - INFO - ################## PaperArchitecture_map20x20_rho1_10Agent/K3_HS0/1765556206 - End of loop ##################  
 ####### Case3728 	 Computation time:0.6796700954437256 	 Step23/46	- AllReachGoal-True

2025-12-13 01:05:56,060 - PaperAgentLogger - INFO - current rateReachGoal: 0
2025-12-13 01:05:56,080 - PaperAgentLogger - DEBUG - New map
2025-12-13 01:05:57,955 - PaperAgentLogger - INFO - ################## PaperArchitecture_map20x20_rho1_10Agent/K3_HS0/1765556206 - End of loop ##################  
 ####### Case3729 	 Computation time:1.8746910095214844 	 Step64/64	- AllReachGoal-False

2025-12-13 01:05:57,956 - PaperAgentLogger - INFO - current rateReachGoal: 0
2025-12-13 01:05:57,972 - PaperAgentLogger - DEBUG - New map
2025-12-13 01:05:59,272 - PaperAgentLogger - INFO - ################## PaperArchitecture_map20x20_rho1_10Agent/K3_HS0/1765556206 - End of loop ##################  
 ####### Case3730 	 Computation time:1.2995924949645996 	 Step44/44	- AllReachGoal-False

2025-12-13 01:05:59,272 - PaperAgentLogger - INFO - current rateReachGoal: 0
2025-12-13 01:05:59,291 - PaperAgentLogger - DEBUG - New map
2025-12-13 01:06:00,153 - PaperAgentLogger - INFO - ################## PaperArchitecture_map20x20_rho1_10Agent/K3_HS0/1765556206 - End of loop ##################  
 ####### Case3731 	 Computation time:0.8611245155334473 	 Step29/58	- AllReachGoal-True

2025-12-13 01:06:00,153 - PaperAgentLogger - INFO - current rateReachGoal: 0
2025-12-13 01:06:00,170 - PaperAgentLogger - DEBUG - New map
2025-12-13 01:06:01,707 - PaperAgentLogger - INFO - ################## PaperArchitecture_map20x20_rho1_10Agent/K3_HS0/1765556206 - End of loop ##################  
 ####### Case3732 	 Computation time:1.5360846519470215 	 Step52/52	- AllReachGoal-False

2025-12-13 01:06:01,708 - PaperAgentLogger - INFO - current rateReachGoal: 0
2025-12-13 01:06:01,727 - PaperAgentLogger - DEBUG - New map
2025-12-13 01:06:03,176 - PaperAgentLogger - INFO - ################## PaperArchitecture_map20x20_rho1_10Agent/K3_HS0/1765556206 - End of loop ##################  
 ####### Case3733 	 Computation time:1.4484047889709473 	 Step49/64	- AllReachGoal-True

2025-12-13 01:06:03,177 - PaperAgentLogger - INFO - current rateReachGoal: 0
2025-12-13 01:06:03,197 - PaperAgentLogger - DEBUG - New map
2025-12-13 01:06:04,377 - PaperAgentLogger - INFO - ################## PaperArchitecture_map20x20_rho1_10Agent/K3_HS0/1765556206 - End of loop ##################  
 ####### Case3734 	 Computation time:1.1790082454681396 	 Step40/62	- AllReachGoal-True

2025-12-13 01:06:04,377 - PaperAgentLogger - INFO - current rateReachGoal: 0
2025-12-13 01:06:04,395 - PaperAgentLogger - DEBUG - New map
2025-12-13 01:06:05,192 - PaperAgentLogger - INFO - ################## PaperArchitecture_map20x20_rho1_10Agent/K3_HS0/1765556206 - End of loop ##################  
 ####### Case3735 	 Computation time:0.7960221767425537 	 Step27/54	- AllReachGoal-True

2025-12-13 01:06:05,193 - PaperAgentLogger - INFO - current rateReachGoal: 0
2025-12-13 01:06:05,211 - PaperAgentLogger - DEBUG - New map
2025-12-13 01:06:06,942 - PaperAgentLogger - INFO - ################## PaperArchitecture_map20x20_rho1_10Agent/K3_HS0/1765556206 - End of loop ##################  
 ####### Case3736 	 Computation time:1.730480432510376 	 Step54/54	- AllReachGoal-False

2025-12-13 01:06:06,945 - PaperAgentLogger - INFO - current rateReachGoal: 0
2025-12-13 01:06:06,964 - PaperAgentLogger - DEBUG - New map
2025-12-13 01:06:08,409 - PaperAgentLogger - INFO - ################## PaperArchitecture_map20x20_rho1_10Agent/K3_HS0/1765556206 - End of loop ##################  
 ####### Case3737 	 Computation time:1.4439489841461182 	 Step44/44	- AllReachGoal-False

2025-12-13 01:06:08,410 - PaperAgentLogger - INFO - current rateReachGoal: 0
2025-12-13 01:06:08,427 - PaperAgentLogger - DEBUG - New map
2025-12-13 01:06:09,354 - PaperAgentLogger - INFO - ################## PaperArchitecture_map20x20_rho1_10Agent/K3_HS0/1765556206 - End of loop ##################  
 ####### Case3738 	 Computation time:0.9261913299560547 	 Step28/44	- AllReachGoal-True

2025-12-13 01:06:09,355 - PaperAgentLogger - INFO - current rateReachGoal: 0
2025-12-13 01:06:09,372 - PaperAgentLogger - DEBUG - New map
2025-12-13 01:06:10,195 - PaperAgentLogger - INFO - ################## PaperArchitecture_map20x20_rho1_10Agent/K3_HS0/1765556206 - End of loop ##################  
 ####### Case3739 	 Computation time:0.8216977119445801 	 Step25/50	- AllReachGoal-True

2025-12-13 01:06:10,195 - PaperAgentLogger - INFO - current rateReachGoal: 0
2025-12-13 01:06:10,212 - PaperAgentLogger - DEBUG - New map
2025-12-13 01:06:10,867 - PaperAgentLogger - INFO - ################## PaperArchitecture_map20x20_rho1_10Agent/K3_HS0/1765556206 - End of loop ##################  
 ####### Case3740 	 Computation time:0.6547889709472656 	 Step22/44	- AllReachGoal-True

2025-12-13 01:06:10,868 - PaperAgentLogger - INFO - current rateReachGoal: 0
2025-12-13 01:06:10,885 - PaperAgentLogger - DEBUG - New map
2025-12-13 01:06:11,595 - PaperAgentLogger - INFO - ################## PaperArchitecture_map20x20_rho1_10Agent/K3_HS0/1765556206 - End of loop ##################  
 ####### Case3741 	 Computation time:0.7085402011871338 	 Step24/46	- AllReachGoal-True

2025-12-13 01:06:11,595 - PaperAgentLogger - INFO - current rateReachGoal: 0
2025-12-13 01:06:11,612 - PaperAgentLogger - DEBUG - New map
2025-12-13 01:06:12,513 - PaperAgentLogger - INFO - ################## PaperArchitecture_map20x20_rho1_10Agent/K3_HS0/1765556206 - End of loop ##################  
 ####### Case3742 	 Computation time:0.9005038738250732 	 Step30/56	- AllReachGoal-True

2025-12-13 01:06:12,515 - PaperAgentLogger - INFO - current rateReachGoal: 0
2025-12-13 01:06:12,533 - PaperAgentLogger - DEBUG - New map
2025-12-13 01:06:13,450 - PaperAgentLogger - INFO - ################## PaperArchitecture_map20x20_rho1_10Agent/K3_HS0/1765556206 - End of loop ##################  
 ####### Case3743 	 Computation time:0.9164235591888428 	 Step29/56	- AllReachGoal-True

2025-12-13 01:06:13,450 - PaperAgentLogger - INFO - current rateReachGoal: 0
2025-12-13 01:06:13,471 - PaperAgentLogger - DEBUG - New map
2025-12-13 01:06:14,453 - PaperAgentLogger - INFO - ################## PaperArchitecture_map20x20_rho1_10Agent/K3_HS0/1765556206 - End of loop ##################  
 ####### Case3744 	 Computation time:0.982231855392456 	 Step31/62	- AllReachGoal-True

2025-12-13 01:06:14,454 - PaperAgentLogger - INFO - current rateReachGoal: 0
2025-12-13 01:06:14,473 - PaperAgentLogger - DEBUG - New map
2025-12-13 01:06:16,751 - PaperAgentLogger - INFO - ################## PaperArchitecture_map20x20_rho1_10Agent/K3_HS0/1765556206 - End of loop ##################  
 ####### Case3745 	 Computation time:2.2771525382995605 	 Step72/72	- AllReachGoal-False

2025-12-13 01:06:16,752 - PaperAgentLogger - INFO - current rateReachGoal: 0
2025-12-13 01:06:16,770 - PaperAgentLogger - DEBUG - New map
2025-12-13 01:06:18,592 - PaperAgentLogger - INFO - ################## PaperArchitecture_map20x20_rho1_10Agent/K3_HS0/1765556206 - End of loop ##################  
 ####### Case3746 	 Computation time:1.8211309909820557 	 Step56/56	- AllReachGoal-False

2025-12-13 01:06:18,593 - PaperAgentLogger - INFO - current rateReachGoal: 0
2025-12-13 01:06:18,611 - PaperAgentLogger - DEBUG - New map
2025-12-13 01:06:19,553 - PaperAgentLogger - INFO - ################## PaperArchitecture_map20x20_rho1_10Agent/K3_HS0/1765556206 - End of loop ##################  
 ####### Case3747 	 Computation time:0.9420504570007324 	 Step30/58	- AllReachGoal-True

2025-12-13 01:06:19,554 - PaperAgentLogger - INFO - current rateReachGoal: 0
2025-12-13 01:06:19,568 - PaperAgentLogger - DEBUG - New map
2025-12-13 01:06:20,118 - PaperAgentLogger - INFO - ################## PaperArchitecture_map20x20_rho1_10Agent/K3_HS0/1765556206 - End of loop ##################  
 ####### Case3748 	 Computation time:0.5489382743835449 	 Step18/36	- AllReachGoal-True

2025-12-13 01:06:20,119 - PaperAgentLogger - INFO - current rateReachGoal: 0
2025-12-13 01:06:20,134 - PaperAgentLogger - DEBUG - New map
2025-12-13 01:06:21,483 - PaperAgentLogger - INFO - ################## PaperArchitecture_map20x20_rho1_10Agent/K3_HS0/1765556206 - End of loop ##################  
 ####### Case3749 	 Computation time:1.3481686115264893 	 Step42/42	- AllReachGoal-False

2025-12-13 01:06:21,484 - PaperAgentLogger - INFO - current rateReachGoal: 0
2025-12-13 01:06:21,503 - PaperAgentLogger - DEBUG - New map
2025-12-13 01:06:22,584 - PaperAgentLogger - INFO - ################## PaperArchitecture_map20x20_rho1_10Agent/K3_HS0/1765556206 - End of loop ##################  
 ####### Case3750 	 Computation time:1.0798704624176025 	 Step34/64	- AllReachGoal-True

2025-12-13 01:06:22,584 - PaperAgentLogger - INFO - current rateReachGoal: 0
2025-12-13 01:06:22,605 - PaperAgentLogger - DEBUG - New map
2025-12-13 01:06:23,696 - PaperAgentLogger - INFO - ################## PaperArchitecture_map20x20_rho1_10Agent/K3_HS0/1765556206 - End of loop ##################  
 ####### Case3751 	 Computation time:1.0909228324890137 	 Step33/60	- AllReachGoal-True

2025-12-13 01:06:23,699 - PaperAgentLogger - INFO - current rateReachGoal: 0
2025-12-13 01:06:23,716 - PaperAgentLogger - DEBUG - New map
2025-12-13 01:06:24,564 - PaperAgentLogger - INFO - ################## PaperArchitecture_map20x20_rho1_10Agent/K3_HS0/1765556206 - End of loop ##################  
 ####### Case3752 	 Computation time:0.847461462020874 	 Step28/52	- AllReachGoal-True

2025-12-13 01:06:24,565 - PaperAgentLogger - INFO - current rateReachGoal: 0
2025-12-13 01:06:24,583 - PaperAgentLogger - DEBUG - New map
2025-12-13 01:06:25,424 - PaperAgentLogger - INFO - ################## PaperArchitecture_map20x20_rho1_10Agent/K3_HS0/1765556206 - End of loop ##################  
 ####### Case3753 	 Computation time:0.8407435417175293 	 Step26/48	- AllReachGoal-True

2025-12-13 01:06:25,425 - PaperAgentLogger - INFO - current rateReachGoal: 0
2025-12-13 01:06:25,443 - PaperAgentLogger - DEBUG - New map
2025-12-13 01:06:26,301 - PaperAgentLogger - INFO - ################## PaperArchitecture_map20x20_rho1_10Agent/K3_HS0/1765556206 - End of loop ##################  
 ####### Case3754 	 Computation time:0.8575420379638672 	 Step27/52	- AllReachGoal-True

2025-12-13 01:06:26,302 - PaperAgentLogger - INFO - current rateReachGoal: 0
2025-12-13 01:06:26,319 - PaperAgentLogger - DEBUG - New map
2025-12-13 01:06:27,614 - PaperAgentLogger - INFO - ################## PaperArchitecture_map20x20_rho1_10Agent/K3_HS0/1765556206 - End of loop ##################  
 ####### Case3755 	 Computation time:1.2945020198822021 	 Step41/52	- AllReachGoal-True

2025-12-13 01:06:27,615 - PaperAgentLogger - INFO - current rateReachGoal: 0
2025-12-13 01:06:27,640 - PaperAgentLogger - DEBUG - New map
2025-12-13 01:06:28,800 - PaperAgentLogger - INFO - ################## PaperArchitecture_map20x20_rho1_10Agent/K3_HS0/1765556206 - End of loop ##################  
 ####### Case3756 	 Computation time:1.1586229801177979 	 Step36/66	- AllReachGoal-True

2025-12-13 01:06:28,802 - PaperAgentLogger - INFO - current rateReachGoal: 0
2025-12-13 01:06:28,820 - PaperAgentLogger - DEBUG - New map
2025-12-13 01:06:30,425 - PaperAgentLogger - INFO - ################## PaperArchitecture_map20x20_rho1_10Agent/K3_HS0/1765556206 - End of loop ##################  
 ####### Case3757 	 Computation time:1.6046898365020752 	 Step48/48	- AllReachGoal-False

2025-12-13 01:06:30,426 - PaperAgentLogger - INFO - current rateReachGoal: 0
2025-12-13 01:06:30,446 - PaperAgentLogger - DEBUG - New map
2025-12-13 01:06:32,470 - PaperAgentLogger - INFO - ################## PaperArchitecture_map20x20_rho1_10Agent/K3_HS0/1765556206 - End of loop ##################  
 ####### Case3758 	 Computation time:2.0240705013275146 	 Step62/62	- AllReachGoal-False

2025-12-13 01:06:32,471 - PaperAgentLogger - INFO - current rateReachGoal: 0
2025-12-13 01:06:32,490 - PaperAgentLogger - DEBUG - New map
2025-12-13 01:06:34,323 - PaperAgentLogger - INFO - ################## PaperArchitecture_map20x20_rho1_10Agent/K3_HS0/1765556206 - End of loop ##################  
 ####### Case3759 	 Computation time:1.8321731090545654 	 Step56/56	- AllReachGoal-False

2025-12-13 01:06:34,325 - PaperAgentLogger - INFO - current rateReachGoal: 0
2025-12-13 01:06:34,344 - PaperAgentLogger - DEBUG - New map
2025-12-13 01:06:36,011 - PaperAgentLogger - INFO - ################## PaperArchitecture_map20x20_rho1_10Agent/K3_HS0/1765556206 - End of loop ##################  
 ####### Case3760 	 Computation time:1.6665534973144531 	 Step56/56	- AllReachGoal-False

2025-12-13 01:06:36,012 - PaperAgentLogger - INFO - current rateReachGoal: 0
2025-12-13 01:06:36,029 - PaperAgentLogger - DEBUG - New map
2025-12-13 01:06:37,399 - PaperAgentLogger - INFO - ################## PaperArchitecture_map20x20_rho1_10Agent/K3_HS0/1765556206 - End of loop ##################  
 ####### Case3761 	 Computation time:1.3698296546936035 	 Step46/46	- AllReachGoal-False

2025-12-13 01:06:37,400 - PaperAgentLogger - INFO - current rateReachGoal: 0
2025-12-13 01:06:37,419 - PaperAgentLogger - DEBUG - New map
2025-12-13 01:06:38,351 - PaperAgentLogger - INFO - ################## PaperArchitecture_map20x20_rho1_10Agent/K3_HS0/1765556206 - End of loop ##################  
 ####### Case3762 	 Computation time:0.9317014217376709 	 Step30/58	- AllReachGoal-True

2025-12-13 01:06:38,352 - PaperAgentLogger - INFO - current rateReachGoal: 0
2025-12-13 01:06:38,372 - PaperAgentLogger - DEBUG - New map
2025-12-13 01:06:40,157 - PaperAgentLogger - INFO - ################## PaperArchitecture_map20x20_rho1_10Agent/K3_HS0/1765556206 - End of loop ##################  
 ####### Case3763 	 Computation time:1.7844009399414062 	 Step60/60	- AllReachGoal-False

2025-12-13 01:06:40,159 - PaperAgentLogger - INFO - current rateReachGoal: 0
2025-12-13 01:06:40,176 - PaperAgentLogger - DEBUG - New map
2025-12-13 01:06:41,669 - PaperAgentLogger - INFO - ################## PaperArchitecture_map20x20_rho1_10Agent/K3_HS0/1765556206 - End of loop ##################  
 ####### Case3764 	 Computation time:1.4927995204925537 	 Step50/50	- AllReachGoal-False

2025-12-13 01:06:41,670 - PaperAgentLogger - INFO - current rateReachGoal: 0
2025-12-13 01:06:41,690 - PaperAgentLogger - DEBUG - New map
2025-12-13 01:06:42,920 - PaperAgentLogger - INFO - ################## PaperArchitecture_map20x20_rho1_10Agent/K3_HS0/1765556206 - End of loop ##################  
 ####### Case3765 	 Computation time:1.230102300643921 	 Step40/64	- AllReachGoal-True

2025-12-13 01:06:42,921 - PaperAgentLogger - INFO - current rateReachGoal: 0
2025-12-13 01:06:42,939 - PaperAgentLogger - DEBUG - New map
2025-12-13 01:06:43,859 - PaperAgentLogger - INFO - ################## PaperArchitecture_map20x20_rho1_10Agent/K3_HS0/1765556206 - End of loop ##################  
 ####### Case3766 	 Computation time:0.9195823669433594 	 Step30/48	- AllReachGoal-True

2025-12-13 01:06:43,860 - PaperAgentLogger - INFO - current rateReachGoal: 0
2025-12-13 01:06:43,879 - PaperAgentLogger - DEBUG - New map
2025-12-13 01:06:45,636 - PaperAgentLogger - INFO - ################## PaperArchitecture_map20x20_rho1_10Agent/K3_HS0/1765556206 - End of loop ##################  
 ####### Case3767 	 Computation time:1.7572240829467773 	 Step56/56	- AllReachGoal-False

2025-12-13 01:06:45,637 - PaperAgentLogger - INFO - current rateReachGoal: 0
2025-12-13 01:06:45,656 - PaperAgentLogger - DEBUG - New map
2025-12-13 01:06:47,385 - PaperAgentLogger - INFO - ################## PaperArchitecture_map20x20_rho1_10Agent/K3_HS0/1765556206 - End of loop ##################  
 ####### Case3768 	 Computation time:1.7286217212677002 	 Step58/58	- AllReachGoal-False

2025-12-13 01:06:47,386 - PaperAgentLogger - INFO - current rateReachGoal: 0
2025-12-13 01:06:47,406 - PaperAgentLogger - DEBUG - New map
2025-12-13 01:06:48,430 - PaperAgentLogger - INFO - ################## PaperArchitecture_map20x20_rho1_10Agent/K3_HS0/1765556206 - End of loop ##################  
 ####### Case3769 	 Computation time:1.0239286422729492 	 Step34/58	- AllReachGoal-True

2025-12-13 01:06:48,431 - PaperAgentLogger - INFO - current rateReachGoal: 0
2025-12-13 01:06:48,449 - PaperAgentLogger - DEBUG - New map
2025-12-13 01:06:49,406 - PaperAgentLogger - INFO - ################## PaperArchitecture_map20x20_rho1_10Agent/K3_HS0/1765556206 - End of loop ##################  
 ####### Case3770 	 Computation time:0.9562735557556152 	 Step32/60	- AllReachGoal-True

2025-12-13 01:06:49,407 - PaperAgentLogger - INFO - current rateReachGoal: 0
2025-12-13 01:06:49,423 - PaperAgentLogger - DEBUG - New map
2025-12-13 01:06:50,057 - PaperAgentLogger - INFO - ################## PaperArchitecture_map20x20_rho1_10Agent/K3_HS0/1765556206 - End of loop ##################  
 ####### Case3771 	 Computation time:0.6329615116119385 	 Step21/42	- AllReachGoal-True

2025-12-13 01:06:50,057 - PaperAgentLogger - INFO - current rateReachGoal: 0
2025-12-13 01:06:50,077 - PaperAgentLogger - DEBUG - New map
2025-12-13 01:06:51,124 - PaperAgentLogger - INFO - ################## PaperArchitecture_map20x20_rho1_10Agent/K3_HS0/1765556206 - End of loop ##################  
 ####### Case3772 	 Computation time:1.0468542575836182 	 Step35/66	- AllReachGoal-True

2025-12-13 01:06:51,126 - PaperAgentLogger - INFO - current rateReachGoal: 0
2025-12-13 01:06:51,144 - PaperAgentLogger - DEBUG - New map
2025-12-13 01:06:52,796 - PaperAgentLogger - INFO - ################## PaperArchitecture_map20x20_rho1_10Agent/K3_HS0/1765556206 - End of loop ##################  
 ####### Case3773 	 Computation time:1.6507666110992432 	 Step54/54	- AllReachGoal-False

2025-12-13 01:06:52,796 - PaperAgentLogger - INFO - current rateReachGoal: 0
2025-12-13 01:06:52,817 - PaperAgentLogger - DEBUG - New map
2025-12-13 01:06:53,871 - PaperAgentLogger - INFO - ################## PaperArchitecture_map20x20_rho1_10Agent/K3_HS0/1765556206 - End of loop ##################  
 ####### Case3774 	 Computation time:1.0534627437591553 	 Step35/66	- AllReachGoal-True

2025-12-13 01:06:53,872 - PaperAgentLogger - INFO - current rateReachGoal: 0
2025-12-13 01:06:53,889 - PaperAgentLogger - DEBUG - New map
2025-12-13 01:06:55,199 - PaperAgentLogger - INFO - ################## PaperArchitecture_map20x20_rho1_10Agent/K3_HS0/1765556206 - End of loop ##################  
 ####### Case3775 	 Computation time:1.3093433380126953 	 Step44/44	- AllReachGoal-False

2025-12-13 01:06:55,199 - PaperAgentLogger - INFO - current rateReachGoal: 0
2025-12-13 01:06:55,216 - PaperAgentLogger - DEBUG - New map
2025-12-13 01:06:56,654 - PaperAgentLogger - INFO - ################## PaperArchitecture_map20x20_rho1_10Agent/K3_HS0/1765556206 - End of loop ##################  
 ####### Case3776 	 Computation time:1.4369723796844482 	 Step48/48	- AllReachGoal-False

2025-12-13 01:06:56,655 - PaperAgentLogger - INFO - current rateReachGoal: 0
2025-12-13 01:06:56,673 - PaperAgentLogger - DEBUG - New map
2025-12-13 01:06:58,465 - PaperAgentLogger - INFO - ################## PaperArchitecture_map20x20_rho1_10Agent/K3_HS0/1765556206 - End of loop ##################  
 ####### Case3777 	 Computation time:1.7911295890808105 	 Step60/60	- AllReachGoal-False

2025-12-13 01:06:58,466 - PaperAgentLogger - INFO - current rateReachGoal: 0
2025-12-13 01:06:58,484 - PaperAgentLogger - DEBUG - New map
2025-12-13 01:07:00,102 - PaperAgentLogger - INFO - ################## PaperArchitecture_map20x20_rho1_10Agent/K3_HS0/1765556206 - End of loop ##################  
 ####### Case3778 	 Computation time:1.6181309223175049 	 Step54/54	- AllReachGoal-False

2025-12-13 01:07:00,103 - PaperAgentLogger - INFO - current rateReachGoal: 0
2025-12-13 01:07:00,119 - PaperAgentLogger - DEBUG - New map
2025-12-13 01:07:01,470 - PaperAgentLogger - INFO - ################## PaperArchitecture_map20x20_rho1_10Agent/K3_HS0/1765556206 - End of loop ##################  
 ####### Case3779 	 Computation time:1.3509879112243652 	 Step44/44	- AllReachGoal-False

2025-12-13 01:07:01,471 - PaperAgentLogger - INFO - current rateReachGoal: 0
2025-12-13 01:07:01,487 - PaperAgentLogger - DEBUG - New map
2025-12-13 01:07:02,953 - PaperAgentLogger - INFO - ################## PaperArchitecture_map20x20_rho1_10Agent/K3_HS0/1765556206 - End of loop ##################  
 ####### Case3780 	 Computation time:1.4651100635528564 	 Step48/48	- AllReachGoal-False

2025-12-13 01:07:02,954 - PaperAgentLogger - INFO - current rateReachGoal: 0
2025-12-13 01:07:02,974 - PaperAgentLogger - DEBUG - New map
2025-12-13 01:07:04,361 - PaperAgentLogger - INFO - ################## PaperArchitecture_map20x20_rho1_10Agent/K3_HS0/1765556206 - End of loop ##################  
 ####### Case3781 	 Computation time:1.3868160247802734 	 Step42/66	- AllReachGoal-True

2025-12-13 01:07:04,362 - PaperAgentLogger - INFO - current rateReachGoal: 0
2025-12-13 01:07:04,378 - PaperAgentLogger - DEBUG - New map
2025-12-13 01:07:05,876 - PaperAgentLogger - INFO - ################## PaperArchitecture_map20x20_rho1_10Agent/K3_HS0/1765556206 - End of loop ##################  
 ####### Case3782 	 Computation time:1.4971067905426025 	 Step50/50	- AllReachGoal-False

2025-12-13 01:07:05,877 - PaperAgentLogger - INFO - current rateReachGoal: 0
2025-12-13 01:07:05,896 - PaperAgentLogger - DEBUG - New map
2025-12-13 01:07:06,799 - PaperAgentLogger - INFO - ################## PaperArchitecture_map20x20_rho1_10Agent/K3_HS0/1765556206 - End of loop ##################  
 ####### Case3783 	 Computation time:0.9020428657531738 	 Step30/58	- AllReachGoal-True

2025-12-13 01:07:06,800 - PaperAgentLogger - INFO - current rateReachGoal: 0
2025-12-13 01:07:06,816 - PaperAgentLogger - DEBUG - New map
2025-12-13 01:07:08,190 - PaperAgentLogger - INFO - ################## PaperArchitecture_map20x20_rho1_10Agent/K3_HS0/1765556206 - End of loop ##################  
 ####### Case3784 	 Computation time:1.373518705368042 	 Step46/46	- AllReachGoal-False

2025-12-13 01:07:08,193 - PaperAgentLogger - INFO - current rateReachGoal: 0
2025-12-13 01:07:08,211 - PaperAgentLogger - DEBUG - New map
2025-12-13 01:07:09,112 - PaperAgentLogger - INFO - ################## PaperArchitecture_map20x20_rho1_10Agent/K3_HS0/1765556206 - End of loop ##################  
 ####### Case3785 	 Computation time:0.9008495807647705 	 Step30/56	- AllReachGoal-True

2025-12-13 01:07:09,113 - PaperAgentLogger - INFO - current rateReachGoal: 0
2025-12-13 01:07:09,131 - PaperAgentLogger - DEBUG - New map
2025-12-13 01:07:10,032 - PaperAgentLogger - INFO - ################## PaperArchitecture_map20x20_rho1_10Agent/K3_HS0/1765556206 - End of loop ##################  
 ####### Case3786 	 Computation time:0.9000580310821533 	 Step30/52	- AllReachGoal-True

2025-12-13 01:07:10,033 - PaperAgentLogger - INFO - current rateReachGoal: 0
2025-12-13 01:07:10,050 - PaperAgentLogger - DEBUG - New map
2025-12-13 01:07:11,098 - PaperAgentLogger - INFO - ################## PaperArchitecture_map20x20_rho1_10Agent/K3_HS0/1765556206 - End of loop ##################  
 ####### Case3787 	 Computation time:1.0481593608856201 	 Step35/52	- AllReachGoal-True

2025-12-13 01:07:11,099 - PaperAgentLogger - INFO - current rateReachGoal: 0
2025-12-13 01:07:11,118 - PaperAgentLogger - DEBUG - New map
2025-12-13 01:07:12,155 - PaperAgentLogger - INFO - ################## PaperArchitecture_map20x20_rho1_10Agent/K3_HS0/1765556206 - End of loop ##################  
 ####### Case3788 	 Computation time:1.0362958908081055 	 Step34/52	- AllReachGoal-True

2025-12-13 01:07:12,155 - PaperAgentLogger - INFO - current rateReachGoal: 0
2025-12-13 01:07:12,173 - PaperAgentLogger - DEBUG - New map
2025-12-13 01:07:13,673 - PaperAgentLogger - INFO - ################## PaperArchitecture_map20x20_rho1_10Agent/K3_HS0/1765556206 - End of loop ##################  
 ####### Case3789 	 Computation time:1.4993619918823242 	 Step50/50	- AllReachGoal-False

2025-12-13 01:07:13,674 - PaperAgentLogger - INFO - current rateReachGoal: 0
2025-12-13 01:07:13,692 - PaperAgentLogger - DEBUG - New map
2025-12-13 01:07:14,592 - PaperAgentLogger - INFO - ################## PaperArchitecture_map20x20_rho1_10Agent/K3_HS0/1765556206 - End of loop ##################  
 ####### Case3790 	 Computation time:0.898989200592041 	 Step30/56	- AllReachGoal-True

2025-12-13 01:07:14,593 - PaperAgentLogger - INFO - current rateReachGoal: 0
2025-12-13 01:07:14,611 - PaperAgentLogger - DEBUG - New map
2025-12-13 01:07:15,346 - PaperAgentLogger - INFO - ################## PaperArchitecture_map20x20_rho1_10Agent/K3_HS0/1765556206 - End of loop ##################  
 ####### Case3791 	 Computation time:0.7345795631408691 	 Step24/50	- AllReachGoal-True

2025-12-13 01:07:15,347 - PaperAgentLogger - INFO - current rateReachGoal: 0
2025-12-13 01:07:15,365 - PaperAgentLogger - DEBUG - New map
2025-12-13 01:07:16,142 - PaperAgentLogger - INFO - ################## PaperArchitecture_map20x20_rho1_10Agent/K3_HS0/1765556206 - End of loop ##################  
 ####### Case3792 	 Computation time:0.7764501571655273 	 Step26/52	- AllReachGoal-True

2025-12-13 01:07:16,142 - PaperAgentLogger - INFO - current rateReachGoal: 0
2025-12-13 01:07:16,161 - PaperAgentLogger - DEBUG - New map
2025-12-13 01:07:17,645 - PaperAgentLogger - INFO - ################## PaperArchitecture_map20x20_rho1_10Agent/K3_HS0/1765556206 - End of loop ##################  
 ####### Case3793 	 Computation time:1.4841034412384033 	 Step50/50	- AllReachGoal-False

2025-12-13 01:07:17,646 - PaperAgentLogger - INFO - current rateReachGoal: 0
2025-12-13 01:07:17,665 - PaperAgentLogger - DEBUG - New map
2025-12-13 01:07:18,657 - PaperAgentLogger - INFO - ################## PaperArchitecture_map20x20_rho1_10Agent/K3_HS0/1765556206 - End of loop ##################  
 ####### Case3794 	 Computation time:0.991523027420044 	 Step30/58	- AllReachGoal-True

2025-12-13 01:07:18,657 - PaperAgentLogger - INFO - current rateReachGoal: 0
2025-12-13 01:07:18,677 - PaperAgentLogger - DEBUG - New map
2025-12-13 01:07:20,588 - PaperAgentLogger - INFO - ################## PaperArchitecture_map20x20_rho1_10Agent/K3_HS0/1765556206 - End of loop ##################  
 ####### Case3795 	 Computation time:1.9100196361541748 	 Step64/64	- AllReachGoal-False

2025-12-13 01:07:20,589 - PaperAgentLogger - INFO - current rateReachGoal: 0
2025-12-13 01:07:20,608 - PaperAgentLogger - DEBUG - New map
2025-12-13 01:07:21,653 - PaperAgentLogger - INFO - ################## PaperArchitecture_map20x20_rho1_10Agent/K3_HS0/1765556206 - End of loop ##################  
 ####### Case3796 	 Computation time:1.0449774265289307 	 Step35/60	- AllReachGoal-True

2025-12-13 01:07:21,654 - PaperAgentLogger - INFO - current rateReachGoal: 0
2025-12-13 01:07:21,671 - PaperAgentLogger - DEBUG - New map
2025-12-13 01:07:22,602 - PaperAgentLogger - INFO - ################## PaperArchitecture_map20x20_rho1_10Agent/K3_HS0/1765556206 - End of loop ##################  
 ####### Case3797 	 Computation time:0.929786205291748 	 Step31/50	- AllReachGoal-True

2025-12-13 01:07:22,602 - PaperAgentLogger - INFO - current rateReachGoal: 0
2025-12-13 01:07:22,623 - PaperAgentLogger - DEBUG - New map
2025-12-13 01:07:23,731 - PaperAgentLogger - INFO - ################## PaperArchitecture_map20x20_rho1_10Agent/K3_HS0/1765556206 - End of loop ##################  
 ####### Case3798 	 Computation time:1.1079297065734863 	 Step37/70	- AllReachGoal-True

2025-12-13 01:07:23,734 - PaperAgentLogger - INFO - current rateReachGoal: 0
2025-12-13 01:07:23,754 - PaperAgentLogger - DEBUG - New map
2025-12-13 01:07:25,771 - PaperAgentLogger - INFO - ################## PaperArchitecture_map20x20_rho1_10Agent/K3_HS0/1765556206 - End of loop ##################  
 ####### Case3799 	 Computation time:2.0165061950683594 	 Step66/66	- AllReachGoal-False

2025-12-13 01:07:25,772 - PaperAgentLogger - INFO - current rateReachGoal: 0
2025-12-13 01:07:25,789 - PaperAgentLogger - DEBUG - New map
2025-12-13 01:07:26,463 - PaperAgentLogger - INFO - ################## PaperArchitecture_map20x20_rho1_10Agent/K3_HS0/1765556206 - End of loop ##################  
 ####### Case3800 	 Computation time:0.6732645034790039 	 Step22/44	- AllReachGoal-True

2025-12-13 01:07:26,464 - PaperAgentLogger - INFO - current rateReachGoal: 0
2025-12-13 01:07:26,480 - PaperAgentLogger - DEBUG - New map
2025-12-13 01:07:27,348 - PaperAgentLogger - INFO - ################## PaperArchitecture_map20x20_rho1_10Agent/K3_HS0/1765556206 - End of loop ##################  
 ####### Case3801 	 Computation time:0.8675024509429932 	 Step29/46	- AllReachGoal-True

2025-12-13 01:07:27,349 - PaperAgentLogger - INFO - current rateReachGoal: 0
2025-12-13 01:07:27,367 - PaperAgentLogger - DEBUG - New map
2025-12-13 01:07:28,201 - PaperAgentLogger - INFO - ################## PaperArchitecture_map20x20_rho1_10Agent/K3_HS0/1765556206 - End of loop ##################  
 ####### Case3802 	 Computation time:0.8340790271759033 	 Step28/50	- AllReachGoal-True

2025-12-13 01:07:28,202 - PaperAgentLogger - INFO - current rateReachGoal: 0
2025-12-13 01:07:28,220 - PaperAgentLogger - DEBUG - New map
2025-12-13 01:07:29,091 - PaperAgentLogger - INFO - ################## PaperArchitecture_map20x20_rho1_10Agent/K3_HS0/1765556206 - End of loop ##################  
 ####### Case3803 	 Computation time:0.8696062564849854 	 Step29/54	- AllReachGoal-True

2025-12-13 01:07:29,093 - PaperAgentLogger - INFO - current rateReachGoal: 0
2025-12-13 01:07:29,111 - PaperAgentLogger - DEBUG - New map
2025-12-13 01:07:30,825 - PaperAgentLogger - INFO - ################## PaperArchitecture_map20x20_rho1_10Agent/K3_HS0/1765556206 - End of loop ##################  
 ####### Case3804 	 Computation time:1.7136096954345703 	 Step58/58	- AllReachGoal-False

2025-12-13 01:07:30,826 - PaperAgentLogger - INFO - current rateReachGoal: 0
2025-12-13 01:07:30,845 - PaperAgentLogger - DEBUG - New map
2025-12-13 01:07:32,765 - PaperAgentLogger - INFO - ################## PaperArchitecture_map20x20_rho1_10Agent/K3_HS0/1765556206 - End of loop ##################  
 ####### Case3805 	 Computation time:1.9194037914276123 	 Step60/60	- AllReachGoal-False

2025-12-13 01:07:32,766 - PaperAgentLogger - INFO - current rateReachGoal: 0
2025-12-13 01:07:32,785 - PaperAgentLogger - DEBUG - New map
2025-12-13 01:07:34,565 - PaperAgentLogger - INFO - ################## PaperArchitecture_map20x20_rho1_10Agent/K3_HS0/1765556206 - End of loop ##################  
 ####### Case3806 	 Computation time:1.7793827056884766 	 Step60/60	- AllReachGoal-False

2025-12-13 01:07:34,565 - PaperAgentLogger - INFO - current rateReachGoal: 0
2025-12-13 01:07:34,583 - PaperAgentLogger - DEBUG - New map
2025-12-13 01:07:36,096 - PaperAgentLogger - INFO - ################## PaperArchitecture_map20x20_rho1_10Agent/K3_HS0/1765556206 - End of loop ##################  
 ####### Case3807 	 Computation time:1.5122244358062744 	 Step50/50	- AllReachGoal-False

2025-12-13 01:07:36,097 - PaperAgentLogger - INFO - current rateReachGoal: 0
2025-12-13 01:07:36,112 - PaperAgentLogger - DEBUG - New map
2025-12-13 01:07:37,432 - PaperAgentLogger - INFO - ################## PaperArchitecture_map20x20_rho1_10Agent/K3_HS0/1765556206 - End of loop ##################  
 ####### Case3808 	 Computation time:1.3193588256835938 	 Step44/44	- AllReachGoal-False

2025-12-13 01:07:37,433 - PaperAgentLogger - INFO - current rateReachGoal: 0
2025-12-13 01:07:37,452 - PaperAgentLogger - DEBUG - New map
2025-12-13 01:07:38,593 - PaperAgentLogger - INFO - ################## PaperArchitecture_map20x20_rho1_10Agent/K3_HS0/1765556206 - End of loop ##################  
 ####### Case3809 	 Computation time:1.1404566764831543 	 Step35/50	- AllReachGoal-True

2025-12-13 01:07:38,594 - PaperAgentLogger - INFO - current rateReachGoal: 0
2025-12-13 01:07:38,611 - PaperAgentLogger - DEBUG - New map
2025-12-13 01:07:39,518 - PaperAgentLogger - INFO - ################## PaperArchitecture_map20x20_rho1_10Agent/K3_HS0/1765556206 - End of loop ##################  
 ####### Case3810 	 Computation time:0.9061346054077148 	 Step28/48	- AllReachGoal-True

2025-12-13 01:07:39,519 - PaperAgentLogger - INFO - current rateReachGoal: 0
2025-12-13 01:07:39,535 - PaperAgentLogger - DEBUG - New map
2025-12-13 01:07:40,162 - PaperAgentLogger - INFO - ################## PaperArchitecture_map20x20_rho1_10Agent/K3_HS0/1765556206 - End of loop ##################  
 ####### Case3811 	 Computation time:0.6265888214111328 	 Step21/42	- AllReachGoal-True

2025-12-13 01:07:40,164 - PaperAgentLogger - INFO - current rateReachGoal: 0
2025-12-13 01:07:40,181 - PaperAgentLogger - DEBUG - New map
2025-12-13 01:07:40,954 - PaperAgentLogger - INFO - ################## PaperArchitecture_map20x20_rho1_10Agent/K3_HS0/1765556206 - End of loop ##################  
 ####### Case3812 	 Computation time:0.7719895839691162 	 Step26/48	- AllReachGoal-True

2025-12-13 01:07:40,954 - PaperAgentLogger - INFO - current rateReachGoal: 0
2025-12-13 01:07:40,972 - PaperAgentLogger - DEBUG - New map
2025-12-13 01:07:42,034 - PaperAgentLogger - INFO - ################## PaperArchitecture_map20x20_rho1_10Agent/K3_HS0/1765556206 - End of loop ##################  
 ####### Case3813 	 Computation time:1.0609323978424072 	 Step36/54	- AllReachGoal-True

2025-12-13 01:07:42,034 - PaperAgentLogger - INFO - current rateReachGoal: 0
2025-12-13 01:07:42,052 - PaperAgentLogger - DEBUG - New map
2025-12-13 01:07:42,795 - PaperAgentLogger - INFO - ################## PaperArchitecture_map20x20_rho1_10Agent/K3_HS0/1765556206 - End of loop ##################  
 ####### Case3814 	 Computation time:0.7418537139892578 	 Step25/48	- AllReachGoal-True

2025-12-13 01:07:42,795 - PaperAgentLogger - INFO - current rateReachGoal: 0
2025-12-13 01:07:42,813 - PaperAgentLogger - DEBUG - New map
2025-12-13 01:07:43,618 - PaperAgentLogger - INFO - ################## PaperArchitecture_map20x20_rho1_10Agent/K3_HS0/1765556206 - End of loop ##################  
 ####### Case3815 	 Computation time:0.8044877052307129 	 Step27/54	- AllReachGoal-True

2025-12-13 01:07:43,619 - PaperAgentLogger - INFO - current rateReachGoal: 0
2025-12-13 01:07:43,640 - PaperAgentLogger - DEBUG - New map
2025-12-13 01:07:44,783 - PaperAgentLogger - INFO - ################## PaperArchitecture_map20x20_rho1_10Agent/K3_HS0/1765556206 - End of loop ##################  
 ####### Case3816 	 Computation time:1.1426758766174316 	 Step38/72	- AllReachGoal-True

2025-12-13 01:07:44,784 - PaperAgentLogger - INFO - current rateReachGoal: 0
2025-12-13 01:07:44,805 - PaperAgentLogger - DEBUG - New map
2025-12-13 01:07:45,951 - PaperAgentLogger - INFO - ################## PaperArchitecture_map20x20_rho1_10Agent/K3_HS0/1765556206 - End of loop ##################  
 ####### Case3817 	 Computation time:1.145634412765503 	 Step35/60	- AllReachGoal-True

2025-12-13 01:07:45,952 - PaperAgentLogger - INFO - current rateReachGoal: 0
2025-12-13 01:07:45,971 - PaperAgentLogger - DEBUG - New map
2025-12-13 01:07:46,958 - PaperAgentLogger - INFO - ################## PaperArchitecture_map20x20_rho1_10Agent/K3_HS0/1765556206 - End of loop ##################  
 ####### Case3818 	 Computation time:0.9865963459014893 	 Step30/58	- AllReachGoal-True

2025-12-13 01:07:46,959 - PaperAgentLogger - INFO - current rateReachGoal: 0
2025-12-13 01:07:46,980 - PaperAgentLogger - DEBUG - New map
2025-12-13 01:07:48,046 - PaperAgentLogger - INFO - ################## PaperArchitecture_map20x20_rho1_10Agent/K3_HS0/1765556206 - End of loop ##################  
 ####### Case3819 	 Computation time:1.0653204917907715 	 Step35/70	- AllReachGoal-True

2025-12-13 01:07:48,047 - PaperAgentLogger - INFO - current rateReachGoal: 0
2025-12-13 01:07:48,067 - PaperAgentLogger - DEBUG - New map
2025-12-13 01:07:49,046 - PaperAgentLogger - INFO - ################## PaperArchitecture_map20x20_rho1_10Agent/K3_HS0/1765556206 - End of loop ##################  
 ####### Case3820 	 Computation time:0.9782114028930664 	 Step33/66	- AllReachGoal-True

2025-12-13 01:07:49,047 - PaperAgentLogger - INFO - current rateReachGoal: 0
2025-12-13 01:07:49,065 - PaperAgentLogger - DEBUG - New map
2025-12-13 01:07:50,430 - PaperAgentLogger - INFO - ################## PaperArchitecture_map20x20_rho1_10Agent/K3_HS0/1765556206 - End of loop ##################  
 ####### Case3821 	 Computation time:1.3646347522735596 	 Step46/52	- AllReachGoal-True

2025-12-13 01:07:50,431 - PaperAgentLogger - INFO - current rateReachGoal: 0
2025-12-13 01:07:50,448 - PaperAgentLogger - DEBUG - New map
2025-12-13 01:07:51,223 - PaperAgentLogger - INFO - ################## PaperArchitecture_map20x20_rho1_10Agent/K3_HS0/1765556206 - End of loop ##################  
 ####### Case3822 	 Computation time:0.7746577262878418 	 Step26/50	- AllReachGoal-True

2025-12-13 01:07:51,225 - PaperAgentLogger - INFO - current rateReachGoal: 0
2025-12-13 01:07:51,245 - PaperAgentLogger - DEBUG - New map
2025-12-13 01:07:53,099 - PaperAgentLogger - INFO - ################## PaperArchitecture_map20x20_rho1_10Agent/K3_HS0/1765556206 - End of loop ##################  
 ####### Case3823 	 Computation time:1.8533878326416016 	 Step62/62	- AllReachGoal-False

2025-12-13 01:07:53,099 - PaperAgentLogger - INFO - current rateReachGoal: 0
2025-12-13 01:07:53,118 - PaperAgentLogger - DEBUG - New map
2025-12-13 01:07:54,661 - PaperAgentLogger - INFO - ################## PaperArchitecture_map20x20_rho1_10Agent/K3_HS0/1765556206 - End of loop ##################  
 ####### Case3824 	 Computation time:1.5419557094573975 	 Step52/52	- AllReachGoal-False

2025-12-13 01:07:54,661 - PaperAgentLogger - INFO - current rateReachGoal: 0
2025-12-13 01:07:54,681 - PaperAgentLogger - DEBUG - New map
2025-12-13 01:07:55,690 - PaperAgentLogger - INFO - ################## PaperArchitecture_map20x20_rho1_10Agent/K3_HS0/1765556206 - End of loop ##################  
 ####### Case3825 	 Computation time:1.0083885192871094 	 Step34/64	- AllReachGoal-True

2025-12-13 01:07:55,691 - PaperAgentLogger - INFO - current rateReachGoal: 0
2025-12-13 01:07:55,709 - PaperAgentLogger - DEBUG - New map
2025-12-13 01:07:56,627 - PaperAgentLogger - INFO - ################## PaperArchitecture_map20x20_rho1_10Agent/K3_HS0/1765556206 - End of loop ##################  
 ####### Case3826 	 Computation time:0.9174225330352783 	 Step31/58	- AllReachGoal-True

2025-12-13 01:07:56,628 - PaperAgentLogger - INFO - current rateReachGoal: 0
2025-12-13 01:07:56,647 - PaperAgentLogger - DEBUG - New map
2025-12-13 01:07:57,709 - PaperAgentLogger - INFO - ################## PaperArchitecture_map20x20_rho1_10Agent/K3_HS0/1765556206 - End of loop ##################  
 ####### Case3827 	 Computation time:1.061614990234375 	 Step36/60	- AllReachGoal-True

2025-12-13 01:07:57,710 - PaperAgentLogger - INFO - current rateReachGoal: 0
2025-12-13 01:07:57,727 - PaperAgentLogger - DEBUG - New map
2025-12-13 01:07:59,308 - PaperAgentLogger - INFO - ################## PaperArchitecture_map20x20_rho1_10Agent/K3_HS0/1765556206 - End of loop ##################  
 ####### Case3828 	 Computation time:1.5802030563354492 	 Step54/54	- AllReachGoal-False

2025-12-13 01:07:59,309 - PaperAgentLogger - INFO - current rateReachGoal: 0
2025-12-13 01:07:59,327 - PaperAgentLogger - DEBUG - New map
2025-12-13 01:08:00,134 - PaperAgentLogger - INFO - ################## PaperArchitecture_map20x20_rho1_10Agent/K3_HS0/1765556206 - End of loop ##################  
 ####### Case3829 	 Computation time:0.8066079616546631 	 Step27/54	- AllReachGoal-True

2025-12-13 01:08:00,135 - PaperAgentLogger - INFO - current rateReachGoal: 0
2025-12-13 01:08:00,153 - PaperAgentLogger - DEBUG - New map
2025-12-13 01:08:01,569 - PaperAgentLogger - INFO - ################## PaperArchitecture_map20x20_rho1_10Agent/K3_HS0/1765556206 - End of loop ##################  
 ####### Case3830 	 Computation time:1.4157183170318604 	 Step48/48	- AllReachGoal-False

2025-12-13 01:08:01,570 - PaperAgentLogger - INFO - current rateReachGoal: 0
2025-12-13 01:08:01,587 - PaperAgentLogger - DEBUG - New map
2025-12-13 01:08:02,999 - PaperAgentLogger - INFO - ################## PaperArchitecture_map20x20_rho1_10Agent/K3_HS0/1765556206 - End of loop ##################  
 ####### Case3831 	 Computation time:1.4115304946899414 	 Step48/48	- AllReachGoal-False

2025-12-13 01:08:03,000 - PaperAgentLogger - INFO - current rateReachGoal: 0
2025-12-13 01:08:03,018 - PaperAgentLogger - DEBUG - New map
2025-12-13 01:08:03,822 - PaperAgentLogger - INFO - ################## PaperArchitecture_map20x20_rho1_10Agent/K3_HS0/1765556206 - End of loop ##################  
 ####### Case3832 	 Computation time:0.8034789562225342 	 Step27/50	- AllReachGoal-True

2025-12-13 01:08:03,822 - PaperAgentLogger - INFO - current rateReachGoal: 0
2025-12-13 01:08:03,838 - PaperAgentLogger - DEBUG - New map
2025-12-13 01:08:04,525 - PaperAgentLogger - INFO - ################## PaperArchitecture_map20x20_rho1_10Agent/K3_HS0/1765556206 - End of loop ##################  
 ####### Case3833 	 Computation time:0.6861352920532227 	 Step23/44	- AllReachGoal-True

2025-12-13 01:08:04,526 - PaperAgentLogger - INFO - current rateReachGoal: 0
2025-12-13 01:08:04,549 - PaperAgentLogger - DEBUG - New map
2025-12-13 01:08:06,261 - PaperAgentLogger - INFO - ################## PaperArchitecture_map20x20_rho1_10Agent/K3_HS0/1765556206 - End of loop ##################  
 ####### Case3834 	 Computation time:1.71132493019104 	 Step58/58	- AllReachGoal-False

2025-12-13 01:08:06,262 - PaperAgentLogger - INFO - current rateReachGoal: 0
2025-12-13 01:08:06,284 - PaperAgentLogger - DEBUG - New map
2025-12-13 01:08:07,988 - PaperAgentLogger - INFO - ################## PaperArchitecture_map20x20_rho1_10Agent/K3_HS0/1765556206 - End of loop ##################  
 ####### Case3835 	 Computation time:1.7038638591766357 	 Step58/58	- AllReachGoal-False

2025-12-13 01:08:07,989 - PaperAgentLogger - INFO - current rateReachGoal: 0
2025-12-13 01:08:08,005 - PaperAgentLogger - DEBUG - New map
2025-12-13 01:08:09,431 - PaperAgentLogger - INFO - ################## PaperArchitecture_map20x20_rho1_10Agent/K3_HS0/1765556206 - End of loop ##################  
 ####### Case3836 	 Computation time:1.4242362976074219 	 Step48/48	- AllReachGoal-False

2025-12-13 01:08:09,431 - PaperAgentLogger - INFO - current rateReachGoal: 0
2025-12-13 01:08:09,449 - PaperAgentLogger - DEBUG - New map
2025-12-13 01:08:10,288 - PaperAgentLogger - INFO - ################## PaperArchitecture_map20x20_rho1_10Agent/K3_HS0/1765556206 - End of loop ##################  
 ####### Case3837 	 Computation time:0.8384244441986084 	 Step28/56	- AllReachGoal-True

2025-12-13 01:08:10,288 - PaperAgentLogger - INFO - current rateReachGoal: 0
2025-12-13 01:08:10,307 - PaperAgentLogger - DEBUG - New map
2025-12-13 01:08:11,963 - PaperAgentLogger - INFO - ################## PaperArchitecture_map20x20_rho1_10Agent/K3_HS0/1765556206 - End of loop ##################  
 ####### Case3838 	 Computation time:1.6557486057281494 	 Step56/56	- AllReachGoal-False

2025-12-13 01:08:11,964 - PaperAgentLogger - INFO - current rateReachGoal: 0
2025-12-13 01:08:11,983 - PaperAgentLogger - DEBUG - New map
2025-12-13 01:08:13,646 - PaperAgentLogger - INFO - ################## PaperArchitecture_map20x20_rho1_10Agent/K3_HS0/1765556206 - End of loop ##################  
 ####### Case3839 	 Computation time:1.6619007587432861 	 Step56/56	- AllReachGoal-False

2025-12-13 01:08:13,646 - PaperAgentLogger - INFO - current rateReachGoal: 0
2025-12-13 01:08:13,665 - PaperAgentLogger - DEBUG - New map
2025-12-13 01:08:15,444 - PaperAgentLogger - INFO - ################## PaperArchitecture_map20x20_rho1_10Agent/K3_HS0/1765556206 - End of loop ##################  
 ####### Case3840 	 Computation time:1.7789418697357178 	 Step60/60	- AllReachGoal-False

2025-12-13 01:08:15,445 - PaperAgentLogger - INFO - current rateReachGoal: 0
2025-12-13 01:08:15,465 - PaperAgentLogger - DEBUG - New map
2025-12-13 01:08:17,409 - PaperAgentLogger - INFO - ################## PaperArchitecture_map20x20_rho1_10Agent/K3_HS0/1765556206 - End of loop ##################  
 ####### Case3841 	 Computation time:1.9436116218566895 	 Step66/66	- AllReachGoal-False

2025-12-13 01:08:17,409 - PaperAgentLogger - INFO - current rateReachGoal: 0
2025-12-13 01:08:17,429 - PaperAgentLogger - DEBUG - New map
2025-12-13 01:08:19,294 - PaperAgentLogger - INFO - ################## PaperArchitecture_map20x20_rho1_10Agent/K3_HS0/1765556206 - End of loop ##################  
 ####### Case3842 	 Computation time:1.8648738861083984 	 Step62/62	- AllReachGoal-False

2025-12-13 01:08:19,297 - PaperAgentLogger - INFO - current rateReachGoal: 0
2025-12-13 01:08:19,317 - PaperAgentLogger - DEBUG - New map
2025-12-13 01:08:21,185 - PaperAgentLogger - INFO - ################## PaperArchitecture_map20x20_rho1_10Agent/K3_HS0/1765556206 - End of loop ##################  
 ####### Case3843 	 Computation time:1.8673369884490967 	 Step62/62	- AllReachGoal-False

2025-12-13 01:08:21,186 - PaperAgentLogger - INFO - current rateReachGoal: 0
2025-12-13 01:08:21,203 - PaperAgentLogger - DEBUG - New map
2025-12-13 01:08:22,141 - PaperAgentLogger - INFO - ################## PaperArchitecture_map20x20_rho1_10Agent/K3_HS0/1765556206 - End of loop ##################  
 ####### Case3844 	 Computation time:0.9377412796020508 	 Step31/54	- AllReachGoal-True

2025-12-13 01:08:22,142 - PaperAgentLogger - INFO - current rateReachGoal: 0
2025-12-13 01:08:22,159 - PaperAgentLogger - DEBUG - New map
2025-12-13 01:08:23,750 - PaperAgentLogger - INFO - ################## PaperArchitecture_map20x20_rho1_10Agent/K3_HS0/1765556206 - End of loop ##################  
 ####### Case3845 	 Computation time:1.5913279056549072 	 Step52/52	- AllReachGoal-False

2025-12-13 01:08:23,751 - PaperAgentLogger - INFO - current rateReachGoal: 0
2025-12-13 01:08:23,770 - PaperAgentLogger - DEBUG - New map
2025-12-13 01:08:25,594 - PaperAgentLogger - INFO - ################## PaperArchitecture_map20x20_rho1_10Agent/K3_HS0/1765556206 - End of loop ##################  
 ####### Case3846 	 Computation time:1.823134422302246 	 Step60/60	- AllReachGoal-False

2025-12-13 01:08:25,595 - PaperAgentLogger - INFO - current rateReachGoal: 0
2025-12-13 01:08:25,615 - PaperAgentLogger - DEBUG - New map
2025-12-13 01:08:27,439 - PaperAgentLogger - INFO - ################## PaperArchitecture_map20x20_rho1_10Agent/K3_HS0/1765556206 - End of loop ##################  
 ####### Case3847 	 Computation time:1.8231134414672852 	 Step62/62	- AllReachGoal-False

2025-12-13 01:08:27,440 - PaperAgentLogger - INFO - current rateReachGoal: 0
2025-12-13 01:08:27,459 - PaperAgentLogger - DEBUG - New map
2025-12-13 01:08:29,612 - PaperAgentLogger - INFO - ################## PaperArchitecture_map20x20_rho1_10Agent/K3_HS0/1765556206 - End of loop ##################  
 ####### Case3848 	 Computation time:2.1527793407440186 	 Step68/68	- AllReachGoal-False

2025-12-13 01:08:29,613 - PaperAgentLogger - INFO - current rateReachGoal: 0
2025-12-13 01:08:29,631 - PaperAgentLogger - DEBUG - New map
2025-12-13 01:08:30,472 - PaperAgentLogger - INFO - ################## PaperArchitecture_map20x20_rho1_10Agent/K3_HS0/1765556206 - End of loop ##################  
 ####### Case3849 	 Computation time:0.8412256240844727 	 Step26/46	- AllReachGoal-True

2025-12-13 01:08:30,473 - PaperAgentLogger - INFO - current rateReachGoal: 0
2025-12-13 01:08:30,492 - PaperAgentLogger - DEBUG - New map
2025-12-13 01:08:31,451 - PaperAgentLogger - INFO - ################## PaperArchitecture_map20x20_rho1_10Agent/K3_HS0/1765556206 - End of loop ##################  
 ####### Case3850 	 Computation time:0.9582295417785645 	 Step29/58	- AllReachGoal-True

2025-12-13 01:08:31,453 - PaperAgentLogger - INFO - current rateReachGoal: 0
2025-12-13 01:08:31,473 - PaperAgentLogger - DEBUG - New map
2025-12-13 01:08:32,564 - PaperAgentLogger - INFO - ################## PaperArchitecture_map20x20_rho1_10Agent/K3_HS0/1765556206 - End of loop ##################  
 ####### Case3851 	 Computation time:1.0900177955627441 	 Step33/62	- AllReachGoal-True

2025-12-13 01:08:32,564 - PaperAgentLogger - INFO - current rateReachGoal: 0
2025-12-13 01:08:32,583 - PaperAgentLogger - DEBUG - New map
2025-12-13 01:08:33,695 - PaperAgentLogger - INFO - ################## PaperArchitecture_map20x20_rho1_10Agent/K3_HS0/1765556206 - End of loop ##################  
 ####### Case3852 	 Computation time:1.110893964767456 	 Step36/60	- AllReachGoal-True

2025-12-13 01:08:33,696 - PaperAgentLogger - INFO - current rateReachGoal: 0
2025-12-13 01:08:33,716 - PaperAgentLogger - DEBUG - New map
2025-12-13 01:08:35,930 - PaperAgentLogger - INFO - ################## PaperArchitecture_map20x20_rho1_10Agent/K3_HS0/1765556206 - End of loop ##################  
 ####### Case3853 	 Computation time:2.213657855987549 	 Step70/70	- AllReachGoal-False

2025-12-13 01:08:35,931 - PaperAgentLogger - INFO - current rateReachGoal: 0
2025-12-13 01:08:35,951 - PaperAgentLogger - DEBUG - New map
2025-12-13 01:08:37,904 - PaperAgentLogger - INFO - ################## PaperArchitecture_map20x20_rho1_10Agent/K3_HS0/1765556206 - End of loop ##################  
 ####### Case3854 	 Computation time:1.9527554512023926 	 Step60/60	- AllReachGoal-False

2025-12-13 01:08:37,905 - PaperAgentLogger - INFO - current rateReachGoal: 0
2025-12-13 01:08:37,925 - PaperAgentLogger - DEBUG - New map
2025-12-13 01:08:39,266 - PaperAgentLogger - INFO - ################## PaperArchitecture_map20x20_rho1_10Agent/K3_HS0/1765556206 - End of loop ##################  
 ####### Case3855 	 Computation time:1.340698003768921 	 Step45/56	- AllReachGoal-True

2025-12-13 01:08:39,267 - PaperAgentLogger - INFO - current rateReachGoal: 0
2025-12-13 01:08:39,285 - PaperAgentLogger - DEBUG - New map
2025-12-13 01:08:40,948 - PaperAgentLogger - INFO - ################## PaperArchitecture_map20x20_rho1_10Agent/K3_HS0/1765556206 - End of loop ##################  
 ####### Case3856 	 Computation time:1.6622810363769531 	 Step56/56	- AllReachGoal-False

2025-12-13 01:08:40,948 - PaperAgentLogger - INFO - current rateReachGoal: 0
2025-12-13 01:08:40,967 - PaperAgentLogger - DEBUG - New map
2025-12-13 01:08:42,622 - PaperAgentLogger - INFO - ################## PaperArchitecture_map20x20_rho1_10Agent/K3_HS0/1765556206 - End of loop ##################  
 ####### Case3857 	 Computation time:1.655031442642212 	 Step56/56	- AllReachGoal-False

2025-12-13 01:08:42,623 - PaperAgentLogger - INFO - current rateReachGoal: 0
2025-12-13 01:08:42,642 - PaperAgentLogger - DEBUG - New map
2025-12-13 01:08:43,627 - PaperAgentLogger - INFO - ################## PaperArchitecture_map20x20_rho1_10Agent/K3_HS0/1765556206 - End of loop ##################  
 ####### Case3858 	 Computation time:0.9837028980255127 	 Step33/66	- AllReachGoal-True

2025-12-13 01:08:43,627 - PaperAgentLogger - INFO - current rateReachGoal: 0
2025-12-13 01:08:43,646 - PaperAgentLogger - DEBUG - New map
2025-12-13 01:08:44,538 - PaperAgentLogger - INFO - ################## PaperArchitecture_map20x20_rho1_10Agent/K3_HS0/1765556206 - End of loop ##################  
 ####### Case3859 	 Computation time:0.8915576934814453 	 Step30/58	- AllReachGoal-True

2025-12-13 01:08:44,539 - PaperAgentLogger - INFO - current rateReachGoal: 0
2025-12-13 01:08:44,557 - PaperAgentLogger - DEBUG - New map
2025-12-13 01:08:45,493 - PaperAgentLogger - INFO - ################## PaperArchitecture_map20x20_rho1_10Agent/K3_HS0/1765556206 - End of loop ##################  
 ####### Case3860 	 Computation time:0.9360463619232178 	 Step30/50	- AllReachGoal-True

2025-12-13 01:08:45,494 - PaperAgentLogger - INFO - current rateReachGoal: 0
2025-12-13 01:08:45,510 - PaperAgentLogger - DEBUG - New map
2025-12-13 01:08:47,015 - PaperAgentLogger - INFO - ################## PaperArchitecture_map20x20_rho1_10Agent/K3_HS0/1765556206 - End of loop ##################  
 ####### Case3861 	 Computation time:1.5052342414855957 	 Step52/52	- AllReachGoal-False

2025-12-13 01:08:47,016 - PaperAgentLogger - INFO - current rateReachGoal: 0
2025-12-13 01:08:47,032 - PaperAgentLogger - DEBUG - New map
2025-12-13 01:08:48,437 - PaperAgentLogger - INFO - ################## PaperArchitecture_map20x20_rho1_10Agent/K3_HS0/1765556206 - End of loop ##################  
 ####### Case3862 	 Computation time:1.4052090644836426 	 Step48/48	- AllReachGoal-False

2025-12-13 01:08:48,438 - PaperAgentLogger - INFO - current rateReachGoal: 0
2025-12-13 01:08:48,455 - PaperAgentLogger - DEBUG - New map
2025-12-13 01:08:49,478 - PaperAgentLogger - INFO - ################## PaperArchitecture_map20x20_rho1_10Agent/K3_HS0/1765556206 - End of loop ##################  
 ####### Case3863 	 Computation time:1.022165060043335 	 Step35/60	- AllReachGoal-True

2025-12-13 01:08:49,479 - PaperAgentLogger - INFO - current rateReachGoal: 0
2025-12-13 01:08:49,495 - PaperAgentLogger - DEBUG - New map
2025-12-13 01:08:50,568 - PaperAgentLogger - INFO - ################## PaperArchitecture_map20x20_rho1_10Agent/K3_HS0/1765556206 - End of loop ##################  
 ####### Case3864 	 Computation time:1.0718660354614258 	 Step37/60	- AllReachGoal-True

2025-12-13 01:08:50,568 - PaperAgentLogger - INFO - current rateReachGoal: 0
2025-12-13 01:08:50,583 - PaperAgentLogger - DEBUG - New map
2025-12-13 01:08:51,227 - PaperAgentLogger - INFO - ################## PaperArchitecture_map20x20_rho1_10Agent/K3_HS0/1765556206 - End of loop ##################  
 ####### Case3865 	 Computation time:0.6427428722381592 	 Step22/42	- AllReachGoal-True

2025-12-13 01:08:51,227 - PaperAgentLogger - INFO - current rateReachGoal: 0
2025-12-13 01:08:51,244 - PaperAgentLogger - DEBUG - New map
2025-12-13 01:08:52,863 - PaperAgentLogger - INFO - ################## PaperArchitecture_map20x20_rho1_10Agent/K3_HS0/1765556206 - End of loop ##################  
 ####### Case3866 	 Computation time:1.6185972690582275 	 Step56/56	- AllReachGoal-False

2025-12-13 01:08:52,864 - PaperAgentLogger - INFO - current rateReachGoal: 0
2025-12-13 01:08:52,880 - PaperAgentLogger - DEBUG - New map
2025-12-13 01:08:53,986 - PaperAgentLogger - INFO - ################## PaperArchitecture_map20x20_rho1_10Agent/K3_HS0/1765556206 - End of loop ##################  
 ####### Case3867 	 Computation time:1.1061639785766602 	 Step38/52	- AllReachGoal-True

2025-12-13 01:08:53,987 - PaperAgentLogger - INFO - current rateReachGoal: 0
2025-12-13 01:08:54,004 - PaperAgentLogger - DEBUG - New map
2025-12-13 01:08:54,913 - PaperAgentLogger - INFO - ################## PaperArchitecture_map20x20_rho1_10Agent/K3_HS0/1765556206 - End of loop ##################  
 ####### Case3868 	 Computation time:0.9088847637176514 	 Step31/56	- AllReachGoal-True

2025-12-13 01:08:54,915 - PaperAgentLogger - INFO - current rateReachGoal: 0
2025-12-13 01:08:54,930 - PaperAgentLogger - DEBUG - New map
2025-12-13 01:08:55,607 - PaperAgentLogger - INFO - ################## PaperArchitecture_map20x20_rho1_10Agent/K3_HS0/1765556206 - End of loop ##################  
 ####### Case3869 	 Computation time:0.6757879257202148 	 Step23/44	- AllReachGoal-True

2025-12-13 01:08:55,607 - PaperAgentLogger - INFO - current rateReachGoal: 0
2025-12-13 01:08:55,623 - PaperAgentLogger - DEBUG - New map
2025-12-13 01:08:56,961 - PaperAgentLogger - INFO - ################## PaperArchitecture_map20x20_rho1_10Agent/K3_HS0/1765556206 - End of loop ##################  
 ####### Case3870 	 Computation time:1.3376169204711914 	 Step46/46	- AllReachGoal-False

2025-12-13 01:08:56,961 - PaperAgentLogger - INFO - current rateReachGoal: 0
2025-12-13 01:08:56,977 - PaperAgentLogger - DEBUG - New map
2025-12-13 01:08:57,807 - PaperAgentLogger - INFO - ################## PaperArchitecture_map20x20_rho1_10Agent/K3_HS0/1765556206 - End of loop ##################  
 ####### Case3871 	 Computation time:0.8297276496887207 	 Step28/52	- AllReachGoal-True

2025-12-13 01:08:57,808 - PaperAgentLogger - INFO - current rateReachGoal: 0
2025-12-13 01:08:57,826 - PaperAgentLogger - DEBUG - New map
2025-12-13 01:08:58,844 - PaperAgentLogger - INFO - ################## PaperArchitecture_map20x20_rho1_10Agent/K3_HS0/1765556206 - End of loop ##################  
 ####### Case3872 	 Computation time:1.0177524089813232 	 Step34/64	- AllReachGoal-True

2025-12-13 01:08:58,844 - PaperAgentLogger - INFO - current rateReachGoal: 0
2025-12-13 01:08:58,860 - PaperAgentLogger - DEBUG - New map
2025-12-13 01:09:00,294 - PaperAgentLogger - INFO - ################## PaperArchitecture_map20x20_rho1_10Agent/K3_HS0/1765556206 - End of loop ##################  
 ####### Case3873 	 Computation time:1.4331769943237305 	 Step48/48	- AllReachGoal-False

2025-12-13 01:09:00,296 - PaperAgentLogger - INFO - current rateReachGoal: 0
2025-12-13 01:09:00,313 - PaperAgentLogger - DEBUG - New map
2025-12-13 01:09:01,984 - PaperAgentLogger - INFO - ################## PaperArchitecture_map20x20_rho1_10Agent/K3_HS0/1765556206 - End of loop ##################  
 ####### Case3874 	 Computation time:1.6713497638702393 	 Step56/56	- AllReachGoal-False

2025-12-13 01:09:01,985 - PaperAgentLogger - INFO - current rateReachGoal: 0
2025-12-13 01:09:02,004 - PaperAgentLogger - DEBUG - New map
2025-12-13 01:09:03,108 - PaperAgentLogger - INFO - ################## PaperArchitecture_map20x20_rho1_10Agent/K3_HS0/1765556206 - End of loop ##################  
 ####### Case3875 	 Computation time:1.104205846786499 	 Step37/74	- AllReachGoal-True

2025-12-13 01:09:03,109 - PaperAgentLogger - INFO - current rateReachGoal: 0
2025-12-13 01:09:03,124 - PaperAgentLogger - DEBUG - New map
2025-12-13 01:09:04,032 - PaperAgentLogger - INFO - ################## PaperArchitecture_map20x20_rho1_10Agent/K3_HS0/1765556206 - End of loop ##################  
 ####### Case3876 	 Computation time:0.9079339504241943 	 Step31/46	- AllReachGoal-True

2025-12-13 01:09:04,033 - PaperAgentLogger - INFO - current rateReachGoal: 0
2025-12-13 01:09:04,049 - PaperAgentLogger - DEBUG - New map
2025-12-13 01:09:05,038 - PaperAgentLogger - INFO - ################## PaperArchitecture_map20x20_rho1_10Agent/K3_HS0/1765556206 - End of loop ##################  
 ####### Case3877 	 Computation time:0.9888269901275635 	 Step34/48	- AllReachGoal-True

2025-12-13 01:09:05,039 - PaperAgentLogger - INFO - current rateReachGoal: 0
2025-12-13 01:09:05,057 - PaperAgentLogger - DEBUG - New map
2025-12-13 01:09:07,022 - PaperAgentLogger - INFO - ################## PaperArchitecture_map20x20_rho1_10Agent/K3_HS0/1765556206 - End of loop ##################  
 ####### Case3878 	 Computation time:1.964162826538086 	 Step68/68	- AllReachGoal-False

2025-12-13 01:09:07,023 - PaperAgentLogger - INFO - current rateReachGoal: 0
2025-12-13 01:09:07,038 - PaperAgentLogger - DEBUG - New map
2025-12-13 01:09:08,428 - PaperAgentLogger - INFO - ################## PaperArchitecture_map20x20_rho1_10Agent/K3_HS0/1765556206 - End of loop ##################  
 ####### Case3879 	 Computation time:1.3895931243896484 	 Step48/48	- AllReachGoal-False

2025-12-13 01:09:08,429 - PaperAgentLogger - INFO - current rateReachGoal: 0
2025-12-13 01:09:08,444 - PaperAgentLogger - DEBUG - New map
2025-12-13 01:09:09,630 - PaperAgentLogger - INFO - ################## PaperArchitecture_map20x20_rho1_10Agent/K3_HS0/1765556206 - End of loop ##################  
 ####### Case3880 	 Computation time:1.1850693225860596 	 Step41/42	- AllReachGoal-True

2025-12-13 01:09:09,630 - PaperAgentLogger - INFO - current rateReachGoal: 0
2025-12-13 01:09:09,645 - PaperAgentLogger - DEBUG - New map
2025-12-13 01:09:10,874 - PaperAgentLogger - INFO - ################## PaperArchitecture_map20x20_rho1_10Agent/K3_HS0/1765556206 - End of loop ##################  
 ####### Case3881 	 Computation time:1.22804594039917 	 Step42/42	- AllReachGoal-False

2025-12-13 01:09:10,874 - PaperAgentLogger - INFO - current rateReachGoal: 0
2025-12-13 01:09:10,892 - PaperAgentLogger - DEBUG - New map
2025-12-13 01:09:11,842 - PaperAgentLogger - INFO - ################## PaperArchitecture_map20x20_rho1_10Agent/K3_HS0/1765556206 - End of loop ##################  
 ####### Case3882 	 Computation time:0.9497063159942627 	 Step32/64	- AllReachGoal-True

2025-12-13 01:09:11,842 - PaperAgentLogger - INFO - current rateReachGoal: 0
2025-12-13 01:09:11,859 - PaperAgentLogger - DEBUG - New map
2025-12-13 01:09:13,539 - PaperAgentLogger - INFO - ################## PaperArchitecture_map20x20_rho1_10Agent/K3_HS0/1765556206 - End of loop ##################  
 ####### Case3883 	 Computation time:1.6790392398834229 	 Step58/58	- AllReachGoal-False

2025-12-13 01:09:13,540 - PaperAgentLogger - INFO - current rateReachGoal: 0
2025-12-13 01:09:13,556 - PaperAgentLogger - DEBUG - New map
2025-12-13 01:09:15,124 - PaperAgentLogger - INFO - ################## PaperArchitecture_map20x20_rho1_10Agent/K3_HS0/1765556206 - End of loop ##################  
 ####### Case3884 	 Computation time:1.5676374435424805 	 Step54/54	- AllReachGoal-False

2025-12-13 01:09:15,125 - PaperAgentLogger - INFO - current rateReachGoal: 0
2025-12-13 01:09:15,141 - PaperAgentLogger - DEBUG - New map
2025-12-13 01:09:16,727 - PaperAgentLogger - INFO - ################## PaperArchitecture_map20x20_rho1_10Agent/K3_HS0/1765556206 - End of loop ##################  
 ####### Case3885 	 Computation time:1.5854613780975342 	 Step54/54	- AllReachGoal-False

2025-12-13 01:09:16,728 - PaperAgentLogger - INFO - current rateReachGoal: 0
2025-12-13 01:09:16,744 - PaperAgentLogger - DEBUG - New map
2025-12-13 01:09:18,193 - PaperAgentLogger - INFO - ################## PaperArchitecture_map20x20_rho1_10Agent/K3_HS0/1765556206 - End of loop ##################  
 ####### Case3886 	 Computation time:1.4490680694580078 	 Step50/52	- AllReachGoal-True

2025-12-13 01:09:18,194 - PaperAgentLogger - INFO - current rateReachGoal: 0
2025-12-13 01:09:18,210 - PaperAgentLogger - DEBUG - New map
2025-12-13 01:09:19,029 - PaperAgentLogger - INFO - ################## PaperArchitecture_map20x20_rho1_10Agent/K3_HS0/1765556206 - End of loop ##################  
 ####### Case3887 	 Computation time:0.8185021877288818 	 Step28/50	- AllReachGoal-True

2025-12-13 01:09:19,031 - PaperAgentLogger - INFO - current rateReachGoal: 0
2025-12-13 01:09:19,048 - PaperAgentLogger - DEBUG - New map
2025-12-13 01:09:19,890 - PaperAgentLogger - INFO - ################## PaperArchitecture_map20x20_rho1_10Agent/K3_HS0/1765556206 - End of loop ##################  
 ####### Case3888 	 Computation time:0.8414990901947021 	 Step28/56	- AllReachGoal-True

2025-12-13 01:09:19,890 - PaperAgentLogger - INFO - current rateReachGoal: 0
2025-12-13 01:09:19,908 - PaperAgentLogger - DEBUG - New map
2025-12-13 01:09:20,927 - PaperAgentLogger - INFO - ################## PaperArchitecture_map20x20_rho1_10Agent/K3_HS0/1765556206 - End of loop ##################  
 ####### Case3889 	 Computation time:1.0192279815673828 	 Step34/64	- AllReachGoal-True

2025-12-13 01:09:20,928 - PaperAgentLogger - INFO - current rateReachGoal: 0
2025-12-13 01:09:20,944 - PaperAgentLogger - DEBUG - New map
2025-12-13 01:09:21,732 - PaperAgentLogger - INFO - ################## PaperArchitecture_map20x20_rho1_10Agent/K3_HS0/1765556206 - End of loop ##################  
 ####### Case3890 	 Computation time:0.7868137359619141 	 Step26/52	- AllReachGoal-True

2025-12-13 01:09:21,732 - PaperAgentLogger - INFO - current rateReachGoal: 0
2025-12-13 01:09:21,747 - PaperAgentLogger - DEBUG - New map
2025-12-13 01:09:23,048 - PaperAgentLogger - INFO - ################## PaperArchitecture_map20x20_rho1_10Agent/K3_HS0/1765556206 - End of loop ##################  
 ####### Case3891 	 Computation time:1.300583839416504 	 Step44/44	- AllReachGoal-False

2025-12-13 01:09:23,049 - PaperAgentLogger - INFO - current rateReachGoal: 0
2025-12-13 01:09:23,067 - PaperAgentLogger - DEBUG - New map
2025-12-13 01:09:24,974 - PaperAgentLogger - INFO - ################## PaperArchitecture_map20x20_rho1_10Agent/K3_HS0/1765556206 - End of loop ##################  
 ####### Case3892 	 Computation time:1.9062113761901855 	 Step64/64	- AllReachGoal-False

2025-12-13 01:09:24,975 - PaperAgentLogger - INFO - current rateReachGoal: 0
2025-12-13 01:09:24,991 - PaperAgentLogger - DEBUG - New map
2025-12-13 01:09:26,488 - PaperAgentLogger - INFO - ################## PaperArchitecture_map20x20_rho1_10Agent/K3_HS0/1765556206 - End of loop ##################  
 ####### Case3893 	 Computation time:1.4965744018554688 	 Step50/50	- AllReachGoal-False

2025-12-13 01:09:26,489 - PaperAgentLogger - INFO - current rateReachGoal: 0
2025-12-13 01:09:26,505 - PaperAgentLogger - DEBUG - New map
2025-12-13 01:09:27,462 - PaperAgentLogger - INFO - ################## PaperArchitecture_map20x20_rho1_10Agent/K3_HS0/1765556206 - End of loop ##################  
 ####### Case3894 	 Computation time:0.956087589263916 	 Step32/54	- AllReachGoal-True

2025-12-13 01:09:27,462 - PaperAgentLogger - INFO - current rateReachGoal: 0
2025-12-13 01:09:27,477 - PaperAgentLogger - DEBUG - New map
2025-12-13 01:09:28,318 - PaperAgentLogger - INFO - ################## PaperArchitecture_map20x20_rho1_10Agent/K3_HS0/1765556206 - End of loop ##################  
 ####### Case3895 	 Computation time:0.8398666381835938 	 Step28/46	- AllReachGoal-True

2025-12-13 01:09:28,318 - PaperAgentLogger - INFO - current rateReachGoal: 0
2025-12-13 01:09:28,334 - PaperAgentLogger - DEBUG - New map
2025-12-13 01:09:29,822 - PaperAgentLogger - INFO - ################## PaperArchitecture_map20x20_rho1_10Agent/K3_HS0/1765556206 - End of loop ##################  
 ####### Case3896 	 Computation time:1.4869120121002197 	 Step50/50	- AllReachGoal-False

2025-12-13 01:09:29,822 - PaperAgentLogger - INFO - current rateReachGoal: 0
2025-12-13 01:09:29,839 - PaperAgentLogger - DEBUG - New map
2025-12-13 01:09:31,507 - PaperAgentLogger - INFO - ################## PaperArchitecture_map20x20_rho1_10Agent/K3_HS0/1765556206 - End of loop ##################  
 ####### Case3897 	 Computation time:1.6675174236297607 	 Step56/56	- AllReachGoal-False

2025-12-13 01:09:31,508 - PaperAgentLogger - INFO - current rateReachGoal: 0
2025-12-13 01:09:31,524 - PaperAgentLogger - DEBUG - New map
2025-12-13 01:09:33,108 - PaperAgentLogger - INFO - ################## PaperArchitecture_map20x20_rho1_10Agent/K3_HS0/1765556206 - End of loop ##################  
 ####### Case3898 	 Computation time:1.583094596862793 	 Step54/54	- AllReachGoal-False

2025-12-13 01:09:33,108 - PaperAgentLogger - INFO - current rateReachGoal: 0
2025-12-13 01:09:33,125 - PaperAgentLogger - DEBUG - New map
2025-12-13 01:09:34,136 - PaperAgentLogger - INFO - ################## PaperArchitecture_map20x20_rho1_10Agent/K3_HS0/1765556206 - End of loop ##################  
 ####### Case3899 	 Computation time:1.0098249912261963 	 Step34/60	- AllReachGoal-True

2025-12-13 01:09:34,137 - PaperAgentLogger - INFO - current rateReachGoal: 0
2025-12-13 01:09:34,154 - PaperAgentLogger - DEBUG - New map
2025-12-13 01:09:35,912 - PaperAgentLogger - INFO - ################## PaperArchitecture_map20x20_rho1_10Agent/K3_HS0/1765556206 - End of loop ##################  
 ####### Case3900 	 Computation time:1.7573127746582031 	 Step58/58	- AllReachGoal-False

2025-12-13 01:09:35,912 - PaperAgentLogger - INFO - current rateReachGoal: 0
2025-12-13 01:09:35,928 - PaperAgentLogger - DEBUG - New map
2025-12-13 01:09:37,362 - PaperAgentLogger - INFO - ################## PaperArchitecture_map20x20_rho1_10Agent/K3_HS0/1765556206 - End of loop ##################  
 ####### Case3901 	 Computation time:1.433790922164917 	 Step48/48	- AllReachGoal-False

2025-12-13 01:09:37,363 - PaperAgentLogger - INFO - current rateReachGoal: 0
2025-12-13 01:09:37,379 - PaperAgentLogger - DEBUG - New map
2025-12-13 01:09:38,133 - PaperAgentLogger - INFO - ################## PaperArchitecture_map20x20_rho1_10Agent/K3_HS0/1765556206 - End of loop ##################  
 ####### Case3902 	 Computation time:0.7533445358276367 	 Step25/46	- AllReachGoal-True

2025-12-13 01:09:38,133 - PaperAgentLogger - INFO - current rateReachGoal: 0
2025-12-13 01:09:38,149 - PaperAgentLogger - DEBUG - New map
2025-12-13 01:09:38,969 - PaperAgentLogger - INFO - ################## PaperArchitecture_map20x20_rho1_10Agent/K3_HS0/1765556206 - End of loop ##################  
 ####### Case3903 	 Computation time:0.8191125392913818 	 Step27/50	- AllReachGoal-True

2025-12-13 01:09:38,969 - PaperAgentLogger - INFO - current rateReachGoal: 0
2025-12-13 01:09:38,985 - PaperAgentLogger - DEBUG - New map
2025-12-13 01:09:40,550 - PaperAgentLogger - INFO - ################## PaperArchitecture_map20x20_rho1_10Agent/K3_HS0/1765556206 - End of loop ##################  
 ####### Case3904 	 Computation time:1.5637598037719727 	 Step52/52	- AllReachGoal-False

2025-12-13 01:09:40,550 - PaperAgentLogger - INFO - current rateReachGoal: 0
2025-12-13 01:09:40,567 - PaperAgentLogger - DEBUG - New map
2025-12-13 01:09:41,447 - PaperAgentLogger - INFO - ################## PaperArchitecture_map20x20_rho1_10Agent/K3_HS0/1765556206 - End of loop ##################  
 ####### Case3905 	 Computation time:0.8797953128814697 	 Step29/58	- AllReachGoal-True

2025-12-13 01:09:41,448 - PaperAgentLogger - INFO - current rateReachGoal: 0
2025-12-13 01:09:41,462 - PaperAgentLogger - DEBUG - New map
2025-12-13 01:09:42,132 - PaperAgentLogger - INFO - ################## PaperArchitecture_map20x20_rho1_10Agent/K3_HS0/1765556206 - End of loop ##################  
 ####### Case3906 	 Computation time:0.6689267158508301 	 Step22/40	- AllReachGoal-True

2025-12-13 01:09:42,133 - PaperAgentLogger - INFO - current rateReachGoal: 0
2025-12-13 01:09:42,150 - PaperAgentLogger - DEBUG - New map
2025-12-13 01:09:44,016 - PaperAgentLogger - INFO - ################## PaperArchitecture_map20x20_rho1_10Agent/K3_HS0/1765556206 - End of loop ##################  
 ####### Case3907 	 Computation time:1.865203619003296 	 Step62/62	- AllReachGoal-False

2025-12-13 01:09:44,018 - PaperAgentLogger - INFO - current rateReachGoal: 0
2025-12-13 01:09:44,034 - PaperAgentLogger - DEBUG - New map
2025-12-13 01:09:45,540 - PaperAgentLogger - INFO - ################## PaperArchitecture_map20x20_rho1_10Agent/K3_HS0/1765556206 - End of loop ##################  
 ####### Case3908 	 Computation time:1.5057275295257568 	 Step50/50	- AllReachGoal-False

2025-12-13 01:09:45,541 - PaperAgentLogger - INFO - current rateReachGoal: 0
2025-12-13 01:09:45,557 - PaperAgentLogger - DEBUG - New map
2025-12-13 01:09:46,333 - PaperAgentLogger - INFO - ################## PaperArchitecture_map20x20_rho1_10Agent/K3_HS0/1765556206 - End of loop ##################  
 ####### Case3909 	 Computation time:0.7755169868469238 	 Step26/52	- AllReachGoal-True

2025-12-13 01:09:46,334 - PaperAgentLogger - INFO - current rateReachGoal: 0
2025-12-13 01:09:46,350 - PaperAgentLogger - DEBUG - New map
2025-12-13 01:09:47,122 - PaperAgentLogger - INFO - ################## PaperArchitecture_map20x20_rho1_10Agent/K3_HS0/1765556206 - End of loop ##################  
 ####### Case3910 	 Computation time:0.7712411880493164 	 Step26/52	- AllReachGoal-True

2025-12-13 01:09:47,123 - PaperAgentLogger - INFO - current rateReachGoal: 0
2025-12-13 01:09:47,140 - PaperAgentLogger - DEBUG - New map
2025-12-13 01:09:48,313 - PaperAgentLogger - INFO - ################## PaperArchitecture_map20x20_rho1_10Agent/K3_HS0/1765556206 - End of loop ##################  
 ####### Case3911 	 Computation time:1.1725668907165527 	 Step40/58	- AllReachGoal-True

2025-12-13 01:09:48,314 - PaperAgentLogger - INFO - current rateReachGoal: 0
2025-12-13 01:09:48,330 - PaperAgentLogger - DEBUG - New map
2025-12-13 01:09:49,621 - PaperAgentLogger - INFO - ################## PaperArchitecture_map20x20_rho1_10Agent/K3_HS0/1765556206 - End of loop ##################  
 ####### Case3912 	 Computation time:1.2904033660888672 	 Step43/58	- AllReachGoal-True

2025-12-13 01:09:49,622 - PaperAgentLogger - INFO - current rateReachGoal: 0
2025-12-13 01:09:49,637 - PaperAgentLogger - DEBUG - New map
2025-12-13 01:09:50,333 - PaperAgentLogger - INFO - ################## PaperArchitecture_map20x20_rho1_10Agent/K3_HS0/1765556206 - End of loop ##################  
 ####### Case3913 	 Computation time:0.6956171989440918 	 Step23/46	- AllReachGoal-True

2025-12-13 01:09:50,334 - PaperAgentLogger - INFO - current rateReachGoal: 0
2025-12-13 01:09:50,350 - PaperAgentLogger - DEBUG - New map
2025-12-13 01:09:52,030 - PaperAgentLogger - INFO - ################## PaperArchitecture_map20x20_rho1_10Agent/K3_HS0/1765556206 - End of loop ##################  
 ####### Case3914 	 Computation time:1.6796703338623047 	 Step56/56	- AllReachGoal-False

2025-12-13 01:09:52,031 - PaperAgentLogger - INFO - current rateReachGoal: 0
2025-12-13 01:09:52,048 - PaperAgentLogger - DEBUG - New map
2025-12-13 01:09:53,132 - PaperAgentLogger - INFO - ################## PaperArchitecture_map20x20_rho1_10Agent/K3_HS0/1765556206 - End of loop ##################  
 ####### Case3915 	 Computation time:1.0834312438964844 	 Step36/62	- AllReachGoal-True

2025-12-13 01:09:53,133 - PaperAgentLogger - INFO - current rateReachGoal: 0
2025-12-13 01:09:53,148 - PaperAgentLogger - DEBUG - New map
2025-12-13 01:09:54,529 - PaperAgentLogger - INFO - ################## PaperArchitecture_map20x20_rho1_10Agent/K3_HS0/1765556206 - End of loop ##################  
 ####### Case3916 	 Computation time:1.380096197128296 	 Step46/46	- AllReachGoal-False

2025-12-13 01:09:54,529 - PaperAgentLogger - INFO - current rateReachGoal: 0
2025-12-13 01:09:54,545 - PaperAgentLogger - DEBUG - New map
2025-12-13 01:09:55,991 - PaperAgentLogger - INFO - ################## PaperArchitecture_map20x20_rho1_10Agent/K3_HS0/1765556206 - End of loop ##################  
 ####### Case3917 	 Computation time:1.4456634521484375 	 Step48/48	- AllReachGoal-False

2025-12-13 01:09:55,991 - PaperAgentLogger - INFO - current rateReachGoal: 0
2025-12-13 01:09:56,006 - PaperAgentLogger - DEBUG - New map
2025-12-13 01:09:56,685 - PaperAgentLogger - INFO - ################## PaperArchitecture_map20x20_rho1_10Agent/K3_HS0/1765556206 - End of loop ##################  
 ####### Case3918 	 Computation time:0.6783874034881592 	 Step23/38	- AllReachGoal-True

2025-12-13 01:09:56,685 - PaperAgentLogger - INFO - current rateReachGoal: 0
2025-12-13 01:09:56,701 - PaperAgentLogger - DEBUG - New map
2025-12-13 01:09:57,700 - PaperAgentLogger - INFO - ################## PaperArchitecture_map20x20_rho1_10Agent/K3_HS0/1765556206 - End of loop ##################  
 ####### Case3919 	 Computation time:0.9982399940490723 	 Step34/50	- AllReachGoal-True

2025-12-13 01:09:57,700 - PaperAgentLogger - INFO - current rateReachGoal: 0
2025-12-13 01:09:57,718 - PaperAgentLogger - DEBUG - New map
2025-12-13 01:09:59,128 - PaperAgentLogger - INFO - ################## PaperArchitecture_map20x20_rho1_10Agent/K3_HS0/1765556206 - End of loop ##################  
 ####### Case3920 	 Computation time:1.4100444316864014 	 Step48/62	- AllReachGoal-True

2025-12-13 01:09:59,129 - PaperAgentLogger - INFO - current rateReachGoal: 0
2025-12-13 01:09:59,144 - PaperAgentLogger - DEBUG - New map
2025-12-13 01:10:00,437 - PaperAgentLogger - INFO - ################## PaperArchitecture_map20x20_rho1_10Agent/K3_HS0/1765556206 - End of loop ##################  
 ####### Case3921 	 Computation time:1.2927937507629395 	 Step44/44	- AllReachGoal-False

2025-12-13 01:10:00,438 - PaperAgentLogger - INFO - current rateReachGoal: 0
2025-12-13 01:10:00,453 - PaperAgentLogger - DEBUG - New map
2025-12-13 01:10:01,134 - PaperAgentLogger - INFO - ################## PaperArchitecture_map20x20_rho1_10Agent/K3_HS0/1765556206 - End of loop ##################  
 ####### Case3922 	 Computation time:0.6806714534759521 	 Step23/44	- AllReachGoal-True

2025-12-13 01:10:01,136 - PaperAgentLogger - INFO - current rateReachGoal: 0
2025-12-13 01:10:01,153 - PaperAgentLogger - DEBUG - New map
2025-12-13 01:10:02,767 - PaperAgentLogger - INFO - ################## PaperArchitecture_map20x20_rho1_10Agent/K3_HS0/1765556206 - End of loop ##################  
 ####### Case3923 	 Computation time:1.613149642944336 	 Step54/54	- AllReachGoal-False

2025-12-13 01:10:02,767 - PaperAgentLogger - INFO - current rateReachGoal: 0
2025-12-13 01:10:02,784 - PaperAgentLogger - DEBUG - New map
2025-12-13 01:10:04,642 - PaperAgentLogger - INFO - ################## PaperArchitecture_map20x20_rho1_10Agent/K3_HS0/1765556206 - End of loop ##################  
 ####### Case3924 	 Computation time:1.8574464321136475 	 Step62/62	- AllReachGoal-False

2025-12-13 01:10:04,643 - PaperAgentLogger - INFO - current rateReachGoal: 0
2025-12-13 01:10:04,661 - PaperAgentLogger - DEBUG - New map
2025-12-13 01:10:06,767 - PaperAgentLogger - INFO - ################## PaperArchitecture_map20x20_rho1_10Agent/K3_HS0/1765556206 - End of loop ##################  
 ####### Case3925 	 Computation time:2.105109214782715 	 Step70/70	- AllReachGoal-False

2025-12-13 01:10:06,768 - PaperAgentLogger - INFO - current rateReachGoal: 0
2025-12-13 01:10:06,782 - PaperAgentLogger - DEBUG - New map
2025-12-13 01:10:07,513 - PaperAgentLogger - INFO - ################## PaperArchitecture_map20x20_rho1_10Agent/K3_HS0/1765556206 - End of loop ##################  
 ####### Case3926 	 Computation time:0.7296357154846191 	 Step24/44	- AllReachGoal-True

2025-12-13 01:10:07,513 - PaperAgentLogger - INFO - current rateReachGoal: 0
2025-12-13 01:10:07,529 - PaperAgentLogger - DEBUG - New map
2025-12-13 01:10:08,350 - PaperAgentLogger - INFO - ################## PaperArchitecture_map20x20_rho1_10Agent/K3_HS0/1765556206 - End of loop ##################  
 ####### Case3927 	 Computation time:0.8208377361297607 	 Step27/52	- AllReachGoal-True

2025-12-13 01:10:08,351 - PaperAgentLogger - INFO - current rateReachGoal: 0
2025-12-13 01:10:08,367 - PaperAgentLogger - DEBUG - New map
2025-12-13 01:10:09,165 - PaperAgentLogger - INFO - ################## PaperArchitecture_map20x20_rho1_10Agent/K3_HS0/1765556206 - End of loop ##################  
 ####### Case3928 	 Computation time:0.7974159717559814 	 Step27/50	- AllReachGoal-True

2025-12-13 01:10:09,166 - PaperAgentLogger - INFO - current rateReachGoal: 0
2025-12-13 01:10:09,184 - PaperAgentLogger - DEBUG - New map
2025-12-13 01:10:10,176 - PaperAgentLogger - INFO - ################## PaperArchitecture_map20x20_rho1_10Agent/K3_HS0/1765556206 - End of loop ##################  
 ####### Case3929 	 Computation time:0.9914367198944092 	 Step34/68	- AllReachGoal-True

2025-12-13 01:10:10,176 - PaperAgentLogger - INFO - current rateReachGoal: 0
2025-12-13 01:10:10,195 - PaperAgentLogger - DEBUG - New map
2025-12-13 01:10:12,170 - PaperAgentLogger - INFO - ################## PaperArchitecture_map20x20_rho1_10Agent/K3_HS0/1765556206 - End of loop ##################  
 ####### Case3930 	 Computation time:1.9749641418457031 	 Step68/68	- AllReachGoal-False

2025-12-13 01:10:12,173 - PaperAgentLogger - INFO - current rateReachGoal: 0
2025-12-13 01:10:12,188 - PaperAgentLogger - DEBUG - New map
2025-12-13 01:10:12,981 - PaperAgentLogger - INFO - ################## PaperArchitecture_map20x20_rho1_10Agent/K3_HS0/1765556206 - End of loop ##################  
 ####### Case3931 	 Computation time:0.7927296161651611 	 Step27/46	- AllReachGoal-True

2025-12-13 01:10:12,982 - PaperAgentLogger - INFO - current rateReachGoal: 0
2025-12-13 01:10:12,997 - PaperAgentLogger - DEBUG - New map
2025-12-13 01:10:13,707 - PaperAgentLogger - INFO - ################## PaperArchitecture_map20x20_rho1_10Agent/K3_HS0/1765556206 - End of loop ##################  
 ####### Case3932 	 Computation time:0.7089993953704834 	 Step24/46	- AllReachGoal-True

2025-12-13 01:10:13,708 - PaperAgentLogger - INFO - current rateReachGoal: 0
2025-12-13 01:10:13,724 - PaperAgentLogger - DEBUG - New map
2025-12-13 01:10:15,361 - PaperAgentLogger - INFO - ################## PaperArchitecture_map20x20_rho1_10Agent/K3_HS0/1765556206 - End of loop ##################  
 ####### Case3933 	 Computation time:1.6360211372375488 	 Step56/56	- AllReachGoal-False

2025-12-13 01:10:15,361 - PaperAgentLogger - INFO - current rateReachGoal: 0
2025-12-13 01:10:15,378 - PaperAgentLogger - DEBUG - New map
2025-12-13 01:10:16,962 - PaperAgentLogger - INFO - ################## PaperArchitecture_map20x20_rho1_10Agent/K3_HS0/1765556206 - End of loop ##################  
 ####### Case3934 	 Computation time:1.5832948684692383 	 Step54/54	- AllReachGoal-False

2025-12-13 01:10:16,963 - PaperAgentLogger - INFO - current rateReachGoal: 0
2025-12-13 01:10:16,977 - PaperAgentLogger - DEBUG - New map
2025-12-13 01:10:17,541 - PaperAgentLogger - INFO - ################## PaperArchitecture_map20x20_rho1_10Agent/K3_HS0/1765556206 - End of loop ##################  
 ####### Case3935 	 Computation time:0.5637209415435791 	 Step19/36	- AllReachGoal-True

2025-12-13 01:10:17,542 - PaperAgentLogger - INFO - current rateReachGoal: 0
2025-12-13 01:10:17,558 - PaperAgentLogger - DEBUG - New map
2025-12-13 01:10:18,324 - PaperAgentLogger - INFO - ################## PaperArchitecture_map20x20_rho1_10Agent/K3_HS0/1765556206 - End of loop ##################  
 ####### Case3936 	 Computation time:0.7659010887145996 	 Step26/52	- AllReachGoal-True

2025-12-13 01:10:18,325 - PaperAgentLogger - INFO - current rateReachGoal: 0
2025-12-13 01:10:18,341 - PaperAgentLogger - DEBUG - New map
2025-12-13 01:10:19,165 - PaperAgentLogger - INFO - ################## PaperArchitecture_map20x20_rho1_10Agent/K3_HS0/1765556206 - End of loop ##################  
 ####### Case3937 	 Computation time:0.8227496147155762 	 Step28/56	- AllReachGoal-True

2025-12-13 01:10:19,165 - PaperAgentLogger - INFO - current rateReachGoal: 0
2025-12-13 01:10:19,181 - PaperAgentLogger - DEBUG - New map
2025-12-13 01:10:19,951 - PaperAgentLogger - INFO - ################## PaperArchitecture_map20x20_rho1_10Agent/K3_HS0/1765556206 - End of loop ##################  
 ####### Case3938 	 Computation time:0.7691512107849121 	 Step26/48	- AllReachGoal-True

2025-12-13 01:10:19,952 - PaperAgentLogger - INFO - current rateReachGoal: 0
2025-12-13 01:10:19,969 - PaperAgentLogger - DEBUG - New map
2025-12-13 01:10:21,464 - PaperAgentLogger - INFO - ################## PaperArchitecture_map20x20_rho1_10Agent/K3_HS0/1765556206 - End of loop ##################  
 ####### Case3939 	 Computation time:1.4943182468414307 	 Step51/62	- AllReachGoal-True

2025-12-13 01:10:21,465 - PaperAgentLogger - INFO - current rateReachGoal: 0
2025-12-13 01:10:21,482 - PaperAgentLogger - DEBUG - New map
2025-12-13 01:10:23,158 - PaperAgentLogger - INFO - ################## PaperArchitecture_map20x20_rho1_10Agent/K3_HS0/1765556206 - End of loop ##################  
 ####### Case3940 	 Computation time:1.6753861904144287 	 Step57/58	- AllReachGoal-True

2025-12-13 01:10:23,160 - PaperAgentLogger - INFO - current rateReachGoal: 0
2025-12-13 01:10:23,175 - PaperAgentLogger - DEBUG - New map
2025-12-13 01:10:24,469 - PaperAgentLogger - INFO - ################## PaperArchitecture_map20x20_rho1_10Agent/K3_HS0/1765556206 - End of loop ##################  
 ####### Case3941 	 Computation time:1.294189691543579 	 Step44/44	- AllReachGoal-False

2025-12-13 01:10:24,470 - PaperAgentLogger - INFO - current rateReachGoal: 0
2025-12-13 01:10:24,485 - PaperAgentLogger - DEBUG - New map
2025-12-13 01:10:25,430 - PaperAgentLogger - INFO - ################## PaperArchitecture_map20x20_rho1_10Agent/K3_HS0/1765556206 - End of loop ##################  
 ####### Case3942 	 Computation time:0.9443919658660889 	 Step32/48	- AllReachGoal-True

2025-12-13 01:10:25,431 - PaperAgentLogger - INFO - current rateReachGoal: 0
2025-12-13 01:10:25,447 - PaperAgentLogger - DEBUG - New map
2025-12-13 01:10:26,274 - PaperAgentLogger - INFO - ################## PaperArchitecture_map20x20_rho1_10Agent/K3_HS0/1765556206 - End of loop ##################  
 ####### Case3943 	 Computation time:0.8266777992248535 	 Step28/50	- AllReachGoal-True

2025-12-13 01:10:26,275 - PaperAgentLogger - INFO - current rateReachGoal: 0
2025-12-13 01:10:26,290 - PaperAgentLogger - DEBUG - New map
2025-12-13 01:10:27,660 - PaperAgentLogger - INFO - ################## PaperArchitecture_map20x20_rho1_10Agent/K3_HS0/1765556206 - End of loop ##################  
 ####### Case3944 	 Computation time:1.369201898574829 	 Step46/46	- AllReachGoal-False

2025-12-13 01:10:27,661 - PaperAgentLogger - INFO - current rateReachGoal: 0
2025-12-13 01:10:27,678 - PaperAgentLogger - DEBUG - New map
2025-12-13 01:10:29,352 - PaperAgentLogger - INFO - ################## PaperArchitecture_map20x20_rho1_10Agent/K3_HS0/1765556206 - End of loop ##################  
 ####### Case3945 	 Computation time:1.6743683815002441 	 Step56/56	- AllReachGoal-False

2025-12-13 01:10:29,353 - PaperAgentLogger - INFO - current rateReachGoal: 0
2025-12-13 01:10:29,370 - PaperAgentLogger - DEBUG - New map
2025-12-13 01:10:30,944 - PaperAgentLogger - INFO - ################## PaperArchitecture_map20x20_rho1_10Agent/K3_HS0/1765556206 - End of loop ##################  
 ####### Case3946 	 Computation time:1.573857069015503 	 Step54/54	- AllReachGoal-False

2025-12-13 01:10:30,945 - PaperAgentLogger - INFO - current rateReachGoal: 0
2025-12-13 01:10:30,962 - PaperAgentLogger - DEBUG - New map
2025-12-13 01:10:31,890 - PaperAgentLogger - INFO - ################## PaperArchitecture_map20x20_rho1_10Agent/K3_HS0/1765556206 - End of loop ##################  
 ####### Case3947 	 Computation time:0.927417516708374 	 Step31/62	- AllReachGoal-True

2025-12-13 01:10:31,891 - PaperAgentLogger - INFO - current rateReachGoal: 0
2025-12-13 01:10:31,906 - PaperAgentLogger - DEBUG - New map
2025-12-13 01:10:32,557 - PaperAgentLogger - INFO - ################## PaperArchitecture_map20x20_rho1_10Agent/K3_HS0/1765556206 - End of loop ##################  
 ####### Case3948 	 Computation time:0.6509828567504883 	 Step22/44	- AllReachGoal-True

2025-12-13 01:10:32,558 - PaperAgentLogger - INFO - current rateReachGoal: 0
2025-12-13 01:10:32,575 - PaperAgentLogger - DEBUG - New map
2025-12-13 01:10:34,273 - PaperAgentLogger - INFO - ################## PaperArchitecture_map20x20_rho1_10Agent/K3_HS0/1765556206 - End of loop ##################  
 ####### Case3949 	 Computation time:1.6979947090148926 	 Step58/58	- AllReachGoal-False

2025-12-13 01:10:34,276 - PaperAgentLogger - INFO - current rateReachGoal: 0
2025-12-13 01:10:34,292 - PaperAgentLogger - DEBUG - New map
2025-12-13 01:10:35,856 - PaperAgentLogger - INFO - ################## PaperArchitecture_map20x20_rho1_10Agent/K3_HS0/1765556206 - End of loop ##################  
 ####### Case3950 	 Computation time:1.5639111995697021 	 Step52/52	- AllReachGoal-False

2025-12-13 01:10:35,857 - PaperAgentLogger - INFO - current rateReachGoal: 0
2025-12-13 01:10:35,874 - PaperAgentLogger - DEBUG - New map
2025-12-13 01:10:37,592 - PaperAgentLogger - INFO - ################## PaperArchitecture_map20x20_rho1_10Agent/K3_HS0/1765556206 - End of loop ##################  
 ####### Case3951 	 Computation time:1.7172293663024902 	 Step58/58	- AllReachGoal-False

2025-12-13 01:10:37,593 - PaperAgentLogger - INFO - current rateReachGoal: 0
2025-12-13 01:10:37,609 - PaperAgentLogger - DEBUG - New map
2025-12-13 01:10:39,145 - PaperAgentLogger - INFO - ################## PaperArchitecture_map20x20_rho1_10Agent/K3_HS0/1765556206 - End of loop ##################  
 ####### Case3952 	 Computation time:1.5351102352142334 	 Step52/52	- AllReachGoal-False

2025-12-13 01:10:39,145 - PaperAgentLogger - INFO - current rateReachGoal: 0
2025-12-13 01:10:39,162 - PaperAgentLogger - DEBUG - New map
2025-12-13 01:10:39,903 - PaperAgentLogger - INFO - ################## PaperArchitecture_map20x20_rho1_10Agent/K3_HS0/1765556206 - End of loop ##################  
 ####### Case3953 	 Computation time:0.7414841651916504 	 Step25/50	- AllReachGoal-True

2025-12-13 01:10:39,904 - PaperAgentLogger - INFO - current rateReachGoal: 0
2025-12-13 01:10:39,920 - PaperAgentLogger - DEBUG - New map
2025-12-13 01:10:40,929 - PaperAgentLogger - INFO - ################## PaperArchitecture_map20x20_rho1_10Agent/K3_HS0/1765556206 - End of loop ##################  
 ####### Case3954 	 Computation time:1.0083115100860596 	 Step34/52	- AllReachGoal-True

2025-12-13 01:10:40,930 - PaperAgentLogger - INFO - current rateReachGoal: 0
2025-12-13 01:10:40,948 - PaperAgentLogger - DEBUG - New map
2025-12-13 01:10:41,900 - PaperAgentLogger - INFO - ################## PaperArchitecture_map20x20_rho1_10Agent/K3_HS0/1765556206 - End of loop ##################  
 ####### Case3955 	 Computation time:0.9515295028686523 	 Step32/64	- AllReachGoal-True

2025-12-13 01:10:41,900 - PaperAgentLogger - INFO - current rateReachGoal: 0
2025-12-13 01:10:41,917 - PaperAgentLogger - DEBUG - New map
2025-12-13 01:10:43,509 - PaperAgentLogger - INFO - ################## PaperArchitecture_map20x20_rho1_10Agent/K3_HS0/1765556206 - End of loop ##################  
 ####### Case3956 	 Computation time:1.5913383960723877 	 Step54/54	- AllReachGoal-False

2025-12-13 01:10:43,509 - PaperAgentLogger - INFO - current rateReachGoal: 0
2025-12-13 01:10:43,526 - PaperAgentLogger - DEBUG - New map
2025-12-13 01:10:45,283 - PaperAgentLogger - INFO - ################## PaperArchitecture_map20x20_rho1_10Agent/K3_HS0/1765556206 - End of loop ##################  
 ####### Case3957 	 Computation time:1.756181001663208 	 Step58/58	- AllReachGoal-False

2025-12-13 01:10:45,285 - PaperAgentLogger - INFO - current rateReachGoal: 0
2025-12-13 01:10:45,301 - PaperAgentLogger - DEBUG - New map
2025-12-13 01:10:46,812 - PaperAgentLogger - INFO - ################## PaperArchitecture_map20x20_rho1_10Agent/K3_HS0/1765556206 - End of loop ##################  
 ####### Case3958 	 Computation time:1.5107178688049316 	 Step50/50	- AllReachGoal-False

2025-12-13 01:10:46,813 - PaperAgentLogger - INFO - current rateReachGoal: 0
2025-12-13 01:10:46,830 - PaperAgentLogger - DEBUG - New map
2025-12-13 01:10:48,608 - PaperAgentLogger - INFO - ################## PaperArchitecture_map20x20_rho1_10Agent/K3_HS0/1765556206 - End of loop ##################  
 ####### Case3959 	 Computation time:1.7777173519134521 	 Step60/60	- AllReachGoal-False

2025-12-13 01:10:48,609 - PaperAgentLogger - INFO - current rateReachGoal: 0
2025-12-13 01:10:48,627 - PaperAgentLogger - DEBUG - New map
2025-12-13 01:10:50,561 - PaperAgentLogger - INFO - ################## PaperArchitecture_map20x20_rho1_10Agent/K3_HS0/1765556206 - End of loop ##################  
 ####### Case3960 	 Computation time:1.9336130619049072 	 Step64/64	- AllReachGoal-False

2025-12-13 01:10:50,561 - PaperAgentLogger - INFO - current rateReachGoal: 0
2025-12-13 01:10:50,578 - PaperAgentLogger - DEBUG - New map
2025-12-13 01:10:51,441 - PaperAgentLogger - INFO - ################## PaperArchitecture_map20x20_rho1_10Agent/K3_HS0/1765556206 - End of loop ##################  
 ####### Case3961 	 Computation time:0.8622565269470215 	 Step29/58	- AllReachGoal-True

2025-12-13 01:10:51,441 - PaperAgentLogger - INFO - current rateReachGoal: 0
2025-12-13 01:10:51,459 - PaperAgentLogger - DEBUG - New map
2025-12-13 01:10:52,727 - PaperAgentLogger - INFO - ################## PaperArchitecture_map20x20_rho1_10Agent/K3_HS0/1765556206 - End of loop ##################  
 ####### Case3962 	 Computation time:1.2677278518676758 	 Step43/60	- AllReachGoal-True

2025-12-13 01:10:52,728 - PaperAgentLogger - INFO - current rateReachGoal: 0
2025-12-13 01:10:52,745 - PaperAgentLogger - DEBUG - New map
2025-12-13 01:10:54,447 - PaperAgentLogger - INFO - ################## PaperArchitecture_map20x20_rho1_10Agent/K3_HS0/1765556206 - End of loop ##################  
 ####### Case3963 	 Computation time:1.7015671730041504 	 Step58/58	- AllReachGoal-False

2025-12-13 01:10:54,448 - PaperAgentLogger - INFO - current rateReachGoal: 0
2025-12-13 01:10:54,464 - PaperAgentLogger - DEBUG - New map
2025-12-13 01:10:55,873 - PaperAgentLogger - INFO - ################## PaperArchitecture_map20x20_rho1_10Agent/K3_HS0/1765556206 - End of loop ##################  
 ####### Case3964 	 Computation time:1.4082231521606445 	 Step48/48	- AllReachGoal-False

2025-12-13 01:10:55,873 - PaperAgentLogger - INFO - current rateReachGoal: 0
2025-12-13 01:10:55,889 - PaperAgentLogger - DEBUG - New map
2025-12-13 01:10:57,009 - PaperAgentLogger - INFO - ################## PaperArchitecture_map20x20_rho1_10Agent/K3_HS0/1765556206 - End of loop ##################  
 ####### Case3965 	 Computation time:1.1198580265045166 	 Step38/48	- AllReachGoal-True

2025-12-13 01:10:57,010 - PaperAgentLogger - INFO - current rateReachGoal: 0
2025-12-13 01:10:57,026 - PaperAgentLogger - DEBUG - New map
2025-12-13 01:10:58,257 - PaperAgentLogger - INFO - ################## PaperArchitecture_map20x20_rho1_10Agent/K3_HS0/1765556206 - End of loop ##################  
 ####### Case3966 	 Computation time:1.2301876544952393 	 Step41/52	- AllReachGoal-True

2025-12-13 01:10:58,258 - PaperAgentLogger - INFO - current rateReachGoal: 0
2025-12-13 01:10:58,273 - PaperAgentLogger - DEBUG - New map
2025-12-13 01:10:59,100 - PaperAgentLogger - INFO - ################## PaperArchitecture_map20x20_rho1_10Agent/K3_HS0/1765556206 - End of loop ##################  
 ####### Case3967 	 Computation time:0.8257086277008057 	 Step27/50	- AllReachGoal-True

2025-12-13 01:10:59,100 - PaperAgentLogger - INFO - current rateReachGoal: 0
2025-12-13 01:10:59,116 - PaperAgentLogger - DEBUG - New map
2025-12-13 01:11:00,693 - PaperAgentLogger - INFO - ################## PaperArchitecture_map20x20_rho1_10Agent/K3_HS0/1765556206 - End of loop ##################  
 ####### Case3968 	 Computation time:1.576467752456665 	 Step52/52	- AllReachGoal-False

2025-12-13 01:11:00,694 - PaperAgentLogger - INFO - current rateReachGoal: 0
2025-12-13 01:11:00,711 - PaperAgentLogger - DEBUG - New map
2025-12-13 01:11:02,523 - PaperAgentLogger - INFO - ################## PaperArchitecture_map20x20_rho1_10Agent/K3_HS0/1765556206 - End of loop ##################  
 ####### Case3969 	 Computation time:1.8111095428466797 	 Step60/60	- AllReachGoal-False

2025-12-13 01:11:02,523 - PaperAgentLogger - INFO - current rateReachGoal: 0
2025-12-13 01:11:02,541 - PaperAgentLogger - DEBUG - New map
2025-12-13 01:11:04,313 - PaperAgentLogger - INFO - ################## PaperArchitecture_map20x20_rho1_10Agent/K3_HS0/1765556206 - End of loop ##################  
 ####### Case3970 	 Computation time:1.7716119289398193 	 Step60/60	- AllReachGoal-False

2025-12-13 01:11:04,314 - PaperAgentLogger - INFO - current rateReachGoal: 0
2025-12-13 01:11:04,331 - PaperAgentLogger - DEBUG - New map
2025-12-13 01:11:05,198 - PaperAgentLogger - INFO - ################## PaperArchitecture_map20x20_rho1_10Agent/K3_HS0/1765556206 - End of loop ##################  
 ####### Case3971 	 Computation time:0.8666534423828125 	 Step29/58	- AllReachGoal-True

2025-12-13 01:11:05,199 - PaperAgentLogger - INFO - current rateReachGoal: 0
2025-12-13 01:11:05,215 - PaperAgentLogger - DEBUG - New map
2025-12-13 01:11:06,692 - PaperAgentLogger - INFO - ################## PaperArchitecture_map20x20_rho1_10Agent/K3_HS0/1765556206 - End of loop ##################  
 ####### Case3972 	 Computation time:1.4767968654632568 	 Step50/50	- AllReachGoal-False

2025-12-13 01:11:06,693 - PaperAgentLogger - INFO - current rateReachGoal: 0
2025-12-13 01:11:06,708 - PaperAgentLogger - DEBUG - New map
2025-12-13 01:11:08,068 - PaperAgentLogger - INFO - ################## PaperArchitecture_map20x20_rho1_10Agent/K3_HS0/1765556206 - End of loop ##################  
 ####### Case3973 	 Computation time:1.3598840236663818 	 Step46/46	- AllReachGoal-False

2025-12-13 01:11:08,071 - PaperAgentLogger - INFO - current rateReachGoal: 0
2025-12-13 01:11:08,086 - PaperAgentLogger - DEBUG - New map
2025-12-13 01:11:09,564 - PaperAgentLogger - INFO - ################## PaperArchitecture_map20x20_rho1_10Agent/K3_HS0/1765556206 - End of loop ##################  
 ####### Case3974 	 Computation time:1.4768226146697998 	 Step50/50	- AllReachGoal-False

2025-12-13 01:11:09,565 - PaperAgentLogger - INFO - current rateReachGoal: 0
2025-12-13 01:11:09,579 - PaperAgentLogger - DEBUG - New map
2025-12-13 01:11:10,823 - PaperAgentLogger - INFO - ################## PaperArchitecture_map20x20_rho1_10Agent/K3_HS0/1765556206 - End of loop ##################  
 ####### Case3975 	 Computation time:1.2434277534484863 	 Step42/42	- AllReachGoal-False

2025-12-13 01:11:10,824 - PaperAgentLogger - INFO - current rateReachGoal: 0
2025-12-13 01:11:10,841 - PaperAgentLogger - DEBUG - New map
2025-12-13 01:11:11,671 - PaperAgentLogger - INFO - ################## PaperArchitecture_map20x20_rho1_10Agent/K3_HS0/1765556206 - End of loop ##################  
 ####### Case3976 	 Computation time:0.8300094604492188 	 Step28/54	- AllReachGoal-True

2025-12-13 01:11:11,672 - PaperAgentLogger - INFO - current rateReachGoal: 0
2025-12-13 01:11:11,690 - PaperAgentLogger - DEBUG - New map
2025-12-13 01:11:12,673 - PaperAgentLogger - INFO - ################## PaperArchitecture_map20x20_rho1_10Agent/K3_HS0/1765556206 - End of loop ##################  
 ####### Case3977 	 Computation time:0.9827823638916016 	 Step33/66	- AllReachGoal-True

2025-12-13 01:11:12,674 - PaperAgentLogger - INFO - current rateReachGoal: 0
2025-12-13 01:11:12,689 - PaperAgentLogger - DEBUG - New map
2025-12-13 01:11:13,935 - PaperAgentLogger - INFO - ################## PaperArchitecture_map20x20_rho1_10Agent/K3_HS0/1765556206 - End of loop ##################  
 ####### Case3978 	 Computation time:1.2456204891204834 	 Step42/42	- AllReachGoal-False

2025-12-13 01:11:13,936 - PaperAgentLogger - INFO - current rateReachGoal: 0
2025-12-13 01:11:13,953 - PaperAgentLogger - DEBUG - New map
2025-12-13 01:11:15,606 - PaperAgentLogger - INFO - ################## PaperArchitecture_map20x20_rho1_10Agent/K3_HS0/1765556206 - End of loop ##################  
 ####### Case3979 	 Computation time:1.6521525382995605 	 Step56/56	- AllReachGoal-False

2025-12-13 01:11:15,606 - PaperAgentLogger - INFO - current rateReachGoal: 0
2025-12-13 01:11:15,623 - PaperAgentLogger - DEBUG - New map
2025-12-13 01:11:16,393 - PaperAgentLogger - INFO - ################## PaperArchitecture_map20x20_rho1_10Agent/K3_HS0/1765556206 - End of loop ##################  
 ####### Case3980 	 Computation time:0.7699785232543945 	 Step26/52	- AllReachGoal-True

2025-12-13 01:11:16,394 - PaperAgentLogger - INFO - current rateReachGoal: 0
2025-12-13 01:11:16,410 - PaperAgentLogger - DEBUG - New map
2025-12-13 01:11:17,299 - PaperAgentLogger - INFO - ################## PaperArchitecture_map20x20_rho1_10Agent/K3_HS0/1765556206 - End of loop ##################  
 ####### Case3981 	 Computation time:0.8888089656829834 	 Step30/50	- AllReachGoal-True

2025-12-13 01:11:17,300 - PaperAgentLogger - INFO - current rateReachGoal: 0
2025-12-13 01:11:17,315 - PaperAgentLogger - DEBUG - New map
2025-12-13 01:11:18,516 - PaperAgentLogger - INFO - ################## PaperArchitecture_map20x20_rho1_10Agent/K3_HS0/1765556206 - End of loop ##################  
 ####### Case3982 	 Computation time:1.2004928588867188 	 Step40/40	- AllReachGoal-False

2025-12-13 01:11:18,516 - PaperAgentLogger - INFO - current rateReachGoal: 0
2025-12-13 01:11:18,533 - PaperAgentLogger - DEBUG - New map
2025-12-13 01:11:20,293 - PaperAgentLogger - INFO - ################## PaperArchitecture_map20x20_rho1_10Agent/K3_HS0/1765556206 - End of loop ##################  
 ####### Case3983 	 Computation time:1.7589118480682373 	 Step58/58	- AllReachGoal-False

2025-12-13 01:11:20,293 - PaperAgentLogger - INFO - current rateReachGoal: 0
2025-12-13 01:11:20,311 - PaperAgentLogger - DEBUG - New map
2025-12-13 01:11:22,174 - PaperAgentLogger - INFO - ################## PaperArchitecture_map20x20_rho1_10Agent/K3_HS0/1765556206 - End of loop ##################  
 ####### Case3984 	 Computation time:1.862074613571167 	 Step62/62	- AllReachGoal-False

2025-12-13 01:11:22,174 - PaperAgentLogger - INFO - current rateReachGoal: 0
2025-12-13 01:11:22,189 - PaperAgentLogger - DEBUG - New map
2025-12-13 01:11:23,310 - PaperAgentLogger - INFO - ################## PaperArchitecture_map20x20_rho1_10Agent/K3_HS0/1765556206 - End of loop ##################  
 ####### Case3985 	 Computation time:1.120917797088623 	 Step38/38	- AllReachGoal-False

2025-12-13 01:11:23,311 - PaperAgentLogger - INFO - current rateReachGoal: 0
2025-12-13 01:11:23,327 - PaperAgentLogger - DEBUG - New map
2025-12-13 01:11:24,162 - PaperAgentLogger - INFO - ################## PaperArchitecture_map20x20_rho1_10Agent/K3_HS0/1765556206 - End of loop ##################  
 ####### Case3986 	 Computation time:0.8346574306488037 	 Step28/50	- AllReachGoal-True

2025-12-13 01:11:24,163 - PaperAgentLogger - INFO - current rateReachGoal: 0
2025-12-13 01:11:24,179 - PaperAgentLogger - DEBUG - New map
2025-12-13 01:11:25,740 - PaperAgentLogger - INFO - ################## PaperArchitecture_map20x20_rho1_10Agent/K3_HS0/1765556206 - End of loop ##################  
 ####### Case3987 	 Computation time:1.5606791973114014 	 Step52/52	- AllReachGoal-False

2025-12-13 01:11:25,741 - PaperAgentLogger - INFO - current rateReachGoal: 0
2025-12-13 01:11:25,756 - PaperAgentLogger - DEBUG - New map
2025-12-13 01:11:26,584 - PaperAgentLogger - INFO - ################## PaperArchitecture_map20x20_rho1_10Agent/K3_HS0/1765556206 - End of loop ##################  
 ####### Case3988 	 Computation time:0.8273138999938965 	 Step27/46	- AllReachGoal-True

2025-12-13 01:11:26,585 - PaperAgentLogger - INFO - current rateReachGoal: 0
2025-12-13 01:11:26,599 - PaperAgentLogger - DEBUG - New map
2025-12-13 01:11:27,870 - PaperAgentLogger - INFO - ################## PaperArchitecture_map20x20_rho1_10Agent/K3_HS0/1765556206 - End of loop ##################  
 ####### Case3989 	 Computation time:1.2707011699676514 	 Step42/42	- AllReachGoal-False

2025-12-13 01:11:27,871 - PaperAgentLogger - INFO - current rateReachGoal: 0
2025-12-13 01:11:27,885 - PaperAgentLogger - DEBUG - New map
2025-12-13 01:11:29,029 - PaperAgentLogger - INFO - ################## PaperArchitecture_map20x20_rho1_10Agent/K3_HS0/1765556206 - End of loop ##################  
 ####### Case3990 	 Computation time:1.1431105136871338 	 Step38/38	- AllReachGoal-False

2025-12-13 01:11:29,029 - PaperAgentLogger - INFO - current rateReachGoal: 0
2025-12-13 01:11:29,046 - PaperAgentLogger - DEBUG - New map
2025-12-13 01:11:30,036 - PaperAgentLogger - INFO - ################## PaperArchitecture_map20x20_rho1_10Agent/K3_HS0/1765556206 - End of loop ##################  
 ####### Case3991 	 Computation time:0.9886870384216309 	 Step33/58	- AllReachGoal-True

2025-12-13 01:11:30,036 - PaperAgentLogger - INFO - current rateReachGoal: 0
2025-12-13 01:11:30,053 - PaperAgentLogger - DEBUG - New map
2025-12-13 01:11:31,720 - PaperAgentLogger - INFO - ################## PaperArchitecture_map20x20_rho1_10Agent/K3_HS0/1765556206 - End of loop ##################  
 ####### Case3992 	 Computation time:1.667060136795044 	 Step56/56	- AllReachGoal-False

2025-12-13 01:11:31,721 - PaperAgentLogger - INFO - current rateReachGoal: 0
2025-12-13 01:11:31,737 - PaperAgentLogger - DEBUG - New map
2025-12-13 01:11:32,926 - PaperAgentLogger - INFO - ################## PaperArchitecture_map20x20_rho1_10Agent/K3_HS0/1765556206 - End of loop ##################  
 ####### Case3993 	 Computation time:1.1880013942718506 	 Step39/56	- AllReachGoal-True

2025-12-13 01:11:32,926 - PaperAgentLogger - INFO - current rateReachGoal: 0
2025-12-13 01:11:32,943 - PaperAgentLogger - DEBUG - New map
2025-12-13 01:11:34,581 - PaperAgentLogger - INFO - ################## PaperArchitecture_map20x20_rho1_10Agent/K3_HS0/1765556206 - End of loop ##################  
 ####### Case3994 	 Computation time:1.6378867626190186 	 Step54/54	- AllReachGoal-False

2025-12-13 01:11:34,582 - PaperAgentLogger - INFO - current rateReachGoal: 0
2025-12-13 01:11:34,599 - PaperAgentLogger - DEBUG - New map
2025-12-13 01:11:36,418 - PaperAgentLogger - INFO - ################## PaperArchitecture_map20x20_rho1_10Agent/K3_HS0/1765556206 - End of loop ##################  
 ####### Case3995 	 Computation time:1.8181369304656982 	 Step60/60	- AllReachGoal-False

2025-12-13 01:11:36,419 - PaperAgentLogger - INFO - current rateReachGoal: 0
2025-12-13 01:11:36,436 - PaperAgentLogger - DEBUG - New map
2025-12-13 01:11:38,001 - PaperAgentLogger - INFO - ################## PaperArchitecture_map20x20_rho1_10Agent/K3_HS0/1765556206 - End of loop ##################  
 ####### Case3996 	 Computation time:1.564774751663208 	 Step52/52	- AllReachGoal-False

2025-12-13 01:11:38,001 - PaperAgentLogger - INFO - current rateReachGoal: 0
2025-12-13 01:11:38,019 - PaperAgentLogger - DEBUG - New map
2025-12-13 01:11:39,842 - PaperAgentLogger - INFO - ################## PaperArchitecture_map20x20_rho1_10Agent/K3_HS0/1765556206 - End of loop ##################  
 ####### Case3997 	 Computation time:1.8223259449005127 	 Step62/62	- AllReachGoal-False

2025-12-13 01:11:39,843 - PaperAgentLogger - INFO - current rateReachGoal: 0
2025-12-13 01:11:39,861 - PaperAgentLogger - DEBUG - New map
2025-12-13 01:11:41,043 - PaperAgentLogger - INFO - ################## PaperArchitecture_map20x20_rho1_10Agent/K3_HS0/1765556206 - End of loop ##################  
 ####### Case3998 	 Computation time:1.181934118270874 	 Step40/62	- AllReachGoal-True

2025-12-13 01:11:41,044 - PaperAgentLogger - INFO - current rateReachGoal: 0
2025-12-13 01:11:41,063 - PaperAgentLogger - DEBUG - New map
2025-12-13 01:11:43,213 - PaperAgentLogger - INFO - ################## PaperArchitecture_map20x20_rho1_10Agent/K3_HS0/1765556206 - End of loop ##################  
 ####### Case3999 	 Computation time:2.1494839191436768 	 Step72/72	- AllReachGoal-False

2025-12-13 01:11:43,236 - PaperAgentLogger - INFO - current rateReachGoal: 0
2025-12-13 01:11:43,251 - PaperAgentLogger - DEBUG - New map
2025-12-13 01:11:43,909 - PaperAgentLogger - INFO - ################## PaperArchitecture_map20x20_rho1_10Agent/K3_HS0/1765556206 - End of loop ##################  
 ####### Case4000 	 Computation time:0.6578977108001709 	 Step22/44	- AllReachGoal-True

2025-12-13 01:11:43,910 - PaperAgentLogger - INFO - current rateReachGoal: 0
2025-12-13 01:11:43,926 - PaperAgentLogger - DEBUG - New map
2025-12-13 01:11:45,456 - PaperAgentLogger - INFO - ################## PaperArchitecture_map20x20_rho1_10Agent/K3_HS0/1765556206 - End of loop ##################  
 ####### Case4001 	 Computation time:1.5295865535736084 	 Step52/52	- AllReachGoal-False

2025-12-13 01:11:45,457 - PaperAgentLogger - INFO - current rateReachGoal: 0
2025-12-13 01:11:45,472 - PaperAgentLogger - DEBUG - New map
2025-12-13 01:11:46,319 - PaperAgentLogger - INFO - ################## PaperArchitecture_map20x20_rho1_10Agent/K3_HS0/1765556206 - End of loop ##################  
 ####### Case4002 	 Computation time:0.8462762832641602 	 Step28/46	- AllReachGoal-True

2025-12-13 01:11:46,320 - PaperAgentLogger - INFO - current rateReachGoal: 0
2025-12-13 01:11:46,336 - PaperAgentLogger - DEBUG - New map
2025-12-13 01:11:47,261 - PaperAgentLogger - INFO - ################## PaperArchitecture_map20x20_rho1_10Agent/K3_HS0/1765556206 - End of loop ##################  
 ####### Case4003 	 Computation time:0.9241762161254883 	 Step31/62	- AllReachGoal-True

2025-12-13 01:11:47,262 - PaperAgentLogger - INFO - current rateReachGoal: 0
2025-12-13 01:11:47,277 - PaperAgentLogger - DEBUG - New map
2025-12-13 01:11:48,754 - PaperAgentLogger - INFO - ################## PaperArchitecture_map20x20_rho1_10Agent/K3_HS0/1765556206 - End of loop ##################  
 ####### Case4004 	 Computation time:1.4764721393585205 	 Step50/50	- AllReachGoal-False

2025-12-13 01:11:48,755 - PaperAgentLogger - INFO - current rateReachGoal: 0
2025-12-13 01:11:48,771 - PaperAgentLogger - DEBUG - New map
2025-12-13 01:11:50,228 - PaperAgentLogger - INFO - ################## PaperArchitecture_map20x20_rho1_10Agent/K3_HS0/1765556206 - End of loop ##################  
 ####### Case4005 	 Computation time:1.4567103385925293 	 Step50/50	- AllReachGoal-False

2025-12-13 01:11:50,229 - PaperAgentLogger - INFO - current rateReachGoal: 0
2025-12-13 01:11:50,245 - PaperAgentLogger - DEBUG - New map
2025-12-13 01:11:51,138 - PaperAgentLogger - INFO - ################## PaperArchitecture_map20x20_rho1_10Agent/K3_HS0/1765556206 - End of loop ##################  
 ####### Case4006 	 Computation time:0.8918647766113281 	 Step30/54	- AllReachGoal-True

2025-12-13 01:11:51,138 - PaperAgentLogger - INFO - current rateReachGoal: 0
2025-12-13 01:11:51,153 - PaperAgentLogger - DEBUG - New map
2025-12-13 01:11:52,454 - PaperAgentLogger - INFO - ################## PaperArchitecture_map20x20_rho1_10Agent/K3_HS0/1765556206 - End of loop ##################  
 ####### Case4007 	 Computation time:1.300367832183838 	 Step44/44	- AllReachGoal-False

2025-12-13 01:11:52,454 - PaperAgentLogger - INFO - current rateReachGoal: 0
2025-12-13 01:11:52,471 - PaperAgentLogger - DEBUG - New map
2025-12-13 01:11:53,418 - PaperAgentLogger - INFO - ################## PaperArchitecture_map20x20_rho1_10Agent/K3_HS0/1765556206 - End of loop ##################  
 ####### Case4008 	 Computation time:0.9460716247558594 	 Step32/60	- AllReachGoal-True

2025-12-13 01:11:53,419 - PaperAgentLogger - INFO - current rateReachGoal: 0
2025-12-13 01:11:53,434 - PaperAgentLogger - DEBUG - New map
2025-12-13 01:11:54,891 - PaperAgentLogger - INFO - ################## PaperArchitecture_map20x20_rho1_10Agent/K3_HS0/1765556206 - End of loop ##################  
 ####### Case4009 	 Computation time:1.4562351703643799 	 Step50/50	- AllReachGoal-False

2025-12-13 01:11:54,892 - PaperAgentLogger - INFO - current rateReachGoal: 0
2025-12-13 01:11:54,908 - PaperAgentLogger - DEBUG - New map
2025-12-13 01:11:56,441 - PaperAgentLogger - INFO - ################## PaperArchitecture_map20x20_rho1_10Agent/K3_HS0/1765556206 - End of loop ##################  
 ####### Case4010 	 Computation time:1.5327422618865967 	 Step52/52	- AllReachGoal-False

2025-12-13 01:11:56,442 - PaperAgentLogger - INFO - current rateReachGoal: 0
2025-12-13 01:11:56,458 - PaperAgentLogger - DEBUG - New map
2025-12-13 01:11:58,038 - PaperAgentLogger - INFO - ################## PaperArchitecture_map20x20_rho1_10Agent/K3_HS0/1765556206 - End of loop ##################  
 ####### Case4011 	 Computation time:1.5801849365234375 	 Step54/54	- AllReachGoal-False

2025-12-13 01:11:58,039 - PaperAgentLogger - INFO - current rateReachGoal: 0
2025-12-13 01:11:58,054 - PaperAgentLogger - DEBUG - New map
2025-12-13 01:11:59,284 - PaperAgentLogger - INFO - ################## PaperArchitecture_map20x20_rho1_10Agent/K3_HS0/1765556206 - End of loop ##################  
 ####### Case4012 	 Computation time:1.2296619415283203 	 Step42/42	- AllReachGoal-False

2025-12-13 01:11:59,285 - PaperAgentLogger - INFO - current rateReachGoal: 0
2025-12-13 01:11:59,302 - PaperAgentLogger - DEBUG - New map
2025-12-13 01:12:01,044 - PaperAgentLogger - INFO - ################## PaperArchitecture_map20x20_rho1_10Agent/K3_HS0/1765556206 - End of loop ##################  
 ####### Case4013 	 Computation time:1.7409923076629639 	 Step60/60	- AllReachGoal-False

2025-12-13 01:12:01,045 - PaperAgentLogger - INFO - current rateReachGoal: 0
2025-12-13 01:12:01,062 - PaperAgentLogger - DEBUG - New map
2025-12-13 01:12:02,117 - PaperAgentLogger - INFO - ################## PaperArchitecture_map20x20_rho1_10Agent/K3_HS0/1765556206 - End of loop ##################  
 ####### Case4014 	 Computation time:1.054379940032959 	 Step36/60	- AllReachGoal-True

2025-12-13 01:12:02,117 - PaperAgentLogger - INFO - current rateReachGoal: 0
2025-12-13 01:12:02,136 - PaperAgentLogger - DEBUG - New map
2025-12-13 01:12:04,111 - PaperAgentLogger - INFO - ################## PaperArchitecture_map20x20_rho1_10Agent/K3_HS0/1765556206 - End of loop ##################  
 ####### Case4015 	 Computation time:1.9744832515716553 	 Step68/68	- AllReachGoal-False

2025-12-13 01:12:04,111 - PaperAgentLogger - INFO - current rateReachGoal: 0
2025-12-13 01:12:04,125 - PaperAgentLogger - DEBUG - New map
2025-12-13 01:12:04,991 - PaperAgentLogger - INFO - ################## PaperArchitecture_map20x20_rho1_10Agent/K3_HS0/1765556206 - End of loop ##################  
 ####### Case4016 	 Computation time:0.8657269477844238 	 Step29/36	- AllReachGoal-True

2025-12-13 01:12:04,992 - PaperAgentLogger - INFO - current rateReachGoal: 0
2025-12-13 01:12:05,009 - PaperAgentLogger - DEBUG - New map
2025-12-13 01:12:05,977 - PaperAgentLogger - INFO - ################## PaperArchitecture_map20x20_rho1_10Agent/K3_HS0/1765556206 - End of loop ##################  
 ####### Case4017 	 Computation time:0.9677402973175049 	 Step33/58	- AllReachGoal-True

2025-12-13 01:12:05,978 - PaperAgentLogger - INFO - current rateReachGoal: 0
2025-12-13 01:12:05,994 - PaperAgentLogger - DEBUG - New map
2025-12-13 01:12:06,786 - PaperAgentLogger - INFO - ################## PaperArchitecture_map20x20_rho1_10Agent/K3_HS0/1765556206 - End of loop ##################  
 ####### Case4018 	 Computation time:0.7920355796813965 	 Step27/54	- AllReachGoal-True

2025-12-13 01:12:06,787 - PaperAgentLogger - INFO - current rateReachGoal: 0
2025-12-13 01:12:06,803 - PaperAgentLogger - DEBUG - New map
2025-12-13 01:12:07,732 - PaperAgentLogger - INFO - ################## PaperArchitecture_map20x20_rho1_10Agent/K3_HS0/1765556206 - End of loop ##################  
 ####### Case4019 	 Computation time:0.928483247756958 	 Step31/48	- AllReachGoal-True

2025-12-13 01:12:07,732 - PaperAgentLogger - INFO - current rateReachGoal: 0
2025-12-13 01:12:07,748 - PaperAgentLogger - DEBUG - New map
2025-12-13 01:12:09,283 - PaperAgentLogger - INFO - ################## PaperArchitecture_map20x20_rho1_10Agent/K3_HS0/1765556206 - End of loop ##################  
 ####### Case4020 	 Computation time:1.534447193145752 	 Step52/52	- AllReachGoal-False

2025-12-13 01:12:09,284 - PaperAgentLogger - INFO - current rateReachGoal: 0
2025-12-13 01:12:09,299 - PaperAgentLogger - DEBUG - New map
2025-12-13 01:12:09,978 - PaperAgentLogger - INFO - ################## PaperArchitecture_map20x20_rho1_10Agent/K3_HS0/1765556206 - End of loop ##################  
 ####### Case4021 	 Computation time:0.6785554885864258 	 Step23/42	- AllReachGoal-True

2025-12-13 01:12:09,979 - PaperAgentLogger - INFO - current rateReachGoal: 0
2025-12-13 01:12:09,994 - PaperAgentLogger - DEBUG - New map
2025-12-13 01:12:11,393 - PaperAgentLogger - INFO - ################## PaperArchitecture_map20x20_rho1_10Agent/K3_HS0/1765556206 - End of loop ##################  
 ####### Case4022 	 Computation time:1.3981544971466064 	 Step48/48	- AllReachGoal-False

2025-12-13 01:12:11,393 - PaperAgentLogger - INFO - current rateReachGoal: 0
2025-12-13 01:12:11,409 - PaperAgentLogger - DEBUG - New map
2025-12-13 01:12:12,166 - PaperAgentLogger - INFO - ################## PaperArchitecture_map20x20_rho1_10Agent/K3_HS0/1765556206 - End of loop ##################  
 ####### Case4023 	 Computation time:0.756843090057373 	 Step25/50	- AllReachGoal-True

2025-12-13 01:12:12,168 - PaperAgentLogger - INFO - current rateReachGoal: 0
2025-12-13 01:12:12,184 - PaperAgentLogger - DEBUG - New map
2025-12-13 01:12:13,029 - PaperAgentLogger - INFO - ################## PaperArchitecture_map20x20_rho1_10Agent/K3_HS0/1765556206 - End of loop ##################  
 ####### Case4024 	 Computation time:0.8450603485107422 	 Step28/48	- AllReachGoal-True

2025-12-13 01:12:13,030 - PaperAgentLogger - INFO - current rateReachGoal: 0
2025-12-13 01:12:13,048 - PaperAgentLogger - DEBUG - New map
2025-12-13 01:12:15,144 - PaperAgentLogger - INFO - ################## PaperArchitecture_map20x20_rho1_10Agent/K3_HS0/1765556206 - End of loop ##################  
 ####### Case4025 	 Computation time:2.0953848361968994 	 Step70/70	- AllReachGoal-False

2025-12-13 01:12:15,145 - PaperAgentLogger - INFO - current rateReachGoal: 0
2025-12-13 01:12:15,162 - PaperAgentLogger - DEBUG - New map
2025-12-13 01:12:16,275 - PaperAgentLogger - INFO - ################## PaperArchitecture_map20x20_rho1_10Agent/K3_HS0/1765556206 - End of loop ##################  
 ####### Case4026 	 Computation time:1.1124942302703857 	 Step37/54	- AllReachGoal-True

2025-12-13 01:12:16,275 - PaperAgentLogger - INFO - current rateReachGoal: 0
2025-12-13 01:12:16,292 - PaperAgentLogger - DEBUG - New map
2025-12-13 01:12:18,036 - PaperAgentLogger - INFO - ################## PaperArchitecture_map20x20_rho1_10Agent/K3_HS0/1765556206 - End of loop ##################  
 ####### Case4027 	 Computation time:1.7427427768707275 	 Step58/58	- AllReachGoal-False

2025-12-13 01:12:18,036 - PaperAgentLogger - INFO - current rateReachGoal: 0
2025-12-13 01:12:18,052 - PaperAgentLogger - DEBUG - New map
2025-12-13 01:12:19,437 - PaperAgentLogger - INFO - ################## PaperArchitecture_map20x20_rho1_10Agent/K3_HS0/1765556206 - End of loop ##################  
 ####### Case4028 	 Computation time:1.384434700012207 	 Step46/46	- AllReachGoal-False

2025-12-13 01:12:19,437 - PaperAgentLogger - INFO - current rateReachGoal: 0
2025-12-13 01:12:19,452 - PaperAgentLogger - DEBUG - New map
2025-12-13 01:12:20,537 - PaperAgentLogger - INFO - ################## PaperArchitecture_map20x20_rho1_10Agent/K3_HS0/1765556206 - End of loop ##################  
 ####### Case4029 	 Computation time:1.0843207836151123 	 Step36/44	- AllReachGoal-True

2025-12-13 01:12:20,538 - PaperAgentLogger - INFO - current rateReachGoal: 0
2025-12-13 01:12:20,554 - PaperAgentLogger - DEBUG - New map
2025-12-13 01:12:21,748 - PaperAgentLogger - INFO - ################## PaperArchitecture_map20x20_rho1_10Agent/K3_HS0/1765556206 - End of loop ##################  
 ####### Case4030 	 Computation time:1.1936089992523193 	 Step40/40	- AllReachGoal-False

2025-12-13 01:12:21,749 - PaperAgentLogger - INFO - current rateReachGoal: 0
2025-12-13 01:12:21,765 - PaperAgentLogger - DEBUG - New map
2025-12-13 01:12:22,577 - PaperAgentLogger - INFO - ################## PaperArchitecture_map20x20_rho1_10Agent/K3_HS0/1765556206 - End of loop ##################  
 ####### Case4031 	 Computation time:0.8114707469940186 	 Step27/54	- AllReachGoal-True

2025-12-13 01:12:22,578 - PaperAgentLogger - INFO - current rateReachGoal: 0
2025-12-13 01:12:22,594 - PaperAgentLogger - DEBUG - New map
2025-12-13 01:12:23,429 - PaperAgentLogger - INFO - ################## PaperArchitecture_map20x20_rho1_10Agent/K3_HS0/1765556206 - End of loop ##################  
 ####### Case4032 	 Computation time:0.8339376449584961 	 Step28/54	- AllReachGoal-True

2025-12-13 01:12:23,431 - PaperAgentLogger - INFO - current rateReachGoal: 0
2025-12-13 01:12:23,448 - PaperAgentLogger - DEBUG - New map
2025-12-13 01:12:24,319 - PaperAgentLogger - INFO - ################## PaperArchitecture_map20x20_rho1_10Agent/K3_HS0/1765556206 - End of loop ##################  
 ####### Case4033 	 Computation time:0.8705794811248779 	 Step29/58	- AllReachGoal-True

2025-12-13 01:12:24,320 - PaperAgentLogger - INFO - current rateReachGoal: 0
2025-12-13 01:12:24,335 - PaperAgentLogger - DEBUG - New map
2025-12-13 01:12:25,150 - PaperAgentLogger - INFO - ################## PaperArchitecture_map20x20_rho1_10Agent/K3_HS0/1765556206 - End of loop ##################  
 ####### Case4034 	 Computation time:0.8146669864654541 	 Step27/44	- AllReachGoal-True

2025-12-13 01:12:25,151 - PaperAgentLogger - INFO - current rateReachGoal: 0
2025-12-13 01:12:25,168 - PaperAgentLogger - DEBUG - New map
2025-12-13 01:12:26,367 - PaperAgentLogger - INFO - ################## PaperArchitecture_map20x20_rho1_10Agent/K3_HS0/1765556206 - End of loop ##################  
 ####### Case4035 	 Computation time:1.198241949081421 	 Step40/62	- AllReachGoal-True

2025-12-13 01:12:26,368 - PaperAgentLogger - INFO - current rateReachGoal: 0
2025-12-13 01:12:26,384 - PaperAgentLogger - DEBUG - New map
2025-12-13 01:12:28,125 - PaperAgentLogger - INFO - ################## PaperArchitecture_map20x20_rho1_10Agent/K3_HS0/1765556206 - End of loop ##################  
 ####### Case4036 	 Computation time:1.7395591735839844 	 Step58/58	- AllReachGoal-False

2025-12-13 01:12:28,125 - PaperAgentLogger - INFO - current rateReachGoal: 0
2025-12-13 01:12:28,143 - PaperAgentLogger - DEBUG - New map
2025-12-13 01:12:29,196 - PaperAgentLogger - INFO - ################## PaperArchitecture_map20x20_rho1_10Agent/K3_HS0/1765556206 - End of loop ##################  
 ####### Case4037 	 Computation time:1.0520262718200684 	 Step35/70	- AllReachGoal-True

2025-12-13 01:12:29,198 - PaperAgentLogger - INFO - current rateReachGoal: 0
2025-12-13 01:12:29,216 - PaperAgentLogger - DEBUG - New map
2025-12-13 01:12:31,190 - PaperAgentLogger - INFO - ################## PaperArchitecture_map20x20_rho1_10Agent/K3_HS0/1765556206 - End of loop ##################  
 ####### Case4038 	 Computation time:1.9733920097351074 	 Step66/66	- AllReachGoal-False

2025-12-13 01:12:31,191 - PaperAgentLogger - INFO - current rateReachGoal: 0
2025-12-13 01:12:31,206 - PaperAgentLogger - DEBUG - New map
2025-12-13 01:12:31,964 - PaperAgentLogger - INFO - ################## PaperArchitecture_map20x20_rho1_10Agent/K3_HS0/1765556206 - End of loop ##################  
 ####### Case4039 	 Computation time:0.757352352142334 	 Step25/46	- AllReachGoal-True

2025-12-13 01:12:31,965 - PaperAgentLogger - INFO - current rateReachGoal: 0
2025-12-13 01:12:31,979 - PaperAgentLogger - DEBUG - New map
2025-12-13 01:12:32,619 - PaperAgentLogger - INFO - ################## PaperArchitecture_map20x20_rho1_10Agent/K3_HS0/1765556206 - End of loop ##################  
 ####### Case4040 	 Computation time:0.6394474506378174 	 Step21/40	- AllReachGoal-True

2025-12-13 01:12:32,620 - PaperAgentLogger - INFO - current rateReachGoal: 0
2025-12-13 01:12:32,638 - PaperAgentLogger - DEBUG - New map
2025-12-13 01:12:33,780 - PaperAgentLogger - INFO - ################## PaperArchitecture_map20x20_rho1_10Agent/K3_HS0/1765556206 - End of loop ##################  
 ####### Case4041 	 Computation time:1.141756534576416 	 Step38/68	- AllReachGoal-True

2025-12-13 01:12:33,781 - PaperAgentLogger - INFO - current rateReachGoal: 0
2025-12-13 01:12:33,799 - PaperAgentLogger - DEBUG - New map
2025-12-13 01:12:35,834 - PaperAgentLogger - INFO - ################## PaperArchitecture_map20x20_rho1_10Agent/K3_HS0/1765556206 - End of loop ##################  
 ####### Case4042 	 Computation time:2.0344412326812744 	 Step68/68	- AllReachGoal-False

2025-12-13 01:12:35,834 - PaperAgentLogger - INFO - current rateReachGoal: 0
2025-12-13 01:12:35,852 - PaperAgentLogger - DEBUG - New map
2025-12-13 01:12:36,848 - PaperAgentLogger - INFO - ################## PaperArchitecture_map20x20_rho1_10Agent/K3_HS0/1765556206 - End of loop ##################  
 ####### Case4043 	 Computation time:0.9951057434082031 	 Step33/66	- AllReachGoal-True

2025-12-13 01:12:36,849 - PaperAgentLogger - INFO - current rateReachGoal: 0
2025-12-13 01:12:36,865 - PaperAgentLogger - DEBUG - New map
2025-12-13 01:12:38,025 - PaperAgentLogger - INFO - ################## PaperArchitecture_map20x20_rho1_10Agent/K3_HS0/1765556206 - End of loop ##################  
 ####### Case4044 	 Computation time:1.1591768264770508 	 Step39/54	- AllReachGoal-True

2025-12-13 01:12:38,025 - PaperAgentLogger - INFO - current rateReachGoal: 0
2025-12-13 01:12:38,040 - PaperAgentLogger - DEBUG - New map
2025-12-13 01:12:38,664 - PaperAgentLogger - INFO - ################## PaperArchitecture_map20x20_rho1_10Agent/K3_HS0/1765556206 - End of loop ##################  
 ####### Case4045 	 Computation time:0.6234378814697266 	 Step21/42	- AllReachGoal-True

2025-12-13 01:12:38,665 - PaperAgentLogger - INFO - current rateReachGoal: 0
2025-12-13 01:12:38,681 - PaperAgentLogger - DEBUG - New map
2025-12-13 01:12:39,792 - PaperAgentLogger - INFO - ################## PaperArchitecture_map20x20_rho1_10Agent/K3_HS0/1765556206 - End of loop ##################  
 ####### Case4046 	 Computation time:1.1107311248779297 	 Step38/56	- AllReachGoal-True

2025-12-13 01:12:39,793 - PaperAgentLogger - INFO - current rateReachGoal: 0
2025-12-13 01:12:39,810 - PaperAgentLogger - DEBUG - New map
2025-12-13 01:12:41,557 - PaperAgentLogger - INFO - ################## PaperArchitecture_map20x20_rho1_10Agent/K3_HS0/1765556206 - End of loop ##################  
 ####### Case4047 	 Computation time:1.745995283126831 	 Step60/60	- AllReachGoal-False

2025-12-13 01:12:41,558 - PaperAgentLogger - INFO - current rateReachGoal: 0
2025-12-13 01:12:41,572 - PaperAgentLogger - DEBUG - New map
2025-12-13 01:12:42,220 - PaperAgentLogger - INFO - ################## PaperArchitecture_map20x20_rho1_10Agent/K3_HS0/1765556206 - End of loop ##################  
 ####### Case4048 	 Computation time:0.6467080116271973 	 Step22/40	- AllReachGoal-True

2025-12-13 01:12:42,220 - PaperAgentLogger - INFO - current rateReachGoal: 0
2025-12-13 01:12:42,237 - PaperAgentLogger - DEBUG - New map
2025-12-13 01:12:43,374 - PaperAgentLogger - INFO - ################## PaperArchitecture_map20x20_rho1_10Agent/K3_HS0/1765556206 - End of loop ##################  
 ####### Case4049 	 Computation time:1.1366369724273682 	 Step39/58	- AllReachGoal-True

2025-12-13 01:12:43,375 - PaperAgentLogger - INFO - current rateReachGoal: 0
2025-12-13 01:12:43,391 - PaperAgentLogger - DEBUG - New map
2025-12-13 01:12:44,187 - PaperAgentLogger - INFO - ################## PaperArchitecture_map20x20_rho1_10Agent/K3_HS0/1765556206 - End of loop ##################  
 ####### Case4050 	 Computation time:0.7957236766815186 	 Step27/50	- AllReachGoal-True

2025-12-13 01:12:44,188 - PaperAgentLogger - INFO - current rateReachGoal: 0
2025-12-13 01:12:44,203 - PaperAgentLogger - DEBUG - New map
2025-12-13 01:12:45,466 - PaperAgentLogger - INFO - ################## PaperArchitecture_map20x20_rho1_10Agent/K3_HS0/1765556206 - End of loop ##################  
 ####### Case4051 	 Computation time:1.2627816200256348 	 Step42/42	- AllReachGoal-False

2025-12-13 01:12:45,467 - PaperAgentLogger - INFO - current rateReachGoal: 0
2025-12-13 01:12:45,482 - PaperAgentLogger - DEBUG - New map
2025-12-13 01:12:46,362 - PaperAgentLogger - INFO - ################## PaperArchitecture_map20x20_rho1_10Agent/K3_HS0/1765556206 - End of loop ##################  
 ####### Case4052 	 Computation time:0.8790109157562256 	 Step29/50	- AllReachGoal-True

2025-12-13 01:12:46,363 - PaperAgentLogger - INFO - current rateReachGoal: 0
2025-12-13 01:12:46,377 - PaperAgentLogger - DEBUG - New map
2025-12-13 01:12:47,644 - PaperAgentLogger - INFO - ################## PaperArchitecture_map20x20_rho1_10Agent/K3_HS0/1765556206 - End of loop ##################  
 ####### Case4053 	 Computation time:1.2664167881011963 	 Step42/42	- AllReachGoal-False

2025-12-13 01:12:47,645 - PaperAgentLogger - INFO - current rateReachGoal: 0
2025-12-13 01:12:47,660 - PaperAgentLogger - DEBUG - New map
2025-12-13 01:12:49,030 - PaperAgentLogger - INFO - ################## PaperArchitecture_map20x20_rho1_10Agent/K3_HS0/1765556206 - End of loop ##################  
 ####### Case4054 	 Computation time:1.3700292110443115 	 Step46/46	- AllReachGoal-False

2025-12-13 01:12:49,031 - PaperAgentLogger - INFO - current rateReachGoal: 0
2025-12-13 01:12:49,049 - PaperAgentLogger - DEBUG - New map
2025-12-13 01:12:50,006 - PaperAgentLogger - INFO - ################## PaperArchitecture_map20x20_rho1_10Agent/K3_HS0/1765556206 - End of loop ##################  
 ####### Case4055 	 Computation time:0.9566092491149902 	 Step32/62	- AllReachGoal-True

2025-12-13 01:12:50,006 - PaperAgentLogger - INFO - current rateReachGoal: 0
2025-12-13 01:12:50,023 - PaperAgentLogger - DEBUG - New map
2025-12-13 01:12:51,199 - PaperAgentLogger - INFO - ################## PaperArchitecture_map20x20_rho1_10Agent/K3_HS0/1765556206 - End of loop ##################  
 ####### Case4056 	 Computation time:1.1761245727539062 	 Step39/56	- AllReachGoal-True

2025-12-13 01:12:51,200 - PaperAgentLogger - INFO - current rateReachGoal: 0
2025-12-13 01:12:51,215 - PaperAgentLogger - DEBUG - New map
2025-12-13 01:12:51,887 - PaperAgentLogger - INFO - ################## PaperArchitecture_map20x20_rho1_10Agent/K3_HS0/1765556206 - End of loop ##################  
 ####### Case4057 	 Computation time:0.6715929508209229 	 Step22/44	- AllReachGoal-True

2025-12-13 01:12:51,888 - PaperAgentLogger - INFO - current rateReachGoal: 0
2025-12-13 01:12:51,905 - PaperAgentLogger - DEBUG - New map
2025-12-13 01:12:52,812 - PaperAgentLogger - INFO - ################## PaperArchitecture_map20x20_rho1_10Agent/K3_HS0/1765556206 - End of loop ##################  
 ####### Case4058 	 Computation time:0.9064452648162842 	 Step30/60	- AllReachGoal-True

2025-12-13 01:12:52,812 - PaperAgentLogger - INFO - current rateReachGoal: 0
2025-12-13 01:12:52,830 - PaperAgentLogger - DEBUG - New map
2025-12-13 01:12:54,645 - PaperAgentLogger - INFO - ################## PaperArchitecture_map20x20_rho1_10Agent/K3_HS0/1765556206 - End of loop ##################  
 ####### Case4059 	 Computation time:1.8144664764404297 	 Step62/62	- AllReachGoal-False

2025-12-13 01:12:54,646 - PaperAgentLogger - INFO - current rateReachGoal: 0
2025-12-13 01:12:54,660 - PaperAgentLogger - DEBUG - New map
2025-12-13 01:12:55,225 - PaperAgentLogger - INFO - ################## PaperArchitecture_map20x20_rho1_10Agent/K3_HS0/1765556206 - End of loop ##################  
 ####### Case4060 	 Computation time:0.5647985935211182 	 Step19/38	- AllReachGoal-True

2025-12-13 01:12:55,226 - PaperAgentLogger - INFO - current rateReachGoal: 0
2025-12-13 01:12:55,242 - PaperAgentLogger - DEBUG - New map
2025-12-13 01:12:56,478 - PaperAgentLogger - INFO - ################## PaperArchitecture_map20x20_rho1_10Agent/K3_HS0/1765556206 - End of loop ##################  
 ####### Case4061 	 Computation time:1.235219955444336 	 Step42/54	- AllReachGoal-True

2025-12-13 01:12:56,479 - PaperAgentLogger - INFO - current rateReachGoal: 0
2025-12-13 01:12:56,495 - PaperAgentLogger - DEBUG - New map
2025-12-13 01:12:58,146 - PaperAgentLogger - INFO - ################## PaperArchitecture_map20x20_rho1_10Agent/K3_HS0/1765556206 - End of loop ##################  
 ####### Case4062 	 Computation time:1.650623083114624 	 Step56/56	- AllReachGoal-False

2025-12-13 01:12:58,149 - PaperAgentLogger - INFO - current rateReachGoal: 0
2025-12-13 01:12:58,165 - PaperAgentLogger - DEBUG - New map
2025-12-13 01:12:59,314 - PaperAgentLogger - INFO - ################## PaperArchitecture_map20x20_rho1_10Agent/K3_HS0/1765556206 - End of loop ##################  
 ####### Case4063 	 Computation time:1.1482667922973633 	 Step39/56	- AllReachGoal-True

2025-12-13 01:12:59,315 - PaperAgentLogger - INFO - current rateReachGoal: 0
2025-12-13 01:12:59,331 - PaperAgentLogger - DEBUG - New map
2025-12-13 01:13:00,676 - PaperAgentLogger - INFO - ################## PaperArchitecture_map20x20_rho1_10Agent/K3_HS0/1765556206 - End of loop ##################  
 ####### Case4064 	 Computation time:1.3443434238433838 	 Step46/46	- AllReachGoal-False

2025-12-13 01:13:00,676 - PaperAgentLogger - INFO - current rateReachGoal: 0
2025-12-13 01:13:00,693 - PaperAgentLogger - DEBUG - New map
2025-12-13 01:13:01,609 - PaperAgentLogger - INFO - ################## PaperArchitecture_map20x20_rho1_10Agent/K3_HS0/1765556206 - End of loop ##################  
 ####### Case4065 	 Computation time:0.9147419929504395 	 Step31/62	- AllReachGoal-True

2025-12-13 01:13:01,609 - PaperAgentLogger - INFO - current rateReachGoal: 0
2025-12-13 01:13:01,627 - PaperAgentLogger - DEBUG - New map
2025-12-13 01:13:02,575 - PaperAgentLogger - INFO - ################## PaperArchitecture_map20x20_rho1_10Agent/K3_HS0/1765556206 - End of loop ##################  
 ####### Case4066 	 Computation time:0.9479072093963623 	 Step32/62	- AllReachGoal-True

2025-12-13 01:13:02,576 - PaperAgentLogger - INFO - current rateReachGoal: 0
2025-12-13 01:13:02,591 - PaperAgentLogger - DEBUG - New map
2025-12-13 01:13:03,409 - PaperAgentLogger - INFO - ################## PaperArchitecture_map20x20_rho1_10Agent/K3_HS0/1765556206 - End of loop ##################  
 ####### Case4067 	 Computation time:0.8175911903381348 	 Step27/48	- AllReachGoal-True

2025-12-13 01:13:03,410 - PaperAgentLogger - INFO - current rateReachGoal: 0
2025-12-13 01:13:03,429 - PaperAgentLogger - DEBUG - New map
2025-12-13 01:13:04,643 - PaperAgentLogger - INFO - ################## PaperArchitecture_map20x20_rho1_10Agent/K3_HS0/1765556206 - End of loop ##################  
 ####### Case4068 	 Computation time:1.2142729759216309 	 Step41/70	- AllReachGoal-True

2025-12-13 01:13:04,644 - PaperAgentLogger - INFO - current rateReachGoal: 0
2025-12-13 01:13:04,661 - PaperAgentLogger - DEBUG - New map
2025-12-13 01:13:06,304 - PaperAgentLogger - INFO - ################## PaperArchitecture_map20x20_rho1_10Agent/K3_HS0/1765556206 - End of loop ##################  
 ####### Case4069 	 Computation time:1.6427879333496094 	 Step56/56	- AllReachGoal-False

2025-12-13 01:13:06,305 - PaperAgentLogger - INFO - current rateReachGoal: 0
2025-12-13 01:13:06,320 - PaperAgentLogger - DEBUG - New map
2025-12-13 01:13:07,350 - PaperAgentLogger - INFO - ################## PaperArchitecture_map20x20_rho1_10Agent/K3_HS0/1765556206 - End of loop ##################  
 ####### Case4070 	 Computation time:1.0293433666229248 	 Step35/46	- AllReachGoal-True

2025-12-13 01:13:07,351 - PaperAgentLogger - INFO - current rateReachGoal: 0
2025-12-13 01:13:07,368 - PaperAgentLogger - DEBUG - New map
2025-12-13 01:13:09,189 - PaperAgentLogger - INFO - ################## PaperArchitecture_map20x20_rho1_10Agent/K3_HS0/1765556206 - End of loop ##################  
 ####### Case4071 	 Computation time:1.8201465606689453 	 Step62/62	- AllReachGoal-False

2025-12-13 01:13:09,191 - PaperAgentLogger - INFO - current rateReachGoal: 0
2025-12-13 01:13:09,207 - PaperAgentLogger - DEBUG - New map
2025-12-13 01:13:10,045 - PaperAgentLogger - INFO - ################## PaperArchitecture_map20x20_rho1_10Agent/K3_HS0/1765556206 - End of loop ##################  
 ####### Case4072 	 Computation time:0.8370726108551025 	 Step28/50	- AllReachGoal-True

2025-12-13 01:13:10,045 - PaperAgentLogger - INFO - current rateReachGoal: 0
2025-12-13 01:13:10,061 - PaperAgentLogger - DEBUG - New map
2025-12-13 01:13:11,605 - PaperAgentLogger - INFO - ################## PaperArchitecture_map20x20_rho1_10Agent/K3_HS0/1765556206 - End of loop ##################  
 ####### Case4073 	 Computation time:1.5432136058807373 	 Step52/52	- AllReachGoal-False

2025-12-13 01:13:11,605 - PaperAgentLogger - INFO - current rateReachGoal: 0
2025-12-13 01:13:11,620 - PaperAgentLogger - DEBUG - New map
2025-12-13 01:13:12,305 - PaperAgentLogger - INFO - ################## PaperArchitecture_map20x20_rho1_10Agent/K3_HS0/1765556206 - End of loop ##################  
 ####### Case4074 	 Computation time:0.6845386028289795 	 Step23/46	- AllReachGoal-True

2025-12-13 01:13:12,306 - PaperAgentLogger - INFO - current rateReachGoal: 0
2025-12-13 01:13:12,322 - PaperAgentLogger - DEBUG - New map
2025-12-13 01:13:14,011 - PaperAgentLogger - INFO - ################## PaperArchitecture_map20x20_rho1_10Agent/K3_HS0/1765556206 - End of loop ##################  
 ####### Case4075 	 Computation time:1.6882586479187012 	 Step56/56	- AllReachGoal-False

2025-12-13 01:13:14,012 - PaperAgentLogger - INFO - current rateReachGoal: 0
2025-12-13 01:13:14,028 - PaperAgentLogger - DEBUG - New map
2025-12-13 01:13:15,656 - PaperAgentLogger - INFO - ################## PaperArchitecture_map20x20_rho1_10Agent/K3_HS0/1765556206 - End of loop ##################  
 ####### Case4076 	 Computation time:1.6271677017211914 	 Step54/54	- AllReachGoal-False

2025-12-13 01:13:15,657 - PaperAgentLogger - INFO - current rateReachGoal: 0
2025-12-13 01:13:15,673 - PaperAgentLogger - DEBUG - New map
2025-12-13 01:13:17,182 - PaperAgentLogger - INFO - ################## PaperArchitecture_map20x20_rho1_10Agent/K3_HS0/1765556206 - End of loop ##################  
 ####### Case4077 	 Computation time:1.50856614112854 	 Step50/50	- AllReachGoal-False

2025-12-13 01:13:17,183 - PaperAgentLogger - INFO - current rateReachGoal: 0
2025-12-13 01:13:17,199 - PaperAgentLogger - DEBUG - New map
2025-12-13 01:13:18,050 - PaperAgentLogger - INFO - ################## PaperArchitecture_map20x20_rho1_10Agent/K3_HS0/1765556206 - End of loop ##################  
 ####### Case4078 	 Computation time:0.8505806922912598 	 Step28/52	- AllReachGoal-True

2025-12-13 01:13:18,050 - PaperAgentLogger - INFO - current rateReachGoal: 0
2025-12-13 01:13:18,066 - PaperAgentLogger - DEBUG - New map
2025-12-13 01:13:18,915 - PaperAgentLogger - INFO - ################## PaperArchitecture_map20x20_rho1_10Agent/K3_HS0/1765556206 - End of loop ##################  
 ####### Case4079 	 Computation time:0.8481600284576416 	 Step28/48	- AllReachGoal-True

2025-12-13 01:13:18,915 - PaperAgentLogger - INFO - current rateReachGoal: 0
2025-12-13 01:13:18,934 - PaperAgentLogger - DEBUG - New map
2025-12-13 01:13:21,116 - PaperAgentLogger - INFO - ################## PaperArchitecture_map20x20_rho1_10Agent/K3_HS0/1765556206 - End of loop ##################  
 ####### Case4080 	 Computation time:2.1813695430755615 	 Step74/74	- AllReachGoal-False

2025-12-13 01:13:21,138 - PaperAgentLogger - INFO - current rateReachGoal: 0
2025-12-13 01:13:21,156 - PaperAgentLogger - DEBUG - New map
2025-12-13 01:13:22,241 - PaperAgentLogger - INFO - ################## PaperArchitecture_map20x20_rho1_10Agent/K3_HS0/1765556206 - End of loop ##################  
 ####### Case4081 	 Computation time:1.0841140747070312 	 Step37/66	- AllReachGoal-True

2025-12-13 01:13:22,242 - PaperAgentLogger - INFO - current rateReachGoal: 0
2025-12-13 01:13:22,258 - PaperAgentLogger - DEBUG - New map
2025-12-13 01:13:23,775 - PaperAgentLogger - INFO - ################## PaperArchitecture_map20x20_rho1_10Agent/K3_HS0/1765556206 - End of loop ##################  
 ####### Case4082 	 Computation time:1.5159599781036377 	 Step52/52	- AllReachGoal-True

2025-12-13 01:13:23,775 - PaperAgentLogger - INFO - current rateReachGoal: 0
2025-12-13 01:13:23,793 - PaperAgentLogger - DEBUG - New map
2025-12-13 01:13:25,284 - PaperAgentLogger - INFO - ################## PaperArchitecture_map20x20_rho1_10Agent/K3_HS0/1765556206 - End of loop ##################  
 ####### Case4083 	 Computation time:1.4910454750061035 	 Step51/62	- AllReachGoal-True

2025-12-13 01:13:25,285 - PaperAgentLogger - INFO - current rateReachGoal: 0
2025-12-13 01:13:25,302 - PaperAgentLogger - DEBUG - New map
2025-12-13 01:13:26,300 - PaperAgentLogger - INFO - ################## PaperArchitecture_map20x20_rho1_10Agent/K3_HS0/1765556206 - End of loop ##################  
 ####### Case4084 	 Computation time:0.9978163242340088 	 Step34/54	- AllReachGoal-True

2025-12-13 01:13:26,302 - PaperAgentLogger - INFO - current rateReachGoal: 0
2025-12-13 01:13:26,319 - PaperAgentLogger - DEBUG - New map
2025-12-13 01:13:28,011 - PaperAgentLogger - INFO - ################## PaperArchitecture_map20x20_rho1_10Agent/K3_HS0/1765556206 - End of loop ##################  
 ####### Case4085 	 Computation time:1.69169020652771 	 Step58/58	- AllReachGoal-False

2025-12-13 01:13:28,012 - PaperAgentLogger - INFO - current rateReachGoal: 0
2025-12-13 01:13:28,028 - PaperAgentLogger - DEBUG - New map
2025-12-13 01:13:29,552 - PaperAgentLogger - INFO - ################## PaperArchitecture_map20x20_rho1_10Agent/K3_HS0/1765556206 - End of loop ##################  
 ####### Case4086 	 Computation time:1.523526668548584 	 Step52/52	- AllReachGoal-False

2025-12-13 01:13:29,553 - PaperAgentLogger - INFO - current rateReachGoal: 0
2025-12-13 01:13:29,568 - PaperAgentLogger - DEBUG - New map
2025-12-13 01:13:31,045 - PaperAgentLogger - INFO - ################## PaperArchitecture_map20x20_rho1_10Agent/K3_HS0/1765556206 - End of loop ##################  
 ####### Case4087 	 Computation time:1.476449728012085 	 Step50/50	- AllReachGoal-False

2025-12-13 01:13:31,046 - PaperAgentLogger - INFO - current rateReachGoal: 0
2025-12-13 01:13:31,065 - PaperAgentLogger - DEBUG - New map
2025-12-13 01:13:33,051 - PaperAgentLogger - INFO - ################## PaperArchitecture_map20x20_rho1_10Agent/K3_HS0/1765556206 - End of loop ##################  
 ####### Case4088 	 Computation time:1.9856081008911133 	 Step68/68	- AllReachGoal-False

2025-12-13 01:13:33,051 - PaperAgentLogger - INFO - current rateReachGoal: 0
2025-12-13 01:13:33,067 - PaperAgentLogger - DEBUG - New map
2025-12-13 01:13:33,854 - PaperAgentLogger - INFO - ################## PaperArchitecture_map20x20_rho1_10Agent/K3_HS0/1765556206 - End of loop ##################  
 ####### Case4089 	 Computation time:0.7861971855163574 	 Step26/48	- AllReachGoal-True

2025-12-13 01:13:33,855 - PaperAgentLogger - INFO - current rateReachGoal: 0
2025-12-13 01:13:33,871 - PaperAgentLogger - DEBUG - New map
2025-12-13 01:13:35,441 - PaperAgentLogger - INFO - ################## PaperArchitecture_map20x20_rho1_10Agent/K3_HS0/1765556206 - End of loop ##################  
 ####### Case4090 	 Computation time:1.569392204284668 	 Step52/52	- AllReachGoal-False

2025-12-13 01:13:35,441 - PaperAgentLogger - INFO - current rateReachGoal: 0
2025-12-13 01:13:35,459 - PaperAgentLogger - DEBUG - New map
2025-12-13 01:13:37,174 - PaperAgentLogger - INFO - ################## PaperArchitecture_map20x20_rho1_10Agent/K3_HS0/1765556206 - End of loop ##################  
 ####### Case4091 	 Computation time:1.7148499488830566 	 Step57/66	- AllReachGoal-True

2025-12-13 01:13:37,175 - PaperAgentLogger - INFO - current rateReachGoal: 0
2025-12-13 01:13:37,192 - PaperAgentLogger - DEBUG - New map
2025-12-13 01:13:38,817 - PaperAgentLogger - INFO - ################## PaperArchitecture_map20x20_rho1_10Agent/K3_HS0/1765556206 - End of loop ##################  
 ####### Case4092 	 Computation time:1.6245059967041016 	 Step54/54	- AllReachGoal-False

2025-12-13 01:13:38,817 - PaperAgentLogger - INFO - current rateReachGoal: 0
2025-12-13 01:13:38,832 - PaperAgentLogger - DEBUG - New map
2025-12-13 01:13:39,469 - PaperAgentLogger - INFO - ################## PaperArchitecture_map20x20_rho1_10Agent/K3_HS0/1765556206 - End of loop ##################  
 ####### Case4093 	 Computation time:0.6368772983551025 	 Step21/42	- AllReachGoal-True

2025-12-13 01:13:39,470 - PaperAgentLogger - INFO - current rateReachGoal: 0
2025-12-13 01:13:39,484 - PaperAgentLogger - DEBUG - New map
2025-12-13 01:13:40,161 - PaperAgentLogger - INFO - ################## PaperArchitecture_map20x20_rho1_10Agent/K3_HS0/1765556206 - End of loop ##################  
 ####### Case4094 	 Computation time:0.6758346557617188 	 Step22/40	- AllReachGoal-True

2025-12-13 01:13:40,161 - PaperAgentLogger - INFO - current rateReachGoal: 0
2025-12-13 01:13:40,178 - PaperAgentLogger - DEBUG - New map
2025-12-13 01:13:41,923 - PaperAgentLogger - INFO - ################## PaperArchitecture_map20x20_rho1_10Agent/K3_HS0/1765556206 - End of loop ##################  
 ####### Case4095 	 Computation time:1.7445542812347412 	 Step58/58	- AllReachGoal-False

2025-12-13 01:13:41,923 - PaperAgentLogger - INFO - current rateReachGoal: 0
2025-12-13 01:13:41,941 - PaperAgentLogger - DEBUG - New map
2025-12-13 01:13:43,686 - PaperAgentLogger - INFO - ################## PaperArchitecture_map20x20_rho1_10Agent/K3_HS0/1765556206 - End of loop ##################  
 ####### Case4096 	 Computation time:1.7442936897277832 	 Step58/58	- AllReachGoal-False

2025-12-13 01:13:43,686 - PaperAgentLogger - INFO - current rateReachGoal: 0
2025-12-13 01:13:43,702 - PaperAgentLogger - DEBUG - New map
2025-12-13 01:13:44,490 - PaperAgentLogger - INFO - ################## PaperArchitecture_map20x20_rho1_10Agent/K3_HS0/1765556206 - End of loop ##################  
 ####### Case4097 	 Computation time:0.787743091583252 	 Step26/52	- AllReachGoal-True

2025-12-13 01:13:44,491 - PaperAgentLogger - INFO - current rateReachGoal: 0
2025-12-13 01:13:44,508 - PaperAgentLogger - DEBUG - New map
2025-12-13 01:13:45,446 - PaperAgentLogger - INFO - ################## PaperArchitecture_map20x20_rho1_10Agent/K3_HS0/1765556206 - End of loop ##################  
 ####### Case4098 	 Computation time:0.9370083808898926 	 Step31/60	- AllReachGoal-True

2025-12-13 01:13:45,447 - PaperAgentLogger - INFO - current rateReachGoal: 0
2025-12-13 01:13:45,462 - PaperAgentLogger - DEBUG - New map
2025-12-13 01:13:46,849 - PaperAgentLogger - INFO - ################## PaperArchitecture_map20x20_rho1_10Agent/K3_HS0/1765556206 - End of loop ##################  
 ####### Case4099 	 Computation time:1.387099266052246 	 Step46/46	- AllReachGoal-False

2025-12-13 01:13:46,850 - PaperAgentLogger - INFO - current rateReachGoal: 0
2025-12-13 01:13:46,867 - PaperAgentLogger - DEBUG - New map
2025-12-13 01:13:48,704 - PaperAgentLogger - INFO - ################## PaperArchitecture_map20x20_rho1_10Agent/K3_HS0/1765556206 - End of loop ##################  
 ####### Case4100 	 Computation time:1.8362607955932617 	 Step62/62	- AllReachGoal-False

2025-12-13 01:13:48,705 - PaperAgentLogger - INFO - current rateReachGoal: 0
2025-12-13 01:13:48,721 - PaperAgentLogger - DEBUG - New map
2025-12-13 01:13:50,383 - PaperAgentLogger - INFO - ################## PaperArchitecture_map20x20_rho1_10Agent/K3_HS0/1765556206 - End of loop ##################  
 ####### Case4101 	 Computation time:1.6621291637420654 	 Step56/56	- AllReachGoal-False

2025-12-13 01:13:50,386 - PaperAgentLogger - INFO - current rateReachGoal: 0
2025-12-13 01:13:50,402 - PaperAgentLogger - DEBUG - New map
2025-12-13 01:13:51,293 - PaperAgentLogger - INFO - ################## PaperArchitecture_map20x20_rho1_10Agent/K3_HS0/1765556206 - End of loop ##################  
 ####### Case4102 	 Computation time:0.8906974792480469 	 Step30/52	- AllReachGoal-True

2025-12-13 01:13:51,294 - PaperAgentLogger - INFO - current rateReachGoal: 0
2025-12-13 01:13:51,311 - PaperAgentLogger - DEBUG - New map
2025-12-13 01:13:52,297 - PaperAgentLogger - INFO - ################## PaperArchitecture_map20x20_rho1_10Agent/K3_HS0/1765556206 - End of loop ##################  
 ####### Case4103 	 Computation time:0.9846634864807129 	 Step33/64	- AllReachGoal-True

2025-12-13 01:13:52,297 - PaperAgentLogger - INFO - current rateReachGoal: 0
2025-12-13 01:13:52,314 - PaperAgentLogger - DEBUG - New map
2025-12-13 01:13:54,032 - PaperAgentLogger - INFO - ################## PaperArchitecture_map20x20_rho1_10Agent/K3_HS0/1765556206 - End of loop ##################  
 ####### Case4104 	 Computation time:1.7174694538116455 	 Step58/58	- AllReachGoal-False

2025-12-13 01:13:54,033 - PaperAgentLogger - INFO - current rateReachGoal: 0
2025-12-13 01:13:54,051 - PaperAgentLogger - DEBUG - New map
2025-12-13 01:13:55,184 - PaperAgentLogger - INFO - ################## PaperArchitecture_map20x20_rho1_10Agent/K3_HS0/1765556206 - End of loop ##################  
 ####### Case4105 	 Computation time:1.1328754425048828 	 Step38/68	- AllReachGoal-True

2025-12-13 01:13:55,185 - PaperAgentLogger - INFO - current rateReachGoal: 0
2025-12-13 01:13:55,200 - PaperAgentLogger - DEBUG - New map
2025-12-13 01:13:56,064 - PaperAgentLogger - INFO - ################## PaperArchitecture_map20x20_rho1_10Agent/K3_HS0/1765556206 - End of loop ##################  
 ####### Case4106 	 Computation time:0.8632991313934326 	 Step29/46	- AllReachGoal-True

2025-12-13 01:13:56,066 - PaperAgentLogger - INFO - current rateReachGoal: 0
2025-12-13 01:13:56,082 - PaperAgentLogger - DEBUG - New map
2025-12-13 01:13:56,832 - PaperAgentLogger - INFO - ################## PaperArchitecture_map20x20_rho1_10Agent/K3_HS0/1765556206 - End of loop ##################  
 ####### Case4107 	 Computation time:0.74924635887146 	 Step25/50	- AllReachGoal-True

2025-12-13 01:13:56,832 - PaperAgentLogger - INFO - current rateReachGoal: 0
2025-12-13 01:13:56,847 - PaperAgentLogger - DEBUG - New map
2025-12-13 01:13:58,094 - PaperAgentLogger - INFO - ################## PaperArchitecture_map20x20_rho1_10Agent/K3_HS0/1765556206 - End of loop ##################  
 ####### Case4108 	 Computation time:1.2469778060913086 	 Step42/42	- AllReachGoal-False

2025-12-13 01:13:58,095 - PaperAgentLogger - INFO - current rateReachGoal: 0
2025-12-13 01:13:58,112 - PaperAgentLogger - DEBUG - New map
2025-12-13 01:13:59,242 - PaperAgentLogger - INFO - ################## PaperArchitecture_map20x20_rho1_10Agent/K3_HS0/1765556206 - End of loop ##################  
 ####### Case4109 	 Computation time:1.1300835609436035 	 Step39/58	- AllReachGoal-True

2025-12-13 01:13:59,243 - PaperAgentLogger - INFO - current rateReachGoal: 0
2025-12-13 01:13:59,258 - PaperAgentLogger - DEBUG - New map
2025-12-13 01:14:00,584 - PaperAgentLogger - INFO - ################## PaperArchitecture_map20x20_rho1_10Agent/K3_HS0/1765556206 - End of loop ##################  
 ####### Case4110 	 Computation time:1.3246369361877441 	 Step46/46	- AllReachGoal-False

2025-12-13 01:14:00,584 - PaperAgentLogger - INFO - current rateReachGoal: 0
2025-12-13 01:14:00,599 - PaperAgentLogger - DEBUG - New map
2025-12-13 01:14:01,381 - PaperAgentLogger - INFO - ################## PaperArchitecture_map20x20_rho1_10Agent/K3_HS0/1765556206 - End of loop ##################  
 ####### Case4111 	 Computation time:0.781421422958374 	 Step27/44	- AllReachGoal-True

2025-12-13 01:14:01,383 - PaperAgentLogger - INFO - current rateReachGoal: 0
2025-12-13 01:14:01,400 - PaperAgentLogger - DEBUG - New map
2025-12-13 01:14:02,214 - PaperAgentLogger - INFO - ################## PaperArchitecture_map20x20_rho1_10Agent/K3_HS0/1765556206 - End of loop ##################  
 ####### Case4112 	 Computation time:0.8135497570037842 	 Step28/56	- AllReachGoal-True

2025-12-13 01:14:02,215 - PaperAgentLogger - INFO - current rateReachGoal: 0
2025-12-13 01:14:02,228 - PaperAgentLogger - DEBUG - New map
2025-12-13 01:14:03,361 - PaperAgentLogger - INFO - ################## PaperArchitecture_map20x20_rho1_10Agent/K3_HS0/1765556206 - End of loop ##################  
 ####### Case4113 	 Computation time:1.132131814956665 	 Step38/38	- AllReachGoal-False

2025-12-13 01:14:03,362 - PaperAgentLogger - INFO - current rateReachGoal: 0
2025-12-13 01:14:03,376 - PaperAgentLogger - DEBUG - New map
2025-12-13 01:14:04,084 - PaperAgentLogger - INFO - ################## PaperArchitecture_map20x20_rho1_10Agent/K3_HS0/1765556206 - End of loop ##################  
 ####### Case4114 	 Computation time:0.7068314552307129 	 Step24/44	- AllReachGoal-True

2025-12-13 01:14:04,084 - PaperAgentLogger - INFO - current rateReachGoal: 0
2025-12-13 01:14:04,103 - PaperAgentLogger - DEBUG - New map
2025-12-13 01:14:05,716 - PaperAgentLogger - INFO - ################## PaperArchitecture_map20x20_rho1_10Agent/K3_HS0/1765556206 - End of loop ##################  
 ####### Case4115 	 Computation time:1.6125259399414062 	 Step56/68	- AllReachGoal-True

2025-12-13 01:14:05,717 - PaperAgentLogger - INFO - current rateReachGoal: 0
2025-12-13 01:14:05,732 - PaperAgentLogger - DEBUG - New map
2025-12-13 01:14:06,623 - PaperAgentLogger - INFO - ################## PaperArchitecture_map20x20_rho1_10Agent/K3_HS0/1765556206 - End of loop ##################  
 ####### Case4116 	 Computation time:0.8907461166381836 	 Step31/46	- AllReachGoal-True

2025-12-13 01:14:06,625 - PaperAgentLogger - INFO - current rateReachGoal: 0
2025-12-13 01:14:06,640 - PaperAgentLogger - DEBUG - New map
2025-12-13 01:14:07,498 - PaperAgentLogger - INFO - ################## PaperArchitecture_map20x20_rho1_10Agent/K3_HS0/1765556206 - End of loop ##################  
 ####### Case4117 	 Computation time:0.8568258285522461 	 Step29/46	- AllReachGoal-True

2025-12-13 01:14:07,499 - PaperAgentLogger - INFO - current rateReachGoal: 0
2025-12-13 01:14:07,516 - PaperAgentLogger - DEBUG - New map
2025-12-13 01:14:09,465 - PaperAgentLogger - INFO - ################## PaperArchitecture_map20x20_rho1_10Agent/K3_HS0/1765556206 - End of loop ##################  
 ####### Case4118 	 Computation time:1.94858980178833 	 Step66/66	- AllReachGoal-False

2025-12-13 01:14:09,466 - PaperAgentLogger - INFO - current rateReachGoal: 0
2025-12-13 01:14:09,483 - PaperAgentLogger - DEBUG - New map
2025-12-13 01:14:10,378 - PaperAgentLogger - INFO - ################## PaperArchitecture_map20x20_rho1_10Agent/K3_HS0/1765556206 - End of loop ##################  
 ####### Case4119 	 Computation time:0.8942041397094727 	 Step30/60	- AllReachGoal-True

2025-12-13 01:14:10,378 - PaperAgentLogger - INFO - current rateReachGoal: 0
2025-12-13 01:14:10,396 - PaperAgentLogger - DEBUG - New map
2025-12-13 01:14:11,675 - PaperAgentLogger - INFO - ################## PaperArchitecture_map20x20_rho1_10Agent/K3_HS0/1765556206 - End of loop ##################  
 ####### Case4120 	 Computation time:1.2778964042663574 	 Step43/66	- AllReachGoal-True

2025-12-13 01:14:11,677 - PaperAgentLogger - INFO - current rateReachGoal: 0
2025-12-13 01:14:11,694 - PaperAgentLogger - DEBUG - New map
2025-12-13 01:14:13,529 - PaperAgentLogger - INFO - ################## PaperArchitecture_map20x20_rho1_10Agent/K3_HS0/1765556206 - End of loop ##################  
 ####### Case4121 	 Computation time:1.8348023891448975 	 Step62/62	- AllReachGoal-False

2025-12-13 01:14:13,530 - PaperAgentLogger - INFO - current rateReachGoal: 0
2025-12-13 01:14:13,545 - PaperAgentLogger - DEBUG - New map
2025-12-13 01:14:14,852 - PaperAgentLogger - INFO - ################## PaperArchitecture_map20x20_rho1_10Agent/K3_HS0/1765556206 - End of loop ##################  
 ####### Case4122 	 Computation time:1.3068392276763916 	 Step44/44	- AllReachGoal-False

2025-12-13 01:14:14,853 - PaperAgentLogger - INFO - current rateReachGoal: 0
2025-12-13 01:14:14,870 - PaperAgentLogger - DEBUG - New map
2025-12-13 01:14:15,816 - PaperAgentLogger - INFO - ################## PaperArchitecture_map20x20_rho1_10Agent/K3_HS0/1765556206 - End of loop ##################  
 ####### Case4123 	 Computation time:0.94492506980896 	 Step32/64	- AllReachGoal-True

2025-12-13 01:14:15,817 - PaperAgentLogger - INFO - current rateReachGoal: 0
2025-12-13 01:14:15,833 - PaperAgentLogger - DEBUG - New map
2025-12-13 01:14:16,649 - PaperAgentLogger - INFO - ################## PaperArchitecture_map20x20_rho1_10Agent/K3_HS0/1765556206 - End of loop ##################  
 ####### Case4124 	 Computation time:0.8153684139251709 	 Step28/54	- AllReachGoal-True

2025-12-13 01:14:16,650 - PaperAgentLogger - INFO - current rateReachGoal: 0
2025-12-13 01:14:16,666 - PaperAgentLogger - DEBUG - New map
2025-12-13 01:14:17,579 - PaperAgentLogger - INFO - ################## PaperArchitecture_map20x20_rho1_10Agent/K3_HS0/1765556206 - End of loop ##################  
 ####### Case4125 	 Computation time:0.912207841873169 	 Step31/58	- AllReachGoal-True

2025-12-13 01:14:17,580 - PaperAgentLogger - INFO - current rateReachGoal: 0
2025-12-13 01:14:17,596 - PaperAgentLogger - DEBUG - New map
2025-12-13 01:14:19,143 - PaperAgentLogger - INFO - ################## PaperArchitecture_map20x20_rho1_10Agent/K3_HS0/1765556206 - End of loop ##################  
 ####### Case4126 	 Computation time:1.547149419784546 	 Step52/52	- AllReachGoal-False

2025-12-13 01:14:19,144 - PaperAgentLogger - INFO - current rateReachGoal: 0
2025-12-13 01:14:19,159 - PaperAgentLogger - DEBUG - New map
2025-12-13 01:14:20,429 - PaperAgentLogger - INFO - ################## PaperArchitecture_map20x20_rho1_10Agent/K3_HS0/1765556206 - End of loop ##################  
 ####### Case4127 	 Computation time:1.2696993350982666 	 Step44/44	- AllReachGoal-False

2025-12-13 01:14:20,430 - PaperAgentLogger - INFO - current rateReachGoal: 0
2025-12-13 01:14:20,446 - PaperAgentLogger - DEBUG - New map
2025-12-13 01:14:21,628 - PaperAgentLogger - INFO - ################## PaperArchitecture_map20x20_rho1_10Agent/K3_HS0/1765556206 - End of loop ##################  
 ####### Case4128 	 Computation time:1.181544303894043 	 Step41/52	- AllReachGoal-True

2025-12-13 01:14:21,629 - PaperAgentLogger - INFO - current rateReachGoal: 0
2025-12-13 01:14:21,647 - PaperAgentLogger - DEBUG - New map
2025-12-13 01:14:22,715 - PaperAgentLogger - INFO - ################## PaperArchitecture_map20x20_rho1_10Agent/K3_HS0/1765556206 - End of loop ##################  
 ####### Case4129 	 Computation time:1.0669007301330566 	 Step37/70	- AllReachGoal-True

2025-12-13 01:14:22,717 - PaperAgentLogger - INFO - current rateReachGoal: 0
2025-12-13 01:14:22,734 - PaperAgentLogger - DEBUG - New map
2025-12-13 01:14:23,547 - PaperAgentLogger - INFO - ################## PaperArchitecture_map20x20_rho1_10Agent/K3_HS0/1765556206 - End of loop ##################  
 ####### Case4130 	 Computation time:0.8123276233673096 	 Step28/56	- AllReachGoal-True

2025-12-13 01:14:23,547 - PaperAgentLogger - INFO - current rateReachGoal: 0
2025-12-13 01:14:23,565 - PaperAgentLogger - DEBUG - New map
2025-12-13 01:14:25,323 - PaperAgentLogger - INFO - ################## PaperArchitecture_map20x20_rho1_10Agent/K3_HS0/1765556206 - End of loop ##################  
 ####### Case4131 	 Computation time:1.7576065063476562 	 Step61/64	- AllReachGoal-True

2025-12-13 01:14:25,324 - PaperAgentLogger - INFO - current rateReachGoal: 0
2025-12-13 01:14:25,340 - PaperAgentLogger - DEBUG - New map
2025-12-13 01:14:26,267 - PaperAgentLogger - INFO - ################## PaperArchitecture_map20x20_rho1_10Agent/K3_HS0/1765556206 - End of loop ##################  
 ####### Case4132 	 Computation time:0.9261837005615234 	 Step31/56	- AllReachGoal-True

2025-12-13 01:14:26,268 - PaperAgentLogger - INFO - current rateReachGoal: 0
2025-12-13 01:14:26,285 - PaperAgentLogger - DEBUG - New map
2025-12-13 01:14:28,108 - PaperAgentLogger - INFO - ################## PaperArchitecture_map20x20_rho1_10Agent/K3_HS0/1765556206 - End of loop ##################  
 ####### Case4133 	 Computation time:1.8228950500488281 	 Step62/62	- AllReachGoal-False

2025-12-13 01:14:28,110 - PaperAgentLogger - INFO - current rateReachGoal: 0
2025-12-13 01:14:28,125 - PaperAgentLogger - DEBUG - New map
2025-12-13 01:14:29,396 - PaperAgentLogger - INFO - ################## PaperArchitecture_map20x20_rho1_10Agent/K3_HS0/1765556206 - End of loop ##################  
 ####### Case4134 	 Computation time:1.2697103023529053 	 Step44/44	- AllReachGoal-False

2025-12-13 01:14:29,396 - PaperAgentLogger - INFO - current rateReachGoal: 0
2025-12-13 01:14:29,414 - PaperAgentLogger - DEBUG - New map
2025-12-13 01:14:31,320 - PaperAgentLogger - INFO - ################## PaperArchitecture_map20x20_rho1_10Agent/K3_HS0/1765556206 - End of loop ##################  
 ####### Case4135 	 Computation time:1.9055769443511963 	 Step66/66	- AllReachGoal-False

2025-12-13 01:14:31,321 - PaperAgentLogger - INFO - current rateReachGoal: 0
2025-12-13 01:14:31,335 - PaperAgentLogger - DEBUG - New map
2025-12-13 01:14:31,863 - PaperAgentLogger - INFO - ################## PaperArchitecture_map20x20_rho1_10Agent/K3_HS0/1765556206 - End of loop ##################  
 ####### Case4136 	 Computation time:0.5276954174041748 	 Step18/36	- AllReachGoal-True

2025-12-13 01:14:31,864 - PaperAgentLogger - INFO - current rateReachGoal: 0
2025-12-13 01:14:31,880 - PaperAgentLogger - DEBUG - New map
2025-12-13 01:14:33,327 - PaperAgentLogger - INFO - ################## PaperArchitecture_map20x20_rho1_10Agent/K3_HS0/1765556206 - End of loop ##################  
 ####### Case4137 	 Computation time:1.4464950561523438 	 Step50/50	- AllReachGoal-False

2025-12-13 01:14:33,329 - PaperAgentLogger - INFO - current rateReachGoal: 0
2025-12-13 01:14:33,346 - PaperAgentLogger - DEBUG - New map
2025-12-13 01:14:35,253 - PaperAgentLogger - INFO - ################## PaperArchitecture_map20x20_rho1_10Agent/K3_HS0/1765556206 - End of loop ##################  
 ####### Case4138 	 Computation time:1.9059791564941406 	 Step66/66	- AllReachGoal-False

2025-12-13 01:14:35,254 - PaperAgentLogger - INFO - current rateReachGoal: 0
2025-12-13 01:14:35,269 - PaperAgentLogger - DEBUG - New map
2025-12-13 01:14:35,975 - PaperAgentLogger - INFO - ################## PaperArchitecture_map20x20_rho1_10Agent/K3_HS0/1765556206 - End of loop ##################  
 ####### Case4139 	 Computation time:0.705317497253418 	 Step24/48	- AllReachGoal-True

2025-12-13 01:14:35,976 - PaperAgentLogger - INFO - current rateReachGoal: 0
2025-12-13 01:14:35,991 - PaperAgentLogger - DEBUG - New map
2025-12-13 01:14:37,176 - PaperAgentLogger - INFO - ################## PaperArchitecture_map20x20_rho1_10Agent/K3_HS0/1765556206 - End of loop ##################  
 ####### Case4140 	 Computation time:1.1846795082092285 	 Step41/46	- AllReachGoal-True

2025-12-13 01:14:37,177 - PaperAgentLogger - INFO - current rateReachGoal: 0
2025-12-13 01:14:37,192 - PaperAgentLogger - DEBUG - New map
2025-12-13 01:14:38,523 - PaperAgentLogger - INFO - ################## PaperArchitecture_map20x20_rho1_10Agent/K3_HS0/1765556206 - End of loop ##################  
 ####### Case4141 	 Computation time:1.3299145698547363 	 Step46/46	- AllReachGoal-False

2025-12-13 01:14:38,525 - PaperAgentLogger - INFO - current rateReachGoal: 0
2025-12-13 01:14:38,541 - PaperAgentLogger - DEBUG - New map
2025-12-13 01:14:40,043 - PaperAgentLogger - INFO - ################## PaperArchitecture_map20x20_rho1_10Agent/K3_HS0/1765556206 - End of loop ##################  
 ####### Case4142 	 Computation time:1.5012712478637695 	 Step52/52	- AllReachGoal-False

2025-12-13 01:14:40,043 - PaperAgentLogger - INFO - current rateReachGoal: 0
2025-12-13 01:14:40,061 - PaperAgentLogger - DEBUG - New map
2025-12-13 01:14:41,192 - PaperAgentLogger - INFO - ################## PaperArchitecture_map20x20_rho1_10Agent/K3_HS0/1765556206 - End of loop ##################  
 ####### Case4143 	 Computation time:1.130732774734497 	 Step39/62	- AllReachGoal-True

2025-12-13 01:14:41,192 - PaperAgentLogger - INFO - current rateReachGoal: 0
2025-12-13 01:14:41,208 - PaperAgentLogger - DEBUG - New map
2025-12-13 01:14:42,658 - PaperAgentLogger - INFO - ################## PaperArchitecture_map20x20_rho1_10Agent/K3_HS0/1765556206 - End of loop ##################  
 ####### Case4144 	 Computation time:1.4494872093200684 	 Step50/50	- AllReachGoal-False

2025-12-13 01:14:42,659 - PaperAgentLogger - INFO - current rateReachGoal: 0
2025-12-13 01:14:42,674 - PaperAgentLogger - DEBUG - New map
2025-12-13 01:14:43,571 - PaperAgentLogger - INFO - ################## PaperArchitecture_map20x20_rho1_10Agent/K3_HS0/1765556206 - End of loop ##################  
 ####### Case4145 	 Computation time:0.8967583179473877 	 Step30/40	- AllReachGoal-True

2025-12-13 01:14:43,573 - PaperAgentLogger - INFO - current rateReachGoal: 0
2025-12-13 01:14:43,590 - PaperAgentLogger - DEBUG - New map
2025-12-13 01:14:44,549 - PaperAgentLogger - INFO - ################## PaperArchitecture_map20x20_rho1_10Agent/K3_HS0/1765556206 - End of loop ##################  
 ####### Case4146 	 Computation time:0.9580962657928467 	 Step32/60	- AllReachGoal-True

2025-12-13 01:14:44,550 - PaperAgentLogger - INFO - current rateReachGoal: 0
2025-12-13 01:14:44,565 - PaperAgentLogger - DEBUG - New map
2025-12-13 01:14:46,110 - PaperAgentLogger - INFO - ################## PaperArchitecture_map20x20_rho1_10Agent/K3_HS0/1765556206 - End of loop ##################  
 ####### Case4147 	 Computation time:1.544215440750122 	 Step52/52	- AllReachGoal-False

2025-12-13 01:14:46,111 - PaperAgentLogger - INFO - current rateReachGoal: 0
2025-12-13 01:14:46,127 - PaperAgentLogger - DEBUG - New map
2025-12-13 01:14:47,731 - PaperAgentLogger - INFO - ################## PaperArchitecture_map20x20_rho1_10Agent/K3_HS0/1765556206 - End of loop ##################  
 ####### Case4148 	 Computation time:1.604020357131958 	 Step54/54	- AllReachGoal-False

2025-12-13 01:14:47,732 - PaperAgentLogger - INFO - current rateReachGoal: 0
2025-12-13 01:14:47,747 - PaperAgentLogger - DEBUG - New map
2025-12-13 01:14:48,405 - PaperAgentLogger - INFO - ################## PaperArchitecture_map20x20_rho1_10Agent/K3_HS0/1765556206 - End of loop ##################  
 ####### Case4149 	 Computation time:0.6567726135253906 	 Step22/44	- AllReachGoal-True

2025-12-13 01:14:48,405 - PaperAgentLogger - INFO - current rateReachGoal: 0
2025-12-13 01:14:48,421 - PaperAgentLogger - DEBUG - New map
2025-12-13 01:14:49,302 - PaperAgentLogger - INFO - ################## PaperArchitecture_map20x20_rho1_10Agent/K3_HS0/1765556206 - End of loop ##################  
 ####### Case4150 	 Computation time:0.8799374103546143 	 Step29/52	- AllReachGoal-True

2025-12-13 01:14:49,304 - PaperAgentLogger - INFO - current rateReachGoal: 0
2025-12-13 01:14:49,319 - PaperAgentLogger - DEBUG - New map
2025-12-13 01:14:50,712 - PaperAgentLogger - INFO - ################## PaperArchitecture_map20x20_rho1_10Agent/K3_HS0/1765556206 - End of loop ##################  
 ####### Case4151 	 Computation time:1.3921797275543213 	 Step46/46	- AllReachGoal-False

2025-12-13 01:14:50,713 - PaperAgentLogger - INFO - current rateReachGoal: 0
2025-12-13 01:14:50,729 - PaperAgentLogger - DEBUG - New map
2025-12-13 01:14:52,355 - PaperAgentLogger - INFO - ################## PaperArchitecture_map20x20_rho1_10Agent/K3_HS0/1765556206 - End of loop ##################  
 ####### Case4152 	 Computation time:1.6253676414489746 	 Step54/54	- AllReachGoal-False

2025-12-13 01:14:52,356 - PaperAgentLogger - INFO - current rateReachGoal: 0
2025-12-13 01:14:52,371 - PaperAgentLogger - DEBUG - New map
2025-12-13 01:14:53,766 - PaperAgentLogger - INFO - ################## PaperArchitecture_map20x20_rho1_10Agent/K3_HS0/1765556206 - End of loop ##################  
 ####### Case4153 	 Computation time:1.394761562347412 	 Step46/46	- AllReachGoal-False

2025-12-13 01:14:53,767 - PaperAgentLogger - INFO - current rateReachGoal: 0
2025-12-13 01:14:53,782 - PaperAgentLogger - DEBUG - New map
2025-12-13 01:14:54,630 - PaperAgentLogger - INFO - ################## PaperArchitecture_map20x20_rho1_10Agent/K3_HS0/1765556206 - End of loop ##################  
 ####### Case4154 	 Computation time:0.8473982810974121 	 Step28/48	- AllReachGoal-True

2025-12-13 01:14:54,631 - PaperAgentLogger - INFO - current rateReachGoal: 0
2025-12-13 01:14:54,647 - PaperAgentLogger - DEBUG - New map
2025-12-13 01:14:56,223 - PaperAgentLogger - INFO - ################## PaperArchitecture_map20x20_rho1_10Agent/K3_HS0/1765556206 - End of loop ##################  
 ####### Case4155 	 Computation time:1.5753295421600342 	 Step52/52	- AllReachGoal-False

2025-12-13 01:14:56,223 - PaperAgentLogger - INFO - current rateReachGoal: 0
2025-12-13 01:14:56,241 - PaperAgentLogger - DEBUG - New map
2025-12-13 01:14:58,058 - PaperAgentLogger - INFO - ################## PaperArchitecture_map20x20_rho1_10Agent/K3_HS0/1765556206 - End of loop ##################  
 ####### Case4156 	 Computation time:1.816809892654419 	 Step60/60	- AllReachGoal-False

2025-12-13 01:14:58,059 - PaperAgentLogger - INFO - current rateReachGoal: 0
2025-12-13 01:14:58,074 - PaperAgentLogger - DEBUG - New map
2025-12-13 01:14:58,838 - PaperAgentLogger - INFO - ################## PaperArchitecture_map20x20_rho1_10Agent/K3_HS0/1765556206 - End of loop ##################  
 ####### Case4157 	 Computation time:0.7627685070037842 	 Step25/48	- AllReachGoal-True

2025-12-13 01:14:58,838 - PaperAgentLogger - INFO - current rateReachGoal: 0
2025-12-13 01:14:58,853 - PaperAgentLogger - DEBUG - New map
2025-12-13 01:14:59,555 - PaperAgentLogger - INFO - ################## PaperArchitecture_map20x20_rho1_10Agent/K3_HS0/1765556206 - End of loop ##################  
 ####### Case4158 	 Computation time:0.7013936042785645 	 Step23/46	- AllReachGoal-True

2025-12-13 01:14:59,556 - PaperAgentLogger - INFO - current rateReachGoal: 0
2025-12-13 01:14:59,573 - PaperAgentLogger - DEBUG - New map
2025-12-13 01:15:00,582 - PaperAgentLogger - INFO - ################## PaperArchitecture_map20x20_rho1_10Agent/K3_HS0/1765556206 - End of loop ##################  
 ####### Case4159 	 Computation time:1.0081889629364014 	 Step33/60	- AllReachGoal-True

2025-12-13 01:15:00,583 - PaperAgentLogger - INFO - current rateReachGoal: 0
2025-12-13 01:15:00,600 - PaperAgentLogger - DEBUG - New map
2025-12-13 01:15:01,511 - PaperAgentLogger - INFO - ################## PaperArchitecture_map20x20_rho1_10Agent/K3_HS0/1765556206 - End of loop ##################  
 ####### Case4160 	 Computation time:0.9103193283081055 	 Step30/62	- AllReachGoal-True

2025-12-13 01:15:01,511 - PaperAgentLogger - INFO - current rateReachGoal: 0
2025-12-13 01:15:01,530 - PaperAgentLogger - DEBUG - New map
2025-12-13 01:15:02,509 - PaperAgentLogger - INFO - ################## PaperArchitecture_map20x20_rho1_10Agent/K3_HS0/1765556206 - End of loop ##################  
 ####### Case4161 	 Computation time:0.9793064594268799 	 Step33/66	- AllReachGoal-True

2025-12-13 01:15:02,510 - PaperAgentLogger - INFO - current rateReachGoal: 0
2025-12-13 01:15:02,526 - PaperAgentLogger - DEBUG - New map
2025-12-13 01:15:03,362 - PaperAgentLogger - INFO - ################## PaperArchitecture_map20x20_rho1_10Agent/K3_HS0/1765556206 - End of loop ##################  
 ####### Case4162 	 Computation time:0.8356673717498779 	 Step28/54	- AllReachGoal-True

2025-12-13 01:15:03,363 - PaperAgentLogger - INFO - current rateReachGoal: 0
2025-12-13 01:15:03,380 - PaperAgentLogger - DEBUG - New map
2025-12-13 01:15:04,714 - PaperAgentLogger - INFO - ################## PaperArchitecture_map20x20_rho1_10Agent/K3_HS0/1765556206 - End of loop ##################  
 ####### Case4163 	 Computation time:1.3333370685577393 	 Step45/60	- AllReachGoal-True

2025-12-13 01:15:04,715 - PaperAgentLogger - INFO - current rateReachGoal: 0
2025-12-13 01:15:04,729 - PaperAgentLogger - DEBUG - New map
2025-12-13 01:15:05,330 - PaperAgentLogger - INFO - ################## PaperArchitecture_map20x20_rho1_10Agent/K3_HS0/1765556206 - End of loop ##################  
 ####### Case4164 	 Computation time:0.6001663208007812 	 Step20/38	- AllReachGoal-True

2025-12-13 01:15:05,330 - PaperAgentLogger - INFO - current rateReachGoal: 0
2025-12-13 01:15:05,348 - PaperAgentLogger - DEBUG - New map
2025-12-13 01:15:06,417 - PaperAgentLogger - INFO - ################## PaperArchitecture_map20x20_rho1_10Agent/K3_HS0/1765556206 - End of loop ##################  
 ####### Case4165 	 Computation time:1.068178415298462 	 Step36/64	- AllReachGoal-True

2025-12-13 01:15:06,419 - PaperAgentLogger - INFO - current rateReachGoal: 0
2025-12-13 01:15:06,437 - PaperAgentLogger - DEBUG - New map
2025-12-13 01:15:08,087 - PaperAgentLogger - INFO - ################## PaperArchitecture_map20x20_rho1_10Agent/K3_HS0/1765556206 - End of loop ##################  
 ####### Case4166 	 Computation time:1.649838924407959 	 Step56/56	- AllReachGoal-False

2025-12-13 01:15:08,088 - PaperAgentLogger - INFO - current rateReachGoal: 0
2025-12-13 01:15:08,103 - PaperAgentLogger - DEBUG - New map
2025-12-13 01:15:09,615 - PaperAgentLogger - INFO - ################## PaperArchitecture_map20x20_rho1_10Agent/K3_HS0/1765556206 - End of loop ##################  
 ####### Case4167 	 Computation time:1.5109670162200928 	 Step50/50	- AllReachGoal-False

2025-12-13 01:15:09,616 - PaperAgentLogger - INFO - current rateReachGoal: 0
2025-12-13 01:15:09,632 - PaperAgentLogger - DEBUG - New map
2025-12-13 01:15:10,424 - PaperAgentLogger - INFO - ################## PaperArchitecture_map20x20_rho1_10Agent/K3_HS0/1765556206 - End of loop ##################  
 ####### Case4168 	 Computation time:0.7920527458190918 	 Step26/52	- AllReachGoal-True

2025-12-13 01:15:10,425 - PaperAgentLogger - INFO - current rateReachGoal: 0
2025-12-13 01:15:10,441 - PaperAgentLogger - DEBUG - New map
2025-12-13 01:15:11,858 - PaperAgentLogger - INFO - ################## PaperArchitecture_map20x20_rho1_10Agent/K3_HS0/1765556206 - End of loop ##################  
 ####### Case4169 	 Computation time:1.4162547588348389 	 Step47/56	- AllReachGoal-True

2025-12-13 01:15:11,860 - PaperAgentLogger - INFO - current rateReachGoal: 0
2025-12-13 01:15:11,877 - PaperAgentLogger - DEBUG - New map
2025-12-13 01:15:13,486 - PaperAgentLogger - INFO - ################## PaperArchitecture_map20x20_rho1_10Agent/K3_HS0/1765556206 - End of loop ##################  
 ####### Case4170 	 Computation time:1.6084837913513184 	 Step54/54	- AllReachGoal-False

2025-12-13 01:15:13,487 - PaperAgentLogger - INFO - current rateReachGoal: 0
2025-12-13 01:15:13,503 - PaperAgentLogger - DEBUG - New map
2025-12-13 01:15:14,414 - PaperAgentLogger - INFO - ################## PaperArchitecture_map20x20_rho1_10Agent/K3_HS0/1765556206 - End of loop ##################  
 ####### Case4171 	 Computation time:0.9102990627288818 	 Step30/56	- AllReachGoal-True

2025-12-13 01:15:14,415 - PaperAgentLogger - INFO - current rateReachGoal: 0
2025-12-13 01:15:14,433 - PaperAgentLogger - DEBUG - New map
2025-12-13 01:15:16,074 - PaperAgentLogger - INFO - ################## PaperArchitecture_map20x20_rho1_10Agent/K3_HS0/1765556206 - End of loop ##################  
 ####### Case4172 	 Computation time:1.640655755996704 	 Step54/54	- AllReachGoal-False

2025-12-13 01:15:16,075 - PaperAgentLogger - INFO - current rateReachGoal: 0
2025-12-13 01:15:16,092 - PaperAgentLogger - DEBUG - New map
2025-12-13 01:15:17,965 - PaperAgentLogger - INFO - ################## PaperArchitecture_map20x20_rho1_10Agent/K3_HS0/1765556206 - End of loop ##################  
 ####### Case4173 	 Computation time:1.8722105026245117 	 Step62/62	- AllReachGoal-False

2025-12-13 01:15:17,966 - PaperAgentLogger - INFO - current rateReachGoal: 0
2025-12-13 01:15:17,981 - PaperAgentLogger - DEBUG - New map
2025-12-13 01:15:19,019 - PaperAgentLogger - INFO - ################## PaperArchitecture_map20x20_rho1_10Agent/K3_HS0/1765556206 - End of loop ##################  
 ####### Case4174 	 Computation time:1.0371644496917725 	 Step34/34	- AllReachGoal-False

2025-12-13 01:15:19,019 - PaperAgentLogger - INFO - current rateReachGoal: 0
2025-12-13 01:15:19,036 - PaperAgentLogger - DEBUG - New map
2025-12-13 01:15:19,888 - PaperAgentLogger - INFO - ################## PaperArchitecture_map20x20_rho1_10Agent/K3_HS0/1765556206 - End of loop ##################  
 ####### Case4175 	 Computation time:0.852013111114502 	 Step28/54	- AllReachGoal-True

2025-12-13 01:15:19,889 - PaperAgentLogger - INFO - current rateReachGoal: 0
2025-12-13 01:15:19,905 - PaperAgentLogger - DEBUG - New map
2025-12-13 01:15:20,907 - PaperAgentLogger - INFO - ################## PaperArchitecture_map20x20_rho1_10Agent/K3_HS0/1765556206 - End of loop ##################  
 ####### Case4176 	 Computation time:1.0009703636169434 	 Step33/50	- AllReachGoal-True

2025-12-13 01:15:20,907 - PaperAgentLogger - INFO - current rateReachGoal: 0
2025-12-13 01:15:20,925 - PaperAgentLogger - DEBUG - New map
2025-12-13 01:15:21,779 - PaperAgentLogger - INFO - ################## PaperArchitecture_map20x20_rho1_10Agent/K3_HS0/1765556206 - End of loop ##################  
 ####### Case4177 	 Computation time:0.8540198802947998 	 Step28/56	- AllReachGoal-True

2025-12-13 01:15:21,780 - PaperAgentLogger - INFO - current rateReachGoal: 0
2025-12-13 01:15:21,798 - PaperAgentLogger - DEBUG - New map
2025-12-13 01:15:23,857 - PaperAgentLogger - INFO - ################## PaperArchitecture_map20x20_rho1_10Agent/K3_HS0/1765556206 - End of loop ##################  
 ####### Case4178 	 Computation time:2.058073043823242 	 Step68/68	- AllReachGoal-False

2025-12-13 01:15:23,857 - PaperAgentLogger - INFO - current rateReachGoal: 0
2025-12-13 01:15:23,875 - PaperAgentLogger - DEBUG - New map
2025-12-13 01:15:24,913 - PaperAgentLogger - INFO - ################## PaperArchitecture_map20x20_rho1_10Agent/K3_HS0/1765556206 - End of loop ##################  
 ####### Case4179 	 Computation time:1.0370924472808838 	 Step34/64	- AllReachGoal-True

2025-12-13 01:15:24,913 - PaperAgentLogger - INFO - current rateReachGoal: 0
2025-12-13 01:15:24,930 - PaperAgentLogger - DEBUG - New map
2025-12-13 01:15:25,849 - PaperAgentLogger - INFO - ################## PaperArchitecture_map20x20_rho1_10Agent/K3_HS0/1765556206 - End of loop ##################  
 ####### Case4180 	 Computation time:0.9186978340148926 	 Step31/60	- AllReachGoal-True

2025-12-13 01:15:25,850 - PaperAgentLogger - INFO - current rateReachGoal: 0
2025-12-13 01:15:25,866 - PaperAgentLogger - DEBUG - New map
2025-12-13 01:15:27,080 - PaperAgentLogger - INFO - ################## PaperArchitecture_map20x20_rho1_10Agent/K3_HS0/1765556206 - End of loop ##################  
 ####### Case4181 	 Computation time:1.2142198085784912 	 Step41/48	- AllReachGoal-True

2025-12-13 01:15:27,081 - PaperAgentLogger - INFO - current rateReachGoal: 0
2025-12-13 01:15:27,099 - PaperAgentLogger - DEBUG - New map
2025-12-13 01:15:27,965 - PaperAgentLogger - INFO - ################## PaperArchitecture_map20x20_rho1_10Agent/K3_HS0/1765556206 - End of loop ##################  
 ####### Case4182 	 Computation time:0.8658092021942139 	 Step29/58	- AllReachGoal-True

2025-12-13 01:15:27,966 - PaperAgentLogger - INFO - current rateReachGoal: 0
2025-12-13 01:15:27,983 - PaperAgentLogger - DEBUG - New map
2025-12-13 01:15:28,819 - PaperAgentLogger - INFO - ################## PaperArchitecture_map20x20_rho1_10Agent/K3_HS0/1765556206 - End of loop ##################  
 ####### Case4183 	 Computation time:0.8357400894165039 	 Step28/56	- AllReachGoal-True

2025-12-13 01:15:28,820 - PaperAgentLogger - INFO - current rateReachGoal: 0
2025-12-13 01:15:28,838 - PaperAgentLogger - DEBUG - New map
2025-12-13 01:15:30,824 - PaperAgentLogger - INFO - ################## PaperArchitecture_map20x20_rho1_10Agent/K3_HS0/1765556206 - End of loop ##################  
 ####### Case4184 	 Computation time:1.985978364944458 	 Step66/66	- AllReachGoal-False

2025-12-13 01:15:30,825 - PaperAgentLogger - INFO - current rateReachGoal: 0
2025-12-13 01:15:30,843 - PaperAgentLogger - DEBUG - New map
2025-12-13 01:15:32,164 - PaperAgentLogger - INFO - ################## PaperArchitecture_map20x20_rho1_10Agent/K3_HS0/1765556206 - End of loop ##################  
 ####### Case4185 	 Computation time:1.3209640979766846 	 Step44/66	- AllReachGoal-True

2025-12-13 01:15:32,165 - PaperAgentLogger - INFO - current rateReachGoal: 0
2025-12-13 01:15:32,182 - PaperAgentLogger - DEBUG - New map
2025-12-13 01:15:33,954 - PaperAgentLogger - INFO - ################## PaperArchitecture_map20x20_rho1_10Agent/K3_HS0/1765556206 - End of loop ##################  
 ####### Case4186 	 Computation time:1.7708821296691895 	 Step60/60	- AllReachGoal-False

2025-12-13 01:15:33,954 - PaperAgentLogger - INFO - current rateReachGoal: 0
2025-12-13 01:15:33,970 - PaperAgentLogger - DEBUG - New map
2025-12-13 01:15:34,854 - PaperAgentLogger - INFO - ################## PaperArchitecture_map20x20_rho1_10Agent/K3_HS0/1765556206 - End of loop ##################  
 ####### Case4187 	 Computation time:0.8837490081787109 	 Step30/46	- AllReachGoal-True

2025-12-13 01:15:34,855 - PaperAgentLogger - INFO - current rateReachGoal: 0
2025-12-13 01:15:34,872 - PaperAgentLogger - DEBUG - New map
2025-12-13 01:15:36,372 - PaperAgentLogger - INFO - ################## PaperArchitecture_map20x20_rho1_10Agent/K3_HS0/1765556206 - End of loop ##################  
 ####### Case4188 	 Computation time:1.4999303817749023 	 Step51/60	- AllReachGoal-True

2025-12-13 01:15:36,375 - PaperAgentLogger - INFO - current rateReachGoal: 0
2025-12-13 01:15:36,393 - PaperAgentLogger - DEBUG - New map
2025-12-13 01:15:38,372 - PaperAgentLogger - INFO - ################## PaperArchitecture_map20x20_rho1_10Agent/K3_HS0/1765556206 - End of loop ##################  
 ####### Case4189 	 Computation time:1.9783527851104736 	 Step66/66	- AllReachGoal-False

2025-12-13 01:15:38,373 - PaperAgentLogger - INFO - current rateReachGoal: 0
2025-12-13 01:15:38,388 - PaperAgentLogger - DEBUG - New map
2025-12-13 01:15:39,125 - PaperAgentLogger - INFO - ################## PaperArchitecture_map20x20_rho1_10Agent/K3_HS0/1765556206 - End of loop ##################  
 ####### Case4190 	 Computation time:0.7363595962524414 	 Step24/44	- AllReachGoal-True

2025-12-13 01:15:39,125 - PaperAgentLogger - INFO - current rateReachGoal: 0
2025-12-13 01:15:39,143 - PaperAgentLogger - DEBUG - New map
2025-12-13 01:15:40,898 - PaperAgentLogger - INFO - ################## PaperArchitecture_map20x20_rho1_10Agent/K3_HS0/1765556206 - End of loop ##################  
 ####### Case4191 	 Computation time:1.7546331882476807 	 Step58/58	- AllReachGoal-False

2025-12-13 01:15:40,899 - PaperAgentLogger - INFO - current rateReachGoal: 0
2025-12-13 01:15:40,914 - PaperAgentLogger - DEBUG - New map
2025-12-13 01:15:42,304 - PaperAgentLogger - INFO - ################## PaperArchitecture_map20x20_rho1_10Agent/K3_HS0/1765556206 - End of loop ##################  
 ####### Case4192 	 Computation time:1.3897109031677246 	 Step46/46	- AllReachGoal-False

2025-12-13 01:15:42,306 - PaperAgentLogger - INFO - current rateReachGoal: 0
2025-12-13 01:15:42,323 - PaperAgentLogger - DEBUG - New map
2025-12-13 01:15:43,209 - PaperAgentLogger - INFO - ################## PaperArchitecture_map20x20_rho1_10Agent/K3_HS0/1765556206 - End of loop ##################  
 ####### Case4193 	 Computation time:0.8856661319732666 	 Step29/54	- AllReachGoal-True

2025-12-13 01:15:43,209 - PaperAgentLogger - INFO - current rateReachGoal: 0
2025-12-13 01:15:43,227 - PaperAgentLogger - DEBUG - New map
2025-12-13 01:15:44,619 - PaperAgentLogger - INFO - ################## PaperArchitecture_map20x20_rho1_10Agent/K3_HS0/1765556206 - End of loop ##################  
 ####### Case4194 	 Computation time:1.3910198211669922 	 Step46/64	- AllReachGoal-True

2025-12-13 01:15:44,619 - PaperAgentLogger - INFO - current rateReachGoal: 0
2025-12-13 01:15:44,637 - PaperAgentLogger - DEBUG - New map
2025-12-13 01:15:46,637 - PaperAgentLogger - INFO - ################## PaperArchitecture_map20x20_rho1_10Agent/K3_HS0/1765556206 - End of loop ##################  
 ####### Case4195 	 Computation time:1.9985787868499756 	 Step66/66	- AllReachGoal-False

2025-12-13 01:15:46,637 - PaperAgentLogger - INFO - current rateReachGoal: 0
2025-12-13 01:15:46,652 - PaperAgentLogger - DEBUG - New map
2025-12-13 01:15:47,360 - PaperAgentLogger - INFO - ################## PaperArchitecture_map20x20_rho1_10Agent/K3_HS0/1765556206 - End of loop ##################  
 ####### Case4196 	 Computation time:0.7071492671966553 	 Step23/44	- AllReachGoal-True

2025-12-13 01:15:47,362 - PaperAgentLogger - INFO - current rateReachGoal: 0
2025-12-13 01:15:47,378 - PaperAgentLogger - DEBUG - New map
2025-12-13 01:15:48,385 - PaperAgentLogger - INFO - ################## PaperArchitecture_map20x20_rho1_10Agent/K3_HS0/1765556206 - End of loop ##################  
 ####### Case4197 	 Computation time:1.0071532726287842 	 Step33/48	- AllReachGoal-True

2025-12-13 01:15:48,386 - PaperAgentLogger - INFO - current rateReachGoal: 0
2025-12-13 01:15:48,402 - PaperAgentLogger - DEBUG - New map
2025-12-13 01:15:50,003 - PaperAgentLogger - INFO - ################## PaperArchitecture_map20x20_rho1_10Agent/K3_HS0/1765556206 - End of loop ##################  
 ####### Case4198 	 Computation time:1.600773572921753 	 Step54/54	- AllReachGoal-False

2025-12-13 01:15:50,004 - PaperAgentLogger - INFO - current rateReachGoal: 0
2025-12-13 01:15:50,022 - PaperAgentLogger - DEBUG - New map
2025-12-13 01:15:51,911 - PaperAgentLogger - INFO - ################## PaperArchitecture_map20x20_rho1_10Agent/K3_HS0/1765556206 - End of loop ##################  
 ####### Case4199 	 Computation time:1.887969732284546 	 Step64/64	- AllReachGoal-False

2025-12-13 01:15:51,911 - PaperAgentLogger - INFO - current rateReachGoal: 0
2025-12-13 01:15:51,928 - PaperAgentLogger - DEBUG - New map
2025-12-13 01:15:53,386 - PaperAgentLogger - INFO - ################## PaperArchitecture_map20x20_rho1_10Agent/K3_HS0/1765556206 - End of loop ##################  
 ####### Case4200 	 Computation time:1.4570398330688477 	 Step49/56	- AllReachGoal-True

2025-12-13 01:15:53,387 - PaperAgentLogger - INFO - current rateReachGoal: 0
2025-12-13 01:15:53,405 - PaperAgentLogger - DEBUG - New map
2025-12-13 01:15:54,429 - PaperAgentLogger - INFO - ################## PaperArchitecture_map20x20_rho1_10Agent/K3_HS0/1765556206 - End of loop ##################  
 ####### Case4201 	 Computation time:1.0242016315460205 	 Step35/66	- AllReachGoal-True

2025-12-13 01:15:54,430 - PaperAgentLogger - INFO - current rateReachGoal: 0
2025-12-13 01:15:54,445 - PaperAgentLogger - DEBUG - New map
2025-12-13 01:15:55,817 - PaperAgentLogger - INFO - ################## PaperArchitecture_map20x20_rho1_10Agent/K3_HS0/1765556206 - End of loop ##################  
 ####### Case4202 	 Computation time:1.3715918064117432 	 Step46/46	- AllReachGoal-False

2025-12-13 01:15:55,818 - PaperAgentLogger - INFO - current rateReachGoal: 0
2025-12-13 01:15:55,834 - PaperAgentLogger - DEBUG - New map
2025-12-13 01:15:57,377 - PaperAgentLogger - INFO - ################## PaperArchitecture_map20x20_rho1_10Agent/K3_HS0/1765556206 - End of loop ##################  
 ####### Case4203 	 Computation time:1.5430574417114258 	 Step52/52	- AllReachGoal-False

2025-12-13 01:15:57,378 - PaperAgentLogger - INFO - current rateReachGoal: 0
2025-12-13 01:15:57,393 - PaperAgentLogger - DEBUG - New map
2025-12-13 01:15:58,829 - PaperAgentLogger - INFO - ################## PaperArchitecture_map20x20_rho1_10Agent/K3_HS0/1765556206 - End of loop ##################  
 ####### Case4204 	 Computation time:1.4353606700897217 	 Step48/48	- AllReachGoal-False

2025-12-13 01:15:58,830 - PaperAgentLogger - INFO - current rateReachGoal: 0
2025-12-13 01:15:58,844 - PaperAgentLogger - DEBUG - New map
2025-12-13 01:15:59,450 - PaperAgentLogger - INFO - ################## PaperArchitecture_map20x20_rho1_10Agent/K3_HS0/1765556206 - End of loop ##################  
 ####### Case4205 	 Computation time:0.6054410934448242 	 Step20/40	- AllReachGoal-True

2025-12-13 01:15:59,451 - PaperAgentLogger - INFO - current rateReachGoal: 0
2025-12-13 01:15:59,465 - PaperAgentLogger - DEBUG - New map
2025-12-13 01:16:00,786 - PaperAgentLogger - INFO - ################## PaperArchitecture_map20x20_rho1_10Agent/K3_HS0/1765556206 - End of loop ##################  
 ####### Case4206 	 Computation time:1.320451021194458 	 Step44/44	- AllReachGoal-False

2025-12-13 01:16:00,787 - PaperAgentLogger - INFO - current rateReachGoal: 0
2025-12-13 01:16:00,803 - PaperAgentLogger - DEBUG - New map
2025-12-13 01:16:01,619 - PaperAgentLogger - INFO - ################## PaperArchitecture_map20x20_rho1_10Agent/K3_HS0/1765556206 - End of loop ##################  
 ####### Case4207 	 Computation time:0.8151364326477051 	 Step27/54	- AllReachGoal-True

2025-12-13 01:16:01,620 - PaperAgentLogger - INFO - current rateReachGoal: 0
2025-12-13 01:16:01,634 - PaperAgentLogger - DEBUG - New map
2025-12-13 01:16:02,272 - PaperAgentLogger - INFO - ################## PaperArchitecture_map20x20_rho1_10Agent/K3_HS0/1765556206 - End of loop ##################  
 ####### Case4208 	 Computation time:0.6372184753417969 	 Step21/42	- AllReachGoal-True

2025-12-13 01:16:02,273 - PaperAgentLogger - INFO - current rateReachGoal: 0
2025-12-13 01:16:02,290 - PaperAgentLogger - DEBUG - New map
2025-12-13 01:16:03,555 - PaperAgentLogger - INFO - ################## PaperArchitecture_map20x20_rho1_10Agent/K3_HS0/1765556206 - End of loop ##################  
 ####### Case4209 	 Computation time:1.2647199630737305 	 Step42/60	- AllReachGoal-True

2025-12-13 01:16:03,556 - PaperAgentLogger - INFO - current rateReachGoal: 0
2025-12-13 01:16:03,572 - PaperAgentLogger - DEBUG - New map
2025-12-13 01:16:04,392 - PaperAgentLogger - INFO - ################## PaperArchitecture_map20x20_rho1_10Agent/K3_HS0/1765556206 - End of loop ##################  
 ####### Case4210 	 Computation time:0.820173978805542 	 Step27/52	- AllReachGoal-True

2025-12-13 01:16:04,393 - PaperAgentLogger - INFO - current rateReachGoal: 0
2025-12-13 01:16:04,411 - PaperAgentLogger - DEBUG - New map
2025-12-13 01:16:05,647 - PaperAgentLogger - INFO - ################## PaperArchitecture_map20x20_rho1_10Agent/K3_HS0/1765556206 - End of loop ##################  
 ####### Case4211 	 Computation time:1.2346467971801758 	 Step41/68	- AllReachGoal-True

2025-12-13 01:16:05,647 - PaperAgentLogger - INFO - current rateReachGoal: 0
2025-12-13 01:16:05,664 - PaperAgentLogger - DEBUG - New map
2025-12-13 01:16:07,347 - PaperAgentLogger - INFO - ################## PaperArchitecture_map20x20_rho1_10Agent/K3_HS0/1765556206 - End of loop ##################  
 ####### Case4212 	 Computation time:1.68259859085083 	 Step56/56	- AllReachGoal-False

2025-12-13 01:16:07,347 - PaperAgentLogger - INFO - current rateReachGoal: 0
2025-12-13 01:16:07,363 - PaperAgentLogger - DEBUG - New map
2025-12-13 01:16:08,684 - PaperAgentLogger - INFO - ################## PaperArchitecture_map20x20_rho1_10Agent/K3_HS0/1765556206 - End of loop ##################  
 ####### Case4213 	 Computation time:1.3207368850708008 	 Step44/44	- AllReachGoal-False

2025-12-13 01:16:08,685 - PaperAgentLogger - INFO - current rateReachGoal: 0
2025-12-13 01:16:08,703 - PaperAgentLogger - DEBUG - New map
2025-12-13 01:16:10,638 - PaperAgentLogger - INFO - ################## PaperArchitecture_map20x20_rho1_10Agent/K3_HS0/1765556206 - End of loop ##################  
 ####### Case4214 	 Computation time:1.9347007274627686 	 Step66/66	- AllReachGoal-False

2025-12-13 01:16:10,639 - PaperAgentLogger - INFO - current rateReachGoal: 0
2025-12-13 01:16:10,657 - PaperAgentLogger - DEBUG - New map
2025-12-13 01:16:11,739 - PaperAgentLogger - INFO - ################## PaperArchitecture_map20x20_rho1_10Agent/K3_HS0/1765556206 - End of loop ##################  
 ####### Case4215 	 Computation time:1.0812568664550781 	 Step37/66	- AllReachGoal-True

2025-12-13 01:16:11,739 - PaperAgentLogger - INFO - current rateReachGoal: 0
2025-12-13 01:16:11,759 - PaperAgentLogger - DEBUG - New map
2025-12-13 01:16:13,915 - PaperAgentLogger - INFO - ################## PaperArchitecture_map20x20_rho1_10Agent/K3_HS0/1765556206 - End of loop ##################  
 ####### Case4216 	 Computation time:2.155555486679077 	 Step74/74	- AllReachGoal-False

2025-12-13 01:16:13,915 - PaperAgentLogger - INFO - current rateReachGoal: 0
2025-12-13 01:16:13,933 - PaperAgentLogger - DEBUG - New map
2025-12-13 01:16:15,739 - PaperAgentLogger - INFO - ################## PaperArchitecture_map20x20_rho1_10Agent/K3_HS0/1765556206 - End of loop ##################  
 ####### Case4217 	 Computation time:1.8047444820404053 	 Step62/62	- AllReachGoal-False

2025-12-13 01:16:15,739 - PaperAgentLogger - INFO - current rateReachGoal: 0
2025-12-13 01:16:15,754 - PaperAgentLogger - DEBUG - New map
2025-12-13 01:16:16,920 - PaperAgentLogger - INFO - ################## PaperArchitecture_map20x20_rho1_10Agent/K3_HS0/1765556206 - End of loop ##################  
 ####### Case4218 	 Computation time:1.1653187274932861 	 Step40/40	- AllReachGoal-False

2025-12-13 01:16:16,921 - PaperAgentLogger - INFO - current rateReachGoal: 0
2025-12-13 01:16:16,937 - PaperAgentLogger - DEBUG - New map
2025-12-13 01:16:17,761 - PaperAgentLogger - INFO - ################## PaperArchitecture_map20x20_rho1_10Agent/K3_HS0/1765556206 - End of loop ##################  
 ####### Case4219 	 Computation time:0.8237850666046143 	 Step28/56	- AllReachGoal-True

2025-12-13 01:16:17,762 - PaperAgentLogger - INFO - current rateReachGoal: 0
2025-12-13 01:16:17,779 - PaperAgentLogger - DEBUG - New map
2025-12-13 01:16:19,406 - PaperAgentLogger - INFO - ################## PaperArchitecture_map20x20_rho1_10Agent/K3_HS0/1765556206 - End of loop ##################  
 ####### Case4220 	 Computation time:1.6270098686218262 	 Step56/56	- AllReachGoal-False

2025-12-13 01:16:19,408 - PaperAgentLogger - INFO - current rateReachGoal: 0
2025-12-13 01:16:19,425 - PaperAgentLogger - DEBUG - New map
2025-12-13 01:16:20,249 - PaperAgentLogger - INFO - ################## PaperArchitecture_map20x20_rho1_10Agent/K3_HS0/1765556206 - End of loop ##################  
 ####### Case4221 	 Computation time:0.8234028816223145 	 Step28/54	- AllReachGoal-True

2025-12-13 01:16:20,249 - PaperAgentLogger - INFO - current rateReachGoal: 0
2025-12-13 01:16:20,266 - PaperAgentLogger - DEBUG - New map
2025-12-13 01:16:21,895 - PaperAgentLogger - INFO - ################## PaperArchitecture_map20x20_rho1_10Agent/K3_HS0/1765556206 - End of loop ##################  
 ####### Case4222 	 Computation time:1.6279892921447754 	 Step56/56	- AllReachGoal-False

2025-12-13 01:16:21,895 - PaperAgentLogger - INFO - current rateReachGoal: 0
2025-12-13 01:16:21,911 - PaperAgentLogger - DEBUG - New map
2025-12-13 01:16:23,317 - PaperAgentLogger - INFO - ################## PaperArchitecture_map20x20_rho1_10Agent/K3_HS0/1765556206 - End of loop ##################  
 ####### Case4223 	 Computation time:1.4051895141601562 	 Step48/48	- AllReachGoal-False

2025-12-13 01:16:23,317 - PaperAgentLogger - INFO - current rateReachGoal: 0
2025-12-13 01:16:23,333 - PaperAgentLogger - DEBUG - New map
2025-12-13 01:16:24,068 - PaperAgentLogger - INFO - ################## PaperArchitecture_map20x20_rho1_10Agent/K3_HS0/1765556206 - End of loop ##################  
 ####### Case4224 	 Computation time:0.734551191329956 	 Step25/48	- AllReachGoal-True

2025-12-13 01:16:24,069 - PaperAgentLogger - INFO - current rateReachGoal: 0
2025-12-13 01:16:24,086 - PaperAgentLogger - DEBUG - New map
2025-12-13 01:16:25,773 - PaperAgentLogger - INFO - ################## PaperArchitecture_map20x20_rho1_10Agent/K3_HS0/1765556206 - End of loop ##################  
 ####### Case4225 	 Computation time:1.6870529651641846 	 Step58/58	- AllReachGoal-False

2025-12-13 01:16:25,774 - PaperAgentLogger - INFO - current rateReachGoal: 0
2025-12-13 01:16:25,790 - PaperAgentLogger - DEBUG - New map
2025-12-13 01:16:27,248 - PaperAgentLogger - INFO - ################## PaperArchitecture_map20x20_rho1_10Agent/K3_HS0/1765556206 - End of loop ##################  
 ####### Case4226 	 Computation time:1.457449197769165 	 Step50/50	- AllReachGoal-False

2025-12-13 01:16:27,249 - PaperAgentLogger - INFO - current rateReachGoal: 0
2025-12-13 01:16:27,266 - PaperAgentLogger - DEBUG - New map
2025-12-13 01:16:28,177 - PaperAgentLogger - INFO - ################## PaperArchitecture_map20x20_rho1_10Agent/K3_HS0/1765556206 - End of loop ##################  
 ####### Case4227 	 Computation time:0.9103167057037354 	 Step31/62	- AllReachGoal-True

2025-12-13 01:16:28,178 - PaperAgentLogger - INFO - current rateReachGoal: 0
2025-12-13 01:16:28,195 - PaperAgentLogger - DEBUG - New map
2025-12-13 01:16:29,567 - PaperAgentLogger - INFO - ################## PaperArchitecture_map20x20_rho1_10Agent/K3_HS0/1765556206 - End of loop ##################  
 ####### Case4228 	 Computation time:1.370847225189209 	 Step47/64	- AllReachGoal-True

2025-12-13 01:16:29,567 - PaperAgentLogger - INFO - current rateReachGoal: 0
2025-12-13 01:16:29,586 - PaperAgentLogger - DEBUG - New map
2025-12-13 01:16:30,718 - PaperAgentLogger - INFO - ################## PaperArchitecture_map20x20_rho1_10Agent/K3_HS0/1765556206 - End of loop ##################  
 ####### Case4229 	 Computation time:1.1308917999267578 	 Step38/74	- AllReachGoal-True

2025-12-13 01:16:30,719 - PaperAgentLogger - INFO - current rateReachGoal: 0
2025-12-13 01:16:30,733 - PaperAgentLogger - DEBUG - New map
2025-12-13 01:16:31,402 - PaperAgentLogger - INFO - ################## PaperArchitecture_map20x20_rho1_10Agent/K3_HS0/1765556206 - End of loop ##################  
 ####### Case4230 	 Computation time:0.6675553321838379 	 Step22/44	- AllReachGoal-True

2025-12-13 01:16:31,404 - PaperAgentLogger - INFO - current rateReachGoal: 0
2025-12-13 01:16:31,419 - PaperAgentLogger - DEBUG - New map
2025-12-13 01:16:32,589 - PaperAgentLogger - INFO - ################## PaperArchitecture_map20x20_rho1_10Agent/K3_HS0/1765556206 - End of loop ##################  
 ####### Case4231 	 Computation time:1.1690893173217773 	 Step39/48	- AllReachGoal-True

2025-12-13 01:16:32,590 - PaperAgentLogger - INFO - current rateReachGoal: 0
2025-12-13 01:16:32,607 - PaperAgentLogger - DEBUG - New map
2025-12-13 01:16:33,663 - PaperAgentLogger - INFO - ################## PaperArchitecture_map20x20_rho1_10Agent/K3_HS0/1765556206 - End of loop ##################  
 ####### Case4232 	 Computation time:1.055894136428833 	 Step35/56	- AllReachGoal-True

2025-12-13 01:16:33,664 - PaperAgentLogger - INFO - current rateReachGoal: 0
2025-12-13 01:16:33,680 - PaperAgentLogger - DEBUG - New map
2025-12-13 01:16:34,420 - PaperAgentLogger - INFO - ################## PaperArchitecture_map20x20_rho1_10Agent/K3_HS0/1765556206 - End of loop ##################  
 ####### Case4233 	 Computation time:0.7403442859649658 	 Step25/50	- AllReachGoal-True

2025-12-13 01:16:34,421 - PaperAgentLogger - INFO - current rateReachGoal: 0
2025-12-13 01:16:34,438 - PaperAgentLogger - DEBUG - New map
2025-12-13 01:16:35,228 - PaperAgentLogger - INFO - ################## PaperArchitecture_map20x20_rho1_10Agent/K3_HS0/1765556206 - End of loop ##################  
 ####### Case4234 	 Computation time:0.7898085117340088 	 Step27/54	- AllReachGoal-True

2025-12-13 01:16:35,229 - PaperAgentLogger - INFO - current rateReachGoal: 0
2025-12-13 01:16:35,243 - PaperAgentLogger - DEBUG - New map
2025-12-13 01:16:35,804 - PaperAgentLogger - INFO - ################## PaperArchitecture_map20x20_rho1_10Agent/K3_HS0/1765556206 - End of loop ##################  
 ####### Case4235 	 Computation time:0.5604097843170166 	 Step19/38	- AllReachGoal-True

2025-12-13 01:16:35,805 - PaperAgentLogger - INFO - current rateReachGoal: 0
2025-12-13 01:16:35,820 - PaperAgentLogger - DEBUG - New map
2025-12-13 01:16:36,552 - PaperAgentLogger - INFO - ################## PaperArchitecture_map20x20_rho1_10Agent/K3_HS0/1765556206 - End of loop ##################  
 ####### Case4236 	 Computation time:0.7319228649139404 	 Step25/42	- AllReachGoal-True

2025-12-13 01:16:36,554 - PaperAgentLogger - INFO - current rateReachGoal: 0
2025-12-13 01:16:36,570 - PaperAgentLogger - DEBUG - New map
2025-12-13 01:16:37,918 - PaperAgentLogger - INFO - ################## PaperArchitecture_map20x20_rho1_10Agent/K3_HS0/1765556206 - End of loop ##################  
 ####### Case4237 	 Computation time:1.348250150680542 	 Step46/46	- AllReachGoal-False

2025-12-13 01:16:37,919 - PaperAgentLogger - INFO - current rateReachGoal: 0
2025-12-13 01:16:37,937 - PaperAgentLogger - DEBUG - New map
2025-12-13 01:16:39,947 - PaperAgentLogger - INFO - ################## PaperArchitecture_map20x20_rho1_10Agent/K3_HS0/1765556206 - End of loop ##################  
 ####### Case4238 	 Computation time:2.0095760822296143 	 Step68/68	- AllReachGoal-False

2025-12-13 01:16:39,948 - PaperAgentLogger - INFO - current rateReachGoal: 0
2025-12-13 01:16:39,963 - PaperAgentLogger - DEBUG - New map
2025-12-13 01:16:40,688 - PaperAgentLogger - INFO - ################## PaperArchitecture_map20x20_rho1_10Agent/K3_HS0/1765556206 - End of loop ##################  
 ####### Case4239 	 Computation time:0.724672794342041 	 Step24/42	- AllReachGoal-True

2025-12-13 01:16:40,689 - PaperAgentLogger - INFO - current rateReachGoal: 0
2025-12-13 01:16:40,705 - PaperAgentLogger - DEBUG - New map
2025-12-13 01:16:41,785 - PaperAgentLogger - INFO - ################## PaperArchitecture_map20x20_rho1_10Agent/K3_HS0/1765556206 - End of loop ##################  
 ####### Case4240 	 Computation time:1.079228162765503 	 Step36/56	- AllReachGoal-True

2025-12-13 01:16:41,787 - PaperAgentLogger - INFO - current rateReachGoal: 0
2025-12-13 01:16:41,802 - PaperAgentLogger - DEBUG - New map
2025-12-13 01:16:42,468 - PaperAgentLogger - INFO - ################## PaperArchitecture_map20x20_rho1_10Agent/K3_HS0/1765556206 - End of loop ##################  
 ####### Case4241 	 Computation time:0.6652705669403076 	 Step22/44	- AllReachGoal-True

2025-12-13 01:16:42,468 - PaperAgentLogger - INFO - current rateReachGoal: 0
2025-12-13 01:16:42,486 - PaperAgentLogger - DEBUG - New map
2025-12-13 01:16:44,486 - PaperAgentLogger - INFO - ################## PaperArchitecture_map20x20_rho1_10Agent/K3_HS0/1765556206 - End of loop ##################  
 ####### Case4242 	 Computation time:1.9996082782745361 	 Step68/68	- AllReachGoal-False

2025-12-13 01:16:44,487 - PaperAgentLogger - INFO - current rateReachGoal: 0
2025-12-13 01:16:44,504 - PaperAgentLogger - DEBUG - New map
2025-12-13 01:16:46,022 - PaperAgentLogger - INFO - ################## PaperArchitecture_map20x20_rho1_10Agent/K3_HS0/1765556206 - End of loop ##################  
 ####### Case4243 	 Computation time:1.518083095550537 	 Step52/52	- AllReachGoal-False

2025-12-13 01:16:46,023 - PaperAgentLogger - INFO - current rateReachGoal: 0
2025-12-13 01:16:46,041 - PaperAgentLogger - DEBUG - New map
2025-12-13 01:16:48,001 - PaperAgentLogger - INFO - ################## PaperArchitecture_map20x20_rho1_10Agent/K3_HS0/1765556206 - End of loop ##################  
 ####### Case4244 	 Computation time:1.9592640399932861 	 Step66/66	- AllReachGoal-False

2025-12-13 01:16:48,002 - PaperAgentLogger - INFO - current rateReachGoal: 0
2025-12-13 01:16:48,017 - PaperAgentLogger - DEBUG - New map
2025-12-13 01:16:49,042 - PaperAgentLogger - INFO - ################## PaperArchitecture_map20x20_rho1_10Agent/K3_HS0/1765556206 - End of loop ##################  
 ####### Case4245 	 Computation time:1.02445387840271 	 Step34/50	- AllReachGoal-True

2025-12-13 01:16:49,043 - PaperAgentLogger - INFO - current rateReachGoal: 0
2025-12-13 01:16:49,058 - PaperAgentLogger - DEBUG - New map
2025-12-13 01:16:49,724 - PaperAgentLogger - INFO - ################## PaperArchitecture_map20x20_rho1_10Agent/K3_HS0/1765556206 - End of loop ##################  
 ####### Case4246 	 Computation time:0.6658849716186523 	 Step22/44	- AllReachGoal-True

2025-12-13 01:16:49,725 - PaperAgentLogger - INFO - current rateReachGoal: 0
2025-12-13 01:16:49,740 - PaperAgentLogger - DEBUG - New map
2025-12-13 01:16:50,471 - PaperAgentLogger - INFO - ################## PaperArchitecture_map20x20_rho1_10Agent/K3_HS0/1765556206 - End of loop ##################  
 ####### Case4247 	 Computation time:0.7305035591125488 	 Step24/48	- AllReachGoal-True

2025-12-13 01:16:50,472 - PaperAgentLogger - INFO - current rateReachGoal: 0
2025-12-13 01:16:50,488 - PaperAgentLogger - DEBUG - New map
2025-12-13 01:16:51,353 - PaperAgentLogger - INFO - ################## PaperArchitecture_map20x20_rho1_10Agent/K3_HS0/1765556206 - End of loop ##################  
 ####### Case4248 	 Computation time:0.8639984130859375 	 Step29/54	- AllReachGoal-True

2025-12-13 01:16:51,353 - PaperAgentLogger - INFO - current rateReachGoal: 0
2025-12-13 01:16:51,367 - PaperAgentLogger - DEBUG - New map
2025-12-13 01:16:51,990 - PaperAgentLogger - INFO - ################## PaperArchitecture_map20x20_rho1_10Agent/K3_HS0/1765556206 - End of loop ##################  
 ####### Case4249 	 Computation time:0.6226022243499756 	 Step21/32	- AllReachGoal-True

2025-12-13 01:16:51,991 - PaperAgentLogger - INFO - current rateReachGoal: 0
2025-12-13 01:16:52,006 - PaperAgentLogger - DEBUG - New map
2025-12-13 01:16:52,719 - PaperAgentLogger - INFO - ################## PaperArchitecture_map20x20_rho1_10Agent/K3_HS0/1765556206 - End of loop ##################  
 ####### Case4250 	 Computation time:0.7122244834899902 	 Step24/48	- AllReachGoal-True

2025-12-13 01:16:52,720 - PaperAgentLogger - INFO - current rateReachGoal: 0
2025-12-13 01:16:52,737 - PaperAgentLogger - DEBUG - New map
2025-12-13 01:16:54,382 - PaperAgentLogger - INFO - ################## PaperArchitecture_map20x20_rho1_10Agent/K3_HS0/1765556206 - End of loop ##################  
 ####### Case4251 	 Computation time:1.6449370384216309 	 Step56/56	- AllReachGoal-False

2025-12-13 01:16:54,383 - PaperAgentLogger - INFO - current rateReachGoal: 0
2025-12-13 01:16:54,400 - PaperAgentLogger - DEBUG - New map
2025-12-13 01:16:56,157 - PaperAgentLogger - INFO - ################## PaperArchitecture_map20x20_rho1_10Agent/K3_HS0/1765556206 - End of loop ##################  
 ####### Case4252 	 Computation time:1.7554919719696045 	 Step60/60	- AllReachGoal-False

2025-12-13 01:16:56,157 - PaperAgentLogger - INFO - current rateReachGoal: 0
2025-12-13 01:16:56,173 - PaperAgentLogger - DEBUG - New map
2025-12-13 01:16:57,570 - PaperAgentLogger - INFO - ################## PaperArchitecture_map20x20_rho1_10Agent/K3_HS0/1765556206 - End of loop ##################  
 ####### Case4253 	 Computation time:1.3969910144805908 	 Step48/48	- AllReachGoal-False

2025-12-13 01:16:57,571 - PaperAgentLogger - INFO - current rateReachGoal: 0
2025-12-13 01:16:57,588 - PaperAgentLogger - DEBUG - New map
2025-12-13 01:16:59,161 - PaperAgentLogger - INFO - ################## PaperArchitecture_map20x20_rho1_10Agent/K3_HS0/1765556206 - End of loop ##################  
 ####### Case4254 	 Computation time:1.5724587440490723 	 Step54/54	- AllReachGoal-False

2025-12-13 01:16:59,161 - PaperAgentLogger - INFO - current rateReachGoal: 0
2025-12-13 01:16:59,180 - PaperAgentLogger - DEBUG - New map
2025-12-13 01:17:00,270 - PaperAgentLogger - INFO - ################## PaperArchitecture_map20x20_rho1_10Agent/K3_HS0/1765556206 - End of loop ##################  
 ####### Case4255 	 Computation time:1.089059829711914 	 Step37/70	- AllReachGoal-True

2025-12-13 01:17:00,272 - PaperAgentLogger - INFO - current rateReachGoal: 0
2025-12-13 01:17:00,287 - PaperAgentLogger - DEBUG - New map
2025-12-13 01:17:01,029 - PaperAgentLogger - INFO - ################## PaperArchitecture_map20x20_rho1_10Agent/K3_HS0/1765556206 - End of loop ##################  
 ####### Case4256 	 Computation time:0.7409975528717041 	 Step25/48	- AllReachGoal-True

2025-12-13 01:17:01,030 - PaperAgentLogger - INFO - current rateReachGoal: 0
2025-12-13 01:17:01,046 - PaperAgentLogger - DEBUG - New map
2025-12-13 01:17:01,813 - PaperAgentLogger - INFO - ################## PaperArchitecture_map20x20_rho1_10Agent/K3_HS0/1765556206 - End of loop ##################  
 ####### Case4257 	 Computation time:0.7667484283447266 	 Step26/50	- AllReachGoal-True

2025-12-13 01:17:01,814 - PaperAgentLogger - INFO - current rateReachGoal: 0
2025-12-13 01:17:01,829 - PaperAgentLogger - DEBUG - New map
2025-12-13 01:17:02,684 - PaperAgentLogger - INFO - ################## PaperArchitecture_map20x20_rho1_10Agent/K3_HS0/1765556206 - End of loop ##################  
 ####### Case4258 	 Computation time:0.8536942005157471 	 Step29/54	- AllReachGoal-True

2025-12-13 01:17:02,684 - PaperAgentLogger - INFO - current rateReachGoal: 0
2025-12-13 01:17:02,703 - PaperAgentLogger - DEBUG - New map
2025-12-13 01:17:03,673 - PaperAgentLogger - INFO - ################## PaperArchitecture_map20x20_rho1_10Agent/K3_HS0/1765556206 - End of loop ##################  
 ####### Case4259 	 Computation time:0.9698789119720459 	 Step33/66	- AllReachGoal-True

2025-12-13 01:17:03,674 - PaperAgentLogger - INFO - current rateReachGoal: 0
2025-12-13 01:17:03,689 - PaperAgentLogger - DEBUG - New map
2025-12-13 01:17:04,460 - PaperAgentLogger - INFO - ################## PaperArchitecture_map20x20_rho1_10Agent/K3_HS0/1765556206 - End of loop ##################  
 ####### Case4260 	 Computation time:0.7695975303649902 	 Step26/48	- AllReachGoal-True

2025-12-13 01:17:04,460 - PaperAgentLogger - INFO - current rateReachGoal: 0
2025-12-13 01:17:04,478 - PaperAgentLogger - DEBUG - New map
2025-12-13 01:17:06,364 - PaperAgentLogger - INFO - ################## PaperArchitecture_map20x20_rho1_10Agent/K3_HS0/1765556206 - End of loop ##################  
 ####### Case4261 	 Computation time:1.8849737644195557 	 Step64/64	- AllReachGoal-False

2025-12-13 01:17:06,364 - PaperAgentLogger - INFO - current rateReachGoal: 0
2025-12-13 01:17:06,381 - PaperAgentLogger - DEBUG - New map
2025-12-13 01:17:08,007 - PaperAgentLogger - INFO - ################## PaperArchitecture_map20x20_rho1_10Agent/K3_HS0/1765556206 - End of loop ##################  
 ####### Case4262 	 Computation time:1.6259303092956543 	 Step54/54	- AllReachGoal-False

2025-12-13 01:17:08,008 - PaperAgentLogger - INFO - current rateReachGoal: 0
2025-12-13 01:17:08,025 - PaperAgentLogger - DEBUG - New map
2025-12-13 01:17:09,653 - PaperAgentLogger - INFO - ################## PaperArchitecture_map20x20_rho1_10Agent/K3_HS0/1765556206 - End of loop ##################  
 ####### Case4263 	 Computation time:1.6278033256530762 	 Step54/54	- AllReachGoal-False

2025-12-13 01:17:09,654 - PaperAgentLogger - INFO - current rateReachGoal: 0
2025-12-13 01:17:09,670 - PaperAgentLogger - DEBUG - New map
2025-12-13 01:17:10,551 - PaperAgentLogger - INFO - ################## PaperArchitecture_map20x20_rho1_10Agent/K3_HS0/1765556206 - End of loop ##################  
 ####### Case4264 	 Computation time:0.879706621170044 	 Step29/56	- AllReachGoal-True

2025-12-13 01:17:10,551 - PaperAgentLogger - INFO - current rateReachGoal: 0
2025-12-13 01:17:10,568 - PaperAgentLogger - DEBUG - New map
2025-12-13 01:17:11,478 - PaperAgentLogger - INFO - ################## PaperArchitecture_map20x20_rho1_10Agent/K3_HS0/1765556206 - End of loop ##################  
 ####### Case4265 	 Computation time:0.9087283611297607 	 Step30/60	- AllReachGoal-True

2025-12-13 01:17:11,480 - PaperAgentLogger - INFO - current rateReachGoal: 0
2025-12-13 01:17:11,497 - PaperAgentLogger - DEBUG - New map
2025-12-13 01:17:12,468 - PaperAgentLogger - INFO - ################## PaperArchitecture_map20x20_rho1_10Agent/K3_HS0/1765556206 - End of loop ##################  
 ####### Case4266 	 Computation time:0.9703776836395264 	 Step32/62	- AllReachGoal-True

2025-12-13 01:17:12,469 - PaperAgentLogger - INFO - current rateReachGoal: 0
2025-12-13 01:17:12,484 - PaperAgentLogger - DEBUG - New map
2025-12-13 01:17:13,814 - PaperAgentLogger - INFO - ################## PaperArchitecture_map20x20_rho1_10Agent/K3_HS0/1765556206 - End of loop ##################  
 ####### Case4267 	 Computation time:1.329030990600586 	 Step44/44	- AllReachGoal-False

2025-12-13 01:17:13,814 - PaperAgentLogger - INFO - current rateReachGoal: 0
2025-12-13 01:17:13,831 - PaperAgentLogger - DEBUG - New map
2025-12-13 01:17:14,586 - PaperAgentLogger - INFO - ################## PaperArchitecture_map20x20_rho1_10Agent/K3_HS0/1765556206 - End of loop ##################  
 ####### Case4268 	 Computation time:0.7549147605895996 	 Step25/50	- AllReachGoal-True

2025-12-13 01:17:14,587 - PaperAgentLogger - INFO - current rateReachGoal: 0
2025-12-13 01:17:14,602 - PaperAgentLogger - DEBUG - New map
2025-12-13 01:17:15,301 - PaperAgentLogger - INFO - ################## PaperArchitecture_map20x20_rho1_10Agent/K3_HS0/1765556206 - End of loop ##################  
 ####### Case4269 	 Computation time:0.6990792751312256 	 Step23/44	- AllReachGoal-True

2025-12-13 01:17:15,302 - PaperAgentLogger - INFO - current rateReachGoal: 0
2025-12-13 01:17:15,318 - PaperAgentLogger - DEBUG - New map
2025-12-13 01:17:16,168 - PaperAgentLogger - INFO - ################## PaperArchitecture_map20x20_rho1_10Agent/K3_HS0/1765556206 - End of loop ##################  
 ####### Case4270 	 Computation time:0.8493852615356445 	 Step28/56	- AllReachGoal-True

2025-12-13 01:17:16,169 - PaperAgentLogger - INFO - current rateReachGoal: 0
2025-12-13 01:17:16,186 - PaperAgentLogger - DEBUG - New map
2025-12-13 01:17:18,046 - PaperAgentLogger - INFO - ################## PaperArchitecture_map20x20_rho1_10Agent/K3_HS0/1765556206 - End of loop ##################  
 ####### Case4271 	 Computation time:1.8590919971466064 	 Step62/62	- AllReachGoal-False

2025-12-13 01:17:18,047 - PaperAgentLogger - INFO - current rateReachGoal: 0
2025-12-13 01:17:18,064 - PaperAgentLogger - DEBUG - New map
2025-12-13 01:17:19,056 - PaperAgentLogger - INFO - ################## PaperArchitecture_map20x20_rho1_10Agent/K3_HS0/1765556206 - End of loop ##################  
 ####### Case4272 	 Computation time:0.9915494918823242 	 Step33/62	- AllReachGoal-True

2025-12-13 01:17:19,057 - PaperAgentLogger - INFO - current rateReachGoal: 0
2025-12-13 01:17:19,073 - PaperAgentLogger - DEBUG - New map
2025-12-13 01:17:20,693 - PaperAgentLogger - INFO - ################## PaperArchitecture_map20x20_rho1_10Agent/K3_HS0/1765556206 - End of loop ##################  
 ####### Case4273 	 Computation time:1.6188201904296875 	 Step54/54	- AllReachGoal-False

2025-12-13 01:17:20,693 - PaperAgentLogger - INFO - current rateReachGoal: 0
2025-12-13 01:17:20,710 - PaperAgentLogger - DEBUG - New map
2025-12-13 01:17:21,617 - PaperAgentLogger - INFO - ################## PaperArchitecture_map20x20_rho1_10Agent/K3_HS0/1765556206 - End of loop ##################  
 ####### Case4274 	 Computation time:0.9060516357421875 	 Step30/58	- AllReachGoal-True

2025-12-13 01:17:21,618 - PaperAgentLogger - INFO - current rateReachGoal: 0
2025-12-13 01:17:21,635 - PaperAgentLogger - DEBUG - New map
2025-12-13 01:17:22,542 - PaperAgentLogger - INFO - ################## PaperArchitecture_map20x20_rho1_10Agent/K3_HS0/1765556206 - End of loop ##################  
 ####### Case4275 	 Computation time:0.9063572883605957 	 Step30/60	- AllReachGoal-True

2025-12-13 01:17:22,542 - PaperAgentLogger - INFO - current rateReachGoal: 0
2025-12-13 01:17:22,561 - PaperAgentLogger - DEBUG - New map
2025-12-13 01:17:24,566 - PaperAgentLogger - INFO - ################## PaperArchitecture_map20x20_rho1_10Agent/K3_HS0/1765556206 - End of loop ##################  
 ####### Case4276 	 Computation time:2.0049500465393066 	 Step68/68	- AllReachGoal-False

2025-12-13 01:17:24,567 - PaperAgentLogger - INFO - current rateReachGoal: 0
2025-12-13 01:17:24,583 - PaperAgentLogger - DEBUG - New map
2025-12-13 01:17:25,498 - PaperAgentLogger - INFO - ################## PaperArchitecture_map20x20_rho1_10Agent/K3_HS0/1765556206 - End of loop ##################  
 ####### Case4277 	 Computation time:0.9146206378936768 	 Step31/52	- AllReachGoal-True

2025-12-13 01:17:25,499 - PaperAgentLogger - INFO - current rateReachGoal: 0
2025-12-13 01:17:25,516 - PaperAgentLogger - DEBUG - New map
2025-12-13 01:17:26,404 - PaperAgentLogger - INFO - ################## PaperArchitecture_map20x20_rho1_10Agent/K3_HS0/1765556206 - End of loop ##################  
 ####### Case4278 	 Computation time:0.8874080181121826 	 Step30/60	- AllReachGoal-True

2025-12-13 01:17:26,405 - PaperAgentLogger - INFO - current rateReachGoal: 0
2025-12-13 01:17:26,422 - PaperAgentLogger - DEBUG - New map
2025-12-13 01:17:27,483 - PaperAgentLogger - INFO - ################## PaperArchitecture_map20x20_rho1_10Agent/K3_HS0/1765556206 - End of loop ##################  
 ####### Case4279 	 Computation time:1.0607836246490479 	 Step36/60	- AllReachGoal-True

2025-12-13 01:17:27,484 - PaperAgentLogger - INFO - current rateReachGoal: 0
2025-12-13 01:17:27,501 - PaperAgentLogger - DEBUG - New map
2025-12-13 01:17:28,408 - PaperAgentLogger - INFO - ################## PaperArchitecture_map20x20_rho1_10Agent/K3_HS0/1765556206 - End of loop ##################  
 ####### Case4280 	 Computation time:0.9064764976501465 	 Step30/60	- AllReachGoal-True

2025-12-13 01:17:28,409 - PaperAgentLogger - INFO - current rateReachGoal: 0
2025-12-13 01:17:28,427 - PaperAgentLogger - DEBUG - New map
2025-12-13 01:17:29,693 - PaperAgentLogger - INFO - ################## PaperArchitecture_map20x20_rho1_10Agent/K3_HS0/1765556206 - End of loop ##################  
 ####### Case4281 	 Computation time:1.265578031539917 	 Step43/68	- AllReachGoal-True

2025-12-13 01:17:29,695 - PaperAgentLogger - INFO - current rateReachGoal: 0
2025-12-13 01:17:29,711 - PaperAgentLogger - DEBUG - New map
2025-12-13 01:17:30,451 - PaperAgentLogger - INFO - ################## PaperArchitecture_map20x20_rho1_10Agent/K3_HS0/1765556206 - End of loop ##################  
 ####### Case4282 	 Computation time:0.7398340702056885 	 Step25/50	- AllReachGoal-True

2025-12-13 01:17:30,452 - PaperAgentLogger - INFO - current rateReachGoal: 0
2025-12-13 01:17:30,470 - PaperAgentLogger - DEBUG - New map
2025-12-13 01:17:32,342 - PaperAgentLogger - INFO - ################## PaperArchitecture_map20x20_rho1_10Agent/K3_HS0/1765556206 - End of loop ##################  
 ####### Case4283 	 Computation time:1.8718256950378418 	 Step64/64	- AllReachGoal-False

2025-12-13 01:17:32,343 - PaperAgentLogger - INFO - current rateReachGoal: 0
2025-12-13 01:17:32,359 - PaperAgentLogger - DEBUG - New map
2025-12-13 01:17:33,148 - PaperAgentLogger - INFO - ################## PaperArchitecture_map20x20_rho1_10Agent/K3_HS0/1765556206 - End of loop ##################  
 ####### Case4284 	 Computation time:0.7879998683929443 	 Step26/48	- AllReachGoal-True

2025-12-13 01:17:33,148 - PaperAgentLogger - INFO - current rateReachGoal: 0
2025-12-13 01:17:33,164 - PaperAgentLogger - DEBUG - New map
2025-12-13 01:17:34,015 - PaperAgentLogger - INFO - ################## PaperArchitecture_map20x20_rho1_10Agent/K3_HS0/1765556206 - End of loop ##################  
 ####### Case4285 	 Computation time:0.850508451461792 	 Step28/42	- AllReachGoal-True

2025-12-13 01:17:34,015 - PaperAgentLogger - INFO - current rateReachGoal: 0
2025-12-13 01:17:34,033 - PaperAgentLogger - DEBUG - New map
2025-12-13 01:17:36,067 - PaperAgentLogger - INFO - ################## PaperArchitecture_map20x20_rho1_10Agent/K3_HS0/1765556206 - End of loop ##################  
 ####### Case4286 	 Computation time:2.033409595489502 	 Step68/68	- AllReachGoal-False

2025-12-13 01:17:36,068 - PaperAgentLogger - INFO - current rateReachGoal: 0
2025-12-13 01:17:36,084 - PaperAgentLogger - DEBUG - New map
2025-12-13 01:17:37,587 - PaperAgentLogger - INFO - ################## PaperArchitecture_map20x20_rho1_10Agent/K3_HS0/1765556206 - End of loop ##################  
 ####### Case4287 	 Computation time:1.502126693725586 	 Step50/50	- AllReachGoal-False

2025-12-13 01:17:37,587 - PaperAgentLogger - INFO - current rateReachGoal: 0
2025-12-13 01:17:37,605 - PaperAgentLogger - DEBUG - New map
2025-12-13 01:17:39,525 - PaperAgentLogger - INFO - ################## PaperArchitecture_map20x20_rho1_10Agent/K3_HS0/1765556206 - End of loop ##################  
 ####### Case4288 	 Computation time:1.9195387363433838 	 Step64/64	- AllReachGoal-False

2025-12-13 01:17:39,526 - PaperAgentLogger - INFO - current rateReachGoal: 0
2025-12-13 01:17:39,541 - PaperAgentLogger - DEBUG - New map
2025-12-13 01:17:41,046 - PaperAgentLogger - INFO - ################## PaperArchitecture_map20x20_rho1_10Agent/K3_HS0/1765556206 - End of loop ##################  
 ####### Case4289 	 Computation time:1.504408836364746 	 Step50/50	- AllReachGoal-False

2025-12-13 01:17:41,047 - PaperAgentLogger - INFO - current rateReachGoal: 0
2025-12-13 01:17:41,063 - PaperAgentLogger - DEBUG - New map
2025-12-13 01:17:42,587 - PaperAgentLogger - INFO - ################## PaperArchitecture_map20x20_rho1_10Agent/K3_HS0/1765556206 - End of loop ##################  
 ####### Case4290 	 Computation time:1.5233492851257324 	 Step52/52	- AllReachGoal-False

2025-12-13 01:17:42,587 - PaperAgentLogger - INFO - current rateReachGoal: 0
2025-12-13 01:17:42,604 - PaperAgentLogger - DEBUG - New map
2025-12-13 01:17:43,404 - PaperAgentLogger - INFO - ################## PaperArchitecture_map20x20_rho1_10Agent/K3_HS0/1765556206 - End of loop ##################  
 ####### Case4291 	 Computation time:0.7996108531951904 	 Step27/54	- AllReachGoal-True

2025-12-13 01:17:43,405 - PaperAgentLogger - INFO - current rateReachGoal: 0
2025-12-13 01:17:43,422 - PaperAgentLogger - DEBUG - New map
2025-12-13 01:17:44,421 - PaperAgentLogger - INFO - ################## PaperArchitecture_map20x20_rho1_10Agent/K3_HS0/1765556206 - End of loop ##################  
 ####### Case4292 	 Computation time:0.998410701751709 	 Step34/62	- AllReachGoal-True

2025-12-13 01:17:44,422 - PaperAgentLogger - INFO - current rateReachGoal: 0
2025-12-13 01:17:44,437 - PaperAgentLogger - DEBUG - New map
2025-12-13 01:17:45,617 - PaperAgentLogger - INFO - ################## PaperArchitecture_map20x20_rho1_10Agent/K3_HS0/1765556206 - End of loop ##################  
 ####### Case4293 	 Computation time:1.1801750659942627 	 Step40/40	- AllReachGoal-False

2025-12-13 01:17:45,618 - PaperAgentLogger - INFO - current rateReachGoal: 0
2025-12-13 01:17:45,634 - PaperAgentLogger - DEBUG - New map
2025-12-13 01:17:46,994 - PaperAgentLogger - INFO - ################## PaperArchitecture_map20x20_rho1_10Agent/K3_HS0/1765556206 - End of loop ##################  
 ####### Case4294 	 Computation time:1.3599188327789307 	 Step45/54	- AllReachGoal-True

2025-12-13 01:17:46,995 - PaperAgentLogger - INFO - current rateReachGoal: 0
2025-12-13 01:17:47,013 - PaperAgentLogger - DEBUG - New map
2025-12-13 01:17:48,928 - PaperAgentLogger - INFO - ################## PaperArchitecture_map20x20_rho1_10Agent/K3_HS0/1765556206 - End of loop ##################  
 ####### Case4295 	 Computation time:1.915140151977539 	 Step64/64	- AllReachGoal-False

2025-12-13 01:17:48,929 - PaperAgentLogger - INFO - current rateReachGoal: 0
2025-12-13 01:17:48,945 - PaperAgentLogger - DEBUG - New map
2025-12-13 01:17:49,788 - PaperAgentLogger - INFO - ################## PaperArchitecture_map20x20_rho1_10Agent/K3_HS0/1765556206 - End of loop ##################  
 ####### Case4296 	 Computation time:0.842259407043457 	 Step28/54	- AllReachGoal-True

2025-12-13 01:17:49,789 - PaperAgentLogger - INFO - current rateReachGoal: 0
2025-12-13 01:17:49,806 - PaperAgentLogger - DEBUG - New map
2025-12-13 01:17:50,777 - PaperAgentLogger - INFO - ################## PaperArchitecture_map20x20_rho1_10Agent/K3_HS0/1765556206 - End of loop ##################  
 ####### Case4297 	 Computation time:0.9707057476043701 	 Step32/60	- AllReachGoal-True

2025-12-13 01:17:50,778 - PaperAgentLogger - INFO - current rateReachGoal: 0
2025-12-13 01:17:50,795 - PaperAgentLogger - DEBUG - New map
2025-12-13 01:17:51,767 - PaperAgentLogger - INFO - ################## PaperArchitecture_map20x20_rho1_10Agent/K3_HS0/1765556206 - End of loop ##################  
 ####### Case4298 	 Computation time:0.9717602729797363 	 Step32/58	- AllReachGoal-True

2025-12-13 01:17:51,768 - PaperAgentLogger - INFO - current rateReachGoal: 0
2025-12-13 01:17:51,785 - PaperAgentLogger - DEBUG - New map
2025-12-13 01:17:52,726 - PaperAgentLogger - INFO - ################## PaperArchitecture_map20x20_rho1_10Agent/K3_HS0/1765556206 - End of loop ##################  
 ####### Case4299 	 Computation time:0.9406192302703857 	 Step31/60	- AllReachGoal-True

2025-12-13 01:17:52,727 - PaperAgentLogger - INFO - current rateReachGoal: 0
2025-12-13 01:17:52,745 - PaperAgentLogger - DEBUG - New map
2025-12-13 01:17:53,789 - PaperAgentLogger - INFO - ################## PaperArchitecture_map20x20_rho1_10Agent/K3_HS0/1765556206 - End of loop ##################  
 ####### Case4300 	 Computation time:1.0440216064453125 	 Step34/58	- AllReachGoal-True

2025-12-13 01:17:53,790 - PaperAgentLogger - INFO - current rateReachGoal: 0
2025-12-13 01:17:53,808 - PaperAgentLogger - DEBUG - New map
2025-12-13 01:17:54,884 - PaperAgentLogger - INFO - ################## PaperArchitecture_map20x20_rho1_10Agent/K3_HS0/1765556206 - End of loop ##################  
 ####### Case4301 	 Computation time:1.0754125118255615 	 Step35/66	- AllReachGoal-True

2025-12-13 01:17:54,885 - PaperAgentLogger - INFO - current rateReachGoal: 0
2025-12-13 01:17:54,903 - PaperAgentLogger - DEBUG - New map
2025-12-13 01:17:55,908 - PaperAgentLogger - INFO - ################## PaperArchitecture_map20x20_rho1_10Agent/K3_HS0/1765556206 - End of loop ##################  
 ####### Case4302 	 Computation time:1.0052287578582764 	 Step33/62	- AllReachGoal-True

2025-12-13 01:17:55,909 - PaperAgentLogger - INFO - current rateReachGoal: 0
2025-12-13 01:17:55,924 - PaperAgentLogger - DEBUG - New map
2025-12-13 01:17:57,143 - PaperAgentLogger - INFO - ################## PaperArchitecture_map20x20_rho1_10Agent/K3_HS0/1765556206 - End of loop ##################  
 ####### Case4303 	 Computation time:1.2183341979980469 	 Step40/40	- AllReachGoal-False

2025-12-13 01:17:57,143 - PaperAgentLogger - INFO - current rateReachGoal: 0
2025-12-13 01:17:57,160 - PaperAgentLogger - DEBUG - New map
2025-12-13 01:17:58,800 - PaperAgentLogger - INFO - ################## PaperArchitecture_map20x20_rho1_10Agent/K3_HS0/1765556206 - End of loop ##################  
 ####### Case4304 	 Computation time:1.6391775608062744 	 Step54/54	- AllReachGoal-False

2025-12-13 01:17:58,800 - PaperAgentLogger - INFO - current rateReachGoal: 0
2025-12-13 01:17:58,816 - PaperAgentLogger - DEBUG - New map
2025-12-13 01:18:00,278 - PaperAgentLogger - INFO - ################## PaperArchitecture_map20x20_rho1_10Agent/K3_HS0/1765556206 - End of loop ##################  
 ####### Case4305 	 Computation time:1.4616262912750244 	 Step48/48	- AllReachGoal-False

2025-12-13 01:18:00,281 - PaperAgentLogger - INFO - current rateReachGoal: 0
2025-12-13 01:18:00,296 - PaperAgentLogger - DEBUG - New map
2025-12-13 01:18:01,749 - PaperAgentLogger - INFO - ################## PaperArchitecture_map20x20_rho1_10Agent/K3_HS0/1765556206 - End of loop ##################  
 ####### Case4306 	 Computation time:1.452362060546875 	 Step48/48	- AllReachGoal-False

2025-12-13 01:18:01,750 - PaperAgentLogger - INFO - current rateReachGoal: 0
2025-12-13 01:18:01,768 - PaperAgentLogger - DEBUG - New map
2025-12-13 01:18:02,749 - PaperAgentLogger - INFO - ################## PaperArchitecture_map20x20_rho1_10Agent/K3_HS0/1765556206 - End of loop ##################  
 ####### Case4307 	 Computation time:0.9803507328033447 	 Step32/64	- AllReachGoal-True

2025-12-13 01:18:02,749 - PaperAgentLogger - INFO - current rateReachGoal: 0
2025-12-13 01:18:02,765 - PaperAgentLogger - DEBUG - New map
2025-12-13 01:18:04,238 - PaperAgentLogger - INFO - ################## PaperArchitecture_map20x20_rho1_10Agent/K3_HS0/1765556206 - End of loop ##################  
 ####### Case4308 	 Computation time:1.4728143215179443 	 Step48/48	- AllReachGoal-False

2025-12-13 01:18:04,239 - PaperAgentLogger - INFO - current rateReachGoal: 0
2025-12-13 01:18:04,254 - PaperAgentLogger - DEBUG - New map
2025-12-13 01:18:05,023 - PaperAgentLogger - INFO - ################## PaperArchitecture_map20x20_rho1_10Agent/K3_HS0/1765556206 - End of loop ##################  
 ####### Case4309 	 Computation time:0.7693057060241699 	 Step25/40	- AllReachGoal-True

2025-12-13 01:18:05,024 - PaperAgentLogger - INFO - current rateReachGoal: 0
2025-12-13 01:18:05,040 - PaperAgentLogger - DEBUG - New map
2025-12-13 01:18:06,112 - PaperAgentLogger - INFO - ################## PaperArchitecture_map20x20_rho1_10Agent/K3_HS0/1765556206 - End of loop ##################  
 ####### Case4310 	 Computation time:1.0719048976898193 	 Step35/48	- AllReachGoal-True

2025-12-13 01:18:06,113 - PaperAgentLogger - INFO - current rateReachGoal: 0
2025-12-13 01:18:06,130 - PaperAgentLogger - DEBUG - New map
2025-12-13 01:18:07,778 - PaperAgentLogger - INFO - ################## PaperArchitecture_map20x20_rho1_10Agent/K3_HS0/1765556206 - End of loop ##################  
 ####### Case4311 	 Computation time:1.6474378108978271 	 Step54/54	- AllReachGoal-False

2025-12-13 01:18:07,778 - PaperAgentLogger - INFO - current rateReachGoal: 0
2025-12-13 01:18:07,794 - PaperAgentLogger - DEBUG - New map
2025-12-13 01:18:09,261 - PaperAgentLogger - INFO - ################## PaperArchitecture_map20x20_rho1_10Agent/K3_HS0/1765556206 - End of loop ##################  
 ####### Case4312 	 Computation time:1.4663629531860352 	 Step48/48	- AllReachGoal-False

2025-12-13 01:18:09,261 - PaperAgentLogger - INFO - current rateReachGoal: 0
2025-12-13 01:18:09,278 - PaperAgentLogger - DEBUG - New map
2025-12-13 01:18:10,322 - PaperAgentLogger - INFO - ################## PaperArchitecture_map20x20_rho1_10Agent/K3_HS0/1765556206 - End of loop ##################  
 ####### Case4313 	 Computation time:1.0434925556182861 	 Step34/58	- AllReachGoal-True

2025-12-13 01:18:10,323 - PaperAgentLogger - INFO - current rateReachGoal: 0
2025-12-13 01:18:10,340 - PaperAgentLogger - DEBUG - New map
2025-12-13 01:18:11,933 - PaperAgentLogger - INFO - ################## PaperArchitecture_map20x20_rho1_10Agent/K3_HS0/1765556206 - End of loop ##################  
 ####### Case4314 	 Computation time:1.5927398204803467 	 Step52/52	- AllReachGoal-False

2025-12-13 01:18:11,934 - PaperAgentLogger - INFO - current rateReachGoal: 0
2025-12-13 01:18:11,949 - PaperAgentLogger - DEBUG - New map
2025-12-13 01:18:12,687 - PaperAgentLogger - INFO - ################## PaperArchitecture_map20x20_rho1_10Agent/K3_HS0/1765556206 - End of loop ##################  
 ####### Case4315 	 Computation time:0.7372016906738281 	 Step24/48	- AllReachGoal-True

2025-12-13 01:18:12,688 - PaperAgentLogger - INFO - current rateReachGoal: 0
2025-12-13 01:18:12,703 - PaperAgentLogger - DEBUG - New map
2025-12-13 01:18:13,717 - PaperAgentLogger - INFO - ################## PaperArchitecture_map20x20_rho1_10Agent/K3_HS0/1765556206 - End of loop ##################  
 ####### Case4316 	 Computation time:1.0135586261749268 	 Step33/46	- AllReachGoal-True

2025-12-13 01:18:13,718 - PaperAgentLogger - INFO - current rateReachGoal: 0
2025-12-13 01:18:13,735 - PaperAgentLogger - DEBUG - New map
2025-12-13 01:18:14,719 - PaperAgentLogger - INFO - ################## PaperArchitecture_map20x20_rho1_10Agent/K3_HS0/1765556206 - End of loop ##################  
 ####### Case4317 	 Computation time:0.9835391044616699 	 Step32/62	- AllReachGoal-True

2025-12-13 01:18:14,720 - PaperAgentLogger - INFO - current rateReachGoal: 0
2025-12-13 01:18:14,737 - PaperAgentLogger - DEBUG - New map
2025-12-13 01:18:15,750 - PaperAgentLogger - INFO - ################## PaperArchitecture_map20x20_rho1_10Agent/K3_HS0/1765556206 - End of loop ##################  
 ####### Case4318 	 Computation time:1.013359785079956 	 Step34/58	- AllReachGoal-True

2025-12-13 01:18:15,751 - PaperAgentLogger - INFO - current rateReachGoal: 0
2025-12-13 01:18:15,767 - PaperAgentLogger - DEBUG - New map
2025-12-13 01:18:16,483 - PaperAgentLogger - INFO - ################## PaperArchitecture_map20x20_rho1_10Agent/K3_HS0/1765556206 - End of loop ##################  
 ####### Case4319 	 Computation time:0.7158858776092529 	 Step24/44	- AllReachGoal-True

2025-12-13 01:18:16,484 - PaperAgentLogger - INFO - current rateReachGoal: 0
2025-12-13 01:18:16,498 - PaperAgentLogger - DEBUG - New map
2025-12-13 01:18:17,127 - PaperAgentLogger - INFO - ################## PaperArchitecture_map20x20_rho1_10Agent/K3_HS0/1765556206 - End of loop ##################  
 ####### Case4320 	 Computation time:0.6276118755340576 	 Step21/38	- AllReachGoal-True

2025-12-13 01:18:17,129 - PaperAgentLogger - INFO - current rateReachGoal: 0
2025-12-13 01:18:17,145 - PaperAgentLogger - DEBUG - New map
2025-12-13 01:18:18,860 - PaperAgentLogger - INFO - ################## PaperArchitecture_map20x20_rho1_10Agent/K3_HS0/1765556206 - End of loop ##################  
 ####### Case4321 	 Computation time:1.7140042781829834 	 Step58/58	- AllReachGoal-False

2025-12-13 01:18:18,861 - PaperAgentLogger - INFO - current rateReachGoal: 0
2025-12-13 01:18:18,878 - PaperAgentLogger - DEBUG - New map
2025-12-13 01:18:19,747 - PaperAgentLogger - INFO - ################## PaperArchitecture_map20x20_rho1_10Agent/K3_HS0/1765556206 - End of loop ##################  
 ####### Case4322 	 Computation time:0.8682770729064941 	 Step29/56	- AllReachGoal-True

2025-12-13 01:18:19,747 - PaperAgentLogger - INFO - current rateReachGoal: 0
2025-12-13 01:18:19,763 - PaperAgentLogger - DEBUG - New map
2025-12-13 01:18:21,180 - PaperAgentLogger - INFO - ################## PaperArchitecture_map20x20_rho1_10Agent/K3_HS0/1765556206 - End of loop ##################  
 ####### Case4323 	 Computation time:1.416738748550415 	 Step48/48	- AllReachGoal-False

2025-12-13 01:18:21,181 - PaperAgentLogger - INFO - current rateReachGoal: 0
2025-12-13 01:18:21,198 - PaperAgentLogger - DEBUG - New map
2025-12-13 01:18:22,846 - PaperAgentLogger - INFO - ################## PaperArchitecture_map20x20_rho1_10Agent/K3_HS0/1765556206 - End of loop ##################  
 ####### Case4324 	 Computation time:1.6475696563720703 	 Step56/56	- AllReachGoal-False

2025-12-13 01:18:22,846 - PaperAgentLogger - INFO - current rateReachGoal: 0
2025-12-13 01:18:22,863 - PaperAgentLogger - DEBUG - New map
2025-12-13 01:18:24,197 - PaperAgentLogger - INFO - ################## PaperArchitecture_map20x20_rho1_10Agent/K3_HS0/1765556206 - End of loop ##################  
 ####### Case4325 	 Computation time:1.3336787223815918 	 Step45/54	- AllReachGoal-True

2025-12-13 01:18:24,198 - PaperAgentLogger - INFO - current rateReachGoal: 0
2025-12-13 01:18:24,213 - PaperAgentLogger - DEBUG - New map
2025-12-13 01:18:25,401 - PaperAgentLogger - INFO - ################## PaperArchitecture_map20x20_rho1_10Agent/K3_HS0/1765556206 - End of loop ##################  
 ####### Case4326 	 Computation time:1.1877872943878174 	 Step40/40	- AllReachGoal-False

2025-12-13 01:18:25,402 - PaperAgentLogger - INFO - current rateReachGoal: 0
2025-12-13 01:18:25,418 - PaperAgentLogger - DEBUG - New map
2025-12-13 01:18:27,019 - PaperAgentLogger - INFO - ################## PaperArchitecture_map20x20_rho1_10Agent/K3_HS0/1765556206 - End of loop ##################  
 ####### Case4327 	 Computation time:1.6002051830291748 	 Step54/54	- AllReachGoal-False

2025-12-13 01:18:27,019 - PaperAgentLogger - INFO - current rateReachGoal: 0
2025-12-13 01:18:27,037 - PaperAgentLogger - DEBUG - New map
2025-12-13 01:18:28,803 - PaperAgentLogger - INFO - ################## PaperArchitecture_map20x20_rho1_10Agent/K3_HS0/1765556206 - End of loop ##################  
 ####### Case4328 	 Computation time:1.7653584480285645 	 Step58/58	- AllReachGoal-False

2025-12-13 01:18:28,803 - PaperAgentLogger - INFO - current rateReachGoal: 0
2025-12-13 01:18:28,819 - PaperAgentLogger - DEBUG - New map
2025-12-13 01:18:29,649 - PaperAgentLogger - INFO - ################## PaperArchitecture_map20x20_rho1_10Agent/K3_HS0/1765556206 - End of loop ##################  
 ####### Case4329 	 Computation time:0.8293561935424805 	 Step27/46	- AllReachGoal-True

2025-12-13 01:18:29,649 - PaperAgentLogger - INFO - current rateReachGoal: 0
2025-12-13 01:18:29,667 - PaperAgentLogger - DEBUG - New map
2025-12-13 01:18:31,627 - PaperAgentLogger - INFO - ################## PaperArchitecture_map20x20_rho1_10Agent/K3_HS0/1765556206 - End of loop ##################  
 ####### Case4330 	 Computation time:1.9594426155090332 	 Step64/64	- AllReachGoal-False

2025-12-13 01:18:31,627 - PaperAgentLogger - INFO - current rateReachGoal: 0
2025-12-13 01:18:31,642 - PaperAgentLogger - DEBUG - New map
2025-12-13 01:18:32,352 - PaperAgentLogger - INFO - ################## PaperArchitecture_map20x20_rho1_10Agent/K3_HS0/1765556206 - End of loop ##################  
 ####### Case4331 	 Computation time:0.7093982696533203 	 Step23/44	- AllReachGoal-True

2025-12-13 01:18:32,353 - PaperAgentLogger - INFO - current rateReachGoal: 0
2025-12-13 01:18:32,371 - PaperAgentLogger - DEBUG - New map
2025-12-13 01:18:34,482 - PaperAgentLogger - INFO - ################## PaperArchitecture_map20x20_rho1_10Agent/K3_HS0/1765556206 - End of loop ##################  
 ####### Case4332 	 Computation time:2.1098339557647705 	 Step70/70	- AllReachGoal-False

2025-12-13 01:18:34,482 - PaperAgentLogger - INFO - current rateReachGoal: 0
2025-12-13 01:18:34,498 - PaperAgentLogger - DEBUG - New map
2025-12-13 01:18:35,417 - PaperAgentLogger - INFO - ################## PaperArchitecture_map20x20_rho1_10Agent/K3_HS0/1765556206 - End of loop ##################  
 ####### Case4333 	 Computation time:0.9177968502044678 	 Step30/54	- AllReachGoal-True

2025-12-13 01:18:35,417 - PaperAgentLogger - INFO - current rateReachGoal: 0
2025-12-13 01:18:35,434 - PaperAgentLogger - DEBUG - New map
2025-12-13 01:18:37,137 - PaperAgentLogger - INFO - ################## PaperArchitecture_map20x20_rho1_10Agent/K3_HS0/1765556206 - End of loop ##################  
 ####### Case4334 	 Computation time:1.7024669647216797 	 Step56/56	- AllReachGoal-False

2025-12-13 01:18:37,137 - PaperAgentLogger - INFO - current rateReachGoal: 0
2025-12-13 01:18:37,155 - PaperAgentLogger - DEBUG - New map
2025-12-13 01:18:38,228 - PaperAgentLogger - INFO - ################## PaperArchitecture_map20x20_rho1_10Agent/K3_HS0/1765556206 - End of loop ##################  
 ####### Case4335 	 Computation time:1.0727972984313965 	 Step35/64	- AllReachGoal-True

2025-12-13 01:18:38,229 - PaperAgentLogger - INFO - current rateReachGoal: 0
2025-12-13 01:18:38,245 - PaperAgentLogger - DEBUG - New map
2025-12-13 01:18:39,477 - PaperAgentLogger - INFO - ################## PaperArchitecture_map20x20_rho1_10Agent/K3_HS0/1765556206 - End of loop ##################  
 ####### Case4336 	 Computation time:1.2315177917480469 	 Step41/50	- AllReachGoal-True

2025-12-13 01:18:39,478 - PaperAgentLogger - INFO - current rateReachGoal: 0
2025-12-13 01:18:39,494 - PaperAgentLogger - DEBUG - New map
2025-12-13 01:18:40,934 - PaperAgentLogger - INFO - ################## PaperArchitecture_map20x20_rho1_10Agent/K3_HS0/1765556206 - End of loop ##################  
 ####### Case4337 	 Computation time:1.4399433135986328 	 Step48/48	- AllReachGoal-False

2025-12-13 01:18:40,935 - PaperAgentLogger - INFO - current rateReachGoal: 0
2025-12-13 01:18:40,953 - PaperAgentLogger - DEBUG - New map
2025-12-13 01:18:43,008 - PaperAgentLogger - INFO - ################## PaperArchitecture_map20x20_rho1_10Agent/K3_HS0/1765556206 - End of loop ##################  
 ####### Case4338 	 Computation time:2.053825616836548 	 Step68/68	- AllReachGoal-False

2025-12-13 01:18:43,008 - PaperAgentLogger - INFO - current rateReachGoal: 0
2025-12-13 01:18:43,024 - PaperAgentLogger - DEBUG - New map
2025-12-13 01:18:43,910 - PaperAgentLogger - INFO - ################## PaperArchitecture_map20x20_rho1_10Agent/K3_HS0/1765556206 - End of loop ##################  
 ####### Case4339 	 Computation time:0.8853883743286133 	 Step29/50	- AllReachGoal-True

2025-12-13 01:18:43,911 - PaperAgentLogger - INFO - current rateReachGoal: 0
2025-12-13 01:18:43,931 - PaperAgentLogger - DEBUG - New map
2025-12-13 01:18:45,659 - PaperAgentLogger - INFO - ################## PaperArchitecture_map20x20_rho1_10Agent/K3_HS0/1765556206 - End of loop ##################  
 ####### Case4340 	 Computation time:1.7273550033569336 	 Step58/76	- AllReachGoal-True

2025-12-13 01:18:45,659 - PaperAgentLogger - INFO - current rateReachGoal: 0
2025-12-13 01:18:45,677 - PaperAgentLogger - DEBUG - New map
2025-12-13 01:18:46,687 - PaperAgentLogger - INFO - ################## PaperArchitecture_map20x20_rho1_10Agent/K3_HS0/1765556206 - End of loop ##################  
 ####### Case4341 	 Computation time:1.0104224681854248 	 Step34/58	- AllReachGoal-True

2025-12-13 01:18:46,688 - PaperAgentLogger - INFO - current rateReachGoal: 0
2025-12-13 01:18:46,705 - PaperAgentLogger - DEBUG - New map
2025-12-13 01:18:47,716 - PaperAgentLogger - INFO - ################## PaperArchitecture_map20x20_rho1_10Agent/K3_HS0/1765556206 - End of loop ##################  
 ####### Case4342 	 Computation time:1.0105020999908447 	 Step34/56	- AllReachGoal-True

2025-12-13 01:18:47,717 - PaperAgentLogger - INFO - current rateReachGoal: 0
2025-12-13 01:18:47,734 - PaperAgentLogger - DEBUG - New map
2025-12-13 01:18:48,716 - PaperAgentLogger - INFO - ################## PaperArchitecture_map20x20_rho1_10Agent/K3_HS0/1765556206 - End of loop ##################  
 ####### Case4343 	 Computation time:0.9814839363098145 	 Step33/60	- AllReachGoal-True

2025-12-13 01:18:48,716 - PaperAgentLogger - INFO - current rateReachGoal: 0
2025-12-13 01:18:48,732 - PaperAgentLogger - DEBUG - New map
2025-12-13 01:18:49,479 - PaperAgentLogger - INFO - ################## PaperArchitecture_map20x20_rho1_10Agent/K3_HS0/1765556206 - End of loop ##################  
 ####### Case4344 	 Computation time:0.7460036277770996 	 Step25/50	- AllReachGoal-True

2025-12-13 01:18:49,479 - PaperAgentLogger - INFO - current rateReachGoal: 0
2025-12-13 01:18:49,495 - PaperAgentLogger - DEBUG - New map
2025-12-13 01:18:50,981 - PaperAgentLogger - INFO - ################## PaperArchitecture_map20x20_rho1_10Agent/K3_HS0/1765556206 - End of loop ##################  
 ####### Case4345 	 Computation time:1.4852547645568848 	 Step50/50	- AllReachGoal-False

2025-12-13 01:18:50,982 - PaperAgentLogger - INFO - current rateReachGoal: 0
2025-12-13 01:18:50,997 - PaperAgentLogger - DEBUG - New map
2025-12-13 01:18:52,455 - PaperAgentLogger - INFO - ################## PaperArchitecture_map20x20_rho1_10Agent/K3_HS0/1765556206 - End of loop ##################  
 ####### Case4346 	 Computation time:1.4574649333953857 	 Step48/48	- AllReachGoal-False

2025-12-13 01:18:52,456 - PaperAgentLogger - INFO - current rateReachGoal: 0
2025-12-13 01:18:52,474 - PaperAgentLogger - DEBUG - New map
2025-12-13 01:18:54,495 - PaperAgentLogger - INFO - ################## PaperArchitecture_map20x20_rho1_10Agent/K3_HS0/1765556206 - End of loop ##################  
 ####### Case4347 	 Computation time:2.0207161903381348 	 Step68/68	- AllReachGoal-False

2025-12-13 01:18:54,496 - PaperAgentLogger - INFO - current rateReachGoal: 0
2025-12-13 01:18:54,512 - PaperAgentLogger - DEBUG - New map
2025-12-13 01:18:56,079 - PaperAgentLogger - INFO - ################## PaperArchitecture_map20x20_rho1_10Agent/K3_HS0/1765556206 - End of loop ##################  
 ####### Case4348 	 Computation time:1.5660433769226074 	 Step52/52	- AllReachGoal-False

2025-12-13 01:18:56,081 - PaperAgentLogger - INFO - current rateReachGoal: 0
2025-12-13 01:18:56,099 - PaperAgentLogger - DEBUG - New map
2025-12-13 01:18:58,073 - PaperAgentLogger - INFO - ################## PaperArchitecture_map20x20_rho1_10Agent/K3_HS0/1765556206 - End of loop ##################  
 ####### Case4349 	 Computation time:1.9731225967407227 	 Step66/66	- AllReachGoal-False

2025-12-13 01:18:58,073 - PaperAgentLogger - INFO - current rateReachGoal: 0
2025-12-13 01:18:58,090 - PaperAgentLogger - DEBUG - New map
2025-12-13 01:18:59,049 - PaperAgentLogger - INFO - ################## PaperArchitecture_map20x20_rho1_10Agent/K3_HS0/1765556206 - End of loop ##################  
 ####### Case4350 	 Computation time:0.9585616588592529 	 Step32/56	- AllReachGoal-True

2025-12-13 01:18:59,050 - PaperAgentLogger - INFO - current rateReachGoal: 0
2025-12-13 01:18:59,065 - PaperAgentLogger - DEBUG - New map
2025-12-13 01:19:00,586 - PaperAgentLogger - INFO - ################## PaperArchitecture_map20x20_rho1_10Agent/K3_HS0/1765556206 - End of loop ##################  
 ####### Case4351 	 Computation time:1.5205721855163574 	 Step50/50	- AllReachGoal-False

2025-12-13 01:19:00,587 - PaperAgentLogger - INFO - current rateReachGoal: 0
2025-12-13 01:19:00,602 - PaperAgentLogger - DEBUG - New map
2025-12-13 01:19:01,942 - PaperAgentLogger - INFO - ################## PaperArchitecture_map20x20_rho1_10Agent/K3_HS0/1765556206 - End of loop ##################  
 ####### Case4352 	 Computation time:1.3394689559936523 	 Step44/44	- AllReachGoal-False

2025-12-13 01:19:01,943 - PaperAgentLogger - INFO - current rateReachGoal: 0
2025-12-13 01:19:01,958 - PaperAgentLogger - DEBUG - New map
2025-12-13 01:19:02,642 - PaperAgentLogger - INFO - ################## PaperArchitecture_map20x20_rho1_10Agent/K3_HS0/1765556206 - End of loop ##################  
 ####### Case4353 	 Computation time:0.6835968494415283 	 Step23/46	- AllReachGoal-True

2025-12-13 01:19:02,643 - PaperAgentLogger - INFO - current rateReachGoal: 0
2025-12-13 01:19:02,660 - PaperAgentLogger - DEBUG - New map
2025-12-13 01:19:04,419 - PaperAgentLogger - INFO - ################## PaperArchitecture_map20x20_rho1_10Agent/K3_HS0/1765556206 - End of loop ##################  
 ####### Case4354 	 Computation time:1.7584559917449951 	 Step60/60	- AllReachGoal-False

2025-12-13 01:19:04,420 - PaperAgentLogger - INFO - current rateReachGoal: 0
2025-12-13 01:19:04,437 - PaperAgentLogger - DEBUG - New map
2025-12-13 01:19:06,148 - PaperAgentLogger - INFO - ################## PaperArchitecture_map20x20_rho1_10Agent/K3_HS0/1765556206 - End of loop ##################  
 ####### Case4355 	 Computation time:1.7107360363006592 	 Step58/58	- AllReachGoal-False

2025-12-13 01:19:06,149 - PaperAgentLogger - INFO - current rateReachGoal: 0
2025-12-13 01:19:06,165 - PaperAgentLogger - DEBUG - New map
2025-12-13 01:19:07,698 - PaperAgentLogger - INFO - ################## PaperArchitecture_map20x20_rho1_10Agent/K3_HS0/1765556206 - End of loop ##################  
 ####### Case4356 	 Computation time:1.5317997932434082 	 Step52/52	- AllReachGoal-False

2025-12-13 01:19:07,698 - PaperAgentLogger - INFO - current rateReachGoal: 0
2025-12-13 01:19:07,715 - PaperAgentLogger - DEBUG - New map
2025-12-13 01:19:09,188 - PaperAgentLogger - INFO - ################## PaperArchitecture_map20x20_rho1_10Agent/K3_HS0/1765556206 - End of loop ##################  
 ####### Case4357 	 Computation time:1.472764015197754 	 Step50/50	- AllReachGoal-False

2025-12-13 01:19:09,189 - PaperAgentLogger - INFO - current rateReachGoal: 0
2025-12-13 01:19:09,205 - PaperAgentLogger - DEBUG - New map
2025-12-13 01:19:09,982 - PaperAgentLogger - INFO - ################## PaperArchitecture_map20x20_rho1_10Agent/K3_HS0/1765556206 - End of loop ##################  
 ####### Case4358 	 Computation time:0.7766151428222656 	 Step26/52	- AllReachGoal-True

2025-12-13 01:19:09,983 - PaperAgentLogger - INFO - current rateReachGoal: 0
2025-12-13 01:19:09,999 - PaperAgentLogger - DEBUG - New map
2025-12-13 01:19:11,595 - PaperAgentLogger - INFO - ################## PaperArchitecture_map20x20_rho1_10Agent/K3_HS0/1765556206 - End of loop ##################  
 ####### Case4359 	 Computation time:1.5955629348754883 	 Step54/54	- AllReachGoal-False

2025-12-13 01:19:11,596 - PaperAgentLogger - INFO - current rateReachGoal: 0
2025-12-13 01:19:11,612 - PaperAgentLogger - DEBUG - New map
2025-12-13 01:19:13,030 - PaperAgentLogger - INFO - ################## PaperArchitecture_map20x20_rho1_10Agent/K3_HS0/1765556206 - End of loop ##################  
 ####### Case4360 	 Computation time:1.4176099300384521 	 Step48/48	- AllReachGoal-False

2025-12-13 01:19:13,032 - PaperAgentLogger - INFO - current rateReachGoal: 0
2025-12-13 01:19:13,047 - PaperAgentLogger - DEBUG - New map
2025-12-13 01:19:13,652 - PaperAgentLogger - INFO - ################## PaperArchitecture_map20x20_rho1_10Agent/K3_HS0/1765556206 - End of loop ##################  
 ####### Case4361 	 Computation time:0.6052215099334717 	 Step20/40	- AllReachGoal-True

2025-12-13 01:19:13,653 - PaperAgentLogger - INFO - current rateReachGoal: 0
2025-12-13 01:19:13,669 - PaperAgentLogger - DEBUG - New map
2025-12-13 01:19:14,592 - PaperAgentLogger - INFO - ################## PaperArchitecture_map20x20_rho1_10Agent/K3_HS0/1765556206 - End of loop ##################  
 ####### Case4362 	 Computation time:0.9219357967376709 	 Step30/52	- AllReachGoal-True

2025-12-13 01:19:14,593 - PaperAgentLogger - INFO - current rateReachGoal: 0
2025-12-13 01:19:14,608 - PaperAgentLogger - DEBUG - New map
2025-12-13 01:19:15,443 - PaperAgentLogger - INFO - ################## PaperArchitecture_map20x20_rho1_10Agent/K3_HS0/1765556206 - End of loop ##################  
 ####### Case4363 	 Computation time:0.8347113132476807 	 Step27/46	- AllReachGoal-True

2025-12-13 01:19:15,444 - PaperAgentLogger - INFO - current rateReachGoal: 0
2025-12-13 01:19:15,462 - PaperAgentLogger - DEBUG - New map
2025-12-13 01:19:16,655 - PaperAgentLogger - INFO - ################## PaperArchitecture_map20x20_rho1_10Agent/K3_HS0/1765556206 - End of loop ##################  
 ####### Case4364 	 Computation time:1.1925690174102783 	 Step39/64	- AllReachGoal-True

2025-12-13 01:19:16,655 - PaperAgentLogger - INFO - current rateReachGoal: 0
2025-12-13 01:19:16,671 - PaperAgentLogger - DEBUG - New map
2025-12-13 01:19:18,073 - PaperAgentLogger - INFO - ################## PaperArchitecture_map20x20_rho1_10Agent/K3_HS0/1765556206 - End of loop ##################  
 ####### Case4365 	 Computation time:1.4021759033203125 	 Step46/46	- AllReachGoal-False

2025-12-13 01:19:18,075 - PaperAgentLogger - INFO - current rateReachGoal: 0
2025-12-13 01:19:18,093 - PaperAgentLogger - DEBUG - New map
2025-12-13 01:19:19,315 - PaperAgentLogger - INFO - ################## PaperArchitecture_map20x20_rho1_10Agent/K3_HS0/1765556206 - End of loop ##################  
 ####### Case4366 	 Computation time:1.222240924835205 	 Step40/60	- AllReachGoal-True

2025-12-13 01:19:19,316 - PaperAgentLogger - INFO - current rateReachGoal: 0
2025-12-13 01:19:19,331 - PaperAgentLogger - DEBUG - New map
2025-12-13 01:19:20,041 - PaperAgentLogger - INFO - ################## PaperArchitecture_map20x20_rho1_10Agent/K3_HS0/1765556206 - End of loop ##################  
 ####### Case4367 	 Computation time:0.7094745635986328 	 Step23/44	- AllReachGoal-True

2025-12-13 01:19:20,042 - PaperAgentLogger - INFO - current rateReachGoal: 0
2025-12-13 01:19:20,059 - PaperAgentLogger - DEBUG - New map
2025-12-13 01:19:20,915 - PaperAgentLogger - INFO - ################## PaperArchitecture_map20x20_rho1_10Agent/K3_HS0/1765556206 - End of loop ##################  
 ####### Case4368 	 Computation time:0.8561744689941406 	 Step28/56	- AllReachGoal-True

2025-12-13 01:19:20,916 - PaperAgentLogger - INFO - current rateReachGoal: 0
2025-12-13 01:19:20,933 - PaperAgentLogger - DEBUG - New map
2025-12-13 01:19:22,514 - PaperAgentLogger - INFO - ################## PaperArchitecture_map20x20_rho1_10Agent/K3_HS0/1765556206 - End of loop ##################  
 ####### Case4369 	 Computation time:1.5802712440490723 	 Step52/52	- AllReachGoal-False

2025-12-13 01:19:22,514 - PaperAgentLogger - INFO - current rateReachGoal: 0
2025-12-13 01:19:22,530 - PaperAgentLogger - DEBUG - New map
2025-12-13 01:19:23,234 - PaperAgentLogger - INFO - ################## PaperArchitecture_map20x20_rho1_10Agent/K3_HS0/1765556206 - End of loop ##################  
 ####### Case4370 	 Computation time:0.70343017578125 	 Step23/42	- AllReachGoal-True

2025-12-13 01:19:23,236 - PaperAgentLogger - INFO - current rateReachGoal: 0
2025-12-13 01:19:23,253 - PaperAgentLogger - DEBUG - New map
2025-12-13 01:19:25,112 - PaperAgentLogger - INFO - ################## PaperArchitecture_map20x20_rho1_10Agent/K3_HS0/1765556206 - End of loop ##################  
 ####### Case4371 	 Computation time:1.8587441444396973 	 Step62/62	- AllReachGoal-False

2025-12-13 01:19:25,113 - PaperAgentLogger - INFO - current rateReachGoal: 0
2025-12-13 01:19:25,129 - PaperAgentLogger - DEBUG - New map
2025-12-13 01:19:26,450 - PaperAgentLogger - INFO - ################## PaperArchitecture_map20x20_rho1_10Agent/K3_HS0/1765556206 - End of loop ##################  
 ####### Case4372 	 Computation time:1.3209500312805176 	 Step44/48	- AllReachGoal-True

2025-12-13 01:19:26,451 - PaperAgentLogger - INFO - current rateReachGoal: 0
2025-12-13 01:19:26,466 - PaperAgentLogger - DEBUG - New map
2025-12-13 01:19:27,739 - PaperAgentLogger - INFO - ################## PaperArchitecture_map20x20_rho1_10Agent/K3_HS0/1765556206 - End of loop ##################  
 ####### Case4373 	 Computation time:1.27308988571167 	 Step42/42	- AllReachGoal-False

2025-12-13 01:19:27,740 - PaperAgentLogger - INFO - current rateReachGoal: 0
2025-12-13 01:19:27,756 - PaperAgentLogger - DEBUG - New map
2025-12-13 01:19:29,182 - PaperAgentLogger - INFO - ################## PaperArchitecture_map20x20_rho1_10Agent/K3_HS0/1765556206 - End of loop ##################  
 ####### Case4374 	 Computation time:1.4253287315368652 	 Step48/48	- AllReachGoal-False

2025-12-13 01:19:29,182 - PaperAgentLogger - INFO - current rateReachGoal: 0
2025-12-13 01:19:29,200 - PaperAgentLogger - DEBUG - New map
2025-12-13 01:19:30,149 - PaperAgentLogger - INFO - ################## PaperArchitecture_map20x20_rho1_10Agent/K3_HS0/1765556206 - End of loop ##################  
 ####### Case4375 	 Computation time:0.9489278793334961 	 Step32/60	- AllReachGoal-True

2025-12-13 01:19:30,150 - PaperAgentLogger - INFO - current rateReachGoal: 0
2025-12-13 01:19:30,166 - PaperAgentLogger - DEBUG - New map
2025-12-13 01:19:31,027 - PaperAgentLogger - INFO - ################## PaperArchitecture_map20x20_rho1_10Agent/K3_HS0/1765556206 - End of loop ##################  
 ####### Case4376 	 Computation time:0.8602986335754395 	 Step29/56	- AllReachGoal-True

2025-12-13 01:19:31,028 - PaperAgentLogger - INFO - current rateReachGoal: 0
2025-12-13 01:19:31,044 - PaperAgentLogger - DEBUG - New map
2025-12-13 01:19:31,934 - PaperAgentLogger - INFO - ################## PaperArchitecture_map20x20_rho1_10Agent/K3_HS0/1765556206 - End of loop ##################  
 ####### Case4377 	 Computation time:0.8894824981689453 	 Step30/52	- AllReachGoal-True

2025-12-13 01:19:31,935 - PaperAgentLogger - INFO - current rateReachGoal: 0
2025-12-13 01:19:31,952 - PaperAgentLogger - DEBUG - New map
2025-12-13 01:19:32,844 - PaperAgentLogger - INFO - ################## PaperArchitecture_map20x20_rho1_10Agent/K3_HS0/1765556206 - End of loop ##################  
 ####### Case4378 	 Computation time:0.891815185546875 	 Step30/56	- AllReachGoal-True

2025-12-13 01:19:32,845 - PaperAgentLogger - INFO - current rateReachGoal: 0
2025-12-13 01:19:32,862 - PaperAgentLogger - DEBUG - New map
2025-12-13 01:19:34,558 - PaperAgentLogger - INFO - ################## PaperArchitecture_map20x20_rho1_10Agent/K3_HS0/1765556206 - End of loop ##################  
 ####### Case4379 	 Computation time:1.6952567100524902 	 Step56/56	- AllReachGoal-False

2025-12-13 01:19:34,558 - PaperAgentLogger - INFO - current rateReachGoal: 0
2025-12-13 01:19:34,572 - PaperAgentLogger - DEBUG - New map
2025-12-13 01:19:35,551 - PaperAgentLogger - INFO - ################## PaperArchitecture_map20x20_rho1_10Agent/K3_HS0/1765556206 - End of loop ##################  
 ####### Case4380 	 Computation time:0.9781510829925537 	 Step33/36	- AllReachGoal-True

2025-12-13 01:19:35,552 - PaperAgentLogger - INFO - current rateReachGoal: 0
2025-12-13 01:19:35,569 - PaperAgentLogger - DEBUG - New map
2025-12-13 01:19:37,446 - PaperAgentLogger - INFO - ################## PaperArchitecture_map20x20_rho1_10Agent/K3_HS0/1765556206 - End of loop ##################  
 ####### Case4381 	 Computation time:1.8757984638214111 	 Step62/62	- AllReachGoal-False

2025-12-13 01:19:37,447 - PaperAgentLogger - INFO - current rateReachGoal: 0
2025-12-13 01:19:37,463 - PaperAgentLogger - DEBUG - New map
2025-12-13 01:19:39,043 - PaperAgentLogger - INFO - ################## PaperArchitecture_map20x20_rho1_10Agent/K3_HS0/1765556206 - End of loop ##################  
 ####### Case4382 	 Computation time:1.5791876316070557 	 Step52/52	- AllReachGoal-False

2025-12-13 01:19:39,043 - PaperAgentLogger - INFO - current rateReachGoal: 0
2025-12-13 01:19:39,060 - PaperAgentLogger - DEBUG - New map
2025-12-13 01:19:39,979 - PaperAgentLogger - INFO - ################## PaperArchitecture_map20x20_rho1_10Agent/K3_HS0/1765556206 - End of loop ##################  
 ####### Case4383 	 Computation time:0.9181079864501953 	 Step30/60	- AllReachGoal-True

2025-12-13 01:19:39,981 - PaperAgentLogger - INFO - current rateReachGoal: 0
2025-12-13 01:19:39,999 - PaperAgentLogger - DEBUG - New map
2025-12-13 01:19:41,221 - PaperAgentLogger - INFO - ################## PaperArchitecture_map20x20_rho1_10Agent/K3_HS0/1765556206 - End of loop ##################  
 ####### Case4384 	 Computation time:1.221470594406128 	 Step40/60	- AllReachGoal-True

2025-12-13 01:19:41,221 - PaperAgentLogger - INFO - current rateReachGoal: 0
2025-12-13 01:19:41,237 - PaperAgentLogger - DEBUG - New map
2025-12-13 01:19:42,755 - PaperAgentLogger - INFO - ################## PaperArchitecture_map20x20_rho1_10Agent/K3_HS0/1765556206 - End of loop ##################  
 ####### Case4385 	 Computation time:1.5172898769378662 	 Step50/50	- AllReachGoal-False

2025-12-13 01:19:42,756 - PaperAgentLogger - INFO - current rateReachGoal: 0
2025-12-13 01:19:42,772 - PaperAgentLogger - DEBUG - New map
2025-12-13 01:19:44,291 - PaperAgentLogger - INFO - ################## PaperArchitecture_map20x20_rho1_10Agent/K3_HS0/1765556206 - End of loop ##################  
 ####### Case4386 	 Computation time:1.5189242362976074 	 Step50/50	- AllReachGoal-False

2025-12-13 01:19:44,292 - PaperAgentLogger - INFO - current rateReachGoal: 0
2025-12-13 01:19:44,311 - PaperAgentLogger - DEBUG - New map
2025-12-13 01:19:46,492 - PaperAgentLogger - INFO - ################## PaperArchitecture_map20x20_rho1_10Agent/K3_HS0/1765556206 - End of loop ##################  
 ####### Case4387 	 Computation time:2.1807591915130615 	 Step72/72	- AllReachGoal-False

2025-12-13 01:19:46,493 - PaperAgentLogger - INFO - current rateReachGoal: 0
2025-12-13 01:19:46,510 - PaperAgentLogger - DEBUG - New map
2025-12-13 01:19:48,270 - PaperAgentLogger - INFO - ################## PaperArchitecture_map20x20_rho1_10Agent/K3_HS0/1765556206 - End of loop ##################  
 ####### Case4388 	 Computation time:1.759704828262329 	 Step58/58	- AllReachGoal-False

2025-12-13 01:19:48,271 - PaperAgentLogger - INFO - current rateReachGoal: 0
2025-12-13 01:19:48,289 - PaperAgentLogger - DEBUG - New map
2025-12-13 01:19:49,412 - PaperAgentLogger - INFO - ################## PaperArchitecture_map20x20_rho1_10Agent/K3_HS0/1765556206 - End of loop ##################  
 ####### Case4389 	 Computation time:1.1225860118865967 	 Step37/62	- AllReachGoal-True

2025-12-13 01:19:49,412 - PaperAgentLogger - INFO - current rateReachGoal: 0
2025-12-13 01:19:49,429 - PaperAgentLogger - DEBUG - New map
2025-12-13 01:19:51,063 - PaperAgentLogger - INFO - ################## PaperArchitecture_map20x20_rho1_10Agent/K3_HS0/1765556206 - End of loop ##################  
 ####### Case4390 	 Computation time:1.6342263221740723 	 Step54/54	- AllReachGoal-False

2025-12-13 01:19:51,064 - PaperAgentLogger - INFO - current rateReachGoal: 0
2025-12-13 01:19:51,081 - PaperAgentLogger - DEBUG - New map
2025-12-13 01:19:52,835 - PaperAgentLogger - INFO - ################## PaperArchitecture_map20x20_rho1_10Agent/K3_HS0/1765556206 - End of loop ##################  
 ####### Case4391 	 Computation time:1.753803014755249 	 Step58/58	- AllReachGoal-False

2025-12-13 01:19:52,836 - PaperAgentLogger - INFO - current rateReachGoal: 0
2025-12-13 01:19:52,852 - PaperAgentLogger - DEBUG - New map
2025-12-13 01:19:53,765 - PaperAgentLogger - INFO - ################## PaperArchitecture_map20x20_rho1_10Agent/K3_HS0/1765556206 - End of loop ##################  
 ####### Case4392 	 Computation time:0.9131951332092285 	 Step30/46	- AllReachGoal-True

2025-12-13 01:19:53,766 - PaperAgentLogger - INFO - current rateReachGoal: 0
2025-12-13 01:19:53,785 - PaperAgentLogger - DEBUG - New map
2025-12-13 01:19:55,154 - PaperAgentLogger - INFO - ################## PaperArchitecture_map20x20_rho1_10Agent/K3_HS0/1765556206 - End of loop ##################  
 ####### Case4393 	 Computation time:1.3684570789337158 	 Step45/70	- AllReachGoal-True

2025-12-13 01:19:55,154 - PaperAgentLogger - INFO - current rateReachGoal: 0
2025-12-13 01:19:55,171 - PaperAgentLogger - DEBUG - New map
2025-12-13 01:19:56,148 - PaperAgentLogger - INFO - ################## PaperArchitecture_map20x20_rho1_10Agent/K3_HS0/1765556206 - End of loop ##################  
 ####### Case4394 	 Computation time:0.9771087169647217 	 Step32/54	- AllReachGoal-True

2025-12-13 01:19:56,149 - PaperAgentLogger - INFO - current rateReachGoal: 0
2025-12-13 01:19:56,164 - PaperAgentLogger - DEBUG - New map
2025-12-13 01:19:57,498 - PaperAgentLogger - INFO - ################## PaperArchitecture_map20x20_rho1_10Agent/K3_HS0/1765556206 - End of loop ##################  
 ####### Case4395 	 Computation time:1.3333771228790283 	 Step44/44	- AllReachGoal-False

2025-12-13 01:19:57,499 - PaperAgentLogger - INFO - current rateReachGoal: 0
2025-12-13 01:19:57,514 - PaperAgentLogger - DEBUG - New map
2025-12-13 01:19:58,279 - PaperAgentLogger - INFO - ################## PaperArchitecture_map20x20_rho1_10Agent/K3_HS0/1765556206 - End of loop ##################  
 ####### Case4396 	 Computation time:0.764786958694458 	 Step25/48	- AllReachGoal-True

2025-12-13 01:19:58,282 - PaperAgentLogger - INFO - current rateReachGoal: 0
2025-12-13 01:19:58,298 - PaperAgentLogger - DEBUG - New map
2025-12-13 01:20:00,128 - PaperAgentLogger - INFO - ################## PaperArchitecture_map20x20_rho1_10Agent/K3_HS0/1765556206 - End of loop ##################  
 ####### Case4397 	 Computation time:1.8287591934204102 	 Step60/60	- AllReachGoal-False

2025-12-13 01:20:00,128 - PaperAgentLogger - INFO - current rateReachGoal: 0
2025-12-13 01:20:00,145 - PaperAgentLogger - DEBUG - New map
2025-12-13 01:20:01,240 - PaperAgentLogger - INFO - ################## PaperArchitecture_map20x20_rho1_10Agent/K3_HS0/1765556206 - End of loop ##################  
 ####### Case4398 	 Computation time:1.094750165939331 	 Step36/56	- AllReachGoal-True

2025-12-13 01:20:01,241 - PaperAgentLogger - INFO - current rateReachGoal: 0
2025-12-13 01:20:01,259 - PaperAgentLogger - DEBUG - New map
2025-12-13 01:20:02,267 - PaperAgentLogger - INFO - ################## PaperArchitecture_map20x20_rho1_10Agent/K3_HS0/1765556206 - End of loop ##################  
 ####### Case4399 	 Computation time:1.0070390701293945 	 Step33/66	- AllReachGoal-True

2025-12-13 01:20:02,267 - PaperAgentLogger - INFO - current rateReachGoal: 0
2025-12-13 01:20:02,283 - PaperAgentLogger - DEBUG - New map
2025-12-13 01:20:03,080 - PaperAgentLogger - INFO - ################## PaperArchitecture_map20x20_rho1_10Agent/K3_HS0/1765556206 - End of loop ##################  
 ####### Case4400 	 Computation time:0.7966084480285645 	 Step27/54	- AllReachGoal-True

2025-12-13 01:20:03,081 - PaperAgentLogger - INFO - current rateReachGoal: 0
2025-12-13 01:20:03,099 - PaperAgentLogger - DEBUG - New map
2025-12-13 01:20:05,017 - PaperAgentLogger - INFO - ################## PaperArchitecture_map20x20_rho1_10Agent/K3_HS0/1765556206 - End of loop ##################  
 ####### Case4401 	 Computation time:1.9174444675445557 	 Step66/66	- AllReachGoal-False

2025-12-13 01:20:05,017 - PaperAgentLogger - INFO - current rateReachGoal: 0
2025-12-13 01:20:05,033 - PaperAgentLogger - DEBUG - New map
2025-12-13 01:20:06,398 - PaperAgentLogger - INFO - ################## PaperArchitecture_map20x20_rho1_10Agent/K3_HS0/1765556206 - End of loop ##################  
 ####### Case4402 	 Computation time:1.364448070526123 	 Step47/48	- AllReachGoal-True

2025-12-13 01:20:06,398 - PaperAgentLogger - INFO - current rateReachGoal: 0
2025-12-13 01:20:06,412 - PaperAgentLogger - DEBUG - New map
2025-12-13 01:20:07,581 - PaperAgentLogger - INFO - ################## PaperArchitecture_map20x20_rho1_10Agent/K3_HS0/1765556206 - End of loop ##################  
 ####### Case4403 	 Computation time:1.1680912971496582 	 Step40/40	- AllReachGoal-False

2025-12-13 01:20:07,582 - PaperAgentLogger - INFO - current rateReachGoal: 0
2025-12-13 01:20:07,598 - PaperAgentLogger - DEBUG - New map
2025-12-13 01:20:08,474 - PaperAgentLogger - INFO - ################## PaperArchitecture_map20x20_rho1_10Agent/K3_HS0/1765556206 - End of loop ##################  
 ####### Case4404 	 Computation time:0.8752636909484863 	 Step30/52	- AllReachGoal-True

2025-12-13 01:20:08,474 - PaperAgentLogger - INFO - current rateReachGoal: 0
2025-12-13 01:20:08,489 - PaperAgentLogger - DEBUG - New map
2025-12-13 01:20:09,250 - PaperAgentLogger - INFO - ################## PaperArchitecture_map20x20_rho1_10Agent/K3_HS0/1765556206 - End of loop ##################  
 ####### Case4405 	 Computation time:0.7601625919342041 	 Step26/48	- AllReachGoal-True

2025-12-13 01:20:09,251 - PaperAgentLogger - INFO - current rateReachGoal: 0
2025-12-13 01:20:09,265 - PaperAgentLogger - DEBUG - New map
2025-12-13 01:20:09,908 - PaperAgentLogger - INFO - ################## PaperArchitecture_map20x20_rho1_10Agent/K3_HS0/1765556206 - End of loop ##################  
 ####### Case4406 	 Computation time:0.6423397064208984 	 Step22/44	- AllReachGoal-True

2025-12-13 01:20:09,909 - PaperAgentLogger - INFO - current rateReachGoal: 0
2025-12-13 01:20:09,924 - PaperAgentLogger - DEBUG - New map
2025-12-13 01:20:11,314 - PaperAgentLogger - INFO - ################## PaperArchitecture_map20x20_rho1_10Agent/K3_HS0/1765556206 - End of loop ##################  
 ####### Case4407 	 Computation time:1.3900651931762695 	 Step48/48	- AllReachGoal-False

2025-12-13 01:20:11,315 - PaperAgentLogger - INFO - current rateReachGoal: 0
2025-12-13 01:20:11,331 - PaperAgentLogger - DEBUG - New map
2025-12-13 01:20:12,878 - PaperAgentLogger - INFO - ################## PaperArchitecture_map20x20_rho1_10Agent/K3_HS0/1765556206 - End of loop ##################  
 ####### Case4408 	 Computation time:1.545924186706543 	 Step54/54	- AllReachGoal-False

2025-12-13 01:20:12,879 - PaperAgentLogger - INFO - current rateReachGoal: 0
2025-12-13 01:20:12,895 - PaperAgentLogger - DEBUG - New map
2025-12-13 01:20:14,505 - PaperAgentLogger - INFO - ################## PaperArchitecture_map20x20_rho1_10Agent/K3_HS0/1765556206 - End of loop ##################  
 ####### Case4409 	 Computation time:1.608999252319336 	 Step56/56	- AllReachGoal-False

2025-12-13 01:20:14,505 - PaperAgentLogger - INFO - current rateReachGoal: 0
2025-12-13 01:20:14,522 - PaperAgentLogger - DEBUG - New map
2025-12-13 01:20:15,427 - PaperAgentLogger - INFO - ################## PaperArchitecture_map20x20_rho1_10Agent/K3_HS0/1765556206 - End of loop ##################  
 ####### Case4410 	 Computation time:0.9043996334075928 	 Step31/62	- AllReachGoal-True

2025-12-13 01:20:15,428 - PaperAgentLogger - INFO - current rateReachGoal: 0
2025-12-13 01:20:15,444 - PaperAgentLogger - DEBUG - New map
2025-12-13 01:20:16,264 - PaperAgentLogger - INFO - ################## PaperArchitecture_map20x20_rho1_10Agent/K3_HS0/1765556206 - End of loop ##################  
 ####### Case4411 	 Computation time:0.8198916912078857 	 Step28/56	- AllReachGoal-True

2025-12-13 01:20:16,265 - PaperAgentLogger - INFO - current rateReachGoal: 0
2025-12-13 01:20:16,281 - PaperAgentLogger - DEBUG - New map
2025-12-13 01:20:17,359 - PaperAgentLogger - INFO - ################## PaperArchitecture_map20x20_rho1_10Agent/K3_HS0/1765556206 - End of loop ##################  
 ####### Case4412 	 Computation time:1.0769686698913574 	 Step37/58	- AllReachGoal-True

2025-12-13 01:20:17,361 - PaperAgentLogger - INFO - current rateReachGoal: 0
2025-12-13 01:20:17,376 - PaperAgentLogger - DEBUG - New map
2025-12-13 01:20:18,739 - PaperAgentLogger - INFO - ################## PaperArchitecture_map20x20_rho1_10Agent/K3_HS0/1765556206 - End of loop ##################  
 ####### Case4413 	 Computation time:1.3625807762145996 	 Step48/48	- AllReachGoal-False

2025-12-13 01:20:18,740 - PaperAgentLogger - INFO - current rateReachGoal: 0
2025-12-13 01:20:18,755 - PaperAgentLogger - DEBUG - New map
2025-12-13 01:20:20,016 - PaperAgentLogger - INFO - ################## PaperArchitecture_map20x20_rho1_10Agent/K3_HS0/1765556206 - End of loop ##################  
 ####### Case4414 	 Computation time:1.2610969543457031 	 Step44/44	- AllReachGoal-False

2025-12-13 01:20:20,017 - PaperAgentLogger - INFO - current rateReachGoal: 0
2025-12-13 01:20:20,033 - PaperAgentLogger - DEBUG - New map
2025-12-13 01:20:20,828 - PaperAgentLogger - INFO - ################## PaperArchitecture_map20x20_rho1_10Agent/K3_HS0/1765556206 - End of loop ##################  
 ####### Case4415 	 Computation time:0.7940382957458496 	 Step27/54	- AllReachGoal-True

2025-12-13 01:20:20,828 - PaperAgentLogger - INFO - current rateReachGoal: 0
2025-12-13 01:20:20,843 - PaperAgentLogger - DEBUG - New map
2025-12-13 01:20:22,186 - PaperAgentLogger - INFO - ################## PaperArchitecture_map20x20_rho1_10Agent/K3_HS0/1765556206 - End of loop ##################  
 ####### Case4416 	 Computation time:1.3425414562225342 	 Step46/46	- AllReachGoal-False

2025-12-13 01:20:22,187 - PaperAgentLogger - INFO - current rateReachGoal: 0
2025-12-13 01:20:22,203 - PaperAgentLogger - DEBUG - New map
2025-12-13 01:20:22,994 - PaperAgentLogger - INFO - ################## PaperArchitecture_map20x20_rho1_10Agent/K3_HS0/1765556206 - End of loop ##################  
 ####### Case4417 	 Computation time:0.7906124591827393 	 Step27/56	- AllReachGoal-True

2025-12-13 01:20:22,997 - PaperAgentLogger - INFO - current rateReachGoal: 0
2025-12-13 01:20:23,015 - PaperAgentLogger - DEBUG - New map
2025-12-13 01:20:24,007 - PaperAgentLogger - INFO - ################## PaperArchitecture_map20x20_rho1_10Agent/K3_HS0/1765556206 - End of loop ##################  
 ####### Case4418 	 Computation time:0.9911308288574219 	 Step34/68	- AllReachGoal-True

2025-12-13 01:20:24,007 - PaperAgentLogger - INFO - current rateReachGoal: 0
2025-12-13 01:20:24,023 - PaperAgentLogger - DEBUG - New map
2025-12-13 01:20:24,786 - PaperAgentLogger - INFO - ################## PaperArchitecture_map20x20_rho1_10Agent/K3_HS0/1765556206 - End of loop ##################  
 ####### Case4419 	 Computation time:0.761969804763794 	 Step26/52	- AllReachGoal-True

2025-12-13 01:20:24,786 - PaperAgentLogger - INFO - current rateReachGoal: 0
2025-12-13 01:20:24,801 - PaperAgentLogger - DEBUG - New map
2025-12-13 01:20:25,448 - PaperAgentLogger - INFO - ################## PaperArchitecture_map20x20_rho1_10Agent/K3_HS0/1765556206 - End of loop ##################  
 ####### Case4420 	 Computation time:0.6464378833770752 	 Step22/44	- AllReachGoal-True

2025-12-13 01:20:25,449 - PaperAgentLogger - INFO - current rateReachGoal: 0
2025-12-13 01:20:25,466 - PaperAgentLogger - DEBUG - New map
2025-12-13 01:20:27,206 - PaperAgentLogger - INFO - ################## PaperArchitecture_map20x20_rho1_10Agent/K3_HS0/1765556206 - End of loop ##################  
 ####### Case4421 	 Computation time:1.7392265796661377 	 Step60/60	- AllReachGoal-False

2025-12-13 01:20:27,206 - PaperAgentLogger - INFO - current rateReachGoal: 0
2025-12-13 01:20:27,222 - PaperAgentLogger - DEBUG - New map
2025-12-13 01:20:28,098 - PaperAgentLogger - INFO - ################## PaperArchitecture_map20x20_rho1_10Agent/K3_HS0/1765556206 - End of loop ##################  
 ####### Case4422 	 Computation time:0.8759980201721191 	 Step30/50	- AllReachGoal-True

2025-12-13 01:20:28,099 - PaperAgentLogger - INFO - current rateReachGoal: 0
2025-12-13 01:20:28,115 - PaperAgentLogger - DEBUG - New map
2025-12-13 01:20:28,873 - PaperAgentLogger - INFO - ################## PaperArchitecture_map20x20_rho1_10Agent/K3_HS0/1765556206 - End of loop ##################  
 ####### Case4423 	 Computation time:0.7578427791595459 	 Step26/52	- AllReachGoal-True

2025-12-13 01:20:28,874 - PaperAgentLogger - INFO - current rateReachGoal: 0
2025-12-13 01:20:28,888 - PaperAgentLogger - DEBUG - New map
2025-12-13 01:20:29,506 - PaperAgentLogger - INFO - ################## PaperArchitecture_map20x20_rho1_10Agent/K3_HS0/1765556206 - End of loop ##################  
 ####### Case4424 	 Computation time:0.6178176403045654 	 Step21/42	- AllReachGoal-True

2025-12-13 01:20:29,507 - PaperAgentLogger - INFO - current rateReachGoal: 0
2025-12-13 01:20:29,524 - PaperAgentLogger - DEBUG - New map
2025-12-13 01:20:30,484 - PaperAgentLogger - INFO - ################## PaperArchitecture_map20x20_rho1_10Agent/K3_HS0/1765556206 - End of loop ##################  
 ####### Case4425 	 Computation time:0.9603571891784668 	 Step33/66	- AllReachGoal-True

2025-12-13 01:20:30,485 - PaperAgentLogger - INFO - current rateReachGoal: 0
2025-12-13 01:20:30,499 - PaperAgentLogger - DEBUG - New map
2025-12-13 01:20:31,743 - PaperAgentLogger - INFO - ################## PaperArchitecture_map20x20_rho1_10Agent/K3_HS0/1765556206 - End of loop ##################  
 ####### Case4426 	 Computation time:1.2432384490966797 	 Step44/44	- AllReachGoal-False

2025-12-13 01:20:31,744 - PaperAgentLogger - INFO - current rateReachGoal: 0
2025-12-13 01:20:31,759 - PaperAgentLogger - DEBUG - New map
2025-12-13 01:20:33,020 - PaperAgentLogger - INFO - ################## PaperArchitecture_map20x20_rho1_10Agent/K3_HS0/1765556206 - End of loop ##################  
 ####### Case4427 	 Computation time:1.2604897022247314 	 Step44/44	- AllReachGoal-False

2025-12-13 01:20:33,020 - PaperAgentLogger - INFO - current rateReachGoal: 0
2025-12-13 01:20:33,036 - PaperAgentLogger - DEBUG - New map
2025-12-13 01:20:34,429 - PaperAgentLogger - INFO - ################## PaperArchitecture_map20x20_rho1_10Agent/K3_HS0/1765556206 - End of loop ##################  
 ####### Case4428 	 Computation time:1.3926026821136475 	 Step48/48	- AllReachGoal-False

2025-12-13 01:20:34,429 - PaperAgentLogger - INFO - current rateReachGoal: 0
2025-12-13 01:20:34,443 - PaperAgentLogger - DEBUG - New map
2025-12-13 01:20:35,034 - PaperAgentLogger - INFO - ################## PaperArchitecture_map20x20_rho1_10Agent/K3_HS0/1765556206 - End of loop ##################  
 ####### Case4429 	 Computation time:0.5906767845153809 	 Step20/40	- AllReachGoal-True

2025-12-13 01:20:35,035 - PaperAgentLogger - INFO - current rateReachGoal: 0
2025-12-13 01:20:35,051 - PaperAgentLogger - DEBUG - New map
2025-12-13 01:20:35,808 - PaperAgentLogger - INFO - ################## PaperArchitecture_map20x20_rho1_10Agent/K3_HS0/1765556206 - End of loop ##################  
 ####### Case4430 	 Computation time:0.7567167282104492 	 Step26/52	- AllReachGoal-True

2025-12-13 01:20:35,809 - PaperAgentLogger - INFO - current rateReachGoal: 0
2025-12-13 01:20:35,824 - PaperAgentLogger - DEBUG - New map
2025-12-13 01:20:36,768 - PaperAgentLogger - INFO - ################## PaperArchitecture_map20x20_rho1_10Agent/K3_HS0/1765556206 - End of loop ##################  
 ####### Case4431 	 Computation time:0.943913459777832 	 Step33/48	- AllReachGoal-True

2025-12-13 01:20:36,769 - PaperAgentLogger - INFO - current rateReachGoal: 0
2025-12-13 01:20:36,786 - PaperAgentLogger - DEBUG - New map
2025-12-13 01:20:38,474 - PaperAgentLogger - INFO - ################## PaperArchitecture_map20x20_rho1_10Agent/K3_HS0/1765556206 - End of loop ##################  
 ####### Case4432 	 Computation time:1.6882891654968262 	 Step58/58	- AllReachGoal-False

2025-12-13 01:20:38,475 - PaperAgentLogger - INFO - current rateReachGoal: 0
2025-12-13 01:20:38,491 - PaperAgentLogger - DEBUG - New map
2025-12-13 01:20:40,063 - PaperAgentLogger - INFO - ################## PaperArchitecture_map20x20_rho1_10Agent/K3_HS0/1765556206 - End of loop ##################  
 ####### Case4433 	 Computation time:1.57130765914917 	 Step54/54	- AllReachGoal-False

2025-12-13 01:20:40,065 - PaperAgentLogger - INFO - current rateReachGoal: 0
2025-12-13 01:20:40,082 - PaperAgentLogger - DEBUG - New map
2025-12-13 01:20:41,018 - PaperAgentLogger - INFO - ################## PaperArchitecture_map20x20_rho1_10Agent/K3_HS0/1765556206 - End of loop ##################  
 ####### Case4434 	 Computation time:0.9347782135009766 	 Step32/64	- AllReachGoal-True

2025-12-13 01:20:41,018 - PaperAgentLogger - INFO - current rateReachGoal: 0
2025-12-13 01:20:41,035 - PaperAgentLogger - DEBUG - New map
2025-12-13 01:20:41,969 - PaperAgentLogger - INFO - ################## PaperArchitecture_map20x20_rho1_10Agent/K3_HS0/1765556206 - End of loop ##################  
 ####### Case4435 	 Computation time:0.9332985877990723 	 Step32/60	- AllReachGoal-True

2025-12-13 01:20:41,969 - PaperAgentLogger - INFO - current rateReachGoal: 0
2025-12-13 01:20:41,985 - PaperAgentLogger - DEBUG - New map
2025-12-13 01:20:42,689 - PaperAgentLogger - INFO - ################## PaperArchitecture_map20x20_rho1_10Agent/K3_HS0/1765556206 - End of loop ##################  
 ####### Case4436 	 Computation time:0.7038819789886475 	 Step24/44	- AllReachGoal-True

2025-12-13 01:20:42,690 - PaperAgentLogger - INFO - current rateReachGoal: 0
2025-12-13 01:20:42,705 - PaperAgentLogger - DEBUG - New map
2025-12-13 01:20:44,161 - PaperAgentLogger - INFO - ################## PaperArchitecture_map20x20_rho1_10Agent/K3_HS0/1765556206 - End of loop ##################  
 ####### Case4437 	 Computation time:1.4553472995758057 	 Step50/50	- AllReachGoal-False

2025-12-13 01:20:44,162 - PaperAgentLogger - INFO - current rateReachGoal: 0
2025-12-13 01:20:44,178 - PaperAgentLogger - DEBUG - New map
2025-12-13 01:20:44,995 - PaperAgentLogger - INFO - ################## PaperArchitecture_map20x20_rho1_10Agent/K3_HS0/1765556206 - End of loop ##################  
 ####### Case4438 	 Computation time:0.8169960975646973 	 Step28/54	- AllReachGoal-True

2025-12-13 01:20:44,996 - PaperAgentLogger - INFO - current rateReachGoal: 0
2025-12-13 01:20:45,011 - PaperAgentLogger - DEBUG - New map
2025-12-13 01:20:46,236 - PaperAgentLogger - INFO - ################## PaperArchitecture_map20x20_rho1_10Agent/K3_HS0/1765556206 - End of loop ##################  
 ####### Case4439 	 Computation time:1.2243540287017822 	 Step42/42	- AllReachGoal-False

2025-12-13 01:20:46,236 - PaperAgentLogger - INFO - current rateReachGoal: 0
2025-12-13 01:20:46,254 - PaperAgentLogger - DEBUG - New map
2025-12-13 01:20:47,189 - PaperAgentLogger - INFO - ################## PaperArchitecture_map20x20_rho1_10Agent/K3_HS0/1765556206 - End of loop ##################  
 ####### Case4440 	 Computation time:0.93448805809021 	 Step32/64	- AllReachGoal-True

2025-12-13 01:20:47,189 - PaperAgentLogger - INFO - current rateReachGoal: 0
2025-12-13 01:20:47,206 - PaperAgentLogger - DEBUG - New map
2025-12-13 01:20:48,143 - PaperAgentLogger - INFO - ################## PaperArchitecture_map20x20_rho1_10Agent/K3_HS0/1765556206 - End of loop ##################  
 ####### Case4441 	 Computation time:0.9355275630950928 	 Step32/64	- AllReachGoal-True

2025-12-13 01:20:48,143 - PaperAgentLogger - INFO - current rateReachGoal: 0
2025-12-13 01:20:48,158 - PaperAgentLogger - DEBUG - New map
2025-12-13 01:20:48,890 - PaperAgentLogger - INFO - ################## PaperArchitecture_map20x20_rho1_10Agent/K3_HS0/1765556206 - End of loop ##################  
 ####### Case4442 	 Computation time:0.7312915325164795 	 Step25/46	- AllReachGoal-True

2025-12-13 01:20:48,890 - PaperAgentLogger - INFO - current rateReachGoal: 0
2025-12-13 01:20:48,907 - PaperAgentLogger - DEBUG - New map
2025-12-13 01:20:50,651 - PaperAgentLogger - INFO - ################## PaperArchitecture_map20x20_rho1_10Agent/K3_HS0/1765556206 - End of loop ##################  
 ####### Case4443 	 Computation time:1.7428324222564697 	 Step60/60	- AllReachGoal-False

2025-12-13 01:20:50,651 - PaperAgentLogger - INFO - current rateReachGoal: 0
2025-12-13 01:20:50,667 - PaperAgentLogger - DEBUG - New map
2025-12-13 01:20:52,193 - PaperAgentLogger - INFO - ################## PaperArchitecture_map20x20_rho1_10Agent/K3_HS0/1765556206 - End of loop ##################  
 ####### Case4444 	 Computation time:1.5254526138305664 	 Step54/54	- AllReachGoal-False

2025-12-13 01:20:52,194 - PaperAgentLogger - INFO - current rateReachGoal: 0
2025-12-13 01:20:52,210 - PaperAgentLogger - DEBUG - New map
2025-12-13 01:20:53,319 - PaperAgentLogger - INFO - ################## PaperArchitecture_map20x20_rho1_10Agent/K3_HS0/1765556206 - End of loop ##################  
 ####### Case4445 	 Computation time:1.1081302165985107 	 Step39/58	- AllReachGoal-True

2025-12-13 01:20:53,319 - PaperAgentLogger - INFO - current rateReachGoal: 0
2025-12-13 01:20:53,337 - PaperAgentLogger - DEBUG - New map
2025-12-13 01:20:54,301 - PaperAgentLogger - INFO - ################## PaperArchitecture_map20x20_rho1_10Agent/K3_HS0/1765556206 - End of loop ##################  
 ####### Case4446 	 Computation time:0.9634342193603516 	 Step34/64	- AllReachGoal-True

2025-12-13 01:20:54,301 - PaperAgentLogger - INFO - current rateReachGoal: 0
2025-12-13 01:20:54,318 - PaperAgentLogger - DEBUG - New map
2025-12-13 01:20:55,221 - PaperAgentLogger - INFO - ################## PaperArchitecture_map20x20_rho1_10Agent/K3_HS0/1765556206 - End of loop ##################  
 ####### Case4447 	 Computation time:0.9024295806884766 	 Step31/60	- AllReachGoal-True

2025-12-13 01:20:55,222 - PaperAgentLogger - INFO - current rateReachGoal: 0
2025-12-13 01:20:55,240 - PaperAgentLogger - DEBUG - New map
2025-12-13 01:20:56,472 - PaperAgentLogger - INFO - ################## PaperArchitecture_map20x20_rho1_10Agent/K3_HS0/1765556206 - End of loop ##################  
 ####### Case4448 	 Computation time:1.231778860092163 	 Step43/68	- AllReachGoal-True

2025-12-13 01:20:56,473 - PaperAgentLogger - INFO - current rateReachGoal: 0
2025-12-13 01:20:56,489 - PaperAgentLogger - DEBUG - New map
2025-12-13 01:20:57,377 - PaperAgentLogger - INFO - ################## PaperArchitecture_map20x20_rho1_10Agent/K3_HS0/1765556206 - End of loop ##################  
 ####### Case4449 	 Computation time:0.8870682716369629 	 Step31/62	- AllReachGoal-True

2025-12-13 01:20:57,378 - PaperAgentLogger - INFO - current rateReachGoal: 0
2025-12-13 01:20:57,392 - PaperAgentLogger - DEBUG - New map
2025-12-13 01:20:58,718 - PaperAgentLogger - INFO - ################## PaperArchitecture_map20x20_rho1_10Agent/K3_HS0/1765556206 - End of loop ##################  
 ####### Case4450 	 Computation time:1.325317621231079 	 Step46/46	- AllReachGoal-False

2025-12-13 01:20:58,719 - PaperAgentLogger - INFO - current rateReachGoal: 0
2025-12-13 01:20:58,734 - PaperAgentLogger - DEBUG - New map
2025-12-13 01:20:59,605 - PaperAgentLogger - INFO - ################## PaperArchitecture_map20x20_rho1_10Agent/K3_HS0/1765556206 - End of loop ##################  
 ####### Case4451 	 Computation time:0.8699555397033691 	 Step30/46	- AllReachGoal-True

2025-12-13 01:20:59,605 - PaperAgentLogger - INFO - current rateReachGoal: 0
2025-12-13 01:20:59,620 - PaperAgentLogger - DEBUG - New map
2025-12-13 01:21:00,985 - PaperAgentLogger - INFO - ################## PaperArchitecture_map20x20_rho1_10Agent/K3_HS0/1765556206 - End of loop ##################  
 ####### Case4452 	 Computation time:1.364837408065796 	 Step46/46	- AllReachGoal-False

2025-12-13 01:21:00,986 - PaperAgentLogger - INFO - current rateReachGoal: 0
2025-12-13 01:21:01,001 - PaperAgentLogger - DEBUG - New map
2025-12-13 01:21:01,719 - PaperAgentLogger - INFO - ################## PaperArchitecture_map20x20_rho1_10Agent/K3_HS0/1765556206 - End of loop ##################  
 ####### Case4453 	 Computation time:0.7174615859985352 	 Step24/48	- AllReachGoal-True

2025-12-13 01:21:01,720 - PaperAgentLogger - INFO - current rateReachGoal: 0
2025-12-13 01:21:01,736 - PaperAgentLogger - DEBUG - New map
2025-12-13 01:21:03,274 - PaperAgentLogger - INFO - ################## PaperArchitecture_map20x20_rho1_10Agent/K3_HS0/1765556206 - End of loop ##################  
 ####### Case4454 	 Computation time:1.5379033088684082 	 Step52/52	- AllReachGoal-False

2025-12-13 01:21:03,275 - PaperAgentLogger - INFO - current rateReachGoal: 0
2025-12-13 01:21:03,294 - PaperAgentLogger - DEBUG - New map
2025-12-13 01:21:04,417 - PaperAgentLogger - INFO - ################## PaperArchitecture_map20x20_rho1_10Agent/K3_HS0/1765556206 - End of loop ##################  
 ####### Case4455 	 Computation time:1.123201847076416 	 Step38/66	- AllReachGoal-True

2025-12-13 01:21:04,418 - PaperAgentLogger - INFO - current rateReachGoal: 0
2025-12-13 01:21:04,436 - PaperAgentLogger - DEBUG - New map
2025-12-13 01:21:06,440 - PaperAgentLogger - INFO - ################## PaperArchitecture_map20x20_rho1_10Agent/K3_HS0/1765556206 - End of loop ##################  
 ####### Case4456 	 Computation time:2.0033793449401855 	 Step68/68	- AllReachGoal-False

2025-12-13 01:21:06,442 - PaperAgentLogger - INFO - current rateReachGoal: 0
2025-12-13 01:21:06,459 - PaperAgentLogger - DEBUG - New map
2025-12-13 01:21:08,227 - PaperAgentLogger - INFO - ################## PaperArchitecture_map20x20_rho1_10Agent/K3_HS0/1765556206 - End of loop ##################  
 ####### Case4457 	 Computation time:1.7680418491363525 	 Step60/60	- AllReachGoal-False

2025-12-13 01:21:08,228 - PaperAgentLogger - INFO - current rateReachGoal: 0
2025-12-13 01:21:08,244 - PaperAgentLogger - DEBUG - New map
2025-12-13 01:21:09,715 - PaperAgentLogger - INFO - ################## PaperArchitecture_map20x20_rho1_10Agent/K3_HS0/1765556206 - End of loop ##################  
 ####### Case4458 	 Computation time:1.470672607421875 	 Step50/50	- AllReachGoal-False

2025-12-13 01:21:09,716 - PaperAgentLogger - INFO - current rateReachGoal: 0
2025-12-13 01:21:09,732 - PaperAgentLogger - DEBUG - New map
2025-12-13 01:21:10,595 - PaperAgentLogger - INFO - ################## PaperArchitecture_map20x20_rho1_10Agent/K3_HS0/1765556206 - End of loop ##################  
 ####### Case4459 	 Computation time:0.8625900745391846 	 Step29/58	- AllReachGoal-True

2025-12-13 01:21:10,596 - PaperAgentLogger - INFO - current rateReachGoal: 0
2025-12-13 01:21:10,611 - PaperAgentLogger - DEBUG - New map
2025-12-13 01:21:11,352 - PaperAgentLogger - INFO - ################## PaperArchitecture_map20x20_rho1_10Agent/K3_HS0/1765556206 - End of loop ##################  
 ####### Case4460 	 Computation time:0.7399370670318604 	 Step25/50	- AllReachGoal-True

2025-12-13 01:21:11,352 - PaperAgentLogger - INFO - current rateReachGoal: 0
2025-12-13 01:21:11,370 - PaperAgentLogger - DEBUG - New map
2025-12-13 01:21:13,279 - PaperAgentLogger - INFO - ################## PaperArchitecture_map20x20_rho1_10Agent/K3_HS0/1765556206 - End of loop ##################  
 ####### Case4461 	 Computation time:1.9080984592437744 	 Step66/66	- AllReachGoal-False

2025-12-13 01:21:13,279 - PaperAgentLogger - INFO - current rateReachGoal: 0
2025-12-13 01:21:13,296 - PaperAgentLogger - DEBUG - New map
2025-12-13 01:21:14,583 - PaperAgentLogger - INFO - ################## PaperArchitecture_map20x20_rho1_10Agent/K3_HS0/1765556206 - End of loop ##################  
 ####### Case4462 	 Computation time:1.2865188121795654 	 Step45/58	- AllReachGoal-True

2025-12-13 01:21:14,584 - PaperAgentLogger - INFO - current rateReachGoal: 0
2025-12-13 01:21:14,600 - PaperAgentLogger - DEBUG - New map
2025-12-13 01:21:16,229 - PaperAgentLogger - INFO - ################## PaperArchitecture_map20x20_rho1_10Agent/K3_HS0/1765556206 - End of loop ##################  
 ####### Case4463 	 Computation time:1.6286771297454834 	 Step56/56	- AllReachGoal-False

2025-12-13 01:21:16,230 - PaperAgentLogger - INFO - current rateReachGoal: 0
2025-12-13 01:21:16,245 - PaperAgentLogger - DEBUG - New map
2025-12-13 01:21:16,988 - PaperAgentLogger - INFO - ################## PaperArchitecture_map20x20_rho1_10Agent/K3_HS0/1765556206 - End of loop ##################  
 ####### Case4464 	 Computation time:0.7416398525238037 	 Step25/46	- AllReachGoal-True

2025-12-13 01:21:16,988 - PaperAgentLogger - INFO - current rateReachGoal: 0
2025-12-13 01:21:17,006 - PaperAgentLogger - DEBUG - New map
2025-12-13 01:21:18,262 - PaperAgentLogger - INFO - ################## PaperArchitecture_map20x20_rho1_10Agent/K3_HS0/1765556206 - End of loop ##################  
 ####### Case4465 	 Computation time:1.2548885345458984 	 Step43/68	- AllReachGoal-True

2025-12-13 01:21:18,262 - PaperAgentLogger - INFO - current rateReachGoal: 0
2025-12-13 01:21:18,280 - PaperAgentLogger - DEBUG - New map
2025-12-13 01:21:19,122 - PaperAgentLogger - INFO - ################## PaperArchitecture_map20x20_rho1_10Agent/K3_HS0/1765556206 - End of loop ##################  
 ####### Case4466 	 Computation time:0.841576337814331 	 Step29/58	- AllReachGoal-True

2025-12-13 01:21:19,123 - PaperAgentLogger - INFO - current rateReachGoal: 0
2025-12-13 01:21:19,139 - PaperAgentLogger - DEBUG - New map
2025-12-13 01:21:19,922 - PaperAgentLogger - INFO - ################## PaperArchitecture_map20x20_rho1_10Agent/K3_HS0/1765556206 - End of loop ##################  
 ####### Case4467 	 Computation time:0.7825560569763184 	 Step27/52	- AllReachGoal-True

2025-12-13 01:21:19,923 - PaperAgentLogger - INFO - current rateReachGoal: 0
2025-12-13 01:21:19,940 - PaperAgentLogger - DEBUG - New map
2025-12-13 01:21:21,089 - PaperAgentLogger - INFO - ################## PaperArchitecture_map20x20_rho1_10Agent/K3_HS0/1765556206 - End of loop ##################  
 ####### Case4468 	 Computation time:1.148510456085205 	 Step39/56	- AllReachGoal-True

2025-12-13 01:21:21,089 - PaperAgentLogger - INFO - current rateReachGoal: 0
2025-12-13 01:21:21,105 - PaperAgentLogger - DEBUG - New map
2025-12-13 01:21:22,640 - PaperAgentLogger - INFO - ################## PaperArchitecture_map20x20_rho1_10Agent/K3_HS0/1765556206 - End of loop ##################  
 ####### Case4469 	 Computation time:1.5344905853271484 	 Step52/52	- AllReachGoal-False

2025-12-13 01:21:22,640 - PaperAgentLogger - INFO - current rateReachGoal: 0
2025-12-13 01:21:22,659 - PaperAgentLogger - DEBUG - New map
2025-12-13 01:21:24,199 - PaperAgentLogger - INFO - ################## PaperArchitecture_map20x20_rho1_10Agent/K3_HS0/1765556206 - End of loop ##################  
 ####### Case4470 	 Computation time:1.5398213863372803 	 Step52/52	- AllReachGoal-False

2025-12-13 01:21:24,200 - PaperAgentLogger - INFO - current rateReachGoal: 0
2025-12-13 01:21:24,215 - PaperAgentLogger - DEBUG - New map
2025-12-13 01:21:24,843 - PaperAgentLogger - INFO - ################## PaperArchitecture_map20x20_rho1_10Agent/K3_HS0/1765556206 - End of loop ##################  
 ####### Case4471 	 Computation time:0.6274282932281494 	 Step21/42	- AllReachGoal-True

2025-12-13 01:21:24,843 - PaperAgentLogger - INFO - current rateReachGoal: 0
2025-12-13 01:21:24,859 - PaperAgentLogger - DEBUG - New map
2025-12-13 01:21:25,662 - PaperAgentLogger - INFO - ################## PaperArchitecture_map20x20_rho1_10Agent/K3_HS0/1765556206 - End of loop ##################  
 ####### Case4472 	 Computation time:0.8024179935455322 	 Step27/50	- AllReachGoal-True

2025-12-13 01:21:25,663 - PaperAgentLogger - INFO - current rateReachGoal: 0
2025-12-13 01:21:25,680 - PaperAgentLogger - DEBUG - New map
2025-12-13 01:21:27,568 - PaperAgentLogger - INFO - ################## PaperArchitecture_map20x20_rho1_10Agent/K3_HS0/1765556206 - End of loop ##################  
 ####### Case4473 	 Computation time:1.887439489364624 	 Step64/64	- AllReachGoal-False

2025-12-13 01:21:27,569 - PaperAgentLogger - INFO - current rateReachGoal: 0
2025-12-13 01:21:27,585 - PaperAgentLogger - DEBUG - New map
2025-12-13 01:21:28,387 - PaperAgentLogger - INFO - ################## PaperArchitecture_map20x20_rho1_10Agent/K3_HS0/1765556206 - End of loop ##################  
 ####### Case4474 	 Computation time:0.8021526336669922 	 Step27/54	- AllReachGoal-True

2025-12-13 01:21:28,388 - PaperAgentLogger - INFO - current rateReachGoal: 0
2025-12-13 01:21:28,405 - PaperAgentLogger - DEBUG - New map
2025-12-13 01:21:29,853 - PaperAgentLogger - INFO - ################## PaperArchitecture_map20x20_rho1_10Agent/K3_HS0/1765556206 - End of loop ##################  
 ####### Case4475 	 Computation time:1.4479622840881348 	 Step49/58	- AllReachGoal-True

2025-12-13 01:21:29,854 - PaperAgentLogger - INFO - current rateReachGoal: 0
2025-12-13 01:21:29,870 - PaperAgentLogger - DEBUG - New map
2025-12-13 01:21:31,518 - PaperAgentLogger - INFO - ################## PaperArchitecture_map20x20_rho1_10Agent/K3_HS0/1765556206 - End of loop ##################  
 ####### Case4476 	 Computation time:1.6469335556030273 	 Step56/56	- AllReachGoal-False

2025-12-13 01:21:31,518 - PaperAgentLogger - INFO - current rateReachGoal: 0
2025-12-13 01:21:31,535 - PaperAgentLogger - DEBUG - New map
2025-12-13 01:21:33,126 - PaperAgentLogger - INFO - ################## PaperArchitecture_map20x20_rho1_10Agent/K3_HS0/1765556206 - End of loop ##################  
 ####### Case4477 	 Computation time:1.590313196182251 	 Step54/54	- AllReachGoal-False

2025-12-13 01:21:33,126 - PaperAgentLogger - INFO - current rateReachGoal: 0
2025-12-13 01:21:33,141 - PaperAgentLogger - DEBUG - New map
2025-12-13 01:21:33,875 - PaperAgentLogger - INFO - ################## PaperArchitecture_map20x20_rho1_10Agent/K3_HS0/1765556206 - End of loop ##################  
 ####### Case4478 	 Computation time:0.7332940101623535 	 Step25/46	- AllReachGoal-True

2025-12-13 01:21:33,876 - PaperAgentLogger - INFO - current rateReachGoal: 0
2025-12-13 01:21:33,891 - PaperAgentLogger - DEBUG - New map
2025-12-13 01:21:35,249 - PaperAgentLogger - INFO - ################## PaperArchitecture_map20x20_rho1_10Agent/K3_HS0/1765556206 - End of loop ##################  
 ####### Case4479 	 Computation time:1.3578925132751465 	 Step46/46	- AllReachGoal-False

2025-12-13 01:21:35,251 - PaperAgentLogger - INFO - current rateReachGoal: 0
2025-12-13 01:21:35,269 - PaperAgentLogger - DEBUG - New map
2025-12-13 01:21:37,201 - PaperAgentLogger - INFO - ################## PaperArchitecture_map20x20_rho1_10Agent/K3_HS0/1765556206 - End of loop ##################  
 ####### Case4480 	 Computation time:1.931366205215454 	 Step66/66	- AllReachGoal-False

2025-12-13 01:21:37,202 - PaperAgentLogger - INFO - current rateReachGoal: 0
2025-12-13 01:21:37,218 - PaperAgentLogger - DEBUG - New map
2025-12-13 01:21:38,770 - PaperAgentLogger - INFO - ################## PaperArchitecture_map20x20_rho1_10Agent/K3_HS0/1765556206 - End of loop ##################  
 ####### Case4481 	 Computation time:1.5515162944793701 	 Step54/54	- AllReachGoal-False

2025-12-13 01:21:38,770 - PaperAgentLogger - INFO - current rateReachGoal: 0
2025-12-13 01:21:38,785 - PaperAgentLogger - DEBUG - New map
2025-12-13 01:21:39,991 - PaperAgentLogger - INFO - ################## PaperArchitecture_map20x20_rho1_10Agent/K3_HS0/1765556206 - End of loop ##################  
 ####### Case4482 	 Computation time:1.205531120300293 	 Step41/48	- AllReachGoal-True

2025-12-13 01:21:39,992 - PaperAgentLogger - INFO - current rateReachGoal: 0
2025-12-13 01:21:40,007 - PaperAgentLogger - DEBUG - New map
2025-12-13 01:21:40,825 - PaperAgentLogger - INFO - ################## PaperArchitecture_map20x20_rho1_10Agent/K3_HS0/1765556206 - End of loop ##################  
 ####### Case4483 	 Computation time:0.8171617984771729 	 Step28/48	- AllReachGoal-True

2025-12-13 01:21:40,826 - PaperAgentLogger - INFO - current rateReachGoal: 0
2025-12-13 01:21:40,843 - PaperAgentLogger - DEBUG - New map
2025-12-13 01:21:42,641 - PaperAgentLogger - INFO - ################## PaperArchitecture_map20x20_rho1_10Agent/K3_HS0/1765556206 - End of loop ##################  
 ####### Case4484 	 Computation time:1.797856092453003 	 Step62/62	- AllReachGoal-False

2025-12-13 01:21:42,642 - PaperAgentLogger - INFO - current rateReachGoal: 0
2025-12-13 01:21:42,656 - PaperAgentLogger - DEBUG - New map
2025-12-13 01:21:43,349 - PaperAgentLogger - INFO - ################## PaperArchitecture_map20x20_rho1_10Agent/K3_HS0/1765556206 - End of loop ##################  
 ####### Case4485 	 Computation time:0.6921067237854004 	 Step23/42	- AllReachGoal-True

2025-12-13 01:21:43,350 - PaperAgentLogger - INFO - current rateReachGoal: 0
2025-12-13 01:21:43,365 - PaperAgentLogger - DEBUG - New map
2025-12-13 01:21:44,237 - PaperAgentLogger - INFO - ################## PaperArchitecture_map20x20_rho1_10Agent/K3_HS0/1765556206 - End of loop ##################  
 ####### Case4486 	 Computation time:0.8715345859527588 	 Step30/50	- AllReachGoal-True

2025-12-13 01:21:44,238 - PaperAgentLogger - INFO - current rateReachGoal: 0
2025-12-13 01:21:44,254 - PaperAgentLogger - DEBUG - New map
2025-12-13 01:21:45,128 - PaperAgentLogger - INFO - ################## PaperArchitecture_map20x20_rho1_10Agent/K3_HS0/1765556206 - End of loop ##################  
 ####### Case4487 	 Computation time:0.8737163543701172 	 Step30/52	- AllReachGoal-True

2025-12-13 01:21:45,129 - PaperAgentLogger - INFO - current rateReachGoal: 0
2025-12-13 01:21:45,145 - PaperAgentLogger - DEBUG - New map
2025-12-13 01:21:46,125 - PaperAgentLogger - INFO - ################## PaperArchitecture_map20x20_rho1_10Agent/K3_HS0/1765556206 - End of loop ##################  
 ####### Case4488 	 Computation time:0.9798755645751953 	 Step33/54	- AllReachGoal-True

2025-12-13 01:21:46,128 - PaperAgentLogger - INFO - current rateReachGoal: 0
2025-12-13 01:21:46,143 - PaperAgentLogger - DEBUG - New map
2025-12-13 01:21:46,854 - PaperAgentLogger - INFO - ################## PaperArchitecture_map20x20_rho1_10Agent/K3_HS0/1765556206 - End of loop ##################  
 ####### Case4489 	 Computation time:0.7113785743713379 	 Step24/44	- AllReachGoal-True

2025-12-13 01:21:46,855 - PaperAgentLogger - INFO - current rateReachGoal: 0
2025-12-13 01:21:46,873 - PaperAgentLogger - DEBUG - New map
2025-12-13 01:21:47,877 - PaperAgentLogger - INFO - ################## PaperArchitecture_map20x20_rho1_10Agent/K3_HS0/1765556206 - End of loop ##################  
 ####### Case4490 	 Computation time:1.003514051437378 	 Step34/68	- AllReachGoal-True

2025-12-13 01:21:47,878 - PaperAgentLogger - INFO - current rateReachGoal: 0
2025-12-13 01:21:47,894 - PaperAgentLogger - DEBUG - New map
2025-12-13 01:21:48,810 - PaperAgentLogger - INFO - ################## PaperArchitecture_map20x20_rho1_10Agent/K3_HS0/1765556206 - End of loop ##################  
 ####### Case4491 	 Computation time:0.915518045425415 	 Step31/58	- AllReachGoal-True

2025-12-13 01:21:48,811 - PaperAgentLogger - INFO - current rateReachGoal: 0
2025-12-13 01:21:48,827 - PaperAgentLogger - DEBUG - New map
2025-12-13 01:21:50,372 - PaperAgentLogger - INFO - ################## PaperArchitecture_map20x20_rho1_10Agent/K3_HS0/1765556206 - End of loop ##################  
 ####### Case4492 	 Computation time:1.5443601608276367 	 Step54/54	- AllReachGoal-False

2025-12-13 01:21:50,373 - PaperAgentLogger - INFO - current rateReachGoal: 0
2025-12-13 01:21:50,389 - PaperAgentLogger - DEBUG - New map
2025-12-13 01:21:51,226 - PaperAgentLogger - INFO - ################## PaperArchitecture_map20x20_rho1_10Agent/K3_HS0/1765556206 - End of loop ##################  
 ####### Case4493 	 Computation time:0.836418628692627 	 Step29/58	- AllReachGoal-True

2025-12-13 01:21:51,249 - PaperAgentLogger - INFO - current rateReachGoal: 0
2025-12-13 01:21:51,264 - PaperAgentLogger - DEBUG - New map
2025-12-13 01:21:52,382 - PaperAgentLogger - INFO - ################## PaperArchitecture_map20x20_rho1_10Agent/K3_HS0/1765556206 - End of loop ##################  
 ####### Case4494 	 Computation time:1.1172723770141602 	 Step39/48	- AllReachGoal-True

2025-12-13 01:21:52,382 - PaperAgentLogger - INFO - current rateReachGoal: 0
2025-12-13 01:21:52,398 - PaperAgentLogger - DEBUG - New map
2025-12-13 01:21:53,094 - PaperAgentLogger - INFO - ################## PaperArchitecture_map20x20_rho1_10Agent/K3_HS0/1765556206 - End of loop ##################  
 ####### Case4495 	 Computation time:0.6957976818084717 	 Step24/48	- AllReachGoal-True

2025-12-13 01:21:53,095 - PaperAgentLogger - INFO - current rateReachGoal: 0
2025-12-13 01:21:53,111 - PaperAgentLogger - DEBUG - New map
2025-12-13 01:21:54,735 - PaperAgentLogger - INFO - ################## PaperArchitecture_map20x20_rho1_10Agent/K3_HS0/1765556206 - End of loop ##################  
 ####### Case4496 	 Computation time:1.6234972476959229 	 Step56/56	- AllReachGoal-False

2025-12-13 01:21:54,736 - PaperAgentLogger - INFO - current rateReachGoal: 0
2025-12-13 01:21:54,751 - PaperAgentLogger - DEBUG - New map
2025-12-13 01:21:55,499 - PaperAgentLogger - INFO - ################## PaperArchitecture_map20x20_rho1_10Agent/K3_HS0/1765556206 - End of loop ##################  
 ####### Case4497 	 Computation time:0.7468419075012207 	 Step25/50	- AllReachGoal-True

2025-12-13 01:21:55,499 - PaperAgentLogger - INFO - current rateReachGoal: 0
2025-12-13 01:21:55,514 - PaperAgentLogger - DEBUG - New map
2025-12-13 01:21:56,229 - PaperAgentLogger - INFO - ################## PaperArchitecture_map20x20_rho1_10Agent/K3_HS0/1765556206 - End of loop ##################  
 ####### Case4498 	 Computation time:0.7151899337768555 	 Step24/44	- AllReachGoal-True

2025-12-13 01:21:56,252 - PaperAgentLogger - INFO - current rateReachGoal: 0
2025-12-13 01:21:56,267 - PaperAgentLogger - DEBUG - New map
2025-12-13 01:21:57,013 - PaperAgentLogger - INFO - ################## PaperArchitecture_map20x20_rho1_10Agent/K3_HS0/1765556206 - End of loop ##################  
 ####### Case4499 	 Computation time:0.7460002899169922 	 Step25/50	- AllReachGoal-True

2025-12-13 01:21:57,014 - PaperAgentLogger - INFO - current rateReachGoal: 0
2025-12-13 01:21:57,067 - PaperAgentLogger - INFO - Accurracy(reachGoalnoCollision): 0 
  DeteriorationRate(MakeSpan): 0 
  DeteriorationRate(FlowTime): 0 
  Rate(collisionPredictedinLoop): 0 
  Rate(FailedReachGoalbyCollisionShielding): 0 
 
2025-12-13 15:55:01,288 - PaperAgentLogger - INFO - test started
2025-12-13 15:55:01,480 - PaperAgentLogger - DEBUG - New map
2025-12-13 15:55:03,252 - PaperAgentLogger - INFO - ################## PaperArchitecture_map20x20_rho1_10Agent/K3_HS0/0 - End of loop ##################  
 ####### Case0 	 Computation time:1.7707905769348145 	 Step32/60	- AllReachGoal-True

2025-12-13 15:55:03,253 - PaperAgentLogger - INFO - current rateReachGoal: 0
2025-12-13 15:55:03,275 - PaperAgentLogger - DEBUG - New map
2025-12-13 15:55:04,077 - PaperAgentLogger - INFO - ################## PaperArchitecture_map20x20_rho1_10Agent/K3_HS0/0 - End of loop ##################  
 ####### Case1 	 Computation time:0.8008363246917725 	 Step24/40	- AllReachGoal-True

2025-12-13 15:55:04,077 - PaperAgentLogger - INFO - current rateReachGoal: 0
2025-12-13 15:55:04,093 - PaperAgentLogger - DEBUG - New map
2025-12-13 15:55:05,650 - PaperAgentLogger - INFO - ################## PaperArchitecture_map20x20_rho1_10Agent/K3_HS0/0 - End of loop ##################  
 ####### Case2 	 Computation time:1.556652545928955 	 Step49/74	- AllReachGoal-True

2025-12-13 15:55:05,651 - PaperAgentLogger - INFO - current rateReachGoal: 0
2025-12-13 15:55:05,673 - PaperAgentLogger - DEBUG - New map
2025-12-13 15:55:06,433 - PaperAgentLogger - INFO - ################## PaperArchitecture_map20x20_rho1_10Agent/K3_HS0/0 - End of loop ##################  
 ####### Case3 	 Computation time:0.75897216796875 	 Step24/48	- AllReachGoal-True

2025-12-13 15:55:06,434 - PaperAgentLogger - INFO - current rateReachGoal: 0
2025-12-13 15:55:06,451 - PaperAgentLogger - DEBUG - New map
2025-12-13 15:55:07,430 - PaperAgentLogger - INFO - ################## PaperArchitecture_map20x20_rho1_10Agent/K3_HS0/0 - End of loop ##################  
 ####### Case4 	 Computation time:0.9785549640655518 	 Step30/60	- AllReachGoal-True

2025-12-13 15:55:07,430 - PaperAgentLogger - INFO - current rateReachGoal: 0
2025-12-13 15:55:07,443 - PaperAgentLogger - DEBUG - New map
2025-12-13 15:55:09,014 - PaperAgentLogger - INFO - ################## PaperArchitecture_map20x20_rho1_10Agent/K3_HS0/0 - End of loop ##################  
 ####### Case5 	 Computation time:1.5709078311920166 	 Step50/50	- AllReachGoal-False

2025-12-13 15:55:09,015 - PaperAgentLogger - INFO - current rateReachGoal: 0
2025-12-13 15:55:09,029 - PaperAgentLogger - DEBUG - New map
2025-12-13 15:55:09,977 - PaperAgentLogger - INFO - ################## PaperArchitecture_map20x20_rho1_10Agent/K3_HS0/0 - End of loop ##################  
 ####### Case6 	 Computation time:0.9473762512207031 	 Step30/60	- AllReachGoal-True

2025-12-13 15:55:09,978 - PaperAgentLogger - INFO - current rateReachGoal: 0
2025-12-13 15:55:09,994 - PaperAgentLogger - DEBUG - New map
2025-12-13 15:55:10,920 - PaperAgentLogger - INFO - ################## PaperArchitecture_map20x20_rho1_10Agent/K3_HS0/0 - End of loop ##################  
 ####### Case7 	 Computation time:0.9250612258911133 	 Step29/54	- AllReachGoal-True

2025-12-13 15:55:10,921 - PaperAgentLogger - INFO - current rateReachGoal: 0
2025-12-13 15:55:10,937 - PaperAgentLogger - DEBUG - New map
2025-12-13 15:55:12,445 - PaperAgentLogger - INFO - ################## PaperArchitecture_map20x20_rho1_10Agent/K3_HS0/0 - End of loop ##################  
 ####### Case8 	 Computation time:1.5077953338623047 	 Step48/48	- AllReachGoal-False

2025-12-13 15:55:12,446 - PaperAgentLogger - INFO - current rateReachGoal: 0
2025-12-13 15:55:12,463 - PaperAgentLogger - DEBUG - New map
2025-12-13 15:55:13,410 - PaperAgentLogger - INFO - ################## PaperArchitecture_map20x20_rho1_10Agent/K3_HS0/0 - End of loop ##################  
 ####### Case9 	 Computation time:0.9469995498657227 	 Step30/56	- AllReachGoal-True

2025-12-13 15:55:13,411 - PaperAgentLogger - INFO - current rateReachGoal: 0
2025-12-13 15:55:13,428 - PaperAgentLogger - DEBUG - New map
2025-12-13 15:55:14,998 - PaperAgentLogger - INFO - ################## PaperArchitecture_map20x20_rho1_10Agent/K3_HS0/0 - End of loop ##################  
 ####### Case10 	 Computation time:1.5701265335083008 	 Step50/50	- AllReachGoal-True

2025-12-13 15:55:15,001 - PaperAgentLogger - INFO - current rateReachGoal: 0
2025-12-13 15:55:15,015 - PaperAgentLogger - DEBUG - New map
2025-12-13 15:55:15,653 - PaperAgentLogger - INFO - ################## PaperArchitecture_map20x20_rho1_10Agent/K3_HS0/0 - End of loop ##################  
 ####### Case11 	 Computation time:0.6376798152923584 	 Step20/34	- AllReachGoal-True

2025-12-13 15:55:15,654 - PaperAgentLogger - INFO - current rateReachGoal: 0
2025-12-13 15:55:15,669 - PaperAgentLogger - DEBUG - New map
2025-12-13 15:55:16,800 - PaperAgentLogger - INFO - ################## PaperArchitecture_map20x20_rho1_10Agent/K3_HS0/0 - End of loop ##################  
 ####### Case12 	 Computation time:1.1303460597991943 	 Step36/46	- AllReachGoal-True

2025-12-13 15:55:16,801 - PaperAgentLogger - INFO - current rateReachGoal: 0
2025-12-13 15:55:16,815 - PaperAgentLogger - DEBUG - New map
2025-12-13 15:55:17,750 - PaperAgentLogger - INFO - ################## PaperArchitecture_map20x20_rho1_10Agent/K3_HS0/0 - End of loop ##################  
 ####### Case13 	 Computation time:0.9344272613525391 	 Step28/36	- AllReachGoal-True

2025-12-13 15:55:17,751 - PaperAgentLogger - INFO - current rateReachGoal: 0
2025-12-13 15:55:17,769 - PaperAgentLogger - DEBUG - New map
2025-12-13 15:55:19,728 - PaperAgentLogger - INFO - ################## PaperArchitecture_map20x20_rho1_10Agent/K3_HS0/0 - End of loop ##################  
 ####### Case14 	 Computation time:1.9578261375427246 	 Step62/62	- AllReachGoal-False

2025-12-13 15:55:19,728 - PaperAgentLogger - INFO - current rateReachGoal: 0
2025-12-13 15:55:19,745 - PaperAgentLogger - DEBUG - New map
2025-12-13 15:55:20,543 - PaperAgentLogger - INFO - ################## PaperArchitecture_map20x20_rho1_10Agent/K3_HS0/0 - End of loop ##################  
 ####### Case15 	 Computation time:0.7977900505065918 	 Step25/52	- AllReachGoal-True

2025-12-13 15:55:20,544 - PaperAgentLogger - INFO - current rateReachGoal: 0
2025-12-13 15:55:20,561 - PaperAgentLogger - DEBUG - New map
2025-12-13 15:55:22,572 - PaperAgentLogger - INFO - ################## PaperArchitecture_map20x20_rho1_10Agent/K3_HS0/0 - End of loop ##################  
 ####### Case16 	 Computation time:2.010220527648926 	 Step64/64	- AllReachGoal-False

2025-12-13 15:55:22,573 - PaperAgentLogger - INFO - current rateReachGoal: 0
2025-12-13 15:55:22,591 - PaperAgentLogger - DEBUG - New map
2025-12-13 15:55:23,854 - PaperAgentLogger - INFO - ################## PaperArchitecture_map20x20_rho1_10Agent/K3_HS0/0 - End of loop ##################  
 ####### Case17 	 Computation time:1.2622101306915283 	 Step40/62	- AllReachGoal-True

2025-12-13 15:55:23,854 - PaperAgentLogger - INFO - current rateReachGoal: 0
2025-12-13 15:55:23,875 - PaperAgentLogger - DEBUG - New map
2025-12-13 15:55:25,643 - PaperAgentLogger - INFO - ################## PaperArchitecture_map20x20_rho1_10Agent/K3_HS0/0 - End of loop ##################  
 ####### Case18 	 Computation time:1.7672877311706543 	 Step56/56	- AllReachGoal-False

2025-12-13 15:55:25,643 - PaperAgentLogger - INFO - current rateReachGoal: 0
2025-12-13 15:55:25,659 - PaperAgentLogger - DEBUG - New map
2025-12-13 15:55:26,577 - PaperAgentLogger - INFO - ################## PaperArchitecture_map20x20_rho1_10Agent/K3_HS0/0 - End of loop ##################  
 ####### Case19 	 Computation time:0.918327808380127 	 Step29/44	- AllReachGoal-True

2025-12-13 15:55:26,578 - PaperAgentLogger - INFO - current rateReachGoal: 0
2025-12-13 15:55:26,593 - PaperAgentLogger - DEBUG - New map
2025-12-13 15:55:27,792 - PaperAgentLogger - INFO - ################## PaperArchitecture_map20x20_rho1_10Agent/K3_HS0/0 - End of loop ##################  
 ####### Case20 	 Computation time:1.198523759841919 	 Step38/38	- AllReachGoal-False

2025-12-13 15:55:27,792 - PaperAgentLogger - INFO - current rateReachGoal: 0
2025-12-13 15:55:27,811 - PaperAgentLogger - DEBUG - New map
2025-12-13 15:55:30,088 - PaperAgentLogger - INFO - ################## PaperArchitecture_map20x20_rho1_10Agent/K3_HS0/0 - End of loop ##################  
 ####### Case21 	 Computation time:2.2765707969665527 	 Step72/72	- AllReachGoal-False

2025-12-13 15:55:30,089 - PaperAgentLogger - INFO - current rateReachGoal: 0
2025-12-13 15:55:30,106 - PaperAgentLogger - DEBUG - New map
2025-12-13 15:55:31,016 - PaperAgentLogger - INFO - ################## PaperArchitecture_map20x20_rho1_10Agent/K3_HS0/0 - End of loop ##################  
 ####### Case22 	 Computation time:0.9091150760650635 	 Step28/48	- AllReachGoal-True

2025-12-13 15:55:31,016 - PaperAgentLogger - INFO - current rateReachGoal: 0
2025-12-13 15:55:31,032 - PaperAgentLogger - DEBUG - New map
2025-12-13 15:55:32,551 - PaperAgentLogger - INFO - ################## PaperArchitecture_map20x20_rho1_10Agent/K3_HS0/0 - End of loop ##################  
 ####### Case23 	 Computation time:1.518092155456543 	 Step46/46	- AllReachGoal-False

2025-12-13 15:55:32,551 - PaperAgentLogger - INFO - current rateReachGoal: 0
2025-12-13 15:55:32,568 - PaperAgentLogger - DEBUG - New map
2025-12-13 15:55:34,195 - PaperAgentLogger - INFO - ################## PaperArchitecture_map20x20_rho1_10Agent/K3_HS0/0 - End of loop ##################  
 ####### Case24 	 Computation time:1.6265449523925781 	 Step50/50	- AllReachGoal-False

2025-12-13 15:55:34,196 - PaperAgentLogger - INFO - current rateReachGoal: 0
2025-12-13 15:55:34,213 - PaperAgentLogger - DEBUG - New map
2025-12-13 15:55:35,408 - PaperAgentLogger - INFO - ################## PaperArchitecture_map20x20_rho1_10Agent/K3_HS0/0 - End of loop ##################  
 ####### Case25 	 Computation time:1.194890022277832 	 Step36/56	- AllReachGoal-True

2025-12-13 15:55:35,409 - PaperAgentLogger - INFO - current rateReachGoal: 0
2025-12-13 15:55:35,425 - PaperAgentLogger - DEBUG - New map
2025-12-13 15:55:36,993 - PaperAgentLogger - INFO - ################## PaperArchitecture_map20x20_rho1_10Agent/K3_HS0/0 - End of loop ##################  
 ####### Case26 	 Computation time:1.5679540634155273 	 Step48/48	- AllReachGoal-False

2025-12-13 15:55:36,994 - PaperAgentLogger - INFO - current rateReachGoal: 0
2025-12-13 15:55:37,011 - PaperAgentLogger - DEBUG - New map
2025-12-13 15:55:38,053 - PaperAgentLogger - INFO - ################## PaperArchitecture_map20x20_rho1_10Agent/K3_HS0/0 - End of loop ##################  
 ####### Case27 	 Computation time:1.0422298908233643 	 Step33/52	- AllReachGoal-True

2025-12-13 15:55:38,054 - PaperAgentLogger - INFO - current rateReachGoal: 0
2025-12-13 15:55:38,070 - PaperAgentLogger - DEBUG - New map
2025-12-13 15:55:39,710 - PaperAgentLogger - INFO - ################## PaperArchitecture_map20x20_rho1_10Agent/K3_HS0/0 - End of loop ##################  
 ####### Case28 	 Computation time:1.6393232345581055 	 Step52/52	- AllReachGoal-False

2025-12-13 15:55:39,711 - PaperAgentLogger - INFO - current rateReachGoal: 0
2025-12-13 15:55:39,727 - PaperAgentLogger - DEBUG - New map
2025-12-13 15:55:40,739 - PaperAgentLogger - INFO - ################## PaperArchitecture_map20x20_rho1_10Agent/K3_HS0/0 - End of loop ##################  
 ####### Case29 	 Computation time:1.0106720924377441 	 Step32/52	- AllReachGoal-True

2025-12-13 15:55:40,739 - PaperAgentLogger - INFO - current rateReachGoal: 0
2025-12-13 15:55:40,757 - PaperAgentLogger - DEBUG - New map
2025-12-13 15:55:42,155 - PaperAgentLogger - INFO - ################## PaperArchitecture_map20x20_rho1_10Agent/K3_HS0/0 - End of loop ##################  
 ####### Case30 	 Computation time:1.3970882892608643 	 Step42/58	- AllReachGoal-True

2025-12-13 15:55:42,156 - PaperAgentLogger - INFO - current rateReachGoal: 0
2025-12-13 15:55:42,171 - PaperAgentLogger - DEBUG - New map
2025-12-13 15:55:42,918 - PaperAgentLogger - INFO - ################## PaperArchitecture_map20x20_rho1_10Agent/K3_HS0/0 - End of loop ##################  
 ####### Case31 	 Computation time:0.7463674545288086 	 Step23/46	- AllReachGoal-True

2025-12-13 15:55:42,918 - PaperAgentLogger - INFO - current rateReachGoal: 0
2025-12-13 15:55:42,934 - PaperAgentLogger - DEBUG - New map
2025-12-13 15:55:44,628 - PaperAgentLogger - INFO - ################## PaperArchitecture_map20x20_rho1_10Agent/K3_HS0/0 - End of loop ##################  
 ####### Case32 	 Computation time:1.693253755569458 	 Step54/54	- AllReachGoal-False

2025-12-13 15:55:44,629 - PaperAgentLogger - INFO - current rateReachGoal: 0
2025-12-13 15:55:44,645 - PaperAgentLogger - DEBUG - New map
2025-12-13 15:55:45,595 - PaperAgentLogger - INFO - ################## PaperArchitecture_map20x20_rho1_10Agent/K3_HS0/0 - End of loop ##################  
 ####### Case33 	 Computation time:0.9492166042327881 	 Step30/54	- AllReachGoal-True

2025-12-13 15:55:45,595 - PaperAgentLogger - INFO - current rateReachGoal: 0
2025-12-13 15:55:45,613 - PaperAgentLogger - DEBUG - New map
2025-12-13 15:55:47,246 - PaperAgentLogger - INFO - ################## PaperArchitecture_map20x20_rho1_10Agent/K3_HS0/0 - End of loop ##################  
 ####### Case34 	 Computation time:1.6322288513183594 	 Step52/52	- AllReachGoal-False

2025-12-13 15:55:47,246 - PaperAgentLogger - INFO - current rateReachGoal: 0
2025-12-13 15:55:47,263 - PaperAgentLogger - DEBUG - New map
2025-12-13 15:55:48,054 - PaperAgentLogger - INFO - ################## PaperArchitecture_map20x20_rho1_10Agent/K3_HS0/0 - End of loop ##################  
 ####### Case35 	 Computation time:0.7910852432250977 	 Step25/50	- AllReachGoal-True

2025-12-13 15:55:48,055 - PaperAgentLogger - INFO - current rateReachGoal: 0
2025-12-13 15:55:48,072 - PaperAgentLogger - DEBUG - New map
2025-12-13 15:55:49,904 - PaperAgentLogger - INFO - ################## PaperArchitecture_map20x20_rho1_10Agent/K3_HS0/0 - End of loop ##################  
 ####### Case36 	 Computation time:1.8310787677764893 	 Step58/58	- AllReachGoal-False

2025-12-13 15:55:49,904 - PaperAgentLogger - INFO - current rateReachGoal: 0
2025-12-13 15:55:49,921 - PaperAgentLogger - DEBUG - New map
2025-12-13 15:55:51,807 - PaperAgentLogger - INFO - ################## PaperArchitecture_map20x20_rho1_10Agent/K3_HS0/0 - End of loop ##################  
 ####### Case37 	 Computation time:1.8846640586853027 	 Step60/60	- AllReachGoal-False

2025-12-13 15:55:51,807 - PaperAgentLogger - INFO - current rateReachGoal: 0
2025-12-13 15:55:51,825 - PaperAgentLogger - DEBUG - New map
2025-12-13 15:55:53,491 - PaperAgentLogger - INFO - ################## PaperArchitecture_map20x20_rho1_10Agent/K3_HS0/0 - End of loop ##################  
 ####### Case38 	 Computation time:1.6651594638824463 	 Step50/50	- AllReachGoal-False

2025-12-13 15:55:53,492 - PaperAgentLogger - INFO - current rateReachGoal: 0
2025-12-13 15:55:53,508 - PaperAgentLogger - DEBUG - New map
2025-12-13 15:57:37,087 - PaperAgentLogger - INFO - test started
2025-12-13 15:57:37,264 - PaperAgentLogger - DEBUG - New map
2025-12-13 15:57:38,774 - PaperAgentLogger - INFO - ################## PaperArchitecture_map20x20_rho1_10Agent/K3_HS0/0 - End of loop ##################  
 ####### Case0 	 Computation time:1.5094964504241943 	 Step32/60	- AllReachGoal-True

2025-12-13 15:57:38,775 - PaperAgentLogger - INFO - current rateReachGoal: 0
2025-12-13 15:57:38,799 - PaperAgentLogger - DEBUG - New map
2025-12-13 15:57:40,161 - PaperAgentLogger - INFO - ################## PaperArchitecture_map20x20_rho1_10Agent/K3_HS0/0 - End of loop ##################  
 ####### Case1 	 Computation time:1.3614401817321777 	 Step40/40	- AllReachGoal-False

2025-12-13 15:57:40,162 - PaperAgentLogger - INFO - current rateReachGoal: 0
2025-12-13 15:57:40,178 - PaperAgentLogger - DEBUG - New map
2025-12-13 15:57:41,910 - PaperAgentLogger - INFO - ################## PaperArchitecture_map20x20_rho1_10Agent/K3_HS0/0 - End of loop ##################  
 ####### Case2 	 Computation time:1.732156753540039 	 Step51/74	- AllReachGoal-True

2025-12-13 15:57:41,911 - PaperAgentLogger - INFO - current rateReachGoal: 0
2025-12-13 15:57:41,930 - PaperAgentLogger - DEBUG - New map
2025-12-13 15:57:43,553 - PaperAgentLogger - INFO - ################## PaperArchitecture_map20x20_rho1_10Agent/K3_HS0/0 - End of loop ##################  
 ####### Case3 	 Computation time:1.622314214706421 	 Step48/48	- AllReachGoal-False

2025-12-13 15:57:43,554 - PaperAgentLogger - INFO - current rateReachGoal: 0
2025-12-13 15:57:43,568 - PaperAgentLogger - DEBUG - New map
2025-12-13 15:57:44,698 - PaperAgentLogger - INFO - ################## PaperArchitecture_map20x20_rho1_10Agent/K3_HS0/0 - End of loop ##################  
 ####### Case4 	 Computation time:1.1291446685791016 	 Step34/60	- AllReachGoal-True

2025-12-13 15:57:44,699 - PaperAgentLogger - INFO - current rateReachGoal: 0
2025-12-13 15:57:44,711 - PaperAgentLogger - DEBUG - New map
2025-12-13 15:57:46,348 - PaperAgentLogger - INFO - ################## PaperArchitecture_map20x20_rho1_10Agent/K3_HS0/0 - End of loop ##################  
 ####### Case5 	 Computation time:1.6358671188354492 	 Step50/50	- AllReachGoal-False

2025-12-13 15:57:46,348 - PaperAgentLogger - INFO - current rateReachGoal: 0
2025-12-13 15:57:46,362 - PaperAgentLogger - DEBUG - New map
2025-12-13 15:57:47,757 - PaperAgentLogger - INFO - ################## PaperArchitecture_map20x20_rho1_10Agent/K3_HS0/0 - End of loop ##################  
 ####### Case6 	 Computation time:1.395017385482788 	 Step43/60	- AllReachGoal-True

2025-12-13 15:57:47,758 - PaperAgentLogger - INFO - current rateReachGoal: 0
2025-12-13 15:57:47,774 - PaperAgentLogger - DEBUG - New map
2025-12-13 15:57:48,697 - PaperAgentLogger - INFO - ################## PaperArchitecture_map20x20_rho1_10Agent/K3_HS0/0 - End of loop ##################  
 ####### Case7 	 Computation time:0.9217338562011719 	 Step27/54	- AllReachGoal-True

2025-12-13 15:57:48,698 - PaperAgentLogger - INFO - current rateReachGoal: 0
2025-12-13 15:57:48,714 - PaperAgentLogger - DEBUG - New map
2025-12-13 15:57:50,349 - PaperAgentLogger - INFO - ################## PaperArchitecture_map20x20_rho1_10Agent/K3_HS0/0 - End of loop ##################  
 ####### Case8 	 Computation time:1.6346235275268555 	 Step48/48	- AllReachGoal-False

2025-12-13 15:57:50,350 - PaperAgentLogger - INFO - current rateReachGoal: 0
2025-12-13 15:57:50,367 - PaperAgentLogger - DEBUG - New map
2025-12-13 15:57:51,449 - PaperAgentLogger - INFO - ################## PaperArchitecture_map20x20_rho1_10Agent/K3_HS0/0 - End of loop ##################  
 ####### Case9 	 Computation time:1.0817689895629883 	 Step31/56	- AllReachGoal-True

2025-12-13 15:57:51,450 - PaperAgentLogger - INFO - current rateReachGoal: 0
2025-12-13 15:57:51,497 - PaperAgentLogger - INFO - Accurracy(reachGoalnoCollision): 0 
  DeteriorationRate(MakeSpan): 0 
  DeteriorationRate(FlowTime): 0 
  Rate(collisionPredictedinLoop): 0 
  Rate(FailedReachGoalbyCollisionShielding): 0 
 
2025-12-13 15:59:27,528 - PaperAgentLogger - INFO - test started
2025-12-13 15:59:27,732 - PaperAgentLogger - DEBUG - New map
2025-12-13 15:59:29,111 - PaperAgentLogger - INFO - ################## PaperArchitecture_map20x20_rho1_10Agent/K3_HS0/0 - End of loop ##################  
 ####### Case0 	 Computation time:1.3777108192443848 	 Step32/60	- AllReachGoal-True

2025-12-13 15:59:29,111 - PaperAgentLogger - INFO - current rateReachGoal: 0
2025-12-13 15:59:29,123 - PaperAgentLogger - DEBUG - New map
2025-12-13 15:59:29,822 - PaperAgentLogger - INFO - ################## PaperArchitecture_map20x20_rho1_10Agent/K3_HS0/0 - End of loop ##################  
 ####### Case1 	 Computation time:0.6974475383758545 	 Step22/40	- AllReachGoal-True

2025-12-13 15:59:29,822 - PaperAgentLogger - INFO - current rateReachGoal: 0
2025-12-13 15:59:29,837 - PaperAgentLogger - DEBUG - New map
2025-12-13 15:59:31,143 - PaperAgentLogger - INFO - ################## PaperArchitecture_map20x20_rho1_10Agent/K3_HS0/0 - End of loop ##################  
 ####### Case2 	 Computation time:1.305100679397583 	 Step41/74	- AllReachGoal-True

2025-12-13 15:59:31,143 - PaperAgentLogger - INFO - current rateReachGoal: 0
2025-12-13 15:59:31,155 - PaperAgentLogger - DEBUG - New map
2025-12-13 15:59:32,675 - PaperAgentLogger - INFO - ################## PaperArchitecture_map20x20_rho1_10Agent/K3_HS0/0 - End of loop ##################  
 ####### Case3 	 Computation time:1.5191240310668945 	 Step48/48	- AllReachGoal-False

2025-12-13 15:59:32,676 - PaperAgentLogger - INFO - current rateReachGoal: 0
2025-12-13 15:59:32,694 - PaperAgentLogger - DEBUG - New map
2025-12-13 15:59:33,651 - PaperAgentLogger - INFO - ################## PaperArchitecture_map20x20_rho1_10Agent/K3_HS0/0 - End of loop ##################  
 ####### Case4 	 Computation time:0.9559614658355713 	 Step30/60	- AllReachGoal-True

2025-12-13 15:59:33,651 - PaperAgentLogger - INFO - current rateReachGoal: 0
2025-12-13 15:59:33,668 - PaperAgentLogger - DEBUG - New map
2025-12-13 15:59:35,195 - PaperAgentLogger - INFO - ################## PaperArchitecture_map20x20_rho1_10Agent/K3_HS0/0 - End of loop ##################  
 ####### Case5 	 Computation time:1.5267829895019531 	 Step50/50	- AllReachGoal-False

2025-12-13 15:59:35,196 - PaperAgentLogger - INFO - current rateReachGoal: 0
2025-12-13 15:59:35,210 - PaperAgentLogger - DEBUG - New map
2025-12-13 15:59:36,183 - PaperAgentLogger - INFO - ################## PaperArchitecture_map20x20_rho1_10Agent/K3_HS0/0 - End of loop ##################  
 ####### Case6 	 Computation time:0.9729251861572266 	 Step32/60	- AllReachGoal-True

2025-12-13 15:59:36,184 - PaperAgentLogger - INFO - current rateReachGoal: 0
2025-12-13 15:59:36,200 - PaperAgentLogger - DEBUG - New map
2025-12-13 15:59:37,079 - PaperAgentLogger - INFO - ################## PaperArchitecture_map20x20_rho1_10Agent/K3_HS0/0 - End of loop ##################  
 ####### Case7 	 Computation time:0.8781704902648926 	 Step29/54	- AllReachGoal-True

2025-12-13 15:59:37,079 - PaperAgentLogger - INFO - current rateReachGoal: 0
2025-12-13 15:59:37,095 - PaperAgentLogger - DEBUG - New map
2025-12-13 15:59:38,554 - PaperAgentLogger - INFO - ################## PaperArchitecture_map20x20_rho1_10Agent/K3_HS0/0 - End of loop ##################  
 ####### Case8 	 Computation time:1.4585227966308594 	 Step48/48	- AllReachGoal-False

2025-12-13 15:59:38,555 - PaperAgentLogger - INFO - current rateReachGoal: 0
2025-12-13 15:59:38,571 - PaperAgentLogger - DEBUG - New map
2025-12-13 15:59:39,541 - PaperAgentLogger - INFO - ################## PaperArchitecture_map20x20_rho1_10Agent/K3_HS0/0 - End of loop ##################  
 ####### Case9 	 Computation time:0.9696786403656006 	 Step32/56	- AllReachGoal-True

2025-12-13 15:59:39,542 - PaperAgentLogger - INFO - current rateReachGoal: 0
2025-12-13 15:59:39,586 - PaperAgentLogger - INFO - Accurracy(reachGoalnoCollision): 0 
  DeteriorationRate(MakeSpan): 0 
  DeteriorationRate(FlowTime): 0 
  Rate(collisionPredictedinLoop): 0 
  Rate(FailedReachGoalbyCollisionShielding): 0 
 
2025-12-13 16:01:03,195 - PaperAgentLogger - INFO - test started
2025-12-13 16:01:03,369 - PaperAgentLogger - DEBUG - New map
2025-12-13 16:01:04,751 - PaperAgentLogger - INFO - ################## PaperArchitecture_map20x20_rho1_10Agent/K3_HS0/0 - End of loop ##################  
 ####### Case0 	 Computation time:1.3807482719421387 	 Step32/60	- AllReachGoal-True

2025-12-13 16:01:04,752 - PaperAgentLogger - INFO - current rateReachGoal: 0
2025-12-13 16:01:04,769 - PaperAgentLogger - DEBUG - New map
2025-12-13 16:01:05,981 - PaperAgentLogger - INFO - ################## PaperArchitecture_map20x20_rho1_10Agent/K3_HS0/0 - End of loop ##################  
 ####### Case1 	 Computation time:1.210561752319336 	 Step40/40	- AllReachGoal-False

2025-12-13 16:01:05,981 - PaperAgentLogger - INFO - current rateReachGoal: 0
2025-12-13 16:01:06,010 - PaperAgentLogger - DEBUG - New map
2025-12-13 16:01:07,142 - PaperAgentLogger - INFO - ################## PaperArchitecture_map20x20_rho1_10Agent/K3_HS0/0 - End of loop ##################  
 ####### Case2 	 Computation time:1.1313011646270752 	 Step37/74	- AllReachGoal-True

2025-12-13 16:01:07,142 - PaperAgentLogger - INFO - current rateReachGoal: 0
2025-12-13 16:01:07,154 - PaperAgentLogger - DEBUG - New map
2025-12-13 16:01:08,609 - PaperAgentLogger - INFO - ################## PaperArchitecture_map20x20_rho1_10Agent/K3_HS0/0 - End of loop ##################  
 ####### Case3 	 Computation time:1.4543485641479492 	 Step48/48	- AllReachGoal-False

2025-12-13 16:01:08,610 - PaperAgentLogger - INFO - current rateReachGoal: 0
2025-12-13 16:01:08,623 - PaperAgentLogger - DEBUG - New map
2025-12-13 16:01:09,540 - PaperAgentLogger - INFO - ################## PaperArchitecture_map20x20_rho1_10Agent/K3_HS0/0 - End of loop ##################  
 ####### Case4 	 Computation time:0.9159135818481445 	 Step30/60	- AllReachGoal-True

2025-12-13 16:01:09,540 - PaperAgentLogger - INFO - current rateReachGoal: 0
2025-12-13 16:01:09,553 - PaperAgentLogger - DEBUG - New map
2025-12-13 16:01:11,068 - PaperAgentLogger - INFO - ################## PaperArchitecture_map20x20_rho1_10Agent/K3_HS0/0 - End of loop ##################  
 ####### Case5 	 Computation time:1.514991283416748 	 Step50/50	- AllReachGoal-False

2025-12-13 16:01:11,069 - PaperAgentLogger - INFO - current rateReachGoal: 0
2025-12-13 16:01:11,086 - PaperAgentLogger - DEBUG - New map
2025-12-13 16:01:12,899 - PaperAgentLogger - INFO - ################## PaperArchitecture_map20x20_rho1_10Agent/K3_HS0/0 - End of loop ##################  
 ####### Case6 	 Computation time:1.811913251876831 	 Step60/60	- AllReachGoal-False

2025-12-13 16:01:12,899 - PaperAgentLogger - INFO - current rateReachGoal: 0
2025-12-13 16:01:12,912 - PaperAgentLogger - DEBUG - New map
2025-12-13 16:01:14,626 - PaperAgentLogger - INFO - ################## PaperArchitecture_map20x20_rho1_10Agent/K3_HS0/0 - End of loop ##################  
 ####### Case7 	 Computation time:1.713627815246582 	 Step54/54	- AllReachGoal-False

2025-12-13 16:01:14,627 - PaperAgentLogger - INFO - current rateReachGoal: 0
2025-12-13 16:01:14,644 - PaperAgentLogger - DEBUG - New map
2025-12-13 16:01:16,163 - PaperAgentLogger - INFO - ################## PaperArchitecture_map20x20_rho1_10Agent/K3_HS0/0 - End of loop ##################  
 ####### Case8 	 Computation time:1.518380880355835 	 Step48/48	- AllReachGoal-False

2025-12-13 16:01:16,163 - PaperAgentLogger - INFO - current rateReachGoal: 0
2025-12-13 16:01:16,179 - PaperAgentLogger - DEBUG - New map
2025-12-13 16:01:17,042 - PaperAgentLogger - INFO - ################## PaperArchitecture_map20x20_rho1_10Agent/K3_HS0/0 - End of loop ##################  
 ####### Case9 	 Computation time:0.8622908592224121 	 Step28/56	- AllReachGoal-True

2025-12-13 16:01:17,043 - PaperAgentLogger - INFO - current rateReachGoal: 0
2025-12-13 16:01:17,088 - PaperAgentLogger - INFO - Accurracy(reachGoalnoCollision): 0 
  DeteriorationRate(MakeSpan): 0 
  DeteriorationRate(FlowTime): 0 
  Rate(collisionPredictedinLoop): 0 
  Rate(FailedReachGoalbyCollisionShielding): 0 
 
2025-12-13 16:01:17,089 - PaperAgentLogger - INFO - RESULT:0
2025-12-13 16:07:05,948 - PaperAgentLogger - INFO - test started
2025-12-13 16:07:06,122 - PaperAgentLogger - DEBUG - New map
2025-12-13 16:07:07,534 - PaperAgentLogger - INFO - ################## PaperArchitecture_map20x20_rho1_10Agent/K3_HS0/0 - End of loop ##################  
 ####### Case0 	 Computation time:1.410743236541748 	 Step32/60	- AllReachGoal-True

2025-12-13 16:07:07,535 - PaperAgentLogger - INFO - current rateReachGoal: 1.0
2025-12-13 16:07:07,557 - PaperAgentLogger - DEBUG - New map
2025-12-13 16:07:08,792 - PaperAgentLogger - INFO - ################## PaperArchitecture_map20x20_rho1_10Agent/K3_HS0/0 - End of loop ##################  
 ####### Case1 	 Computation time:1.2349042892456055 	 Step40/40	- AllReachGoal-False

2025-12-13 16:07:08,793 - PaperAgentLogger - INFO - current rateReachGoal: 0.5
2025-12-13 16:07:08,809 - PaperAgentLogger - DEBUG - New map
2025-12-13 16:07:09,951 - PaperAgentLogger - INFO - ################## PaperArchitecture_map20x20_rho1_10Agent/K3_HS0/0 - End of loop ##################  
 ####### Case2 	 Computation time:1.141749382019043 	 Step37/74	- AllReachGoal-True

2025-12-13 16:07:09,952 - PaperAgentLogger - INFO - current rateReachGoal: 0.6666666666666666
2025-12-13 16:07:09,971 - PaperAgentLogger - DEBUG - New map
2025-12-13 16:07:11,431 - PaperAgentLogger - INFO - ################## PaperArchitecture_map20x20_rho1_10Agent/K3_HS0/0 - End of loop ##################  
 ####### Case3 	 Computation time:1.459676742553711 	 Step48/48	- AllReachGoal-False

2025-12-13 16:07:11,432 - PaperAgentLogger - INFO - current rateReachGoal: 0.5
2025-12-13 16:07:11,445 - PaperAgentLogger - DEBUG - New map
2025-12-13 16:07:13,270 - PaperAgentLogger - INFO - ################## PaperArchitecture_map20x20_rho1_10Agent/K3_HS0/0 - End of loop ##################  
 ####### Case4 	 Computation time:1.824131727218628 	 Step60/60	- AllReachGoal-False

2025-12-13 16:07:13,271 - PaperAgentLogger - INFO - current rateReachGoal: 0.4
2025-12-13 16:07:13,283 - PaperAgentLogger - DEBUG - New map
2025-12-13 16:07:14,814 - PaperAgentLogger - INFO - ################## PaperArchitecture_map20x20_rho1_10Agent/K3_HS0/0 - End of loop ##################  
 ####### Case5 	 Computation time:1.5312676429748535 	 Step50/50	- AllReachGoal-False

2025-12-13 16:07:14,815 - PaperAgentLogger - INFO - current rateReachGoal: 0.3333333333333333
2025-12-13 16:07:14,829 - PaperAgentLogger - DEBUG - New map
2025-12-13 16:07:16,658 - PaperAgentLogger - INFO - ################## PaperArchitecture_map20x20_rho1_10Agent/K3_HS0/0 - End of loop ##################  
 ####### Case6 	 Computation time:1.828505277633667 	 Step60/60	- AllReachGoal-False

2025-12-13 16:07:16,659 - PaperAgentLogger - INFO - current rateReachGoal: 0.2857142857142857
2025-12-13 16:07:16,675 - PaperAgentLogger - DEBUG - New map
2025-12-13 16:07:17,570 - PaperAgentLogger - INFO - ################## PaperArchitecture_map20x20_rho1_10Agent/K3_HS0/0 - End of loop ##################  
 ####### Case7 	 Computation time:0.8941385746002197 	 Step29/54	- AllReachGoal-True

2025-12-13 16:07:17,571 - PaperAgentLogger - INFO - current rateReachGoal: 0.375
2025-12-13 16:07:17,587 - PaperAgentLogger - DEBUG - New map
2025-12-13 16:07:19,057 - PaperAgentLogger - INFO - ################## PaperArchitecture_map20x20_rho1_10Agent/K3_HS0/0 - End of loop ##################  
 ####### Case8 	 Computation time:1.4689359664916992 	 Step48/48	- AllReachGoal-False

2025-12-13 16:07:19,057 - PaperAgentLogger - INFO - current rateReachGoal: 0.3333333333333333
2025-12-13 16:07:19,074 - PaperAgentLogger - DEBUG - New map
2025-12-13 16:07:19,991 - PaperAgentLogger - INFO - ################## PaperArchitecture_map20x20_rho1_10Agent/K3_HS0/0 - End of loop ##################  
 ####### Case9 	 Computation time:0.9164836406707764 	 Step30/56	- AllReachGoal-True

2025-12-13 16:07:19,991 - PaperAgentLogger - INFO - current rateReachGoal: 0.4
2025-12-13 16:07:20,031 - PaperAgentLogger - INFO - Accurracy(reachGoalnoCollision): 0.4 
  DeteriorationRate(MakeSpan): 0.647 
  DeteriorationRate(FlowTime): 0.2895 
  Rate(collisionPredictedinLoop): 1.0 
  Rate(FailedReachGoalbyCollisionShielding): 0.6 
 
2025-12-13 16:07:20,032 - PaperAgentLogger - INFO - RESULT:0.4
2025-12-19 02:54:18,884 - PaperAgentLogger - INFO - test started
2025-12-19 02:54:19,074 - PaperAgentLogger - DEBUG - New map
2025-12-19 02:54:21,455 - PaperAgentLogger - INFO - ################## PaperArchitecture_map20x20_rho1_10Agent/K3_HS0/0 - End of loop ##################  
 ####### Case0 	 Computation time:2.379997968673706 	 Step60/60	- AllReachGoal-False

2025-12-19 02:54:21,455 - PaperAgentLogger - INFO - current rateReachGoal: 0.0
2025-12-19 02:54:21,467 - PaperAgentLogger - DEBUG - New map
2025-12-19 02:54:22,643 - PaperAgentLogger - INFO - ################## PaperArchitecture_map20x20_rho1_10Agent/K3_HS0/0 - End of loop ##################  
 ####### Case1 	 Computation time:1.17628812789917 	 Step40/40	- AllReachGoal-False

2025-12-19 02:54:22,644 - PaperAgentLogger - INFO - current rateReachGoal: 0.0
2025-12-19 02:54:22,670 - PaperAgentLogger - DEBUG - New map
2025-12-19 02:54:24,824 - PaperAgentLogger - INFO - ################## PaperArchitecture_map20x20_rho1_10Agent/K3_HS0/0 - End of loop ##################  
 ####### Case2 	 Computation time:2.1535050868988037 	 Step74/74	- AllReachGoal-False

2025-12-19 02:54:24,825 - PaperAgentLogger - INFO - current rateReachGoal: 0.0
2025-12-19 02:54:24,844 - PaperAgentLogger - DEBUG - New map
2025-12-19 02:54:26,258 - PaperAgentLogger - INFO - ################## PaperArchitecture_map20x20_rho1_10Agent/K3_HS0/0 - End of loop ##################  
 ####### Case3 	 Computation time:1.4135093688964844 	 Step48/48	- AllReachGoal-False

2025-12-19 02:54:26,259 - PaperAgentLogger - INFO - current rateReachGoal: 0.0
2025-12-19 02:54:26,272 - PaperAgentLogger - DEBUG - New map
2025-12-19 02:54:28,026 - PaperAgentLogger - INFO - ################## PaperArchitecture_map20x20_rho1_10Agent/K3_HS0/0 - End of loop ##################  
 ####### Case4 	 Computation time:1.7531535625457764 	 Step60/60	- AllReachGoal-False

2025-12-19 02:54:28,027 - PaperAgentLogger - INFO - current rateReachGoal: 0.0
2025-12-19 02:54:28,039 - PaperAgentLogger - DEBUG - New map
2025-12-19 02:54:29,510 - PaperAgentLogger - INFO - ################## PaperArchitecture_map20x20_rho1_10Agent/K3_HS0/0 - End of loop ##################  
 ####### Case5 	 Computation time:1.4708032608032227 	 Step50/50	- AllReachGoal-False

2025-12-19 02:54:29,511 - PaperAgentLogger - INFO - current rateReachGoal: 0.0
2025-12-19 02:54:29,524 - PaperAgentLogger - DEBUG - New map
2025-12-19 02:54:31,306 - PaperAgentLogger - INFO - ################## PaperArchitecture_map20x20_rho1_10Agent/K3_HS0/0 - End of loop ##################  
 ####### Case6 	 Computation time:1.7807691097259521 	 Step60/60	- AllReachGoal-False

2025-12-19 02:54:31,306 - PaperAgentLogger - INFO - current rateReachGoal: 0.0
2025-12-19 02:54:31,323 - PaperAgentLogger - DEBUG - New map
2025-12-19 02:54:32,915 - PaperAgentLogger - INFO - ################## PaperArchitecture_map20x20_rho1_10Agent/K3_HS0/0 - End of loop ##################  
 ####### Case7 	 Computation time:1.5916862487792969 	 Step54/54	- AllReachGoal-False

2025-12-19 02:54:32,916 - PaperAgentLogger - INFO - current rateReachGoal: 0.0
2025-12-19 02:54:32,932 - PaperAgentLogger - DEBUG - New map
2025-12-19 02:54:34,379 - PaperAgentLogger - INFO - ################## PaperArchitecture_map20x20_rho1_10Agent/K3_HS0/0 - End of loop ##################  
 ####### Case8 	 Computation time:1.4469079971313477 	 Step48/48	- AllReachGoal-False

2025-12-19 02:54:34,380 - PaperAgentLogger - INFO - current rateReachGoal: 0.0
2025-12-19 02:54:34,398 - PaperAgentLogger - DEBUG - New map
2025-12-19 02:54:56,075 - PaperAgentLogger - INFO - test started
2025-12-19 02:56:41,738 - PaperAgentLogger - INFO - test started
2025-12-19 03:01:03,932 - PaperAgentLogger - INFO - test started
2025-12-19 03:02:26,754 - PaperAgentLogger - INFO - test started
2025-12-19 03:03:16,894 - PaperAgentLogger - INFO - test started
2025-12-19 03:04:22,480 - PaperAgentLogger - INFO - test started
2025-12-19 14:57:24,888 - PaperAgentLogger - INFO - test started
2025-12-19 14:57:25,045 - PaperAgentLogger - DEBUG - New map
2025-12-19 14:57:27,293 - PaperAgentLogger - INFO - ################## PaperArchitecture_map20x20_rho1_10Agent/K3_HS0/0 - End of loop ##################  
 ####### Case0 	 Computation time:2.2463645935058594 	 Step60/60	- AllReachGoal-False

2025-12-19 14:57:27,294 - PaperAgentLogger - INFO - current rateReachGoal: 0.0
2025-12-19 14:57:27,305 - PaperAgentLogger - DEBUG - New map
2025-12-19 14:57:28,516 - PaperAgentLogger - INFO - ################## PaperArchitecture_map20x20_rho1_10Agent/K3_HS0/0 - End of loop ##################  
 ####### Case1 	 Computation time:1.210458517074585 	 Step40/40	- AllReachGoal-False

2025-12-19 14:57:28,517 - PaperAgentLogger - INFO - current rateReachGoal: 0.0
2025-12-19 14:57:28,532 - PaperAgentLogger - DEBUG - New map
2025-12-19 14:57:30,785 - PaperAgentLogger - INFO - ################## PaperArchitecture_map20x20_rho1_10Agent/K3_HS0/0 - End of loop ##################  
 ####### Case2 	 Computation time:2.2528562545776367 	 Step74/74	- AllReachGoal-False

2025-12-19 14:57:30,786 - PaperAgentLogger - INFO - current rateReachGoal: 0.0
2025-12-19 14:57:30,812 - PaperAgentLogger - DEBUG - New map
2025-12-19 14:57:32,275 - PaperAgentLogger - INFO - ################## PaperArchitecture_map20x20_rho1_10Agent/K3_HS0/0 - End of loop ##################  
 ####### Case3 	 Computation time:1.463160514831543 	 Step48/48	- AllReachGoal-False

2025-12-19 14:57:32,276 - PaperAgentLogger - INFO - current rateReachGoal: 0.0
2025-12-19 14:57:32,289 - PaperAgentLogger - DEBUG - New map
2025-12-19 14:57:34,110 - PaperAgentLogger - INFO - ################## PaperArchitecture_map20x20_rho1_10Agent/K3_HS0/0 - End of loop ##################  
 ####### Case4 	 Computation time:1.8200199604034424 	 Step60/60	- AllReachGoal-False

2025-12-19 14:57:34,111 - PaperAgentLogger - INFO - current rateReachGoal: 0.0
2025-12-19 14:57:34,123 - PaperAgentLogger - DEBUG - New map
2025-12-19 14:57:35,630 - PaperAgentLogger - INFO - ################## PaperArchitecture_map20x20_rho1_10Agent/K3_HS0/0 - End of loop ##################  
 ####### Case5 	 Computation time:1.5066461563110352 	 Step50/50	- AllReachGoal-False

2025-12-19 14:57:35,631 - PaperAgentLogger - INFO - current rateReachGoal: 0.0
2025-12-19 14:57:35,644 - PaperAgentLogger - DEBUG - New map
2025-12-19 15:06:18,942 - PaperAgentLogger - INFO - test started
2025-12-19 15:06:19,104 - PaperAgentLogger - DEBUG - New map
2025-12-19 15:12:03,864 - PaperAgentLogger - INFO - test started
2025-12-19 15:12:04,039 - PaperAgentLogger - DEBUG - New map
2025-12-19 15:12:06,368 - PaperAgentLogger - INFO - ################## PaperArchitecture_map20x20_rho1_10Agent/K3_HS0/0 - End of loop ##################  
 ####### Case0 	 Computation time:2.3285582065582275 	 Step60/60	- AllReachGoal-False

2025-12-19 15:12:06,369 - PaperAgentLogger - INFO - current rateReachGoal: 0.0
2025-12-19 15:12:06,380 - PaperAgentLogger - DEBUG - New map
2025-12-19 15:12:07,667 - PaperAgentLogger - INFO - ################## PaperArchitecture_map20x20_rho1_10Agent/K3_HS0/0 - End of loop ##################  
 ####### Case1 	 Computation time:1.2864105701446533 	 Step40/40	- AllReachGoal-False

2025-12-19 15:12:07,668 - PaperAgentLogger - INFO - current rateReachGoal: 0.0
2025-12-19 15:12:07,683 - PaperAgentLogger - DEBUG - New map
2025-12-19 15:12:10,063 - PaperAgentLogger - INFO - ################## PaperArchitecture_map20x20_rho1_10Agent/K3_HS0/0 - End of loop ##################  
 ####### Case2 	 Computation time:2.379483222961426 	 Step74/74	- AllReachGoal-False

2025-12-19 15:12:10,064 - PaperAgentLogger - INFO - current rateReachGoal: 0.0
2025-12-19 15:12:10,084 - PaperAgentLogger - DEBUG - New map
2025-12-19 15:12:11,638 - PaperAgentLogger - INFO - ################## PaperArchitecture_map20x20_rho1_10Agent/K3_HS0/0 - End of loop ##################  
 ####### Case3 	 Computation time:1.554011344909668 	 Step48/48	- AllReachGoal-False

2025-12-19 15:12:11,639 - PaperAgentLogger - INFO - current rateReachGoal: 0.0
2025-12-19 15:12:11,655 - PaperAgentLogger - DEBUG - New map
2025-12-19 15:12:13,572 - PaperAgentLogger - INFO - ################## PaperArchitecture_map20x20_rho1_10Agent/K3_HS0/0 - End of loop ##################  
 ####### Case4 	 Computation time:1.9169425964355469 	 Step60/60	- AllReachGoal-False

2025-12-19 15:12:13,573 - PaperAgentLogger - INFO - current rateReachGoal: 0.0
2025-12-19 15:12:13,585 - PaperAgentLogger - DEBUG - New map
2025-12-19 15:32:49,831 - PaperAgentLogger - INFO - test started
2025-12-19 15:40:12,444 - PaperAgentLogger - INFO - test started
2025-12-19 15:41:33,571 - PaperAgentLogger - INFO - test started
2025-12-19 15:42:46,803 - PaperAgentLogger - INFO - test started
2025-12-19 15:45:14,528 - PaperAgentLogger - INFO - test started
2025-12-19 15:46:07,537 - PaperAgentLogger - INFO - test started
2025-12-19 15:49:40,443 - PaperAgentLogger - INFO - test started
2025-12-19 15:50:38,215 - PaperAgentLogger - INFO - test started
2025-12-19 15:51:38,172 - PaperAgentLogger - INFO - test started
2025-12-19 15:53:13,830 - PaperAgentLogger - INFO - test started
2025-12-19 15:54:33,683 - PaperAgentLogger - INFO - test started
2025-12-19 15:55:53,372 - PaperAgentLogger - INFO - test started
2025-12-19 15:57:02,050 - PaperAgentLogger - INFO - test started
2025-12-19 15:57:51,493 - PaperAgentLogger - INFO - test started
2025-12-19 16:30:56,819 - PaperAgentLogger - INFO - test started
2025-12-19 16:31:46,878 - PaperAgentLogger - INFO - test started
2025-12-19 16:32:16,201 - PaperAgentLogger - INFO - test started
2025-12-19 16:33:34,910 - PaperAgentLogger - INFO - test started
2025-12-19 16:35:01,542 - PaperAgentLogger - INFO - test started
2025-12-19 16:35:24,993 - PaperAgentLogger - INFO - test started
2025-12-19 16:36:30,707 - PaperAgentLogger - INFO - test started
2025-12-19 16:37:37,323 - PaperAgentLogger - INFO - test started
2025-12-19 16:37:37,371 - PaperAgentLogger - DEBUG - New map
2025-12-19 16:37:40,260 - PaperAgentLogger - INFO - Accurracy(reachGoalnoCollision): 0.0 
  DeteriorationRate(MakeSpan): 1.04 
  DeteriorationRate(FlowTime): 2.0 
  Rate(collisionPredictedinLoop): 1.0 
  Rate(FailedReachGoalbyCollisionShielding): 1.0 
 
2025-12-19 16:37:40,267 - PaperAgentLogger - INFO - test started
2025-12-19 16:37:40,280 - PaperAgentLogger - DEBUG - New map
2025-12-19 16:37:42,393 - PaperAgentLogger - INFO - Accurracy(reachGoalnoCollision): 0.0 
  DeteriorationRate(MakeSpan): 1.04 
  DeteriorationRate(FlowTime): 1.9708 
  Rate(collisionPredictedinLoop): 1.0 
  Rate(FailedReachGoalbyCollisionShielding): 1.0 
 
2025-12-19 16:38:21,586 - PaperAgentLogger - INFO - test started
2025-12-19 16:39:00,859 - PaperAgentLogger - INFO - test started
2025-12-19 16:39:51,904 - PaperAgentLogger - INFO - test started
2025-12-19 16:44:09,659 - PaperAgentLogger - INFO - test started
2025-12-19 16:46:34,847 - PaperAgentLogger - INFO - test started
2025-12-19 16:48:13,188 - PaperAgentLogger - INFO - test started
2025-12-19 16:48:58,886 - PaperAgentLogger - INFO - test started
2025-12-19 16:48:58,937 - PaperAgentLogger - DEBUG - New map
2025-12-19 16:49:01,774 - PaperAgentLogger - INFO - Accurracy(reachGoalnoCollision): 0.0 
  DeteriorationRate(MakeSpan): 1.04 
  DeteriorationRate(FlowTime): 1.9824 
  Rate(collisionPredictedinLoop): 1.0 
  Rate(FailedReachGoalbyCollisionShielding): 1.0 
 
2025-12-19 16:49:01,781 - PaperAgentLogger - INFO - test started
2025-12-19 16:49:01,795 - PaperAgentLogger - DEBUG - New map
2025-12-19 16:49:03,914 - PaperAgentLogger - INFO - Accurracy(reachGoalnoCollision): 0.0 
  DeteriorationRate(MakeSpan): 1.04 
  DeteriorationRate(FlowTime): 1.9766 
  Rate(collisionPredictedinLoop): 1.0 
  Rate(FailedReachGoalbyCollisionShielding): 1.0 
 
2025-12-19 16:49:05,609 - PaperAgentLogger - INFO - test started
2025-12-19 16:49:05,625 - PaperAgentLogger - DEBUG - New map
2025-12-19 16:49:07,762 - PaperAgentLogger - INFO - Accurracy(reachGoalnoCollision): 0.0 
  DeteriorationRate(MakeSpan): 1.04 
  DeteriorationRate(FlowTime): 1.9882 
  Rate(collisionPredictedinLoop): 1.0 
  Rate(FailedReachGoalbyCollisionShielding): 1.0 
 
2025-12-19 16:49:07,792 - PaperAgentLogger - INFO - test started
2025-12-19 16:49:07,805 - PaperAgentLogger - DEBUG - New map
2025-12-19 16:49:09,921 - PaperAgentLogger - INFO - Accurracy(reachGoalnoCollision): 0.0 
  DeteriorationRate(MakeSpan): 1.04 
  DeteriorationRate(FlowTime): 1.9649 
  Rate(collisionPredictedinLoop): 1.0 
  Rate(FailedReachGoalbyCollisionShielding): 1.0 
 
2025-12-19 16:49:09,925 - PaperAgentLogger - INFO - test started
2025-12-19 16:49:09,939 - PaperAgentLogger - DEBUG - New map
2025-12-19 16:49:12,055 - PaperAgentLogger - INFO - Accurracy(reachGoalnoCollision): 0.0 
  DeteriorationRate(MakeSpan): 1.04 
  DeteriorationRate(FlowTime): 1.9706 
  Rate(collisionPredictedinLoop): 1.0 
  Rate(FailedReachGoalbyCollisionShielding): 1.0 
 
2025-12-19 16:49:12,059 - PaperAgentLogger - INFO - test started
2025-12-19 16:49:12,073 - PaperAgentLogger - DEBUG - New map
2025-12-19 16:49:14,428 - PaperAgentLogger - INFO - Accurracy(reachGoalnoCollision): 0.0 
  DeteriorationRate(MakeSpan): 1.0357 
  DeteriorationRate(FlowTime): 1.9531 
  Rate(collisionPredictedinLoop): 1.0 
  Rate(FailedReachGoalbyCollisionShielding): 1.0 
 
2025-12-19 16:49:14,432 - PaperAgentLogger - INFO - test started
2025-12-19 16:49:14,445 - PaperAgentLogger - DEBUG - New map
2025-12-19 16:49:16,548 - PaperAgentLogger - INFO - Accurracy(reachGoalnoCollision): 0.0 
  DeteriorationRate(MakeSpan): 1.04 
  DeteriorationRate(FlowTime): 2.0238 
  Rate(collisionPredictedinLoop): 1.0 
  Rate(FailedReachGoalbyCollisionShielding): 1.0 
 
2025-12-19 16:49:16,557 - PaperAgentLogger - INFO - test started
2025-12-19 16:49:16,570 - PaperAgentLogger - DEBUG - New map
2025-12-19 16:49:18,532 - PaperAgentLogger - INFO - Accurracy(reachGoalnoCollision): 0.0 
  DeteriorationRate(MakeSpan): 1.0435 
  DeteriorationRate(FlowTime): 2.0993 
  Rate(collisionPredictedinLoop): 1.0 
  Rate(FailedReachGoalbyCollisionShielding): 1.0 
 
2025-12-19 16:49:18,536 - PaperAgentLogger - INFO - test started
2025-12-19 16:49:18,552 - PaperAgentLogger - DEBUG - New map
2025-12-19 16:49:20,958 - PaperAgentLogger - INFO - Accurracy(reachGoalnoCollision): 0.0 
  DeteriorationRate(MakeSpan): 1.0357 
  DeteriorationRate(FlowTime): 2.5031 
  Rate(collisionPredictedinLoop): 1.0 
  Rate(FailedReachGoalbyCollisionShielding): 1.0 
 
2025-12-19 16:49:20,963 - PaperAgentLogger - INFO - test started
2025-12-19 16:49:20,974 - PaperAgentLogger - DEBUG - New map
2025-12-19 16:49:22,765 - PaperAgentLogger - INFO - Accurracy(reachGoalnoCollision): 0.0 
  DeteriorationRate(MakeSpan): 1.0476 
  DeteriorationRate(FlowTime): 1.7727 
  Rate(collisionPredictedinLoop): 1.0 
  Rate(FailedReachGoalbyCollisionShielding): 1.0 
 
2025-12-19 16:49:22,774 - PaperAgentLogger - INFO - test started
2025-12-19 16:49:22,789 - PaperAgentLogger - DEBUG - New map
2025-12-19 16:49:25,231 - PaperAgentLogger - INFO - Accurracy(reachGoalnoCollision): 0.0 
  DeteriorationRate(MakeSpan): 1.0345 
  DeteriorationRate(FlowTime): 2.4046 
  Rate(collisionPredictedinLoop): 1.0 
  Rate(FailedReachGoalbyCollisionShielding): 1.0 
 
2025-12-19 16:49:25,241 - PaperAgentLogger - INFO - test started
2025-12-19 16:49:25,253 - PaperAgentLogger - DEBUG - New map
2025-12-19 16:49:27,200 - PaperAgentLogger - INFO - Accurracy(reachGoalnoCollision): 0.0 
  DeteriorationRate(MakeSpan): 1.0435 
  DeteriorationRate(FlowTime): 2.0724 
  Rate(collisionPredictedinLoop): 1.0 
  Rate(FailedReachGoalbyCollisionShielding): 1.0 
 
2025-12-19 16:49:27,209 - PaperAgentLogger - INFO - test started
2025-12-19 16:49:27,222 - PaperAgentLogger - DEBUG - New map
2025-12-19 16:49:29,334 - PaperAgentLogger - INFO - Accurracy(reachGoalnoCollision): 0.0 
  DeteriorationRate(MakeSpan): 1.04 
  DeteriorationRate(FlowTime): 2.0059 
  Rate(collisionPredictedinLoop): 1.0 
  Rate(FailedReachGoalbyCollisionShielding): 1.0 
 
2025-12-19 16:49:29,343 - PaperAgentLogger - INFO - test started
2025-12-19 16:49:29,358 - PaperAgentLogger - DEBUG - New map
2025-12-19 16:49:31,867 - PaperAgentLogger - INFO - Accurracy(reachGoalnoCollision): 0.0 
  DeteriorationRate(MakeSpan): 1.0333 
  DeteriorationRate(FlowTime): 2.3833 
  Rate(collisionPredictedinLoop): 1.0 
  Rate(FailedReachGoalbyCollisionShielding): 1.0 
 
2025-12-19 16:49:31,876 - PaperAgentLogger - INFO - test started
2025-12-19 16:49:31,890 - PaperAgentLogger - DEBUG - New map
2025-12-19 16:49:34,174 - PaperAgentLogger - INFO - Accurracy(reachGoalnoCollision): 0.0 
  DeteriorationRate(MakeSpan): 1.037 
  DeteriorationRate(FlowTime): 2.2695 
  Rate(collisionPredictedinLoop): 1.0 
  Rate(FailedReachGoalbyCollisionShielding): 1.0 
 
2025-12-19 16:49:34,183 - PaperAgentLogger - INFO - test started
2025-12-19 16:49:34,195 - PaperAgentLogger - DEBUG - New map
2025-12-19 16:49:36,060 - PaperAgentLogger - INFO - Accurracy(reachGoalnoCollision): 0.0 
  DeteriorationRate(MakeSpan): 1.0455 
  DeteriorationRate(FlowTime): 1.8354 
  Rate(collisionPredictedinLoop): 1.0 
  Rate(FailedReachGoalbyCollisionShielding): 1.0 
 
2025-12-19 16:49:36,069 - PaperAgentLogger - INFO - test started
2025-12-19 16:49:36,082 - PaperAgentLogger - DEBUG - New map
2025-12-19 16:54:00,110 - PaperAgentLogger - INFO - test started
2025-12-19 16:54:00,152 - PaperAgentLogger - DEBUG - New map
2025-12-19 16:54:02,789 - PaperAgentLogger - INFO - Accurracy(reachGoalnoCollision): 0.0 
  DeteriorationRate(MakeSpan): 1.04 
  DeteriorationRate(FlowTime): 1.9824 
  Rate(collisionPredictedinLoop): 1.0 
  Rate(FailedReachGoalbyCollisionShielding): 1.0 
 
2025-12-19 16:54:02,802 - PaperAgentLogger - INFO - test started
2025-12-19 16:54:02,815 - PaperAgentLogger - DEBUG - New map
2025-12-19 16:54:04,909 - PaperAgentLogger - INFO - Accurracy(reachGoalnoCollision): 0.0 
  DeteriorationRate(MakeSpan): 1.04 
  DeteriorationRate(FlowTime): 1.9766 
  Rate(collisionPredictedinLoop): 1.0 
  Rate(FailedReachGoalbyCollisionShielding): 1.0 
 
2025-12-19 16:54:06,313 - PaperAgentLogger - INFO - test started
2025-12-19 16:54:06,329 - PaperAgentLogger - DEBUG - New map
2025-12-19 16:54:08,445 - PaperAgentLogger - INFO - Accurracy(reachGoalnoCollision): 0.0 
  DeteriorationRate(MakeSpan): 1.04 
  DeteriorationRate(FlowTime): 1.9882 
  Rate(collisionPredictedinLoop): 1.0 
  Rate(FailedReachGoalbyCollisionShielding): 1.0 
 
2025-12-19 16:54:08,450 - PaperAgentLogger - INFO - test started
2025-12-19 16:54:08,463 - PaperAgentLogger - DEBUG - New map
2025-12-19 16:54:10,567 - PaperAgentLogger - INFO - Accurracy(reachGoalnoCollision): 0.0 
  DeteriorationRate(MakeSpan): 1.04 
  DeteriorationRate(FlowTime): 1.9766 
  Rate(collisionPredictedinLoop): 1.0 
  Rate(FailedReachGoalbyCollisionShielding): 1.0 
 
2025-12-19 16:54:10,582 - PaperAgentLogger - INFO - test started
2025-12-19 16:54:10,596 - PaperAgentLogger - DEBUG - New map
2025-12-19 16:54:12,712 - PaperAgentLogger - INFO - Accurracy(reachGoalnoCollision): 0.0 
  DeteriorationRate(MakeSpan): 1.04 
  DeteriorationRate(FlowTime): 1.9706 
  Rate(collisionPredictedinLoop): 1.0 
  Rate(FailedReachGoalbyCollisionShielding): 1.0 
 
2025-12-19 16:54:12,717 - PaperAgentLogger - INFO - test started
2025-12-19 16:54:12,731 - PaperAgentLogger - DEBUG - New map
2025-12-19 16:54:15,094 - PaperAgentLogger - INFO - Accurracy(reachGoalnoCollision): 0.0 
  DeteriorationRate(MakeSpan): 1.0357 
  DeteriorationRate(FlowTime): 1.9635 
  Rate(collisionPredictedinLoop): 1.0 
  Rate(FailedReachGoalbyCollisionShielding): 1.0 
 
2025-12-19 16:54:15,099 - PaperAgentLogger - INFO - test started
2025-12-19 16:54:15,113 - PaperAgentLogger - DEBUG - New map
2025-12-19 16:54:17,227 - PaperAgentLogger - INFO - Accurracy(reachGoalnoCollision): 0.0 
  DeteriorationRate(MakeSpan): 1.04 
  DeteriorationRate(FlowTime): 2.0238 
  Rate(collisionPredictedinLoop): 1.0 
  Rate(FailedReachGoalbyCollisionShielding): 1.0 
 
2025-12-19 16:54:17,231 - PaperAgentLogger - INFO - test started
2025-12-19 16:54:17,244 - PaperAgentLogger - DEBUG - New map
2025-12-19 16:54:19,193 - PaperAgentLogger - INFO - Accurracy(reachGoalnoCollision): 0.0 
  DeteriorationRate(MakeSpan): 1.0435 
  DeteriorationRate(FlowTime): 2.0728 
  Rate(collisionPredictedinLoop): 1.0 
  Rate(FailedReachGoalbyCollisionShielding): 1.0 
 
2025-12-19 16:54:19,202 - PaperAgentLogger - INFO - test started
2025-12-19 16:54:19,216 - PaperAgentLogger - DEBUG - New map
2025-12-19 16:54:21,576 - PaperAgentLogger - INFO - Accurracy(reachGoalnoCollision): 0.0 
  DeteriorationRate(MakeSpan): 1.0357 
  DeteriorationRate(FlowTime): 2.5342 
  Rate(collisionPredictedinLoop): 1.0 
  Rate(FailedReachGoalbyCollisionShielding): 1.0 
 
2025-12-19 16:54:21,580 - PaperAgentLogger - INFO - test started
2025-12-19 16:54:21,592 - PaperAgentLogger - DEBUG - New map
2025-12-19 16:54:23,380 - PaperAgentLogger - INFO - Accurracy(reachGoalnoCollision): 0.0 
  DeteriorationRate(MakeSpan): 1.0476 
  DeteriorationRate(FlowTime): 1.7792 
  Rate(collisionPredictedinLoop): 1.0 
  Rate(FailedReachGoalbyCollisionShielding): 1.0 
 
2025-12-19 16:54:23,389 - PaperAgentLogger - INFO - test started
2025-12-19 16:54:23,403 - PaperAgentLogger - DEBUG - New map
2025-12-19 16:54:25,834 - PaperAgentLogger - INFO - Accurracy(reachGoalnoCollision): 0.0 
  DeteriorationRate(MakeSpan): 1.0345 
  DeteriorationRate(FlowTime): 2.3757 
  Rate(collisionPredictedinLoop): 1.0 
  Rate(FailedReachGoalbyCollisionShielding): 1.0 
 
2025-12-19 16:54:25,843 - PaperAgentLogger - INFO - test started
2025-12-19 16:54:25,855 - PaperAgentLogger - DEBUG - New map
2025-12-19 16:54:27,805 - PaperAgentLogger - INFO - Accurracy(reachGoalnoCollision): 0.0 
  DeteriorationRate(MakeSpan): 1.0435 
  DeteriorationRate(FlowTime): 2.0855 
  Rate(collisionPredictedinLoop): 1.0 
  Rate(FailedReachGoalbyCollisionShielding): 1.0 
 
2025-12-19 16:54:27,815 - PaperAgentLogger - INFO - test started
2025-12-19 16:54:27,827 - PaperAgentLogger - DEBUG - New map
2025-12-19 16:54:29,940 - PaperAgentLogger - INFO - Accurracy(reachGoalnoCollision): 0.0 
  DeteriorationRate(MakeSpan): 1.04 
  DeteriorationRate(FlowTime): 1.9763 
  Rate(collisionPredictedinLoop): 1.0 
  Rate(FailedReachGoalbyCollisionShielding): 1.0 
 
2025-12-19 16:54:29,949 - PaperAgentLogger - INFO - test started
2025-12-19 16:54:29,965 - PaperAgentLogger - DEBUG - New map
2025-12-19 16:54:32,476 - PaperAgentLogger - INFO - Accurracy(reachGoalnoCollision): 0.0 
  DeteriorationRate(MakeSpan): 1.0333 
  DeteriorationRate(FlowTime): 2.3722 
  Rate(collisionPredictedinLoop): 1.0 
  Rate(FailedReachGoalbyCollisionShielding): 1.0 
 
2025-12-19 16:54:32,486 - PaperAgentLogger - INFO - test started
2025-12-19 16:54:32,500 - PaperAgentLogger - DEBUG - New map
2025-12-19 16:54:34,779 - PaperAgentLogger - INFO - Accurracy(reachGoalnoCollision): 0.0 
  DeteriorationRate(MakeSpan): 1.037 
  DeteriorationRate(FlowTime): 2.2874 
  Rate(collisionPredictedinLoop): 1.0 
  Rate(FailedReachGoalbyCollisionShielding): 1.0 
 
2025-12-19 16:54:34,788 - PaperAgentLogger - INFO - test started
2025-12-19 16:54:34,799 - PaperAgentLogger - DEBUG - New map
2025-12-19 16:54:36,671 - PaperAgentLogger - INFO - Accurracy(reachGoalnoCollision): 0.0 
  DeteriorationRate(MakeSpan): 1.0455 
  DeteriorationRate(FlowTime): 1.8418 
  Rate(collisionPredictedinLoop): 1.0 
  Rate(FailedReachGoalbyCollisionShielding): 1.0 
 
2025-12-19 16:54:36,680 - PaperAgentLogger - INFO - test started
2025-12-19 16:54:36,692 - PaperAgentLogger - DEBUG - New map
2025-12-19 16:58:52,125 - PaperAgentLogger - DEBUG - New map
2025-12-19 16:58:54,717 - PaperAgentLogger - DEBUG - New map
2025-12-19 16:58:58,094 - PaperAgentLogger - DEBUG - New map
2025-12-19 16:59:00,195 - PaperAgentLogger - DEBUG - New map
2025-12-19 16:59:02,315 - PaperAgentLogger - DEBUG - New map
2025-12-19 16:59:04,421 - PaperAgentLogger - DEBUG - New map
2025-12-19 16:59:06,767 - PaperAgentLogger - DEBUG - New map
2025-12-19 16:59:54,113 - PaperAgentLogger - DEBUG - New map
2025-12-19 16:59:56,763 - PaperAgentLogger - DEBUG - New map
